'D:\Repositories\riowh\dist-newstyle\build\x86_64-windows\ghc-9.2.5\ray-tracer-0.1.0.0\x\rayTracer\build\rayTracer\rayTracer' +RTS '-N' '-Sfile' '-hc' '-p' '-i0.05' 
    Alloc    Copied     Live     GC     GC      TOT      TOT  Page Flts
    bytes     bytes     bytes   user   elap     user     elap
  4218176    147400    180144  0.000  0.000    0.000    0.006    0    0  (Gen:  0)
  5411952    487088   1806096  0.000  0.001    0.000    0.011    0    0  (Gen:  1)
  5094424   2399872   4251112  0.000  0.002    0.000    0.013    0    0  (Gen:  0)
  5116712   4524104   6662336  0.047  0.005    0.047    0.019    0    0  (Gen:  1)
  5301744   2266224   9042704  0.000  0.002    0.047    0.022    0    0  (Gen:  0)
  5014184   2265888  11455376  0.000  0.002    0.047    0.024    0    0  (Gen:  0)
  5355288   1861104  12733824  0.000  0.003    0.047    0.029    0    0  (Gen:  0)
  4923176  11370696  13148472  0.000  0.009    0.094    0.038    0    0  (Gen:  1)
  4895184   2266136  15561160  0.000  0.001    0.094    0.040    0    0  (Gen:  0)
  5023280   2266552  17941816  0.000  0.001    0.094    0.042    0    0  (Gen:  0)
  4837328   2266416  20354928  0.000  0.001    0.094    0.044    0    0  (Gen:  0)
  5500320   1862288  21601584  0.000  0.001    0.125    0.046    0    0  (Gen:  0)
  5138904   2645160  24389448  0.000  0.002    0.125    0.048    0    0  (Gen:  0)
  5002520   2573632  27109464  0.000  0.003    0.125    0.052    0    0  (Gen:  0)
  5568200  24274672  26838872  0.031  0.011    0.156    0.064    0    0  (Gen:  1)
  5678656   2266576  29251512  0.000  0.002    0.156    0.066    0    0  (Gen:  0)
  5962560   1862016  30530328  0.000  0.001    0.156    0.069    0    0  (Gen:  0)
  5053008   2631600  33271712  0.000  0.002    0.156    0.071    0    0  (Gen:  0)
  5049768   2574784  35992784  0.000  0.002    0.156    0.074    0    0  (Gen:  0)
  5180984   2574440  38680592  0.016  0.002    0.172    0.077    0    0  (Gen:  0)
  5020840   2574896  41402016  0.000  0.002    0.172    0.079    0    0  (Gen:  0)
  5402960   2126592  42945176  0.000  0.002    0.172    0.081    0    0  (Gen:  0)
  5047688   2655480  45710304  0.000  0.001    0.172    0.084    0    0  (Gen:  0)
  5084576   2575344  48431928  0.000  0.002    0.172    0.087    0    0  (Gen:  0)
  5040736   2575088  51120312  0.000  0.002    0.172    0.089    0    0  (Gen:  0)
  5409984   2575080  53841672  0.016  0.002    0.188    0.092    0    0  (Gen:  0)
  6067496  44819040  46334656  0.016  0.014    0.203    0.108    0    0  (Gen:  1)
  5262024   2304384  48748192  0.000  0.002    0.203    0.111    0    0  (Gen:  0)
  5176000   2268256  51161288  0.000  0.002    0.203    0.113    0    0  (Gen:  0)
  5109336   2267288  53541672  0.000  0.001    0.203    0.115    0    0  (Gen:  0)
  5279952   2268848  55956552  0.000  0.001    0.203    0.118    0    0  (Gen:  0)
  5885456   1854792  57203152  0.000  0.001    0.203    0.120    0    0  (Gen:  0)
  9245280   2364992  59957744  0.000  0.002    0.234    0.127    0    0  (Gen:  0)
 12650288   2576656  62679920  0.000  0.002    0.234    0.139    0    0  (Gen:  0)
  5207976   2575928  65368952  0.000  0.002    0.250    0.142    0    0  (Gen:  0)
  4996840   2575680  68090296  0.000  0.003    0.250    0.146    0    0  (Gen:  0)
 11298744   2120008  69602592  0.000  0.002    0.297    0.159    0    0  (Gen:  0)
  9081104   2364240  72323208  0.000  0.001    0.297    0.167    0    0  (Gen:  0)
 14392112   2579200  75048880  0.000  0.003    0.406    0.182    0    0  (Gen:  0)
  9154776   2575744  77737120  0.000  0.003    0.422    0.192    0    0  (Gen:  0)
 12284416   2576544  80459504  0.000  0.002    0.469    0.206    0    0  (Gen:  0)
  9280512   1796784  81647992  0.000  0.001    0.469    0.214    0    0  (Gen:  0)
 24779352      5168  81649800  0.000  0.000    0.672    0.245    0    0  (Gen:  0)
 26950264      3320  81650544  0.000  0.000    1.000    0.280    0    0  (Gen:  0)
 24054344      3568  81651288  0.000  0.000    1.188    0.310    0    0  (Gen:  0)
 28865568      3960  81652160  0.000  0.000    1.422    0.349    0    0  (Gen:  0)
 29466104      3832  81652576  0.000  0.000    1.656    0.388    0    0  (Gen:  0)
 26109488      3880  81653168  0.000  0.000    2.000    0.423    0    0  (Gen:  0)
 27839224      3552  81653368  0.000  0.000    2.219    0.461    0    0  (Gen:  0)
 27085840      4296  81654656  0.000  0.000    2.438    0.496    0    0  (Gen:  0)
 29128848      3592  81654368  0.000  0.000    2.750    0.535    0    0  (Gen:  0)
 27866120      3288  81654576  0.000  0.000    2.969    0.572    0    0  (Gen:  0)
 29327472      3696  81655496  0.000  0.000    3.281    0.611    0    0  (Gen:  0)
 26653128      3896  81656080  0.000  0.000    3.453    0.646    0    0  (Gen:  0)
 28456472      3024  81655720  0.000  0.000    3.688    0.683    0    0  (Gen:  0)
 28776368      4096  81657272  0.000  0.000    4.000    0.722    0    0  (Gen:  0)
 31427864      3360  81656920  0.000  0.000    4.219    0.763    0    0  (Gen:  0)
 28445600      4064  81658136  0.000  0.000    4.562    0.802    0    0  (Gen:  0)
 24436280      4192  81658680  0.000  0.000    4.766    0.834    0    0  (Gen:  0)
 29195240      3784  81658688  0.000  0.000    5.016    0.873    0    0  (Gen:  0)
 27444296      3688  81659040  0.000  0.000    5.359    0.909    0    0  (Gen:  0)
 27370672      3720  81659488  0.000  0.000    5.578    0.947    0    0  (Gen:  0)
 28055800      3752  81660000  0.000  0.000    5.859    0.986    0    0  (Gen:  0)
 25373048      4464  81661192  0.000  0.000    6.047    1.020    0    0  (Gen:  0)
 27529152      3608  81660784  0.000  0.000    6.297    1.057    0    0  (Gen:  0)
 28548208      4272  81661976  0.000  0.000    6.625    1.095    0    0  (Gen:  0)
 27561640      3752  81661936  0.000  0.000    6.828    1.133    0    0  (Gen:  0)
 24861808      3656  81662320  0.000  0.000    7.031    1.167    0    0  (Gen:  0)
 25745560      3384  81662544  0.000  0.000    7.234    1.201    0    0  (Gen:  0)
 23256232      4008  81663656  0.000  0.000    7.453    1.231    0    0  (Gen:  0)
 22209032  71087888  72636264  0.094  0.039    7.750    1.298    0    0  (Gen:  1)
 29916248      4248  72637816  0.000  0.000    7.984    1.338    0    0  (Gen:  0)
 25809152      3440  72637648  0.000  0.000    8.203    1.372    0    0  (Gen:  0)
 27625848      3144  72637768  0.000  0.000    8.547    1.408    0    0  (Gen:  0)
 28983320      3632  72638672  0.000  0.000    8.781    1.446    0    0  (Gen:  0)
 27340280      4272  72639808  0.000  0.000    9.094    1.483    0    0  (Gen:  0)
 28239792      3640  72639656  0.000  0.000    9.328    1.520    0    0  (Gen:  0)
 22173928      3856  72640320  0.000  0.000    9.516    1.579    0    0  (Gen:  0)
 27530536      4752  72641600  0.000  0.000    9.734    1.614    0    0  (Gen:  0)
 28365296      4688  72642016  0.000  0.000    9.969    1.651    0    0  (Gen:  0)
 25495328      5968  72643680  0.000  0.000   10.188    1.685    0    0  (Gen:  0)
 25945328      4280  72642408  0.000  0.000   10.516    1.718    0    0  (Gen:  0)
 26401752      4256  72642832  0.000  0.000   10.734    1.752    0    0  (Gen:  0)
 25915832      4352  72643472  0.000  0.000   10.953    1.785    0    0  (Gen:  0)
 26837456      4432  72644016  0.000  0.000   11.172    1.820    0    0  (Gen:  0)
 27519608      4568  72644664  0.000  0.000   11.375    1.857    0    0  (Gen:  0)
 28477296      4656  72645248  0.000  0.000   11.734    1.891    0    0  (Gen:  0)
 30043120      4464  72645472  0.000  0.000   11.969    1.929    0    0  (Gen:  0)
 24619080      5664  72647184  0.000  0.000   12.141    1.959    0    0  (Gen:  0)
 25066016      4640  72646608  0.000  0.000   12.359    1.991    0    0  (Gen:  0)
 27361008      6504  72648856  0.000  0.000   12.578    2.024    0    0  (Gen:  0)
 28512288      5816  72648648  0.000  0.000   12.828    2.058    0    0  (Gen:  0)
 27949840      4744  72648120  0.000  0.000   13.062    2.091    0    0  (Gen:  0)
 27655592      5464  72649352  0.000  0.000   13.422    2.124    0    0  (Gen:  0)
 27096640      4824  72649288  0.000  0.000   13.672    2.157    0    0  (Gen:  0)
 26690920      4264  72649240  0.000  0.000   13.922    2.190    0    0  (Gen:  0)
 28591768      5424  72650912  0.000  0.000   14.172    2.226    0    0  (Gen:  0)
 30547416      5280  72651280  0.000  0.000   14.422    2.263    0    0  (Gen:  0)
 30674976      5288  72651736  0.000  0.000   14.750    2.302    0    0  (Gen:  0)
 31142840      4904  72651768  0.000  0.000   14.984    2.340    0    0  (Gen:  0)
 26682616      4720  72652064  0.000  0.000   15.250    2.399    0    0  (Gen:  0)
 20418168      5392  72653152  0.000  0.000   15.469    2.423    0    0  (Gen:  0)
 26836416      5176  72653352  0.000  0.000   15.688    2.456    0    0  (Gen:  0)
 30038096      5184  72653808  0.000  0.000   15.922    2.493    0    0  (Gen:  0)
 30345552      5008  72654144  0.000  0.000   16.297    2.530    0    0  (Gen:  0)
 27900256      6160  72655712  0.000  0.000   16.547    2.563    0    0  (Gen:  0)
 29937208  71037744  72586120  0.125  0.033   16.891    2.632    0    0  (Gen:  1)
 28504712      6232  72587376  0.000  0.000   17.125    2.666    0    0  (Gen:  0)
 29534880      4528  72586088  0.000  0.000   17.328    2.701    0    0  (Gen:  0)
 30535328      4472  72586512  0.000  0.000   17.688    2.737    0    0  (Gen:  0)
 28951696      5616  72588264  0.000  0.000   17.922    2.772    0    0  (Gen:  0)
 29243608      5504  72588664  0.000  0.000   18.172    2.806    0    0  (Gen:  0)
 30358088      5560  72589264  0.000  0.000   18.531    2.842    0    0  (Gen:  0)
 29515312      4344  72588592  0.000  0.000   18.766    2.877    0    0  (Gen:  0)
 30258832      5680  72590568  0.000  0.000   19.016    2.912    0    0  (Gen:  0)
 27059520      6728  72592224  0.000  0.000   19.219    2.945    0    0  (Gen:  0)
 28911488      5752  72591760  0.000  0.000   19.453    2.978    0    0  (Gen:  0)
 28229112      5088  72591704  0.000  0.000   19.688    3.010    0    0  (Gen:  0)
 27843608      4776  72591936  0.000  0.000   19.906    3.042    0    0  (Gen:  0)
 30124600      5784  72593584  0.000  0.000   20.281    3.077    0    0  (Gen:  0)
 28871688      5480  72594048  0.000  0.000   20.516    3.110    0    0  (Gen:  0)
 29184480      6040  72595376  0.000  0.000   20.750    3.143    0    0  (Gen:  0)
 29805680      5976  72596016  0.000  0.000   21.000    3.177    0    0  (Gen:  0)
 29750856      4752  72595496  0.000  0.000   21.250    3.212    0    0  (Gen:  0)
 29371008      5352  72596672  0.000  0.000   21.500    3.247    0    0  (Gen:  0)
 31206672      5088  72597016  0.000  0.000   21.875    3.284    0    0  (Gen:  0)
 28519888      4424  72596864  0.000  0.000   22.125    3.318    0    0  (Gen:  0)
 29726720      5360  72598344  0.000  0.000   22.375    3.352    0    0  (Gen:  0)
 31222200      5464  72598992  0.000  0.000   22.609    3.389    0    0  (Gen:  0)
 29458112      4912  72598984  0.000  0.000   22.969    3.424    0    0  (Gen:  0)
 30719008      5832  72600448  0.000  0.000   23.203    3.461    0    0  (Gen:  0)
 30886888      5184  72600360  0.000  0.000   23.547    3.498    0    0  (Gen:  0)
 28997128      5600  72601288  0.000  0.000   23.781    3.532    0    0  (Gen:  0)
 28611320      4960  72601096  0.000  0.000   24.000    3.566    0    0  (Gen:  0)
 25838776      4928  72601608  0.000  0.000   24.219    3.596    0    0  (Gen:  0)
 28511664      4984  72602112  0.000  0.000   24.422    3.630    0    0  (Gen:  0)
 28032416      5696  72603208  0.000  0.000   24.656    3.663    0    0  (Gen:  0)
 25463064      6424  72604352  0.000  0.000   24.891    3.692    0    0  (Gen:  0)
 25339392  70980984  72529360  0.062  0.034   25.172    3.755    0    0  (Gen:  1)
 31206248      5792  72530336  0.000  0.000   25.406    3.792    0    0  (Gen:  0)
 25214240      5488  72531032  0.000  0.000   25.625    3.822    0    0  (Gen:  0)
 29977408      5040  72531000  0.000  0.000   25.844    3.856    0    0  (Gen:  0)
 30214320      6824  72533264  0.000  0.000   26.188    3.891    0    0  (Gen:  0)
 29246048      6896  72533880  0.000  0.000   26.391    3.926    0    0  (Gen:  0)
 29564664      5960  72533328  0.000  0.000   26.641    3.960    0    0  (Gen:  0)
 27547152      5720  72533472  0.000  0.000   26.859    3.992    0    0  (Gen:  0)
 29025336      7032  72535168  0.000  0.000   27.109    4.026    0    0  (Gen:  0)
 28865192      7808  72536424  0.000  0.000   27.328    4.060    0    0  (Gen:  0)
 26638936      5472  72534568  0.000  0.000   27.547    4.092    0    0  (Gen:  0)
 29932152      4544  72534056  0.000  0.000   27.812    4.128    0    0  (Gen:  0)
 29759128      4736  72534696  0.000  0.000   28.062    4.163    0    0  (Gen:  0)
 29538872      4632  72535168  0.000  0.000   28.297    4.197    0    0  (Gen:  0)
 30262600      5272  72536256  0.000  0.000   28.656    4.234    0    0  (Gen:  0)
 30540608      5024  72536584  0.000  0.000   28.906    4.271    0    0  (Gen:  0)
 30517280      5160  72537232  0.000  0.000   29.156    4.307    0    0  (Gen:  0)
 27784552      6128  72538712  0.000  0.000   29.328    4.339    0    0  (Gen:  0)
 28014552      5560  72538624  0.000  0.000   29.531    4.372    0    0  (Gen:  0)
 30174352      5096  72538672  0.000  0.000   29.891    4.407    0    0  (Gen:  0)
 30275584      5816  72539936  0.000  0.000   30.125    4.444    0    0  (Gen:  0)
 28693336      5344  72540008  0.000  0.000   30.344    4.479    0    0  (Gen:  0)
 23577920      5528  72540768  0.000  0.000   30.469    4.531    0    0  (Gen:  0)
 25303600      7016  72542624  0.000  0.000   30.578    4.561    0    0  (Gen:  0)
 28481984      5512  72541568  0.000  0.000   30.812    4.596    0    0  (Gen:  0)
 29979920      6288  72542936  0.000  0.000   31.047    4.632    0    0  (Gen:  0)
 29852640      7152  72544248  0.000  0.000   31.297    4.668    0    0  (Gen:  0)
 31224704      4928  72542536  0.000  0.000   31.672    4.705    0    0  (Gen:  0)
 31121312      4584  72542800  0.000  0.000   31.906    4.741    0    0  (Gen:  0)
 28851088      6120  72544880  0.000  0.000   32.141    4.775    0    0  (Gen:  0)
 31294824      6112  72545288  0.000  0.000   32.516    4.814    0    0  (Gen:  0)
 28147816      6712  72546400  0.000  0.000   32.750    4.847    0    0  (Gen:  0)
 31778952      6672  72546776  0.000  0.000   33.000    4.884    0    0  (Gen:  0)
 30960736  70928928  72477304  0.016  0.029   33.375    4.951    0    0  (Gen:  1)
 29967912      6016  72478568  0.000  0.000   33.734    4.986    0    0  (Gen:  0)
 29813304      4880  72477912  0.000  0.000   33.984    5.022    0    0  (Gen:  0)
 29237192      8064  72481608  0.000  0.000   34.219    5.057    0    0  (Gen:  0)
 29897400      5840  72479928  0.000  0.000   34.578    5.092    0    0  (Gen:  0)
 30446928      6832  72481384  0.000  0.000   34.812    5.129    0    0  (Gen:  0)
 28393120      5312  72480376  0.000  0.000   35.047    5.163    0    0  (Gen:  0)
 29443848      5496  72481072  0.000  0.000   35.281    5.198    0    0  (Gen:  0)
 30438528      5288  72481344  0.000  0.000   35.641    5.235    0    0  (Gen:  0)
 30785496      4784  72481352  0.000  0.000   35.875    5.273    0    0  (Gen:  0)
 30051808      5448  72482608  0.000  0.000   36.125    5.309    0    0  (Gen:  0)
 30901160      5480  72483152  0.000  0.000   36.484    5.347    0    0  (Gen:  0)
 30853864      5392  72483608  0.000  0.000   36.719    5.384    0    0  (Gen:  0)
 29845448      5152  72483816  0.000  0.000   37.094    5.421    0    0  (Gen:  0)
 30269200      5008  72484152  0.000  0.000   37.312    5.457    0    0  (Gen:  0)
 30374144      5656  72485216  0.000  0.000   37.500    5.494    0    0  (Gen:  0)
 30538120      5560  72485680  0.000  0.000   37.875    5.531    0    0  (Gen:  0)
 30684992      5776  72486376  0.000  0.000   38.125    5.568    0    0  (Gen:  0)
 30819272      4688  72485704  0.000  0.000   38.344    5.605    0    0  (Gen:  0)
 28994624      6048  72487640  0.000  0.000   38.688    5.640    0    0  (Gen:  0)
 30384432      5616  72487688  0.000  0.000   38.938    5.677    0    0  (Gen:  0)
 30821320      5192  72487712  0.000  0.000   39.188    5.715    0    0  (Gen:  0)
 30363672      5328  72488296  0.000  0.000   39.531    5.752    0    0  (Gen:  0)
 29202056      4792  72488208  0.000  0.000   39.781    5.787    0    0  (Gen:  0)
 27276864      4632  72488528  0.000  0.000   40.016    5.820    0    0  (Gen:  0)
 30183208      5624  72490064  0.000  0.000   40.250    5.856    0    0  (Gen:  0)
 30182672      5632  72490552  0.000  0.000   40.594    5.893    0    0  (Gen:  0)
 30762648      5032  72490496  0.000  0.000   40.844    5.931    0    0  (Gen:  0)
 29745168      6256  72492232  0.000  0.000   41.172    5.968    0    0  (Gen:  0)
 26139696      5440  72491896  0.000  0.000   41.391    6.001    0    0  (Gen:  0)
 29525848      6504  72493376  0.000  0.000   41.609    6.037    0    0  (Gen:  0)
 29766080  70881272  72429648  0.125  0.031   41.984    6.105    0    0  (Gen:  1)
 29918416      5568  72429344  0.000  0.000   42.328    6.142    0    0  (Gen:  0)
 29803392      4736  72428992  0.000  0.000   42.578    6.178    0    0  (Gen:  0)
 30716192      4696  72429528  0.000  0.000   42.812    6.216    0    0  (Gen:  0)
 30472824      4224  72429536  0.000  0.000   43.156    6.254    0    0  (Gen:  0)
 30491704      4912  72430832  0.000  0.000   43.406    6.291    0    0  (Gen:  0)
 29259696      4320  72430752  0.000  0.000   43.625    6.326    0    0  (Gen:  0)
 29466280      4592  72431600  0.000  0.000   43.922    6.363    0    0  (Gen:  0)
 21758120      4208  72431824  0.000  0.000   44.031    6.388    0    0  (Gen:  0)
 29004728      4360  72432424  0.000  0.000   44.375    6.424    0    0  (Gen:  0)
 30824568      5408  72434080  0.000  0.000   44.625    6.461    0    0  (Gen:  0)
 29978952      5640  72434888  0.000  0.000   44.859    6.498    0    0  (Gen:  0)
 30481992      5544  72435432  0.000  0.000   45.234    6.535    0    0  (Gen:  0)
 30888488      4576  72435104  0.000  0.000   45.484    6.572    0    0  (Gen:  0)
 30026120      6512  72437616  0.000  0.000   45.828    6.608    0    0  (Gen:  0)
 30405424      4960  72436672  0.000  0.000   46.062    6.645    0    0  (Gen:  0)
 30526712      4680  72437096  0.000  0.000   46.297    6.682    0    0  (Gen:  0)
 30342256      5784  72438808  0.000  0.000   46.656    6.719    0    0  (Gen:  0)
 30613984      4720  72438224  0.000  0.000   46.906    6.757    0    0  (Gen:  0)
 30363280      5512  72439592  0.000  0.000   47.156    6.794    0    0  (Gen:  0)
 29098312      6056  72440744  0.000  0.000   47.500    6.829    0    0  (Gen:  0)
 30501416      4904  72440264  0.000  0.000   47.750    6.866    0    0  (Gen:  0)
 30000152      5712  72441712  0.000  0.000   48.000    6.903    0    0  (Gen:  0)
 29264256      4248  72440824  0.000  0.000   48.359    6.938    0    0  (Gen:  0)
 31195928      4424  72441608  0.000  0.000   48.594    6.976    0    0  (Gen:  0)
 29076152      5088  72442816  0.000  0.000   48.844    7.011    0    0  (Gen:  0)
 28903776      5320  72443592  0.000  0.000   49.172    7.046    0    0  (Gen:  0)
 30374224      5592  72444344  0.000  0.000   49.406    7.083    0    0  (Gen:  0)
 28724752      4808  72444136  0.000  0.000   49.641    7.118    0    0  (Gen:  0)
 27754152      4400  72444304  0.000  0.000   49.875    7.151    0    0  (Gen:  0)
 29493344      4440  72444824  0.000  0.000   50.219    7.187    0    0  (Gen:  0)
 30810720  70823304  72371680  0.125  0.030   50.578    7.255    0    0  (Gen:  1)
 28896128      4192  72370600  0.000  0.000   50.812    7.290    0    0  (Gen:  0)
 28722616      4960  72371816  0.000  0.000   51.062    7.324    0    0  (Gen:  0)
 26835704      5960  72373392  0.000  0.000   51.297    7.355    0    0  (Gen:  0)
 28974288      4328  72373328  0.000  0.000   51.625    7.391    0    0  (Gen:  0)
 30663048      4904  72374528  0.000  0.000   51.875    7.429    0    0  (Gen:  0)
 30372568      6760  72377024  0.000  0.000   52.078    7.466    0    0  (Gen:  0)
 29273360      5184  72376024  0.000  0.000   52.422    7.504    0    0  (Gen:  0)
 28086184      3984  72375400  0.000  0.000   52.656    7.539    0    0  (Gen:  0)
 28945264      5408  72377400  0.000  0.000   52.891    7.575    0    0  (Gen:  0)
 24989704      5288  72377888  0.000  0.000   53.125    7.605    0    0  (Gen:  0)
 20810808      4808  72377920  0.000  0.000   53.297    7.630    0    0  (Gen:  0)
 27356024      4432  72377896  0.000  0.000   53.516    7.663    0    0  (Gen:  0)
 21683432      4392  72378528  0.000  0.000   53.688    7.690    0    0  (Gen:  0)
 27162248      4560  72379144  0.000  0.000   53.891    7.723    0    0  (Gen:  0)
 24718432      5952  72381160  0.000  0.000   54.125    7.752    0    0  (Gen:  0)
 31092504      5304  72381888  0.000  0.000   54.375    7.790    0    0  (Gen:  0)
 29397432      4864  72382248  0.000  0.000   54.734    7.827    0    0  (Gen:  0)
 30572584      4552  72382576  0.000  0.000   54.969    7.866    0    0  (Gen:  0)
 29899288      5512  72384176  0.000  0.000   55.203    7.904    0    0  (Gen:  0)
 30108488      4304  72383544  0.000  0.000   55.562    7.942    0    0  (Gen:  0)
 30331240      4312  72384128  0.000  0.000   55.797    7.980    0    0  (Gen:  0)
 29911976      3864  72384288  0.000  0.000   56.156    8.018    0    0  (Gen:  0)
 27931376      3984  72385016  0.000  0.000   56.391    8.053    0    0  (Gen:  0)
 30621048      5136  72386744  0.000  0.000   56.625    8.091    0    0  (Gen:  0)
 24579192      4584  72386704  0.000  0.000   56.844    8.120    0    0  (Gen:  0)
 29117672      4568  72388032  0.000  0.000   57.203    8.156    0    0  (Gen:  0)
 28547776      5560  72389824  0.000  0.000   57.453    8.193    0    0  (Gen:  0)
 29469744      3744  72388616  0.000  0.000   57.688    8.231    0    0  (Gen:  0)
 29406680      5872  72391224  0.000  0.000   58.047    8.268    0    0  (Gen:  0)
 29049632  70754776  72303152  0.141  0.030   58.406    8.334    0    0  (Gen:  1)
 30809304      4928  72303672  0.000  0.000   58.766    8.374    0    0  (Gen:  0)
 29595600      3696  72302984  0.000  0.000   58.969    8.411    0    0  (Gen:  0)
 30151976      4912  72304744  0.000  0.000   59.203    8.451    0    0  (Gen:  0)
 29707416      4400  72304808  0.000  0.000   59.531    8.489    0    0  (Gen:  0)
 25047544      4672  72305592  0.000  0.000   59.781    8.519    0    0  (Gen:  0)
 30494792      4536  72306768  0.000  0.000   60.031    8.558    0    0  (Gen:  0)
 29691088      3904  72306904  0.000  0.000   60.391    8.595    0    0  (Gen:  0)
 28450736      6336  72309880  0.000  0.000   60.625    8.631    0    0  (Gen:  0)
 28433480      3672  72307664  0.000  0.000   60.875    8.667    0    0  (Gen:  0)
 30627064      3696  72308232  0.000  0.000   61.250    8.705    0    0  (Gen:  0)
 29926064      4160  72309176  0.000  0.000   61.484    8.744    0    0  (Gen:  0)
 30641128      3728  72309256  0.000  0.000   61.844    8.782    0    0  (Gen:  0)
 28354064      4056  72310192  0.000  0.000   62.078    8.818    0    0  (Gen:  0)
 28919536      3736  72310416  0.000  0.000   62.312    8.854    0    0  (Gen:  0)
 30382336      3736  72310864  0.000  0.000   62.656    8.893    0    0  (Gen:  0)
 29582736      4408  72312048  0.000  0.000   62.906    8.931    0    0  (Gen:  0)
 29452440      4760  72312912  0.000  0.000   63.250    8.968    0    0  (Gen:  0)
 30829792      4272  72313000  0.000  0.000   63.500    9.007    0    0  (Gen:  0)
 27835424      4080  72313352  0.000  0.000   63.750    9.043    0    0  (Gen:  0)
 26576624      4928  72314616  0.000  0.000   63.984    9.076    0    0  (Gen:  0)
 25886064      5416  72315840  0.000  0.000   64.219    9.105    0    0  (Gen:  0)
 28099992      3656  72316032  0.000  0.000   64.594    9.140    0    0  (Gen:  0)
 28318384      3504  72316776  0.000  0.000   64.844    9.177    0    0  (Gen:  0)
 29320264      3688  72317440  0.000  0.000   65.094    9.214    0    0  (Gen:  0)
 28411696      4424  72318720  0.000  0.000   65.422    9.250    0    0  (Gen:  0)
 26781336      5024  72320216  0.000  0.000   65.672    9.283    0    0  (Gen:  0)
 27407872      4336  72320584  0.000  0.000   65.906    9.318    0    0  (Gen:  0)
 28388632      3912  72320576  0.000  0.000   66.141    9.353    0    0  (Gen:  0)
 28794104      4248  72321456  0.000  0.000   66.500    9.390    0    0  (Gen:  0)
 29623592      4736  72322424  0.000  0.000   66.734    9.427    0    0  (Gen:  0)
 27322072  70689368  72237744  0.125  0.029   67.094    9.491    0    0  (Gen:  1)
 29519752      4128  72238688  0.000  0.000   67.328    9.529    0    0  (Gen:  0)
 29684136      4184  72239256  0.000  0.000   67.703    9.567    0    0  (Gen:  0)
 29104408      3880  72239400  0.000  0.000   67.938    9.605    0    0  (Gen:  0)
 29075568      4080  72240144  0.000  0.000   68.297    9.641    0    0  (Gen:  0)
 29210424      4040  72240488  0.000  0.000   68.531    9.678    0    0  (Gen:  0)
 29458040      4600  72241560  0.000  0.000   68.781    9.714    0    0  (Gen:  0)
 28943304      4416  72241888  0.000  0.000   69.125    9.751    0    0  (Gen:  0)
 29458992      4432  72242352  0.000  0.000   69.375    9.787    0    0  (Gen:  0)
 14674256      4320  72242792  0.000  0.000   69.453    9.824    0    0  (Gen:  0)
 29765896      4752  72243968  0.000  0.000   69.703    9.861    0    0  (Gen:  0)
 23490984      4520  72244944  0.000  0.000   69.922    9.890    0    0  (Gen:  0)
 28556288      4640  72245512  0.000  0.000   70.172    9.926    0    0  (Gen:  0)
 30233872      4608  72245896  0.000  0.000   70.422    9.962    0    0  (Gen:  0)
 28264456      5928  72247696  0.000  0.000   70.656    9.997    0    0  (Gen:  0)
 27839832      4088  72246336  0.000  0.000   71.016   10.031    0    0  (Gen:  0)
 27809864      4200  72246928  0.000  0.000   71.234   10.065    0    0  (Gen:  0)
 27456032      5240  72248544  0.000  0.000   71.453   10.098    0    0  (Gen:  0)
 30567848      4640  72248392  0.000  0.000   71.672   10.134    0    0  (Gen:  0)
 26352296      5416  72249808  0.000  0.000   71.891   10.165    0    0  (Gen:  0)
 27513016      5016  72249920  0.000  0.000   72.141   10.199    0    0  (Gen:  0)
 28645640      4704  72250056  0.000  0.000   72.500   10.235    0    0  (Gen:  0)
 29813760      4064  72249864  0.000  0.000   72.734   10.271    0    0  (Gen:  0)
 29952448      4744  72250928  0.000  0.000   72.953   10.308    0    0  (Gen:  0)
 29741496      4304  72250936  0.000  0.000   73.328   10.345    0    0  (Gen:  0)
 27930472      3976  72251024  0.000  0.000   73.562   10.379    0    0  (Gen:  0)
 28074168      4272  72251672  0.000  0.000   73.797   10.414    0    0  (Gen:  0)
 28841608      4640  72252456  0.000  0.000   74.047   10.451    0    0  (Gen:  0)
 28975176      4736  72252968  0.000  0.000   74.375   10.485    0    0  (Gen:  0)
 26707736      5792  72254440  0.000  0.000   74.594   10.518    0    0  (Gen:  0)
 28242408      6088  72255184  0.000  0.000   74.828   10.553    0    0  (Gen:  0)
 28900088      4456  72253904  0.000  0.000   75.062   10.589    0    0  (Gen:  0)
 28499200      4928  72254792  0.000  0.000   75.406   10.625    0    0  (Gen:  0)
 28588016      4888  72255200  0.000  0.000   75.625   10.660    0    0  (Gen:  0)
 30754880  70640600  72188976  0.141  0.029   76.016   10.728    0    0  (Gen:  1)
 28950672      5104  72189056  0.000  0.000   76.391   10.764    0    0  (Gen:  0)
 28751608      5080  72189416  0.000  0.000   76.641   10.799    0    0  (Gen:  0)
 29463968      4920  72189672  0.000  0.000   76.859   10.836    0    0  (Gen:  0)
 28855112      5128  72190360  0.000  0.000   77.094   10.871    0    0  (Gen:  0)
 29335832      5112  72190824  0.000  0.000   77.453   10.907    0    0  (Gen:  0)
 29546368      6176  72192336  0.000  0.000   77.688   10.944    0    0  (Gen:  0)
 30089584      4840  72191384  0.000  0.000   77.891   10.981    0    0  (Gen:  0)
 30270000      5656  72192664  0.000  0.000   78.250   11.019    0    0  (Gen:  0)
 29865248      5392  72192880  0.000  0.000   78.500   11.055    0    0  (Gen:  0)
 27971032      4616  72192552  0.000  0.000   78.734   11.088    0    0  (Gen:  0)
 30062608      5944  72194456  0.000  0.000   79.078   11.124    0    0  (Gen:  0)
 29566072      5896  72194856  0.000  0.000   79.312   11.160    0    0  (Gen:  0)
 30609856      3968  72193408  0.000  0.000   79.562   11.197    0    0  (Gen:  0)
 28022648      6344  72196232  0.000  0.000   79.797   11.230    0    0  (Gen:  0)
 26267448      4552  72194984  0.000  0.000   80.016   11.261    0    0  (Gen:  0)
 29365112      5632  72196640  0.000  0.000   80.234   11.295    0    0  (Gen:  0)
 30088744      5952  72197440  0.000  0.000   80.594   11.331    0    0  (Gen:  0)
 30974888      5552  72197552  0.000  0.000   80.828   11.368    0    0  (Gen:  0)
 30629952      5344  72197952  0.000  0.000   81.062   11.404    0    0  (Gen:  0)
 28527752      5064  72198280  0.000  0.000   81.438   11.437    0    0  (Gen:  0)
 28984880      6464  72200256  0.000  0.000   81.672   11.471    0    0  (Gen:  0)
 31311872      5672  72200008  0.000  0.000   81.906   11.508    0    0  (Gen:  0)
 29909400      5640  72200616  0.000  0.000   82.156   11.543    0    0  (Gen:  0)
 29339472      5288  72200872  0.000  0.000   82.500   11.577    0    0  (Gen:  0)
 28274888      5848  72202008  0.000  0.000   82.734   11.610    0    0  (Gen:  0)
 28091632      4784  72201488  0.000  0.000   82.969   11.643    0    0  (Gen:  0)
 30220680      5504  72202784  0.000  0.000   83.219   11.678    0    0  (Gen:  0)
 30995808      5544  72203528  0.000  0.000   83.469   11.715    0    0  (Gen:  0)
 29947368      5144  72203896  0.000  0.000   83.812   11.750    0    0  (Gen:  0)
 30687816      5104  72204656  0.000  0.000   84.047   11.786    0    0  (Gen:  0)
 30523048      6160  72206352  0.000  0.000   84.297   11.821    0    0  (Gen:  0)
 30062720  70583200  72131576  0.125  0.029   84.672   11.886    0    0  (Gen:  1)
 29947904      5472  72132968  0.000  0.000   85.031   11.921    0    0  (Gen:  0)
 29097696      4304  72132472  0.000  0.000   85.281   11.955    0    0  (Gen:  0)
 30229576      5272  72134016  0.000  0.000   85.516   11.991    0    0  (Gen:  0)
 29135768      5304  72134592  0.000  0.000   85.750   12.025    0    0  (Gen:  0)
 28880648      4872  72134768  0.000  0.000   85.984   12.059    0    0  (Gen:  0)
 29487200      5280  72135720  0.000  0.000   86.328   12.094    0    0  (Gen:  0)
 29295000      4984  72135936  0.000  0.000   86.547   12.129    0    0  (Gen:  0)
 29660032      5584  72137112  0.000  0.000   86.781   12.165    0    0  (Gen:  0)
 29794520      5664  72137768  0.000  0.000   87.031   12.201    0    0  (Gen:  0)
 30583736      5368  72138016  0.000  0.000   87.375   12.239    0    0  (Gen:  0)
 26890560      4472  72137568  0.000  0.000   87.578   12.270    0    0  (Gen:  0)
 26156536      5168  72138744  0.000  0.000   87.797   12.301    0    0  (Gen:  0)
 30625032      5424  72139416  0.000  0.000   88.047   12.338    0    0  (Gen:  0)
 30385296      5648  72140152  0.000  0.000   88.406   12.374    0    0  (Gen:  0)
 28286728      4536  72139520  0.000  0.000   88.641   12.408    0    0  (Gen:  0)
 30476472      6032  72141464  0.000  0.000   88.891   12.444    0    0  (Gen:  0)
 30391080      5136  72141112  0.000  0.000   89.125   12.481    0    0  (Gen:  0)
 30758400      4880  72141368  0.000  0.000   89.484   12.518    0    0  (Gen:  0)
 25448368      5704  72142736  0.000  0.000   89.672   12.573    0    0  (Gen:  0)
 25370696      5024  72142568  0.000  0.000   89.891   12.604    0    0  (Gen:  0)
 26833600      5336  72143344  0.000  0.000   90.094   12.636    0    0  (Gen:  0)
 30200432      5176  72143696  0.000  0.000   90.438   12.673    0    0  (Gen:  0)
 30444288      5648  72144648  0.000  0.000   90.688   12.709    0    0  (Gen:  0)
 29547408      6088  72145568  0.000  0.000   90.906   12.744    0    0  (Gen:  0)
 30884472      5104  72145032  0.000  0.000   91.266   12.781    0    0  (Gen:  0)
 30764616      6784  72147224  0.000  0.000   91.484   12.817    0    0  (Gen:  0)
 30840720      5096  72146112  0.000  0.000   91.734   12.853    0    0  (Gen:  0)
 30629848      5864  72147456  0.000  0.000   92.094   12.890    0    0  (Gen:  0)
 30620496      5672  72147776  0.000  0.000   92.344   12.926    0    0  (Gen:  0)
 29315912      5344  72147928  0.000  0.000   92.594   12.961    0    0  (Gen:  0)
 31196640  70533040  72081416  0.125  0.030   92.969   13.027    0    0  (Gen:  1)
 30852336      5184  72080528  0.000  0.000   93.344   13.064    0    0  (Gen:  0)
 28707512      5424  72081216  0.000  0.000   93.594   13.098    0    0  (Gen:  0)
 27221576      7104  72083280  0.000  0.000   93.828   13.130    0    0  (Gen:  0)
 28853456      5968  72082592  0.000  0.000   94.078   13.164    0    0  (Gen:  0)
 29786664      5376  72082448  0.000  0.000   94.281   13.198    0    0  (Gen:  0)
 30332160      5408  72082928  0.000  0.000   94.656   13.235    0    0  (Gen:  0)
 30330432      7008  72084912  0.000  0.000   94.891   13.271    0    0  (Gen:  0)
 28704992      7160  72085544  0.000  0.000   95.125   13.305    0    0  (Gen:  0)
 30100816      6544  72085376  0.000  0.000   95.375   13.341    0    0  (Gen:  0)
 31151960      4848  72084144  0.000  0.000   95.734   13.378    0    0  (Gen:  0)
 30619416      5888  72085632  0.000  0.000   95.984   13.415    0    0  (Gen:  0)
 29079704      6096  72086320  0.000  0.000   96.219   13.448    0    0  (Gen:  0)
 27624848      6968  72087688  0.000  0.000   96.391   13.481    0    0  (Gen:  0)
 30130424      4856  72086056  0.000  0.000   96.734   13.517    0    0  (Gen:  0)
 29720200      5464  72087160  0.000  0.000   96.984   13.553    0    0  (Gen:  0)
 29789944      4728  72087000  0.000  0.000   97.234   13.588    0    0  (Gen:  0)
 31076888      6240  72088992  0.000  0.000   97.594   13.626    0    0  (Gen:  0)
 28895840      5416  72088648  0.000  0.000   97.844   13.660    0    0  (Gen:  0)
 29245408      6256  72090000  0.000  0.000   98.078   13.697    0    0  (Gen:  0)
 30033336      5392  72089648  0.000  0.000   98.312   13.733    0    0  (Gen:  0)
 31000520      4792  72089656  0.000  0.000   98.656   13.770    0    0  (Gen:  0)
 30541872      5000  72090312  0.000  0.000   98.906   13.807    0    0  (Gen:  0)
 30683152      5304  72091224  0.000  0.000   99.281   13.844    0    0  (Gen:  0)
 30404968      5856  72092320  0.000  0.000   99.516   13.880    0    0  (Gen:  0)
 31266864      5560  72092568  0.000  0.000   99.766   13.918    0    0  (Gen:  0)
 30153112      6080  72093632  0.000  0.000  100.141   13.954    0    0  (Gen:  0)
 29205432      4672  72092800  0.000  0.000  100.328   13.990    0    0  (Gen:  0)
 31108320      6440  72095112  0.000  0.000  100.562   14.028    0    0  (Gen:  0)
 29862520      4008  72093192  0.000  0.000  100.938   14.064    0    0  (Gen:  0)
 27142344      5792  72095616  0.000  0.000  101.172   14.096    0    0  (Gen:  0)
 30047368      5584  72095952  0.000  0.000  101.391   14.133    0    0  (Gen:  0)
 31013744      5824  72096672  0.000  0.000  101.766   14.171    0    0  (Gen:  0)
 30817448      4352  72095744  0.000  0.000  102.016   14.209    0    0  (Gen:  0)
 31087696  70475824  72024200  0.125  0.029  102.375   14.275    0    0  (Gen:  1)
 29047312      4896  72025256  0.000  0.000  102.609   14.310    0    0  (Gen:  0)
 29248688      6568  72027440  0.000  0.000  102.969   14.346    0    0  (Gen:  0)
 30896328      5264  72026552  0.000  0.000  103.203   14.383    0    0  (Gen:  0)
 30520592      4776  72026608  0.000  0.000  103.578   14.421    0    0  (Gen:  0)
 29574376      7136  72029480  0.000  0.000  103.812   14.456    0    0  (Gen:  0)
 28657888      6160  72028952  0.000  0.000  104.062   14.490    0    0  (Gen:  0)
 30100168      6112  72030216  0.000  0.000  104.312   14.526    0    0  (Gen:  0)
 30941392      4112  72029144  0.000  0.000  104.688   14.565    0    0  (Gen:  0)
 29420872      4136  72029648  0.000  0.000  104.938   14.601    0    0  (Gen:  0)
 28681256      4608  72030744  0.000  0.000  105.156   14.636    0    0  (Gen:  0)
 29543408      4024  72030672  0.000  0.000  105.531   14.672    0    0  (Gen:  0)
 28221552      4744  72032064  0.000  0.000  105.750   14.707    0    0  (Gen:  0)
 28822224      4968  72032864  0.000  0.000  105.953   14.743    0    0  (Gen:  0)
 27023384      4248  72032720  0.000  0.000  106.125   14.777    0    0  (Gen:  0)
 30072360      4944  72034056  0.000  0.000  106.484   14.814    0    0  (Gen:  0)
 31506736      3936  72033656  0.000  0.000  106.734   14.854    0    0  (Gen:  0)
 30188704      5448  72035808  0.000  0.000  107.109   14.891    0    0  (Gen:  0)
 31153424      4424  72035328  0.000  0.000  107.359   14.929    0    0  (Gen:  0)
 31294592      4552  72036128  0.000  0.000  107.719   14.968    0    0  (Gen:  0)
 27598608      5440  72037624  0.000  0.000  107.938   15.001    0    0  (Gen:  0)
 30933712      4224  72037016  0.000  0.000  108.188   15.039    0    0  (Gen:  0)
 29911760      5488  72038856  0.000  0.000  108.438   15.076    0    0  (Gen:  0)
 28151736      5120  72039064  0.000  0.000  108.781   15.110    0    0  (Gen:  0)
 30977776      3808  72038360  0.000  0.000  109.016   15.150    0    0  (Gen:  0)
 30721504      4872  72039968  0.000  0.000  109.391   15.188    0    0  (Gen:  0)
 28311376      3920  72039560  0.000  0.000  109.625   15.224    0    0  (Gen:  0)
  7184120  70424496  71972872  0.031  0.030  109.656   15.263    0    0  (Gen:  1)
 30897752      5304  71974168  0.000  0.000  110.016   15.301    0    0  (Gen:  0)
 29200504      4280  71973832  0.000  0.000  110.250   15.337    0    0  (Gen:  0)
 31018280      4056  71974184  0.000  0.000  110.609   15.376    0    0  (Gen:  0)
 29581328      4944  71975648  0.000  0.000  110.812   15.412    0    0  (Gen:  0)
 30762392      4376  71975688  0.000  0.000  111.062   15.450    0    0  (Gen:  0)
 23898112      6152  71978136  0.000  0.000  111.297   15.478    0    0  (Gen:  0)
 29713640      4336  71977824  0.000  0.000  111.656   15.515    0    0  (Gen:  0)
 29008304      4336  71978496  0.000  0.000  111.906   15.551    0    0  (Gen:  0)
 30120368      4728  71979496  0.000  0.000  112.156   15.589    0    0  (Gen:  0)
 29856520      5048  71980392  0.000  0.000  112.531   15.626    0    0  (Gen:  0)
 28932728      4824  71980840  0.000  0.000  112.734   15.662    0    0  (Gen:  0)
 29342072      4616  71981272  0.000  0.000  112.984   15.698    0    0  (Gen:  0)
 30444952      4704  71981936  0.000  0.000  113.344   15.736    0    0  (Gen:  0)
 30960384      4888  71982728  0.000  0.000  113.578   15.773    0    0  (Gen:  0)
 29910480      4448  71982864  0.000  0.000  113.812   15.810    0    0  (Gen:  0)
 30348240      5832  71984824  0.000  0.000  114.156   15.847    0    0  (Gen:  0)
 19181968      4264  71983896  0.000  0.000  114.250   15.888    0    0  (Gen:  0)
 25619008      5080  71985160  0.000  0.000  114.500   15.920    0    0  (Gen:  0)
 27753584      5400  71986088  0.000  0.000  114.750   15.954    0    0  (Gen:  0)
 30066072      5128  71986264  0.000  0.000  114.984   15.991    0    0  (Gen:  0)
 30102224      5112  71986760  0.000  0.000  115.219   16.028    0    0  (Gen:  0)
 29868392      4544  71986768  0.000  0.000  115.594   16.064    0    0  (Gen:  0)
 25504264      5976  71988776  0.000  0.000  115.844   16.094    0    0  (Gen:  0)
 29338584      5032  71988792  0.000  0.000  116.078   16.129    0    0  (Gen:  0)
 28568400      4952  71989672  0.000  0.000  116.297   16.165    0    0  (Gen:  0)
 28766304      4648  71989944  0.000  0.000  116.547   16.201    0    0  (Gen:  0)
 30315008      5624  71991336  0.000  0.000  116.922   16.239    0    0  (Gen:  0)
 30501880      4560  71990720  0.000  0.000  117.172   16.278    0    0  (Gen:  0)
 28198528      4088  71990792  0.000  0.000  117.547   16.313    0    0  (Gen:  0)
 28214240      5488  71992672  0.000  0.000  117.797   16.349    0    0  (Gen:  0)
 28666576  70362712  71911088  0.141  0.029  118.172   16.413    0    0  (Gen:  1)
 29997336      4656  71911968  0.000  0.000  118.422   16.450    0    0  (Gen:  0)
 24526808      5720  71913608  0.000  0.000  118.641   16.479    0    0  (Gen:  0)
 27940016      5528  71914440  0.000  0.000  118.766   16.513    0    0  (Gen:  0)
 30319152      5464  71915304  0.000  0.000  119.141   16.550    0    0  (Gen:  0)
 24609976      5504  71915952  0.000  0.000  119.391   16.579    0    0  (Gen:  0)
 29152176      4344  71916216  0.000  0.000  119.625   16.615    0    0  (Gen:  0)
 30938176      4352  71916992  0.000  0.000  119.828   16.653    0    0  (Gen:  0)
 30602928      5528  71918712  0.000  0.000  120.203   16.692    0    0  (Gen:  0)
 30153952      4240  71917968  0.000  0.000  120.438   16.731    0    0  (Gen:  0)
 23599464      3800  71918072  0.000  0.000  120.625   16.759    0    0  (Gen:  0)
 28576512      3680  71918432  0.000  0.000  120.984   16.795    0    0  (Gen:  0)
 28592048      4088  71919224  0.000  0.000  121.234   16.832    0    0  (Gen:  0)
 29991168      6560  71922208  0.000  0.000  121.484   16.869    0    0  (Gen:  0)
 29089392      4952  71921112  0.000  0.000  121.844   16.906    0    0  (Gen:  0)
 29705712      4232  71920872  0.000  0.000  122.094   16.943    0    0  (Gen:  0)
 28671864      4056  71921240  0.000  0.000  122.328   16.979    0    0  (Gen:  0)
 30459168      4144  71921808  0.000  0.000  122.688   17.017    0    0  (Gen:  0)
 27238136      4248  71922360  0.000  0.000  122.906   17.051    0    0  (Gen:  0)
 28716704      5152  71923744  0.000  0.000  123.156   17.087    0    0  (Gen:  0)
 24812616      4304  71923376  0.000  0.000  123.359   17.117    0    0  (Gen:  0)
 25329416      4152  71923704  0.000  0.000  123.578   17.148    0    0  (Gen:  0)
 29546320      4008  71924024  0.000  0.000  123.828   17.184    0    0  (Gen:  0)
 30249360      4568  71925096  0.000  0.000  124.203   17.221    0    0  (Gen:  0)
 30259480      3960  71925000  0.000  0.000  124.438   17.259    0    0  (Gen:  0)
 30853048      3640  71925192  0.000  0.000  124.797   17.298    0    0  (Gen:  0)
 30136504      4168  71926232  0.000  0.000  125.047   17.335    0    0  (Gen:  0)
 30058872      4320  71926960  0.000  0.000  125.281   17.373    0    0  (Gen:  0)
 29702688      4496  71927616  0.000  0.000  125.656   17.410    0    0  (Gen:  0)
 29965328      5168  71928832  0.000  0.000  125.906   17.448    0    0  (Gen:  0)
 26652024  70308368  71856744  0.141  0.030  126.250   17.509    0    0  (Gen:  1)
 29519984      5280  71857440  0.000  0.000  126.594   17.545    0    0  (Gen:  0)
 27465248      4008  71856728  0.000  0.000  126.844   17.579    0    0  (Gen:  0)
 30325520      4160  71857296  0.000  0.000  127.078   17.616    0    0  (Gen:  0)
 29437432      4152  71857864  0.000  0.000  127.281   17.652    0    0  (Gen:  0)
 30322328      6600  71860856  0.000  0.000  127.641   17.689    0    0  (Gen:  0)
 29431392      5120  71860432  0.000  0.000  127.891   17.724    0    0  (Gen:  0)
 30422832      4040  71860344  0.000  0.000  128.125   17.762    0    0  (Gen:  0)
 29790664      4512  71861360  0.000  0.000  128.469   17.798    0    0  (Gen:  0)
 28999512      4464  71861920  0.000  0.000  128.719   17.834    0    0  (Gen:  0)
 29673280      4144  71862112  0.000  0.000  128.953   17.870    0    0  (Gen:  0)
 24039360      5056  71863536  0.000  0.000  129.203   17.898    0    0  (Gen:  0)
 28366224      4464  71864416  0.000  0.000  129.453   17.933    0    0  (Gen:  0)
 29504672      4568  71865096  0.000  0.000  129.812   17.969    0    0  (Gen:  0)
 28489808      4200  71865368  0.000  0.000  130.047   18.005    0    0  (Gen:  0)
 26965528      4368  71866016  0.000  0.000  130.297   18.038    0    0  (Gen:  0)
 26940976      4832  71866992  0.000  0.000  130.547   18.071    0    0  (Gen:  0)
 25627592      4600  71867304  0.000  0.000  130.781   18.102    0    0  (Gen:  0)
 27016040      4256  71867472  0.000  0.000  131.016   18.134    0    0  (Gen:  0)
 26260064      5248  71869072  0.000  0.000  131.250   18.164    0    0  (Gen:  0)
 30013240      4608  71869776  0.000  0.000  131.500   18.201    0    0  (Gen:  0)
 30506496      5520  71871264  0.000  0.000  131.859   18.239    0    0  (Gen:  0)
 29839216      6160  71872352  0.000  0.000  132.109   18.276    0    0  (Gen:  0)
 25123632      5952  71872592  0.000  0.000  132.328   18.307    0    0  (Gen:  0)
 30487104      4408  71871432  0.000  0.000  132.703   18.345    0    0  (Gen:  0)
 30016912      4888  71872264  0.000  0.000  132.938   18.382    0    0  (Gen:  0)
 28812624      4360  71872216  0.000  0.000  133.172   18.418    0    0  (Gen:  0)
 29523456      4080  71872320  0.000  0.000  133.516   18.454    0    0  (Gen:  0)
 30617424      4320  71872976  0.000  0.000  133.766   18.492    0    0  (Gen:  0)
 30339600      4888  71874088  0.000  0.000  134.125   18.530    0    0  (Gen:  0)
 11081832  70251776  71800152  0.141  0.030  134.266   18.573    0    0  (Gen:  1)
 29818840      4880  71799920  0.000  0.000  134.625   18.610    0    0  (Gen:  0)
 28698608      4440  71800184  0.000  0.000  134.875   18.645    0    0  (Gen:  0)
 29701896      4832  71801088  0.000  0.000  135.125   18.682    0    0  (Gen:  0)
 28858016      4200  71800808  0.000  0.000  135.453   18.718    0    0  (Gen:  0)
 30386448      5184  71802272  0.000  0.000  135.688   18.756    0    0  (Gen:  0)
 29527584      4928  71802464  0.000  0.000  135.938   18.792    0    0  (Gen:  0)
 28894848      7120  71805104  0.000  0.000  136.281   18.828    0    0  (Gen:  0)
 29525528      5600  71804096  0.000  0.000  136.516   18.865    0    0  (Gen:  0)
 29770640      4496  71803456  0.000  0.000  136.766   18.902    0    0  (Gen:  0)
 29440960      4128  71803568  0.000  0.000  137.141   18.938    0    0  (Gen:  0)
 30214128      4712  71804568  0.000  0.000  137.328   18.976    0    0  (Gen:  0)
 30190032      4504  71804776  0.000  0.000  137.562   19.013    0    0  (Gen:  0)
 30130192      3976  71804728  0.000  0.000  137.938   19.051    0    0  (Gen:  0)
 29793944      4192  71805392  0.000  0.000  138.188   19.088    0    0  (Gen:  0)
 26917912      4880  71806560  0.000  0.000  138.422   19.120    0    0  (Gen:  0)
 29702744      4616  71806712  0.000  0.000  138.766   19.156    0    0  (Gen:  0)
 30544432      4496  71807072  0.000  0.000  139.016   19.194    0    0  (Gen:  0)
 30352880      4264  71807352  0.000  0.000  139.266   19.231    0    0  (Gen:  0)
 29035632      4944  71808544  0.000  0.000  139.625   19.266    0    0  (Gen:  0)
 28000360      4688  71808768  0.000  0.001  139.812   19.303    0    0  (Gen:  0)
 17165912      6192  71810816  0.000  0.000  139.875   19.330    0    0  (Gen:  0)
 25942688      6176  71811344  0.000  0.000  140.062   19.361    0    0  (Gen:  0)
 27644232      5840  71811696  0.000  0.000  140.312   19.395    0    0  (Gen:  0)
 29911952      4984  71811432  0.000  0.000  140.562   19.430    0    0  (Gen:  0)
 26713824      5384  71812408  0.000  0.000  140.781   19.462    0    0  (Gen:  0)
 29324640      5296  71845592  0.000  0.000  141.031   19.497    0    0  (Gen:  0)
 28961272      5064  71845936  0.000  0.000  141.375   19.532    0    0  (Gen:  0)
 31181528      4952  71846336  0.000  0.000  141.625   19.568    0    0  (Gen:  0)
 29414040      5408  71847400  0.000  0.000  141.875   19.603    0    0  (Gen:  0)
 28986376      6528  71848936  0.000  0.000  142.109   19.637    0    0  (Gen:  0)
 30835928      5184  71848136  0.000  0.000  142.484   19.675    0    0  (Gen:  0)
 29708672      5360  71848856  0.000  0.000  142.734   19.711    0    0  (Gen:  0)
 29093336      6136  71850120  0.000  0.000  142.969   19.746    0    0  (Gen:  0)
 29887376      5304  71849768  0.000  0.000  143.312   19.782    0    0  (Gen:  0)
 29116288      4856  71849832  0.000  0.000  143.562   19.817    0    0  (Gen:  0)
 29032216      5504  71850928  0.000  0.000  143.797   19.853    0    0  (Gen:  0)
 30150424  70192720  71773864  0.031  0.030  144.062   19.919    0    0  (Gen:  1)
 30940576      4728  71774144  0.000  0.000  144.438   19.956    0    0  (Gen:  0)
 30599680      4616  71774544  0.000  0.000  144.672   19.993    0    0  (Gen:  0)
 30744352      5136  71775608  0.000  0.000  145.031   20.030    0    0  (Gen:  0)
 30714784      6776  71777792  0.000  0.000  145.281   20.067    0    0  (Gen:  0)
 28848264      5736  71777328  0.000  0.000  145.531   20.101    0    0  (Gen:  0)
 29002640      7336  71779408  0.000  0.000  145.750   20.135    0    0  (Gen:  0)
 30266888      5568  71778088  0.000  0.000  146.125   20.172    0    0  (Gen:  0)
 31337760      4928  71778056  0.000  0.000  146.375   20.209    0    0  (Gen:  0)
 30884680      4840  71778480  0.000  0.000  146.609   20.246    0    0  (Gen:  0)
 30353408      6656  71780808  0.000  0.000  146.984   20.282    0    0  (Gen:  0)
 31228168      5304  71780064  0.000  0.000  147.234   20.320    0    0  (Gen:  0)
 30884744      4872  71780208  0.000  0.000  147.484   20.356    0    0  (Gen:  0)
 30963336      5680  71781656  0.000  0.000  147.844   20.393    0    0  (Gen:  0)
 28137384      4328  71780912  0.000  0.000  148.078   20.426    0    0  (Gen:  0)
 30015408      5696  71782856  0.000  0.000  148.328   20.462    0    0  (Gen:  0)
 30191512      5872  71783448  0.000  0.000  148.672   20.499    0    0  (Gen:  0)
 31648416      5344  71783528  0.000  0.000  148.922   20.537    0    0  (Gen:  0)
 31290064      6080  71784840  0.000  0.000  149.156   20.575    0    0  (Gen:  0)
 28757240      5344  71784680  0.000  0.000  149.391   20.607    0    0  (Gen:  0)
 27726296      5696  71818368  0.000  0.000  149.625   20.639    0    0  (Gen:  0)
 30621896      5360  71785816  0.000  0.000  149.875   20.675    0    0  (Gen:  0)
 31790056      4448  71818272  0.000  0.000  150.125   20.712    0    0  (Gen:  0)
 30431824      4896  71819360  0.000  0.000  150.375   20.747    0    0  (Gen:  0)
 29995256      4352  71819392  0.000  0.000  150.703   20.783    0    0  (Gen:  0)
 31022792      5864  71821416  0.000  0.000  150.953   20.820    0    0  (Gen:  0)
 31255704      6080  71822208  0.000  0.000  151.203   20.856    0    0  (Gen:  0)
 31029624      8152  71857680  0.000  0.000  151.562   20.893    0    0  (Gen:  0)
 30522912      4736  71822016  0.000  0.000  151.797   20.929    0    0  (Gen:  0)
 31119280      6152  71823944  0.000  0.000  152.047   20.966    0    0  (Gen:  0)
 25489800      6456  71857552  0.000  0.000  152.266   20.995    0    0  (Gen:  0)
 23401208  70139120  71785792  0.125  0.030  152.625   21.053    0    0  (Gen:  1)
 29599560      5960  71785680  0.000  0.000  152.875   21.087    0    0  (Gen:  0)
 29538632      5584  71753024  0.000  0.000  153.203   21.123    0    0  (Gen:  0)
 30283432      5056  71752976  0.000  0.000  153.438   21.160    0    0  (Gen:  0)
 30591376      6672  71755072  0.000  0.000  153.688   21.196    0    0  (Gen:  0)
 30264072      6512  71788120  0.000  0.000  154.062   21.233    0    0  (Gen:  0)
 29985008      4680  71754008  0.000  0.000  154.297   21.269    0    0  (Gen:  0)
 30815824      6136  71788736  0.000  0.000  154.531   21.306    0    0  (Gen:  0)
 31244888      5056  71755376  0.000  0.000  154.906   21.343    0    0  (Gen:  0)
 29264080      6104  71789728  0.000  0.000  155.125   21.379    0    0  (Gen:  0)
 30314600      5560  71789760  0.000  0.000  155.359   21.415    0    0  (Gen:  0)
 28909704      5448  71790208  0.000  0.000  155.562   21.449    0    0  (Gen:  0)
 31498392      4936  71790224  0.000  0.000  155.922   21.486    0    0  (Gen:  0)
 30172800      5464  71791232  0.000  0.000  156.141   21.522    0    0  (Gen:  0)
 31446632      7592  71793840  0.000  0.000  156.391   21.559    0    0  (Gen:  0)
 31518344      5336  71792032  0.000  0.000  156.766   21.595    0    0  (Gen:  0)
 31182104      9696  71829632  0.000  0.000  157.000   21.633    0    0  (Gen:  0)
 31703928      5096  71792752  0.000  0.000  157.344   21.670    0    0  (Gen:  0)
 30591464      4736  71792776  0.000  0.000  157.594   21.707    0    0  (Gen:  0)
 27474144      4832  71793480  0.000  0.000  157.844   21.738    0    0  (Gen:  0)
 27946224      5568  71795336  0.000  0.000  158.078   21.770    0    0  (Gen:  0)
 30641248      4424  71795056  0.000  0.000  158.312   21.808    0    0  (Gen:  0)
 30467792      6016  71797288  0.000  0.000  158.688   21.845    0    0  (Gen:  0)
 29965328      4352  71796136  0.000  0.000  158.922   21.882    0    0  (Gen:  0)
 30222368      4576  71796840  0.000  0.000  159.156   21.918    0    0  (Gen:  0)
 31215936      5688  71798560  0.000  0.000  159.531   21.957    0    0  (Gen:  0)
 30379864      4968  71798328  0.000  0.000  159.781   21.994    0    0  (Gen:  0)
 31206384      4760  71831488  0.000  0.000  160.141   22.032    0    0  (Gen:  0)
 31152800      4440  71831744  0.000  0.000  160.375   22.068    0    0  (Gen:  0)
 23763464      5128  71832976  0.000  0.000  160.547   22.115    0    0  (Gen:  0)
 23401672      5800  71834096  0.000  0.000  160.750   22.142    0    0  (Gen:  0)
 24791816      4672  71833560  0.000  0.000  160.953   22.173    0    0  (Gen:  0)
 30309376      5144  71834496  0.000  0.000  161.203   22.210    0    0  (Gen:  0)
 14135720  70080560  71760000  0.109  0.031  161.438   22.258    0    0  (Gen:  1)
 29767208      5160  71761552  0.000  0.000  161.672   22.295    0    0  (Gen:  0)
 30318440      5136  71762192  0.000  0.000  162.047   22.332    0    0  (Gen:  0)
 29688416      4552  71762120  0.000  0.000  162.297   22.369    0    0  (Gen:  0)
 30992760      4520  71762632  0.000  0.000  162.672   22.406    0    0  (Gen:  0)
 31465232      4816  71763504  0.000  0.000  162.922   22.444    0    0  (Gen:  0)
 29454384      5112  71764344  0.000  0.000  163.172   22.481    0    0  (Gen:  0)
 30336208      4928  71764704  0.000  0.000  163.516   22.518    0    0  (Gen:  0)
 29748824      4888  71765144  0.000  0.000  163.766   22.554    0    0  (Gen:  0)
 29542056      5816  71799344  0.000  0.000  164.000   22.588    0    0  (Gen:  0)
 31419640      5096  71799072  0.000  0.000  164.359   22.626    0    0  (Gen:  0)
 31247048      4720  71799240  0.000  0.000  164.594   22.665    0    0  (Gen:  0)
 30606264      6584  71801584  0.000  0.000  164.969   22.702    0    0  (Gen:  0)
 30440656      5688  71801136  0.000  0.000  165.219   22.739    0    0  (Gen:  0)
 30695016      4336  71800296  0.000  0.000  165.453   22.776    0    0  (Gen:  0)
 31151264      5288  71801696  0.000  0.000  165.797   22.814    0    0  (Gen:  0)
 31376000      5824  71802776  0.000  0.000  166.047   22.853    0    0  (Gen:  0)
 29985416      4392  71801864  0.000  0.000  166.391   22.890    0    0  (Gen:  0)
 27317128      4744  71802760  0.000  0.000  166.625   22.924    0    0  (Gen:  0)
 31615544      4736  71803232  0.000  0.000  166.875   22.964    0    0  (Gen:  0)
 30964952      5280  71804384  0.000  0.000  167.234   23.002    0    0  (Gen:  0)
 30865720      3976  71803688  0.000  0.000  167.484   23.039    0    0  (Gen:  0)
 24438824      4280  71804536  0.000  0.000  167.656   23.068    0    0  (Gen:  0)
 25513752      4792  71805912  0.000  0.000  167.891   23.099    0    0  (Gen:  0)
 24929800      4704  71806944  0.000  0.000  168.109   23.130    0    0  (Gen:  0)
 29738808      4776  71807608  0.000  0.000  168.344   23.167    0    0  (Gen:  0)
 30761168      3960  71840160  0.000  0.000  168.703   23.204    0    0  (Gen:  0)
 30804664      4336  71841144  0.000  0.000  168.953   23.241    0    0  (Gen:  0)
 30779296      4424  71841840  0.000  0.000  169.188   23.279    0    0  (Gen:  0)
 20225440  70027072  71772048  0.125  0.029  169.547   23.333    0    0  (Gen:  1)
 29407552      4232  71773056  0.000  0.000  169.766   23.369    0    0  (Gen:  0)
 30566096      4712  71774080  0.000  0.000  170.125   23.407    0    0  (Gen:  0)
 31243568      4704  71774688  0.000  0.000  170.375   23.446    0    0  (Gen:  0)
 30051864      6032  71809352  0.000  0.000  170.750   23.483    0    0  (Gen:  0)
 29665632      4112  71775216  0.000  0.000  170.953   23.520    0    0  (Gen:  0)
 29615560      5536  71809976  0.000  0.000  171.203   23.557    0    0  (Gen:  0)
 29634872      4760  71776952  0.000  0.000  171.562   23.594    0    0  (Gen:  0)
 28069584      6464  71779200  0.000  0.000  171.812   23.628    0    0  (Gen:  0)
 28795072      4488  71777736  0.000  0.000  172.047   23.663    0    0  (Gen:  0)
 28619256      6000  71812520  0.000  0.000  172.297   23.697    0    0  (Gen:  0)
 30301224      4816  71779088  0.000  0.000  172.672   23.734    0    0  (Gen:  0)
 30818968      5000  71812608  0.000  0.000  172.906   23.772    0    0  (Gen:  0)
 30511448      3984  71812168  0.000  0.000  173.141   23.809    0    0  (Gen:  0)
 28650896      4656  71813384  0.000  0.000  173.500   23.844    0    0  (Gen:  0)
 28677248      4824  71814096  0.000  0.000  173.719   23.879    0    0  (Gen:  0)
 26780880      4248  71814064  0.000  0.000  173.953   23.910    0    0  (Gen:  0)
 30822800      6584  71816880  0.000  0.000  174.203   23.948    0    0  (Gen:  0)
 30471160      5104  71815976  0.000  0.000  174.578   23.985    0    0  (Gen:  0)
 27679544      5560  71817008  0.000  0.000  174.797   24.019    0    0  (Gen:  0)
 30474320      4248  71816176  0.000  0.000  175.047   24.057    0    0  (Gen:  0)
 30676376      4952  71817456  0.000  0.000  175.422   24.095    0    0  (Gen:  0)
 28151744      6200  71819344  0.000  0.000  175.641   24.129    0    0  (Gen:  0)
 27921712      5240  71819000  0.000  0.000  175.875   24.163    0    0  (Gen:  0)
 30708944      4904  71819112  0.000  0.000  176.125   24.200    0    0  (Gen:  0)
 24826936      4808  71819752  0.000  0.000  176.375   24.230    0    0  (Gen:  0)
 29580120      6592  71822752  0.000  0.000  176.734   24.267    0    0  (Gen:  0)
 26288680  69977144  71787656  0.031  0.029  177.000   24.328    0    0  (Gen:  1)
 30990448      5288  71789312  0.000  0.000  177.250   24.366    0    0  (Gen:  0)
 30617984      5584  71790184  0.000  0.000  177.484   24.403    0    0  (Gen:  0)
 27004496      4232  71789376  0.000  0.000  177.828   24.437    0    0  (Gen:  0)
 30341032      4760  71790384  0.000  0.000  178.078   24.474    0    0  (Gen:  0)
 31128112      6024  71792280  0.000  0.000  178.312   24.513    0    0  (Gen:  0)
 29422816      5808  71792640  0.000  0.000  178.672   24.549    0    0  (Gen:  0)
 28875024      4488  71791864  0.000  0.000  178.906   24.585    0    0  (Gen:  0)
 31556944      4408  71792360  0.000  0.000  179.266   24.624    0    0  (Gen:  0)
 30587568      4232  71792792  0.000  0.000  179.500   24.661    0    0  (Gen:  0)
 31123648      5024  71794160  0.000  0.000  179.750   24.700    0    0  (Gen:  0)
 26350272      6248  71795992  0.000  0.000  180.000   24.730    0    0  (Gen:  0)
 31123504      6024  71797560  0.000  0.000  180.344   24.766    0    0  (Gen:  0)
 25988216      4632  71797416  0.000  0.000  180.516   24.823    0    0  (Gen:  0)
 22901848      4112  71797472  0.000  0.000  180.719   24.851    0    0  (Gen:  0)
 24797016      4208  71797952  0.000  0.000  180.938   24.881    0    0  (Gen:  0)
 30079232      4232  71798488  0.000  0.000  181.172   24.918    0    0  (Gen:  0)
 29626984      4176  71798976  0.000  0.000  181.531   24.955    0    0  (Gen:  0)
 29743192      4424  71799800  0.000  0.000  181.781   24.992    0    0  (Gen:  0)
 29969688      4064  71799984  0.000  0.000  182.000   25.029    0    0  (Gen:  0)
 30726632      5040  71801472  0.000  0.000  182.375   25.067    0    0  (Gen:  0)
 29823696      5296  71802304  0.000  0.000  182.625   25.104    0    0  (Gen:  0)
 26510504      5296  71802720  0.000  0.000  182.812   25.136    0    0  (Gen:  0)
 29560856      4224  71802160  0.000  0.000  183.172   25.173    0    0  (Gen:  0)
 30029616      5944  71804472  0.000  0.000  183.422   25.209    0    0  (Gen:  0)
 30335416      5344  71804352  0.000  0.000  183.672   25.247    0    0  (Gen:  0)
 29779688      3976  71803464  0.000  0.000  184.016   25.283    0    0  (Gen:  0)
 30263088      5200  71805264  0.000  0.000  184.266   25.320    0    0  (Gen:  0)
 30684960      4720  71805360  0.000  0.000  184.516   25.358    0    0  (Gen:  0)
 30127360      4464  71805616  0.000  0.000  184.859   25.394    0    0  (Gen:  0)
 29906592  69918952  71729472  0.109  0.032  185.188   25.463    0    0  (Gen:  1)
 28759960      4512  71730040  0.000  0.000  185.484   25.499    0    0  (Gen:  0)
 31098448      4728  71730704  0.000  0.000  185.734   25.538    0    0  (Gen:  0)
 30006544      4296  71730752  0.000  0.000  185.984   25.575    0    0  (Gen:  0)
 28578448      5552  71732584  0.000  0.000  186.328   25.609    0    0  (Gen:  0)
 30531560      4888  71732400  0.000  0.000  186.562   25.647    0    0  (Gen:  0)
 29742744      5744  71733704  0.000  0.000  186.812   25.684    0    0  (Gen:  0)
 30831960      5312  71733816  0.000  0.000  187.188   25.722    0    0  (Gen:  0)
 30626752      4584  71733536  0.000  0.000  187.422   25.759    0    0  (Gen:  0)
 28806608      4760  71734288  0.000  0.000  187.641   25.794    0    0  (Gen:  0)
 29181032      4680  71734720  0.000  0.000  188.000   25.829    0    0  (Gen:  0)
 29113304      5008  71735560  0.000  0.000  188.250   25.864    0    0  (Gen:  0)
 30504472      5288  71736352  0.000  0.000  188.469   25.901    0    0  (Gen:  0)
 29275864      4520  71736128  0.000  0.000  188.812   25.937    0    0  (Gen:  0)
 28408272      5008  71737160  0.000  0.000  189.062   25.972    0    0  (Gen:  0)
 27876944      4912  71737576  0.000  0.000  189.266   26.007    0    0  (Gen:  0)
 29000384      4624  71737736  0.000  0.000  189.516   26.042    0    0  (Gen:  0)
 28693656      4616  71738272  0.000  0.000  189.891   26.077    0    0  (Gen:  0)
 29930456      5736  71739904  0.000  0.000  190.125   26.114    0    0  (Gen:  0)
 26757256      4592  71739272  0.000  0.000  190.328   26.145    0    0  (Gen:  0)
 27381224      6168  71741328  0.000  0.000  190.578   26.179    0    0  (Gen:  0)
 28632448      4800  71740536  0.000  0.000  190.828   26.212    0    0  (Gen:  0)
 27493280      4888  71741872  0.000  0.000  191.078   26.245    0    0  (Gen:  0)
 30063616      4464  71742440  0.000  0.000  191.422   26.281    0    0  (Gen:  0)
 29750216      4664  71743312  0.000  0.000  191.672   26.318    0    0  (Gen:  0)
 30269280      5256  71744416  0.000  0.000  191.922   26.356    0    0  (Gen:  0)
 29568896      3912  71743616  0.000  0.000  192.281   26.393    0    0  (Gen:  0)
 29938720      5000  71745184  0.000  0.000  192.516   26.430    0    0  (Gen:  0)
 29194392      4648  71745248  0.000  0.000  192.750   26.466    0    0  (Gen:  0)
 31316800      4872  71745952  0.000  0.000  193.109   26.504    0    0  (Gen:  0)
 30552768      4352  71745880  0.000  0.000  193.344   26.542    0    0  (Gen:  0)
 30452728      6432  71748472  0.000  0.000  193.719   26.579    0    0  (Gen:  0)
 29917632  69863104  71673624  0.141  0.030  194.109   26.646    0    0  (Gen:  1)
 29578952      4304  71673112  0.000  0.000  194.359   26.682    0    0  (Gen:  0)
 23962496      5312  71674696  0.000  0.000  194.609   26.709    0    0  (Gen:  0)
 30587088      4360  71675152  0.000  0.000  194.859   26.747    0    0  (Gen:  0)
 30474072      5336  71676784  0.000  0.000  195.203   26.784    0    0  (Gen:  0)
 29426544      4160  71676184  0.000  0.000  195.453   26.820    0    0  (Gen:  0)
 30107248      4584  71677024  0.000  0.000  195.688   26.857    0    0  (Gen:  0)
 29626432      5432  71678448  0.000  0.000  196.031   26.894    0    0  (Gen:  0)
 29100136      4328  71677824  0.000  0.000  196.250   26.929    0    0  (Gen:  0)
 30574600      4880  71678856  0.000  0.000  196.625   26.967    0    0  (Gen:  0)
 28626736      4952  71679440  0.000  0.000  196.859   27.003    0    0  (Gen:  0)
 30390072      5104  71680072  0.000  0.000  197.094   27.041    0    0  (Gen:  0)
 27411024      5320  71680848  0.000  0.000  197.344   27.074    0    0  (Gen:  0)
 28822280      4640  71681096  0.000  0.000  197.703   27.108    0    0  (Gen:  0)
 26915064      5072  71682552  0.000  0.000  197.938   27.141    0    0  (Gen:  0)
 30529960      4816  71682840  0.000  0.000  198.188   27.178    0    0  (Gen:  0)
 30187384      4048  71682552  0.000  0.000  198.438   27.216    0    0  (Gen:  0)
 30050320      4464  71683352  0.000  0.000  198.812   27.253    0    0  (Gen:  0)
 28614688      5656  71684992  0.000  0.000  199.000   27.288    0    0  (Gen:  0)
 29452816      4584  71684304  0.000  0.000  199.250   27.325    0    0  (Gen:  0)
 30680544      5072  71685272  0.000  0.000  199.625   27.363    0    0  (Gen:  0)
 30548880      5416  71686160  0.000  0.000  199.859   27.401    0    0  (Gen:  0)
 29761120      6368  71687560  0.000  0.000  200.234   27.437    0    0  (Gen:  0)
 29773208      4640  71686312  0.000  0.000  200.484   27.473    0    0  (Gen:  0)
 28649152      7272  71689424  0.000  0.000  200.719   27.509    0    0  (Gen:  0)
 29212544      3856  71686392  0.000  0.000  201.062   27.545    0    0  (Gen:  0)
 28681248      5424  71688440  0.000  0.000  201.312   27.580    0    0  (Gen:  0)
 18057200      3408  71687000  0.000  0.000  201.391   27.620    0    0  (Gen:  0)
 23926048      5088  71689192  0.000  0.000  201.562   27.651    0    0  (Gen:  0)
 24149872      5648  71690344  0.000  0.000  201.766   27.680    0    0  (Gen:  0)
 28123712      4440  71689616  0.000  0.000  202.016   27.714    0    0  (Gen:  0)
 29387800  69808128  71618648  0.031  0.031  202.406   27.781    0    0  (Gen:  1)
 29468688      4808  71619072  0.000  0.000  202.625   27.817    0    0  (Gen:  0)
 31285160      4936  71619760  0.000  0.000  202.875   27.855    0    0  (Gen:  0)
 28609680      5584  71620888  0.000  0.000  203.234   27.889    0    0  (Gen:  0)
 28213528      4472  71620256  0.000  0.000  203.484   27.923    0    0  (Gen:  0)
 30716488      5144  71621440  0.000  0.000  203.734   27.960    0    0  (Gen:  0)
 29819592      4896  71621672  0.000  0.000  203.984   27.996    0    0  (Gen:  0)
 30646384      4560  71621848  0.000  0.000  204.328   28.034    0    0  (Gen:  0)
 30818496      5024  71622792  0.000  0.000  204.578   28.072    0    0  (Gen:  0)
 29673104      5640  71623920  0.000  0.000  204.922   28.108    0    0  (Gen:  0)
 27053192      4744  71623504  0.000  0.000  205.141   28.141    0    0  (Gen:  0)
 30340088      4424  71623664  0.000  0.000  205.391   28.178    0    0  (Gen:  0)
 30225736      4568  71624288  0.000  0.000  205.641   28.215    0    0  (Gen:  0)
 30372096      5952  71626120  0.000  0.000  206.000   28.252    0    0  (Gen:  0)
 31126280      4768  71625480  0.000  0.000  206.234   28.289    0    0  (Gen:  0)
 30787496      4824  71626080  0.000  0.000  206.609   28.327    0    0  (Gen:  0)
 30075856      4528  71626392  0.000  0.000  206.859   28.363    0    0  (Gen:  0)
 30056952      6728  71629072  0.000  0.000  207.094   28.399    0    0  (Gen:  0)
 31049856      5288  71628176  0.000  0.000  207.453   28.437    0    0  (Gen:  0)
 28949968      5528  71629024  0.000  0.000  207.703   28.473    0    0  (Gen:  0)
 27927008      5512  71629584  0.000  0.000  207.922   28.506    0    0  (Gen:  0)
 29175208      6136  71630688  0.000  0.000  208.156   28.541    0    0  (Gen:  0)
 29033552      6096  71631128  0.000  0.000  208.391   28.575    0    0  (Gen:  0)
 30020296      5160  71630704  0.000  0.000  208.766   28.611    0    0  (Gen:  0)
 30579928      4800  71630920  0.000  0.000  209.000   28.648    0    0  (Gen:  0)
 30479808      5496  71632128  0.000  0.000  209.250   28.685    0    0  (Gen:  0)
 28049776      6664  71633840  0.000  0.000  209.625   28.718    0    0  (Gen:  0)
 31349032      5680  71633400  0.000  0.000  209.859   28.755    0    0  (Gen:  0)
 31584080      7488  71635848  0.000  0.000  210.109   28.792    0    0  (Gen:  0)
 31511944      5240  71634144  0.000  0.000  210.484   28.829    0    0  (Gen:  0)
 31380528      5016  71634624  0.000  0.000  210.734   28.866    0    0  (Gen:  0)
 30547768      5440  71635592  0.000  0.000  210.969   28.902    0    0  (Gen:  0)
 30765608      5432  71636128  0.000  0.000  211.328   28.940    0    0  (Gen:  0)
 29571016      4976  71636216  0.000  0.000  211.562   28.975    0    0  (Gen:  0)
 29017616      5328  71637080  0.000  0.000  211.797   29.010    0    0  (Gen:  0)
 29336112  69747896  71558416  0.016  0.030  212.156   29.076    0    0  (Gen:  1)
 28197368      5592  71559576  0.000  0.000  212.406   29.108    0    0  (Gen:  0)
 28896120      5320  71560584  0.000  0.000  212.750   29.143    0    0  (Gen:  0)
 28724576      5024  71561056  0.000  0.000  213.000   29.177    0    0  (Gen:  0)
 30167912      5184  71561712  0.000  0.000  213.250   29.215    0    0  (Gen:  0)
 29926296      5424  71562400  0.000  0.000  213.625   29.252    0    0  (Gen:  0)
 30424064      4944  71562464  0.000  0.000  213.859   29.288    0    0  (Gen:  0)
 29053136      5064  71563128  0.000  0.000  214.094   29.324    0    0  (Gen:  0)
 30023200      4888  71563432  0.000  0.000  214.469   29.360    0    0  (Gen:  0)
 29636136      5440  71564528  0.000  0.000  214.703   29.396    0    0  (Gen:  0)
 29787320      5760  71565360  0.000  0.000  214.938   29.432    0    0  (Gen:  0)
 29443320      6344  71566552  0.000  0.000  215.234   29.467    0    0  (Gen:  0)
 29793328      6240  71567056  0.000  0.000  215.438   29.503    0    0  (Gen:  0)
 28758136      5448  71566776  0.000  0.000  215.672   29.537    0    0  (Gen:  0)
 29390696      5328  71567152  0.000  0.000  215.906   29.573    0    0  (Gen:  0)
 29259576      5032  71567304  0.000  0.000  216.281   29.609    0    0  (Gen:  0)
 28222840      5320  71568104  0.000  0.000  216.516   29.642    0    0  (Gen:  0)
 28716168      5176  71568440  0.000  0.000  216.750   29.677    0    0  (Gen:  0)
 28681048      5112  71568888  0.000  0.000  216.984   29.711    0    0  (Gen:  0)
 29978728      4984  71569176  0.000  0.000  217.219   29.748    0    0  (Gen:  0)
 28436704      4880  71569584  0.000  0.000  217.562   29.783    0    0  (Gen:  0)
 29457976      4416  71569632  0.000  0.000  217.797   29.818    0    0  (Gen:  0)
 28160136      6168  71571832  0.000  0.000  218.047   29.853    0    0  (Gen:  0)
 30233816      5136  71571344  0.000  0.000  218.297   29.889    0    0  (Gen:  0)
 27744600      5216  71571904  0.000  0.000  218.641   29.923    0    0  (Gen:  0)
 30496952      5856  71573088  0.000  0.000  218.891   29.960    0    0  (Gen:  0)
 27197928      5520  71573296  0.000  0.000  219.141   29.993    0    0  (Gen:  0)
 30350808      4704  71572960  0.000  0.000  219.500   30.031    0    0  (Gen:  0)
 31013200      4056  71572792  0.000  0.000  219.719   30.069    0    0  (Gen:  0)
 29584696  69696976  71507496  0.141  0.030  220.109   30.137    0    0  (Gen:  1)
 29602072      4320  71507808  0.000  0.000  220.453   30.174    0    0  (Gen:  0)
 29951528      4600  71508568  0.000  0.000  220.688   30.212    0    0  (Gen:  0)
 29943632      4144  71508592  0.000  0.000  221.016   30.249    0    0  (Gen:  0)
 30107488      5600  71510560  0.000  0.000  221.250   30.286    0    0  (Gen:  0)
 17393184      4080  71509648  0.000  0.000  221.375   30.329    0    0  (Gen:  0)
 27267848      5048  71511032  0.000  0.000  221.609   30.363    0    0  (Gen:  0)
 25678032      5840  71512544  0.000  0.000  221.812   30.396    0    0  (Gen:  0)
 30131624      4576  71511808  0.000  0.000  222.047   30.433    0    0  (Gen:  0)
 27825424      4984  71512792  0.000  0.000  222.406   30.467    0    0  (Gen:  0)
 30655896      4856  71513112  0.000  0.000  222.641   30.505    0    0  (Gen:  0)
 30128512      5296  71514064  0.000  0.000  222.875   30.541    0    0  (Gen:  0)
 30096568      4272  71513552  0.000  0.000  223.219   30.579    0    0  (Gen:  0)
 29328288      3800  71513592  0.000  0.000  223.469   30.615    0    0  (Gen:  0)
 28988320      7936  71518208  0.000  0.000  223.703   30.649    0    0  (Gen:  0)
 31039856      5208  71515960  0.000  0.000  224.062   30.688    0    0  (Gen:  0)
 29320016      5328  71516624  0.000  0.000  224.297   30.723    0    0  (Gen:  0)
 29114784      4896  71516736  0.000  0.000  224.547   30.757    0    0  (Gen:  0)
 30420424      5800  71518056  0.000  0.000  224.781   30.794    0    0  (Gen:  0)
 29494136      5632  71518464  0.000  0.000  225.047   30.830    0    0  (Gen:  0)
 30191816      4800  71518112  0.000  0.000  225.281   30.866    0    0  (Gen:  0)
 29320952      4912  71518704  0.000  0.000  225.516   30.902    0    0  (Gen:  0)
 30828824      6744  71521048  0.000  0.000  225.875   30.940    0    0  (Gen:  0)
 24163800      6104  71520888  0.000  0.000  226.000   30.966    0    0  (Gen:  0)
 29587080      4432  71520560  0.000  0.000  226.344   31.003    0    0  (Gen:  0)
 29310992      5864  71522632  0.000  0.000  226.578   31.038    0    0  (Gen:  0)
 29616200      4288  71521568  0.000  0.000  226.812   31.075    0    0  (Gen:  0)
 29450920      4728  71522520  0.000  0.000  227.188   31.110    0    0  (Gen:  0)
 26799904      4624  71523024  0.000  0.000  227.344   31.142    0    0  (Gen:  0)
 27751824      5032  71523976  0.000  0.000  227.578   31.175    0    0  (Gen:  0)
 28499960      5320  71524776  0.000  0.000  227.812   31.209    0    0  (Gen:  0)
 29422936  69644392  71454912  0.125  0.030  228.188   31.275    0    0  (Gen:  1)
 29469080      4944  71455312  0.000  0.000  228.484   31.311    0    0  (Gen:  0)
 27912592      5528  71456488  0.000  0.000  228.703   31.346    0    0  (Gen:  0)
 29638640      4752  71456224  0.000  0.000  228.953   31.383    0    0  (Gen:  0)
 29391968      6656  71458720  0.000  0.000  229.172   31.418    0    0  (Gen:  0)
 29951960      6072  71458616  0.000  0.000  229.531   31.455    0    0  (Gen:  0)
 28460696      4696  71457816  0.000  0.000  229.781   31.490    0    0  (Gen:  0)
 27629488      6000  71459664  0.000  0.000  229.984   31.523    0    0  (Gen:  0)
 27441048      5240  71459352  0.000  0.000  230.203   31.556    0    0  (Gen:  0)
 30445184      4488  71459064  0.000  0.000  230.562   31.593    0    0  (Gen:  0)
 26533296      4752  71459840  0.000  0.000  230.797   31.626    0    0  (Gen:  0)
 28839688      5768  71461368  0.000  0.000  231.031   31.661    0    0  (Gen:  0)
 29860128      6072  71462056  0.000  0.000  231.266   31.698    0    0  (Gen:  0)
 29809512      4368  71460928  0.000  0.000  231.641   31.736    0    0  (Gen:  0)
 28273488      5624  71462696  0.000  0.000  231.891   31.770    0    0  (Gen:  0)
 28329840      3656  71461240  0.000  0.000  232.125   31.804    0    0  (Gen:  0)
 29843080      4032  71462256  0.000  0.000  232.375   31.841    0    0  (Gen:  0)
 31021080      3944  71462776  0.000  0.000  232.719   31.880    0    0  (Gen:  0)
 31094000      4376  71463848  0.000  0.000  232.953   31.919    0    0  (Gen:  0)
 28284416      3768  71463688  0.000  0.000  233.328   31.953    0    0  (Gen:  0)
 30026472      5080  71465544  0.000  0.000  233.578   31.991    0    0  (Gen:  0)
 30675896      4632  71465672  0.000  0.000  233.812   32.029    0    0  (Gen:  0)
 29419608      4320  71466032  0.000  0.000  234.156   32.065    0    0  (Gen:  0)
 30287408      3808  71466096  0.000  0.000  234.391   32.103    0    0  (Gen:  0)
 26727920      4488  71467416  0.000  0.000  234.609   32.137    0    0  (Gen:  0)
 30425456      3920  71467392  0.000  0.000  234.922   32.174    0    0  (Gen:  0)
 30333912      5976  71470056  0.000  0.000  235.156   32.212    0    0  (Gen:  0)
 30062704      3992  71468680  0.000  0.000  235.531   32.249    0    0  (Gen:  0)
 29824856      4504  71469832  0.000  0.000  235.750   32.285    0    0  (Gen:  0)
 30275176      5768  71471608  0.000  0.000  236.000   32.322    0    0  (Gen:  0)
 31085808      4568  71471048  0.000  0.000  236.375   32.360    0    0  (Gen:  0)
 30055072      5448  71472536  0.000  0.000  236.609   32.397    0    0  (Gen:  0)
 29438464  69586960  71397480  0.125  0.030  236.969   32.464    0    0  (Gen:  1)
 25543464      6624  71399512  0.000  0.000  237.219   32.493    0    0  (Gen:  0)
 29047760      4480  71398616  0.000  0.000  237.422   32.529    0    0  (Gen:  0)
 29837768      3888  71398632  0.000  0.000  237.766   32.565    0    0  (Gen:  0)
 29355336      5040  71400328  0.000  0.000  238.016   32.601    0    0  (Gen:  0)
 30054208      5400  71401264  0.000  0.000  238.250   32.637    0    0  (Gen:  0)
 28287824      3776  71400152  0.000  0.000  238.594   32.672    0    0  (Gen:  0)
 30626840      5584  71402472  0.000  0.000  238.844   32.709    0    0  (Gen:  0)
 30809656      4760  71402128  0.000  0.000  239.094   32.747    0    0  (Gen:  0)
 23126792      6128  71403976  0.000  0.000  239.328   32.774    0    0  (Gen:  0)
 28709584      5720  71404848  0.000  0.000  239.547   32.810    0    0  (Gen:  0)
 27531296      4488  71404288  0.000  0.000  239.906   32.843    0    0  (Gen:  0)
 30086392      5752  71406016  0.000  0.000  240.156   32.881    0    0  (Gen:  0)
 30786528      5336  71406112  0.000  0.000  240.391   32.919    0    0  (Gen:  0)
 28001088      4440  71405728  0.000  0.000  240.734   32.954    0    0  (Gen:  0)
 29473968      3752  71405424  0.000  0.000  240.984   32.991    0    0  (Gen:  0)
 28063336      3984  71406136  0.000  0.000  241.203   33.026    0    0  (Gen:  0)
 27415368      4640  71407208  0.000  0.000  241.438   33.059    0    0  (Gen:  0)
 28408360      3880  71407632  0.000  0.000  241.781   33.094    0    0  (Gen:  0)
 22023424      3864  71408448  0.000  0.001  241.859   33.127    0    0  (Gen:  0)
 24019104      4472  71409536  0.000  0.000  242.094   33.157    0    0  (Gen:  0)
 19457224      4048  71409640  0.000  0.000  242.141   33.183    0    0  (Gen:  0)
 29765568      4528  71410584  0.000  0.000  242.500   33.221    0    0  (Gen:  0)
 29083928      3656  71410368  0.000  0.000  242.719   33.256    0    0  (Gen:  0)
 29836744      3256  71410576  0.000  0.000  242.953   33.293    0    0  (Gen:  0)
 30242320      4344  71412304  0.000  0.000  243.297   33.331    0    0  (Gen:  0)
 30161120      4592  71413192  0.000  0.000  243.547   33.368    0    0  (Gen:  0)
 29952032      3928  71413200  0.000  0.000  243.906   33.405    0    0  (Gen:  0)
 28914344      6096  71416008  0.000  0.000  244.109   33.440    0    0  (Gen:  0)
 29129696      5560  71415984  0.000  0.000  244.312   33.475    0    0  (Gen:  0)
 29692640      4808  71415872  0.000  0.000  244.562   33.512    0    0  (Gen:  0)
 29033744      5264  71416808  0.000  0.000  244.906   33.547    0    0  (Gen:  0)
 17792480  69524648  71335168  0.141  0.031  245.156   33.600    0    0  (Gen:  1)
 30761880      5448  71336712  0.000  0.000  245.391   33.637    0    0  (Gen:  0)
 27847880      5672  71337544  0.000  0.000  245.719   33.671    0    0  (Gen:  0)
 28984600      5464  71337880  0.000  0.000  245.969   33.706    0    0  (Gen:  0)
 30228416      5136  71338064  0.000  0.000  246.172   33.743    0    0  (Gen:  0)
 30005168      4488  71337960  0.000  0.000  246.422   33.780    0    0  (Gen:  0)
 30574048      5712  71339664  0.000  0.000  246.766   33.817    0    0  (Gen:  0)
 29359536      4080  71338576  0.000  0.000  246.984   33.854    0    0  (Gen:  0)
 29915616      4536  71339544  0.000  0.000  247.312   33.891    0    0  (Gen:  0)
 30107976      4912  71340496  0.000  0.000  247.547   33.928    0    0  (Gen:  0)
 29667688      4064  71340224  0.000  0.000  247.797   33.964    0    0  (Gen:  0)
 30931488      4696  71341368  0.000  0.000  248.172   34.002    0    0  (Gen:  0)
 29737696      4224  71341440  0.000  0.000  248.406   34.038    0    0  (Gen:  0)
 30884296      5040  71342832  0.000  0.000  248.656   34.076    0    0  (Gen:  0)
 29583368      4512  71342816  0.000  0.000  249.016   34.111    0    0  (Gen:  0)
 29979728      6928  71345808  0.000  0.000  249.234   34.147    0    0  (Gen:  0)
 29229176      4624  71344048  0.000  0.000  249.484   34.182    0    0  (Gen:  0)
 28325600      4672  71344704  0.000  0.000  249.734   34.216    0    0  (Gen:  0)
 28714072      4096  71344672  0.000  0.000  250.109   34.251    0    0  (Gen:  0)
 29654568      4816  71346032  0.000  0.000  250.344   34.287    0    0  (Gen:  0)
 26792672      5656  71347384  0.000  0.000  250.578   34.318    0    0  (Gen:  0)
 25397440      4392  71346728  0.000  0.000  250.828   34.349    0    0  (Gen:  0)
 29584080      4592  71347440  0.000  0.000  251.078   34.385    0    0  (Gen:  0)
 29121768      4256  71347712  0.000  0.000  251.312   34.420    0    0  (Gen:  0)
 27565448      5208  71349272  0.000  0.000  251.672   34.452    0    0  (Gen:  0)
 23874328      5448  71350088  0.000  0.000  251.797   34.481    0    0  (Gen:  0)
 30401168      4144  71349264  0.000  0.000  252.172   34.517    0    0  (Gen:  0)
 29768824      5224  71350920  0.000  0.000  252.406   34.554    0    0  (Gen:  0)
 29307960      4896  71351136  0.000  0.000  252.609   34.589    0    0  (Gen:  0)
 29220120      6360  71353112  0.000  0.000  252.984   34.624    0    0  (Gen:  0)
 30118024      6136  71353432  0.000  0.000  253.219   34.660    0    0  (Gen:  0)
 29224360      4992  71352816  0.000  0.000  253.453   34.695    0    0  (Gen:  0)
 27505176  69465720  71276240  0.141  0.030  253.828   34.756    0    0  (Gen:  1)
 30594528      5288  71276912  0.000  0.000  254.062   34.793    0    0  (Gen:  0)
 29803712      5272  71277472  0.000  0.000  254.422   34.829    0    0  (Gen:  0)
 27632792      4776  71277488  0.000  0.000  254.656   34.863    0    0  (Gen:  0)
 29616656      5256  71278480  0.000  0.000  254.906   34.899    0    0  (Gen:  0)
 30182752      3960  71277776  0.000  0.000  255.266   34.937    0    0  (Gen:  0)
 28693608      5384  71279616  0.000  0.000  255.500   34.972    0    0  (Gen:  0)
 29784792      5336  71280080  0.000  0.000  255.750   35.008    0    0  (Gen:  0)
 30211048      3680  71278872  0.000  0.000  256.109   35.045    0    0  (Gen:  0)
 30316360      4744  71280416  0.000  0.000  256.344   35.083    0    0  (Gen:  0)
 28905544      5656  71281808  0.000  0.000  256.594   35.118    0    0  (Gen:  0)
 29972344      4736  71281304  0.000  0.000  256.922   35.155    0    0  (Gen:  0)
 27253232      5488  71282472  0.000  0.000  257.156   35.189    0    0  (Gen:  0)
 26727952      5656  71282992  0.000  0.000  257.375   35.222    0    0  (Gen:  0)
 28750752      4408  71282128  0.000  0.000  257.625   35.257    0    0  (Gen:  0)
 31310296      4648  71282784  0.000  0.000  257.984   35.295    0    0  (Gen:  0)
 30017392      4504  71283088  0.000  0.000  258.219   35.332    0    0  (Gen:  0)
 29008368      5056  71284056  0.000  0.000  258.469   35.367    0    0  (Gen:  0)
 26643448      4952  71284816  0.000  0.000  258.703   35.399    0    0  (Gen:  0)
 27767544      5320  71286320  0.000  0.000  258.922   35.434    0    0  (Gen:  0)
 29929872      4240  71285624  0.000  0.000  259.281   35.471    0    0  (Gen:  0)
 30656376      4496  71286392  0.000  0.000  259.531   35.510    0    0  (Gen:  0)
 30369216      4376  71286784  0.000  0.000  259.906   35.548    0    0  (Gen:  0)
 29274912      4120  71286944  0.000  0.000  260.156   35.584    0    0  (Gen:  0)
 29168520      3912  71287248  0.000  0.000  260.406   35.620    0    0  (Gen:  0)
 28980272      4488  71288336  0.000  0.000  260.766   35.656    0    0  (Gen:  0)
 29839568      3808  71288200  0.000  0.000  261.016   35.692    0    0  (Gen:  0)
 29697392      4064  71288872  0.000  0.000  261.266   35.729    0    0  (Gen:  0)
 29898672      3992  71289408  0.000  0.000  261.609   35.766    0    0  (Gen:  0)
 29220288  69417096  71227616  0.125  0.029  261.969   35.830    0    0  (Gen:  1)
 28724504      6360  71230144  0.000  0.000  262.219   35.865    0    0  (Gen:  0)
 29306120      4992  71229320  0.000  0.000  262.438   35.901    0    0  (Gen:  0)
 18423744      5008  71229880  0.000  0.000  262.594   35.945    0    0  (Gen:  0)
 25627840      4776  71230224  0.000  0.000  262.797   35.977    0    0  (Gen:  0)
 25384552      5304  71231296  0.000  0.000  263.000   36.005    0    0  (Gen:  0)
 28047672      4456  71232064  0.000  0.000  263.234   36.038    0    0  (Gen:  0)
 29598104      4048  71232408  0.000  0.000  263.469   36.074    0    0  (Gen:  0)
 25461912      5936  71234968  0.000  0.000  263.703   36.104    0    0  (Gen:  0)
 30132984      4216  71233760  0.000  0.000  264.078   36.140    0    0  (Gen:  0)
 27067136      4440  71234592  0.000  0.000  264.328   36.173    0    0  (Gen:  0)
 28382120      5408  71236200  0.000  0.000  264.562   36.206    0    0  (Gen:  0)
 27942744      4680  71236016  0.000  0.000  264.812   36.240    0    0  (Gen:  0)
 30027480      5888  71237736  0.000  0.000  265.047   36.276    0    0  (Gen:  0)
 29786048      4920  71237312  0.000  0.000  265.406   36.312    0    0  (Gen:  0)
 28499792      4584  71237456  0.000  0.000  265.656   36.347    0    0  (Gen:  0)
 30445624      4952  71238400  0.000  0.000  265.906   36.385    0    0  (Gen:  0)
 29301848      4960  71238952  0.000  0.000  266.219   36.421    0    0  (Gen:  0)
 30629480      4288  71238824  0.000  0.000  266.469   36.458    0    0  (Gen:  0)
 23733536      6224  71241304  0.000  0.000  266.688   36.486    0    0  (Gen:  0)
 30208984      5608  71242000  0.000  0.000  266.938   36.525    0    0  (Gen:  0)
 30569688      4792  71241696  0.000  0.000  267.281   36.563    0    0  (Gen:  0)
 27354824      5208  71242592  0.000  0.000  267.531   36.596    0    0  (Gen:  0)
 28694096      4232  71242000  0.000  0.000  267.781   36.632    0    0  (Gen:  0)
 30165376      4256  71242504  0.000  0.000  268.016   36.670    0    0  (Gen:  0)
 29747168      4568  71243360  0.000  0.000  268.375   36.708    0    0  (Gen:  0)
 29094616      6072  71245376  0.000  0.000  268.609   36.744    0    0  (Gen:  0)
 29813360      5656  71245344  0.000  0.000  268.969   36.781    0    0  (Gen:  0)
 30371688      5512  71245680  0.000  0.000  269.188   36.819    0    0  (Gen:  0)
 30437784      5272  71245888  0.000  0.000  269.438   36.857    0    0  (Gen:  0)
 30523880      5144  71246272  0.000  0.000  269.812   36.894    0    0  (Gen:  0)
 28914512      5312  71246888  0.000  0.000  270.047   36.930    0    0  (Gen:  0)
 30619408  69356808  71167328  0.031  0.031  270.453   37.000    0    0  (Gen:  1)
 30122456      4240  71168488  0.000  0.000  270.688   37.038    0    0  (Gen:  0)
 29870808      4424  71169152  0.000  0.000  270.922   37.075    0    0  (Gen:  0)
 30220008      4608  71169848  0.000  0.000  271.297   37.112    0    0  (Gen:  0)
 28326504      4984  71170832  0.000  0.000  271.531   37.146    0    0  (Gen:  0)
 29950544      4544  71170872  0.000  0.000  271.766   37.184    0    0  (Gen:  0)
 28423088      5952  71172792  0.000  0.000  272.094   37.218    0    0  (Gen:  0)
 25300616      4832  71172152  0.000  0.000  272.344   37.249    0    0  (Gen:  0)
 30027632      5184  71172984  0.000  0.000  272.578   37.286    0    0  (Gen:  0)
 30530232      5112  71173520  0.000  0.000  272.828   37.324    0    0  (Gen:  0)
 29692032      5632  71174600  0.000  0.000  273.203   37.359    0    0  (Gen:  0)
 28885224      5680  71175160  0.000  0.000  273.438   37.394    0    0  (Gen:  0)
 30670096      4712  71174800  0.000  0.000  273.672   37.432    0    0  (Gen:  0)
 30469104      4992  71175592  0.000  0.000  274.047   37.470    0    0  (Gen:  0)
 29386824      4912  71175992  0.000  0.000  274.234   37.505    0    0  (Gen:  0)
 31205704      6176  71177704  0.000  0.000  274.469   37.543    0    0  (Gen:  0)
 29095392      6488  71178560  0.000  0.000  274.844   37.579    0    0  (Gen:  0)
 30389584      4488  71176976  0.000  0.000  275.078   37.616    0    0  (Gen:  0)
 30276888      6288  71179288  0.000  0.000  275.328   37.653    0    0  (Gen:  0)
 31019432      4264  71177712  0.000  0.000  275.688   37.691    0    0  (Gen:  0)
 29345888      5296  71179192  0.000  0.000  275.938   37.727    0    0  (Gen:  0)
 29462784      5272  71179584  0.000  0.000  276.188   37.763    0    0  (Gen:  0)
 30066160      4392  71179152  0.000  0.000  276.547   37.800    0    0  (Gen:  0)
 30475520      3976  71179216  0.000  0.000  276.797   37.838    0    0  (Gen:  0)
 30577968      4672  71180328  0.000  0.000  277.172   37.875    0    0  (Gen:  0)
 29473760      4960  71181160  0.000  0.000  277.344   37.911    0    0  (Gen:  0)
 28892016      5464  71182080  0.000  0.000  277.578   37.946    0    0  (Gen:  0)
 30714536      5360  71182520  0.000  0.000  277.953   37.984    0    0  (Gen:  0)
 30607712      4856  71182560  0.000  0.000  278.203   38.020    0    0  (Gen:  0)
 31052888      4480  71182632  0.000  0.000  278.422   38.058    0    0  (Gen:  0)
 31359936      5648  71184376  0.000  0.000  278.766   38.094    0    0  (Gen:  0)
 30882880      4480  71183720  0.000  0.000  279.016   38.132    0    0  (Gen:  0)
 30341880  69307128  71117648  0.125  0.030  279.375   38.197    0    0  (Gen:  1)
 27353320      5352  71117128  0.000  0.000  279.609   38.230    0    0  (Gen:  0)
 29306544      5256  71117544  0.000  0.000  279.969   38.266    0    0  (Gen:  0)
 30045504      5904  71118800  0.000  0.000  280.203   38.303    0    0  (Gen:  0)
 29700808      6296  71119704  0.000  0.000  280.453   38.338    0    0  (Gen:  0)
 30544224      4568  71118584  0.000  0.000  280.828   38.375    0    0  (Gen:  0)
 30223736      5672  71120232  0.000  0.000  281.078   38.411    0    0  (Gen:  0)
 30008656      4264  71119368  0.000  0.000  281.312   38.447    0    0  (Gen:  0)
 29606328      5144  71120856  0.000  0.000  281.562   38.483    0    0  (Gen:  0)
 29055896      4400  71120688  0.000  0.000  281.891   38.518    0    0  (Gen:  0)
 24372432      5176  71121976  0.000  0.000  282.047   38.548    0    0  (Gen:  0)
 28872352      5608  71122856  0.000  0.000  282.281   38.582    0    0  (Gen:  0)
 27228200      4448  71122304  0.000  0.000  282.531   38.614    0    0  (Gen:  0)
 23421936      7440  71125904  0.000  0.000  282.781   38.640    0    0  (Gen:  0)
 29630600      5864  71125768  0.000  0.000  283.016   38.675    0    0  (Gen:  0)
 30435544      5648  71126128  0.000  0.000  283.266   38.711    0    0  (Gen:  0)
 21622408      4248  71125368  0.000  0.000  283.500   38.761    0    0  (Gen:  0)
 26273520      3808  71125280  0.000  0.000  283.719   38.792    0    0  (Gen:  0)
 27515368      4288  71126304  0.000  0.000  284.062   38.827    0    0  (Gen:  0)
 31480664      4592  71127088  0.000  0.000  284.312   38.866    0    0  (Gen:  0)
 30262640      4224  71127312  0.000  0.000  284.562   38.903    0    0  (Gen:  0)
 29718560      4504  71128072  0.000  0.000  284.891   38.939    0    0  (Gen:  0)
 28213984      4992  71129040  0.000  0.000  285.125   38.974    0    0  (Gen:  0)
 29006160      5064  71129528  0.000  0.000  285.375   39.010    0    0  (Gen:  0)
 31368576      5008  71129920  0.000  0.000  285.734   39.049    0    0  (Gen:  0)
 31200224      4952  71130376  0.000  0.000  285.969   39.088    0    0  (Gen:  0)
 29027776      5688  71131656  0.000  0.000  286.188   39.123    0    0  (Gen:  0)
 29825488      5792  71132272  0.000  0.000  286.547   39.159    0    0  (Gen:  0)
 30488200      4768  71131760  0.000  0.000  286.766   39.196    0    0  (Gen:  0)
 29132696      5800  71133336  0.000  0.000  287.016   39.232    0    0  (Gen:  0)
 27541872      5760  71133744  0.000  0.000  287.375   39.265    0    0  (Gen:  0)
 28425536      4976  71166200  0.000  0.000  287.609   39.299    0    0  (Gen:  0)
 22398880  69249336  71059856  0.016  0.029  287.859   39.356    0    0  (Gen:  1)
 29923184      4760  71059752  0.000  0.000  288.219   39.391    0    0  (Gen:  0)
 29546520      5424  71060928  0.000  0.000  288.453   39.426    0    0  (Gen:  0)
 30259776      4696  71060744  0.000  0.000  288.703   39.463    0    0  (Gen:  0)
 30648768      5304  71061896  0.000  0.000  289.078   39.501    0    0  (Gen:  0)
 31626640      5600  71095432  0.000  0.000  289.312   39.539    0    0  (Gen:  0)
 31060240      5872  71096280  0.000  0.000  289.531   39.576    0    0  (Gen:  0)
 29701968      4848  71062976  0.000  0.000  289.891   39.611    0    0  (Gen:  0)
 31608544      4672  71096104  0.000  0.000  290.141   39.649    0    0  (Gen:  0)
 29481592      5576  71097552  0.000  0.000  290.500   39.685    0    0  (Gen:  0)
 30668728      5136  71097528  0.000  0.000  290.750   39.723    0    0  (Gen:  0)
 30070456      5944  71098880  0.000  0.000  291.000   39.759    0    0  (Gen:  0)
 28564368      4960  71098448  0.000  0.000  291.219   39.794    0    0  (Gen:  0)
 28678520      4928  71098864  0.000  0.000  291.578   39.830    0    0  (Gen:  0)
 30281592      4840  71099288  0.000  0.000  291.828   39.867    0    0  (Gen:  0)
 28647264      5152  71100080  0.000  0.000  292.078   39.902    0    0  (Gen:  0)
 30456312      4800  71100272  0.000  0.000  292.438   39.939    0    0  (Gen:  0)
 30707720      4976  71100960  0.000  0.000  292.688   39.977    0    0  (Gen:  0)
 29560184      4344  71100840  0.047  0.000  293.000   40.013    0    0  (Gen:  0)
 29649240      6832  71103840  0.000  0.000  293.203   40.049    0    0  (Gen:  0)
 30870800      5000  71102616  0.000  0.000  293.438   40.087    0    0  (Gen:  0)
 29292264      4504  71102664  0.000  0.000  293.672   40.122    0    0  (Gen:  0)
 28450200      5672  71104424  0.000  0.000  294.000   40.157    0    0  (Gen:  0)
 30654696      5776  71105040  0.000  0.000  294.234   40.194    0    0  (Gen:  0)
 29104784      6888  71106696  0.000  0.000  294.453   40.229    0    0  (Gen:  0)
 28245376      6304  71106720  0.000  0.000  294.688   40.262    0    0  (Gen:  0)
 27183312      5048  71106008  0.000  0.000  294.875   40.293    0    0  (Gen:  0)
 30056840      5088  71106592  0.000  0.000  295.250   40.330    0    0  (Gen:  0)
 30321864      5344  71107424  0.000  0.000  295.484   40.366    0    0  (Gen:  0)
 31075832      4736  71107328  0.000  0.000  295.734   40.403    0    0  (Gen:  0)
 30996712      5264  71108464  0.000  0.000  296.094   40.440    0    0  (Gen:  0)
 29257080      5240  71109048  0.000  0.000  296.344   40.476    0    0  (Gen:  0)
 26546104      6488  71110872  0.000  0.000  296.578   40.506    0    0  (Gen:  0)
 29729920  69189824  71033112  0.141  0.031  296.969   40.573    0    0  (Gen:  1)
 30679792      4960  71032504  0.000  0.000  297.344   40.610    0    0  (Gen:  0)
 31315896      4104  71032256  0.000  0.000  297.594   40.649    0    0  (Gen:  0)
 31134616      5280  71033912  0.000  0.000  297.953   40.687    0    0  (Gen:  0)
 30505616      4712  71033984  0.000  0.000  298.188   40.725    0    0  (Gen:  0)
 31121784      4344  71034160  0.000  0.000  298.438   40.763    0    0  (Gen:  0)
 30411304      4216  71034640  0.000  0.000  298.797   40.801    0    0  (Gen:  0)
 30926616      4368  71035400  0.000  0.000  299.047   40.838    0    0  (Gen:  0)
 28214584      4544  71036120  0.000  0.000  299.281   40.872    0    0  (Gen:  0)
 31021856      5632  71037720  0.000  0.000  299.656   40.910    0    0  (Gen:  0)
 30412440      5624  71038288  0.000  0.000  299.891   40.947    0    0  (Gen:  0)
 26467160      4576  71037848  0.000  0.000  300.125   40.978    0    0  (Gen:  0)
 27961592      5096  71039552  0.000  0.000  300.375   41.012    0    0  (Gen:  0)
 30800256      4704  71039992  0.000  0.000  300.734   41.051    0    0  (Gen:  0)
 31133336      4336  71040200  0.000  0.000  300.969   41.090    0    0  (Gen:  0)
 29651088      4416  71040728  0.000  0.000  301.344   41.126    0    0  (Gen:  0)
 28371616      4544  71041816  0.000  0.000  301.562   41.160    0    0  (Gen:  0)
 30514296      4008  71042432  0.000  0.000  301.797   41.198    0    0  (Gen:  0)
 30239576      4544  71043544  0.000  0.000  302.172   41.235    0    0  (Gen:  0)
 28226568      4848  71044424  0.000  0.000  302.422   41.270    0    0  (Gen:  0)
 28281584      4288  71044376  0.000  0.000  302.625   41.305    0    0  (Gen:  0)
 28901488      5920  71046456  0.000  0.000  302.812   41.341    0    0  (Gen:  0)
 29472768      5104  71046152  0.000  0.000  303.172   41.377    0    0  (Gen:  0)
 30971464      5528  71047056  0.000  0.000  303.422   41.416    0    0  (Gen:  0)
 29579320      4736  71046776  0.000  0.000  303.781   41.453    0    0  (Gen:  0)
 31283824      4808  71047360  0.000  0.000  304.031   41.491    0    0  (Gen:  0)
 18171080      4304  71047336  0.000  0.001  304.125   41.514    0    0  (Gen:  0)
 17480168      4816  71048360  0.000  0.000  304.203   41.542    0    0  (Gen:  0)
 25341248      5088  71049112  0.000  0.000  304.406   41.572    0    0  (Gen:  0)
 27972200      6248  71050832  0.000  0.000  304.609   41.607    0    0  (Gen:  0)
 30426592      4808  71049984  0.000  0.000  304.938   41.645    0    0  (Gen:  0)
 29299568      4392  71050048  0.000  0.000  305.172   41.681    0    0  (Gen:  0)
 30456160      4232  71050432  0.000  0.000  305.547   41.719    0    0  (Gen:  0)
 31072568      4280  71051024  0.000  0.000  305.797   41.759    0    0  (Gen:  0)
 30431816      4520  71051840  0.000  0.000  306.156   41.796    0    0  (Gen:  0)
 27947232      4888  71085544  0.000  0.000  306.391   41.830    0    0  (Gen:  0)
 29380632      3728  71084864  0.000  0.000  306.609   41.865    0    0  (Gen:  0)
 29394640      5920  71087664  0.000  0.000  306.859   41.900    0    0  (Gen:  0)
 12028320  69116288  70992336  0.125  0.029  307.109   41.943    0    0  (Gen:  1)
 31274976      5048  70994176  0.000  0.000  307.359   41.981    0    0  (Gen:  0)
 30804248      4352  70994200  0.000  0.000  307.703   42.018    0    0  (Gen:  0)
 28543296      5032  70995552  0.000  0.000  307.938   42.053    0    0  (Gen:  0)
 28238392      3992  70995096  0.000  0.000  308.141   42.088    0    0  (Gen:  0)
 29059472      5552  70997232  0.000  0.000  308.375   42.123    0    0  (Gen:  0)
 30437088      5512  70997768  0.000  0.000  308.750   42.159    0    0  (Gen:  0)
 29587944      5288  70998088  0.000  0.000  308.953   42.195    0    0  (Gen:  0)
 29597736      4928  70998304  0.000  0.000  309.203   42.231    0    0  (Gen:  0)
 27809712      4864  70998816  0.000  0.000  309.578   42.265    0    0  (Gen:  0)
 29030368      4936  70999464  0.000  0.000  309.812   42.300    0    0  (Gen:  0)
 28581216      4896  71000000  0.000  0.000  310.047   42.333    0    0  (Gen:  0)
 29449176      4528  71000144  0.000  0.000  310.281   42.368    0    0  (Gen:  0)
 28961168      4800  71001056  0.000  0.000  310.531   42.403    0    0  (Gen:  0)
 29699824      5032  71001800  0.000  0.000  310.875   42.438    0    0  (Gen:  0)
 28445904      5968  71003344  0.000  0.000  311.125   42.472    0    0  (Gen:  0)
 28801896      4512  71002496  0.000  0.000  311.375   42.507    0    0  (Gen:  0)
 27952944      6040  71004504  0.000  0.000  311.625   42.540    0    0  (Gen:  0)
 28435488      6560  71005536  0.000  0.000  311.859   42.575    0    0  (Gen:  0)
 28345584      5784  71005368  0.000  0.000  312.234   42.609    0    0  (Gen:  0)
 30452192      6256  71006288  0.000  0.000  312.469   42.645    0    0  (Gen:  0)
 28342944      6888  71007368  0.000  0.000  312.688   42.679    0    0  (Gen:  0)
 29868128      6712  71040368  0.000  0.000  312.922   42.715    0    0  (Gen:  0)
 31630360      5560  71039632  0.000  0.000  313.281   42.753    0    0  (Gen:  0)
 30421216      5088  71039640  0.000  0.000  313.500   42.789    0    0  (Gen:  0)
 31305792      6576  71041544  0.000  0.000  313.844   42.828    0    0  (Gen:  0)
 30256232      4680  71040128  0.000  0.000  314.094   42.864    0    0  (Gen:  0)
 28807448      5128  71041024  0.000  0.000  314.328   42.899    0    0  (Gen:  0)
 30833144      6416  71042760  0.000  0.000  314.688   42.937    0    0  (Gen:  0)
 29671544      6072  71042864  0.000  0.000  314.922   42.972    0    0  (Gen:  0)
 26386848      4456  71041760  0.000  0.000  315.141   43.003    0    0  (Gen:  0)
 30635384      7000  71044624  0.000  0.000  315.375   43.040    0    0  (Gen:  0)
 29338224      4288  71042360  0.000  0.000  315.609   43.075    0    0  (Gen:  0)
 29667256      5008  71043624  0.000  0.000  315.969   43.111    0    0  (Gen:  0)
 28723344      4944  71044016  0.000  0.000  316.203   43.146    0    0  (Gen:  0)
 27219120      6848  71046400  0.000  0.000  316.438   43.177    0    0  (Gen:  0)
 10844488  69053800  70962624  0.031  0.028  316.594   43.218    0    0  (Gen:  1)
 30437160      5000  70964504  0.000  0.000  316.844   43.255    0    0  (Gen:  0)
 29829088      4384  70964656  0.000  0.000  317.078   43.292    0    0  (Gen:  0)
 28957672      5112  70965864  0.000  0.000  317.438   43.327    0    0  (Gen:  0)
 28540968      5280  70966480  0.000  0.000  317.672   43.362    0    0  (Gen:  0)
 23592528      4008  70965720  0.000  0.000  317.844   43.423    0    0  (Gen:  0)
 21501928      4144  70966312  0.000  0.000  317.938   43.464    0    0  (Gen:  0)
 25741192      5248  70968216  0.000  0.000  318.062   43.495    0    0  (Gen:  0)
 21947176      6040  70969824  0.000  0.000  318.203   43.520    0    0  (Gen:  0)
 25500296      6912  70971176  0.000  0.000  318.406   43.552    0    0  (Gen:  0)
 26770720      4696  70969568  0.000  0.000  318.625   43.585    0    0  (Gen:  0)
 29690592      6112  70971400  0.000  0.000  318.875   43.621    0    0  (Gen:  0)
 30728384      4496  70970264  0.000  0.000  319.250   43.658    0    0  (Gen:  0)
 31063912      5232  70971576  0.000  0.000  319.484   43.696    0    0  (Gen:  0)
 30488600      7144  70974096  0.000  0.000  319.859   43.733    0    0  (Gen:  0)
 30198488      5016  70972416  0.000  0.000  320.109   43.771    0    0  (Gen:  0)
 29116200      4256  70972232  0.000  0.000  320.344   43.806    0    0  (Gen:  0)
 30152600      4792  70973216  0.000  0.000  320.703   43.843    0    0  (Gen:  0)
 31527472      4976  70973944  0.000  0.000  320.953   43.882    0    0  (Gen:  0)
 30849336      5080  70974592  0.000  0.000  321.203   43.920    0    0  (Gen:  0)
 28159584      4720  70974776  0.000  0.000  321.562   43.953    0    0  (Gen:  0)
 30168120      4632  70975168  0.000  0.000  321.812   43.989    0    0  (Gen:  0)
 29303832      4944  70975960  0.000  0.000  322.062   44.023    0    0  (Gen:  0)
 29631736      4568  70976224  0.000  0.000  322.281   44.058    0    0  (Gen:  0)
 24614600      5032  70977232  0.000  0.000  322.531   44.086    0    0  (Gen:  0)
 29228304      4688  70978136  0.000  0.000  322.781   44.120    0    0  (Gen:  0)
 30092864      5616  70979896  0.000  0.000  323.156   44.156    0    0  (Gen:  0)
 29944576      4368  70979160  0.000  0.000  323.406   44.193    0    0  (Gen:  0)
 28458848      5656  70981024  0.000  0.000  323.656   44.225    0    0  (Gen:  0)
 29803640      4856  71014392  0.000  0.000  323.906   44.260    0    0  (Gen:  0)
 23887992      3360  71013664  0.000  0.000  324.109   44.313    0    0  (Gen:  0)
 29467952      5376  71016128  0.000  0.000  324.297   44.350    0    0  (Gen:  0)
 28595128      3776  71015008  0.000  0.000  324.531   44.386    0    0  (Gen:  0)
 28880976      3936  71015648  0.000  0.000  324.875   44.422    0    0  (Gen:  0)
 28694440      3768  71016064  0.000  0.000  325.125   44.457    0    0  (Gen:  0)
 18694000  68991288  70965640  0.125  0.029  325.375   44.510    0    0  (Gen:  1)
 30010024      4336  70932480  0.000  0.000  325.750   44.548    0    0  (Gen:  0)
 30102704      4216  70932936  0.000  0.000  326.000   44.586    0    0  (Gen:  0)
 25162576      5224  70967216  0.000  0.000  326.234   44.615    0    0  (Gen:  0)
 28424984      4648  70967760  0.000  0.000  326.484   44.649    0    0  (Gen:  0)
 29958024      3528  70967440  0.000  0.000  326.844   44.686    0    0  (Gen:  0)
 31745800      4184  70968608  0.000  0.000  327.094   44.725    0    0  (Gen:  0)
 30650776      4752  70969656  0.000  0.000  327.344   44.763    0    0  (Gen:  0)
 27742176      5880  70971328  0.000  0.000  327.703   44.797    0    0  (Gen:  0)
 30538992      4656  70970488  0.000  0.000  327.953   44.836    0    0  (Gen:  0)
 30409400      4360  70970672  0.000  0.000  328.328   44.874    0    0  (Gen:  0)
 30678032      3968  70970768  0.000  0.000  328.578   44.912    0    0  (Gen:  0)
 26704008      4256  70971504  0.000  0.000  328.812   44.945    0    0  (Gen:  0)
 30112024      5360  70973088  0.000  0.000  329.188   44.983    0    0  (Gen:  0)
 27156800      5496  70973672  0.000  0.000  329.438   45.016    0    0  (Gen:  0)
 30397136      4856  70973416  0.000  0.000  329.688   45.055    0    0  (Gen:  0)
 30631088      4016  70973152  0.000  0.000  330.062   45.093    0    0  (Gen:  0)
 30617408      4544  70974160  0.000  0.000  330.312   45.132    0    0  (Gen:  0)
 30787288      4680  70974680  0.000  0.000  330.672   45.171    0    0  (Gen:  0)
 30319616      4640  70975120  0.000  0.000  330.906   45.209    0    0  (Gen:  0)
 30959952      4464  70975488  0.000  0.000  331.281   45.248    0    0  (Gen:  0)
 28072424      3784  70975320  0.000  0.000  331.484   45.283    0    0  (Gen:  0)
 31199816      5544  70977528  0.000  0.000  331.734   45.322    0    0  (Gen:  0)
 30441272      4560  70977088  0.000  0.000  332.109   45.360    0    0  (Gen:  0)
 30438216      4568  70977640  0.000  0.000  332.359   45.398    0    0  (Gen:  0)
 30201784      5096  70978648  0.000  0.000  332.594   45.436    0    0  (Gen:  0)
 30456528      5824  70979888  0.000  0.000  332.938   45.473    0    0  (Gen:  0)
 29938888      5152  70979664  0.000  0.000  333.188   45.510    0    0  (Gen:  0)
 31081992      4792  70979784  0.000  0.000  333.547   45.549    0    0  (Gen:  0)
 30424688      4488  70980088  0.000  0.000  333.797   45.587    0    0  (Gen:  0)
 29529256      5144  70981224  0.000  0.000  334.016   45.622    0    0  (Gen:  0)
 30526272      4944  70981536  0.000  0.000  334.391   45.659    0    0  (Gen:  0)
 30877888  68937016  70911376  0.125  0.030  334.750   45.726    0    0  (Gen:  1)
 31052168      6488  70913424  0.000  0.000  335.125   45.764    0    0  (Gen:  0)
 30738888      5168  70912696  0.000  0.000  335.375   45.801    0    0  (Gen:  0)
 30333128      5248  70913256  0.000  0.000  335.625   45.838    0    0  (Gen:  0)
 30832712      4008  70912560  0.000  0.000  336.000   45.875    0    0  (Gen:  0)
 29792024      6040  70915168  0.000  0.000  336.250   45.911    0    0  (Gen:  0)
 29300280      4896  70914568  0.000  0.000  336.484   45.946    0    0  (Gen:  0)
 27994544      5296  70915432  0.000  0.000  336.703   45.981    0    0  (Gen:  0)
 31344160      5624  70948968  0.000  0.000  337.078   46.019    0    0  (Gen:  0)
 30573768      4176  70915176  0.000  0.000  337.328   46.056    0    0  (Gen:  0)
 31677272      5488  70949728  0.000  0.000  337.703   46.094    0    0  (Gen:  0)
 29165544      4024  70948744  0.000  0.000  337.844   46.130    0    0  (Gen:  0)
 27994528      5552  70950720  0.000  0.000  338.078   46.163    0    0  (Gen:  0)
 30083672      4888  70950536  0.000  0.000  338.297   46.199    0    0  (Gen:  0)
 30260456      4560  70950704  0.000  0.000  338.656   46.236    0    0  (Gen:  0)
 29703640      4304  70950896  0.000  0.000  338.906   46.272    0    0  (Gen:  0)
 27818280      5000  70952040  0.000  0.000  339.141   46.306    0    0  (Gen:  0)
 30755880      4536  70951968  0.000  0.000  339.484   46.343    0    0  (Gen:  0)
 31272464      5984  70953960  0.000  0.000  339.719   46.381    0    0  (Gen:  0)
 25381184      5800  70954480  0.000  0.000  339.969   46.410    0    0  (Gen:  0)
 30256152      6392  70956256  0.000  0.000  340.203   46.447    0    0  (Gen:  0)
 29102280      5336  70955808  0.000  0.000  340.438   46.482    0    0  (Gen:  0)
 30759696      6808  70957696  0.000  0.000  340.734   46.520    0    0  (Gen:  0)
 29281864      4576  70955976  0.000  0.000  340.984   46.556    0    0  (Gen:  0)
 29025800      5680  70957560  0.000  0.000  341.219   46.592    0    0  (Gen:  0)
 28601168      5232  70957560  0.000  0.000  341.578   46.627    0    0  (Gen:  0)
 28911512      4008  70956848  0.000  0.000  341.812   46.662    0    0  (Gen:  0)
 30341584      5464  70958784  0.000  0.000  342.047   46.699    0    0  (Gen:  0)
 29951632      4184  70958080  0.000  0.000  342.406   46.736    0    0  (Gen:  0)
 28630008      5360  70959832  0.000  0.000  342.656   46.771    0    0  (Gen:  0)
 30378608      5648  70960600  0.000  0.000  342.906   46.808    0    0  (Gen:  0)
 30329992      5752  70961248  0.000  0.000  343.281   46.845    0    0  (Gen:  0)
 29723232      4312  70960384  0.000  0.000  343.531   46.881    0    0  (Gen:  0)
 28880200      4112  70960824  0.000  0.000  343.781   46.916    0    0  (Gen:  0)
 30012320  68880296  70887424  0.016  0.029  344.125   46.981    0    0  (Gen:  1)
 29627784      4936  70887096  0.000  0.000  344.500   47.016    0    0  (Gen:  0)
 30805304      4368  70887168  0.000  0.000  344.750   47.053    0    0  (Gen:  0)
 23150432      5088  70888592  0.000  0.002  344.875   47.100    0    0  (Gen:  0)
 26135128      4712  70888696  0.000  0.000  345.094   47.132    0    0  (Gen:  0)
 22382664      4880  70889864  0.000  0.000  345.312   47.159    0    0  (Gen:  0)
 28059272      5080  70891576  0.000  0.000  345.516   47.193    0    0  (Gen:  0)
 30266032      4816  70891840  0.000  0.000  345.750   47.230    0    0  (Gen:  0)
 30362352      5016  70892584  0.000  0.000  346.094   47.266    0    0  (Gen:  0)
 28937368      5112  70893288  0.000  0.000  346.312   47.301    0    0  (Gen:  0)
 30065544      4888  70926368  0.000  0.000  346.547   47.337    0    0  (Gen:  0)
 31665744      4848  70894208  0.000  0.000  346.906   47.375    0    0  (Gen:  0)
 30792584      5736  70895672  0.000  0.000  347.156   47.411    0    0  (Gen:  0)
 30435560      6320  70929560  0.000  0.000  347.359   47.447    0    0  (Gen:  0)
 31116008      4392  70928272  0.000  0.000  347.688   47.484    0    0  (Gen:  0)
 28934408      4520  70928976  0.000  0.000  347.922   47.519    0    0  (Gen:  0)
 31372024      5080  70930080  0.000  0.000  348.172   47.558    0    0  (Gen:  0)
 29884400      4800  70930312  0.000  0.000  348.531   47.594    0    0  (Gen:  0)
 25824904      5216  70931208  0.000  0.000  348.734   47.624    0    0  (Gen:  0)
 28129024      4416  70930824  0.000  0.000  348.953   47.659    0    0  (Gen:  0)
 30978184      4544  70931496  0.000  0.000  349.188   47.697    0    0  (Gen:  0)
 29192856      4296  70931824  0.000  0.000  349.547   47.733    0    0  (Gen:  0)
 30947016      5544  70933528  0.000  0.000  349.797   47.771    0    0  (Gen:  0)
 30499680      4720  70933248  0.000  0.000  350.047   47.809    0    0  (Gen:  0)
 30172896      4304  70933280  0.000  0.000  350.391   47.847    0    0  (Gen:  0)
 28571104      5080  70934536  0.000  0.000  350.609   47.882    0    0  (Gen:  0)
 30804800      5192  70935128  0.000  0.000  350.859   47.919    0    0  (Gen:  0)
 27032200      5136  70935584  0.000  0.000  351.203   47.952    0    0  (Gen:  0)
 27883416      5984  70969544  0.000  0.000  351.453   47.985    0    0  (Gen:  0)
 30548728      5472  70936752  0.000  0.000  351.703   48.021    0    0  (Gen:  0)
 31074008      5280  70969864  0.000  0.000  351.938   48.057    0    0  (Gen:  0)
 30849952      5480  70970576  0.000  0.000  352.297   48.094    0    0  (Gen:  0)
 31166408      4816  70970360  0.000  0.000  352.547   48.131    0    0  (Gen:  0)
 31026520      4856  70971008  0.000  0.000  352.797   48.168    0    0  (Gen:  0)
 30541968      4856  70971616  0.000  0.000  353.141   48.204    0    0  (Gen:  0)
 28624856      5816  70973056  0.000  0.000  353.375   48.238    0    0  (Gen:  0)
 31263824      5664  70973384  0.000  0.000  353.625   48.276    0    0  (Gen:  0)
 17316384  68816208  70888864  0.016  0.029  353.891   48.326    0    0  (Gen:  1)
 30457840      5104  70889760  0.000  0.000  354.234   48.363    0    0  (Gen:  0)
 30161064      5928  70891144  0.000  0.000  354.484   48.399    0    0  (Gen:  0)
 30912832      5984  70891848  0.000  0.000  354.719   48.436    0    0  (Gen:  0)
 29784456      6136  70892576  0.000  0.000  355.062   48.471    0    0  (Gen:  0)
 29938576      5696  70892616  0.000  0.000  355.312   48.508    0    0  (Gen:  0)
 30347976      5696  70893128  0.000  0.000  355.562   48.545    0    0  (Gen:  0)
 30264984      5064  70893008  0.000  0.000  355.891   48.581    0    0  (Gen:  0)
 30201072      4584  70893072  0.000  0.000  356.125   48.617    0    0  (Gen:  0)
 30590184      4536  70893600  0.000  0.000  356.344   48.653    0    0  (Gen:  0)
 29498120      4352  70893960  0.000  0.000  356.688   48.688    0    0  (Gen:  0)
 29056160      4688  70894936  0.000  0.000  356.906   48.722    0    0  (Gen:  0)
 26748360      5240  70896480  0.000  0.000  357.156   48.754    0    0  (Gen:  0)
 30549936      4136  70896464  0.000  0.000  357.406   48.791    0    0  (Gen:  0)
 29296768      4304  70897208  0.016  0.000  357.656   48.827    0    0  (Gen:  0)
 30203168      3968  70897416  0.000  0.000  357.891   48.864    0    0  (Gen:  0)
 29669960      4672  70898696  0.000  0.000  358.141   48.900    0    0  (Gen:  0)
 30037992      5072  70899672  0.000  0.000  358.516   48.937    0    0  (Gen:  0)
 29747624      4784  70899864  0.000  0.000  358.750   48.973    0    0  (Gen:  0)
 29915208      5560  70901184  0.000  0.000  358.953   49.010    0    0  (Gen:  0)
 29550976      5344  70901448  0.000  0.000  359.297   49.047    0    0  (Gen:  0)
 30467024      6024  70902640  0.000  0.000  359.531   49.084    0    0  (Gen:  0)
 28691920      5520  70902648  0.000  0.000  359.766   49.116    0    0  (Gen:  0)
 28241792      4848  70903496  0.000  0.000  359.938   49.151    0    0  (Gen:  0)
 28678040      4744  70904032  0.000  0.000  360.250   49.186    0    0  (Gen:  0)
 29676688      4944  70904648  0.000  0.000  360.484   49.223    0    0  (Gen:  0)
 28499328      4208  70904424  0.000  0.000  360.719   49.259    0    0  (Gen:  0)
 27828320      3656  70904352  0.000  0.000  360.938   49.294    0    0  (Gen:  0)
 29655328      3944  70905120  0.000  0.000  361.281   49.331    0    0  (Gen:  0)
 26704488      4344  70906032  0.000  0.000  361.500   49.365    0    0  (Gen:  0)
 29720680      4568  70906768  0.000  0.000  361.750   49.402    0    0  (Gen:  0)
 29771192      5672  70908384  0.000  0.000  362.109   49.439    0    0  (Gen:  0)
 27206632      4824  70908048  0.000  0.000  362.344   49.472    0    0  (Gen:  0)
 28509264      4496  70908872  0.000  0.000  362.578   49.507    0    0  (Gen:  0)
 30257544      4648  70910016  0.000  0.000  362.812   49.544    0    0  (Gen:  0)
 30560976  68744768  70817432  0.125  0.029  363.297   49.612    0    0  (Gen:  1)
 30267896      5208  70819088  0.000  0.000  363.531   49.650    0    0  (Gen:  0)
 28891104      4560  70818952  0.000  0.000  363.734   49.685    0    0  (Gen:  0)
 29890184      5752  70820752  0.000  0.000  364.078   49.722    0    0  (Gen:  0)
 30017064      4344  70819856  0.000  0.000  364.312   49.760    0    0  (Gen:  0)
 20135664      5176  70821200  0.000  0.000  364.453   49.802    0    0  (Gen:  0)
 29180288      4152  70820656  0.000  0.000  364.688   49.838    0    0  (Gen:  0)
 24626632      5456  70822552  0.000  0.000  364.875   49.867    0    0  (Gen:  0)
 23538176      5160  70822864  0.000  0.000  365.062   49.896    0    0  (Gen:  0)
 30077120      4744  70822912  0.000  0.000  365.297   49.933    0    0  (Gen:  0)
 30376864      5768  70824480  0.000  0.000  365.656   49.971    0    0  (Gen:  0)
 29152728      4936  70824160  0.000  0.000  365.891   50.007    0    0  (Gen:  0)
 29007680      5464  70825136  0.000  0.000  366.141   50.043    0    0  (Gen:  0)
 29080928      5488  70825640  0.000  0.000  366.484   50.079    0    0  (Gen:  0)
 29607544      5496  70826224  0.000  0.000  366.719   50.115    0    0  (Gen:  0)
 30048440      5960  70827216  0.000  0.000  366.953   50.152    0    0  (Gen:  0)
 30072832      5696  70827528  0.000  0.000  367.297   50.190    0    0  (Gen:  0)
 26941480      6048  70828328  0.000  0.000  367.516   50.222    0    0  (Gen:  0)
 28363520      4296  70827120  0.000  0.000  367.734   50.257    0    0  (Gen:  0)
 26380160      4560  70827800  0.000  0.000  367.969   50.289    0    0  (Gen:  0)
 26873592      5160  70828912  0.000  0.000  368.188   50.322    0    0  (Gen:  0)
 28850616      5248  70829416  0.000  0.000  368.391   50.357    0    0  (Gen:  0)
 30079776      5632  70830344  0.000  0.000  368.766   50.394    0    0  (Gen:  0)
 29694480      4688  70829848  0.000  0.000  369.000   50.431    0    0  (Gen:  0)
 28816312      4440  70830176  0.000  0.000  369.234   50.467    0    0  (Gen:  0)
 29370576      4688  70830936  0.000  0.000  369.594   50.502    0    0  (Gen:  0)
 29371360      5408  70832168  0.000  0.000  369.844   50.538    0    0  (Gen:  0)
 29091720      5256  70832496  0.000  0.000  370.078   50.574    0    0  (Gen:  0)
 29389808      4544  70832296  0.000  0.000  370.438   50.611    0    0  (Gen:  0)
 22931152      4592  70832888  0.000  0.000  370.562   50.638    0    0  (Gen:  0)
 27682952      4176  70833048  0.000  0.000  370.922   50.671    0    0  (Gen:  0)
 27680096      4808  70834256  0.000  0.000  371.125   50.704    0    0  (Gen:  0)
 28099576      4280  70834368  0.000  0.000  371.375   50.737    0    0  (Gen:  0)
 28668552      5304  70836032  0.000  0.000  371.625   50.772    0    0  (Gen:  0)
 29376536  68687824  70760488  0.109  0.030  371.984   50.838    0    0  (Gen:  1)
 29083776      4432  70760632  0.000  0.000  372.219   50.874    0    0  (Gen:  0)
 29870360      6320  70763000  0.000  0.000  372.562   50.910    0    0  (Gen:  0)
 30206656      4296  70761488  0.000  0.000  372.797   50.947    0    0  (Gen:  0)
 25547648      5024  70762792  0.000  0.000  373.016   50.979    0    0  (Gen:  0)
 30440072      5200  70763416  0.000  0.000  373.391   51.015    0    0  (Gen:  0)
 30223432      5512  70764272  0.000  0.000  373.641   51.052    0    0  (Gen:  0)
 30905152      5200  70764568  0.000  0.000  373.875   51.090    0    0  (Gen:  0)
 27424408      6296  70766240  0.000  0.000  374.094   51.122    0    0  (Gen:  0)
 29112104      5192  70765616  0.000  0.000  374.453   51.156    0    0  (Gen:  0)
 30433344      5864  70766800  0.000  0.000  374.688   51.193    0    0  (Gen:  0)
 31275320      5952  70767464  0.000  0.000  374.922   51.231    0    0  (Gen:  0)
 30004408      5544  70767632  0.000  0.000  375.297   51.267    0    0  (Gen:  0)
 28002896      5776  70768376  0.000  0.000  375.500   51.300    0    0  (Gen:  0)
 30028112      5568  70768712  0.000  0.000  375.719   51.337    0    0  (Gen:  0)
 30581392      5024  70768680  0.000  0.000  376.094   51.374    0    0  (Gen:  0)
 30622584      5376  70769512  0.000  0.000  376.344   51.411    0    0  (Gen:  0)
 29674392      5696  70770344  0.000  0.000  376.594   51.446    0    0  (Gen:  0)
 30126544      6176  70771384  0.000  0.000  376.938   51.483    0    0  (Gen:  0)
 30493704      5272  70770992  0.000  0.000  377.188   51.519    0    0  (Gen:  0)
 29153504      5296  70771608  0.000  0.000  377.438   51.554    0    0  (Gen:  0)
 30883488      5224  70771984  0.000  0.000  377.656   51.592    0    0  (Gen:  0)
 29422792      6160  70773464  0.000  0.000  378.016   51.628    0    0  (Gen:  0)
 30406152      4904  70772624  0.000  0.000  378.234   51.666    0    0  (Gen:  0)
 29974432      4752  70773016  0.000  0.000  378.562   51.703    0    0  (Gen:  0)
 24371784      8216  70776896  0.000  0.000  378.688   51.730    0    0  (Gen:  0)
 28581952      8440  70778400  0.000  0.000  379.047   51.765    0    0  (Gen:  0)
 17403120      5096  70775664  0.000  0.000  379.109   51.805    0    0  (Gen:  0)
 23954016      5352  70776976  0.000  0.000  379.328   51.833    0    0  (Gen:  0)
 24059632      5032  70777760  0.000  0.000  379.531   51.864    0    0  (Gen:  0)
 29441552      4312  70777472  0.000  0.000  379.781   51.902    0    0  (Gen:  0)
 31285080      4896  70778648  0.000  0.000  380.141   51.941    0    0  (Gen:  0)
 30850288      4736  70778904  0.000  0.000  380.375   51.979    0    0  (Gen:  0)
 29052584      4480  70779064  0.000  0.000  380.750   52.016    0    0  (Gen:  0)
 28686480      5408  70780408  0.000  0.000  380.984   52.052    0    0  (Gen:  0)
 29239936      4184  70779600  0.000  0.000  381.219   52.089    0    0  (Gen:  0)
 28184464      4880  70780776  0.016  0.000  381.422   52.123    0    0  (Gen:  0)
 28876048      4432  70780808  0.000  0.000  381.625   52.160    0    0  (Gen:  0)
 28261920      4784  70781608  0.000  0.000  381.844   52.195    0    0  (Gen:  0)
 29591192  68620152  70692816  0.125  0.029  382.203   52.260    0    0  (Gen:  1)
 25865952      4496  70693280  0.000  0.000  382.438   52.291    0    0  (Gen:  0)
 29271264      4264  70693528  0.000  0.000  382.797   52.328    0    0  (Gen:  0)
 29914944      5272  70695112  0.000  0.000  383.031   52.364    0    0  (Gen:  0)
 27352328      4200  70694584  0.000  0.000  383.281   52.397    0    0  (Gen:  0)
 27016240      4504  70695336  0.000  0.000  383.531   52.430    0    0  (Gen:  0)
 29967328      4008  70695416  0.000  0.000  383.766   52.466    0    0  (Gen:  0)
 28413928      4896  70696880  0.000  0.000  384.062   52.501    0    0  (Gen:  0)
 30504568      4256  70696720  0.000  0.000  384.312   52.539    0    0  (Gen:  0)
 29518600      4840  70697912  0.000  0.000  384.547   52.575    0    0  (Gen:  0)
 26125832      4528  70698144  0.000  0.000  384.781   52.606    0    0  (Gen:  0)
 29199168      4096  70698288  0.000  0.000  385.125   52.642    0    0  (Gen:  0)
 26560960      5816  70700616  0.000  0.000  385.359   52.674    0    0  (Gen:  0)
 28979024      5096  70700440  0.000  0.000  385.578   52.710    0    0  (Gen:  0)
 29990032      4480  70700336  0.000  0.000  385.812   52.748    0    0  (Gen:  0)
 28974720      4184  70700584  0.000  0.000  386.172   52.784    0    0  (Gen:  0)
 30199552      4576  70701520  0.000  0.000  386.406   52.821    0    0  (Gen:  0)
 30059832      4440  70701928  0.000  0.000  386.766   52.858    0    0  (Gen:  0)
 28794056      5936  70703936  0.000  0.000  387.000   52.895    0    0  (Gen:  0)
 31555048      4648  70703096  0.000  0.000  387.234   52.934    0    0  (Gen:  0)
 27879288      4248  70703240  0.000  0.000  387.562   52.969    0    0  (Gen:  0)
 30395656      4280  70703720  0.000  0.000  387.781   53.007    0    0  (Gen:  0)
 29796112      4512  70704432  0.000  0.000  388.031   53.044    0    0  (Gen:  0)
 30530224      5056  70705520  0.000  0.000  388.391   53.082    0    0  (Gen:  0)
 24144936      5984  70706992  0.000  0.000  388.625   53.109    0    0  (Gen:  0)
 30210808      4536  70707016  0.000  0.000  388.875   53.147    0    0  (Gen:  0)
 30147568      4776  70707704  0.000  0.000  389.125   53.185    0    0  (Gen:  0)
 29921520      4624  70708096  0.000  0.000  389.484   53.223    0    0  (Gen:  0)
 27429784      4584  70708536  0.000  0.000  389.703   53.259    0    0  (Gen:  0)
 28845432      5560  70709928  0.000  0.000  389.906   53.295    0    0  (Gen:  0)
 29162984      5608  70710424  0.000  0.000  390.234   53.330    0    0  (Gen:  0)
 26436928      5968  70711200  0.000  0.000  390.469   53.363    0    0  (Gen:  0)
 30380920      4712  70710456  0.000  0.000  390.703   53.401    0    0  (Gen:  0)
 29382224  68561872  70634536  0.016  0.028  391.062   53.465    0    0  (Gen:  1)
 28255920      4776  70635096  0.000  0.000  391.438   53.499    0    0  (Gen:  0)
 26299552      4544  70635664  0.000  0.000  391.688   53.531    0    0  (Gen:  0)
 30004384      4696  70636904  0.000  0.000  391.922   53.569    0    0  (Gen:  0)
 27716352      4960  70637744  0.000  0.000  392.156   53.603    0    0  (Gen:  0)
 26892336      4624  70637968  0.000  0.000  392.406   53.636    0    0  (Gen:  0)
 28469304      5416  70639144  0.000  0.000  392.750   53.672    0    0  (Gen:  0)
 27046776      4048  70638160  0.000  0.000  392.953   53.707    0    0  (Gen:  0)
 29982920      5440  70640032  0.000  0.000  393.172   53.744    0    0  (Gen:  0)
 29340152      5368  70640376  0.000  0.000  393.531   53.780    0    0  (Gen:  0)
 29556656      4680  70640136  0.000  0.000  393.781   53.817    0    0  (Gen:  0)
 29988824      5840  70641776  0.000  0.000  394.016   53.854    0    0  (Gen:  0)
 30446136      4560  70640944  0.000  0.000  394.391   53.893    0    0  (Gen:  0)
 28408880      4616  70641512  0.000  0.000  394.594   53.927    0    0  (Gen:  0)
 26564368      5712  70643056  0.000  0.000  394.828   53.959    0    0  (Gen:  0)
 28578576      4800  70642560  0.000  0.000  395.047   53.994    0    0  (Gen:  0)
 30620384      6128  70644416  0.000  0.000  395.422   54.032    0    0  (Gen:  0)
 26014736      4952  70643720  0.000  0.000  395.656   54.062    0    0  (Gen:  0)
 29839704      4360  70644408  0.000  0.000  395.906   54.098    0    0  (Gen:  0)
 30339616      4776  70645496  0.000  0.000  396.156   54.136    0    0  (Gen:  0)
 29494776      5584  70646880  0.000  0.000  396.531   54.174    0    0  (Gen:  0)
 29966152      4472  70646216  0.000  0.000  396.766   54.210    0    0  (Gen:  0)
 30200376      4712  70646968  0.000  0.000  397.000   54.247    0    0  (Gen:  0)
 27673624      6552  70649352  0.000  0.000  397.375   54.281    0    0  (Gen:  0)
 30861488      4256  70647472  0.000  0.000  397.594   54.320    0    0  (Gen:  0)
 29458920      4816  70648672  0.000  0.000  397.828   54.356    0    0  (Gen:  0)
 28024448      6672  70651040  0.000  0.000  398.203   54.390    0    0  (Gen:  0)
 27971448      4584  70649464  0.000  0.000  398.453   54.424    0    0  (Gen:  0)
 15377912      4512  70649904  0.000  0.006  398.547   54.463    0    0  (Gen:  0)
 29660248      4672  70650448  0.000  0.000  398.859   54.500    0    0  (Gen:  0)
 25127008      4384  70650832  0.000  0.000  399.047   54.531    0    0  (Gen:  0)
 27386768      4040  70650808  0.000  0.000  399.297   54.566    0    0  (Gen:  0)
 30634304      5088  70652336  0.000  0.000  399.547   54.604    0    0  (Gen:  0)
 29310664      5392  70653088  0.000  0.000  399.922   54.640    0    0  (Gen:  0)
 30890128  68505192  70577856  0.125  0.029  400.297   54.708    0    0  (Gen:  1)
 30243792      3904  70576296  0.000  0.000  400.547   54.746    0    0  (Gen:  0)
 29930760      5160  70578096  0.000  0.000  400.922   54.784    0    0  (Gen:  0)
 30340544      5968  70579320  0.000  0.000  401.156   54.821    0    0  (Gen:  0)
 30711944      5864  70579600  0.000  0.000  401.516   54.860    0    0  (Gen:  0)
 30713328      4680  70578896  0.000  0.000  401.766   54.898    0    0  (Gen:  0)
 29923912      4728  70579488  0.000  0.000  402.016   54.935    0    0  (Gen:  0)
 29915632      4304  70579608  0.000  0.000  402.375   54.973    0    0  (Gen:  0)
 30523328      4672  70580552  0.000  0.000  402.609   55.010    0    0  (Gen:  0)
 30017728      5816  70582080  0.000  0.000  402.984   55.048    0    0  (Gen:  0)
 29961392      4272  70581112  0.000  0.000  403.203   55.085    0    0  (Gen:  0)
 28463504      4256  70581576  0.000  0.000  403.406   55.120    0    0  (Gen:  0)
 27967176      4392  70582192  0.000  0.000  403.656   55.154    0    0  (Gen:  0)
 30065392      3960  70582208  0.000  0.000  404.031   55.191    0    0  (Gen:  0)
 28222112      5008  70583768  0.000  0.000  404.234   55.227    0    0  (Gen:  0)
 29824032      4456  70583696  0.000  0.000  404.594   55.264    0    0  (Gen:  0)
 29531952      5664  70585352  0.000  0.000  404.844   55.300    0    0  (Gen:  0)
 30193832      4688  70584856  0.000  0.000  405.078   55.337    0    0  (Gen:  0)
 30510072      5552  70586264  0.000  0.000  405.438   55.374    0    0  (Gen:  0)
 28943144      5568  70586792  0.000  0.000  405.688   55.410    0    0  (Gen:  0)
 30393152      5112  70586720  0.000  0.000  405.938   55.447    0    0  (Gen:  0)
 28311488      4000  70586216  0.000  0.000  406.109   55.481    0    0  (Gen:  0)
 29558848      5520  70588216  0.000  0.000  406.453   55.518    0    0  (Gen:  0)
 31071208      4488  70587696  0.000  0.000  406.703   55.556    0    0  (Gen:  0)
 29500008      4552  70588304  0.000  0.000  407.031   55.592    0    0  (Gen:  0)
 29873376      5184  70589448  0.000  0.000  407.250   55.628    0    0  (Gen:  0)
 29960512      5352  70590128  0.000  0.000  407.500   55.664    0    0  (Gen:  0)
 29044400      4800  70590120  0.000  0.000  407.734   55.698    0    0  (Gen:  0)
 30278064  68458200  70530864  0.016  0.029  408.078   55.763    0    0  (Gen:  1)
 30242376      5544  70532176  0.000  0.000  408.422   55.800    0    0  (Gen:  0)
 29261736      4744  70532016  0.000  0.000  408.672   55.835    0    0  (Gen:  0)
 30160256      4736  70532584  0.000  0.000  408.906   55.870    0    0  (Gen:  0)
 29627968      4736  70533256  0.000  0.000  409.266   55.905    0    0  (Gen:  0)
 30019488      4688  70533816  0.000  0.000  409.516   55.941    0    0  (Gen:  0)
 29916912      5216  70534952  0.000  0.000  409.750   55.977    0    0  (Gen:  0)
 28703920      4136  70534544  0.000  0.000  410.000   56.011    0    0  (Gen:  0)
 30514920      5120  70536072  0.000  0.000  410.375   56.047    0    0  (Gen:  0)
 30763664      4800  70536456  0.000  0.000  410.609   56.084    0    0  (Gen:  0)
 30874240      5320  70537584  0.000  0.000  410.859   56.121    0    0  (Gen:  0)
 28011080      6672  70539576  0.000  0.000  411.109   56.154    0    0  (Gen:  0)
 29521032      4376  70537888  0.000  0.000  411.469   56.189    0    0  (Gen:  0)
 29582848      5704  70539760  0.000  0.000  411.703   56.225    0    0  (Gen:  0)
 31459192      4360  70539056  0.000  0.000  411.953   56.263    0    0  (Gen:  0)
 29907224      5328  70540600  0.000  0.000  412.312   56.299    0    0  (Gen:  0)
 27404888      4184  70540096  0.000  0.000  412.531   56.331    0    0  (Gen:  0)
 30537344      5184  70541672  0.000  0.000  412.781   56.367    0    0  (Gen:  0)
 29444440      6144  70543272  0.000  0.000  413.031   56.403    0    0  (Gen:  0)
 31214512      4800  70542536  0.000  0.000  413.406   56.440    0    0  (Gen:  0)
 31754808      5408  70543688  0.000  0.000  413.641   56.479    0    0  (Gen:  0)
 29496968      6848  70545768  0.000  0.000  414.016   56.515    0    0  (Gen:  0)
 31365408      5216  70544648  0.000  0.000  414.266   56.554    0    0  (Gen:  0)
 31273784      6064  70546072  0.000  0.000  414.500   56.592    0    0  (Gen:  0)
 29361416      5800  70546320  0.000  0.000  414.859   56.626    0    0  (Gen:  0)
 21022064      5176  70546272  0.000  0.000  414.984   56.670    0    0  (Gen:  0)
 31373632      4600  70546016  0.000  0.000  415.234   56.708    0    0  (Gen:  0)
 26503744      5280  70547272  0.000  0.000  415.422   56.742    0    0  (Gen:  0)
 27621496      5544  70548144  0.000  0.000  415.656   56.775    0    0  (Gen:  0)
 29594984      6200  70549608  0.000  0.000  416.016   56.811    0    0  (Gen:  0)
 29419376      5848  70549800  0.000  0.000  416.219   56.846    0    0  (Gen:  0)
 28196896      5960  70550424  0.000  0.000  416.469   56.879    0    0  (Gen:  0)
 30695448      5176  70550824  0.000  0.000  416.719   56.915    0    0  (Gen:  0)
 30399336      4280  70550888  0.000  0.000  416.953   56.951    0    0  (Gen:  0)
 30774488      4312  70551432  0.000  0.000  417.297   56.988    0    0  (Gen:  0)
 28726744  68389776  70462440  0.141  0.028  417.688   57.052    0    0  (Gen:  1)
 30796392      5120  70463256  0.000  0.000  417.922   57.090    0    0  (Gen:  0)
 30064216      4496  70463176  0.000  0.000  418.297   57.127    0    0  (Gen:  0)
 31221296      5440  70464600  0.000  0.000  418.547   57.165    0    0  (Gen:  0)
 28931312      5584  70465320  0.000  0.000  418.797   57.200    0    0  (Gen:  0)
 29305600      5320  70465664  0.000  0.000  419.141   57.235    0    0  (Gen:  0)
 25789072      4928  70465848  0.000  0.000  419.391   57.265    0    0  (Gen:  0)
 28805112      4424  70466736  0.000  0.000  419.594   57.299    0    0  (Gen:  0)
 30332104      6072  70469152  0.000  0.000  419.828   57.337    0    0  (Gen:  0)
 31209016      5016  70468704  0.000  0.000  420.203   57.375    0    0  (Gen:  0)
 30346464      4280  70468480  0.000  0.000  420.453   57.413    0    0  (Gen:  0)
 27748184      4320  70469096  0.000  0.000  420.672   57.446    0    0  (Gen:  0)
 29744296      4456  70469744  0.000  0.000  421.016   57.483    0    0  (Gen:  0)
 28449776      4640  70470376  0.000  0.000  421.250   57.518    0    0  (Gen:  0)
 30092904      4120  70470464  0.000  0.000  421.500   57.555    0    0  (Gen:  0)
 29547080      4104  70471024  0.000  0.000  421.734   57.592    0    0  (Gen:  0)
 30216000      4008  70471440  0.000  0.000  422.094   57.629    0    0  (Gen:  0)
 30820944      5448  70473424  0.000  0.000  422.344   57.666    0    0  (Gen:  0)
 30047120      5136  70473592  0.000  0.000  422.703   57.703    0    0  (Gen:  0)
 28574728      5496  70474528  0.000  0.000  422.938   57.737    0    0  (Gen:  0)
 25733208      5856  70475784  0.000  0.000  423.188   57.767    0    0  (Gen:  0)
 30105528      4712  70475824  0.000  0.000  423.406   57.803    0    0  (Gen:  0)
 28469808      4600  70476224  0.000  0.000  423.578   57.837    0    0  (Gen:  0)
 30343800      5144  70477280  0.000  0.000  423.922   57.875    0    0  (Gen:  0)
 30922456      4408  70477136  0.000  0.000  424.172   57.913    0    0  (Gen:  0)
 31115152      6024  70479296  0.000  0.000  424.422   57.951    0    0  (Gen:  0)
 31155296      5456  70479336  0.000  0.000  424.766   57.988    0    0  (Gen:  0)
 30957808      5856  70480152  0.000  0.000  425.000   58.026    0    0  (Gen:  0)
 30659888      4632  70479408  0.000  0.000  425.375   58.063    0    0  (Gen:  0)
 30512648      5336  70480656  0.000  0.000  425.625   58.101    0    0  (Gen:  0)
 28580960      5056  70480920  0.000  0.000  425.875   58.135    0    0  (Gen:  0)
 30906560      5112  70481424  0.000  0.000  426.250   58.173    0    0  (Gen:  0)
 30835984      5776  70482664  0.000  0.000  426.484   58.210    0    0  (Gen:  0)
 30721864  68327744  70400408  0.016  0.029  426.875   58.277    0    0  (Gen:  1)
 27733160      5168  70400136  0.000  0.000  427.125   58.311    0    0  (Gen:  0)
 27624064      4968  70400352  0.000  0.000  427.359   58.345    0    0  (Gen:  0)
 30823544      6320  70402120  0.000  0.000  427.609   58.383    0    0  (Gen:  0)
 31046080      4816  70401128  0.000  0.000  427.984   58.421    0    0  (Gen:  0)
 28972968      4744  70401568  0.000  0.000  428.219   58.457    0    0  (Gen:  0)
 27451624      4928  70402232  0.000  0.000  428.406   58.490    0    0  (Gen:  0)
 30663664      5080  70402832  0.000  0.000  428.656   58.529    0    0  (Gen:  0)
 29951128      4992  70403256  0.000  0.000  429.031   58.566    0    0  (Gen:  0)
 30334040      3880  70402752  0.000  0.000  429.266   58.603    0    0  (Gen:  0)
 30597648      4216  70403664  0.000  0.000  429.594   58.641    0    0  (Gen:  0)
 29305896      4512  70404504  0.000  0.000  429.828   58.676    0    0  (Gen:  0)
 28994392      4312  70404944  0.000  0.000  430.062   58.712    0    0  (Gen:  0)
 28722440      5240  70406448  0.000  0.000  430.297   58.747    0    0  (Gen:  0)
 30348248      4632  70406448  0.000  0.000  430.656   58.784    0    0  (Gen:  0)
 30887480      4056  70406544  0.000  0.000  430.906   58.820    0    0  (Gen:  0)
 29580944      5304  70408464  0.000  0.000  431.141   58.855    0    0  (Gen:  0)
 29380752      5488  70409320  0.000  0.000  431.516   58.890    0    0  (Gen:  0)
 29035056      5408  70409880  0.000  0.000  431.766   58.925    0    0  (Gen:  0)
 28177888      5952  70411096  0.000  0.000  432.000   58.958    0    0  (Gen:  0)
 28632288      5008  70410792  0.000  0.000  432.234   58.992    0    0  (Gen:  0)
 30179560      5608  70412128  0.000  0.000  432.484   59.029    0    0  (Gen:  0)
 30698064      4904  70412000  0.000  0.000  432.828   59.066    0    0  (Gen:  0)
 30303152      5848  70413488  0.000  0.000  433.062   59.103    0    0  (Gen:  0)
 29382648      5224  70413408  0.000  0.000  433.297   59.138    0    0  (Gen:  0)
 30674744      5144  70413808  0.000  0.000  433.672   59.175    0    0  (Gen:  0)
 30818656      5296  70414536  0.000  0.000  433.922   59.212    0    0  (Gen:  0)
   783216  68278464  70351152  0.141  0.029  434.062   59.242    0    0  (Gen:  1)
 30948992      9568  70358824  0.000  0.000  434.422   59.280    0    0  (Gen:  0)
 26299376      5568  70358944  0.000  0.000  434.531   59.310    0    0  (Gen:  0)
 25823488      5728  70359936  0.000  0.000  434.766   59.341    0    0  (Gen:  0)
 30742176      4688  70359952  0.000  0.000  435.125   59.379    0    0  (Gen:  0)
 29838584      4960  70360800  0.000  0.000  435.375   59.416    0    0  (Gen:  0)
 24849736      3872  70360192  0.000  0.000  435.625   59.473    0    0  (Gen:  0)
 25617032      4000  70360704  0.000  0.000  435.797   59.505    0    0  (Gen:  0)
 28178816      6256  70363408  0.000  0.000  436.047   59.540    0    0  (Gen:  0)
 30546048      4368  70362584  0.000  0.000  436.422   59.577    0    0  (Gen:  0)
 26587160      5360  70364152  0.000  0.000  436.656   59.610    0    0  (Gen:  0)
 29778904      3808  70363048  0.000  0.000  436.906   59.646    0    0  (Gen:  0)
 29869656      4544  70364296  0.000  0.000  437.156   59.682    0    0  (Gen:  0)
 30740408      5208  70365472  0.000  0.000  437.516   59.720    0    0  (Gen:  0)
 30393768      5688  70366400  0.000  0.000  437.750   59.758    0    0  (Gen:  0)
 26874360      4400  70365528  0.000  0.000  437.969   59.791    0    0  (Gen:  0)
 28682312      5384  70366864  0.000  0.000  438.297   59.827    0    0  (Gen:  0)
 27543896      5904  70367832  0.000  0.000  438.500   59.862    0    0  (Gen:  0)
 30502592      4816  70367160  0.000  0.000  438.750   59.900    0    0  (Gen:  0)
 28650168      4840  70367728  0.000  0.000  438.953   59.935    0    0  (Gen:  0)
 28976176      5656  70368992  0.000  0.000  439.297   59.971    0    0  (Gen:  0)
 27929408      4216  70400792  0.000  0.000  439.531   60.005    0    0  (Gen:  0)
 29527016      7048  70404072  0.000  0.000  439.781   60.041    0    0  (Gen:  0)
 30147888      6208  70403648  0.000  0.000  440.156   60.078    0    0  (Gen:  0)
 27065584      5200  70403088  0.000  0.000  440.391   60.108    0    0  (Gen:  0)
 30706328      6568  70405704  0.000  0.000  440.625   60.145    0    0  (Gen:  0)
 30704960      4680  70404520  0.000  0.000  440.875   60.183    0    0  (Gen:  0)
 30529664      4360  70404584  0.000  0.000  441.250   60.222    0    0  (Gen:  0)
 29797136      4480  70405248  0.000  0.000  441.500   60.259    0    0  (Gen:  0)
 28891456      4840  70406120  0.000  0.000  441.797   60.295    0    0  (Gen:  0)
 29254056      4768  70406432  0.000  0.000  442.000   60.332    0    0  (Gen:  0)
 30184176      5280  70407432  0.000  0.000  442.234   60.369    0    0  (Gen:  0)
 30253568      5248  70407848  0.000  0.000  442.578   60.407    0    0  (Gen:  0)
 29516184  68221992  70327424  0.141  0.029  442.969   60.472    0    0  (Gen:  1)
 30284216      4704  70328128  0.000  0.000  443.203   60.510    0    0  (Gen:  0)
 29875272      4520  70328424  0.000  0.000  443.578   60.547    0    0  (Gen:  0)
 29524720      4608  70329024  0.000  0.000  443.828   60.583    0    0  (Gen:  0)
 28222528      4984  70329848  0.000  0.000  444.062   60.617    0    0  (Gen:  0)
 30206992      4424  70329864  0.000  0.000  444.438   60.654    0    0  (Gen:  0)
 28037000      4352  70330400  0.000  0.000  444.688   60.688    0    0  (Gen:  0)
 29999744      5640  70332232  0.000  0.000  444.938   60.725    0    0  (Gen:  0)
 26786432      3896  70331064  0.000  0.000  445.172   60.757    0    0  (Gen:  0)
 29988560      4432  70332208  0.000  0.000  445.422   60.793    0    0  (Gen:  0)
 29069352      4104  70332520  0.000  0.000  445.797   60.829    0    0  (Gen:  0)
 28806720      6264  70335224  0.000  0.000  446.031   60.863    0    0  (Gen:  0)
 29359104      5352  70334920  0.000  0.000  446.281   60.898    0    0  (Gen:  0)
 29134184      4296  70334504  0.000  0.000  446.516   60.933    0    0  (Gen:  0)
 30829008      5128  70335848  0.000  0.000  446.891   60.971    0    0  (Gen:  0)
 30696832      5552  70336880  0.000  0.000  447.125   61.008    0    0  (Gen:  0)
 29794344      4712  70336552  0.000  0.000  447.375   61.045    0    0  (Gen:  0)
 29388592      5080  70337400  0.000  0.000  447.703   61.080    0    0  (Gen:  0)
 30541704      4160  70336992  0.000  0.000  447.938   61.116    0    0  (Gen:  0)
 28740608      4912  70338320  0.000  0.000  448.188   61.150    0    0  (Gen:  0)
 29985776      5712  70339664  0.000  0.000  448.547   61.187    0    0  (Gen:  0)
 30627504      4512  70338912  0.000  0.000  448.781   61.224    0    0  (Gen:  0)
 30020672      4840  70339816  0.000  0.000  449.016   61.261    0    0  (Gen:  0)
 29564736      4784  70340272  0.000  0.000  449.391   61.297    0    0  (Gen:  0)
 30371248      6904  70342840  0.000  0.000  449.625   61.334    0    0  (Gen:  0)
 29374312      4584  70341000  0.000  0.000  449.859   61.370    0    0  (Gen:  0)
 28344176      4736  70341568  0.000  0.000  450.156   61.405    0    0  (Gen:  0)
 29889048      3544  70340888  0.000  0.000  450.406   61.442    0    0  (Gen:  0)
 30334128      5176  70342968  0.000  0.000  450.656   61.479    0    0  (Gen:  0)
 28103232      4288  70342560  0.000  0.000  450.891   61.514    0    0  (Gen:  0)
 30324752      6104  70344824  0.000  0.000  451.266   61.551    0    0  (Gen:  0)
 27377608      4456  70343592  0.000  0.000  451.516   61.584    0    0  (Gen:  0)
 30510216      6432  70345952  0.000  0.000  451.750   61.622    0    0  (Gen:  0)
 30117624  68167368  70272800  0.031  0.028  452.141   61.687    0    0  (Gen:  1)
 29318520      4632  70272536  0.000  0.000  452.344   61.723    0    0  (Gen:  0)
 26469216      4944  70273360  0.000  0.000  452.594   61.754    0    0  (Gen:  0)
 30526928      4424  70273464  0.000  0.000  452.844   61.791    0    0  (Gen:  0)
 29959176      5240  70274792  0.000  0.000  453.219   61.828    0    0  (Gen:  0)
 24793960      5104  70275136  0.000  0.000  453.328   61.856    0    0  (Gen:  0)
 27992760      5504  70276784  0.000  0.000  453.656   61.917    0    0  (Gen:  0)
 26761760      4728  70276648  0.000  0.000  453.859   61.950    0    0  (Gen:  0)
 28515640      4448  70276880  0.000  0.000  454.203   61.985    0    0  (Gen:  0)
 29668912      6096  70279072  0.000  0.000  454.453   62.023    0    0  (Gen:  0)
 29168584      6344  70279720  0.000  0.000  454.703   62.059    0    0  (Gen:  0)
 30128392      6480  70280304  0.000  0.000  455.047   62.096    0    0  (Gen:  0)
 30783672      6528  70280960  0.000  0.000  455.297   62.133    0    0  (Gen:  0)
 30357824      4384  70280160  0.000  0.000  455.656   62.171    0    0  (Gen:  0)
 28001712      6104  70282424  0.000  0.000  455.828   62.205    0    0  (Gen:  0)
 27376408      4976  70282512  0.000  0.000  456.047   62.238    0    0  (Gen:  0)
 29924752      5000  70283272  0.000  0.000  456.297   62.275    0    0  (Gen:  0)
 29791992      4280  70283000  0.000  0.000  456.672   62.312    0    0  (Gen:  0)
 27283352      4296  70283496  0.000  0.000  456.906   62.346    0    0  (Gen:  0)
 29065072      4648  70284264  0.000  0.000  457.141   62.383    0    0  (Gen:  0)
 30260616      5064  70285160  0.000  0.000  457.516   62.421    0    0  (Gen:  0)
 30375448      4000  70284704  0.000  0.000  457.766   62.459    0    0  (Gen:  0)
 29521760      4048  70285168  0.000  0.000  458.000   62.496    0    0  (Gen:  0)
 29153616      5040  70286704  0.000  0.000  458.375   62.532    0    0  (Gen:  0)
 28482984      4344  70319264  0.000  0.000  458.609   62.567    0    0  (Gen:  0)
 30700200      4680  70320176  0.000  0.000  458.844   62.605    0    0  (Gen:  0)
 30413880      4784  70320696  0.000  0.000  459.219   62.642    0    0  (Gen:  0)
 29655000      4872  70321328  0.000  0.000  459.469   62.678    0    0  (Gen:  0)
 29385736      5336  70322368  0.000  0.000  459.703   62.714    0    0  (Gen:  0)
 28415104  68110896  70249088  0.031  0.029  459.984   62.777    0    0  (Gen:  1)
 30325088      6064  70251352  0.000  0.000  460.359   62.815    0    0  (Gen:  0)
 30842880      4264  70250128  0.000  0.000  460.594   62.853    0    0  (Gen:  0)
 30313552      4248  70250688  0.000  0.000  460.969   62.892    0    0  (Gen:  0)
 30320720      5152  70252080  0.000  0.000  461.219   62.930    0    0  (Gen:  0)
 27620472      6848  70254320  0.000  0.000  461.438   62.965    0    0  (Gen:  0)
 25569256      4216  70252008  0.000  0.000  461.656   62.997    0    0  (Gen:  0)
 29296088      4176  70252384  0.000  0.000  462.016   63.034    0    0  (Gen:  0)
 30112704      3624  70252312  0.000  0.000  462.266   63.072    0    0  (Gen:  0)
 29180800      4104  70253176  0.000  0.000  462.625   63.109    0    0  (Gen:  0)
 29153664      5128  70254744  0.000  0.000  462.859   63.145    0    0  (Gen:  0)
 29477192      4568  70254696  0.000  0.000  463.109   63.182    0    0  (Gen:  0)
 29090016      4144  70254752  0.000  0.000  463.453   63.219    0    0  (Gen:  0)
 30202928      5704  70256856  0.000  0.000  463.688   63.257    0    0  (Gen:  0)
 27473104      4296  70255928  0.000  0.000  463.922   63.291    0    0  (Gen:  0)
 29257376      4272  70256384  0.000  0.000  464.266   63.328    0    0  (Gen:  0)
 30327136      4368  70256928  0.000  0.000  464.500   63.366    0    0  (Gen:  0)
 30594824      4392  70257496  0.000  0.000  464.750   63.404    0    0  (Gen:  0)
 30678760      5904  70259488  0.000  0.000  465.125   63.443    0    0  (Gen:  0)
 31730360      5448  70259544  0.000  0.000  465.438   63.483    0    0  (Gen:  0)
 31213664      6432  70261040  0.000  0.000  465.688   63.521    0    0  (Gen:  0)
 29720176      4896  70260048  0.000  0.000  465.938   63.558    0    0  (Gen:  0)
 30970032      6952  70262648  0.000  0.000  466.297   63.596    0    0  (Gen:  0)
 28134752      3960  70260168  0.000  0.000  466.531   63.631    0    0  (Gen:  0)
 30940120      4760  70261480  0.000  0.000  466.781   63.669    0    0  (Gen:  0)
 30909368      5352  70262616  0.000  0.000  467.141   63.707    0    0  (Gen:  0)
 30816080      4864  70262640  0.000  0.000  467.375   63.745    0    0  (Gen:  0)
 30195392      5280  70263600  0.000  0.000  467.750   63.782    0    0  (Gen:  0)
 30238904      4888  70263688  0.000  0.000  467.984   63.820    0    0  (Gen:  0)
 29609536      4664  70264040  0.000  0.000  468.203   63.856    0    0  (Gen:  0)
 30155136      5616  70265504  0.000  0.000  468.578   63.893    0    0  (Gen:  0)
 29301704      4680  70265112  0.000  0.000  468.828   63.930    0    0  (Gen:  0)
 22083040      5656  70266632  0.000  0.000  469.062   63.982    0    0  (Gen:  0)
 25039672      5296  70266624  0.000  0.000  469.281   64.013    0    0  (Gen:  0)
 27947064      4824  70266632  0.000  0.000  469.625   64.047    0    0  (Gen:  0)
 23550496  68054800  70193000  0.016  0.029  469.891   64.106    0    0  (Gen:  1)
 29416472      4976  70194008  0.000  0.000  470.266   64.142    0    0  (Gen:  0)
 31641760      4920  70194528  0.000  0.000  470.453   64.181    0    0  (Gen:  0)
 31478888      5088  70195272  0.000  0.000  470.828   64.219    0    0  (Gen:  0)
 30943944      5264  70196056  0.000  0.000  471.078   64.256    0    0  (Gen:  0)
 31475096      3992  70195424  0.000  0.000  471.328   64.295    0    0  (Gen:  0)
 30266808      6400  70198376  0.000  0.000  471.703   64.331    0    0  (Gen:  0)
 28784936      4976  70197560  0.000  0.000  471.938   64.366    0    0  (Gen:  0)
 30582632      4568  70197632  0.000  0.000  472.188   64.404    0    0  (Gen:  0)
 30573688      5504  70199144  0.000  0.000  472.531   64.441    0    0  (Gen:  0)
 28807608      4248  70198528  0.000  0.000  472.766   64.478    0    0  (Gen:  0)
 29849888      5296  70200152  0.000  0.000  473.000   64.514    0    0  (Gen:  0)
 30889560      5040  70200536  0.000  0.000  473.375   64.551    0    0  (Gen:  0)
 29227432      4456  70200592  0.000  0.000  473.609   64.586    0    0  (Gen:  0)
 30188072      4616  70201392  0.000  0.000  473.812   64.621    0    0  (Gen:  0)
 29830920      5528  70202944  0.000  0.000  474.156   64.656    0    0  (Gen:  0)
 29249160      5008  70203064  0.000  0.000  474.391   64.691    0    0  (Gen:  0)
 31150696      5272  70203968  0.000  0.000  474.641   64.728    0    0  (Gen:  0)
 31256968      4736  70204040  0.000  0.000  475.000   64.765    0    0  (Gen:  0)
 27093616      6136  70206112  0.000  0.000  475.234   64.797    0    0  (Gen:  0)
 29728528      5864  70206448  0.000  0.000  475.484   64.832    0    0  (Gen:  0)
 30273272      4584  70205808  0.000  0.000  475.719   64.867    0    0  (Gen:  0)
 30550008      4088  70206016  0.000  0.000  475.969   64.904    0    0  (Gen:  0)
 29560712      4176  70206872  0.000  0.000  476.344   64.939    0    0  (Gen:  0)
 30441776      5272  70208608  0.000  0.000  476.578   64.975    0    0  (Gen:  0)
 30076336      5176  70209152  0.000  0.000  476.797   65.010    0    0  (Gen:  0)
 30245176      4816  70209464  0.000  0.000  477.156   65.046    0    0  (Gen:  0)
 30692880      4608  70209832  0.000  0.000  477.406   65.083    0    0  (Gen:  0)
 30154432      5000  70210864  0.000  0.000  477.641   65.118    0    0  (Gen:  0)
 30386104      4664  70211200  0.000  0.000  478.000   65.154    0    0  (Gen:  0)
 30994704      6008  70213120  0.000  0.000  478.250   65.192    0    0  (Gen:  0)
 23678328      7224  70214816  0.000  0.000  478.484   65.218    0    0  (Gen:  0)
 24440016      4784  70213720  0.000  0.000  478.594   65.247    0    0  (Gen:  0)
 24642144      5552  70215064  0.000  0.000  478.844   65.275    0    0  (Gen:  0)
 30621376  67983816  70122016  0.016  0.028  479.219   65.341    0    0  (Gen:  1)
 28003960      5376  70122096  0.000  0.000  479.547   65.376    0    0  (Gen:  0)
 30167728      4952  70122056  0.000  0.000  479.797   65.414    0    0  (Gen:  0)
 28595064      5256  70122840  0.000  0.000  480.031   65.449    0    0  (Gen:  0)
 29547656      6176  70124208  0.000  0.000  480.391   65.486    0    0  (Gen:  0)
 30603968      5896  70124344  0.000  0.000  480.641   65.524    0    0  (Gen:  0)
 29116784      5712  70124608  0.000  0.000  480.891   65.560    0    0  (Gen:  0)
 27905296      4288  70123600  0.000  0.000  481.156   65.594    0    0  (Gen:  0)
 28793232      4256  70124048  0.000  0.000  481.375   65.629    0    0  (Gen:  0)
 29740224      5120  70125424  0.000  0.000  481.625   65.666    0    0  (Gen:  0)
 30082896      4528  70125376  0.000  0.000  482.000   65.704    0    0  (Gen:  0)
 30156496      4072  70125464  0.000  0.000  482.234   65.741    0    0  (Gen:  0)
 24929144      4304  70126304  0.000  0.000  482.453   65.773    0    0  (Gen:  0)
 30422144      3920  70126336  0.000  0.000  482.828   65.811    0    0  (Gen:  0)
 30521248      4496  70127488  0.000  0.000  483.062   65.850    0    0  (Gen:  0)
 30178080      4616  70160880  0.000  0.000  483.312   65.888    0    0  (Gen:  0)
 30235120      4136  70160976  0.000  0.000  483.688   65.925    0    0  (Gen:  0)
 30129472      4296  70161680  0.000  0.000  483.938   65.962    0    0  (Gen:  0)
 27657728      5912  70163840  0.000  0.000  484.188   65.994    0    0  (Gen:  0)
 28862056      6024  70197992  0.000  0.000  484.422   66.029    0    0  (Gen:  0)
 30058624      5232  70198032  0.000  0.000  484.781   66.066    0    0  (Gen:  0)
 30762688      6696  70200072  0.000  0.000  485.031   66.103    0    0  (Gen:  0)
 31796032      4320  70198240  0.000  0.000  485.406   66.142    0    0  (Gen:  0)
 30672624      4480  70198976  0.000  0.000  485.656   66.179    0    0  (Gen:  0)
 30246096      5120  70200232  0.000  0.000  485.891   66.216    0    0  (Gen:  0)
 29946208      4448  70200168  0.000  0.000  486.250   66.252    0    0  (Gen:  0)
 29511536      4024  70200384  0.000  0.000  486.500   66.288    0    0  (Gen:  0)
 30329752      4696  70201568  0.000  0.000  486.750   66.325    0    0  (Gen:  0)
 27166776  67931136  70167624  0.016  0.028  487.125   66.386    0    0  (Gen:  1)
 30110528      5528  70136368  0.000  0.000  487.484   66.423    0    0  (Gen:  0)
 30431600      6312  70170392  0.000  0.000  487.734   66.459    0    0  (Gen:  0)
 30561752      5696  70170256  0.000  0.000  487.938   66.496    0    0  (Gen:  0)
 30137768      7192  70172264  0.000  0.000  488.312   66.533    0    0  (Gen:  0)
 30312320      4368  70170016  0.000  0.000  488.562   66.570    0    0  (Gen:  0)
 18226416      6232  70172472  0.000  0.000  488.688   66.614    0    0  (Gen:  0)
 26007336      4808  70171464  0.000  0.000  488.891   66.646    0    0  (Gen:  0)
 27160144      7832  70175048  0.000  0.000  489.125   66.679    0    0  (Gen:  0)
 28935736      6200  70173880  0.000  0.000  489.359   66.714    0    0  (Gen:  0)
 30794728      5320  70173512  0.000  0.000  489.734   66.751    0    0  (Gen:  0)
 26054888      6632  70175336  0.000  0.000  489.984   66.782    0    0  (Gen:  0)
 30669056      6256  70176112  0.000  0.000  490.188   66.818    0    0  (Gen:  0)
 29694632      5688  70176528  0.000  0.000  490.422   66.855    0    0  (Gen:  0)
 30338384      6328  70177648  0.000  0.000  490.797   66.893    0    0  (Gen:  0)
 29788536      5096  70176864  0.000  0.000  491.016   66.930    0    0  (Gen:  0)
 30187232      5480  70177728  0.000  0.000  491.266   66.967    0    0  (Gen:  0)
 29687520      5040  70177832  0.000  0.000  491.609   67.003    0    0  (Gen:  0)
 29705000      6536  70179808  0.000  0.000  491.859   67.040    0    0  (Gen:  0)
 28457112      6120  70179904  0.000  0.000  492.109   67.074    0    0  (Gen:  0)
 29974208      5408  70179672  0.000  0.000  492.406   67.111    0    0  (Gen:  0)
 27709440      4784  70179592  0.000  0.000  492.641   67.144    0    0  (Gen:  0)
 27407968      4576  70179864  0.000  0.000  492.891   67.177    0    0  (Gen:  0)
 27925936      4816  70180648  0.000  0.000  493.141   67.212    0    0  (Gen:  0)
 28142656      6032  70182312  0.000  0.000  493.375   67.245    0    0  (Gen:  0)
 25792592      6064  70182952  0.000  0.000  493.625   67.277    0    0  (Gen:  0)
 29678080      5360  70182824  0.000  0.000  494.000   67.313    0    0  (Gen:  0)
 27782432      4264  70182384  0.000  0.000  494.234   67.347    0    0  (Gen:  0)
 28803808      4224  70182888  0.000  0.000  494.469   67.382    0    0  (Gen:  0)
 29935552      5936  70185016  0.000  0.000  494.688   67.419    0    0  (Gen:  0)
 30059256      5976  70185568  0.000  0.000  495.062   67.456    0    0  (Gen:  0)
 29445304      4208  70184248  0.000  0.000  495.297   67.493    0    0  (Gen:  0)
 30545632      4960  70185480  0.000  0.000  495.672   67.531    0    0  (Gen:  0)
 29189904  67875512  70112016  0.125  0.032  496.047   67.599    0    0  (Gen:  1)
 30340952      4688  70112416  0.000  0.000  496.281   67.637    0    0  (Gen:  0)
 30720504      4248  70112456  0.000  0.000  496.656   67.675    0    0  (Gen:  0)
 30756800      4360  70113112  0.000  0.000  496.906   67.713    0    0  (Gen:  0)
 28042672      4960  70114128  0.000  0.000  497.094   67.747    0    0  (Gen:  0)
 30654928      5280  70114928  0.000  0.000  497.453   67.785    0    0  (Gen:  0)
 30446608      4008  70114200  0.000  0.000  497.703   67.823    0    0  (Gen:  0)
 30157176      4904  70115544  0.000  0.000  498.047   67.860    0    0  (Gen:  0)
 29023880      5664  70116784  0.000  0.000  498.281   67.896    0    0  (Gen:  0)
 30223976      5288  70116824  0.000  0.000  498.531   67.933    0    0  (Gen:  0)
 30730576      6856  70118872  0.000  0.000  498.906   67.971    0    0  (Gen:  0)
 30018488      5080  70117576  0.000  0.000  499.141   68.009    0    0  (Gen:  0)
 30522120      5312  70118288  0.000  0.000  499.500   68.047    0    0  (Gen:  0)
 28631728      6016  70119504  0.000  0.000  499.734   68.082    0    0  (Gen:  0)
 30579576      5152  70119120  0.000  0.000  499.969   68.120    0    0  (Gen:  0)
 28402688      4768  70119184  0.000  0.000  500.312   68.155    0    0  (Gen:  0)
 29055368      4776  70119704  0.000  0.000  500.547   68.191    0    0  (Gen:  0)
 29555704      4696  70120104  0.000  0.000  500.797   68.228    0    0  (Gen:  0)
 29900648      4848  70120704  0.000  0.000  501.141   68.265    0    0  (Gen:  0)
 30651128      5000  70121464  0.000  0.000  501.391   68.302    0    0  (Gen:  0)
 30568864      4760  70121768  0.000  0.000  501.641   68.340    0    0  (Gen:  0)
 28655864      4520  70122040  0.000  0.000  501.938   68.375    0    0  (Gen:  0)
 26098704      4624  70122656  0.000  0.000  502.188   68.406    0    0  (Gen:  0)
 29896712      5208  70123752  0.000  0.000  502.438   68.442    0    0  (Gen:  0)
 29441952      4976  70124032  0.000  0.000  502.672   68.478    0    0  (Gen:  0)
 30254792      4928  70124368  0.000  0.000  503.000   68.514    0    0  (Gen:  0)
 27481280      6336  70126320  0.000  0.000  503.219   68.547    0    0  (Gen:  0)
 25697168      5176  70125480  0.000  0.000  503.453   68.578    0    0  (Gen:  0)
 30063464      6248  70127000  0.000  0.000  503.703   68.614    0    0  (Gen:  0)
 26033720      5368  70126936  0.000  0.000  503.938   68.643    0    0  (Gen:  0)
 28089640      4432  70127184  0.000  0.000  504.188   68.678    0    0  (Gen:  0)
 30558976      4016  70127312  0.000  0.000  504.438   68.716    0    0  (Gen:  0)
 28830896      4552  70128328  0.000  0.000  504.781   68.750    0    0  (Gen:  0)
 30144280      5104  70129424  0.000  0.000  505.031   68.787    0    0  (Gen:  0)
 29736128      4944  70129776  0.000  0.000  505.281   68.823    0    0  (Gen:  0)
 30726536      6200  70131544  0.000  0.000  505.625   68.861    0    0  (Gen:  0)
 12802888  67816128  70052632  0.031  0.030  505.766   68.906    0    0  (Gen:  1)
 27675320      5432  70053600  0.000  0.000  506.016   68.939    0    0  (Gen:  0)
 29961920      4360  70053040  0.000  0.000  506.266   68.974    0    0  (Gen:  0)
 28808216      5032  70054256  0.000  0.000  506.484   69.010    0    0  (Gen:  0)
 27676904      4832  70054728  0.000  0.000  506.734   69.043    0    0  (Gen:  0)
 27686112      5856  70056360  0.000  0.000  506.984   69.076    0    0  (Gen:  0)
 24849392      4288  70055400  0.000  0.000  507.156   69.104    0    0  (Gen:  0)
 27860960      5392  70057016  0.000  0.000  507.375   69.138    0    0  (Gen:  0)
 29254248      4552  70056720  0.000  0.000  507.734   69.172    0    0  (Gen:  0)
 30001288      5472  70058248  0.000  0.000  507.969   69.208    0    0  (Gen:  0)
 29630264      4328  70057808  0.000  0.000  508.188   69.270    0    0  (Gen:  0)
 26614440      5192  70059216  0.000  0.000  508.422   69.302    0    0  (Gen:  0)
 27597432      4920  70092216  0.000  0.000  508.625   69.335    0    0  (Gen:  0)
 28761480      4664  70092472  0.000  0.000  508.875   69.370    0    0  (Gen:  0)
 29938184      5224  70093512  0.000  0.000  509.203   69.406    0    0  (Gen:  0)
 30110872      4880  70093648  0.000  0.000  509.422   69.441    0    0  (Gen:  0)
 29878120      5256  70094568  0.000  0.000  509.672   69.477    0    0  (Gen:  0)
 29439352      4400  70094224  0.000  0.000  509.906   69.512    0    0  (Gen:  0)
 30088208      6544  70096816  0.000  0.000  510.281   69.548    0    0  (Gen:  0)
 29985744      4920  70095640  0.000  0.000  510.516   69.584    0    0  (Gen:  0)
 27908024      6216  70097416  0.000  0.000  510.750   69.618    0    0  (Gen:  0)
 30364856      5472  70097096  0.000  0.000  511.094   69.654    0    0  (Gen:  0)
 30384728      4224  70096328  0.000  0.000  511.328   69.691    0    0  (Gen:  0)
 28982352      5832  70098448  0.000  0.000  511.562   69.727    0    0  (Gen:  0)
 28338360      4760  70097824  0.000  0.000  511.781   69.762    0    0  (Gen:  0)
 22719416      5736  70099312  0.000  0.000  512.000   69.787    0    0  (Gen:  0)
 30703216      5952  70100968  0.000  0.000  512.250   69.825    0    0  (Gen:  0)
 30201752      4896  70100392  0.000  0.000  512.609   69.862    0    0  (Gen:  0)
 28930256      5328  70101304  0.000  0.000  512.844   69.898    0    0  (Gen:  0)
 29115640      6080  70102472  0.000  0.000  513.094   69.934    0    0  (Gen:  0)
 29369424      6712  70103584  0.000  0.000  513.438   69.971    0    0  (Gen:  0)
 30047768  67762112  70031384  0.141  0.028  513.812   70.037    0    0  (Gen:  1)
 29196984      4080  70030672  0.000  0.000  514.016   70.073    0    0  (Gen:  0)
 28181296      5016  70032024  0.000  0.000  514.234   70.107    0    0  (Gen:  0)
 27937824      4920  70032376  0.000  0.000  514.500   70.142    0    0  (Gen:  0)
 27932752      4408  70032376  0.000  0.000  514.734   70.177    0    0  (Gen:  0)
 29127072      5320  70033704  0.000  0.000  514.969   70.213    0    0  (Gen:  0)
 30118080      4720  70033552  0.000  0.000  515.328   70.251    0    0  (Gen:  0)
 29756320      4960  70034208  0.000  0.000  515.578   70.289    0    0  (Gen:  0)
 29417216      4088  70033784  0.000  0.000  515.812   70.326    0    0  (Gen:  0)
 28885904      6416  70036528  0.000  0.000  516.141   70.362    0    0  (Gen:  0)
 27844400      4712  70035176  0.000  0.000  516.391   70.397    0    0  (Gen:  0)
 28896704      6960  70037808  0.000  0.000  516.641   70.432    0    0  (Gen:  0)
 29663888      5824  70037120  0.000  0.000  516.984   70.469    0    0  (Gen:  0)
 26074744      6208  70037952  0.000  0.000  517.219   70.501    0    0  (Gen:  0)
 28956192      4736  70036864  0.000  0.000  517.469   70.537    0    0  (Gen:  0)
 29614032      4696  70037304  0.000  0.000  517.688   70.574    0    0  (Gen:  0)
 30713560      4616  70037704  0.000  0.000  518.047   70.613    0    0  (Gen:  0)
 28856200      5472  70039072  0.000  0.000  518.297   70.650    0    0  (Gen:  0)
 27903496      5184  70039232  0.000  0.000  518.641   70.686    0    0  (Gen:  0)
 29334064      5304  70039896  0.000  0.000  518.875   70.722    0    0  (Gen:  0)
 29785768      4352  70039360  0.000  0.000  519.109   70.760    0    0  (Gen:  0)
 30509400      4464  70040048  0.000  0.000  519.469   70.798    0    0  (Gen:  0)
 28951368      4152  70040248  0.000  0.000  519.703   70.834    0    0  (Gen:  0)
 30305896      4776  70041384  0.000  0.000  519.922   70.872    0    0  (Gen:  0)
 29523600      4480  70041600  0.000  0.000  520.281   70.908    0    0  (Gen:  0)
 30124552      3744  70041440  0.000  0.000  520.516   70.946    0    0  (Gen:  0)
 28545192      6640  70044816  0.000  0.000  520.766   70.981    0    0  (Gen:  0)
 29047768      5352  70044488  0.000  0.000  521.125   71.017    0    0  (Gen:  0)
 29245080      4744  70045000  0.000  0.000  521.344   71.052    0    0  (Gen:  0)
 29993488      4872  70045672  0.000  0.000  521.578   71.090    0    0  (Gen:  0)
 29495368      3936  70045280  0.000  0.000  521.953   71.126    0    0  (Gen:  0)
 30480800      4304  70046256  0.000  0.000  522.188   71.164    0    0  (Gen:  0)
 28881672      4632  70047160  0.000  0.000  522.406   71.198    0    0  (Gen:  0)
 30375912  67701648  69970920  0.016  0.028  522.797   71.263    0    0  (Gen:  1)
 29756968      4344  69972032  0.000  0.000  523.156   71.300    0    0  (Gen:  0)
 28613488      4064  69972296  0.000  0.000  523.406   71.335    0    0  (Gen:  0)
 30153048      4640  69973352  0.000  0.000  523.625   71.373    0    0  (Gen:  0)
 27960920      4440  69973696  0.000  0.000  523.969   71.408    0    0  (Gen:  0)
 30211352      5392  69975160  0.000  0.000  524.203   71.446    0    0  (Gen:  0)
 29952544      4520  69974704  0.000  0.000  524.562   71.484    0    0  (Gen:  0)
 30028608      3960  69974688  0.000  0.000  524.812   71.522    0    0  (Gen:  0)
 29737480      4152  69975392  0.000  0.000  525.047   71.559    0    0  (Gen:  0)
 29987264      3928  69975712  0.000  0.000  525.406   71.596    0    0  (Gen:  0)
 29629072      4024  69976352  0.000  0.000  525.641   71.633    0    0  (Gen:  0)
 28283192      5112  69977952  0.000  0.000  525.875   71.668    0    0  (Gen:  0)
 29298312      4472  70010520  0.000  0.000  526.234   71.705    0    0  (Gen:  0)
 30173768      4400  69978264  0.000  0.000  526.484   71.742    0    0  (Gen:  0)
 30016104      4240  69978616  0.000  0.000  526.859   71.780    0    0  (Gen:  0)
 30753976      3736  69978720  0.000  0.000  527.094   71.817    0    0  (Gen:  0)
 20676576      5120  70013440  0.000  0.021  527.219   71.870    0    0  (Gen:  0)
 25030752      6312  70015016  0.000  0.000  527.438   71.901    0    0  (Gen:  0)
 25810712      4704  69981144  0.000  0.000  527.625   71.932    0    0  (Gen:  0)
 30284856      4592  70014384  0.000  0.000  527.969   71.970    0    0  (Gen:  0)
 26611800      5760  70048904  0.000  0.000  528.203   72.003    0    0  (Gen:  0)
 29352904      4736  70048328  0.000  0.000  528.453   72.038    0    0  (Gen:  0)
 30387336      6000  70050232  0.000  0.000  528.703   72.075    0    0  (Gen:  0)
 30382368      5192  70017176  0.000  0.000  529.062   72.112    0    0  (Gen:  0)
 30111136      5424  70050712  0.000  0.000  529.312   72.149    0    0  (Gen:  0)
 27485960      4232  70050000  0.000  0.000  529.547   72.182    0    0  (Gen:  0)
 27359872      4016  70050304  0.000  0.000  529.891   72.217    0    0  (Gen:  0)
 30012216      4736  70084328  0.000  0.000  530.141   72.255    0    0  (Gen:  0)
 26392512      4216  70084400  0.000  0.000  530.359   72.287    0    0  (Gen:  0)
 30334976      5416  70086112  0.000  0.000  530.594   72.324    0    0  (Gen:  0)
 28302208      6064  70087216  0.000  0.000  530.953   72.359    0    0  (Gen:  0)
 29814448  67651112  69985912  0.094  0.030  531.297   72.425    0    0  (Gen:  1)
 29610440      5912  69988144  0.000  0.000  531.547   72.462    0    0  (Gen:  0)
 29910472      4360  69987072  0.000  0.000  531.922   72.499    0    0  (Gen:  0)
 27844208      4840  69988008  0.000  0.000  532.172   72.533    0    0  (Gen:  0)
 30196824      4744  69988424  0.000  0.000  532.406   72.570    0    0  (Gen:  0)
 29848472      4928  69989088  0.000  0.000  532.656   72.607    0    0  (Gen:  0)
 29361208      7784  69992488  0.000  0.000  533.031   72.642    0    0  (Gen:  0)
 30334104      4776  69989992  0.000  0.000  533.250   72.680    0    0  (Gen:  0)
 30844832      4928  69990656  0.000  0.000  533.500   72.717    0    0  (Gen:  0)
 30640448      6248  69992488  0.000  0.000  533.875   72.754    0    0  (Gen:  0)
 31038032      6744  69993528  0.000  0.000  534.109   72.792    0    0  (Gen:  0)
 31739328      4632  69991928  0.000  0.000  534.484   72.831    0    0  (Gen:  0)
 31168288      5280  69993088  0.000  0.000  534.734   72.869    0    0  (Gen:  0)
 28709016      4592  69992976  0.000  0.000  534.984   72.904    0    0  (Gen:  0)
 30036360      5296  69994160  0.000  0.000  535.344   72.941    0    0  (Gen:  0)
 30863856      8496  69998032  0.000  0.000  535.594   72.979    0    0  (Gen:  0)
 29653240      4840  69994824  0.000  0.000  535.969   73.015    0    0  (Gen:  0)
 27079968      4680  69995240  0.000  0.000  536.188   73.048    0    0  (Gen:  0)
 28942472      4616  69995592  0.000  0.000  536.438   73.082    0    0  (Gen:  0)
 27092336      5048  69996504  0.000  0.000  536.672   73.115    0    0  (Gen:  0)
 29211536      5224  69997224  0.000  0.000  536.906   73.151    0    0  (Gen:  0)
 30004968      4720  69997168  0.000  0.000  537.281   73.188    0    0  (Gen:  0)
 29005256      4888  69997880  0.000  0.000  537.516   73.223    0    0  (Gen:  0)
 28389008      6168  69999800  0.000  0.000  537.750   73.258    0    0  (Gen:  0)
 30058656      6072  70000248  0.000  0.000  537.969   73.293    0    0  (Gen:  0)
 30533400      4616  69999496  0.000  0.000  538.344   73.330    0    0  (Gen:  0)
 24398832      5384  70000872  0.000  0.000  538.594   73.358    0    0  (Gen:  0)
 30598736      4904  70001832  0.000  0.000  538.828   73.395    0    0  (Gen:  0)
 29752960      4320  70001888  0.000  0.000  539.078   73.431    0    0  (Gen:  0)
 30478640      5496  70003672  0.000  0.000  539.453   73.468    0    0  (Gen:  0)
 29670840      4320  70003104  0.000  0.000  539.672   73.505    0    0  (Gen:  0)
 29218632      4408  70003768  0.000  0.000  539.906   73.541    0    0  (Gen:  0)
 30424336  67592920  69927728  0.016  0.029  540.297   73.606    0    0  (Gen:  1)
 25502704      5192  69927648  0.000  0.000  540.531   73.636    0    0  (Gen:  0)
 30186048      5088  69928872  0.000  0.000  540.891   73.672    0    0  (Gen:  0)
 30724768      4808  69929552  0.000  0.000  541.125   73.710    0    0  (Gen:  0)
 28072192      5592  69930912  0.000  0.000  541.359   73.746    0    0  (Gen:  0)
 29261480      4472  69930336  0.000  0.000  541.719   73.781    0    0  (Gen:  0)
 29039080      4744  69931152  0.000  0.000  541.969   73.818    0    0  (Gen:  0)
 28079984      5288  69932336  0.000  0.000  542.219   73.852    0    0  (Gen:  0)
 29654384      6024  69933648  0.000  0.000  542.453   73.888    0    0  (Gen:  0)
 27414088      4552  69932784  0.000  0.000  542.812   73.922    0    0  (Gen:  0)
 28811024      4968  69933808  0.000  0.000  543.062   73.957    0    0  (Gen:  0)
 28524824      4112  69933592  0.000  0.000  543.266   73.992    0    0  (Gen:  0)
 28913896      5000  69935216  0.000  0.000  543.484   74.028    0    0  (Gen:  0)
 29725544      4584  69935408  0.000  0.000  543.844   74.065    0    0  (Gen:  0)
 29565784      5160  69936592  0.000  0.000  544.094   74.103    0    0  (Gen:  0)
 29716264      4768  69936808  0.000  0.000  544.453   74.141    0    0  (Gen:  0)
 30185384      4792  69937280  0.000  0.000  544.672   74.179    0    0  (Gen:  0)
 29915856      4096  69937128  0.000  0.000  544.906   74.216    0    0  (Gen:  0)
 28434464      4416  69937928  0.000  0.000  545.281   74.252    0    0  (Gen:  0)
 22477240      4544  69938568  0.000  0.000  545.375   74.278    0    0  (Gen:  0)
 30326744      5064  69940496  0.000  0.000  545.750   74.317    0    0  (Gen:  0)
 29898824      4088  69940208  0.000  0.000  545.969   74.354    0    0  (Gen:  0)
 29831984      4216  69940784  0.000  0.000  546.328   74.393    0    0  (Gen:  0)
 28563352      4632  69941744  0.000  0.000  546.562   74.430    0    0  (Gen:  0)
 15737608      4432  69942056  0.000  0.001  546.688   74.466    0    0  (Gen:  0)
 23684288      4792  69942800  0.000  0.000  546.828   74.497    0    0  (Gen:  0)
 19366672      5800  69944624  0.000  0.000  547.000   74.520    0    0  (Gen:  0)
 29589696      5488  69945560  0.000  0.000  547.250   74.557    0    0  (Gen:  0)
 29494696      4576  69945208  0.000  0.000  547.625   74.594    0    0  (Gen:  0)
 25777192      5264  69946536  0.000  0.000  547.844   74.626    0    0  (Gen:  0)
 28725192      5240  69946960  0.000  0.000  548.078   74.662    0    0  (Gen:  0)
 30081304      4096  69946328  0.000  0.000  548.328   74.699    0    0  (Gen:  0)
 29511352      4256  69947096  0.000  0.000  548.703   74.736    0    0  (Gen:  0)
 29925816  67523792  69858600  0.125  0.029  549.062   74.803    0    0  (Gen:  1)
 30640592      6672  69861112  0.000  0.000  549.312   74.842    0    0  (Gen:  0)
 30030600      4768  69859784  0.000  0.000  549.672   74.879    0    0  (Gen:  0)
 29166352      5080  69860640  0.000  0.000  549.906   74.915    0    0  (Gen:  0)
 28181056      4264  69860304  0.000  0.000  550.141   74.950    0    0  (Gen:  0)
 28594648      4552  69861104  0.000  0.000  550.422   74.986    0    0  (Gen:  0)
 29532944      4728  69861824  0.000  0.000  550.672   75.023    0    0  (Gen:  0)
 29886600      5176  69862784  0.000  0.000  550.922   75.060    0    0  (Gen:  0)
 29182032      4984  69863072  0.000  0.000  551.297   75.096    0    0  (Gen:  0)
 29206320      5088  69863688  0.000  0.000  551.500   75.131    0    0  (Gen:  0)
 28297160      5296  69864376  0.000  0.000  551.734   75.167    0    0  (Gen:  0)
 29807112      4472  69864064  0.000  0.000  552.109   75.203    0    0  (Gen:  0)
 29840744      5176  69865216  0.000  0.000  552.359   75.240    0    0  (Gen:  0)
 29574888      5696  69866280  0.000  0.000  552.594   75.276    0    0  (Gen:  0)
 29056272      5416  69866480  0.000  0.000  552.953   75.312    0    0  (Gen:  0)
 30345400      4864  69866376  0.000  0.000  553.203   75.348    0    0  (Gen:  0)
 28381792      4896  69867016  0.000  0.000  553.438   75.382    0    0  (Gen:  0)
 29032344      5664  69868264  0.000  0.000  553.672   75.416    0    0  (Gen:  0)
 27776672      4848  69867960  0.000  0.000  553.922   75.449    0    0  (Gen:  0)
 26432232      5304  69868928  0.000  0.000  554.125   75.480    0    0  (Gen:  0)
 29733008      4840  69869008  0.000  0.000  554.484   75.517    0    0  (Gen:  0)
 30021168      4168  69868784  0.000  0.000  554.734   75.555    0    0  (Gen:  0)
 30163848      5664  69870760  0.000  0.000  555.109   75.592    0    0  (Gen:  0)
 28780752      4400  69869976  0.000  0.000  555.344   75.628    0    0  (Gen:  0)
 28749168      5208  69871264  0.000  0.000  555.578   75.663    0    0  (Gen:  0)
 30465808      6000  69872408  0.000  0.000  555.828   75.701    0    0  (Gen:  0)
 30501328      4888  69871872  0.000  0.000  556.172   75.738    0    0  (Gen:  0)
 29377048      5032  69872432  0.000  0.000  556.406   75.775    0    0  (Gen:  0)
 30057840      5296  69873176  0.000  0.000  556.781   75.812    0    0  (Gen:  0)
 30332744      4832  69873128  0.000  0.000  557.031   75.850    0    0  (Gen:  0)
 29756432      3712  69872584  0.000  0.000  557.266   75.886    0    0  (Gen:  0)
 30741808      4120  69873440  0.000  0.000  557.625   75.923    0    0  (Gen:  0)
 26364392      5520  69875320  0.000  0.000  557.828   75.955    0    0  (Gen:  0)
 30144992      4792  69875008  0.000  0.000  558.062   75.991    0    0  (Gen:  0)
 30064784      5232  69875992  0.000  0.000  558.297   76.028    0    0  (Gen:  0)
 30437624      4768  69876008  0.000  0.000  558.672   76.064    0    0  (Gen:  0)
 31105912  67465768  69800576  0.141  0.031  559.062   76.133    0    0  (Gen:  1)
 29070072      4824  69801416  0.000  0.000  559.281   76.168    0    0  (Gen:  0)
 29938656      6080  69803152  0.000  0.000  559.656   76.204    0    0  (Gen:  0)
 29894576      5832  69803384  0.000  0.000  559.906   76.240    0    0  (Gen:  0)
 23398984      4960  69802992  0.000  0.000  560.062   76.268    0    0  (Gen:  0)
 31401984      5064  69803544  0.000  0.000  560.312   76.307    0    0  (Gen:  0)
 30633800      5568  69804464  0.000  0.000  560.688   76.344    0    0  (Gen:  0)
 30253912      6048  69805424  0.000  0.000  560.922   76.381    0    0  (Gen:  0)
 27066088      6608  69806464  0.000  0.000  561.125   76.413    0    0  (Gen:  0)
 30197736      4816  69805184  0.000  0.000  561.375   76.449    0    0  (Gen:  0)
 29188608      6216  69807048  0.000  0.000  561.750   76.484    0    0  (Gen:  0)
 31018456      5560  69806872  0.000  0.000  561.969   76.522    0    0  (Gen:  0)
 29969424      5152  69806976  0.000  0.000  562.219   76.557    0    0  (Gen:  0)
 30428272      5632  69807936  0.000  0.000  562.594   76.593    0    0  (Gen:  0)
 27627656      5568  69808320  0.000  0.000  562.828   76.626    0    0  (Gen:  0)
 30920952      6544  69809712  0.000  0.000  563.078   76.663    0    0  (Gen:  0)
 30556344      4944  69808624  0.000  0.000  563.328   76.700    0    0  (Gen:  0)
 29962216      5552  69809616  0.000  0.000  563.703   76.736    0    0  (Gen:  0)
 28959920      5408  69809888  0.000  0.000  563.938   76.771    0    0  (Gen:  0)
 30153168      5184  69810176  0.000  0.000  564.188   76.809    0    0  (Gen:  0)
 29388440      4408  69809816  0.000  0.000  564.547   76.845    0    0  (Gen:  0)
 30249440      4520  69810376  0.000  0.000  564.781   76.881    0    0  (Gen:  0)
 29586816      4720  69811056  0.000  0.000  565.016   76.918    0    0  (Gen:  0)
 26392664      6064  69812848  0.000  0.000  565.250   76.949    0    0  (Gen:  0)
 27212040      4240  69811408  0.000  0.000  565.484   76.982    0    0  (Gen:  0)
 31181616      5160  69812744  0.000  0.000  565.812   77.020    0    0  (Gen:  0)
 28823144      5056  69813440  0.000  0.000  566.062   77.053    0    0  (Gen:  0)
 28432824      5352  69815048  0.000  0.000  566.312   77.115    0    0  (Gen:  0)
 26164024      5000  69815176  0.000  0.000  566.516   77.145    0    0  (Gen:  0)
 22242712      5096  69816120  0.000  0.000  566.719   77.171    0    0  (Gen:  0)
 29985320      4416  69816824  0.000  0.000  566.969   77.208    0    0  (Gen:  0)
 30339904      5176  69818128  0.000  0.000  567.219   77.244    0    0  (Gen:  0)
 30225184      5040  69818600  0.000  0.000  567.562   77.281    0    0  (Gen:  0)
 29954920  67412304  69747112  0.125  0.028  567.922   77.346    0    0  (Gen:  1)
 28246136      4928  69747520  0.000  0.000  568.156   77.379    0    0  (Gen:  0)
 28689896      5776  69748944  0.000  0.000  568.391   77.413    0    0  (Gen:  0)
 27381928      6200  69749976  0.000  0.000  568.641   77.445    0    0  (Gen:  0)
 31068144      5264  69749520  0.000  0.000  568.891   77.482    0    0  (Gen:  0)
 30630664      4976  69749776  0.000  0.000  569.234   77.518    0    0  (Gen:  0)
 30209760      5320  69750760  0.000  0.000  569.484   77.554    0    0  (Gen:  0)
 27973560      5408  69751424  0.000  0.000  569.719   77.587    0    0  (Gen:  0)
 29446824      5128  69751752  0.000  0.000  569.969   77.620    0    0  (Gen:  0)
 26217464      5232  69752560  0.000  0.000  570.188   77.649    0    0  (Gen:  0)
 26830064      4528  69753328  0.000  0.000  570.422   77.682    0    0  (Gen:  0)
 30251344      4968  69754280  0.000  0.000  570.797   77.719    0    0  (Gen:  0)
 27889488      4424  69754248  0.000  0.000  571.047   77.753    0    0  (Gen:  0)
 28061984      4624  69754976  0.000  0.000  571.266   77.787    0    0  (Gen:  0)
 30091704      5672  69756504  0.000  0.000  571.516   77.824    0    0  (Gen:  0)
 29765392      4616  69756024  0.000  0.000  571.891   77.861    0    0  (Gen:  0)
 29425624      5824  69757744  0.000  0.000  572.125   77.897    0    0  (Gen:  0)
 29788448      4920  69757352  0.000  0.000  572.359   77.933    0    0  (Gen:  0)
 28235992      7168  69760048  0.000  0.000  572.719   77.968    0    0  (Gen:  0)
 27310952      4280  69757576  0.000  0.000  572.969   78.001    0    0  (Gen:  0)
 27994304      4864  69758672  0.000  0.000  573.188   78.036    0    0  (Gen:  0)
 29113032      5688  69759880  0.000  0.000  573.438   78.071    0    0  (Gen:  0)
 28025960      4440  69759112  0.000  0.000  573.656   78.106    0    0  (Gen:  0)
 30725400      5240  69760328  0.000  0.000  574.016   78.144    0    0  (Gen:  0)
 29711000      6152  69761752  0.000  0.000  574.266   78.181    0    0  (Gen:  0)
 30227768      4640  69760624  0.000  0.000  574.641   78.219    0    0  (Gen:  0)
 28812112      5160  69761624  0.000  0.000  574.875   78.255    0    0  (Gen:  0)
 28327696      5200  69762080  0.000  0.000  575.125   78.290    0    0  (Gen:  0)
 30076936      6160  69763568  0.000  0.000  575.469   78.328    0    0  (Gen:  0)
 26654304      5008  69762864  0.000  0.000  575.703   78.361    0    0  (Gen:  0)
 31346416      4832  69763104  0.000  0.000  575.938   78.399    0    0  (Gen:  0)
 30201352      4768  69763520  0.000  0.000  576.297   78.436    0    0  (Gen:  0)
 30110848      6328  69765624  0.000  0.000  576.531   78.474    0    0  (Gen:  0)
 30486704      5112  69764920  0.000  0.000  576.781   78.512    0    0  (Gen:  0)
 28667208      4232  69764520  0.000  0.000  577.125   78.549    0    0  (Gen:  0)
 30750576      6240  69767008  0.000  0.000  577.359   78.588    0    0  (Gen:  0)
 29706552  67350496  69685304  0.016  0.030  577.719   78.655    0    0  (Gen:  1)
 30583744      4208  69685176  0.000  0.000  578.078   78.693    0    0  (Gen:  0)
 30495208      5592  69687040  0.000  0.000  578.297   78.731    0    0  (Gen:  0)
 30321864      4512  69686440  0.000  0.000  578.656   78.769    0    0  (Gen:  0)
 29225120      4448  69686856  0.000  0.000  578.906   78.806    0    0  (Gen:  0)
 30379344      4464  69687352  0.000  0.000  579.266   78.844    0    0  (Gen:  0)
 28432208      4632  69688032  0.000  0.000  579.484   78.880    0    0  (Gen:  0)
 29851664      3832  69687712  0.000  0.000  579.734   78.918    0    0  (Gen:  0)
 30077952      5040  69689400  0.000  0.000  580.109   78.956    0    0  (Gen:  0)
 29146240      7400  69692240  0.000  0.000  580.344   78.992    0    0  (Gen:  0)
 29679272      3792  69689144  0.016  0.000  580.609   79.030    0    0  (Gen:  0)
 27827976      3632  69689432  0.000  0.000  580.844   79.065    0    0  (Gen:  0)
 30192840      4592  69690840  0.000  0.000  581.078   79.103    0    0  (Gen:  0)
 27120696      4224  69690952  0.000  0.000  581.281   79.137    0    0  (Gen:  0)
 29989752      5072  69692280  0.000  0.000  581.656   79.174    0    0  (Gen:  0)
 30486144      5352  69693072  0.000  0.000  581.906   79.212    0    0  (Gen:  0)
 29565920      5976  69694208  0.047  0.000  582.250   79.248    0    0  (Gen:  0)
 30423488      4640  69693416  0.000  0.000  582.500   79.286    0    0  (Gen:  0)
 30555480      5152  69694472  0.000  0.000  582.719   79.324    0    0  (Gen:  0)
 30635856      4256  69694152  0.000  0.000  583.078   79.361    0    0  (Gen:  0)
 27125696      4744  69695152  0.000  0.000  583.297   79.394    0    0  (Gen:  0)
 28896088      4968  69695952  0.000  0.000  583.547   79.430    0    0  (Gen:  0)
 28232840      5744  69697176  0.000  0.000  583.766   79.465    0    0  (Gen:  0)
 27540968      4672  69696680  0.000  0.000  584.000   79.498    0    0  (Gen:  0)
 29073064      5688  69698240  0.000  0.000  584.359   79.533    0    0  (Gen:  0)
 28863816      4912  69698008  0.000  0.000  584.578   79.568    0    0  (Gen:  0)
 30604032      5344  69699016  0.000  0.000  584.812   79.606    0    0  (Gen:  0)
 30411816      5488  69699736  0.000  0.000  585.156   79.644    0    0  (Gen:  0)
 26721616      5024  69699944  0.000  0.000  585.406   79.675    0    0  (Gen:  0)
 29836752      6384  69702456  0.000  0.000  585.609   79.711    0    0  (Gen:  0)
 16402640      3656  69700656  0.000  0.000  585.719   79.755    0    0  (Gen:  0)
 25498016      4696  69702176  0.000  0.000  585.938   79.786    0    0  (Gen:  0)
 23399336      4520  69702672  0.000  0.000  586.156   79.816    0    0  (Gen:  0)
 30443232      4184  69702880  0.000  0.000  586.391   79.854    0    0  (Gen:  0)
 27754672      5592  69705008  0.000  0.000  586.594   79.889    0    0  (Gen:  0)
 29572928      6048  69706040  0.000  0.000  586.938   79.925    0    0  (Gen:  0)
 29763352  67285904  69620712  0.125  0.028  587.297   79.990    0    0  (Gen:  1)
 30123560      4440  69621112  0.000  0.000  587.547   80.027    0    0  (Gen:  0)
 28082384      5368  69622552  0.000  0.000  587.922   80.061    0    0  (Gen:  0)
 29433536      5320  69623080  0.000  0.000  588.156   80.098    0    0  (Gen:  0)
 29907888      5232  69623472  0.000  0.000  588.391   80.135    0    0  (Gen:  0)
 30131696      4736  69623520  0.000  0.000  588.766   80.172    0    0  (Gen:  0)
 24683768      6088  69625352  0.000  0.000  588.984   80.202    0    0  (Gen:  0)
 30150816      5048  69624824  0.000  0.000  589.219   80.239    0    0  (Gen:  0)
 29893944      5176  69625544  0.000  0.000  589.469   80.276    0    0  (Gen:  0)
 29971016      5576  69626424  0.000  0.000  589.844   80.313    0    0  (Gen:  0)
 30362248      4720  69626112  0.000  0.000  590.078   80.350    0    0  (Gen:  0)
 28677448      4656  69626464  0.000  0.000  590.297   80.385    0    0  (Gen:  0)
 29163184      5432  69627720  0.000  0.000  590.672   80.422    0    0  (Gen:  0)
 27638368      6208  69629008  0.000  0.000  590.906   80.455    0    0  (Gen:  0)
 29179712      4680  69627928  0.000  0.000  591.141   80.491    0    0  (Gen:  0)
 30062616      3920  69627616  0.000  0.000  591.391   80.527    0    0  (Gen:  0)
 25121256      5904  69630080  0.000  0.000  591.625   80.557    0    0  (Gen:  0)
 30480520      6600  69631960  0.000  0.000  591.984   80.594    0    0  (Gen:  0)
 28969168      4392  69630584  0.000  0.000  592.203   80.629    0    0  (Gen:  0)
 27710288      5152  69631824  0.000  0.000  592.453   80.664    0    0  (Gen:  0)
 28926712      4016  69631136  0.000  0.000  592.672   80.699    0    0  (Gen:  0)
 29809152      5960  69633592  0.000  0.000  593.047   80.737    0    0  (Gen:  0)
 30690848      4840  69633048  0.000  0.000  593.297   80.775    0    0  (Gen:  0)
 29909024      4824  69633672  0.000  0.000  593.656   80.813    0    0  (Gen:  0)
 28688600      3704  69633144  0.000  0.000  593.891   80.849    0    0  (Gen:  0)
 30214584      4832  69634848  0.000  0.000  594.141   80.887    0    0  (Gen:  0)
 29485288      5408  69635968  0.000  0.000  594.516   80.923    0    0  (Gen:  0)
 29802632      5232  69669096  0.000  0.000  594.766   80.960    0    0  (Gen:  0)
 25758624      5048  69669424  0.000  0.000  594.938   80.992    0    0  (Gen:  0)
 29089032      5664  69670552  0.000  0.000  595.172   81.026    0    0  (Gen:  0)
 30115416      3888  69669288  0.000  0.000  595.531   81.064    0    0  (Gen:  0)
 29502264      6368  69672376  0.000  0.000  595.766   81.100    0    0  (Gen:  0)
 15839920  67231376  69598944  0.141  0.028  596.016   81.148    0    0  (Gen:  1)
 29646896      5448  69599240  0.000  0.000  596.250   81.185    0    0  (Gen:  0)
 30940736      4320  69598736  0.000  0.000  596.609   81.224    0    0  (Gen:  0)
 30105208      4600  69599624  0.000  0.000  596.844   81.261    0    0  (Gen:  0)
 29326200      5488  69601088  0.000  0.000  597.203   81.298    0    0  (Gen:  0)
 28942712      4312  69600488  0.000  0.000  597.422   81.334    0    0  (Gen:  0)
 30179536      4680  69601512  0.000  0.000  597.672   81.372    0    0  (Gen:  0)
 28463656      4920  69602360  0.000  0.000  598.031   81.407    0    0  (Gen:  0)
 28351960      5296  69603344  0.000  0.000  598.266   81.443    0    0  (Gen:  0)
 28973928      5664  69604256  0.000  0.000  598.469   81.479    0    0  (Gen:  0)
 29426528      4640  69603872  0.000  0.000  598.812   81.515    0    0  (Gen:  0)
 29796584      4984  69604664  0.000  0.000  599.047   81.553    0    0  (Gen:  0)
 27455448      5288  69605544  0.000  0.000  599.281   81.587    0    0  (Gen:  0)
 29948248      6248  69607368  0.000  0.000  599.516   81.622    0    0  (Gen:  0)
 29845008      4688  69606960  0.000  0.000  599.875   81.660    0    0  (Gen:  0)
 28685760      4192  69607008  0.000  0.000  600.109   81.696    0    0  (Gen:  0)
 24734528      5384  69608744  0.000  0.000  600.359   81.726    0    0  (Gen:  0)
 27818496      6200  69610584  0.000  0.000  600.609   81.761    0    0  (Gen:  0)
 26692616      5240  69610552  0.000  0.000  600.859   81.794    0    0  (Gen:  0)
 26633288      4360  69610536  0.000  0.000  601.203   81.827    0    0  (Gen:  0)
 29686416      4448  69611680  0.000  0.000  601.453   81.866    0    0  (Gen:  0)
 29509680      4776  69612552  0.000  0.000  601.828   81.905    0    0  (Gen:  0)
 29407256      3944  69612200  0.000  0.000  602.062   81.944    0    0  (Gen:  0)
 29071072      5024  69613824  0.000  0.000  602.297   81.982    0    0  (Gen:  0)
 28928224      4408  69613688  0.000  0.000  602.672   82.020    0    0  (Gen:  0)
 29036456      3904  69613664  0.000  0.000  602.906   82.059    0    0  (Gen:  0)
 29242776      3760  69614096  0.000  0.000  603.266   82.097    0    0  (Gen:  0)
 29020576      3872  69614720  0.000  0.000  603.469   82.134    0    0  (Gen:  0)
 27498432      5464  69616792  0.000  0.000  603.641   82.170    0    0  (Gen:  0)
 28555104      5144  69616952  0.000  0.000  604.000   82.207    0    0  (Gen:  0)
 29197152      4016  69616368  0.000  0.000  604.234   82.244    0    0  (Gen:  0)
 31262744  67168088  69535664  0.094  0.052  604.703   82.337    0    0  (Gen:  1)
 26290456      3696  69534568  0.000  0.000  604.922   82.372    0    0  (Gen:  0)
 27552744      4176  69535672  0.000  0.000  605.266   82.408    0    0  (Gen:  0)
 30755824      4408  69536432  0.000  0.000  605.500   82.448    0    0  (Gen:  0)
 24644224      4408  69537008  0.000  0.000  605.734   82.481    0    0  (Gen:  0)
 28268448      3696  69536744  0.000  0.000  606.109   82.517    0    0  (Gen:  0)
 29406816      4776  69538336  0.000  0.000  606.344   82.555    0    0  (Gen:  0)
 29885024      3912  69538016  0.000  0.000  606.703   82.593    0    0  (Gen:  0)
 29499128      4000  69538616  0.000  0.000  606.953   82.631    0    0  (Gen:  0)
 29744808      4344  69539536  0.000  0.000  607.203   82.669    0    0  (Gen:  0)
 24612752      3728  69539528  0.000  0.000  607.391   82.701    0    0  (Gen:  0)
 27090448      3928  69540272  0.000  0.000  607.734   82.735    0    0  (Gen:  0)
 28655408      3960  69540880  0.000  0.000  607.984   82.772    0    0  (Gen:  0)
 30081656      4560  69541960  0.000  0.000  608.344   82.811    0    0  (Gen:  0)
 29401808      3920  69541896  0.000  0.000  608.578   82.849    0    0  (Gen:  0)
 25915032      4712  69543200  0.000  0.000  608.812   82.881    0    0  (Gen:  0)
 29864912      4424  69544160  0.000  0.000  609.062   82.919    0    0  (Gen:  0)
 27707320      4104  69544640  0.000  0.000  609.406   82.956    0    0  (Gen:  0)
 28852464      4256  69545432  0.000  0.000  609.609   82.992    0    0  (Gen:  0)
 30261568      4656  69546376  0.000  0.000  609.984   83.031    0    0  (Gen:  0)
 29275952      4000  69546328  0.000  0.000  610.219   83.069    0    0  (Gen:  0)
 29863912      5048  69547952  0.000  0.000  610.562   83.107    0    0  (Gen:  0)
 28776480      4208  69547688  0.000  0.000  610.812   83.143    0    0  (Gen:  0)
 29633752      4384  69548440  0.000  0.000  611.062   83.181    0    0  (Gen:  0)
 28327360      4272  69548872  0.000  0.000  611.281   83.217    0    0  (Gen:  0)
 30204800      4376  69549456  0.000  0.000  611.641   83.255    0    0  (Gen:  0)
 30657336      4384  69550040  0.000  0.000  611.891   83.293    0    0  (Gen:  0)
 29182944      4152  69550384  0.000  0.000  612.234   83.329    0    0  (Gen:  0)
 29611472      4536  69551344  0.000  0.000  612.484   83.366    0    0  (Gen:  0)
 25126152      4776  69552128  0.000  0.000  612.688   83.395    0    0  (Gen:  0)
 27978440      5544  69553472  0.000  0.000  612.906   83.429    0    0  (Gen:  0)
 26293528      5144  69553616  0.000  0.000  613.125   83.459    0    0  (Gen:  0)
 28905112      5384  69554432  0.000  0.000  613.375   83.494    0    0  (Gen:  0)
 28261048  67105072  69472648  0.141  0.029  613.766   83.557    0    0  (Gen:  1)
 28967616      5584  69474064  0.000  0.000  614.000   83.591    0    0  (Gen:  0)
 22110264      5080  69474072  0.000  0.000  614.172   83.616    0    0  (Gen:  0)
 26681920      5448  69474888  0.000  0.000  614.422   83.647    0    0  (Gen:  0)
 28749896      4552  69474568  0.000  0.000  614.672   83.681    0    0  (Gen:  0)
 28137064      5344  69475936  0.000  0.000  614.906   83.714    0    0  (Gen:  0)
 30224456      5160  69476360  0.000  0.000  615.281   83.751    0    0  (Gen:  0)
 29325576      5360  69477136  0.000  0.000  615.531   83.786    0    0  (Gen:  0)
 30269888      6320  69478576  0.000  0.000  615.766   83.823    0    0  (Gen:  0)
 30606752      6696  69479496  0.000  0.000  616.125   83.861    0    0  (Gen:  0)
 30929864      5472  69478752  0.000  0.000  616.375   83.898    0    0  (Gen:  0)
 30308160      6344  69480072  0.000  0.000  616.609   83.935    0    0  (Gen:  0)
 28586576      4752  69478992  0.000  0.000  616.953   83.970    0    0  (Gen:  0)
 27622600      5712  69480400  0.000  0.000  617.203   84.004    0    0  (Gen:  0)
 29947472      5184  69480368  0.000  0.000  617.453   84.040    0    0  (Gen:  0)
 30205120      5376  69480944  0.000  0.000  617.812   84.078    0    0  (Gen:  0)
 29491600      4944  69480992  0.000  0.000  618.062   84.114    0    0  (Gen:  0)
 30676504      6160  69482624  0.000  0.000  618.312   84.151    0    0  (Gen:  0)
 30724112      5056  69482000  0.000  0.000  618.672   84.189    0    0  (Gen:  0)
 30154264      5176  69482536  0.000  0.000  618.922   84.225    0    0  (Gen:  0)
 28809064      5120  69482992  0.000  0.000  619.156   84.260    0    0  (Gen:  0)
 30591632      6544  69517656  0.000  0.000  619.516   84.297    0    0  (Gen:  0)
 31237040      4928  69516520  0.000  0.000  619.750   84.335    0    0  (Gen:  0)
 30598936      5232  69517368  0.000  0.000  620.000   84.372    0    0  (Gen:  0)
 28840984      4824  69517408  0.000  0.000  620.312   84.406    0    0  (Gen:  0)
 28721536      4888  69517984  0.000  0.000  620.547   84.441    0    0  (Gen:  0)
 26735688      6656  69520296  0.000  0.000  620.766   84.474    0    0  (Gen:  0)
 26942168      6088  69520144  0.000  0.000  621.000   84.506    0    0  (Gen:  0)
 30386224      4800  69519344  0.000  0.000  621.250   84.542    0    0  (Gen:  0)
 28900064      5360  69520352  0.000  0.000  621.578   84.578    0    0  (Gen:  0)
 29776800      5368  69520840  0.000  0.000  621.828   84.614    0    0  (Gen:  0)
 29571136      4936  69520888  0.000  0.000  622.078   84.650    0    0  (Gen:  0)
 29857544      7120  69523584  0.000  0.000  622.422   84.686    0    0  (Gen:  0)
 26190600  67054368  69454712  0.016  0.028  622.688   84.746    0    0  (Gen:  1)
 29618848      7344  69456792  0.000  0.000  623.047   84.782    0    0  (Gen:  0)
 29174760      7200  69457112  0.000  0.000  623.281   84.818    0    0  (Gen:  0)
 30573480      6200  69456608  0.000  0.000  623.531   84.855    0    0  (Gen:  0)
 18529032      5392  69456248  0.000  0.000  623.688   84.900    0    0  (Gen:  0)
 21009512      5048  69456192  0.000  0.000  623.859   84.924    0    0  (Gen:  0)
 22370424      7816  69459696  0.000  0.000  623.938   84.951    0    0  (Gen:  0)
 30530456      6256  69459312  0.000  0.000  624.297   84.988    0    0  (Gen:  0)
 30025776      4968  69458440  0.000  0.000  624.547   85.025    0    0  (Gen:  0)
 27472616      5312  69459264  0.000  0.000  624.781   85.058    0    0  (Gen:  0)
 30774408      5584  69459920  0.000  0.000  625.141   85.095    0    0  (Gen:  0)
 26983128      5992  69460808  0.000  0.000  625.375   85.127    0    0  (Gen:  0)
 29146808      5600  69460864  0.000  0.000  625.625   85.163    0    0  (Gen:  0)
 29914216      6256  69461968  0.000  0.000  625.875   85.199    0    0  (Gen:  0)
 27636688      5032  69461288  0.000  0.000  626.234   85.232    0    0  (Gen:  0)
 29518024      5592  69462296  0.000  0.000  626.484   85.269    0    0  (Gen:  0)
 28396696      4624  69461840  0.000  0.000  626.719   85.304    0    0  (Gen:  0)
 30056736      6040  69463768  0.000  0.000  626.953   85.341    0    0  (Gen:  0)
 28750400      4416  69462560  0.000  0.000  627.312   85.376    0    0  (Gen:  0)
 29396112      5968  69464720  0.000  0.000  627.562   85.409    0    0  (Gen:  0)
 29832336      4960  69465152  0.000  0.000  627.797   85.446    0    0  (Gen:  0)
 28692216      4272  69464944  0.000  0.000  628.000   85.481    0    0  (Gen:  0)
 30718024      4960  69466144  0.000  0.000  628.312   85.519    0    0  (Gen:  0)
 28960872      5008  69466672  0.000  0.000  628.531   85.554    0    0  (Gen:  0)
 29857280      5088  69467264  0.000  0.000  628.781   85.591    0    0  (Gen:  0)
 29025000      5144  69467736  0.000  0.000  629.156   85.627    0    0  (Gen:  0)
 29014784      4592  69467696  0.000  0.000  629.406   85.663    0    0  (Gen:  0)
 29384952      4560  69468112  0.000  0.000  629.641   85.699    0    0  (Gen:  0)
 28942744      5360  69469488  0.000  0.000  630.000   85.734    0    0  (Gen:  0)
 27977504      5328  69470384  0.000  0.000  630.219   85.768    0    0  (Gen:  0)
 29220896      6400  69472512  0.000  0.000  630.422   85.803    0    0  (Gen:  0)
 29642000      4664  69471416  0.000  0.000  630.656   85.840    0    0  (Gen:  0)
 29463448      5128  69472424  0.000  0.000  631.000   85.875    0    0  (Gen:  0)
 29454976      5480  69473352  0.000  0.000  631.234   85.911    0    0  (Gen:  0)
 29869120      5040  69473488  0.000  0.000  631.469   85.947    0    0  (Gen:  0)
 28922896      5216  69474240  0.000  0.000  631.719   85.982    0    0  (Gen:  0)
 27726552  66990976  69391320  0.016  0.028  632.094   86.044    0    0  (Gen:  1)
 30508088      4800  69391448  0.000  0.000  632.438   86.081    0    0  (Gen:  0)
 27094312      5312  69392536  0.000  0.000  632.672   86.114    0    0  (Gen:  0)
 29539168      5184  69392920  0.000  0.000  632.906   86.152    0    0  (Gen:  0)
 29870936      4464  69392648  0.000  0.000  633.250   86.190    0    0  (Gen:  0)
 27684120      6160  69394760  0.000  0.000  633.484   86.224    0    0  (Gen:  0)
 29618984      5256  69394304  0.000  0.000  633.719   86.261    0    0  (Gen:  0)
 30270376      4544  69394040  0.000  0.000  634.094   86.299    0    0  (Gen:  0)
 28966568      4264  69394272  0.000  0.000  634.312   86.335    0    0  (Gen:  0)
 26844856      4752  69395240  0.000  0.000  634.562   86.369    0    0  (Gen:  0)
 29857312      5112  69395984  0.000  0.000  634.938   86.406    0    0  (Gen:  0)
 29402832      5224  69396576  0.000  0.000  635.172   86.442    0    0  (Gen:  0)
 29717776      6176  69397976  0.000  0.000  635.406   86.479    0    0  (Gen:  0)
 27311216      4784  69397064  0.000  0.000  635.656   86.513    0    0  (Gen:  0)
 26709256      5760  69398424  0.000  0.000  635.953   86.546    0    0  (Gen:  0)
 29439576      5864  69398944  0.000  0.000  636.188   86.583    0    0  (Gen:  0)
 28933288      6056  69399584  0.000  0.000  636.391   86.619    0    0  (Gen:  0)
 27949776      6032  69400040  0.000  0.000  636.625   86.653    0    0  (Gen:  0)
 29927528      5328  69399752  0.000  0.000  636.984   86.691    0    0  (Gen:  0)
 29171872      4176  69399080  0.000  0.000  637.219   86.728    0    0  (Gen:  0)
 30108824      3440  69398824  0.000  0.000  637.578   86.766    0    0  (Gen:  0)
 28773936      5312  69401176  0.000  0.000  637.812   86.802    0    0  (Gen:  0)
 29978200      3728  69400168  0.000  0.000  638.047   86.840    0    0  (Gen:  0)
 29152304      3880  69400832  0.000  0.000  638.406   86.876    0    0  (Gen:  0)
 29424184      5120  69402648  0.000  0.000  638.656   86.914    0    0  (Gen:  0)
 28987600      5920  69404008  0.000  0.000  638.844   86.950    0    0  (Gen:  0)
 26933592      4040  69402608  0.000  0.000  639.172   86.984    0    0  (Gen:  0)
 30726448      4688  69403736  0.000  0.000  639.422   87.022    0    0  (Gen:  0)
 29021088      5280  69404904  0.000  0.000  639.641   87.057    0    0  (Gen:  0)
 30887360      5304  69405440  0.000  0.000  640.016   87.096    0    0  (Gen:  0)
 30078904      6384  69407064  0.000  0.000  640.266   87.134    0    0  (Gen:  0)
 30919568      5016  69406272  0.000  0.000  640.641   87.173    0    0  (Gen:  0)
 31019144  66941056  69341400  0.125  0.028  641.000   87.238    0    0  (Gen:  1)
 30603280      4760  69340648  0.000  0.000  641.250   87.276    0    0  (Gen:  0)
 31147880      6352  69342720  0.000  0.000  641.625   87.315    0    0  (Gen:  0)
 28522728      4248  69341160  0.000  0.000  641.859   87.349    0    0  (Gen:  0)
 30027792      6760  69344184  0.000  0.000  642.109   87.386    0    0  (Gen:  0)
 30802440      4376  69342280  0.000  0.000  642.484   87.424    0    0  (Gen:  0)
 31303176      5264  69343680  0.000  0.000  642.734   87.463    0    0  (Gen:  0)
 30268336      5112  69344040  0.000  0.000  643.094   87.500    0    0  (Gen:  0)
 19785688      4344  69343752  0.000  0.000  643.172   87.544    0    0  (Gen:  0)
 21909288      4496  69344288  0.000  0.000  643.328   87.571    0    0  (Gen:  0)
 27729016      4912  69345168  0.000  0.000  643.547   87.605    0    0  (Gen:  0)
 30855952      5424  69346240  0.000  0.000  643.906   87.643    0    0  (Gen:  0)
 28746456      5216  69346544  0.000  0.000  644.156   87.679    0    0  (Gen:  0)
 25018384      4568  69346376  0.000  0.000  644.359   87.707    0    0  (Gen:  0)
 30166920      5176  69347368  0.000  0.000  644.609   87.745    0    0  (Gen:  0)
 30705984      6344  69349016  0.000  0.000  644.984   87.784    0    0  (Gen:  0)
 30941048      5184  69348400  0.000  0.000  645.234   87.822    0    0  (Gen:  0)
 29842952      5344  69349072  0.000  0.000  645.594   87.859    0    0  (Gen:  0)
 30966560      5536  69349744  0.000  0.000  645.844   87.897    0    0  (Gen:  0)
 31022832      7176  69351832  0.000  0.000  646.094   87.935    0    0  (Gen:  0)
 31084976      5208  69350440  0.000  0.000  646.438   87.973    0    0  (Gen:  0)
 29778944      6312  69352056  0.000  0.000  646.688   88.009    0    0  (Gen:  0)
 29544912      5184  69351536  0.000  0.000  646.938   88.045    0    0  (Gen:  0)
 30314920      6472  69353304  0.000  0.000  647.281   88.083    0    0  (Gen:  0)
 29570624      4792  69352168  0.000  0.000  647.516   88.119    0    0  (Gen:  0)
 27750768      5568  69353488  0.000  0.000  647.750   88.153    0    0  (Gen:  0)
 28210352      7072  69355440  0.000  0.000  648.094   88.187    0    0  (Gen:  0)
 29797848      6808  69355720  0.000  0.000  648.344   88.223    0    0  (Gen:  0)
 29995376      5552  69355008  0.000  0.000  648.594   88.260    0    0  (Gen:  0)
 29911744      6560  69356624  0.000  0.000  648.953   88.297    0    0  (Gen:  0)
 29187712  66889200  69289544  0.141  0.034  649.328   88.368    0    0  (Gen:  1)
 28642544      4592  69291000  0.000  0.000  649.578   88.403    0    0  (Gen:  0)
 30795728      4136  69291184  0.000  0.000  649.938   88.442    0    0  (Gen:  0)
 27024232      4272  69291960  0.000  0.000  650.172   88.475    0    0  (Gen:  0)
 25148736      5192  69293584  0.000  0.000  650.406   88.505    0    0  (Gen:  0)
 27522472      3952  69292760  0.000  0.000  650.625   88.539    0    0  (Gen:  0)
 31335376      4664  69294112  0.000  0.000  650.969   88.578    0    0  (Gen:  0)
 23635128      4760  69294976  0.000  0.000  651.078   88.604    0    0  (Gen:  0)
 30380000      5072  69296792  0.000  0.000  651.453   88.642    0    0  (Gen:  0)
 28972520      4416  69296840  0.000  0.000  651.688   88.678    0    0  (Gen:  0)
 30681536      4976  69297944  0.000  0.000  651.922   88.716    0    0  (Gen:  0)
 29494904      4736  69298344  0.000  0.000  652.281   88.752    0    0  (Gen:  0)
 30540144      5728  69332608  0.000  0.000  652.531   88.789    0    0  (Gen:  0)
 30427160      5640  69333160  0.000  0.000  652.875   88.827    0    0  (Gen:  0)
 30539632      4048  69332080  0.000  0.000  653.125   88.864    0    0  (Gen:  0)
 30696256      5280  69366680  0.000  0.000  653.375   88.901    0    0  (Gen:  0)
 30940024      5544  69367488  0.000  0.000  653.750   88.939    0    0  (Gen:  0)
 30954184      5600  69368152  0.000  0.000  653.984   88.977    0    0  (Gen:  0)
 29927472      4328  69367392  0.000  0.000  654.172   89.013    0    0  (Gen:  0)
 29666096      5344  69368920  0.000  0.000  654.531   89.050    0    0  (Gen:  0)
 29930024      5640  69369776  0.000  0.000  654.766   89.087    0    0  (Gen:  0)
 28840280      4368  69369144  0.000  0.000  655.000   89.123    0    0  (Gen:  0)
 30647688      5520  69370840  0.000  0.000  655.359   89.161    0    0  (Gen:  0)
 29320304      4656  69370520  0.000  0.000  655.578   89.197    0    0  (Gen:  0)
 30434784      5336  69371616  0.000  0.000  655.953   89.235    0    0  (Gen:  0)
 30583920      5016  69371904  0.000  0.000  656.203   89.272    0    0  (Gen:  0)
 30401808      4728  69372192  0.000  0.000  656.453   89.310    0    0  (Gen:  0)
 26059000      5672  69373680  0.000  0.000  656.703   89.340    0    0  (Gen:  0)
 30226712      4792  69374240  0.000  0.000  657.078   89.378    0    0  (Gen:  0)
 28379416      4808  69374928  0.000  0.000  657.297   89.413    0    0  (Gen:  0)
 30444008      3928  69374592  0.000  0.000  657.531   89.451    0    0  (Gen:  0)
 29103008      5136  69376376  0.000  0.000  657.906   89.488    0    0  (Gen:  0)
 29362784      4544  69376328  0.000  0.000  658.156   89.525    0    0  (Gen:  0)
 27955240      4368  69376664  0.000  0.000  658.375   89.560    0    0  (Gen:  0)
 30060176  66821672  69287552  0.062  0.033  658.797   89.629    0    0  (Gen:  1)
 25776240      5440  69287600  0.000  0.000  659.016   89.662    0    0  (Gen:  0)
 30556368      4664  69287240  0.000  0.000  659.250   89.700    0    0  (Gen:  0)
 27907704      5464  69288648  0.000  0.000  659.625   89.733    0    0  (Gen:  0)
 26668064      5184  69289264  0.000  0.000  659.875   89.766    0    0  (Gen:  0)
 26904088      4584  69289880  0.000  0.000  660.109   89.800    0    0  (Gen:  0)
 27343024      4056  69290376  0.000  0.000  660.344   89.833    0    0  (Gen:  0)
 30617208      3960  69291240  0.000  0.000  660.594   89.873    0    0  (Gen:  0)
 30204656      5672  69293496  0.000  0.000  660.953   89.912    0    0  (Gen:  0)
 28564680      5064  69293432  0.000  0.000  661.203   89.947    0    0  (Gen:  0)
 30180464      4464  69294048  0.000  0.000  661.562   89.985    0    0  (Gen:  0)
 27351488      3840  69294224  0.000  0.000  661.812   90.021    0    0  (Gen:  0)
 30195096      4032  69294896  0.000  0.000  662.047   90.061    0    0  (Gen:  0)
 29748032      4280  69328384  0.000  0.000  662.422   90.100    0    0  (Gen:  0)
 29652664      3808  69295664  0.000  0.000  662.797   90.139    0    0  (Gen:  0)
 17003664      4840  69297176  0.000  0.000  662.828   90.180    0    0  (Gen:  0)
 26869976      3992  69329408  0.000  0.000  663.031   90.214    0    0  (Gen:  0)
 28153800      3928  69329856  0.000  0.000  663.391   90.250    0    0  (Gen:  0)
 29916000      3680  69330216  0.000  0.000  663.625   90.288    0    0  (Gen:  0)
 29211104      3824  69330840  0.000  0.000  663.828   90.325    0    0  (Gen:  0)
 29530776      4152  69331648  0.000  0.000  664.188   90.364    0    0  (Gen:  0)
 30001448      4176  69332152  0.000  0.000  664.422   90.403    0    0  (Gen:  0)
 28109568      4184  69332672  0.000  0.000  664.781   90.440    0    0  (Gen:  0)
 29256120      4208  69333184  0.000  0.000  665.031   90.479    0    0  (Gen:  0)
 31826416      4448  69333840  0.000  0.000  665.391   90.520    0    0  (Gen:  0)
 27742664      4192  69334096  0.000  0.000  665.625   90.556    0    0  (Gen:  0)
 30759760      5312  69335664  0.000  0.000  666.000   90.596    0    0  (Gen:  0)
 29195496      3816  69334648  0.000  0.000  666.234   90.636    0    0  (Gen:  0)
 26627224      4600  69335912  0.000  0.000  666.531   90.671    0    0  (Gen:  0)
 30304104      3760  69335456  0.000  0.000  666.781   90.711    0    0  (Gen:  0)
 29732616      4008  69336248  0.000  0.000  667.125   90.750    0    0  (Gen:  0)
 30562640      4280  69337032  0.000  0.000  667.344   90.790    0    0  (Gen:  0)
 28874976  66760000  69258648  0.016  0.028  667.719   90.856    0    0  (Gen:  1)
 27649584      4424  69259224  0.000  0.000  668.078   90.892    0    0  (Gen:  0)
 28750816      4112  69259456  0.000  0.000  668.328   90.930    0    0  (Gen:  0)
 30397272      4952  69260744  0.000  0.000  668.656   90.969    0    0  (Gen:  0)
 29626544      4528  69260768  0.000  0.000  668.891   91.007    0    0  (Gen:  0)
 29656664      4848  69261664  0.000  0.000  669.141   91.045    0    0  (Gen:  0)
 30291336      4776  69262104  0.000  0.000  669.500   91.083    0    0  (Gen:  0)
 28976728      4432  69262304  0.000  0.000  669.719   91.119    0    0  (Gen:  0)
 28950568      4624  69263008  0.000  0.000  670.078   91.155    0    0  (Gen:  0)
 30295600      4168  69263128  0.000  0.000  670.312   91.192    0    0  (Gen:  0)
 29719768      5544  69265048  0.000  0.000  670.562   91.228    0    0  (Gen:  0)
 28331392      4880  69265568  0.000  0.000  670.812   91.263    0    0  (Gen:  0)
 29791248      3800  69265656  0.000  0.000  671.172   91.299    0    0  (Gen:  0)
 29797504      4008  69266504  0.000  0.000  671.406   91.337    0    0  (Gen:  0)
 30832848      5648  69268816  0.000  0.000  671.781   91.374    0    0  (Gen:  0)
 30658400      4112  69268112  0.000  0.000  672.016   91.412    0    0  (Gen:  0)
 28938760      4656  69269296  0.000  0.000  672.234   91.447    0    0  (Gen:  0)
 26380304      5336  69270616  0.000  0.000  672.453   91.479    0    0  (Gen:  0)
 30552800      4176  69270096  0.000  0.000  672.812   91.516    0    0  (Gen:  0)
 28663664      4280  69270904  0.000  0.000  673.016   91.551    0    0  (Gen:  0)
 28565152      5768  69273000  0.000  0.000  673.250   91.587    0    0  (Gen:  0)
 29973136      5544  69273320  0.000  0.000  673.500   91.623    0    0  (Gen:  0)
 28876480      4800  69273152  0.000  0.000  673.859   91.659    0    0  (Gen:  0)
 30345712      4512  69273408  0.000  0.000  674.094   91.697    0    0  (Gen:  0)
 29309576      5576  69275016  0.000  0.000  674.469   91.733    0    0  (Gen:  0)
 28922872      6056  69275976  0.000  0.000  674.719   91.768    0    0  (Gen:  0)
 28401744      5288  69275784  0.000  0.000  674.938   91.802    0    0  (Gen:  0)
 27519560      5280  69276288  0.000  0.000  675.156   91.835    0    0  (Gen:  0)
 29093056      5432  69276984  0.000  0.000  675.406   91.870    0    0  (Gen:  0)
 28159968      4888  69276984  0.000  0.000  675.656   91.904    0    0  (Gen:  0)
 30204960      4712  69277384  0.000  0.000  675.984   91.941    0    0  (Gen:  0)
 30548576      6488  69279768  0.000  0.000  676.234   91.979    0    0  (Gen:  0)
 29095856      4848  69278672  0.000  0.000  676.484   92.013    0    0  (Gen:  0)
 29556264      4880  69279248  0.000  0.000  676.844   92.049    0    0  (Gen:  0)
 29329552      5400  69280280  0.000  0.000  677.094   92.085    0    0  (Gen:  0)
 29620536  66692392  69191040  0.141  0.028  677.484   92.150    0    0  (Gen:  1)
 28603640      5440  69191864  0.000  0.000  677.703   92.185    0    0  (Gen:  0)
 30430520      5136  69191976  0.000  0.000  678.062   92.223    0    0  (Gen:  0)
 29994856      5664  69192984  0.000  0.000  678.312   92.260    0    0  (Gen:  0)
 29864920      5048  69192848  0.000  0.000  678.625   92.296    0    0  (Gen:  0)
 27170152      5112  69193392  0.000  0.000  678.828   92.328    0    0  (Gen:  0)
 30062000      4648  69193408  0.000  0.000  679.078   92.365    0    0  (Gen:  0)
 29851520      7488  69196728  0.000  0.000  679.328   92.402    0    0  (Gen:  0)
 28688608      4960  69194776  0.000  0.000  679.656   92.437    0    0  (Gen:  0)
 28142776      5664  69195864  0.000  0.000  679.875   92.470    0    0  (Gen:  0)
 29350728      5680  69196360  0.000  0.000  680.109   92.507    0    0  (Gen:  0)
 30899048      5760  69196888  0.000  0.000  680.359   92.544    0    0  (Gen:  0)
 28534208      4968  69196576  0.000  0.000  680.703   92.579    0    0  (Gen:  0)
 29990536      6040  69198128  0.000  0.000  680.906   92.615    0    0  (Gen:  0)
 27177536      4856  69197488  0.000  0.000  681.156   92.648    0    0  (Gen:  0)
 29645448      5592  69198752  0.000  0.000  681.391   92.684    0    0  (Gen:  0)
 30761640      6032  69199752  0.000  0.000  681.750   92.722    0    0  (Gen:  0)
 29553288      5336  69199504  0.000  0.000  682.000   92.757    0    0  (Gen:  0)
 30546896      6232  69233736  0.000  0.000  682.250   92.794    0    0  (Gen:  0)
 14360704      4480  69199704  0.000  0.000  682.359   92.832    0    0  (Gen:  0)
 27887568      5136  69200840  0.000  0.000  682.594   92.864    0    0  (Gen:  0)
 24357672      5088  69201528  0.000  0.000  682.812   92.895    0    0  (Gen:  0)
 30335480      5320  69202176  0.000  0.000  683.062   92.933    0    0  (Gen:  0)
 29105920      4712  69202112  0.000  0.000  683.344   92.968    0    0  (Gen:  0)
 30754104      4744  69202592  0.000  0.000  683.594   93.006    0    0  (Gen:  0)
 30447840      4976  69203336  0.000  0.000  683.844   93.043    0    0  (Gen:  0)
 30960184      4744  69236344  0.000  0.000  684.188   93.081    0    0  (Gen:  0)
 30668184      7304  69239464  0.000  0.000  684.422   93.117    0    0  (Gen:  0)
 26741352      5192  69237944  0.000  0.000  684.656   93.149    0    0  (Gen:  0)
 30479592      6704  69239840  0.000  0.000  684.906   93.185    0    0  (Gen:  0)
 25120784      6632  69240408  0.000  0.000  685.141   93.214    0    0  (Gen:  0)
 29907024      5760  69240784  0.000  0.000  685.516   93.251    0    0  (Gen:  0)
 29047176      4952  69240520  0.000  0.000  685.766   93.287    0    0  (Gen:  0)
 29122496      5216  69241240  0.000  0.000  685.984   93.322    0    0  (Gen:  0)
 29989888      4968  69241440  0.000  0.000  686.344   93.358    0    0  (Gen:  0)
 29696504  66635720  69167136  0.125  0.028  686.719   93.423    0    0  (Gen:  1)
 29859704      5976  69168656  0.000  0.000  686.953   93.461    0    0  (Gen:  0)
 28116768      5240  69168432  0.000  0.000  687.172   93.495    0    0  (Gen:  0)
 29593808      5448  69169024  0.000  0.000  687.547   93.532    0    0  (Gen:  0)
 29548472      4616  69168672  0.000  0.000  687.781   93.570    0    0  (Gen:  0)
 30065112      5552  69170088  0.000  0.000  688.016   93.607    0    0  (Gen:  0)
 29827912      4328  69169280  0.000  0.000  688.375   93.644    0    0  (Gen:  0)
 30424008      5088  69170584  0.000  0.000  688.609   93.682    0    0  (Gen:  0)
 27654368      6808  69172848  0.047  0.000  688.875   93.717    0    0  (Gen:  0)
 29239200      4176  69170776  0.000  0.000  689.109   93.754    0    0  (Gen:  0)
 29332752      4256  69171336  0.000  0.000  689.359   93.791    0    0  (Gen:  0)
 29115736      5088  69172552  0.000  0.000  689.672   93.827    0    0  (Gen:  0)
 28430576      4944  69172888  0.000  0.000  689.922   93.862    0    0  (Gen:  0)
 28281056      5536  69173960  0.000  0.000  690.156   93.896    0    0  (Gen:  0)
 29895096      4976  69173880  0.000  0.000  690.391   93.933    0    0  (Gen:  0)
 28018888      5952  69175304  0.000  0.000  690.734   93.968    0    0  (Gen:  0)
 29293240      5040  69174840  0.000  0.000  690.969   94.004    0    0  (Gen:  0)
 29280456      7016  69177296  0.000  0.000  691.219   94.041    0    0  (Gen:  0)
 29711488      6480  69177208  0.000  0.000  691.562   94.079    0    0  (Gen:  0)
 28223472      5320  69176528  0.000  0.000  691.797   94.113    0    0  (Gen:  0)
 27343736      4432  69176152  0.000  0.000  692.031   94.146    0    0  (Gen:  0)
 26515816      5080  69177280  0.000  0.000  692.266   94.178    0    0  (Gen:  0)
 29529680      8144  69180824  0.000  0.000  692.500   94.214    0    0  (Gen:  0)
 28803384      5624  69178896  0.000  0.000  692.875   94.249    0    0  (Gen:  0)
 28217632      6288  69180136  0.000  0.000  693.094   94.283    0    0  (Gen:  0)
 26832096      4808  69179136  0.000  0.000  693.328   94.315    0    0  (Gen:  0)
 26930840      5688  69180752  0.000  0.000  693.516   94.346    0    0  (Gen:  0)
 25404112      4888  69181200  0.000  0.000  693.766   94.378    0    0  (Gen:  0)
 27264136  66588712  69120128  0.125  0.028  694.141   94.439    0    0  (Gen:  1)
 28488584      5368  69121288  0.000  0.000  694.359   94.476    0    0  (Gen:  0)
 28415984      5608  69122008  0.000  0.000  694.594   94.512    0    0  (Gen:  0)
 29491592      4608  69121520  0.000  0.000  694.953   94.550    0    0  (Gen:  0)
 27948792      4360  69121784  0.000  0.000  695.188   94.585    0    0  (Gen:  0)
 26722088      4704  69122624  0.000  0.000  695.422   94.618    0    0  (Gen:  0)
 28465328      4960  69123360  0.000  0.000  695.672   94.653    0    0  (Gen:  0)
 28559992      4944  69123824  0.000  0.000  696.000   94.689    0    0  (Gen:  0)
 29234744      4280  69123640  0.000  0.000  696.234   94.725    0    0  (Gen:  0)
 29673936      4608  69124512  0.000  0.000  696.484   94.761    0    0  (Gen:  0)
 30009576      5824  69126272  0.000  0.000  696.797   94.798    0    0  (Gen:  0)
 30576048      4704  69125696  0.000  0.000  697.031   94.835    0    0  (Gen:  0)
 30432280      6640  69128208  0.000  0.000  697.281   94.872    0    0  (Gen:  0)
 29963824      5312  69127456  0.000  0.000  697.625   94.908    0    0  (Gen:  0)
 27138696      5424  69128048  0.000  0.000  697.859   94.941    0    0  (Gen:  0)
 30461528      5640  69128680  0.000  0.000  698.109   94.978    0    0  (Gen:  0)
 30078280      6016  69129472  0.000  0.000  698.484   95.016    0    0  (Gen:  0)
 30993520      6104  69130104  0.000  0.000  698.719   95.054    0    0  (Gen:  0)
 30934176      5936  69130464  0.000  0.000  698.938   95.092    0    0  (Gen:  0)
 29198384      5304  69130344  0.000  0.000  699.297   95.128    0    0  (Gen:  0)
 30272216      5608  69131064  0.000  0.000  699.500   95.165    0    0  (Gen:  0)
 29711288      5480  69131448  0.000  0.000  699.859   95.202    0    0  (Gen:  0)
 29135528      4696  69131144  0.000  0.000  700.109   95.238    0    0  (Gen:  0)
 25452520      4600  69131496  0.000  0.000  700.312   95.269    0    0  (Gen:  0)
 29801848      6104  69133480  0.000  0.000  700.531   95.306    0    0  (Gen:  0)
 30166448      5072  69132928  0.000  0.000  700.875   95.344    0    0  (Gen:  0)
 29899840      5352  69133688  0.000  0.000  701.109   95.382    0    0  (Gen:  0)
 29670664      4712  69133496  0.000  0.000  701.359   95.419    0    0  (Gen:  0)
 16033480      7784  69137048  0.000  0.006  701.500   95.463    0    0  (Gen:  0)
 25095472      5392  69135072  0.000  0.000  701.703   95.494    0    0  (Gen:  0)
 27683768      5984  69136632  0.000  0.000  701.906   95.529    0    0  (Gen:  0)
 29358736      6024  69137472  0.000  0.000  702.266   95.566    0    0  (Gen:  0)
 28761608      5208  69137168  0.000  0.000  702.484   95.602    0    0  (Gen:  0)
 26310544  66540376  69071792  0.141  0.030  702.844   95.665    0    0  (Gen:  1)
 30069112      4264  69069912  0.000  0.000  703.203   95.703    0    0  (Gen:  0)
 29650808      6040  69072072  0.000  0.000  703.453   95.740    0    0  (Gen:  0)
 29414632      5664  69072208  0.000  0.000  703.672   95.776    0    0  (Gen:  0)
 30411392      4888  69071912  0.000  0.000  704.031   95.814    0    0  (Gen:  0)
 29437376      5272  69072808  0.000  0.000  704.266   95.851    0    0  (Gen:  0)
 29992904      6376  69074424  0.000  0.000  704.516   95.889    0    0  (Gen:  0)
 28008480      4632  69073224  0.000  0.000  704.875   95.924    0    0  (Gen:  0)
 29619584      3896  69072936  0.000  0.000  705.109   95.960    0    0  (Gen:  0)
 27818200      5888  69075504  0.000  0.000  705.344   95.996    0    0  (Gen:  0)
 28939928      4760  69107648  0.000  0.000  705.719   96.031    0    0  (Gen:  0)
 29841664      5424  69076032  0.000  0.000  705.953   96.068    0    0  (Gen:  0)
 30220560      5048  69108960  0.000  0.000  706.172   96.105    0    0  (Gen:  0)
 30533864      4424  69108912  0.000  0.000  706.531   96.143    0    0  (Gen:  0)
 29796864      4912  69109944  0.000  0.000  706.781   96.179    0    0  (Gen:  0)
 29853448      4856  69110464  0.000  0.000  707.016   96.216    0    0  (Gen:  0)
 28500496      5520  69111672  0.000  0.000  707.359   96.251    0    0  (Gen:  0)
 29905152      4816  69111544  0.000  0.000  707.609   96.288    0    0  (Gen:  0)
 30150416      6824  69114160  0.000  0.000  707.844   96.326    0    0  (Gen:  0)
 30295160      5424  69113272  0.000  0.000  708.203   96.364    0    0  (Gen:  0)
 28373504      5768  69114224  0.000  0.000  708.422   96.398    0    0  (Gen:  0)
 30245104      4440  69113416  0.000  0.000  708.781   96.436    0    0  (Gen:  0)
 30469008      5360  69114912  0.000  0.000  709.016   96.474    0    0  (Gen:  0)
 29785072      5024  69115120  0.000  0.000  709.266   96.511    0    0  (Gen:  0)
 30261384      4080  69114784  0.000  0.000  709.625   96.549    0    0  (Gen:  0)
 28682240      4504  69115752  0.000  0.000  709.828   96.584    0    0  (Gen:  0)
 27750408  66492896  69057080  0.141  0.029  710.203   96.647    0    0  (Gen:  1)
 30096848      5608  69058760  0.000  0.000  710.453   96.684    0    0  (Gen:  0)
 28954888      4488  69058184  0.000  0.000  710.797   96.720    0    0  (Gen:  0)
 30125816      5528  69059832  0.000  0.000  711.047   96.757    0    0  (Gen:  0)
 29184232      4352  69059296  0.000  0.000  711.297   96.794    0    0  (Gen:  0)
 29641304      4888  69060344  0.000  0.000  711.609   96.831    0    0  (Gen:  0)
 29823056      5504  69061600  0.000  0.000  711.844   96.867    0    0  (Gen:  0)
 30320360      5384  69062120  0.000  0.000  712.219   96.904    0    0  (Gen:  0)
 29417736      3928  69061240  0.000  0.000  712.453   96.941    0    0  (Gen:  0)
 29746688      6984  69064872  0.000  0.000  712.672   96.978    0    0  (Gen:  0)
 28703216      4288  69062880  0.000  0.000  712.922   97.013    0    0  (Gen:  0)
 27546704      5544  69064776  0.000  0.000  713.281   97.046    0    0  (Gen:  0)
 29072400      4712  69064520  0.000  0.000  713.516   97.081    0    0  (Gen:  0)
 29828912      5448  69066344  0.000  0.000  713.750   97.117    0    0  (Gen:  0)
 27970232      4624  69066864  0.000  0.000  714.000   97.152    0    0  (Gen:  0)
 29830360      4288  69067136  0.000  0.000  714.359   97.190    0    0  (Gen:  0)
 29243232      4296  69067688  0.000  0.000  714.594   97.226    0    0  (Gen:  0)
 29277296      5384  69069416  0.000  0.000  714.844   97.264    0    0  (Gen:  0)
 30265072      4008  69068552  0.000  0.000  715.188   97.302    0    0  (Gen:  0)
 30357600      5200  69070320  0.000  0.000  715.422   97.340    0    0  (Gen:  0)
 26262024      6832  69073040  0.000  0.000  715.672   97.372    0    0  (Gen:  0)
 30560672      6056  69073192  0.000  0.000  716.047   97.412    0    0  (Gen:  0)
 28745200      5560  69073272  0.000  0.000  716.266   97.447    0    0  (Gen:  0)
 29907696      5040  69073168  0.000  0.000  716.609   97.486    0    0  (Gen:  0)
 29897672      6264  69074936  0.000  0.000  716.859   97.525    0    0  (Gen:  0)
 20822512      4104  69073192  0.000  0.000  717.000   97.569    0    0  (Gen:  0)
 23122648      5040  69074512  0.000  0.000  717.188   97.598    0    0  (Gen:  0)
 23342680      5536  69075424  0.000  0.000  717.391   97.627    0    0  (Gen:  0)
 30192496      5192  69075640  0.000  0.000  717.641   97.666    0    0  (Gen:  0)
 30663848      4424  69075512  0.000  0.000  718.000   97.705    0    0  (Gen:  0)
 29392320      6240  69077904  0.000  0.000  718.234   97.742    0    0  (Gen:  0)
 30061480  66429544  68993728  0.016  0.028  718.625   97.808    0    0  (Gen:  1)
 29950312      4424  68994784  0.000  0.000  718.953   97.845    0    0  (Gen:  0)
 25487864      5672  68996512  0.000  0.000  719.188   97.876    0    0  (Gen:  0)
 28759528      4984  68997168  0.000  0.000  719.422   97.913    0    0  (Gen:  0)
 29092688      4672  68997528  0.000  0.000  719.656   97.950    0    0  (Gen:  0)
 30109000      3776  68997176  0.000  0.000  720.016   97.990    0    0  (Gen:  0)
 29537752      4400  69031072  0.000  0.000  720.266   98.028    0    0  (Gen:  0)
 29916448      3920  68998408  0.000  0.000  720.609   98.066    0    0  (Gen:  0)
 30078200      3984  69031776  0.000  0.000  720.844   98.105    0    0  (Gen:  0)
 30033528      4472  69032840  0.000  0.000  721.203   98.144    0    0  (Gen:  0)
 29964280      4192  69033072  0.000  0.000  721.453   98.182    0    0  (Gen:  0)
 27483520      4200  69033592  0.000  0.000  721.672   98.217    0    0  (Gen:  0)
 23012936      5920  69035824  0.000  0.000  721.906   98.244    0    0  (Gen:  0)
 30375072      5072  69036352  0.000  0.000  722.281   98.283    0    0  (Gen:  0)
 29998584      4648  69036504  0.000  0.000  722.516   98.322    0    0  (Gen:  0)
 26965936      3416  69035720  0.000  0.000  722.844   98.359    0    0  (Gen:  0)
 28289392      5112  69037800  0.000  0.000  723.094   98.394    0    0  (Gen:  0)
 28879080      3736  69036968  0.000  0.000  723.344   98.432    0    0  (Gen:  0)
 29044384      5744  69039456  0.000  0.000  723.688   98.470    0    0  (Gen:  0)
 29206912      3992  69038128  0.000  0.000  723.938   98.508    0    0  (Gen:  0)
 28771288      4752  69039336  0.000  0.000  724.156   98.545    0    0  (Gen:  0)
 31366704      4456  69039520  0.000  0.000  724.500   98.586    0    0  (Gen:  0)
 26202544      5736  69041312  0.000  0.000  724.703   98.619    0    0  (Gen:  0)
 25121856      4080  69040072  0.000  0.000  724.922   98.651    0    0  (Gen:  0)
 29480736      4088  69040528  0.000  0.000  725.266   98.689    0    0  (Gen:  0)
 29403160      3992  69040992  0.000  0.000  725.516   98.728    0    0  (Gen:  0)
 29259856      5480  69042864  0.000  0.000  725.859   98.766    0    0  (Gen:  0)
 30288344      5096  69043024  0.000  0.000  726.094   98.805    0    0  (Gen:  0)
 29225088      5016  69043360  0.000  0.000  726.453   98.842    0    0  (Gen:  0)
 29523224      4896  69043688  0.000  0.000  726.688   98.881    0    0  (Gen:  0)
 30068920      3960  69043296  0.000  0.000  726.938   98.919    0    0  (Gen:  0)
 30008624      4744  69044592  0.000  0.000  727.297   98.958    0    0  (Gen:  0)
 29636640  66372912  68969864  0.125  0.028  727.609   99.023    0    0  (Gen:  1)
 28635992      6296  68972720  0.000  0.000  727.844   99.060    0    0  (Gen:  0)
 29178840      5624  68972528  0.000  0.000  728.203   99.097    0    0  (Gen:  0)
 28567336      4992  68972376  0.000  0.000  728.438   99.133    0    0  (Gen:  0)
 27330920      4168  68972032  0.000  0.000  728.688   99.167    0    0  (Gen:  0)
 30215008      4216  68972528  0.000  0.000  729.047   99.206    0    0  (Gen:  0)
 29665632      4392  68973184  0.000  0.000  729.281   99.244    0    0  (Gen:  0)
 30045608      3808  68973112  0.000  0.000  729.641   99.282    0    0  (Gen:  0)
 29272032      4632  68974288  0.000  0.000  729.875   99.319    0    0  (Gen:  0)
 29924272      5984  68976184  0.000  0.000  730.109   99.357    0    0  (Gen:  0)
 29088600      4008  68974720  0.000  0.000  730.469   99.392    0    0  (Gen:  0)
 26474648      5896  68977376  0.000  0.000  730.719   99.424    0    0  (Gen:  0)
 29948896      6432  68979096  0.000  0.000  730.953   99.463    0    0  (Gen:  0)
 28240560      4848  68978056  0.000  0.000  731.312   99.499    0    0  (Gen:  0)
 29388032      4856  68978608  0.000  0.000  731.562   99.537    0    0  (Gen:  0)
 29118296      5704  68979968  0.000  0.000  731.797   99.573    0    0  (Gen:  0)
 29022120      5208  68980112  0.000  0.000  732.109   99.607    0    0  (Gen:  0)
 25717272      5528  68981760  0.000  0.000  732.234   99.638    0    0  (Gen:  0)
 29909480      4992  68982088  0.000  0.000  732.594   99.675    0    0  (Gen:  0)
 28305312      6496  68984200  0.000  0.000  732.812   99.709    0    0  (Gen:  0)
 29250720      4784  68983160  0.000  0.000  733.047   99.746    0    0  (Gen:  0)
 28905264      5080  68984000  0.000  0.000  733.422   99.781    0    0  (Gen:  0)
 28536416      5856  68985448  0.000  0.000  733.641   99.816    0    0  (Gen:  0)
 28913896      4768  68984936  0.000  0.000  733.875   99.852    0    0  (Gen:  0)
 28310136      4872  68985728  0.000  0.000  734.109   99.886    0    0  (Gen:  0)
 29554112      5856  68987384  0.000  0.000  734.484   99.922    0    0  (Gen:  0)
 29270024      5488  68987560  0.000  0.000  734.719   99.958    0    0  (Gen:  0)
 27713560      5288  68987968  0.000  0.000  734.938   99.992    0    0  (Gen:  0)
 28678056      4384  68987576  0.000  0.000  735.172  100.026    0    0  (Gen:  0)
 29379952      4016  68987784  0.000  0.000  735.547  100.062    0    0  (Gen:  0)
 29385016      4664  68989008  0.000  0.000  735.781  100.099    0    0  (Gen:  0)
 27901952  66312376  68909328  0.125  0.040  736.141  100.173    0    0  (Gen:  1)
 20462360      3888  68908880  0.000  0.000  736.234  100.199    0    0  (Gen:  0)
 21049496      3912  68909320  0.000  0.000  736.422  100.225    0    0  (Gen:  0)
 29635520      4352  68910240  0.000  0.000  736.641  100.261    0    0  (Gen:  0)
 28322144      6712  68913304  0.000  0.000  736.875  100.295    0    0  (Gen:  0)
 28504872      5008  68912240  0.000  0.000  737.219  100.330    0    0  (Gen:  0)
 28053408      4792  68912632  0.000  0.000  737.469  100.364    0    0  (Gen:  0)
 28515344      4616  68913128  0.000  0.000  737.719  100.399    0    0  (Gen:  0)
 29018272      4432  68913488  0.000  0.000  738.062  100.436    0    0  (Gen:  0)
 28907344      5352  68914952  0.000  0.000  738.281  100.472    0    0  (Gen:  0)
 29496200      5712  68915824  0.000  0.000  738.516  100.510    0    0  (Gen:  0)
 28532976      5264  68915824  0.000  0.000  738.703  100.545    0    0  (Gen:  0)
 29892096      4960  68915904  0.000  0.000  739.047  100.582    0    0  (Gen:  0)
 27541872      5744  68917200  0.000  0.000  739.266  100.615    0    0  (Gen:  0)
 29045928      5032  68916904  0.000  0.000  739.516  100.651    0    0  (Gen:  0)
 30147024      4856  68917144  0.000  0.000  739.875  100.688    0    0  (Gen:  0)
 29816216      5200  68917968  0.000  0.000  740.109  100.726    0    0  (Gen:  0)
 29578912      4592  68917840  0.000  0.000  740.359  100.762    0    0  (Gen:  0)
 28170680      6168  68919896  0.000  0.000  740.719  100.797    0    0  (Gen:  0)
 30187824      5640  68919720  0.000  0.000  740.953  100.835    0    0  (Gen:  0)
 29835528      5328  68919888  0.000  0.000  741.188  100.872    0    0  (Gen:  0)
 28952064      4688  68919696  0.000  0.000  741.562  100.908    0    0  (Gen:  0)
 28919816      6144  68921664  0.000  0.000  741.750  100.944    0    0  (Gen:  0)
 29457200      4640  68920544  0.000  0.000  742.000  100.981    0    0  (Gen:  0)
 30031880      5696  68922048  0.000  0.000  742.375  101.017    0    0  (Gen:  0)
 30191264      6072  68922904  0.000  0.000  742.625  101.054    0    0  (Gen:  0)
 25618672      6496  68924064  0.000  0.000  742.859  101.085    0    0  (Gen:  0)
 30804960      4776  68923544  0.000  0.000  743.203  101.124    0    0  (Gen:  0)
 29111552  66265216  68862168  0.078  0.028  743.531  101.188    0    0  (Gen:  1)
 28939432      4704  68862160  0.000  0.000  743.781  101.224    0    0  (Gen:  0)
 26527816      5256  68863128  0.000  0.000  744.000  101.258    0    0  (Gen:  0)
 31199872      4664  68862984  0.000  0.000  744.344  101.297    0    0  (Gen:  0)
 30500760      5272  68864040  0.000  0.000  744.578  101.335    0    0  (Gen:  0)
 29909560      7080  68866296  0.000  0.000  744.828  101.373    0    0  (Gen:  0)
 28058208      5552  68865216  0.000  0.000  745.188  101.409    0    0  (Gen:  0)
 27820048      5784  68865800  0.000  0.000  745.406  101.444    0    0  (Gen:  0)
 29666432      4808  68865208  0.000  0.000  745.641  101.481    0    0  (Gen:  0)
 29482168      7152  68868064  0.000  0.000  746.016  101.518    0    0  (Gen:  0)
 30291160      5528  68866872  0.000  0.000  746.250  101.555    0    0  (Gen:  0)
 29286296      5592  68867480  0.000  0.000  746.484  101.591    0    0  (Gen:  0)
 28110016      5088  68867392  0.000  0.000  746.797  101.625    0    0  (Gen:  0)
 27446352      5840  68868688  0.000  0.000  747.031  101.660    0    0  (Gen:  0)
 29875984      6120  68869400  0.000  0.000  747.266  101.697    0    0  (Gen:  0)
 30119064      4560  68868320  0.000  0.000  747.641  101.735    0    0  (Gen:  0)
 26838336      5296  68869504  0.000  0.000  747.875  101.769    0    0  (Gen:  0)
 28318936      5896  68903280  0.000  0.000  748.125  101.804    0    0  (Gen:  0)
 26856856      4392  68902320  0.000  0.000  748.344  101.836    0    0  (Gen:  0)
 26824216      5648  68904024  0.000  0.000  748.578  101.869    0    0  (Gen:  0)
 27422152      4744  68903648  0.000  0.000  748.828  101.903    0    0  (Gen:  0)
 27437184      4848  68904200  0.000  0.000  749.156  101.936    0    0  (Gen:  0)
 29752448      4360  68904192  0.000  0.000  749.391  101.974    0    0  (Gen:  0)
 29476088      4576  68904936  0.000  0.000  749.594  102.011    0    0  (Gen:  0)
 28106112      4728  68905576  0.000  0.000  749.906  102.046    0    0  (Gen:  0)
 30220304      5032  68906360  0.000  0.000  750.156  102.083    0    0  (Gen:  0)
 30672216      4912  68906752  0.000  0.000  750.391  102.122    0    0  (Gen:  0)
 29077536      4800  68907248  0.000  0.000  750.734  102.156    0    0  (Gen:  0)
 29817336  66223920  68853640  0.141  0.028  751.094  102.222    0    0  (Gen:  1)
 29530144      4496  68852776  0.000  0.000  751.344  102.259    0    0  (Gen:  0)
 29077728      4160  68852952  0.000  0.000  751.719  102.296    0    0  (Gen:  0)
 29872288      4624  68853928  0.000  0.000  751.953  102.334    0    0  (Gen:  0)
 27543704      5992  68855808  0.000  0.000  752.203  102.370    0    0  (Gen:  0)
 29834408      4744  68855040  0.000  0.000  752.547  102.407    0    0  (Gen:  0)
 30061072      5904  68856744  0.000  0.000  752.781  102.445    0    0  (Gen:  0)
 27836536      5304  68856688  0.000  0.000  753.000  102.480    0    0  (Gen:  0)
 29418960      4648  68856544  0.000  0.000  753.359  102.517    0    0  (Gen:  0)
 29846280      5552  68857992  0.000  0.000  753.609  102.554    0    0  (Gen:  0)
 29546664      4632  68857648  0.000  0.000  753.844  102.591    0    0  (Gen:  0)
 28503512      5312  68858872  0.000  0.000  754.188  102.625    0    0  (Gen:  0)
 29659304      5496  68859600  0.000  0.000  754.438  102.662    0    0  (Gen:  0)
 28725744      4648  68859392  0.000  0.000  754.672  102.697    0    0  (Gen:  0)
 21578784      4528  68859784  0.000  0.000  754.891  102.748    0    0  (Gen:  0)
 24559880      5824  68861528  0.000  0.000  755.109  102.778    0    0  (Gen:  0)
 26765112      5632  68861784  0.000  0.000  755.312  102.810    0    0  (Gen:  0)
 29066776      6464  68863160  0.000  0.000  755.688  102.845    0    0  (Gen:  0)
 28278520      4976  68862248  0.000  0.000  755.922  102.879    0    0  (Gen:  0)
 30608200      4872  68862720  0.000  0.000  756.125  102.916    0    0  (Gen:  0)
 29168704      4784  68863240  0.000  0.000  756.484  102.953    0    0  (Gen:  0)
 30505224      6288  68865256  0.000  0.000  756.734  102.991    0    0  (Gen:  0)
 30083432      6080  68865560  0.000  0.000  756.969  103.029    0    0  (Gen:  0)
 28645224      3880  68863840  0.000  0.000  757.234  103.065    0    0  (Gen:  0)
 29230896      6160  68866568  0.000  0.000  757.484  103.102    0    0  (Gen:  0)
 27718512      5120  68865944  0.000  0.000  757.703  103.135    0    0  (Gen:  0)
 30117856      5344  68866616  0.000  0.000  758.078  103.173    0    0  (Gen:  0)
 29901632      6112  68867800  0.000  0.000  758.328  103.211    0    0  (Gen:  0)
 28481904      5144  68867344  0.000  0.000  758.531  103.246    0    0  (Gen:  0)
 27837784      4968  68867584  0.000  0.000  758.891  103.280    0    0  (Gen:  0)
 30296368      7040  68870504  0.000  0.000  759.125  103.317    0    0  (Gen:  0)
 29908432      4928  68869576  0.000  0.000  759.359  103.355    0    0  (Gen:  0)
 29908104      4888  68870016  0.000  0.000  759.719  103.392    0    0  (Gen:  0)
 30160176      6320  68871992  0.000  0.000  759.969  103.430    0    0  (Gen:  0)
 29145184      4984  68871136  0.000  0.000  760.219  103.466    0    0  (Gen:  0)
 26965624      6384  68872920  0.000  0.000  760.547  103.500    0    0  (Gen:  0)
 28967256  66161744  68791464  0.109  0.028  760.906  103.564    0    0  (Gen:  1)
 29529776      5816  68792040  0.000  0.000  761.125  103.600    0    0  (Gen:  0)
 27891880      6520  68793256  0.000  0.000  761.359  103.635    0    0  (Gen:  0)
 29020688      6088  68793272  0.000  0.000  761.734  103.671    0    0  (Gen:  0)
 29613936      5336  68793096  0.000  0.000  761.953  103.708    0    0  (Gen:  0)
 30558936      5328  68793536  0.000  0.000  762.188  103.747    0    0  (Gen:  0)
 30127552      4840  68793528  0.000  0.000  762.531  103.785    0    0  (Gen:  0)
 29787872      5160  68794328  0.000  0.000  762.781  103.822    0    0  (Gen:  0)
 28929152      4968  68794552  0.000  0.000  763.094  103.858    0    0  (Gen:  0)
 28998168      4616  68794680  0.000  0.000  763.344  103.894    0    0  (Gen:  0)
 29902088      5040  68795584  0.000  0.000  763.594  103.932    0    0  (Gen:  0)
 29710688      4912  68795904  0.000  0.000  763.938  103.970    0    0  (Gen:  0)
 30335032      6704  68798240  0.000  0.000  764.188  104.009    0    0  (Gen:  0)
 29881496      5568  68797616  0.000  0.000  764.531  104.046    0    0  (Gen:  0)
 30152216      4552  68797176  0.000  0.000  764.766  104.084    0    0  (Gen:  0)
 29946152      6144  68799408  0.000  0.000  765.016  104.122    0    0  (Gen:  0)
 30157320      4920  68798728  0.000  0.000  765.391  104.160    0    0  (Gen:  0)
 28335680      4336  68798752  0.000  0.000  765.625  104.195    0    0  (Gen:  0)
 29263352      5568  68800528  0.000  0.000  765.859  104.232    0    0  (Gen:  0)
 30446384      5336  68800808  0.000  0.000  766.234  104.270    0    0  (Gen:  0)
 29825840      5224  68801304  0.000  0.000  766.484  104.309    0    0  (Gen:  0)
 27301568      5008  68801600  0.000  0.000  766.750  104.343    0    0  (Gen:  0)
 28897856      4680  68801784  0.000  0.000  766.984  104.380    0    0  (Gen:  0)
 30069912      4808  68802360  0.000  0.000  767.234  104.418    0    0  (Gen:  0)
 29841848      5096  68803320  0.000  0.000  767.609  104.456    0    0  (Gen:  0)
 27598480  66118216  68747936  0.125  0.029  767.969  104.520    0    0  (Gen:  1)
 30045552      6224  68750224  0.000  0.000  768.219  104.557    0    0  (Gen:  0)
 29598192      4872  68749480  0.000  0.000  768.578  104.595    0    0  (Gen:  0)
 25906064      5096  68750280  0.000  0.000  768.828  104.627    0    0  (Gen:  0)
 29198048      4336  68749968  0.000  0.000  769.062  104.663    0    0  (Gen:  0)
 29506840      5128  68751304  0.000  0.000  769.281  104.701    0    0  (Gen:  0)
 29803920      4744  68751464  0.000  0.000  769.625  104.739    0    0  (Gen:  0)
 26035184      4816  68752080  0.000  0.000  769.859  104.770    0    0  (Gen:  0)
 30647704      5984  68754304  0.000  0.000  770.109  104.809    0    0  (Gen:  0)
 30340488      4112  68753360  0.000  0.000  770.438  104.848    0    0  (Gen:  0)
 28676744      4304  68754224  0.000  0.000  770.672  104.884    0    0  (Gen:  0)
 29987104      6416  68756864  0.000  0.000  771.047  104.923    0    0  (Gen:  0)
 29002856      5280  68756240  0.000  0.000  771.297  104.961    0    0  (Gen:  0)
 28249976      4984  68756456  0.000  0.000  771.531  104.996    0    0  (Gen:  0)
 30253712      4160  68756144  0.000  0.000  771.906  105.036    0    0  (Gen:  0)
 28303272      5440  68758000  0.000  0.000  772.141  105.073    0    0  (Gen:  0)
 30163600      3944  68757048  0.000  0.000  772.484  105.112    0    0  (Gen:  0)
 29113440      4368  68758176  0.000  0.000  772.734  105.150    0    0  (Gen:  0)
 29358848      4840  68759224  0.000  0.000  773.094  105.187    0    0  (Gen:  0)
 29934032      4824  68759784  0.000  0.000  773.328  105.226    0    0  (Gen:  0)
 29525784      5136  68760736  0.000  0.000  773.703  105.264    0    0  (Gen:  0)
 28945072      3408  68759584  0.000  0.000  773.938  105.327    0    0  (Gen:  0)
 25915840      3912  68760664  0.000  0.000  774.125  105.360    0    0  (Gen:  0)
 26218816      4384  68761648  0.000  0.000  774.359  105.395    0    0  (Gen:  0)
 28350456      3824  68761616  0.000  0.000  774.609  105.432    0    0  (Gen:  0)
 29901472  66070008  68699728  0.031  0.028  775.000  105.499    0    0  (Gen:  1)
 30003920      4616  68700776  0.000  0.000  775.250  105.538    0    0  (Gen:  0)
 30113368      5264  68701968  0.000  0.000  775.609  105.577    0    0  (Gen:  0)
 29510696      4120  68701336  0.000  0.000  775.859  105.615    0    0  (Gen:  0)
 28272072      4752  68702544  0.000  0.000  776.047  105.651    0    0  (Gen:  0)
 29429312      4080  68702384  0.000  0.000  776.406  105.688    0    0  (Gen:  0)
 30275176      4048  68702928  0.000  0.000  776.641  105.728    0    0  (Gen:  0)
 28432992      4624  68736808  0.000  0.000  777.016  105.764    0    0  (Gen:  0)
 30781224      4520  68737312  0.000  0.000  777.266  105.803    0    0  (Gen:  0)
 29096776      4072  68737440  0.000  0.000  777.500  105.840    0    0  (Gen:  0)
 31304648      4824  68738672  0.000  0.000  777.859  105.880    0    0  (Gen:  0)
 28817640      5560  68739984  0.000  0.000  778.094  105.917    0    0  (Gen:  0)
 29285968      5352  68740384  0.000  0.000  778.453  105.954    0    0  (Gen:  0)
 28201024      4928  68740536  0.000  0.000  778.672  105.989    0    0  (Gen:  0)
 31055456      5192  68741896  0.000  0.000  778.906  106.028    0    0  (Gen:  0)
 27406672      4360  68742120  0.000  0.000  779.250  106.064    0    0  (Gen:  0)
 27547880      6072  68744408  0.000  0.000  779.500  106.099    0    0  (Gen:  0)
 27996496      5544  68744456  0.000  0.000  779.734  106.134    0    0  (Gen:  0)
 27194144      6016  68745552  0.000  0.000  779.953  106.168    0    0  (Gen:  0)
 29065216      4880  68745856  0.000  0.000  780.328  106.205    0    0  (Gen:  0)
 29293168      5904  68747584  0.000  0.000  780.578  106.244    0    0  (Gen:  0)
 29449752      5168  68747328  0.000  0.000  780.953  106.282    0    0  (Gen:  0)
 27571272      5936  68748576  0.000  0.000  781.203  106.318    0    0  (Gen:  0)
 30005520      4296  68747384  0.000  0.000  781.453  106.357    0    0  (Gen:  0)
 29290656      4008  68747640  0.000  0.000  781.719  106.395    0    0  (Gen:  0)
 29508352      6720  68750832  0.000  0.000  781.969  106.434    0    0  (Gen:  0)
 26797856      4320  68748944  0.000  0.000  782.281  106.468    0    0  (Gen:  0)
 29126328  66017720  68680208  0.109  0.029  782.625  106.535    0    0  (Gen:  1)
 29481672      4552  68679960  0.000  0.000  782.875  106.573    0    0  (Gen:  0)
 29218896      5456  68681376  0.000  0.000  783.234  106.610    0    0  (Gen:  0)
 22459672      5240  68681704  0.000  0.000  783.328  106.635    0    0  (Gen:  0)
 28219976      4512  68682352  0.000  0.000  783.703  106.672    0    0  (Gen:  0)
 28583448      3792  68682256  0.000  0.000  783.953  106.709    0    0  (Gen:  0)
 29995200      4784  68683696  0.000  0.000  784.312  106.749    0    0  (Gen:  0)
 29470264      3632  68683024  0.000  0.000  784.562  106.787    0    0  (Gen:  0)
 27636040      3912  68683912  0.000  0.000  784.812  106.823    0    0  (Gen:  0)
 28242136      4800  68685248  0.000  0.000  785.141  106.859    0    0  (Gen:  0)
 28790832      4312  68685240  0.000  0.000  785.391  106.896    0    0  (Gen:  0)
 28205224      4336  68685776  0.000  0.000  785.625  106.932    0    0  (Gen:  0)
 27718176      6296  68688216  0.000  0.000  785.969  106.968    0    0  (Gen:  0)
 29868592      5288  68687624  0.000  0.000  786.203  107.007    0    0  (Gen:  0)
 27204664      4992  68687840  0.000  0.000  786.453  107.042    0    0  (Gen:  0)
 29970520      4632  68687896  0.000  0.000  786.812  107.081    0    0  (Gen:  0)
 30261848      4360  68688104  0.000  0.000  787.047  107.119    0    0  (Gen:  0)
 29021912      4624  68688848  0.000  0.000  787.391  107.157    0    0  (Gen:  0)
 29664360      6448  68691152  0.000  0.000  787.641  107.195    0    0  (Gen:  0)
 29557872      5464  68690680  0.000  0.000  788.000  107.233    0    0  (Gen:  0)
 27189880      5000  68690760  0.000  0.000  788.234  107.268    0    0  (Gen:  0)
 29636048      5136  68691376  0.000  0.000  788.484  107.306    0    0  (Gen:  0)
 29088376      5280  68692064  0.000  0.000  788.844  107.344    0    0  (Gen:  0)
 30589440      5448  68692680  0.000  0.000  789.078  107.383    0    0  (Gen:  0)
 19735464      6920  68694696  0.000  0.001  789.266  107.432    0    0  (Gen:  0)
 25473848      4680  68692808  0.000  0.000  789.484  107.464    0    0  (Gen:  0)
 27276472  65972752  68635240  0.016  0.030  789.828  107.529    0    0  (Gen:  1)
 28277992      5576  68637136  0.000  0.000  790.188  107.566    0    0  (Gen:  0)
 30354712      5360  68637336  0.000  0.000  790.422  107.604    0    0  (Gen:  0)
 25699272      5296  68637848  0.000  0.000  790.656  107.636    0    0  (Gen:  0)
 27888432      6368  68639336  0.000  0.000  790.906  107.670    0    0  (Gen:  0)
 28957552      4088  68637504  0.000  0.000  791.281  107.707    0    0  (Gen:  0)
 30019080      4520  68638416  0.000  0.000  791.516  107.745    0    0  (Gen:  0)
 29371104      3968  68638440  0.000  0.000  791.859  107.781    0    0  (Gen:  0)
 29194032      6624  68641608  0.000  0.000  792.109  107.819    0    0  (Gen:  0)
 29638584      4720  68640184  0.000  0.000  792.344  107.857    0    0  (Gen:  0)
 29438240      6296  68642288  0.000  0.000  792.703  107.894    0    0  (Gen:  0)
 29290784      6000  68642536  0.000  0.000  792.953  107.931    0    0  (Gen:  0)
 28394928      5216  68642296  0.000  0.000  793.188  107.967    0    0  (Gen:  0)
 29984784      4664  68642256  0.000  0.000  793.516  108.005    0    0  (Gen:  0)
 29710584      4656  68642728  0.000  0.000  793.766  108.042    0    0  (Gen:  0)
 30057288      5144  68643728  0.000  0.000  794.125  108.080    0    0  (Gen:  0)
 26945920      4952  68644144  0.000  0.000  794.344  108.113    0    0  (Gen:  0)
 24015728      5896  68645600  0.000  0.000  794.594  108.142    0    0  (Gen:  0)
 29975024      4368  68645448  0.000  0.000  794.828  108.179    0    0  (Gen:  0)
 29919912      4480  68646264  0.000  0.000  795.188  108.217    0    0  (Gen:  0)
 28968520      4576  68646904  0.000  0.000  795.438  108.253    0    0  (Gen:  0)
 30015048      6528  68649464  0.000  0.000  795.688  108.291    0    0  (Gen:  0)
 29741576      5448  68648992  0.000  0.000  796.047  108.328    0    0  (Gen:  0)
 29350696      4000  68648216  0.000  0.000  796.281  108.365    0    0  (Gen:  0)
 30327728      6304  68651032  0.000  0.000  796.500  108.403    0    0  (Gen:  0)
 30372536      4560  68649864  0.000  0.000  796.859  108.441    0    0  (Gen:  0)
 29330256      4504  68650416  0.000  0.000  797.094  108.478    0    0  (Gen:  0)
 29386640      5936  68652456  0.000  0.000  797.438  108.514    0    0  (Gen:  0)
 29133880      4664  68651792  0.000  0.000  797.672  108.550    0    0  (Gen:  0)
 28323392      6088  68653792  0.000  0.000  797.906  108.585    0    0  (Gen:  0)
 30319856      4840  68653024  0.000  0.000  798.156  108.622    0    0  (Gen:  0)
 28156248  65915928  68578416  0.016  0.029  798.547  108.685    0    0  (Gen:  1)
 26390912      4864  68578608  0.000  0.000  798.875  108.717    0    0  (Gen:  0)
 27102632      5360  68579680  0.000  0.000  799.125  108.749    0    0  (Gen:  0)
 29304720      5336  68580264  0.000  0.000  799.359  108.785    0    0  (Gen:  0)
 27730456      4848  68580320  0.000  0.000  799.594  108.819    0    0  (Gen:  0)
 29360408      6112  68582224  0.000  0.000  799.828  108.854    0    0  (Gen:  0)
 30913344      4864  68581488  0.000  0.000  800.156  108.892    0    0  (Gen:  0)
 30134632      6128  68583296  0.000  0.000  800.406  108.929    0    0  (Gen:  0)
 25971360      7480  68585096  0.000  0.000  800.625  108.957    0    0  (Gen:  0)
 28334048      5160  68584888  0.000  0.000  800.859  108.991    0    0  (Gen:  0)
 29488360      5816  68586504  0.000  0.000  801.094  109.028    0    0  (Gen:  0)
 25912040      4072  68585240  0.000  0.000  801.328  109.060    0    0  (Gen:  0)
 28143736      6496  68588208  0.000  0.000  801.672  109.096    0    0  (Gen:  0)
 28488016      5184  68587344  0.000  0.000  801.875  109.131    0    0  (Gen:  0)
 27114144      3840  68586544  0.000  0.000  802.125  109.166    0    0  (Gen:  0)
 30409928      3376  68586528  0.000  0.000  802.484  109.205    0    0  (Gen:  0)
 27965536      4976  68588672  0.000  0.000  802.703  109.241    0    0  (Gen:  0)
 29723856      4864  68589072  0.000  0.000  802.922  109.279    0    0  (Gen:  0)
 28708640      4584  68589272  0.000  0.000  803.172  109.316    0    0  (Gen:  0)
 28416904      5608  68590744  0.000  0.000  803.406  109.353    0    0  (Gen:  0)
 29347320      5600  68591216  0.000  0.000  803.766  109.391    0    0  (Gen:  0)
 28830448      4528  68590624  0.000  0.000  804.016  109.428    0    0  (Gen:  0)
 28864624      4912  68591456  0.000  0.000  804.266  109.465    0    0  (Gen:  0)
 26900592      5392  68592288  0.000  0.000  804.594  109.500    0    0  (Gen:  0)
 27666240      4416  68591760  0.000  0.000  804.812  109.536    0    0  (Gen:  0)
 29323640      5368  68593160  0.000  0.000  805.062  109.573    0    0  (Gen:  0)
 28980024      4512  68592784  0.000  0.000  805.406  109.609    0    0  (Gen:  0)
 28671776      5912  68594664  0.000  0.000  805.641  109.646    0    0  (Gen:  0)
 30032128      4312  68593672  0.000  0.000  805.891  109.683    0    0  (Gen:  0)
 28425736      4744  68594552  0.000  0.000  806.234  109.720    0    0  (Gen:  0)
 28693296      5152  68595440  0.000  0.000  806.484  109.756    0    0  (Gen:  0)
 29179080      4768  68595536  0.000  0.000  806.734  109.794    0    0  (Gen:  0)
 30357024      4544  68595728  0.000  0.000  807.094  109.833    0    0  (Gen:  0)
 28758632  65855768  68518256  0.141  0.028  807.469  109.897    0    0  (Gen:  1)
 27664088      4912  68518768  0.000  0.000  807.703  109.932    0    0  (Gen:  0)
 28743136      5296  68519568  0.000  0.000  808.047  109.969    0    0  (Gen:  0)
 27708968      6112  68520800  0.000  0.000  808.281  110.004    0    0  (Gen:  0)
 28126984      6992  68522240  0.000  0.000  808.516  110.039    0    0  (Gen:  0)
 22421536      4728  68520360  0.000  0.000  808.672  110.086    0    0  (Gen:  0)
 22886392      5168  68521216  0.000  0.000  808.875  110.114    0    0  (Gen:  0)
 31364144      4264  68520696  0.016  0.000  809.156  110.155    0    0  (Gen:  0)
 29277016      5632  68522624  0.000  0.000  809.406  110.193    0    0  (Gen:  0)
 27399920      4304  68521680  0.000  0.000  809.625  110.228    0    0  (Gen:  0)
 29633432      5480  68523240  0.000  0.000  809.984  110.265    0    0  (Gen:  0)
 29657368      4240  68522512  0.000  0.000  810.234  110.303    0    0  (Gen:  0)
 27982904      5136  68523824  0.000  0.000  810.469  110.339    0    0  (Gen:  0)
 27503392      6072  68525208  0.000  0.000  810.781  110.374    0    0  (Gen:  0)
 29554560      6056  68525544  0.000  0.000  811.016  110.412    0    0  (Gen:  0)
 27838040      5112  68525112  0.000  0.000  811.250  110.447    0    0  (Gen:  0)
 29242528      4840  68525256  0.000  0.000  811.609  110.485    0    0  (Gen:  0)
 30805592      4936  68525800  0.000  0.000  811.844  110.525    0    0  (Gen:  0)
 29231200      4912  68526192  0.000  0.000  812.203  110.562    0    0  (Gen:  0)
 30354120      4816  68526544  0.000  0.000  812.438  110.600    0    0  (Gen:  0)
 26975240      6296  68528504  0.000  0.000  812.672  110.634    0    0  (Gen:  0)
 27842488      5696  68528320  0.000  0.000  812.906  110.670    0    0  (Gen:  0)
 26326064      4840  68527880  0.000  0.000  813.234  110.702    0    0  (Gen:  0)
 28415408      5952  68529376  0.000  0.000  813.469  110.737    0    0  (Gen:  0)
 29119344      5200  68529104  0.000  0.000  813.703  110.774    0    0  (Gen:  0)
 29575048      6200  68530600  0.016  0.000  813.969  110.811    0    0  (Gen:  0)
 28267920      4688  68529600  0.000  0.000  814.172  110.846    0    0  (Gen:  0)
 28969952      5184  68563272  0.000  0.000  814.406  110.882    0    0  (Gen:  0)
 29334288      5528  68564064  0.000  0.000  814.656  110.919    0    0  (Gen:  0)
 29720568      6352  68598160  0.000  0.000  815.031  110.956    0    0  (Gen:  0)
 29553504      4872  68564400  0.000  0.000  815.266  110.993    0    0  (Gen:  0)
 26528144      6064  68566104  0.000  0.000  815.484  111.025    0    0  (Gen:  0)
 24332736  65809520  68504768  0.125  0.029  815.844  111.084    0    0  (Gen:  1)
 29949536      4936  68506312  0.000  0.000  816.078  111.122    0    0  (Gen:  0)
 30036208      5984  68507808  0.000  0.000  816.453  111.160    0    0  (Gen:  0)
 29729312      5640  68507976  0.000  0.000  816.656  111.196    0    0  (Gen:  0)
 28513968      6296  68509080  0.000  0.000  816.891  111.232    0    0  (Gen:  0)
 30704616      5424  68508752  0.000  0.000  817.266  111.269    0    0  (Gen:  0)
 30308208      4368  68541000  0.000  0.000  817.516  111.306    0    0  (Gen:  0)
 30040176      5200  68542504  0.000  0.000  817.750  111.342    0    0  (Gen:  0)
 27221512      4744  68542632  0.000  0.000  817.953  111.373    0    0  (Gen:  0)
 29828936      4624  68543120  0.000  0.000  818.328  111.410    0    0  (Gen:  0)
 31153200      4352  68543424  0.000  0.000  818.578  111.448    0    0  (Gen:  0)
 29660400      6176  68545760  0.000  0.000  818.922  111.484    0    0  (Gen:  0)
 29704448      5640  68545864  0.000  0.000  819.156  111.520    0    0  (Gen:  0)
 29213024      5392  68546160  0.000  0.000  819.406  111.556    0    0  (Gen:  0)
 30474064      4056  68545408  0.000  0.000  819.766  111.595    0    0  (Gen:  0)
 29913336      5600  68547464  0.000  0.000  820.000  111.633    0    0  (Gen:  0)
 29907680      5528  68547840  0.000  0.000  820.375  111.670    0    0  (Gen:  0)
 27007184      5352  68548240  0.000  0.000  820.562  111.704    0    0  (Gen:  0)
 28697512      6496  68549896  0.000  0.000  820.797  111.739    0    0  (Gen:  0)
 29386928      6768  68550696  0.000  0.000  821.031  111.775    0    0  (Gen:  0)
 30187304      4776  68549248  0.000  0.000  821.406  111.813    0    0  (Gen:  0)
 29863104      4832  68549848  0.000  0.000  821.641  111.851    0    0  (Gen:  0)
 30152176      5976  68551536  0.000  0.000  821.875  111.888    0    0  (Gen:  0)
 29992688      4304  68550440  0.000  0.000  822.250  111.925    0    0  (Gen:  0)
 30180408      5528  68552144  0.000  0.000  822.500  111.963    0    0  (Gen:  0)
 30560952      5536  68552632  0.000  0.000  822.859  112.002    0    0  (Gen:  0)
 29032984      5280  68552968  0.000  0.000  823.094  112.037    0    0  (Gen:  0)
 28989560      6376  68554576  0.000  0.000  823.328  112.073    0    0  (Gen:  0)
 29860240      5080  68553760  0.000  0.000  823.688  112.110    0    0  (Gen:  0)
 28547248      4896  68554040  0.000  0.000  823.922  112.145    0    0  (Gen:  0)
 28859496      5000  68554592  0.000  0.000  824.141  112.181    0    0  (Gen:  0)
 30036600  65756792  68484816  0.016  0.028  824.500  112.246    0    0  (Gen:  1)
 29911696      5040  68484904  0.000  0.000  824.875  112.282    0    0  (Gen:  0)
 29120232      5584  68486376  0.000  0.000  825.125  112.319    0    0  (Gen:  0)
 27929448      5024  68486360  0.000  0.000  825.344  112.354    0    0  (Gen:  0)
 28629488      5264  68487080  0.000  0.000  825.703  112.391    0    0  (Gen:  0)
 29719776      4184  68486384  0.000  0.000  825.953  112.428    0    0  (Gen:  0)
 30363968      6272  68489080  0.000  0.000  826.312  112.467    0    0  (Gen:  0)
 26652496      3552  68486840  0.000  0.000  826.516  112.499    0    0  (Gen:  0)
 27133744      5440  68489336  0.000  0.000  826.750  112.532    0    0  (Gen:  0)
 25474848      4744  68489120  0.000  0.000  827.000  112.563    0    0  (Gen:  0)
 27679232      5456  68491048  0.000  0.000  827.219  112.597    0    0  (Gen:  0)
 29917224      4832  68491336  0.000  0.000  827.453  112.635    0    0  (Gen:  0)
 27505208      4664  68491776  0.000  0.000  827.672  112.671    0    0  (Gen:  0)
 19986368      5032  68492592  0.000  0.000  827.750  112.710    0    0  (Gen:  0)
 24034416      5368  68493344  0.000  0.000  827.906  112.741    0    0  (Gen:  0)
 23850984      4080  68492696  0.000  0.000  828.125  112.771    0    0  (Gen:  0)
 30438136      5256  68494304  0.000  0.000  828.375  112.811    0    0  (Gen:  0)
 30257728      5136  68494776  0.000  0.000  828.719  112.850    0    0  (Gen:  0)
 26640392      3696  68493816  0.000  0.000  828.938  112.884    0    0  (Gen:  0)
 29216008      4744  68495280  0.000  0.000  829.297  112.921    0    0  (Gen:  0)
 29794872      5440  68496520  0.000  0.000  829.547  112.960    0    0  (Gen:  0)
 29601464      6168  68497760  0.000  0.000  829.781  112.998    0    0  (Gen:  0)
 30802784      5264  68497336  0.000  0.000  830.141  113.037    0    0  (Gen:  0)
 28865680      6568  68531912  0.000  0.000  830.391  113.074    0    0  (Gen:  0)
 28979768      4000  68497096  0.000  0.000  830.719  113.111    0    0  (Gen:  0)
 30410680      5336  68531672  0.000  0.000  830.969  113.151    0    0  (Gen:  0)
 30339952      4216  68498336  0.000  0.000  831.328  113.190    0    0  (Gen:  0)
 30129104      4664  68532088  0.000  0.000  831.500  113.228    0    0  (Gen:  0)
 30242608      4560  68532560  0.000  0.000  831.828  113.266    0    0  (Gen:  0)
 30082816      4864  68533440  0.000  0.000  832.078  113.305    0    0  (Gen:  0)
 29967152      4088  68533272  0.000  0.000  832.438  113.344    0    0  (Gen:  0)
 28477776      5760  68535488  0.000  0.000  832.672  113.380    0    0  (Gen:  0)
 30377352      4664  68534936  0.000  0.000  832.906  113.419    0    0  (Gen:  0)
 30119216      4568  68535384  0.000  0.000  833.281  113.458    0    0  (Gen:  0)
 30272264      4648  68535944  0.000  0.000  833.516  113.497    0    0  (Gen:  0)
 26725864      5696  68537632  0.000  0.000  833.859  113.530    0    0  (Gen:  0)
 28501560      4544  68537024  0.000  0.000  834.094  113.567    0    0  (Gen:  0)
 25712160  65689744  68450528  0.109  0.032  834.422  113.633    0    0  (Gen:  1)
 27262096      4256  68450608  0.000  0.000  834.641  113.667    0    0  (Gen:  0)
 26606080      5320  68452184  0.031  0.000  834.922  113.702    0    0  (Gen:  0)
 28478864      3816  68451192  0.000  0.000  835.141  113.738    0    0  (Gen:  0)
 29967352      4904  68452824  0.000  0.000  835.375  113.777    0    0  (Gen:  0)
 30467072      3920  68452416  0.000  0.000  835.750  113.817    0    0  (Gen:  0)
 28796088      6200  68455304  0.000  0.000  835.984  113.853    0    0  (Gen:  0)
 29046984      4176  68453888  0.000  0.000  836.344  113.891    0    0  (Gen:  0)
 28093288      5352  68455544  0.000  0.000  836.578  113.928    0    0  (Gen:  0)
 28553832      4416  68455056  0.000  0.000  836.828  113.964    0    0  (Gen:  0)
 23319200      4864  68456144  0.000  0.000  837.031  113.994    0    0  (Gen:  0)
 29620632      5280  68457072  0.000  0.000  837.391  114.033    0    0  (Gen:  0)
 29722232      4752  68457136  0.000  0.000  837.641  114.071    0    0  (Gen:  0)
 28706096      5248  68458176  0.000  0.000  837.984  114.108    0    0  (Gen:  0)
 28405752      4544  68457984  0.000  0.000  838.219  114.144    0    0  (Gen:  0)
 29243432      4744  68458696  0.000  0.000  838.469  114.183    0    0  (Gen:  0)
 30191384      5216  68459616  0.000  0.000  838.828  114.222    0    0  (Gen:  0)
 29936760      5016  68459896  0.000  0.000  839.047  114.259    0    0  (Gen:  0)
 30119088      4624  68460080  0.000  0.000  839.422  114.298    0    0  (Gen:  0)
 24330568      5656  68461624  0.000  0.000  839.656  114.327    0    0  (Gen:  0)
 26484680      6472  68463336  0.000  0.000  839.875  114.360    0    0  (Gen:  0)
 29243040      5152  68463008  0.000  0.000  840.109  114.397    0    0  (Gen:  0)
 29599648      5752  68464152  0.000  0.000  840.359  114.435    0    0  (Gen:  0)
 29449808      5720  68464600  0.000  0.000  840.719  114.473    0    0  (Gen:  0)
 28930184      6808  68466104  0.000  0.000  840.938  114.510    0    0  (Gen:  0)
 29946224      6040  68465944  0.000  0.000  841.312  114.548    0    0  (Gen:  0)
 29435808      4888  68465192  0.000  0.000  841.562  114.586    0    0  (Gen:  0)
 29355704      6152  68467000  0.000  0.000  841.922  114.624    0    0  (Gen:  0)
 28756376      5480  68466808  0.000  0.000  842.141  114.661    0    0  (Gen:  0)
 29186488  65640552  68401344  0.125  0.030  842.516  114.728    0    0  (Gen:  1)
 29155368      4704  68400192  0.000  0.000  842.844  114.766    0    0  (Gen:  0)
 29420264      5432  68401400  0.000  0.000  843.078  114.804    0    0  (Gen:  0)
 17472248      3648  68400128  0.000  0.000  843.203  114.841    0    0  (Gen:  0)
 16643040      4816  68401744  0.000  0.000  843.328  114.865    0    0  (Gen:  0)
 25742264      4168  68401544  0.000  0.000  843.516  114.898    0    0  (Gen:  0)
 28834088      5184  68403120  0.000  0.000  843.750  114.935    0    0  (Gen:  0)
 29039824      4648  68403160  0.000  0.000  844.109  114.972    0    0  (Gen:  0)
 30387728      4696  68403848  0.000  0.000  844.312  115.010    0    0  (Gen:  0)
 27794368      3936  68403728  0.000  0.000  844.562  115.045    0    0  (Gen:  0)
 29637128      4312  68404840  0.000  0.000  844.938  115.083    0    0  (Gen:  0)
 28486544      4344  68405512  0.000  0.000  845.156  115.119    0    0  (Gen:  0)
 26738424      4672  68406384  0.000  0.000  845.375  115.152    0    0  (Gen:  0)
 23249096      4560  68406784  0.000  0.000  845.562  115.180    0    0  (Gen:  0)
 26650536      4904  68408024  0.000  0.000  845.797  115.213    0    0  (Gen:  0)
 26736104      4808  68409496  0.000  0.000  846.000  115.246    0    0  (Gen:  0)
 30735328      5080  68410984  0.000  0.000  846.328  115.285    0    0  (Gen:  0)
 29814448      4872  68411368  0.000  0.000  846.578  115.325    0    0  (Gen:  0)
 29932904      4288  68411328  0.000  0.000  846.891  115.363    0    0  (Gen:  0)
 29949480      4888  68412376  0.000  0.000  847.141  115.402    0    0  (Gen:  0)
 29298616      4608  68412512  0.000  0.000  847.500  115.440    0    0  (Gen:  0)
 28117696      6384  68414864  0.000  0.000  847.734  115.476    0    0  (Gen:  0)
 27327880      4912  68413872  0.000  0.000  847.969  115.512    0    0  (Gen:  0)
 28708296      5512  68414888  0.000  0.000  848.297  115.548    0    0  (Gen:  0)
 28011720      5832  68415720  0.000  0.000  848.531  115.584    0    0  (Gen:  0)
 28860104      4320  68414688  0.000  0.000  848.766  115.621    0    0  (Gen:  0)
 30544472      4784  68415600  0.000  0.000  849.125  115.660    0    0  (Gen:  0)
 28435352      4976  68416432  0.000  0.000  849.375  115.697    0    0  (Gen:  0)
 28060128      5592  68417496  0.000  0.000  849.594  115.732    0    0  (Gen:  0)
 29397544      5824  68418208  0.000  0.000  849.969  115.769    0    0  (Gen:  0)
 29718440      5624  68418616  0.000  0.000  850.219  115.807    0    0  (Gen:  0)
 28777208      3880  68417416  0.000  0.000  850.578  115.843    0    0  (Gen:  0)
 29535600  65577712  68338504  0.125  0.028  850.938  115.908    0    0  (Gen:  1)
 30109528      3928  68338824  0.000  0.000  851.188  115.946    0    0  (Gen:  0)
 27926136      5512  68340856  0.000  0.000  851.422  115.982    0    0  (Gen:  0)
 29306912      4480  68340272  0.000  0.000  851.781  116.019    0    0  (Gen:  0)
 30432280      5432  68341672  0.000  0.000  852.031  116.058    0    0  (Gen:  0)
 29581080      6016  68342736  0.000  0.000  852.391  116.096    0    0  (Gen:  0)
 29620280      4792  68342024  0.000  0.000  852.625  116.133    0    0  (Gen:  0)
 27340160      5096  68342888  0.000  0.000  852.859  116.167    0    0  (Gen:  0)
 30133520      5616  68343856  0.000  0.000  853.234  116.206    0    0  (Gen:  0)
 28810448      5144  68343896  0.000  0.000  853.484  116.242    0    0  (Gen:  0)
 30260784      5552  68344752  0.000  0.000  853.828  116.281    0    0  (Gen:  0)
 29015704      5096  68344744  0.000  0.000  854.062  116.317    0    0  (Gen:  0)
 29052672      6160  68346320  0.000  0.000  854.297  116.354    0    0  (Gen:  0)
 30481400      5880  68346552  0.000  0.000  854.609  116.393    0    0  (Gen:  0)
 30427248      5088  68346336  0.000  0.000  854.844  116.432    0    0  (Gen:  0)
 30148136      4144  68345936  0.000  0.000  855.203  116.470    0    0  (Gen:  0)
 27676608      4584  68346888  0.000  0.000  855.391  116.505    0    0  (Gen:  0)
 28892576      5160  68347976  0.000  0.000  855.641  116.541    0    0  (Gen:  0)
 30180544      6928  68350256  0.000  0.000  856.016  116.580    0    0  (Gen:  0)
 31111088      4944  68348752  0.000  0.000  856.203  116.619    0    0  (Gen:  0)
 25617320      5976  68350360  0.000  0.000  856.375  116.650    0    0  (Gen:  0)
 24021432      6840  68352056  0.000  0.000  856.625  116.678    0    0  (Gen:  0)
 28334928      5000  68351416  0.000  0.000  856.859  116.714    0    0  (Gen:  0)
 27906760      4216  68351288  0.000  0.000  857.188  116.750    0    0  (Gen:  0)
 30026512      4632  68352152  0.000  0.000  857.438  116.789    0    0  (Gen:  0)
 25797640      6424  68354392  0.000  0.000  857.672  116.819    0    0  (Gen:  0)
 30281096      4928  68354336  0.000  0.000  857.922  116.857    0    0  (Gen:  0)
 29954032      7224  68390032  0.000  0.000  858.281  116.895    0    0  (Gen:  0)
 30230152      5424  68355984  0.000  0.000  858.516  116.933    0    0  (Gen:  0)
 30704344      5456  68389288  0.000  0.000  858.875  116.971    0    0  (Gen:  0)
 26033360      4384  68388824  0.000  0.000  859.094  117.003    0    0  (Gen:  0)
 30892984      4936  68389792  0.000  0.000  859.344  117.042    0    0  (Gen:  0)
 28465200  65519800  68313352  0.016  0.027  859.734  117.104    0    0  (Gen:  1)
 29256832      5528  68314672  0.000  0.000  860.078  117.141    0    0  (Gen:  0)
 28465808      5624  68315408  0.000  0.000  860.312  117.176    0    0  (Gen:  0)
 30682784      4728  68315056  0.000  0.000  860.562  117.214    0    0  (Gen:  0)
 29264792      4920  68315792  0.000  0.000  860.938  117.251    0    0  (Gen:  0)
 27933880      5640  68317120  0.000  0.000  861.188  117.286    0    0  (Gen:  0)
 28408616      5304  68317328  0.000  0.000  861.438  117.321    0    0  (Gen:  0)
 30038984      3896  68316496  0.000  0.000  861.797  117.358    0    0  (Gen:  0)
 28250736      4704  68317848  0.000  0.000  862.031  117.393    0    0  (Gen:  0)
 29513368      4296  68317984  0.000  0.000  862.281  117.430    0    0  (Gen:  0)
 29704528      5304  68319576  0.000  0.000  862.531  117.467    0    0  (Gen:  0)
 18321184      4824  68319672  0.000  0.001  862.688  117.508    0    0  (Gen:  0)
 26071800      4952  68320184  0.000  0.000  862.906  117.540    0    0  (Gen:  0)
 22976880      4376  68320168  0.000  0.000  863.109  117.570    0    0  (Gen:  0)
 29722960      5376  68321584  0.000  0.000  863.359  117.608    0    0  (Gen:  0)
 28440320      5000  68321704  0.000  0.000  863.594  117.643    0    0  (Gen:  0)
 30068784      5064  68322344  0.000  0.000  863.844  117.681    0    0  (Gen:  0)
 28349568      6024  68323816  0.000  0.000  864.094  117.716    0    0  (Gen:  0)
 28725248      4960  68323232  0.000  0.000  864.453  117.752    0    0  (Gen:  0)
 29477472      4880  68323600  0.000  0.000  864.688  117.789    0    0  (Gen:  0)
 29385376      5104  68324400  0.000  0.000  864.938  117.826    0    0  (Gen:  0)
 29258408      5064  68324872  0.000  0.000  865.297  117.863    0    0  (Gen:  0)
 28468544      5984  68326272  0.000  0.000  865.531  117.899    0    0  (Gen:  0)
 27387064      6160  68326992  0.000  0.000  865.781  117.933    0    0  (Gen:  0)
 22759328      4888  68326232  0.000  0.000  865.953  117.960    0    0  (Gen:  0)
 29185408      5032  68326952  0.000  0.000  866.188  117.997    0    0  (Gen:  0)
 30282520      3952  68326544  0.000  0.000  866.516  118.036    0    0  (Gen:  0)
 29777736      4624  68327824  0.000  0.000  866.766  118.074    0    0  (Gen:  0)
 28795680      5632  68329344  0.000  0.000  867.125  118.111    0    0  (Gen:  0)
 29013304      5840  68330064  0.000  0.000  867.359  118.147    0    0  (Gen:  0)
 28995832      5048  68329848  0.000  0.000  867.609  118.184    0    0  (Gen:  0)
 27278136      4464  68329776  0.000  0.000  867.969  118.218    0    0  (Gen:  0)
 28294856      4616  68330408  0.000  0.000  868.203  118.253    0    0  (Gen:  0)
 29537280  65464560  68258120  0.125  0.028  868.562  118.318    0    0  (Gen:  1)
 29904776      6496  68259600  0.000  0.000  868.812  118.353    0    0  (Gen:  0)
 31152384      4896  68258512  0.000  0.000  869.172  118.391    0    0  (Gen:  0)
 29958152      5992  68260152  0.000  0.000  869.406  118.427    0    0  (Gen:  0)
 26287760      6040  68260648  0.000  0.000  869.625  118.458    0    0  (Gen:  0)
 27957688      5288  68260280  0.000  0.000  869.875  118.491    0    0  (Gen:  0)
 29866176      4992  68260512  0.000  0.000  870.109  118.526    0    0  (Gen:  0)
 25653272      6416  68262608  0.000  0.000  870.359  118.555    0    0  (Gen:  0)
 23590552      4776  68262184  0.000  0.001  870.594  118.586    0    0  (Gen:  0)
 20380168      5528  68263352  0.000  0.000  870.688  118.613    0    0  (Gen:  0)
 19529360      4320  68262592  0.000  0.001  870.781  118.642    0    0  (Gen:  0)
 20777496      5272  68264072  0.000  0.000  870.875  118.668    0    0  (Gen:  0)
 19239344      5288  68264488  0.000  0.000  870.938  118.699    0    0  (Gen:  0)
 28712096      5936  68266224  0.000  0.000  871.250  118.733    0    0  (Gen:  0)
 26973184      4936  68266512  0.000  0.000  871.453  118.767    0    0  (Gen:  0)
 23571000      6528  68268456  0.000  0.000  871.531  118.792    0    0  (Gen:  0)
 28924776      6696  68269640  0.000  0.000  871.906  118.828    0    0  (Gen:  0)
 30062064      5360  68269272  0.000  0.000  872.141  118.864    0    0  (Gen:  0)
 29986264      6264  68270656  0.000  0.000  872.375  118.901    0    0  (Gen:  0)
 30476528      5200  68269976  0.000  0.000  872.750  118.938    0    0  (Gen:  0)
 30169568      5080  68270304  0.000  0.000  873.000  118.975    0    0  (Gen:  0)
 30127248      5016  68270752  0.000  0.000  873.234  119.011    0    0  (Gen:  0)
 29573576      4960  68271208  0.000  0.000  873.609  119.047    0    0  (Gen:  0)
 30767096      4936  68271600  0.000  0.000  873.859  119.084    0    0  (Gen:  0)
 29219944      4528  68271736  0.000  0.000  874.078  119.119    0    0  (Gen:  0)
 30854392      5240  68272896  0.000  0.000  874.453  119.157    0    0  (Gen:  0)
 30391512      5328  68273496  0.000  0.000  874.703  119.194    0    0  (Gen:  0)
 29626904      4056  68272704  0.000  0.000  874.922  119.230    0    0  (Gen:  0)
 30434160      4760  68273824  0.000  0.000  875.250  119.267    0    0  (Gen:  0)
 30418352      4952  68274400  0.000  0.000  875.500  119.304    0    0  (Gen:  0)
 30719424      4528  68274488  0.000  0.000  875.875  119.342    0    0  (Gen:  0)
 30442752  65416640  68210200  0.125  0.027  876.234  119.407    0    0  (Gen:  1)
 29602120      4512  68210808  0.000  0.000  876.469  119.442    0    0  (Gen:  0)
 30839152      4736  68211608  0.000  0.000  876.703  119.480    0    0  (Gen:  0)
 31594688      5872  68213256  0.000  0.000  877.062  119.519    0    0  (Gen:  0)
 30251232      4040  68211968  0.000  0.000  877.312  119.556    0    0  (Gen:  0)
 31002000      7296  68215768  0.000  0.000  877.672  119.594    0    0  (Gen:  0)
 29398232      4696  68213680  0.000  0.000  877.891  119.630    0    0  (Gen:  0)
 29413272      6240  68215704  0.000  0.000  878.094  119.665    0    0  (Gen:  0)
 30769184      6352  68216296  0.000  0.000  878.469  119.703    0    0  (Gen:  0)
 29739688      4136  68214624  0.000  0.000  878.703  119.739    0    0  (Gen:  0)
 28271344      5400  68216464  0.000  0.000  878.922  119.772    0    0  (Gen:  0)
 31508640      5904  68217448  0.000  0.000  879.297  119.811    0    0  (Gen:  0)
 26826344      6296  68218352  0.000  0.000  879.531  119.843    0    0  (Gen:  0)
 29455256      5024  68217688  0.000  0.000  879.781  119.877    0    0  (Gen:  0)
 27590984      5032  68218272  0.000  0.000  880.000  119.909    0    0  (Gen:  0)
 28927496      4920  68218768  0.000  0.000  880.250  119.943    0    0  (Gen:  0)
 27554320      4632  68219024  0.000  0.000  880.469  119.976    0    0  (Gen:  0)
 27429408      5304  68220272  0.000  0.000  880.703  120.008    0    0  (Gen:  0)
 29225184      5256  68220896  0.000  0.000  880.953  120.042    0    0  (Gen:  0)
 25022472      5808  68222104  0.000  0.000  881.141  120.096    0    0  (Gen:  0)
 26095216      4472  68221344  0.000  0.000  881.328  120.126    0    0  (Gen:  0)
 22315304      4576  68222072  0.000  0.000  881.422  120.152    0    0  (Gen:  0)
 31048640      5216  68223176  0.000  0.000  881.797  120.190    0    0  (Gen:  0)
 30712680      6592  68225192  0.000  0.000  882.047  120.227    0    0  (Gen:  0)
 26472008      5272  68224416  0.000  0.000  882.250  120.258    0    0  (Gen:  0)
 28061376      5432  68224992  0.000  0.000  882.500  120.291    0    0  (Gen:  0)
 30316200      5328  68225688  0.000  0.000  882.750  120.326    0    0  (Gen:  0)
 31018336      5688  68227296  0.000  0.000  883.109  120.364    0    0  (Gen:  0)
 30660080      5840  68227992  0.000  0.000  883.359  120.402    0    0  (Gen:  0)
 28202736      5200  68227976  0.047  0.000  883.641  120.435    0    0  (Gen:  0)
 30691456      7176  68263128  0.000  0.000  883.875  120.473    0    0  (Gen:  0)
 30284296      5472  68261936  0.000  0.000  884.109  120.509    0    0  (Gen:  0)
 30350992      6784  68230936  0.031  0.000  884.422  120.545    0    0  (Gen:  0)
 30793736      6568  68264024  0.000  0.000  884.672  120.582    0    0  (Gen:  0)
 30155008      5784  68263720  0.000  0.000  884.906  120.618    0    0  (Gen:  0)
 31553176      6152  68264600  0.000  0.000  885.266  120.656    0    0  (Gen:  0)
 30757264  65353544  68179864  0.141  0.027  885.656  120.720    0    0  (Gen:  1)
 29099264      5808  68179928  0.000  0.000  885.875  120.756    0    0  (Gen:  0)
 29343568      6592  68181128  0.000  0.000  886.078  120.792    0    0  (Gen:  0)
 31308720      4568  68179592  0.000  0.000  886.453  120.830    0    0  (Gen:  0)
 30117400      5096  68180664  0.000  0.000  886.688  120.866    0    0  (Gen:  0)
 27690944      6168  68182216  0.000  0.000  886.938  120.898    0    0  (Gen:  0)
 30332024      4680  68182168  0.000  0.000  887.188  120.935    0    0  (Gen:  0)
 29944880      4672  68182800  0.000  0.000  887.531  120.972    0    0  (Gen:  0)
 30827768      5256  68183912  0.000  0.000  887.781  121.011    0    0  (Gen:  0)
 30557624      4296  68183528  0.000  0.000  888.156  121.050    0    0  (Gen:  0)
 30064232      5000  68184680  0.000  0.000  888.406  121.087    0    0  (Gen:  0)
 27107336      4872  68185064  0.000  0.000  888.625  121.120    0    0  (Gen:  0)
 30279048      5176  68185880  0.000  0.000  888.984  121.158    0    0  (Gen:  0)
 31359248      4424  68185576  0.000  0.000  889.234  121.197    0    0  (Gen:  0)
 29846600      5000  68186824  0.000  0.000  889.594  121.234    0    0  (Gen:  0)
 30696552      4456  68186888  0.000  0.000  889.844  121.271    0    0  (Gen:  0)
 26792024      3952  68187136  0.000  0.000  890.047  121.304    0    0  (Gen:  0)
 30089712      5136  68188832  0.000  0.000  890.297  121.341    0    0  (Gen:  0)
 27853816      3680  68187984  0.000  0.000  890.656  121.376    0    0  (Gen:  0)
 29603088      4248  68189192  0.000  0.000  890.875  121.412    0    0  (Gen:  0)
 28885448      4392  68189976  0.000  0.000  891.125  121.448    0    0  (Gen:  0)
 26331824      7280  68193280  0.000  0.000  891.344  121.480    0    0  (Gen:  0)
 30664592      5448  68191960  0.000  0.000  891.688  121.518    0    0  (Gen:  0)
 30724232      4552  68191608  0.000  0.000  891.938  121.556    0    0  (Gen:  0)
 30546272      4848  68192544  0.000  0.000  892.297  121.593    0    0  (Gen:  0)
 29730104      4640  68192912  0.000  0.000  892.531  121.629    0    0  (Gen:  0)
 30925600      4696  68193576  0.000  0.000  892.766  121.668    0    0  (Gen:  0)
 30749392  65301480  68127808  0.031  0.028  893.172  121.734    0    0  (Gen:  1)
 28590224      5168  68128440  0.000  0.000  893.422  121.769    0    0  (Gen:  0)
 30467360      4248  68128000  0.000  0.000  893.672  121.807    0    0  (Gen:  0)
 30477808      5104  68129400  0.000  0.000  894.047  121.845    0    0  (Gen:  0)
 30711648      5032  68129808  0.000  0.000  894.281  121.882    0    0  (Gen:  0)
 30199480      6048  68131400  0.000  0.000  894.500  121.920    0    0  (Gen:  0)
 31031048      5480  68131280  0.000  0.000  894.875  121.957    0    0  (Gen:  0)
 30338040      4432  68130840  0.000  0.000  895.109  121.994    0    0  (Gen:  0)
 30806784      5136  68132088  0.000  0.000  895.469  122.032    0    0  (Gen:  0)
 29336728      4984  68132448  0.000  0.000  895.688  122.067    0    0  (Gen:  0)
 31394336      4608  68132616  0.000  0.000  895.938  122.105    0    0  (Gen:  0)
 31686840      4072  68132624  0.000  0.000  896.297  122.144    0    0  (Gen:  0)
 31137936      3912  68132912  0.000  0.000  896.547  122.182    0    0  (Gen:  0)
 30103912      4808  68134352  0.000  0.000  896.906  122.218    0    0  (Gen:  0)
 24138664      5064  68135312  0.000  0.000  897.031  122.246    0    0  (Gen:  0)
 30013568      5432  68137024  0.000  0.000  897.375  122.283    0    0  (Gen:  0)
 29348696      3808  68136040  0.000  0.000  897.609  122.320    0    0  (Gen:  0)
 30301480      5608  68138384  0.000  0.000  897.938  122.358    0    0  (Gen:  0)
 29708296      3952  68137272  0.000  0.000  898.188  122.395    0    0  (Gen:  0)
 30399872      4896  68138760  0.000  0.000  898.438  122.432    0    0  (Gen:  0)
 30232048      4304  68138680  0.000  0.000  898.797  122.470    0    0  (Gen:  0)
 30223720      5064  68139984  0.000  0.000  899.047  122.506    0    0  (Gen:  0)
 27173960      5824  68141224  0.000  0.000  899.281  122.540    0    0  (Gen:  0)
 30009728      4240  68140152  0.000  0.000  899.516  122.577    0    0  (Gen:  0)
 28990552      5528  68174712  0.000  0.000  899.766  122.612    0    0  (Gen:  0)
 28870456      4752  68141624  0.000  0.000  900.016  122.647    0    0  (Gen:  0)
 30440728      4392  68141776  0.000  0.000  900.266  122.685    0    0  (Gen:  0)
 13260112      5464  68143424  0.000  0.000  900.391  122.724    0    0  (Gen:  0)
 26136528      5344  68143656  0.000  0.000  900.594  122.757    0    0  (Gen:  0)
 23073344      4256  68143112  0.000  0.000  900.781  122.786    0    0  (Gen:  0)
 27515984      4816  68177056  0.000  0.000  901.000  122.819    0    0  (Gen:  0)
 28360544      4000  68176704  0.000  0.000  901.250  122.854    0    0  (Gen:  0)
 23737024  65245384  68104472  0.125  0.028  901.547  122.910    0    0  (Gen:  1)
 30127504      4648  68072352  0.000  0.000  901.797  122.947    0    0  (Gen:  0)
 30560312      4816  68105920  0.000  0.000  902.078  122.984    0    0  (Gen:  0)
 29953768      4976  68106560  0.000  0.000  902.281  123.021    0    0  (Gen:  0)
 30722792      6584  68108648  0.000  0.000  902.531  123.059    0    0  (Gen:  0)
 31279824      5960  68108600  0.000  0.000  902.906  123.097    0    0  (Gen:  0)
 30372568      7248  68143136  0.000  0.000  903.125  123.134    0    0  (Gen:  0)
 30874320      5200  68108776  0.000  0.000  903.484  123.172    0    0  (Gen:  0)
 31162384      6096  68110216  0.000  0.000  903.734  123.210    0    0  (Gen:  0)
 31011424      4512  68109176  0.000  0.000  904.109  123.249    0    0  (Gen:  0)
 29686672      5608  68110720  0.000  0.000  904.359  123.285    0    0  (Gen:  0)
 30219352      5928  68144408  0.000  0.000  904.609  123.322    0    0  (Gen:  0)
 27767408      5976  68112272  0.000  0.000  904.844  123.355    0    0  (Gen:  0)
 30647104      5408  68112184  0.000  0.000  905.219  123.393    0    0  (Gen:  0)
 31323624      4288  68111672  0.000  0.000  905.469  123.430    0    0  (Gen:  0)
 31124792      5240  68113264  0.000  0.000  905.828  123.468    0    0  (Gen:  0)
 26316864      4064  68112760  0.000  0.000  905.938  123.498    0    0  (Gen:  0)
 31219984      4552  68146648  0.000  0.000  906.297  123.534    0    0  (Gen:  0)
 30655504      5864  68116016  0.000  0.000  906.547  123.571    0    0  (Gen:  0)
 30917048      4256  68147840  0.000  0.000  906.906  123.608    0    0  (Gen:  0)
 23099784      5704  68149896  0.000  0.000  907.031  123.633    0    0  (Gen:  0)
 30185896      4792  68150520  0.000  0.000  907.281  123.670    0    0  (Gen:  0)
 23871280      5680  68151984  0.000  0.000  907.531  123.697    0    0  (Gen:  0)
 30417576      4448  68152064  0.000  0.000  907.906  123.734    0    0  (Gen:  0)
 31325992      5328  68153584  0.000  0.000  908.141  123.771    0    0  (Gen:  0)
 30728984      6112  68154912  0.000  0.000  908.375  123.808    0    0  (Gen:  0)
 30277472      5376  68154688  0.000  0.000  908.750  123.844    0    0  (Gen:  0)
 28415088      5480  68155304  0.000  0.000  908.969  123.878    0    0  (Gen:  0)
 30490936      4312  68154712  0.000  0.000  909.203  123.916    0    0  (Gen:  0)
 29741072      3576  68154488  0.062  0.000  909.516  123.952    0    0  (Gen:  0)
 30597272      5928  68157328  0.000  0.000  909.750  123.988    0    0  (Gen:  0)
 31607232      4208  68156248  0.000  0.000  910.000  124.027    0    0  (Gen:  0)
 30224528  65180944  68072808  0.016  0.028  910.391  124.092    0    0  (Gen:  1)
 28712496      5344  68074448  0.000  0.000  910.750  124.127    0    0  (Gen:  0)
 29266552      4176  68073856  0.000  0.000  910.984  124.162    0    0  (Gen:  0)
 31482136      4720  68074976  0.000  0.000  911.234  124.201    0    0  (Gen:  0)
 31467336      5072  68075776  0.000  0.000  911.594  124.239    0    0  (Gen:  0)
 30323256      4576  68075920  0.000  0.000  911.828  124.276    0    0  (Gen:  0)
 29769960      5296  68077216  0.000  0.000  912.203  124.312    0    0  (Gen:  0)
 30975320      3976  68076376  0.000  0.000  912.453  124.350    0    0  (Gen:  0)
 29293152      5928  68078904  0.000  0.000  912.672  124.386    0    0  (Gen:  0)
 28796576      4576  68078064  0.000  0.000  913.031  124.423    0    0  (Gen:  0)
 29198400      4792  68078760  0.000  0.000  913.219  124.458    0    0  (Gen:  0)
 26737712      3896  68078456  0.000  0.000  913.469  124.491    0    0  (Gen:  0)
 28564712      4768  68079776  0.000  0.000  913.672  124.525    0    0  (Gen:  0)
 29915664      4464  68080272  0.000  0.000  913.906  124.560    0    0  (Gen:  0)
 30793168      3984  68081072  0.000  0.000  914.266  124.598    0    0  (Gen:  0)
 30212736      4280  68081880  0.000  0.000  914.484  124.636    0    0  (Gen:  0)
 30963416      5408  68083456  0.000  0.000  914.859  124.674    0    0  (Gen:  0)
 30858416      5544  68084072  0.000  0.000  915.109  124.713    0    0  (Gen:  0)
 30810160      4296  68083304  0.000  0.000  915.484  124.751    0    0  (Gen:  0)
 21950936      4880  68084400  0.000  0.000  915.531  124.777    0    0  (Gen:  0)
 29984200      5040  68084976  0.000  0.000  915.891  124.814    0    0  (Gen:  0)
 30316512      4312  68084776  0.000  0.000  916.141  124.852    0    0  (Gen:  0)
 29892096      3968  68084944  0.000  0.000  916.391  124.889    0    0  (Gen:  0)
 31153376      5224  68086584  0.000  0.000  916.734  124.928    0    0  (Gen:  0)
 28542576      5128  68086936  0.000  0.000  916.953  124.962    0    0  (Gen:  0)
 29856968      4640  68086928  0.000  0.000  917.312  125.000    0    0  (Gen:  0)
 30485984      4552  68087288  0.000  0.000  917.562  125.037    0    0  (Gen:  0)
 30478336      4648  68087864  0.000  0.000  917.812  125.075    0    0  (Gen:  0)
 30366480      3784  68087512  0.000  0.000  918.172  125.113    0    0  (Gen:  0)
 31163392      5512  68089720  0.000  0.000  918.422  125.151    0    0  (Gen:  0)
 31082336      4768  68089520  0.000  0.000  918.797  125.190    0    0  (Gen:  0)
 27850504  65126680  68018544  0.125  0.027  919.172  125.250    0    0  (Gen:  1)
 27865560      4592  68018264  0.000  0.000  919.406  125.282    0    0  (Gen:  0)
 30008824      4848  68019480  0.000  0.000  919.656  125.318    0    0  (Gen:  0)
 30000784      5576  68020768  0.000  0.000  919.906  125.355    0    0  (Gen:  0)
 29720080      6504  68022208  0.000  0.000  920.234  125.391    0    0  (Gen:  0)
 29430664      4256  68020600  0.000  0.000  920.469  125.427    0    0  (Gen:  0)
 29791480      5304  68022192  0.000  0.000  920.719  125.463    0    0  (Gen:  0)
 31281224      4432  68021864  0.000  0.000  921.078  125.501    0    0  (Gen:  0)
 30843952      4960  68023000  0.000  0.000  921.328  125.538    0    0  (Gen:  0)
 30358208      4680  68023424  0.000  0.000  921.578  125.575    0    0  (Gen:  0)
 29660040      4360  68023712  0.000  0.000  921.922  125.611    0    0  (Gen:  0)
 29890952      4640  68024600  0.000  0.000  922.172  125.646    0    0  (Gen:  0)
 27465568      5424  68025896  0.000  0.000  922.422  125.679    0    0  (Gen:  0)
 28779240      5048  68026064  0.000  0.000  922.672  125.713    0    0  (Gen:  0)
 20540288      5352  68027008  0.000  0.000  922.891  125.762    0    0  (Gen:  0)
 23294736      5352  68027392  0.000  0.000  923.109  125.790    0    0  (Gen:  0)
 25278528      5728  68028944  0.000  0.000  923.312  125.820    0    0  (Gen:  0)
 30606160      5240  68029744  0.000  0.000  923.562  125.856    0    0  (Gen:  0)
 30654104      5496  68030608  0.000  0.000  923.922  125.893    0    0  (Gen:  0)
 30313544      5488  68031240  0.000  0.000  924.156  125.929    0    0  (Gen:  0)
 29043224      4744  68031072  0.000  0.000  924.391  125.966    0    0  (Gen:  0)
 28647456      5928  68032800  0.000  0.000  924.750  126.001    0    0  (Gen:  0)
 31164944      4880  68032264  0.000  0.000  925.000  126.038    0    0  (Gen:  0)
 31382072      6040  68033904  0.000  0.000  925.250  126.076    0    0  (Gen:  0)
 31311664      5088  68033560  0.000  0.000  925.609  126.113    0    0  (Gen:  0)
 30782864      4736  68033720  0.000  0.000  925.844  126.150    0    0  (Gen:  0)
 29558480      5144  68034704  0.000  0.000  926.078  126.185    0    0  (Gen:  0)
 30724280      5696  68035768  0.000  0.000  926.453  126.221    0    0  (Gen:  0)
 30228632      6776  68037360  0.000  0.000  926.703  126.256    0    0  (Gen:  0)
 29778640      5784  68036912  0.000  0.000  926.953  126.292    0    0  (Gen:  0)
 29414016      5016  68036656  0.078  0.000  927.281  126.327    0    0  (Gen:  0)
 31216896      4216  68036336  0.000  0.000  927.531  126.364    0    0  (Gen:  0)
 29395968      6024  68038832  0.000  0.000  927.766  126.398    0    0  (Gen:  0)
 29230776      4568  68037856  0.000  0.000  928.000  126.434    0    0  (Gen:  0)
 31264200      4368  68038168  0.000  0.000  928.359  126.472    0    0  (Gen:  0)
 30771112  65062696  67954560  0.125  0.029  928.719  126.538    0    0  (Gen:  1)
 31070344      4720  67955368  0.000  0.000  928.969  126.576    0    0  (Gen:  0)
 30739208      5344  67956504  0.000  0.000  929.344  126.613    0    0  (Gen:  0)
 30026424      4944  67956680  0.000  0.000  929.594  126.649    0    0  (Gen:  0)
 20843792      6520  67958736  0.000  0.000  929.812  126.674    0    0  (Gen:  0)
 29125704      4520  67957088  0.000  0.000  930.062  126.709    0    0  (Gen:  0)
 31108824      5840  67958952  0.000  0.000  930.312  126.747    0    0  (Gen:  0)
 30352992      5088  67958616  0.000  0.000  930.641  126.783    0    0  (Gen:  0)
 30387416      6920  67960960  0.000  0.000  930.875  126.819    0    0  (Gen:  0)
 32342568      5040  67959560  0.000  0.000  931.250  126.858    0    0  (Gen:  0)
 30380048      5368  67960400  0.000  0.000  931.484  126.894    0    0  (Gen:  0)
 31027320      5712  67961320  0.000  0.000  931.734  126.931    0    0  (Gen:  0)
 31328352      6448  67962568  0.000  0.000  932.094  126.968    0    0  (Gen:  0)
 30048728      4144  67993536  0.000  0.000  932.312  127.004    0    0  (Gen:  0)
 31701840      5128  67995064  0.000  0.000  932.562  127.041    0    0  (Gen:  0)
 31328272      4736  67995152  0.000  0.000  932.938  127.079    0    0  (Gen:  0)
 30025320      4648  67995640  0.000  0.000  933.172  127.114    0    0  (Gen:  0)
 24153304      5512  67996984  0.000  0.000  933.406  127.142    0    0  (Gen:  0)
 29647416      5048  67997000  0.000  0.000  933.625  127.177    0    0  (Gen:  0)
 30957224      4488  67996920  0.000  0.000  933.875  127.214    0    0  (Gen:  0)
 30806136      4992  67997968  0.000  0.000  934.234  127.250    0    0  (Gen:  0)
 31175448      4856  67998416  0.000  0.000  934.484  127.288    0    0  (Gen:  0)
 28819016      5592  67999664  0.000  0.000  934.734  127.322    0    0  (Gen:  0)
 31273936      5424  67999976  0.000  0.000  935.109  127.359    0    0  (Gen:  0)
 29704280      7760  68002856  0.000  0.000  935.359  127.393    0    0  (Gen:  0)
 29929328      5800  68002112  0.000  0.000  935.609  127.428    0    0  (Gen:  0)
 28729728      5640  68002752  0.000  0.000  935.844  127.463    0    0  (Gen:  0)
 28269208      5040  68002632  0.000  0.000  936.172  127.499    0    0  (Gen:  0)
 29699192      4712  68002752  0.000  0.000  936.406  127.535    0    0  (Gen:  0)
 29449992      4960  68003480  0.000  0.000  936.656  127.571    0    0  (Gen:  0)
 29436184      5872  68004936  0.000  0.000  936.891  127.607    0    0  (Gen:  0)
 28572832      4520  68004080  0.000  0.000  937.219  127.642    0    0  (Gen:  0)
 30808768      5552  68005592  0.000  0.000  937.453  127.679    0    0  (Gen:  0)
 31228024  65007184  67931816  0.031  0.028  937.734  127.745    0    0  (Gen:  1)
 28599360      4696  67930752  0.000  0.000  938.109  127.780    0    0  (Gen:  0)
 29182592      5304  67931808  0.000  0.000  938.344  127.815    0    0  (Gen:  0)
 30982896      4776  67931760  0.000  0.000  938.594  127.853    0    0  (Gen:  0)
 29899480      5632  67933128  0.000  0.000  938.938  127.890    0    0  (Gen:  0)
 28256168      5496  67933696  0.000  0.000  939.188  127.923    0    0  (Gen:  0)
 28331104      5288  67934816  0.000  0.000  939.422  127.958    0    0  (Gen:  0)
 30825952      3832  67933904  0.000  0.000  939.672  127.996    0    0  (Gen:  0)
 30137744      5296  67935944  0.000  0.000  940.000  128.033    0    0  (Gen:  0)
 30503448      4544  67935672  0.000  0.000  940.250  128.071    0    0  (Gen:  0)
 29616360      5352  67937024  0.000  0.000  940.500  128.107    0    0  (Gen:  0)
 30748432      5352  67937600  0.000  0.000  940.844  128.145    0    0  (Gen:  0)
 30175576      5744  67938616  0.000  0.000  941.094  128.182    0    0  (Gen:  0)
 30367000      4928  67938248  0.000  0.000  941.469  128.220    0    0  (Gen:  0)
 29388352      4792  67938656  0.000  0.000  941.703  128.255    0    0  (Gen:  0)
 17998776      5032  67939536  0.000  0.004  941.797  128.297    0    0  (Gen:  0)
 24475576      4512  67939368  0.000  0.000  941.922  128.326    0    0  (Gen:  0)
 29909016      4384  67939832  0.000  0.000  942.156  128.363    0    0  (Gen:  0)
 30155936      5032  67941104  0.000  0.000  942.406  128.399    0    0  (Gen:  0)
 30219664      5448  67942128  0.000  0.000  942.781  128.436    0    0  (Gen:  0)
 29657912      4880  67942104  0.000  0.000  943.016  128.472    0    0  (Gen:  0)
 30248808      5664  67943464  0.000  0.000  943.250  128.509    0    0  (Gen:  0)
 29777184      4880  67943288  0.000  0.000  943.500  128.545    0    0  (Gen:  0)
 30404872      4984  67943936  0.000  0.000  943.875  128.581    0    0  (Gen:  0)
 25573248      5784  67945344  0.000  0.000  944.078  128.612    0    0  (Gen:  0)
 28203160      5088  67945128  0.000  0.000  944.312  128.646    0    0  (Gen:  0)
 30900192      4792  67945312  0.000  0.000  944.562  128.685    0    0  (Gen:  0)
 30674704      5824  67946888  0.000  0.000  944.938  128.723    0    0  (Gen:  0)
 31083368      4096  67945640  0.000  0.000  945.172  128.761    0    0  (Gen:  0)
 22718168      5496  67947552  0.000  0.000  945.406  128.789    0    0  (Gen:  0)
 27644704      5440  67947880  0.000  0.000  945.641  128.824    0    0  (Gen:  0)
 28580480      6488  67949472  0.000  0.000  946.000  128.859    0    0  (Gen:  0)
 31384128      5088  67948504  0.000  0.000  946.250  128.898    0    0  (Gen:  0)
 30301536      4000  67947960  0.000  0.000  946.500  128.936    0    0  (Gen:  0)
 28805984      5904  67950344  0.000  0.000  946.844  128.971    0    0  (Gen:  0)
 29510784  64945792  67870424  0.125  0.029  947.203  129.037    0    0  (Gen:  1)
 30891192      5232  67869984  0.000  0.000  947.453  129.075    0    0  (Gen:  0)
 27888472      5528  67870792  0.000  0.000  947.812  129.109    0    0  (Gen:  0)
 30918944      6280  67872120  0.000  0.000  948.047  129.147    0    0  (Gen:  0)
 31181240      4792  67871096  0.000  0.000  948.297  129.185    0    0  (Gen:  0)
 30421648      4936  67871816  0.000  0.000  948.672  129.222    0    0  (Gen:  0)
 28018368      4960  67872352  0.000  0.000  948.906  129.256    0    0  (Gen:  0)
 30604736      5272  67873576  0.000  0.000  949.156  129.293    0    0  (Gen:  0)
 30051656      5024  67874544  0.000  0.000  949.516  129.330    0    0  (Gen:  0)
 29958720      5696  67875872  0.000  0.000  949.766  129.368    0    0  (Gen:  0)
 29866256      6576  67877264  0.000  0.000  950.109  129.405    0    0  (Gen:  0)
 29309104      3928  67875096  0.000  0.000  950.359  129.442    0    0  (Gen:  0)
 30354224      4696  67876344  0.000  0.000  950.609  129.479    0    0  (Gen:  0)
 29708224      4584  67876840  0.000  0.000  950.984  129.515    0    0  (Gen:  0)
 31214480      4792  67877528  0.000  0.000  951.234  129.553    0    0  (Gen:  0)
 29985056      4552  67877896  0.000  0.000  951.484  129.589    0    0  (Gen:  0)
 30393984      3800  67877816  0.000  0.000  951.844  129.625    0    0  (Gen:  0)
 31410952      5112  67879736  0.000  0.000  952.062  129.663    0    0  (Gen:  0)
 30262456      4800  67879968  0.000  0.000  952.312  129.699    0    0  (Gen:  0)
 31139536      5792  67881632  0.000  0.000  952.688  129.737    0    0  (Gen:  0)
 31440176      5504  67881920  0.000  0.000  952.906  129.774    0    0  (Gen:  0)
 29461152      5528  67883064  0.000  0.000  953.156  129.809    0    0  (Gen:  0)
 30669856      4440  67882936  0.000  0.000  953.531  129.847    0    0  (Gen:  0)
 29639680      4376  67883416  0.000  0.000  953.766  129.883    0    0  (Gen:  0)
 29629568      5008  67884560  0.000  0.000  954.094  129.920    0    0  (Gen:  0)
 30114528      4672  67884768  0.000  0.000  954.344  129.957    0    0  (Gen:  0)
 30362512      4256  67884896  0.000  0.000  954.594  129.994    0    0  (Gen:  0)
 30776032      5984  67887104  0.000  0.000  954.969  130.032    0    0  (Gen:  0)
 31068616      5392  67887056  0.000  0.000  955.219  130.070    0    0  (Gen:  0)
 29154752      5416  67887720  0.000  0.000  955.469  130.106    0    0  (Gen:  0)
 29008224      4968  67887720  0.000  0.000  955.812  130.142    0    0  (Gen:  0)
 26713960  64884216  67808848  0.031  0.027  956.094  130.201    0    0  (Gen:  1)
 30044664      6080  67810624  0.000  0.000  956.344  130.239    0    0  (Gen:  0)
 30363096      5552  67810608  0.000  0.000  956.594  130.276    0    0  (Gen:  0)
 29385856      4728  67810200  0.000  0.000  956.953  130.313    0    0  (Gen:  0)
 29302848      4776  67810760  0.000  0.000  957.172  130.349    0    0  (Gen:  0)
 30610176      5288  67811816  0.000  0.000  957.422  130.388    0    0  (Gen:  0)
 30416384      4256  67811360  0.000  0.000  957.750  130.425    0    0  (Gen:  0)
 30419704      4248  67811896  0.000  0.000  957.984  130.463    0    0  (Gen:  0)
 27274544      4440  67812536  0.000  0.000  958.234  130.497    0    0  (Gen:  0)
 27031208      4392  67812968  0.000  0.000  958.516  130.530    0    0  (Gen:  0)
 27335752      3840  67812896  0.000  0.000  958.750  130.565    0    0  (Gen:  0)
 30379328      3720  67813256  0.000  0.000  959.000  130.603    0    0  (Gen:  0)
 31329456      4544  67814624  0.000  0.000  959.359  130.642    0    0  (Gen:  0)
 28238600      4024  67814744  0.000  0.000  959.594  130.677    0    0  (Gen:  0)
 31127728      4496  67815728  0.000  0.000  959.844  130.716    0    0  (Gen:  0)
 29830672      4344  67816184  0.000  0.000  960.203  130.752    0    0  (Gen:  0)
 30317368      5608  67818024  0.000  0.000  960.453  130.790    0    0  (Gen:  0)
 27374136      4528  67817552  0.000  0.000  960.688  130.823    0    0  (Gen:  0)
 30235272      5504  67819008  0.000  0.000  961.062  130.860    0    0  (Gen:  0)
 28066776      4512  67818560  0.000  0.000  961.281  130.894    0    0  (Gen:  0)
 22268312      4288  67818912  0.000  0.020  961.391  130.941    0    0  (Gen:  0)
 24763008      5392  67820432  0.000  0.000  961.594  130.971    0    0  (Gen:  0)
 27511960      4360  67819960  0.000  0.000  961.812  131.005    0    0  (Gen:  0)
 30676936      5400  67821512  0.000  0.000  962.062  131.043    0    0  (Gen:  0)
 29001728      4600  67821288  0.000  0.000  962.438  131.078    0    0  (Gen:  0)
 30326208      4328  67821560  0.000  0.000  962.688  131.115    0    0  (Gen:  0)
 30576312      5192  67823000  0.000  0.000  962.922  131.152    0    0  (Gen:  0)
 30955448      4856  67823208  0.000  0.000  963.297  131.190    0    0  (Gen:  0)
 31389856      5056  67823984  0.000  0.000  963.516  131.228    0    0  (Gen:  0)
 31912584      5360  67824864  0.000  0.000  963.875  131.267    0    0  (Gen:  0)
 31146256      6048  67826064  0.000  0.000  964.125  131.304    0    0  (Gen:  0)
 30972384  64831360  67755992  0.141  0.028  964.516  131.370    0    0  (Gen:  1)
 31148936      5920  67757008  0.000  0.000  964.891  131.407    0    0  (Gen:  0)
 30873400      5744  67757408  0.000  0.000  965.141  131.444    0    0  (Gen:  0)
 30299560      5128  67757304  0.000  0.000  965.391  131.481    0    0  (Gen:  0)
 31392752      4480  67757168  0.000  0.000  965.703  131.518    0    0  (Gen:  0)
 28207944      6264  67759560  0.000  0.000  965.953  131.552    0    0  (Gen:  0)
 30799680      6824  67760568  0.000  0.000  966.188  131.589    0    0  (Gen:  0)
 29976448      5296  67759616  0.000  0.000  966.547  131.625    0    0  (Gen:  0)
 29923048      5096  67759928  0.000  0.000  966.781  131.661    0    0  (Gen:  0)
 28262032      5016  67760360  0.000  0.000  967.000  131.693    0    0  (Gen:  0)
 29780312      4904  67760760  0.000  0.000  967.203  131.728    0    0  (Gen:  0)
 30426656      4816  67761344  0.000  0.000  967.562  131.765    0    0  (Gen:  0)
 30769944      6360  67796256  0.000  0.000  967.797  131.802    0    0  (Gen:  0)
 30869272      5720  67763464  0.000  0.000  968.031  131.838    0    0  (Gen:  0)
 31996616      5080  67763432  0.000  0.000  968.406  131.876    0    0  (Gen:  0)
 28584480      4920  67764072  0.000  0.000  968.641  131.909    0    0  (Gen:  0)
 24470112      6056  67765816  0.000  0.000  968.891  131.937    0    0  (Gen:  0)
 29447792      4144  67765344  0.000  0.000  969.078  131.973    0    0  (Gen:  0)
 31192576      3800  67765640  0.000  0.000  969.328  132.011    0    0  (Gen:  0)
 30675080      4632  67799808  0.000  0.000  969.703  132.048    0    0  (Gen:  0)
 27155992      5912  67801600  0.000  0.000  969.922  132.082    0    0  (Gen:  0)
 30672432      5352  67801520  0.000  0.000  970.172  132.119    0    0  (Gen:  0)
 24420536      4992  67801672  0.000  0.000  970.406  132.147    0    0  (Gen:  0)
 31438504      5016  67803040  0.000  0.000  970.641  132.185    0    0  (Gen:  0)
 31657408      4360  67803136  0.000  0.000  970.984  132.224    0    0  (Gen:  0)
 29026032      5552  67804776  0.000  0.000  971.188  132.259    0    0  (Gen:  0)
 31019128      4320  67804088  0.000  0.000  971.547  132.297    0    0  (Gen:  0)
 31512400      5344  67805560  0.000  0.000  971.797  132.335    0    0  (Gen:  0)
 30883024      4864  67805688  0.000  0.000  972.047  132.373    0    0  (Gen:  0)
 29418960      4464  67805776  0.000  0.000  972.406  132.408    0    0  (Gen:  0)
 24721104      7232  67809152  0.031  0.000  972.562  132.436    0    0  (Gen:  0)
 30952392  64766720  67724120  0.141  0.028  972.953  132.502    0    0  (Gen:  1)
 30193792      4472  67723984  0.000  0.000  973.203  132.539    0    0  (Gen:  0)
 29259656      5240  67725200  0.000  0.000  973.438  132.575    0    0  (Gen:  0)
 27735600      4936  67725248  0.000  0.000  973.797  132.609    0    0  (Gen:  0)
 29819360      5064  67725888  0.000  0.000  974.031  132.646    0    0  (Gen:  0)
 26927096      4840  67726144  0.000  0.000  974.250  132.679    0    0  (Gen:  0)
 26367568      5400  67727264  0.000  0.000  974.453  132.711    0    0  (Gen:  0)
 30461976      4560  67726840  0.000  0.000  974.812  132.749    0    0  (Gen:  0)
 30787696      4872  67727680  0.000  0.000  975.047  132.787    0    0  (Gen:  0)
 28595688      4168  67727568  0.000  0.000  975.297  132.823    0    0  (Gen:  0)
 30750600      4064  67728008  0.000  0.000  975.672  132.861    0    0  (Gen:  0)
 30774312      4928  67729352  0.000  0.000  975.906  132.900    0    0  (Gen:  0)
 30784848      4360  67729360  0.000  0.000  976.266  132.938    0    0  (Gen:  0)
 30966064      4400  67729912  0.000  0.000  976.516  132.976    0    0  (Gen:  0)
 30614312      4080  67730104  0.000  0.000  976.750  133.014    0    0  (Gen:  0)
 29052392      3960  67730560  0.000  0.000  977.062  133.049    0    0  (Gen:  0)
 31472152      3888  67731064  0.000  0.000  977.297  133.088    0    0  (Gen:  0)
 30374048      3976  67731696  0.000  0.000  977.672  133.125    0    0  (Gen:  0)
 27452104      3736  67732000  0.000  0.000  977.891  133.159    0    0  (Gen:  0)
 29999160      4704  67733384  0.000  0.000  978.141  133.196    0    0  (Gen:  0)
 31023672      5680  67734968  0.000  0.000  978.516  133.234    0    0  (Gen:  0)
 29210496      4360  67734160  0.000  0.000  978.766  133.269    0    0  (Gen:  0)
 31891608      4072  67734448  0.000  0.000  979.000  133.309    0    0  (Gen:  0)
 31172768      4480  67735368  0.000  0.000  979.375  133.347    0    0  (Gen:  0)
 30935080      4432  67735928  0.000  0.000  979.625  133.385    0    0  (Gen:  0)
 29748712      5744  67737816  0.000  0.000  979.984  133.421    0    0  (Gen:  0)
 30699200      5928  67738640  0.000  0.000  980.234  133.458    0    0  (Gen:  0)
 28265448      4992  67738216  0.000  0.000  980.484  133.493    0    0  (Gen:  0)
 30524320      6008  67739680  0.000  0.000  980.859  133.531    0    0  (Gen:  0)
 30527200      4776  67739024  0.000  0.000  981.109  133.568    0    0  (Gen:  0)
 18935632      4968  67739856  0.000  0.000  981.156  133.619    0    0  (Gen:  0)
 26751456      5296  67741304  0.000  0.000  981.375  133.653    0    0  (Gen:  0)
 23975544      6424  67743184  0.000  0.000  981.562  133.683    0    0  (Gen:  0)
 30280960      6552  67743872  0.000  0.000  981.891  133.719    0    0  (Gen:  0)
 30303784      5184  67742984  0.000  0.000  982.109  133.755    0    0  (Gen:  0)
 29423960      6776  67745216  0.000  0.000  982.359  133.790    0    0  (Gen:  0)
 31062632  64703720  67661120  0.016  0.030  982.750  133.857    0    0  (Gen:  1)
 29947824      6016  67662256  0.000  0.000  983.109  133.893    0    0  (Gen:  0)
 30168096      4480  67693960  0.000  0.000  983.328  133.928    0    0  (Gen:  0)
 29605400      5208  67695296  0.000  0.000  983.578  133.963    0    0  (Gen:  0)
 30345368      4632  67695264  0.000  0.000  983.797  133.998    0    0  (Gen:  0)
 28456608      4920  67696168  0.000  0.000  984.156  134.032    0    0  (Gen:  0)
 29257232      4392  67696328  0.000  0.000  984.406  134.067    0    0  (Gen:  0)
 28766072      4904  67697416  0.000  0.000  984.641  134.101    0    0  (Gen:  0)
 30413544      5512  67698568  0.000  0.000  984.891  134.138    0    0  (Gen:  0)
 29397840      7288  67701000  0.000  0.000  985.234  134.172    0    0  (Gen:  0)
 30711104      6336  67700592  0.000  0.000  985.484  134.210    0    0  (Gen:  0)
 30222616      4592  67699360  0.000  0.000  985.734  134.246    0    0  (Gen:  0)
 29479592      4552  67699800  0.000  0.000  986.031  134.282    0    0  (Gen:  0)
 29965448      6376  67702040  0.000  0.000  986.266  134.317    0    0  (Gen:  0)
 30848424      4560  67700736  0.000  0.000  986.516  134.354    0    0  (Gen:  0)
 31571616      4840  67701592  0.000  0.000  986.875  134.391    0    0  (Gen:  0)
 29409968      4880  67702272  0.000  0.000  987.125  134.426    0    0  (Gen:  0)
 30646024      5128  67703000  0.000  0.000  987.375  134.463    0    0  (Gen:  0)
 30308176      4968  67703288  0.000  0.000  987.750  134.499    0    0  (Gen:  0)
 30461144      4312  67703240  0.000  0.000  987.984  134.535    0    0  (Gen:  0)
 31072928      5760  67705232  0.000  0.000  988.234  134.572    0    0  (Gen:  0)
 27455112      6552  67706536  0.000  0.000  988.469  134.604    0    0  (Gen:  0)
 28239688      5392  67705824  0.000  0.000  988.703  134.638    0    0  (Gen:  0)
 31001136      4784  67705760  0.000  0.000  989.062  134.675    0    0  (Gen:  0)
 30791888      5056  67706608  0.000  0.000  989.312  134.711    0    0  (Gen:  0)
 27647968      4816  67706976  0.000  0.000  989.531  134.743    0    0  (Gen:  0)
 30936336      4872  67707608  0.000  0.000  989.875  134.780    0    0  (Gen:  0)
 31030920      4928  67708336  0.000  0.000  990.125  134.817    0    0  (Gen:  0)
 27689136      4640  67708720  0.000  0.000  990.359  134.849    0    0  (Gen:  0)
 29058728      3952  67708544  0.000  0.000  990.609  134.884    0    0  (Gen:  0)
 27432976      4928  67710160  0.000  0.000  990.844  134.916    0    0  (Gen:  0)
 30269960      4728  67710472  0.000  0.000  991.219  134.953    0    0  (Gen:  0)
 28629128  64646072  67636240  0.078  0.027  991.547  135.015    0    0  (Gen:  1)
 30991696      4528  67636776  0.000  0.000  991.797  135.053    0    0  (Gen:  0)
 28259224      6016  67638744  0.000  0.000  992.031  135.086    0    0  (Gen:  0)
 29853696      5656  67638928  0.000  0.000  992.281  135.122    0    0  (Gen:  0)
 31281896      4848  67638664  0.000  0.000  992.625  135.159    0    0  (Gen:  0)
 30905328      6384  67640680  0.000  0.000  992.875  135.196    0    0  (Gen:  0)
 26997832      4928  67639672  0.000  0.000  993.094  135.228    0    0  (Gen:  0)
 31370880      5736  67640992  0.000  0.000  993.469  135.266    0    0  (Gen:  0)
 30479888      4752  67640584  0.000  0.000  993.703  135.302    0    0  (Gen:  0)
 31241360      6616  67642928  0.000  0.000  993.953  135.339    0    0  (Gen:  0)
 31112760      5360  67642216  0.000  0.000  994.328  135.375    0    0  (Gen:  0)
 30588776      5488  67642920  0.000  0.000  994.562  135.411    0    0  (Gen:  0)
 31134032      5896  67643904  0.000  0.000  994.812  135.448    0    0  (Gen:  0)
 30861352      5264  67643848  0.000  0.000  995.188  135.485    0    0  (Gen:  0)
 31384680      5520  67644664  0.000  0.000  995.422  135.523    0    0  (Gen:  0)
 30359208      6072  67645696  0.000  0.000  995.656  135.558    0    0  (Gen:  0)
 28236536      5872  67646488  0.000  0.000  995.906  135.590    0    0  (Gen:  0)
 31237368      6528  67648264  0.000  0.000  996.281  135.627    0    0  (Gen:  0)
 29567936      6192  67648440  0.000  0.000  996.500  135.663    0    0  (Gen:  0)
 30634144      4696  67647424  0.000  0.000  996.750  135.700    0    0  (Gen:  0)
 29017032      5032  67648272  0.000  0.000  997.109  135.735    0    0  (Gen:  0)
 30660688      5528  67649216  0.000  0.000  997.359  135.772    0    0  (Gen:  0)
 31181568      5640  67649808  0.000  0.000  997.578  135.810    0    0  (Gen:  0)
 30956200      5080  67649824  0.000  0.000  997.953  135.847    0    0  (Gen:  0)
 29865816      5872  67651096  0.000  0.000  998.203  135.884    0    0  (Gen:  0)
 30719712      5344  67651016  0.000  0.000  998.547  135.921    0    0  (Gen:  0)
 30756736      5640  67651792  0.000  0.000  998.797  135.959    0    0  (Gen:  0)
 30563776      4816  67651384  0.000  0.000  999.047  135.997    0    0  (Gen:  0)
 30232896      4320  67651400  0.000  0.000  999.422  136.034    0    0  (Gen:  0)
 23160928  64596208  67586376  0.031  0.027  999.531  136.088    0    0  (Gen:  1)
 28535992      4272  67585544  0.000  0.000  999.781  136.123    0    0  (Gen:  0)
 29345232      5744  67587400  0.000  0.000 1000.141  136.159    0    0  (Gen:  0)
 29438352      4344  67586544  0.000  0.000 1000.359  136.222    0    0  (Gen:  0)
 24600976      4376  67587024  0.000  0.000 1000.547  136.252    0    0  (Gen:  0)
 26460696      4520  67587584  0.000  0.000 1000.781  136.284    0    0  (Gen:  0)
 31267072      5272  67588816  0.000  0.000 1001.031  136.323    0    0  (Gen:  0)
 29404184      5408  67589560  0.000  0.000 1001.391  136.358    0    0  (Gen:  0)
 24708784      6200  67591024  0.000  0.000 1001.516  136.386    0    0  (Gen:  0)
 31406760      6000  67624928  0.000  0.000 1001.875  136.425    0    0  (Gen:  0)
 30538264      5208  67624744  0.000  0.000 1002.125  136.461    0    0  (Gen:  0)
 28237816      5792  67625968  0.000  0.000 1002.375  136.495    0    0  (Gen:  0)
 29472616      5504  67626160  0.000  0.000 1002.750  136.531    0    0  (Gen:  0)
 31741560      3952  67625120  0.000  0.000 1003.000  136.569    0    0  (Gen:  0)
 27548904      5376  67627088  0.000  0.000 1003.250  136.603    0    0  (Gen:  0)
 29663528      7128  67629360  0.000  0.000 1003.500  136.639    0    0  (Gen:  0)
 28029080      6040  67628912  0.000  0.000 1003.828  136.672    0    0  (Gen:  0)
 28822168      4496  67627912  0.000  0.000 1004.078  136.706    0    0  (Gen:  0)
 28665640      4744  67628736  0.000  0.000 1004.312  136.742    0    0  (Gen:  0)
 29293968      4760  67629360  0.000  0.000 1004.547  136.777    0    0  (Gen:  0)
 28209424      4976  67630280  0.000  0.000 1004.781  136.811    0    0  (Gen:  0)
 29273072      4504  67630288  0.000  0.000 1005.125  136.846    0    0  (Gen:  0)
 26937480      5040  67631496  0.000  0.000 1005.359  136.878    0    0  (Gen:  0)
 29947624      3992  67630992  0.000  0.000 1005.594  136.915    0    0  (Gen:  0)
 30739968      4928  67632408  0.000  0.000 1005.969  136.953    0    0  (Gen:  0)
 29818560      4296  67632320  0.000  0.000 1006.219  136.990    0    0  (Gen:  0)
 30632768      4952  67633488  0.000  0.000 1006.469  137.028    0    0  (Gen:  0)
 30962584      5936  67634952  0.000  0.000 1006.812  137.067    0    0  (Gen:  0)
 30341256  64543688  67566624  0.125  0.027 1007.188  137.131    0    0  (Gen:  1)
 29707512      4920  67567016  0.000  0.000 1007.422  137.167    0    0  (Gen:  0)
 30344872      5496  67568152  0.000  0.000 1007.781  137.205    0    0  (Gen:  0)
 25838464      4752  67567888  0.000  0.000 1008.031  137.235    0    0  (Gen:  0)
 30536744      5448  67569768  0.000  0.000 1008.281  137.272    0    0  (Gen:  0)
 29271512      5392  67570608  0.000  0.000 1008.500  137.308    0    0  (Gen:  0)
 28559576      3872  67569536  0.000  0.000 1008.875  137.343    0    0  (Gen:  0)
 29823208      5472  67571616  0.000  0.000 1009.125  137.380    0    0  (Gen:  0)
 30527168      5616  67572272  0.000  0.000 1009.375  137.418    0    0  (Gen:  0)
 30807824      4776  67571928  0.000  0.000 1009.750  137.456    0    0  (Gen:  0)
 30445688      5248  67572880  0.000  0.000 1009.984  137.494    0    0  (Gen:  0)
 30149200      4088  67572168  0.000  0.000 1010.359  137.531    0    0  (Gen:  0)
 29972552      5528  67574120  0.000  0.000 1010.609  137.569    0    0  (Gen:  0)
 27289640      4712  67573784  0.000  0.000 1010.844  137.602    0    0  (Gen:  0)
 29144792      5000  67574984  0.000  0.000 1011.078  137.638    0    0  (Gen:  0)
 28815328      4064  67575072  0.000  0.000 1011.375  137.673    0    0  (Gen:  0)
 28965736      3880  67575336  0.000  0.000 1011.625  137.710    0    0  (Gen:  0)
 30541152      4648  67576520  0.000  0.000 1011.875  137.748    0    0  (Gen:  0)
 30772384      5088  67577504  0.000  0.000 1012.219  137.787    0    0  (Gen:  0)
 29533760      4888  67577880  0.000  0.000 1012.469  137.823    0    0  (Gen:  0)
 28901568      4456  67577864  0.000  0.000 1012.812  137.859    0    0  (Gen:  0)
 27052288      4176  67578160  0.000  0.000 1013.000  137.893    0    0  (Gen:  0)
 30785376      4072  67578568  0.000  0.000 1013.234  137.932    0    0  (Gen:  0)
 29630536      5464  67580472  0.000  0.000 1013.609  137.969    0    0  (Gen:  0)
 30259728      4712  67580168  0.000  0.000 1013.812  138.007    0    0  (Gen:  0)
 30802008      6672  67582608  0.000  0.000 1014.172  138.046    0    0  (Gen:  0)
 30301560      5016  67581336  0.000  0.000 1014.406  138.083    0    0  (Gen:  0)
 30232088      4688  67581424  0.000  0.000 1014.656  138.121    0    0  (Gen:  0)
 30364136  64494120  67517056  0.031  0.028 1015.062  138.186    0    0  (Gen:  1)
 29773512      4208  67516632  0.000  0.000 1015.297  138.223    0    0  (Gen:  0)
 30564496      4104  67517088  0.000  0.000 1015.547  138.261    0    0  (Gen:  0)
 28655296      5784  67519312  0.000  0.000 1015.906  138.297    0    0  (Gen:  0)
 30523544      4224  67518296  0.000  0.000 1016.156  138.335    0    0  (Gen:  0)
 29390768      4344  67518896  0.000  0.000 1016.391  138.370    0    0  (Gen:  0)
 31156080      6064  67521224  0.000  0.000 1016.750  138.408    0    0  (Gen:  0)
 30716912      4760  67520432  0.000  0.000 1016.984  138.446    0    0  (Gen:  0)
 30156168      4472  67520720  0.000  0.000 1017.234  138.483    0    0  (Gen:  0)
 30746728      4632  67521360  0.000  0.000 1017.609  138.520    0    0  (Gen:  0)
 30794056      3840  67521208  0.000  0.000 1017.859  138.558    0    0  (Gen:  0)
 27401360      4840  67522784  0.000  0.000 1018.094  138.590    0    0  (Gen:  0)
 30049088      5400  67523888  0.000  0.000 1018.453  138.628    0    0  (Gen:  0)
 31208448      4320  67523384  0.000  0.000 1018.672  138.666    0    0  (Gen:  0)
 23218792      4640  67524280  0.000  0.000 1018.859  138.693    0    0  (Gen:  0)
 30084096      4344  67524400  0.000  0.000 1019.094  138.729    0    0  (Gen:  0)
 30700640      4816  67525448  0.000  0.000 1019.453  138.767    0    0  (Gen:  0)
 31243704      6184  67527392  0.000  0.000 1019.688  138.805    0    0  (Gen:  0)
 31695560      4520  67526432  0.000  0.000 1020.047  138.843    0    0  (Gen:  0)
 17005928      4344  67526800  0.000  0.000 1020.094  138.884    0    0  (Gen:  0)
 28651664      4328  67527232  0.000  0.000 1020.328  138.918    0    0  (Gen:  0)
 19686280      4032  67527624  0.000  0.000 1020.500  138.942    0    0  (Gen:  0)
 30554536      4552  67528592  0.000  0.000 1020.750  138.979    0    0  (Gen:  0)
 30358712      4848  67529464  0.000  0.000 1021.109  139.016    0    0  (Gen:  0)
 30180080      4400  67529624  0.000  0.000 1021.328  139.052    0    0  (Gen:  0)
 30228184      4632  67530432  0.000  0.000 1021.578  139.088    0    0  (Gen:  0)
 31705424      4576  67531048  0.000  0.000 1021.938  139.126    0    0  (Gen:  0)
 28359872      4520  67531664  0.000  0.000 1022.156  139.160    0    0  (Gen:  0)
 30487712      4888  67532512  0.000  0.000 1022.406  139.198    0    0  (Gen:  0)
 27517720      5424  67533624  0.000  0.000 1022.656  139.231    0    0  (Gen:  0)
 31077696      4912  67533528  0.000  0.000 1023.031  139.269    0    0  (Gen:  0)
 30749392  64437536  67460472  0.109  0.027 1023.375  139.334    0    0  (Gen:  1)
 30708960      5408  67461672  0.000  0.000 1023.625  139.372    0    0  (Gen:  0)
 30742056      4296  67461136  0.000  0.000 1023.984  139.409    0    0  (Gen:  0)
 30856720      5072  67462456  0.000  0.000 1024.234  139.447    0    0  (Gen:  0)
 31081040      4816  67462776  0.000  0.000 1024.609  139.486    0    0  (Gen:  0)
 29653648      5264  67463768  0.000  0.000 1024.859  139.523    0    0  (Gen:  0)
 30909896      6912  67465928  0.000  0.000 1025.078  139.560    0    0  (Gen:  0)
 30233280      4832  67464328  0.000  0.000 1025.453  139.597    0    0  (Gen:  0)
 31348544      5744  67465784  0.000  0.000 1025.703  139.636    0    0  (Gen:  0)
 30398616      5552  67466072  0.000  0.000 1026.047  139.673    0    0  (Gen:  0)
 30244328      4256  67465320  0.000  0.000 1026.297  139.710    0    0  (Gen:  0)
 30649536      4648  67466288  0.000  0.000 1026.547  139.748    0    0  (Gen:  0)
 27270592      4336  67466424  0.000  0.000 1026.875  139.781    0    0  (Gen:  0)
 29422800      5752  67468256  0.000  0.000 1027.109  139.818    0    0  (Gen:  0)
 31210264      6152  67469136  0.000  0.000 1027.359  139.856    0    0  (Gen:  0)
 27804544      5696  67469192  0.000  0.000 1027.719  139.890    0    0  (Gen:  0)
 31343416      5240  67469152  0.000  0.000 1027.953  139.928    0    0  (Gen:  0)
 31380400      4328  67501480  0.000  0.000 1028.203  139.966    0    0  (Gen:  0)
 32193456      4720  67502544  0.000  0.000 1028.578  140.004    0    0  (Gen:  0)
 31902272      4624  67503056  0.000  0.000 1028.812  140.042    0    0  (Gen:  0)
 30139008      4680  67503752  0.000  0.000 1029.188  140.078    0    0  (Gen:  0)
 30797320      5096  67504744  0.000  0.000 1029.438  140.115    0    0  (Gen:  0)
 30549384      5208  67505536  0.000  0.000 1029.688  140.152    0    0  (Gen:  0)
 30804616      6488  67507424  0.000  0.000 1030.047  140.189    0    0  (Gen:  0)
 28135056      5496  67507072  0.000  0.000 1030.266  140.220    0    0  (Gen:  0)
 26934312      6816  67509896  0.000  0.000 1030.516  140.249    0    0  (Gen:  0)
 31030568      4224  67509960  0.000  0.000 1030.750  140.287    0    0  (Gen:  0)
 30563312      6104  67512672  0.000  0.000 1031.000  140.326    0    0  (Gen:  0)
 30012040      4448  67511624  0.000  0.000 1031.375  140.363    0    0  (Gen:  0)
 28545752      6560  67514120  0.000  0.000 1031.594  140.398    0    0  (Gen:  0)
 30435768      5832  67513840  0.000  0.000 1031.953  140.436    0    0  (Gen:  0)
 30388088  64372352  67428056  0.125  0.027 1032.328  140.501    0    0  (Gen:  1)
 29446152      4232  67428440  0.000  0.000 1032.547  140.537    0    0  (Gen:  0)
 30263816      4736  67429360  0.000  0.000 1032.797  140.574    0    0  (Gen:  0)
 30657136      4728  67429768  0.000  0.000 1033.172  140.612    0    0  (Gen:  0)
 29230640      4472  67430024  0.000  0.000 1033.422  140.648    0    0  (Gen:  0)
 29578224      4592  67430656  0.000  0.000 1033.672  140.684    0    0  (Gen:  0)
 28287904      4488  67431064  0.000  0.000 1034.031  140.720    0    0  (Gen:  0)
 30424592      4648  67431704  0.000  0.000 1034.281  140.757    0    0  (Gen:  0)
 29659096      4648  67432216  0.000  0.000 1034.516  140.793    0    0  (Gen:  0)
 31722632      4936  67433112  0.000  0.000 1034.859  140.832    0    0  (Gen:  0)
 29765400      5432  67434120  0.000  0.000 1035.062  140.868    0    0  (Gen:  0)
 28270032      4888  67434120  0.000  0.000 1035.297  140.902    0    0  (Gen:  0)
 30766264      4928  67434640  0.000  0.000 1035.672  140.940    0    0  (Gen:  0)
 30529560      4984  67435240  0.000  0.000 1035.922  140.978    0    0  (Gen:  0)
 26792624      5600  67436368  0.000  0.000 1036.109  141.010    0    0  (Gen:  0)
 25531056      4208  67435392  0.000  0.000 1036.266  141.042    0    0  (Gen:  0)
 31654648      4992  67436592  0.000  0.000 1036.625  141.082    0    0  (Gen:  0)
 30861936      4560  67436704  0.000  0.000 1036.875  141.121    0    0  (Gen:  0)
 31188448      4304  67436960  0.000  0.000 1037.234  141.159    0    0  (Gen:  0)
 29038664      4856  67438056  0.000  0.000 1037.469  141.195    0    0  (Gen:  0)
 30301992      4272  67438016  0.000  0.000 1037.828  141.233    0    0  (Gen:  0)
 30740832      4232  67438520  0.000  0.000 1038.078  141.271    0    0  (Gen:  0)
 31018544      4224  67438992  0.000  0.000 1038.312  141.309    0    0  (Gen:  0)
 31161248      4400  67439744  0.000  0.000 1038.688  141.348    0    0  (Gen:  0)
 28982976      4184  67440136  0.000  0.000 1038.922  141.385    0    0  (Gen:  0)
 29559936      4784  67441152  0.000  0.000 1039.266  141.422    0    0  (Gen:  0)
 30776432      5320  67442136  0.000  0.000 1039.500  141.460    0    0  (Gen:  0)
 30734944      4712  67442008  0.000  0.000 1039.859  141.499    0    0  (Gen:  0)
 20153544      5808  67443584  0.000  0.000 1039.938  141.542    0    0  (Gen:  0)
 25842048      4136  67442360  0.000  0.000 1040.078  141.575    0    0  (Gen:  0)
 28508016      4968  67443672  0.000  0.000 1040.438  141.610    0    0  (Gen:  0)
 30894448  64323864  67379568  0.125  0.030 1040.812  141.678    0    0  (Gen:  1)
 30111848      6912  67381896  0.000  0.000 1041.047  141.716    0    0  (Gen:  0)
 29509344      5088  67380600  0.000  0.000 1041.422  141.753    0    0  (Gen:  0)
 30216064      5176  67381200  0.000  0.000 1041.656  141.790    0    0  (Gen:  0)
 30730824      6176  67382744  0.000  0.000 1041.984  141.828    0    0  (Gen:  0)
 25444048      4648  67381696  0.000  0.000 1042.234  141.859    0    0  (Gen:  0)
 30236112      5976  67384144  0.000  0.000 1042.469  141.895    0    0  (Gen:  0)
 27855280      4392  67383488  0.000  0.000 1042.672  141.928    0    0  (Gen:  0)
 30113400      5160  67384736  0.000  0.000 1042.906  141.964    0    0  (Gen:  0)
 29483696      4024  67384208  0.000  0.000 1043.266  142.000    0    0  (Gen:  0)
 31489888      4448  67385144  0.000  0.000 1043.484  142.039    0    0  (Gen:  0)
 30114440      4224  67385592  0.000  0.000 1043.734  142.075    0    0  (Gen:  0)
 30912048      4392  67386368  0.000  0.000 1044.078  142.112    0    0  (Gen:  0)
 27656904      4320  67386872  0.000  0.000 1044.312  142.144    0    0  (Gen:  0)
 29266032      5272  67388368  0.000  0.000 1044.562  142.179    0    0  (Gen:  0)
 30691184      4880  67388552  0.000  0.000 1044.812  142.216    0    0  (Gen:  0)
 29498088      4816  67389096  0.000  0.000 1045.188  142.251    0    0  (Gen:  0)
 29428768      5320  67390240  0.000  0.000 1045.406  142.286    0    0  (Gen:  0)
 29053696      6728  67392192  0.000  0.000 1045.656  142.320    0    0  (Gen:  0)
 29207296      5424  67391560  0.000  0.000 1045.906  142.355    0    0  (Gen:  0)
 30247512      5504  67392280  0.000  0.000 1046.281  142.391    0    0  (Gen:  0)
 31193912      5968  67393384  0.000  0.000 1046.531  142.428    0    0  (Gen:  0)
 30658416      5408  67393432  0.000  0.000 1046.781  142.464    0    0  (Gen:  0)
 27846472      4768  67393496  0.000  0.000 1047.031  142.497    0    0  (Gen:  0)
 31816288      7568  67396904  0.000  0.000 1047.391  142.535    0    0  (Gen:  0)
 31550152      4960  67394904  0.000  0.000 1047.625  142.573    0    0  (Gen:  0)
 30355104      5784  67396240  0.000  0.000 1048.000  142.609    0    0  (Gen:  0)
 30227552      4784  67395816  0.000  0.000 1048.234  142.644    0    0  (Gen:  0)
 31218016      5776  67397352  0.000  0.000 1048.469  142.681    0    0  (Gen:  0)
 30513048  64267368  67323072  0.016  0.027 1048.859  142.745    0    0  (Gen:  1)
 30580336      5312  67355776  0.000  0.000 1049.188  142.780    0    0  (Gen:  0)
 32266912      7640  67358584  0.000  0.000 1049.438  142.817    0    0  (Gen:  0)
 30705416      6512  67358096  0.000  0.000 1049.672  142.853    0    0  (Gen:  0)
 27913120      5688  67357784  0.000  0.000 1049.906  142.886    0    0  (Gen:  0)
 30138608      7248  67359768  0.000  0.000 1050.234  142.921    0    0  (Gen:  0)
 30081536      6864  67359992  0.000  0.000 1050.469  142.955    0    0  (Gen:  0)
 30590920      5536  67359240  0.000  0.000 1050.703  142.992    0    0  (Gen:  0)
 31093088      4792  67359056  0.000  0.000 1051.062  143.030    0    0  (Gen:  0)
 31367336      6704  67361448  0.000  0.000 1051.297  143.067    0    0  (Gen:  0)
 31055656      5080  67360304  0.000  0.000 1051.547  143.105    0    0  (Gen:  0)
 31497320      4984  67360688  0.000  0.000 1051.906  143.142    0    0  (Gen:  0)
 30953368      4576  67360856  0.000  0.000 1052.156  143.180    0    0  (Gen:  0)
 30898752      5400  67362224  0.000  0.000 1052.406  143.216    0    0  (Gen:  0)
 29253848      6104  67363568  0.000  0.000 1052.750  143.252    0    0  (Gen:  0)
 27412880      4976  67363048  0.000  0.000 1052.984  143.284    0    0  (Gen:  0)
 25201200      6200  67397672  0.000  0.000 1053.234  143.312    0    0  (Gen:  0)
 29112368      4944  67397824  0.000  0.000 1053.484  143.348    0    0  (Gen:  0)
 29064136      6104  67399496  0.000  0.000 1053.734  143.383    0    0  (Gen:  0)
 29585232      5152  67399096  0.000  0.000 1053.984  143.418    0    0  (Gen:  0)
 30757944      5400  67399888  0.000  0.000 1054.328  143.455    0    0  (Gen:  0)
 28955272      5152  67400184  0.000  0.000 1054.578  143.490    0    0  (Gen:  0)
 30310872      5368  67400880  0.000  0.000 1054.828  143.527    0    0  (Gen:  0)
 30778144      5136  67401128  0.000  0.000 1055.203  143.564    0    0  (Gen:  0)
 27826424      5304  67401872  0.000  0.000 1055.406  143.598    0    0  (Gen:  0)
 29005512      6120  67403168  0.000  0.000 1055.656  143.633    0    0  (Gen:  0)
 25327472      5832  67403376  0.000  0.000 1055.891  143.664    0    0  (Gen:  0)
 29882176      4368  67402360  0.000  0.000 1056.109  143.700    0    0  (Gen:  0)
 30456664      4408  67402944  0.000  0.000 1056.469  143.737    0    0  (Gen:  0)
 30449376      5704  67404688  0.000  0.000 1056.703  143.774    0    0  (Gen:  0)
 29291384      5208  67404672  0.000  0.000 1056.938  143.810    0    0  (Gen:  0)
 30694264      4224  67404264  0.000  0.000 1057.312  143.847    0    0  (Gen:  0)
 29287544  64208808  67330048  0.109  0.029 1057.656  143.911    0    0  (Gen:  1)
 28656232      4648  67329976  0.000  0.000 1057.906  143.946    0    0  (Gen:  0)
 27154320      5536  67331376  0.000  0.000 1058.141  143.978    0    0  (Gen:  0)
 30648552      5368  67331624  0.000  0.000 1058.516  144.016    0    0  (Gen:  0)
 29847816      4832  67331632  0.000  0.000 1058.766  144.052    0    0  (Gen:  0)
 21642984      5736  67333048  0.000  0.012 1058.906  144.094    0    0  (Gen:  0)
 26848056      6896  67334720  0.000  0.000 1059.156  144.127    0    0  (Gen:  0)
 16790600      4672  67333072  0.000  0.000 1059.234  144.146    0    0  (Gen:  0)
 30360720      4744  67333496  0.000  0.000 1059.469  144.183    0    0  (Gen:  0)
 30198480      6088  67335336  0.000  0.000 1059.828  144.220    0    0  (Gen:  0)
 31069560      6344  67336040  0.000  0.000 1060.062  144.257    0    0  (Gen:  0)
 29983688      5336  67335576  0.000  0.000 1060.297  144.293    0    0  (Gen:  0)
 31104800      5872  67336624  0.000  0.000 1060.672  144.332    0    0  (Gen:  0)
 30338072      4840  67336152  0.000  0.000 1060.922  144.369    0    0  (Gen:  0)
 30051480      4632  67336424  0.000  0.000 1061.281  144.406    0    0  (Gen:  0)
 29826360      4824  67337096  0.000  0.000 1061.516  144.443    0    0  (Gen:  0)
 30401784      5384  67338136  0.000  0.000 1061.766  144.480    0    0  (Gen:  0)
 30330392      5096  67338328  0.000  0.000 1062.125  144.518    0    0  (Gen:  0)
 29701640      6672  67340384  0.000  0.000 1062.359  144.554    0    0  (Gen:  0)
 30801816      6296  67340360  0.000  0.000 1062.719  144.592    0    0  (Gen:  0)
 30147480      6728  67341336  0.000  0.000 1062.969  144.629    0    0  (Gen:  0)
 30595336      5368  67340488  0.000  0.000 1063.219  144.666    0    0  (Gen:  0)
 29812368      4920  67340520  0.000  0.000 1063.578  144.702    0    0  (Gen:  0)
 30853224      4136  67340248  0.000  0.000 1063.828  144.740    0    0  (Gen:  0)
 25206376      6008  67342696  0.000  0.000 1064.078  144.769    0    0  (Gen:  0)
 30375168      5376  67343440  0.000  0.000 1064.312  144.806    0    0  (Gen:  0)
 27945936      4952  67343720  0.000  0.000 1064.562  144.839    0    0  (Gen:  0)
 29563016      4512  67343824  0.000  0.000 1064.938  144.875    0    0  (Gen:  0)
 29070840      5232  67345216  0.000  0.000 1065.188  144.910    0    0  (Gen:  0)
 25673512      5336  67345896  0.000  0.000 1065.422  144.939    0    0  (Gen:  0)
 29909168      5632  67346768  0.000  0.000 1065.672  144.975    0    0  (Gen:  0)
 26892464      5464  67347176  0.000  0.000 1065.922  145.006    0    0  (Gen:  0)
 27212648      4648  67346904  0.000  0.000 1066.141  145.038    0    0  (Gen:  0)
 28829016      4664  67347496  0.000  0.000 1066.391  145.072    0    0  (Gen:  0)
 30628680      5520  67348960  0.000  0.000 1066.766  145.109    0    0  (Gen:  0)
 29126320  64150224  67271464  0.047  0.028 1067.062  145.171    0    0  (Gen:  1)
 30105872      5112  67269624  0.000  0.000 1067.281  145.208    0    0  (Gen:  0)
 30964504      6064  67271088  0.000  0.000 1067.531  145.245    0    0  (Gen:  0)
 31114080      5256  67270824  0.000  0.000 1067.891  145.283    0    0  (Gen:  0)
 30756504      4760  67270840  0.000  0.000 1068.141  145.321    0    0  (Gen:  0)
 25780328      5056  67271744  0.000  0.000 1068.391  145.350    0    0  (Gen:  0)
 29814432      4600  67272696  0.000  0.000 1068.625  145.387    0    0  (Gen:  0)
 30214088      5560  67274232  0.000  0.000 1068.969  145.424    0    0  (Gen:  0)
 29957648      4880  67274096  0.000  0.000 1069.203  145.461    0    0  (Gen:  0)
 29261136      4800  67274432  0.000  0.000 1069.453  145.498    0    0  (Gen:  0)
 29463048      4344  67274456  0.000  0.000 1069.797  145.534    0    0  (Gen:  0)
 30989824      4488  67275064  0.000  0.000 1070.031  145.573    0    0  (Gen:  0)
 30269192      5168  67276192  0.000  0.000 1070.406  145.610    0    0  (Gen:  0)
 30341064      5664  67277168  0.000  0.000 1070.656  145.647    0    0  (Gen:  0)
 29137928      4688  67276576  0.000  0.000 1070.891  145.683    0    0  (Gen:  0)
 30714936      5000  67277352  0.000  0.000 1071.266  145.721    0    0  (Gen:  0)
 31010576      5248  67278016  0.000  0.000 1071.516  145.759    0    0  (Gen:  0)
 30237496      4912  67278160  0.000  0.000 1071.875  145.795    0    0  (Gen:  0)
 30445656      5016  67278648  0.000  0.000 1072.094  145.833    0    0  (Gen:  0)
 29953496      5136  67279184  0.000  0.000 1072.344  145.869    0    0  (Gen:  0)
 29557560      5328  67279792  0.000  0.000 1072.703  145.906    0    0  (Gen:  0)
 28928416      4616  67279496  0.000  0.000 1072.891  145.941    0    0  (Gen:  0)
 28818416      3984  67279344  0.000  0.000 1073.125  145.977    0    0  (Gen:  0)
 27060840      4688  67280432  0.000  0.000 1073.344  146.008    0    0  (Gen:  0)
 28294608      5024  67281696  0.000  0.000 1073.578  146.041    0    0  (Gen:  0)
 31089864      4224  67282080  0.000  0.000 1073.938  146.080    0    0  (Gen:  0)
 30902680      4232  67282632  0.000  0.000 1074.188  146.117    0    0  (Gen:  0)
 30111880      5200  67284208  0.000  0.000 1074.547  146.154    0    0  (Gen:  0)
 29072312      4536  67284088  0.000  0.000 1074.781  146.190    0    0  (Gen:  0)
 30274128      4296  67284360  0.000  0.000 1075.031  146.227    0    0  (Gen:  0)
 30045464      4680  67285224  0.000  0.000 1075.281  146.264    0    0  (Gen:  0)
 29944928  64093176  67214416  0.031  0.027 1075.688  146.327    0    0  (Gen:  1)
 30231704      5824  67215392  0.000  0.000 1075.938  146.365    0    0  (Gen:  0)
 30751680      4592  67214640  0.000  0.000 1076.188  146.403    0    0  (Gen:  0)
 31142136      3736  67214296  0.000  0.000 1076.547  146.441    0    0  (Gen:  0)
 30017456      4920  67215992  0.000  0.000 1076.797  146.478    0    0  (Gen:  0)
 25132192      4576  67216256  0.000  0.000 1076.984  146.509    0    0  (Gen:  0)
 30193384      4296  67216360  0.000  0.000 1077.344  146.546    0    0  (Gen:  0)
 29716800      6184  67218792  0.000  0.000 1077.594  146.582    0    0  (Gen:  0)
 29863200      4032  67217216  0.000  0.000 1077.844  146.619    0    0  (Gen:  0)
 20063736      3904  67217600  0.000  0.001 1078.016  146.662    0    0  (Gen:  0)
 26633680      4184  67218296  0.000  0.000 1078.172  146.698    0    0  (Gen:  0)
 26136792      4288  67219024  0.000  0.000 1078.391  146.730    0    0  (Gen:  0)
 30713048      4936  67220296  0.000  0.000 1078.750  146.768    0    0  (Gen:  0)
 28582960      5424  67221296  0.000  0.000 1079.000  146.803    0    0  (Gen:  0)
 30171008      4352  67220704  0.000  0.000 1079.234  146.840    0    0  (Gen:  0)
 28768808      5256  67222120  0.000  0.000 1079.594  146.875    0    0  (Gen:  0)
 29922552      5064  67222504  0.000  0.000 1079.844  146.912    0    0  (Gen:  0)
 28331992      4512  67222464  0.000  0.000 1080.047  146.947    0    0  (Gen:  0)
 30043848      3832  67222296  0.000  0.000 1080.406  146.984    0    0  (Gen:  0)
 26994672      6032  67225040  0.000  0.000 1080.656  147.016    0    0  (Gen:  0)
 30244384      3968  67223456  0.000  0.000 1080.906  147.053    0    0  (Gen:  0)
 30742088      4656  67224720  0.000  0.000 1081.141  147.092    0    0  (Gen:  0)
 30816080      5016  67225688  0.000  0.000 1081.516  147.130    0    0  (Gen:  0)
 31184208      4000  67225216  0.000  0.000 1081.766  147.168    0    0  (Gen:  0)
 30536760      4600  67226488  0.000  0.000 1082.109  147.206    0    0  (Gen:  0)
 30271272      4488  67226888  0.000  0.000 1082.359  147.243    0    0  (Gen:  0)
 27964184  64047592  67168832  0.141  0.027 1082.734  147.305    0    0  (Gen:  1)
 29972936      4296  67169040  0.000  0.000 1082.969  147.342    0    0  (Gen:  0)
 31357576      4744  67170064  0.000  0.000 1083.297  147.380    0    0  (Gen:  0)
 31154336      4008  67169904  0.000  0.000 1083.547  147.418    0    0  (Gen:  0)
 29709176      4776  67171248  0.000  0.000 1083.891  147.455    0    0  (Gen:  0)
 29026112      3792  67170808  0.000  0.000 1084.125  147.491    0    0  (Gen:  0)
 31214968      4032  67171624  0.000  0.000 1084.453  147.530    0    0  (Gen:  0)
 30069960      4624  67172760  0.000  0.000 1084.688  147.567    0    0  (Gen:  0)
 29947344      4160  67172808  0.000  0.000 1084.938  147.604    0    0  (Gen:  0)
 31566232      5024  67174120  0.000  0.000 1085.312  147.643    0    0  (Gen:  0)
 29680056      6120  67175824  0.000  0.000 1085.547  147.680    0    0  (Gen:  0)
 30423864      4424  67174640  0.000  0.000 1085.922  147.718    0    0  (Gen:  0)
 28634824      5368  67176160  0.000  0.000 1086.172  147.752    0    0  (Gen:  0)
 30500952      6488  67177760  0.000  0.000 1086.422  147.790    0    0  (Gen:  0)
 30402792      3960  67175808  0.000  0.000 1086.781  147.827    0    0  (Gen:  0)
 31480424      5048  67210104  0.000  0.000 1087.031  147.865    0    0  (Gen:  0)
 31098072      4424  67209992  0.000  0.000 1087.281  147.903    0    0  (Gen:  0)
 29710104      5056  67211104  0.000  0.000 1087.594  147.938    0    0  (Gen:  0)
 28838672      5608  67212168  0.000  0.000 1087.828  147.973    0    0  (Gen:  0)
 31513232      7040  67214192  0.000  0.000 1088.078  148.012    0    0  (Gen:  0)
 29628024      5432  67213152  0.000  0.000 1088.453  148.048    0    0  (Gen:  0)
 29576048      4048  67212344  0.000  0.000 1088.703  148.083    0    0  (Gen:  0)
 29402040      5968  67214840  0.000  0.000 1088.938  148.119    0    0  (Gen:  0)
 28563136      4216  67213568  0.000  0.000 1089.312  148.154    0    0  (Gen:  0)
 31623304      4464  67214264  0.000  0.000 1089.547  148.193    0    0  (Gen:  0)
 30189912      4928  67215336  0.000  0.000 1089.781  148.230    0    0  (Gen:  0)
 30039296      5856  67216808  0.000  0.000 1090.141  148.268    0    0  (Gen:  0)
 27669592      5784  67217248  0.000  0.000 1090.391  148.300    0    0  (Gen:  0)
 20582864  63996616  67183384  0.141  0.027 1090.656  148.350    0    0  (Gen:  1)
 31153904      5464  67184872  0.000  0.000 1090.906  148.388    0    0  (Gen:  0)
 29689352      5712  67185784  0.000  0.000 1091.250  148.424    0    0  (Gen:  0)
 30524504      4880  67185560  0.000  0.000 1091.500  148.461    0    0  (Gen:  0)
 28362288      4304  67185592  0.000  0.000 1091.734  148.496    0    0  (Gen:  0)
 26468192      5608  67187504  0.000  0.000 1091.984  148.526    0    0  (Gen:  0)
 28580200      5552  67188856  0.000  0.000 1092.344  148.561    0    0  (Gen:  0)
 27001544      5160  67189168  0.000  0.000 1092.594  148.594    0    0  (Gen:  0)
 28041768      4680  67189680  0.000  0.000 1092.844  148.627    0    0  (Gen:  0)
 30080800      4312  67190432  0.000  0.000 1093.094  148.665    0    0  (Gen:  0)
 28840912      4296  67190992  0.000  0.000 1093.328  148.701    0    0  (Gen:  0)
 30569096      4912  67192216  0.000  0.000 1093.688  148.738    0    0  (Gen:  0)
 31564048      3712  67191688  0.000  0.000 1093.938  148.778    0    0  (Gen:  0)
 30538920      4432  67192952  0.000  0.000 1094.312  148.816    0    0  (Gen:  0)
 30406024      4440  67193536  0.000  0.000 1094.562  148.854    0    0  (Gen:  0)
 29292880      4400  67193944  0.000  0.000 1094.922  148.891    0    0  (Gen:  0)
 31291488      5008  67195064  0.000  0.000 1095.156  148.930    0    0  (Gen:  0)
 29497456      4192  67194792  0.000  0.000 1095.406  148.966    0    0  (Gen:  0)
 28710984      4392  67195472  0.000  0.000 1095.750  149.001    0    0  (Gen:  0)
 27749448      4568  67196128  0.000  0.000 1095.984  149.037    0    0  (Gen:  0)
 28174392      5760  67197832  0.000  0.000 1096.203  149.071    0    0  (Gen:  0)
 31325848      4488  67196976  0.000  0.000 1096.578  149.110    0    0  (Gen:  0)
 30934904      4360  67197360  0.000  0.000 1096.828  149.149    0    0  (Gen:  0)
 30271304      4720  67198296  0.000  0.000 1097.188  149.186    0    0  (Gen:  0)
 25842896      4864  67198952  0.000  0.000 1097.422  149.245    0    0  (Gen:  0)
 28509728      5432  67199936  0.000  0.000 1097.688  149.281    0    0  (Gen:  0)
 30642912      4784  67199672  0.000  0.000 1097.938  149.319    0    0  (Gen:  0)
 30991816      4336  67199768  0.000  0.000 1098.188  149.357    0    0  (Gen:  0)
 29713384  63941344  67128120  0.031  0.027 1098.594  149.421    0    0  (Gen:  1)
 31183496      5000  67129200  0.000  0.000 1098.844  149.460    0    0  (Gen:  0)
 29536512      4088  67128832  0.000  0.000 1099.078  149.496    0    0  (Gen:  0)
 30507608      4056  67129248  0.000  0.000 1099.453  149.535    0    0  (Gen:  0)
 27847128      4376  67130048  0.000  0.000 1099.672  149.567    0    0  (Gen:  0)
 30792152      4520  67130672  0.000  0.000 1099.922  149.606    0    0  (Gen:  0)
 29527088      4712  67131344  0.000  0.000 1100.297  149.642    0    0  (Gen:  0)
 30635392      4392  67131504  0.000  0.000 1100.531  149.680    0    0  (Gen:  0)
 29408104      4280  67131968  0.000  0.000 1100.766  149.717    0    0  (Gen:  0)
 28302672      4040  67132208  0.000  0.000 1101.125  149.752    0    0  (Gen:  0)
 30428680      4272  67133016  0.000  0.000 1101.375  149.789    0    0  (Gen:  0)
 30434704      5032  67134352  0.000  0.000 1101.750  149.827    0    0  (Gen:  0)
 30134216      5008  67134840  0.000  0.000 1101.984  149.864    0    0  (Gen:  0)
 30140792      6488  67136800  0.000  0.000 1102.219  149.901    0    0  (Gen:  0)
 31047544      5944  67136832  0.000  0.000 1102.578  149.939    0    0  (Gen:  0)
 29571848      4488  67135888  0.000  0.000 1102.828  149.975    0    0  (Gen:  0)
 27561600      4320  67136200  0.000  0.000 1103.062  150.008    0    0  (Gen:  0)
 28171696      6120  67138512  0.000  0.000 1103.297  150.042    0    0  (Gen:  0)
 30889064      4688  67137560  0.000  0.000 1103.656  150.080    0    0  (Gen:  0)
 30483752      4416  67137880  0.000  0.000 1103.906  150.117    0    0  (Gen:  0)
 30779528      4408  67138448  0.000  0.000 1104.281  150.155    0    0  (Gen:  0)
 25594080      6576  67141192  0.000  0.000 1104.391  150.184    0    0  (Gen:  0)
 30838336      4464  67140392  0.000  0.000 1104.719  150.221    0    0  (Gen:  0)
 31794032      5112  67141904  0.000  0.000 1104.969  150.260    0    0  (Gen:  0)
 30357568      5368  67142800  0.000  0.000 1105.344  150.296    0    0  (Gen:  0)
 31181856      5528  67143696  0.000  0.000 1105.594  150.334    0    0  (Gen:  0)
 29613688      5048  67143824  0.000  0.000 1105.844  150.369    0    0  (Gen:  0)
 30463944      5280  67144728  0.000  0.000 1106.188  150.405    0    0  (Gen:  0)
 31543904      5880  67145936  0.000  0.000 1106.422  150.443    0    0  (Gen:  0)
 31067304      5896  67146624  0.000  0.000 1106.656  150.480    0    0  (Gen:  0)
 31381424      5384  67146720  0.000  0.000 1107.031  150.517    0    0  (Gen:  0)
 30605544      6248  67148192  0.000  0.000 1107.250  150.554    0    0  (Gen:  0)
 29103032  63880744  67067520  0.125  0.028 1107.594  150.617    0    0  (Gen:  1)
 30812416      5568  67068440  0.000  0.000 1107.844  150.653    0    0  (Gen:  0)
 29584160      5688  67069296  0.000  0.000 1108.203  150.688    0    0  (Gen:  0)
 30488608      4288  67068408  0.000  0.000 1108.453  150.723    0    0  (Gen:  0)
 31060064      5384  67070144  0.000  0.000 1108.703  150.759    0    0  (Gen:  0)
 31007408      5896  67071328  0.000  0.000 1108.953  150.795    0    0  (Gen:  0)
 30512576      6448  67072552  0.000  0.000 1109.328  150.831    0    0  (Gen:  0)
 30082160      6688  67073400  0.000  0.000 1109.578  150.866    0    0  (Gen:  0)
 31158864      6008  67073328  0.000  0.000 1109.828  150.902    0    0  (Gen:  0)
 31596152      6280  67074240  0.000  0.000 1110.203  150.940    0    0  (Gen:  0)
 28562112      5272  67073872  0.000  0.000 1110.453  150.973    0    0  (Gen:  0)
 30851832      4976  67074056  0.000  0.000 1110.672  151.008    0    0  (Gen:  0)
 28464432      7504  67077160  0.000  0.000 1110.906  151.041    0    0  (Gen:  0)
 25922936      6696  67077184  0.000  0.000 1111.125  151.069    0    0  (Gen:  0)
 28807144      4840  67076544  0.000  0.000 1111.375  151.103    0    0  (Gen:  0)
 29857536      5424  67077672  0.000  0.000 1111.625  151.138    0    0  (Gen:  0)
 29070208      4936  67077760  0.000  0.000 1111.938  151.173    0    0  (Gen:  0)
 29651304      5568  67078840  0.000  0.000 1112.172  151.209    0    0  (Gen:  0)
 29912872      4776  67078528  0.000  0.000 1112.422  151.246    0    0  (Gen:  0)
 30865152      7672  67081840  0.000  0.000 1112.766  151.283    0    0  (Gen:  0)
 30860296      5784  67080496  0.000  0.000 1113.000  151.321    0    0  (Gen:  0)
 30523904      5024  67080152  0.000  0.000 1113.250  151.358    0    0  (Gen:  0)
 28621240      6488  67082096  0.000  0.000 1113.516  151.393    0    0  (Gen:  0)
 31131136      5552  67081544  0.000  0.000 1113.750  151.431    0    0  (Gen:  0)
 30538792      6328  67082800  0.000  0.000 1114.125  151.468    0    0  (Gen:  0)
 29905392      5136  67082088  0.000  0.000 1114.375  151.504    0    0  (Gen:  0)
 31302928      5144  67082608  0.000  0.000 1114.578  151.542    0    0  (Gen:  0)
 30913616      5408  67083352  0.000  0.000 1114.938  151.580    0    0  (Gen:  0)
 29834320      4816  67083336  0.000  0.000 1115.188  151.615    0    0  (Gen:  0)
 30786096      4296  67083360  0.000  0.000 1115.422  151.652    0    0  (Gen:  0)
 28825536      5472  67085160  0.000  0.000 1115.766  151.687    0    0  (Gen:  0)
 30176608      5464  67085600  0.000  0.000 1115.984  151.723    0    0  (Gen:  0)
 31127104      4752  67085336  0.000  0.000 1116.234  151.760    0    0  (Gen:  0)
 29549016      6472  67087600  0.000  0.000 1116.609  151.796    0    0  (Gen:  0)
 30193712  63818592  67005368  0.125  0.030 1116.984  151.862    0    0  (Gen:  1)
  4569400      4624  67005576  0.000  0.000 1116.984  151.883    0    0  (Gen:  0)
 24412704      8960  67013680  0.000  0.000 1117.188  151.913    0    0  (Gen:  0)
 29048992      4720  67013760  0.000  0.000 1117.406  151.948    0    0  (Gen:  0)
 30718680      4288  67013776  0.000  0.000 1117.781  151.986    0    0  (Gen:  0)
 28245968      5368  67015368  0.000  0.000 1118.031  152.019    0    0  (Gen:  0)
 30484352      5544  67016088  0.000  0.000 1118.266  152.057    0    0  (Gen:  0)
 28346368      5376  67016400  0.000  0.000 1118.484  152.092    0    0  (Gen:  0)
 28571136      4336  67015776  0.000  0.000 1118.844  152.126    0    0  (Gen:  0)
 30028352      5640  67017560  0.000  0.000 1119.094  152.162    0    0  (Gen:  0)
 31271032      5408  67017904  0.000  0.000 1119.344  152.200    0    0  (Gen:  0)
 25184176      5824  67018896  0.000  0.000 1119.594  152.230    0    0  (Gen:  0)
 31616216      5056  67051976  0.000  0.000 1119.969  152.268    0    0  (Gen:  0)
 28942928      5568  67053320  0.000  0.000 1120.219  152.303    0    0  (Gen:  0)
 30294944      4152  67052424  0.000  0.000 1120.453  152.340    0    0  (Gen:  0)
 23736496      5536  67054352  0.000  0.000 1120.641  152.368    0    0  (Gen:  0)
 30363592      4656  67053888  0.000  0.000 1121.016  152.405    0    0  (Gen:  0)
 30493864      5168  67054912  0.000  0.000 1121.250  152.443    0    0  (Gen:  0)
 30772024      4776  67055064  0.000  0.000 1121.500  152.481    0    0  (Gen:  0)
 29465256      4792  67055528  0.000  0.000 1121.875  152.517    0    0  (Gen:  0)
 30112112      5352  67056632  0.000  0.000 1122.125  152.554    0    0  (Gen:  0)
 29739112      4632  67056360  0.000  0.000 1122.359  152.591    0    0  (Gen:  0)
 29612840      5456  67057664  0.000  0.000 1122.734  152.627    0    0  (Gen:  0)
 30251152      5200  67057856  0.000  0.000 1122.984  152.664    0    0  (Gen:  0)
 26362856      4528  67057632  0.000  0.000 1123.188  152.696    0    0  (Gen:  0)
 30407456      6664  67060328  0.000  0.000 1123.547  152.734    0    0  (Gen:  0)
 30816272      5432  67059512  0.000  0.000 1123.797  152.771    0    0  (Gen:  0)
 29804256      5776  67060336  0.000  0.000 1124.047  152.808    0    0  (Gen:  0)
 28836088      5968  67060944  0.000  0.000 1124.375  152.844    0    0  (Gen:  0)
 30619304      6128  67061456  0.000  0.000 1124.625  152.881    0    0  (Gen:  0)
 30348680      5656  67061496  0.000  0.000 1124.875  152.919    0    0  (Gen:  0)
 31077648      5560  67061880  0.000  0.000 1125.234  152.957    0    0  (Gen:  0)
 26847408      4224  67061056  0.000  0.000 1125.484  152.989    0    0  (Gen:  0)
 25785968      4016  67061264  0.000  0.000 1125.719  153.019    0    0  (Gen:  0)
 30166640      4792  67062552  0.000  0.000 1125.969  153.056    0    0  (Gen:  0)
 30411504  63760968  66980512  0.016  0.027 1126.344  153.121    0    0  (Gen:  1)
 29167680      5104  66981872  0.000  0.000 1126.703  153.156    0    0  (Gen:  0)
 28632688      4128  66981472  0.000  0.000 1126.953  153.190    0    0  (Gen:  0)
 31393312      5328  66983216  0.000  0.000 1127.188  153.228    0    0  (Gen:  0)
 31258496      5168  66983600  0.000  0.000 1127.562  153.266    0    0  (Gen:  0)
 30601440      4376  66983352  0.000  0.000 1127.812  153.302    0    0  (Gen:  0)
 29086088      7136  66986752  0.000  0.000 1128.047  153.336    0    0  (Gen:  0)
 28763656      5312  66985408  0.000  0.000 1128.281  153.370    0    0  (Gen:  0)
 31349808      5384  66986056  0.000  0.000 1128.656  153.406    0    0  (Gen:  0)
 23907280      7576  66988920  0.000  0.000 1128.750  153.433    0    0  (Gen:  0)
 29224600      5560  66987480  0.000  0.000 1128.969  153.466    0    0  (Gen:  0)
 30087968      5144  66987656  0.000  0.000 1129.328  153.501    0    0  (Gen:  0)
 31602680      5904  66989088  0.000  0.000 1129.562  153.538    0    0  (Gen:  0)
 31504104      6112  66989968  0.000  0.000 1129.797  153.574    0    0  (Gen:  0)
 30990776      5832  66990408  0.000  0.000 1130.172  153.610    0    0  (Gen:  0)
 29124888      5008  66990192  0.000  0.000 1130.375  153.646    0    0  (Gen:  0)
 25743328      5312  66991168  0.000  0.000 1130.562  153.676    0    0  (Gen:  0)
 30914232      6072  66992312  0.000  0.000 1130.812  153.712    0    0  (Gen:  0)
 30439288      6424  66993128  0.000  0.000 1131.188  153.749    0    0  (Gen:  0)
 27929064      5456  66992704  0.000  0.000 1131.422  153.781    0    0  (Gen:  0)
 30411880      5912  66993640  0.000  0.000 1131.672  153.817    0    0  (Gen:  0)
 26918040      4840  66993112  0.000  0.000 1131.891  153.849    0    0  (Gen:  0)
 29100576      5152  66993888  0.000  0.000 1132.109  153.883    0    0  (Gen:  0)
 30850672      5488  66994672  0.000  0.000 1132.359  153.920    0    0  (Gen:  0)
 31427032      4984  66994648  0.000  0.000 1132.719  153.958    0    0  (Gen:  0)
 30905144      4968  66995112  0.000  0.000 1132.969  153.994    0    0  (Gen:  0)
 27067624      4936  66995592  0.000  0.000 1133.188  154.026    0    0  (Gen:  0)
 27512352      5272  66996728  0.000  0.000 1133.438  154.058    0    0  (Gen:  0)
 30649376      7352  66999976  0.000  0.000 1133.781  154.094    0    0  (Gen:  0)
 27284248  63709760  66929304  0.031  0.031 1134.031  154.158    0    0  (Gen:  1)
 26413160      6296  66930368  0.000  0.000 1134.219  154.188    0    0  (Gen:  0)
 30242472      4704  66929256  0.000  0.000 1134.453  154.224    0    0  (Gen:  0)
 29851784      4600  66929696  0.000  0.000 1134.703  154.260    0    0  (Gen:  0)
 27703360      6216  66931856  0.000  0.000 1134.953  154.291    0    0  (Gen:  0)
 28392224      5320  66932080  0.000  0.000 1135.156  154.325    0    0  (Gen:  0)
 30535256      3992  66931648  0.000  0.000 1135.531  154.362    0    0  (Gen:  0)
 30609848      4264  66932528  0.000  0.000 1135.781  154.399    0    0  (Gen:  0)
 27036008      5512  66934352  0.000  0.000 1136.000  154.432    0    0  (Gen:  0)
 18819200      5640  66934864  0.000  0.002 1136.234  154.481    0    0  (Gen:  0)
 30532168      5128  66934704  0.000  0.000 1136.594  154.518    0    0  (Gen:  0)
 22614104      4632  66934704  0.000  0.000 1136.812  154.546    0    0  (Gen:  0)
 31095632      4840  66935360  0.000  0.000 1137.031  154.584    0    0  (Gen:  0)
 28738936      4008  66935024  0.000  0.000 1137.266  154.619    0    0  (Gen:  0)
 30944472      4512  66936008  0.000  0.000 1137.625  154.658    0    0  (Gen:  0)
 30760776      4160  66936200  0.000  0.000 1137.875  154.696    0    0  (Gen:  0)
 30885192      4760  66937376  0.000  0.000 1138.234  154.734    0    0  (Gen:  0)
 30028576      4792  66937920  0.000  0.000 1138.484  154.772    0    0  (Gen:  0)
 29784440      4864  66938568  0.000  0.000 1138.719  154.809    0    0  (Gen:  0)
 30977808      4064  66938216  0.000  0.000 1139.078  154.848    0    0  (Gen:  0)
 29965728      4896  66939656  0.000  0.000 1139.328  154.885    0    0  (Gen:  0)
 31098400      4312  66939648  0.000  0.000 1139.703  154.924    0    0  (Gen:  0)
 27520280      4144  66940056  0.000  0.000 1139.922  154.957    0    0  (Gen:  0)
 29945440      3688  66940144  0.000  0.000 1140.172  154.995    0    0  (Gen:  0)
 28650840      4864  66941864  0.000  0.000 1140.531  155.030    0    0  (Gen:  0)
 30665944      4304  66941784  0.000  0.000 1140.766  155.068    0    0  (Gen:  0)
 31914200      4120  66942176  0.000  0.000 1141.109  155.108    0    0  (Gen:  0)
 30283384      4752  66943352  0.000  0.000 1141.359  155.145    0    0  (Gen:  0)
 27412488      4808  66943952  0.000  0.000 1141.578  155.180    0    0  (Gen:  0)
 30290152      4424  66944080  0.000  0.000 1141.953  155.218    0    0  (Gen:  0)
 30906264      4296  66944528  0.000  0.000 1142.203  155.257    0    0  (Gen:  0)
 31071704      4048  66944856  0.000  0.000 1142.438  155.295    0    0  (Gen:  0)
 30770088  63651136  66870680  0.125  0.028 1142.938  155.360    0    0  (Gen:  1)
 30132400      5640  66872376  0.000  0.000 1143.188  155.398    0    0  (Gen:  0)
 28881000      6592  66873936  0.000  0.000 1143.406  155.433    0    0  (Gen:  0)
 26109760      4744  66872568  0.000  0.000 1143.609  155.465    0    0  (Gen:  0)
 31006288      4952  66873224  0.000  0.000 1143.984  155.504    0    0  (Gen:  0)
 31167752      5624  66874472  0.000  0.000 1144.234  155.542    0    0  (Gen:  0)
 30614048      4264  66873656  0.000  0.000 1144.594  155.581    0    0  (Gen:  0)
 29267992      4448  66874288  0.000  0.000 1144.844  155.617    0    0  (Gen:  0)
 29716016      4568  66874984  0.000  0.000 1145.094  155.654    0    0  (Gen:  0)
 30806536      4576  66875440  0.000  0.000 1145.469  155.692    0    0  (Gen:  0)
 30057408      4944  66876384  0.000  0.000 1145.703  155.730    0    0  (Gen:  0)
 30146776      4416  66876464  0.000  0.000 1146.062  155.767    0    0  (Gen:  0)
 31480312      4536  66877096  0.000  0.000 1146.281  155.807    0    0  (Gen:  0)
 31006544      4576  66877776  0.000  0.000 1146.625  155.845    0    0  (Gen:  0)
 30895480      5328  66879040  0.000  0.000 1146.875  155.884    0    0  (Gen:  0)
 31276336      4128  66878416  0.000  0.000 1147.250  155.923    0    0  (Gen:  0)
 30654752      4000  66878864  0.000  0.000 1147.500  155.961    0    0  (Gen:  0)
 27611592      5888  66881328  0.000  0.000 1147.703  155.995    0    0  (Gen:  0)
 29730648      4760  66880648  0.000  0.000 1148.062  156.032    0    0  (Gen:  0)
 31096304      6296  66882696  0.000  0.000 1148.312  156.071    0    0  (Gen:  0)
 30962896      5376  66882288  0.000  0.000 1148.688  156.109    0    0  (Gen:  0)
 29854616      4384  66881872  0.000  0.000 1148.938  156.146    0    0  (Gen:  0)
 30839896      4592  66882624  0.000  0.000 1149.188  156.184    0    0  (Gen:  0)
 23456544      5464  66884072  0.000  0.000 1149.422  156.211    0    0  (Gen:  0)
 31024056      5096  66884952  0.000  0.000 1149.797  156.249    0    0  (Gen:  0)
 30912104      5424  66886016  0.000  0.000 1150.047  156.288    0    0  (Gen:  0)
 28947384      4040  66885208  0.000  0.000 1150.250  156.323    0    0  (Gen:  0)
 30672616      4448  66886192  0.000  0.000 1150.625  156.362    0    0  (Gen:  0)
 30998224      4552  66886840  0.000  0.000 1150.875  156.401    0    0  (Gen:  0)
 30560880      5240  66888136  0.000  0.000 1151.250  156.438    0    0  (Gen:  0)
 29214024      5448  66888952  0.000  0.000 1151.469  156.474    0    0  (Gen:  0)
 30619416  63592952  66812496  0.141  0.033 1151.844  156.546    0    0  (Gen:  1)
 30251192      5024  66813416  0.000  0.000 1152.094  156.583    0    0  (Gen:  0)
 29762808      4520  66813488  0.000  0.000 1152.344  156.620    0    0  (Gen:  0)
 30684816      5112  66814688  0.000  0.000 1152.719  156.658    0    0  (Gen:  0)
 28039496      5248  66815432  0.000  0.000 1152.953  156.693    0    0  (Gen:  0)
 30591080      5816  66816544  0.000  0.000 1153.188  156.731    0    0  (Gen:  0)
 30683944      5336  66816672  0.000  0.000 1153.547  156.768    0    0  (Gen:  0)
 31219648      5192  66817616  0.000  0.000 1153.781  156.804    0    0  (Gen:  0)
 24895632      5144  66818912  0.000  0.000 1154.031  156.833    0    0  (Gen:  0)
 29639648      4744  66852520  0.000  0.000 1154.281  156.870    0    0  (Gen:  0)
 30479800      4728  66853376  0.000  0.000 1154.656  156.908    0    0  (Gen:  0)
 30008888      4352  66853640  0.000  0.000 1154.906  156.945    0    0  (Gen:  0)
 30176360      4536  66854304  0.000  0.000 1155.141  156.982    0    0  (Gen:  0)
 31337120      4816  66855320  0.000  0.000 1155.500  157.021    0    0  (Gen:  0)
 28701144      4104  66855184  0.000  0.000 1155.734  157.057    0    0  (Gen:  0)
 30878808      3824  66855352  0.000  0.000 1156.094  157.096    0    0  (Gen:  0)
 19070536      5264  66857272  0.000  0.001 1156.172  157.137    0    0  (Gen:  0)
 23169544      4280  66856736  0.000  0.000 1156.312  157.167    0    0  (Gen:  0)
 20624616      4608  66857544  0.000  0.000 1156.516  157.194    0    0  (Gen:  0)
 30182800      5344  66858632  0.000  0.000 1156.734  157.231    0    0  (Gen:  0)
 30282040      4216  66858096  0.000  0.000 1157.109  157.269    0    0  (Gen:  0)
 31173896      4544  66858840  0.000  0.000 1157.344  157.307    0    0  (Gen:  0)
 30271928      3568  66858344  0.000  0.000 1157.656  157.344    0    0  (Gen:  0)
 31624696      5200  66860456  0.000  0.000 1157.906  157.384    0    0  (Gen:  0)
 31130568      4768  66860536  0.000  0.000 1158.281  157.423    0    0  (Gen:  0)
 30074152      5696  66861976  0.000  0.000 1158.516  157.460    0    0  (Gen:  0)
 30687888      4168  66860832  0.000  0.000 1158.875  157.499    0    0  (Gen:  0)
 27058360      4632  66861872  0.000  0.000 1159.125  157.532    0    0  (Gen:  0)
 30800616      4312  66862000  0.000  0.000 1159.359  157.571    0    0  (Gen:  0)
 30279856      5160  66863328  0.000  0.000 1159.719  157.609    0    0  (Gen:  0)
 28856256      4224  66862936  0.000  0.000 1159.953  157.645    0    0  (Gen:  0)
 30590768      4568  66863824  0.000  0.000 1160.203  157.683    0    0  (Gen:  0)
 28450248  63531808  66784120  0.016  0.026 1160.562  157.744    0    0  (Gen:  1)
 30569536      3808  66783896  0.000  0.000 1160.938  157.783    0    0  (Gen:  0)
 28672816      5128  66785728  0.000  0.000 1161.156  157.818    0    0  (Gen:  0)
 30695568      4144  66785352  0.000  0.000 1161.406  157.856    0    0  (Gen:  0)
 30671568      4192  66785976  0.000  0.000 1161.766  157.894    0    0  (Gen:  0)
 31397936      4256  66786552  0.000  0.000 1162.016  157.933    0    0  (Gen:  0)
 30306960      4936  66787680  0.000  0.000 1162.359  157.969    0    0  (Gen:  0)
 30909272      5152  66788536  0.000  0.000 1162.609  158.007    0    0  (Gen:  0)
 29349624      5472  66789496  0.000  0.000 1162.859  158.042    0    0  (Gen:  0)
 30587400      4824  66789328  0.000  0.000 1163.203  158.080    0    0  (Gen:  0)
 31266280      5712  66790728  0.000  0.000 1163.453  158.118    0    0  (Gen:  0)
 30143976      4840  66790432  0.000  0.000 1163.688  158.155    0    0  (Gen:  0)
 30903712      4952  66790992  0.000  0.000 1164.047  158.192    0    0  (Gen:  0)
 28465000      4640  66791288  0.000  0.000 1164.281  158.228    0    0  (Gen:  0)
 29391936      4848  66791976  0.000  0.000 1164.516  158.263    0    0  (Gen:  0)
 29705504      4144  66791752  0.000  0.000 1164.875  158.299    0    0  (Gen:  0)
 29584160      5976  66794128  0.000  0.000 1165.109  158.336    0    0  (Gen:  0)
 30931776      5296  66793928  0.000  0.000 1165.484  158.373    0    0  (Gen:  0)
 30949968      4712  66793888  0.000  0.000 1165.734  158.412    0    0  (Gen:  0)
 29340640      4632  66794416  0.000  0.000 1165.984  158.448    0    0  (Gen:  0)
 29073408      4456  66794848  0.000  0.000 1166.297  158.483    0    0  (Gen:  0)
 29912168      5120  66796152  0.000  0.000 1166.516  158.519    0    0  (Gen:  0)
 30962024      5072  66796776  0.000  0.000 1166.766  158.557    0    0  (Gen:  0)
 29952112      4808  66797152  0.000  0.000 1167.141  158.593    0    0  (Gen:  0)
 28985376      5208  66798192  0.000  0.000 1167.344  158.628    0    0  (Gen:  0)
 27965992      5848  66799408  0.000  0.000 1167.594  158.662    0    0  (Gen:  0)
 29669496      5400  66799504  0.000  0.000 1167.844  158.696    0    0  (Gen:  0)
 26628456      5808  66833888  0.000  0.000 1168.078  158.726    0    0  (Gen:  0)
 30318456  63474056  66759128  0.141  0.028 1168.469  158.790    0    0  (Gen:  1)
 28962592      4896  66759536  0.000  0.000 1168.703  158.824    0    0  (Gen:  0)
 29410232      5160  66760440  0.000  0.000 1169.047  158.859    0    0  (Gen:  0)
 30281440      4880  66760800  0.000  0.000 1169.297  158.896    0    0  (Gen:  0)
 29873136      4384  66760944  0.000  0.000 1169.547  158.931    0    0  (Gen:  0)
 26240752      4384  66761584  0.000  0.000 1169.781  158.962    0    0  (Gen:  0)
 30638976      5968  66763744  0.000  0.000 1170.031  158.998    0    0  (Gen:  0)
 29229472      5320  66763736  0.000  0.000 1170.391  159.032    0    0  (Gen:  0)
 30161728      4944  66763936  0.000  0.000 1170.609  159.068    0    0  (Gen:  0)
 30145744      5368  66764936  0.000  0.000 1170.859  159.103    0    0  (Gen:  0)
 29988920      6640  66766720  0.000  0.000 1171.094  159.139    0    0  (Gen:  0)
 30128360      6016  66766800  0.000  0.000 1171.469  159.174    0    0  (Gen:  0)
 29882800      5008  66766336  0.000  0.000 1171.703  159.210    0    0  (Gen:  0)
 30852680      5864  66767768  0.000  0.000 1171.953  159.247    0    0  (Gen:  0)
 29791160      4848  66767296  0.000  0.000 1172.328  159.283    0    0  (Gen:  0)
 28483432      4552  66767528  0.000  0.000 1172.562  159.317    0    0  (Gen:  0)
 30803344      4904  66768392  0.000  0.000 1172.812  159.353    0    0  (Gen:  0)
 31541152      5304  66769304  0.000  0.000 1173.188  159.391    0    0  (Gen:  0)
 28579312      5344  66769952  0.000  0.000 1173.438  159.425    0    0  (Gen:  0)
 30418888      5664  66770752  0.000  0.000 1173.672  159.463    0    0  (Gen:  0)
 26611696      7424  66772928  0.000  0.000 1173.922  159.493    0    0  (Gen:  0)
 30558736      5112  66771928  0.000  0.000 1174.281  159.531    0    0  (Gen:  0)
 30253128      4904  66772360  0.000  0.000 1174.516  159.569    0    0  (Gen:  0)
 30307336      5360  66773296  0.000  0.000 1174.750  159.606    0    0  (Gen:  0)
 29974800      5192  66773656  0.000  0.000 1175.125  159.643    0    0  (Gen:  0)
 30175720      4504  66773416  0.000  0.000 1175.375  159.680    0    0  (Gen:  0)
 30420560      4856  66774120  0.000  0.000 1175.734  159.718    0    0  (Gen:  0)
 28530344      4568  66774312  0.000  0.000 1175.969  159.754    0    0  (Gen:  0)
 19979040      4696  66774824  0.000  0.000 1176.078  159.799    0    0  (Gen:  0)
 28799704  63422920  66708000  0.125  0.033 1176.453  159.868    0    0  (Gen:  1)
 30784432      5160  66708008  0.000  0.000 1176.828  159.906    0    0  (Gen:  0)
 29416848      4224  66707584  0.000  0.000 1177.031  159.942    0    0  (Gen:  0)
 30499192      4288  66708192  0.000  0.000 1177.266  159.980    0    0  (Gen:  0)
 30065592      5344  66709760  0.000  0.000 1177.641  160.017    0    0  (Gen:  0)
 29634312      5184  66710080  0.000  0.000 1177.891  160.053    0    0  (Gen:  0)
 29534320      4824  66710232  0.000  0.000 1178.125  160.089    0    0  (Gen:  0)
 26801856      4232  66710184  0.000  0.000 1178.344  160.121    0    0  (Gen:  0)
 29779112      5088  66711456  0.000  0.000 1178.703  160.157    0    0  (Gen:  0)
 29465160      5296  66712208  0.000  0.000 1178.953  160.194    0    0  (Gen:  0)
 29896768      5344  66712768  0.000  0.000 1179.172  160.231    0    0  (Gen:  0)
 30468216      4920  66712792  0.000  0.000 1179.531  160.268    0    0  (Gen:  0)
 29594032      5400  66713752  0.000  0.000 1179.781  160.304    0    0  (Gen:  0)
 29790856      4208  66713008  0.000  0.000 1180.016  160.339    0    0  (Gen:  0)
 30207296      5248  66714528  0.000  0.000 1180.375  160.375    0    0  (Gen:  0)
 30518032      5648  66715440  0.000  0.000 1180.625  160.412    0    0  (Gen:  0)
 28945152      6344  66716552  0.000  0.000 1180.844  160.447    0    0  (Gen:  0)
 29320856      4680  66715336  0.000  0.000 1181.078  160.482    0    0  (Gen:  0)
 30952792      5240  66716376  0.000  0.000 1181.453  160.518    0    0  (Gen:  0)
 30196096      4224  66715872  0.000  0.000 1181.703  160.554    0    0  (Gen:  0)
 29424320      6472  66718664  0.000  0.000 1181.938  160.588    0    0  (Gen:  0)
 30148368      4264  66716936  0.000  0.000 1182.172  160.623    0    0  (Gen:  0)
 31442944      5088  66718336  0.000  0.000 1182.531  160.661    0    0  (Gen:  0)
 30640928      5912  66719672  0.000  0.000 1182.781  160.698    0    0  (Gen:  0)
 30762304      4752  66719056  0.000  0.000 1183.141  160.735    0    0  (Gen:  0)
 29740264      5336  66720088  0.000  0.000 1183.391  160.771    0    0  (Gen:  0)
 30824648      5720  66720984  0.000  0.000 1183.641  160.808    0    0  (Gen:  0)
 30524224      5264  66720976  0.000  0.000 1184.016  160.844    0    0  (Gen:  0)
 31601192      6288  66722512  0.000  0.000 1184.266  160.882    0    0  (Gen:  0)
 31023960      4568  66721304  0.000  0.000 1184.516  160.919    0    0  (Gen:  0)
 30011336      4640  66721920  0.000  0.000 1184.844  160.954    0    0  (Gen:  0)
 31554688      6936  66724792  0.000  0.000 1185.094  160.992    0    0  (Gen:  0)
 31235472  63371784  66656864  0.031  0.027 1185.375  161.056    0    0  (Gen:  1)
 26023424      6176  66657344  0.000  0.000 1185.609  161.086    0    0  (Gen:  0)
 30829120      4880  66656528  0.000  0.000 1185.844  161.122    0    0  (Gen:  0)
 30574344      5240  66657336  0.000  0.000 1186.219  161.159    0    0  (Gen:  0)
 30441240      5248  66657888  0.000  0.000 1186.469  161.195    0    0  (Gen:  0)
 30984592      6016  66659104  0.000  0.000 1186.703  161.232    0    0  (Gen:  0)
 24360544      5768  66659336  0.000  0.000 1186.844  161.261    0    0  (Gen:  0)
 29475816      4696  66658648  0.000  0.000 1187.203  161.296    0    0  (Gen:  0)
 30670800      4480  66658944  0.000  0.000 1187.438  161.333    0    0  (Gen:  0)
 25976400      4416  66659392  0.000  0.000 1187.656  161.364    0    0  (Gen:  0)
 29478064      6456  66661848  0.000  0.000 1187.891  161.399    0    0  (Gen:  0)
 29883920      5264  66661168  0.000  0.000 1188.109  161.434    0    0  (Gen:  0)
 30581544      3880  66660328  0.000  0.000 1188.484  161.471    0    0  (Gen:  0)
 30288224      4768  66661728  0.000  0.000 1188.719  161.508    0    0  (Gen:  0)
 30770808      4472  66661976  0.000  0.000 1188.969  161.544    0    0  (Gen:  0)
 31207504      4752  66662800  0.000  0.000 1189.344  161.581    0    0  (Gen:  0)
 28863048      4816  66663376  0.000  0.000 1189.594  161.615    0    0  (Gen:  0)
 30521920      5864  66664936  0.000  0.000 1189.844  161.650    0    0  (Gen:  0)
 29901624      5976  66665560  0.000  0.000 1190.219  161.686    0    0  (Gen:  0)
 29588992      6528  66666592  0.000  0.000 1190.438  161.721    0    0  (Gen:  0)
 29805120      4664  66665272  0.000  0.000 1190.672  161.756    0    0  (Gen:  0)
 30713976      4488  66665640  0.000  0.000 1190.922  161.792    0    0  (Gen:  0)
 29027712      7488  66669216  0.000  0.000 1191.109  161.825    0    0  (Gen:  0)
 27437344      5208  66667480  0.000  0.000 1191.281  161.856    0    0  (Gen:  0)
 29088520      5624  66668344  0.000  0.000 1191.625  161.889    0    0  (Gen:  0)
 26128160      5992  66669256  0.000  0.000 1191.734  161.919    0    0  (Gen:  0)
 24388792      4536  66668344  0.000  0.000 1191.953  161.948    0    0  (Gen:  0)
 13425376      6544  66670832  0.000  0.000 1191.984  161.972    0    0  (Gen:  0)
 23581816      7408  66672864  0.047  0.000 1192.188  161.998    0    0  (Gen:  0)
 25129288      5360  66672816  0.000  0.000 1192.312  162.027    0    0  (Gen:  0)
 30729512      5544  66673608  0.000  0.000 1192.656  162.064    0    0  (Gen:  0)
 26664808      6312  66674824  0.000  0.000 1192.875  162.095    0    0  (Gen:  0)
 31071976      5256  66674216  0.000  0.000 1193.125  162.132    0    0  (Gen:  0)
 13488352  63319744  66604824  0.109  0.027 1193.359  162.175    0    0  (Gen:  1)
 30657584      5064  66604832  0.000  0.000 1193.609  162.212    0    0  (Gen:  0)
 26378632      5248  66605640  0.000  0.000 1193.812  162.244    0    0  (Gen:  0)
 31469680      4848  66605624  0.000  0.000 1194.172  162.282    0    0  (Gen:  0)
 31420168      4400  66605688  0.000  0.000 1194.422  162.320    0    0  (Gen:  0)
 31077056      4408  66606272  0.000  0.000 1194.797  162.358    0    0  (Gen:  0)
 30116792      4336  66606824  0.000  0.000 1195.031  162.394    0    0  (Gen:  0)
 30095128      5096  66608064  0.000  0.000 1195.281  162.431    0    0  (Gen:  0)
 27787240      5080  66608528  0.000  0.000 1195.516  162.463    0    0  (Gen:  0)
 29568832      5256  66609248  0.000  0.000 1195.734  162.497    0    0  (Gen:  0)
 31350744      5112  66609648  0.000  0.000 1196.094  162.535    0    0  (Gen:  0)
 31323856      5224  66610368  0.000  0.000 1196.344  162.572    0    0  (Gen:  0)
 29588376      5088  66610840  0.000  0.000 1196.594  162.607    0    0  (Gen:  0)
 31475520      4960  66611240  0.000  0.000 1196.953  162.644    0    0  (Gen:  0)
 25612256      5456  66645232  0.000  0.000 1197.203  162.673    0    0  (Gen:  0)
 30393184      6192  66647216  0.000  0.000 1197.453  162.710    0    0  (Gen:  0)
 28545288      4264  66645808  0.000  0.000 1197.656  162.744    0    0  (Gen:  0)
 30869144      5280  66647336  0.000  0.000 1198.031  162.783    0    0  (Gen:  0)
 28640520      5128  66647632  0.000  0.000 1198.266  162.818    0    0  (Gen:  0)
 30490496      4368  66647400  0.000  0.000 1198.500  162.856    0    0  (Gen:  0)
 30655640      5792  66649304  0.000  0.000 1198.859  162.893    0    0  (Gen:  0)
 28468504      5688  66649712  0.000  0.000 1199.094  162.928    0    0  (Gen:  0)
 30514912      4912  66649448  0.000  0.000 1199.344  162.964    0    0  (Gen:  0)
 26651496      5544  66650880  0.000  0.000 1199.594  162.995    0    0  (Gen:  0)
 31441544      3984  66650568  0.000  0.000 1199.969  163.033    0    0  (Gen:  0)
 31319336      4800  66651992  0.000  0.000 1200.219  163.072    0    0  (Gen:  0)
 25715136      4544  66652248  0.000  0.000 1200.453  163.103    0    0  (Gen:  0)
 24646296      4848  66653032  0.000  0.000 1200.656  163.132    0    0  (Gen:  0)
 27696104      3632  66652296  0.000  0.000 1200.906  163.166    0    0  (Gen:  0)
 30107936  63263536  66581384  0.016  0.027 1201.297  163.230    0    0  (Gen:  1)
 30139448      4192  66582144  0.000  0.000 1201.625  163.267    0    0  (Gen:  0)
 29830056      5712  66584272  0.000  0.000 1201.875  163.305    0    0  (Gen:  0)
 30157312      4040  66583048  0.000  0.000 1202.125  163.342    0    0  (Gen:  0)
 30527784      4720  66584272  0.000  0.000 1202.484  163.379    0    0  (Gen:  0)
 28549592      4208  66584336  0.000  0.000 1202.734  163.415    0    0  (Gen:  0)
 30124584      5968  66586544  0.000  0.000 1203.094  163.452    0    0  (Gen:  0)
 29251720      4408  66585560  0.000  0.000 1203.328  163.488    0    0  (Gen:  0)
 28362496      3736  66585400  0.000  0.000 1203.578  163.524    0    0  (Gen:  0)
 31054064      4544  66586720  0.000  0.000 1203.953  163.562    0    0  (Gen:  0)
 27023856      4392  66587016  0.000  0.000 1204.188  163.595    0    0  (Gen:  0)
 31644768      4584  66587688  0.000  0.000 1204.422  163.635    0    0  (Gen:  0)
 30458120      3832  66587512  0.000  0.000 1204.781  163.673    0    0  (Gen:  0)
 30625480      5056  66589216  0.000  0.000 1205.031  163.711    0    0  (Gen:  0)
 29635720      5024  66589728  0.000  0.000 1205.375  163.749    0    0  (Gen:  0)
 31044240      4048  66589328  0.000  0.000 1205.609  163.787    0    0  (Gen:  0)
 31397376      4176  66590000  0.000  0.000 1205.984  163.827    0    0  (Gen:  0)
 31168384      4104  66590600  0.000  0.000 1206.234  163.866    0    0  (Gen:  0)
 28121976      4336  66591344  0.000  0.000 1206.484  163.901    0    0  (Gen:  0)
 30804016      4448  66592000  0.000  0.000 1206.859  163.940    0    0  (Gen:  0)
 30697040      4336  66592464  0.000  0.000 1207.109  163.979    0    0  (Gen:  0)
 30848792      4088  66592728  0.000  0.000 1207.453  164.018    0    0  (Gen:  0)
 28871968      4656  66593904  0.000  0.000 1207.703  164.054    0    0  (Gen:  0)
 29062728      4200  66594728  0.000  0.000 1207.906  164.090    0    0  (Gen:  0)
 29744864      5312  66596768  0.000  0.000 1208.234  164.127    0    0  (Gen:  0)
 29785688  63217024  66534872  0.141  0.026 1208.625  164.191    0    0  (Gen:  1)
 30307656      4136  66534880  0.000  0.000 1208.875  164.230    0    0  (Gen:  0)
 30900808      4648  66535904  0.000  0.000 1209.219  164.269    0    0  (Gen:  0)
 29946456      5880  66537712  0.000  0.000 1209.469  164.307    0    0  (Gen:  0)
 30205224      4728  66537040  0.000  0.000 1209.844  164.345    0    0  (Gen:  0)
 28148896      4312  66537136  0.000  0.000 1210.062  164.382    0    0  (Gen:  0)
 29889352      5416  66538720  0.000  0.000 1210.312  164.419    0    0  (Gen:  0)
 29828368      4568  66538384  0.000  0.000 1210.656  164.458    0    0  (Gen:  0)
 30449696      5744  66540136  0.000  0.000 1210.906  164.496    0    0  (Gen:  0)
 30414232      3848  66538752  0.000  0.000 1211.266  164.535    0    0  (Gen:  0)
 29845608      4432  66539848  0.000  0.000 1211.516  164.573    0    0  (Gen:  0)
 23001472      4040  66540064  0.000  0.000 1211.734  164.603    0    0  (Gen:  0)
 16190384      4032  66573168  0.000  0.006 1211.797  164.631    0    0  (Gen:  0)
 24330472      5768  66575320  0.000  0.000 1211.984  164.659    0    0  (Gen:  0)
 23461920      4536  66574584  0.000  0.000 1212.125  164.690    0    0  (Gen:  0)
 29962616      4488  66575016  0.000  0.000 1212.375  164.727    0    0  (Gen:  0)
 31453184      4968  66576056  0.000  0.000 1212.734  164.766    0    0  (Gen:  0)
 29292104      4512  66576144  0.000  0.000 1212.984  164.802    0    0  (Gen:  0)
 30587112      3832  66575976  0.000  0.000 1213.234  164.840    0    0  (Gen:  0)
 30096072      4656  66577280  0.000  0.000 1213.594  164.878    0    0  (Gen:  0)
 30918032      5968  66579168  0.000  0.000 1213.828  164.916    0    0  (Gen:  0)
 29668000      4528  66578336  0.000  0.000 1214.203  164.953    0    0  (Gen:  0)
 24421552      4672  66578992  0.000  0.000 1214.328  164.982    0    0  (Gen:  0)
 30351528      5000  66613496  0.000  0.000 1214.703  165.019    0    0  (Gen:  0)
 31045472      4648  66613856  0.000  0.000 1214.953  165.058    0    0  (Gen:  0)
 28545256      5224  66615008  0.000  0.000 1215.328  165.093    0    0  (Gen:  0)
 29736344      4928  66615288  0.000  0.000 1215.547  165.130    0    0  (Gen:  0)
 29876904      4248  66615120  0.000  0.000 1215.797  165.167    0    0  (Gen:  0)
 30183720      4096  66615576  0.000  0.000 1216.172  165.204    0    0  (Gen:  0)
 30541728      5136  66617288  0.000  0.000 1216.406  165.242    0    0  (Gen:  0)
 30204872      4400  66617224  0.000  0.000 1216.609  165.279    0    0  (Gen:  0)
 28316664      4552  66618016  0.000  0.000 1216.984  165.313    0    0  (Gen:  0)
 31398192  63159272  66542656  0.141  0.027 1217.375  165.379    0    0  (Gen:  1)
 23519752      5224  66542544  0.000  0.000 1217.578  165.408    0    0  (Gen:  0)
 30796440      4640  66542376  0.000  0.000 1217.828  165.446    0    0  (Gen:  0)
 26029640      5304  66543616  0.000  0.000 1218.047  165.476    0    0  (Gen:  0)
 29461904      4008  66543600  0.000  0.000 1218.297  165.513    0    0  (Gen:  0)
 31537424      5504  66545832  0.000  0.000 1218.656  165.552    0    0  (Gen:  0)
 29313176      3704  66544640  0.000  0.000 1218.891  165.588    0    0  (Gen:  0)
 30290920      4512  66545960  0.000  0.000 1219.219  165.626    0    0  (Gen:  0)
 30250080      4256  66546280  0.000  0.000 1219.469  165.663    0    0  (Gen:  0)
 30691656      4416  66546984  0.000  0.000 1219.719  165.701    0    0  (Gen:  0)
 30612848      5208  66548352  0.000  0.000 1220.078  165.739    0    0  (Gen:  0)
 30958808      4248  66547968  0.000  0.000 1220.312  165.776    0    0  (Gen:  0)
 31336232      4880  66549080  0.000  0.000 1220.688  165.815    0    0  (Gen:  0)
 30792184      4224  66549032  0.000  0.000 1220.938  165.853    0    0  (Gen:  0)
 28890320      5320  66550640  0.000  0.000 1221.172  165.889    0    0  (Gen:  0)
 28266440      4088  66549888  0.000  0.000 1221.516  165.924    0    0  (Gen:  0)
 30454344      4416  66550696  0.000  0.000 1221.766  165.962    0    0  (Gen:  0)
 30955352      4776  66551632  0.000  0.000 1222.125  166.000    0    0  (Gen:  0)
 31430816      4160  66551560  0.000  0.000 1222.375  166.039    0    0  (Gen:  0)
 31320360      5232  66553144  0.000  0.000 1222.750  166.078    0    0  (Gen:  0)
 27381984      5088  66553608  0.000  0.000 1223.000  166.111    0    0  (Gen:  0)
 28863248      4536  66553536  0.000  0.000 1223.219  166.146    0    0  (Gen:  0)
 30302296      4792  66554304  0.000  0.000 1223.453  166.183    0    0  (Gen:  0)
 30681616      5616  66555704  0.000  0.000 1223.828  166.220    0    0  (Gen:  0)
 30285960      4776  66555408  0.000  0.000 1224.062  166.257    0    0  (Gen:  0)
 30027792      4312  66555520  0.000  0.000 1224.312  166.294    0    0  (Gen:  0)
 28024256      4680  66556400  0.000  0.000 1224.688  166.327    0    0  (Gen:  0)
 26202304      5448  66558000  0.000  0.000 1224.938  166.358    0    0  (Gen:  0)
 30332096      4424  66558128  0.000  0.000 1225.172  166.396    0    0  (Gen:  0)
 30077984      4000  66558216  0.000  0.000 1225.391  166.433    0    0  (Gen:  0)
 30446344  63099272  66482656  0.031  0.029 1225.797  166.498    0    0  (Gen:  1)
 30168120      4968  66483680  0.000  0.000 1226.047  166.536    0    0  (Gen:  0)
 28569504      4328  66483584  0.000  0.000 1226.297  166.572    0    0  (Gen:  0)
 30893928      4392  66484288  0.000  0.000 1226.672  166.610    0    0  (Gen:  0)
 30545472      4768  66485112  0.000  0.000 1226.891  166.648    0    0  (Gen:  0)
 30246368      4464  66485352  0.000  0.000 1227.125  166.686    0    0  (Gen:  0)
 29925368      4736  66486168  0.000  0.000 1227.500  166.723    0    0  (Gen:  0)
 17857840      4192  66486200  0.000  0.000 1227.594  166.767    0    0  (Gen:  0)
 26898520      4312  66486768  0.000  0.000 1227.812  166.801    0    0  (Gen:  0)
 25488360      4960  66487912  0.000  0.000 1228.031  166.834    0    0  (Gen:  0)
 30790512      4704  66488248  0.000  0.000 1228.266  166.872    0    0  (Gen:  0)
 29514152      5312  66489416  0.000  0.000 1228.594  166.909    0    0  (Gen:  0)
 30742536      5944  66490592  0.000  0.000 1228.844  166.946    0    0  (Gen:  0)
 29926840      5328  66490552  0.000  0.000 1229.094  166.982    0    0  (Gen:  0)
 27938656      5240  66491008  0.000  0.000 1229.344  167.015    0    0  (Gen:  0)
 27829456      5288  66492208  0.000  0.000 1229.578  167.049    0    0  (Gen:  0)
 29204024      5280  66493160  0.000  0.000 1229.828  167.085    0    0  (Gen:  0)
 29644432      5184  66493800  0.000  0.000 1230.078  167.119    0    0  (Gen:  0)
 30677736      5072  66495128  0.000  0.000 1230.406  167.157    0    0  (Gen:  0)
 30404512      5256  66495984  0.000  0.000 1230.656  167.195    0    0  (Gen:  0)
 29983376      4208  66495480  0.000  0.000 1230.906  167.232    0    0  (Gen:  0)
 25737816      4488  66496400  0.000  0.000 1231.094  167.261    0    0  (Gen:  0)
 30621416      4072  66496528  0.000  0.000 1231.469  167.299    0    0  (Gen:  0)
 29948504      4624  66497752  0.000  0.000 1231.719  167.335    0    0  (Gen:  0)
 30120288      4184  66497920  0.000  0.000 1231.969  167.372    0    0  (Gen:  0)
 28735064      6160  66500536  0.000  0.000 1232.297  167.406    0    0  (Gen:  0)
 29060672      4584  66499600  0.000  0.000 1232.547  167.441    0    0  (Gen:  0)
 29233984      5400  66501056  0.000  0.000 1232.781  167.477    0    0  (Gen:  0)
 29440888      4008  66500272  0.000  0.000 1233.000  167.512    0    0  (Gen:  0)
 28651384      5320  66502160  0.000  0.000 1233.359  167.547    0    0  (Gen:  0)
 29765944      6488  66503808  0.000  0.000 1233.609  167.583    0    0  (Gen:  0)
 28318984  63037520  66420904  0.141  0.027 1233.984  167.645    0    0  (Gen:  1)
 27931096      4816  66420864  0.000  0.000 1234.203  167.679    0    0  (Gen:  0)
 30450872      4296  66420824  0.000  0.000 1234.453  167.717    0    0  (Gen:  0)
 28580232      5144  66422216  0.000  0.000 1234.812  167.751    0    0  (Gen:  0)
 28850328      6264  66423944  0.000  0.000 1235.047  167.786    0    0  (Gen:  0)
 29211712      4544  66422672  0.000  0.000 1235.297  167.822    0    0  (Gen:  0)
 28719744      5680  66424320  0.000  0.000 1235.547  167.857    0    0  (Gen:  0)
 29312136      4704  66423888  0.000  0.000 1235.875  167.892    0    0  (Gen:  0)
 31078928      5240  66424872  0.000  0.000 1236.125  167.930    0    0  (Gen:  0)
 30593944      5968  66426080  0.000  0.000 1236.375  167.967    0    0  (Gen:  0)
 27498128      6592  66427248  0.000  0.000 1236.688  167.999    0    0  (Gen:  0)
 29557872      6752  66427792  0.000  0.000 1236.906  168.035    0    0  (Gen:  0)
 31359888      5872  66427392  0.000  0.000 1237.156  168.072    0    0  (Gen:  0)
 31912416      6024  66427960  0.000  0.000 1237.531  168.111    0    0  (Gen:  0)
 28584936      5264  66427680  0.000  0.000 1237.766  168.145    0    0  (Gen:  0)
 31270432      6072  66429032  0.000  0.000 1238.016  168.182    0    0  (Gen:  0)
 28821800      5368  66428760  0.000  0.000 1238.250  168.217    0    0  (Gen:  0)
 30623776      6296  66430200  0.000  0.000 1238.609  168.254    0    0  (Gen:  0)
 30606800      4888  66429272  0.000  0.000 1238.844  168.291    0    0  (Gen:  0)
 30895336      7064  66431992  0.000  0.000 1239.219  168.328    0    0  (Gen:  0)
 30797976      5984  66431456  0.000  0.000 1239.438  168.365    0    0  (Gen:  0)
 31420008      5112  66431096  0.000  0.000 1239.688  168.402    0    0  (Gen:  0)
 31100824      4696  66431256  0.000  0.000 1240.062  168.440    0    0  (Gen:  0)
 30514848      4840  66431976  0.000  0.000 1240.312  168.476    0    0  (Gen:  0)
 31571104      5080  66432696  0.000  0.000 1240.562  168.513    0    0  (Gen:  0)
 29443528      5176  66433368  0.000  0.000 1240.891  168.548    0    0  (Gen:  0)
 30243024      5320  66434024  0.000  0.000 1241.125  168.584    0    0  (Gen:  0)
 30383160  62992904  66376288  0.125  0.027 1241.500  168.647    0    0  (Gen:  1)
 30064168      4768  66376488  0.000  0.000 1241.750  168.683    0    0  (Gen:  0)
 30403192      5544  66377744  0.000  0.000 1242.125  168.719    0    0  (Gen:  0)
 30649080      5736  66378480  0.000  0.000 1242.375  168.755    0    0  (Gen:  0)
 30453784      4880  66378168  0.000  0.000 1242.625  168.791    0    0  (Gen:  0)
 30896784      5704  66379536  0.000  0.000 1243.000  168.827    0    0  (Gen:  0)
 21054544      4984  66379360  0.000  0.000 1243.109  168.876    0    0  (Gen:  0)
 30189144      5672  66380400  0.000  0.000 1243.359  168.912    0    0  (Gen:  0)
 24511440      5576  66380848  0.000  0.000 1243.547  168.940    0    0  (Gen:  0)
 26393872      4936  66380624  0.000  0.000 1243.797  168.971    0    0  (Gen:  0)
 28330696      5080  66381296  0.000  0.000 1244.031  169.005    0    0  (Gen:  0)
 29625232      6024  66382784  0.000  0.000 1244.250  169.040    0    0  (Gen:  0)
 31017256      5360  66382536  0.000  0.000 1244.500  169.076    0    0  (Gen:  0)
 31361488      6336  66384024  0.000  0.000 1244.828  169.113    0    0  (Gen:  0)
 28552560      5848  66383952  0.000  0.000 1245.062  169.146    0    0  (Gen:  0)
 27730112      5008  66383592  0.000  0.000 1245.281  169.177    0    0  (Gen:  0)
 27785744      5464  66384496  0.000  0.000 1245.500  169.210    0    0  (Gen:  0)
 31515512      5520  66385032  0.000  0.000 1245.734  169.247    0    0  (Gen:  0)
 30949784      6544  66386568  0.000  0.000 1246.094  169.283    0    0  (Gen:  0)
 30873880      6232  66386704  0.000  0.000 1246.344  169.320    0    0  (Gen:  0)
 30589376      5288  66386272  0.000  0.000 1246.578  169.356    0    0  (Gen:  0)
 30773280      6752  66388184  0.000  0.000 1246.938  169.393    0    0  (Gen:  0)
 30229200      6176  66387960  0.000  0.000 1247.188  169.429    0    0  (Gen:  0)
 29783064      5608  66387808  0.000  0.000 1247.438  169.464    0    0  (Gen:  0)
 30305704      4824  66387472  0.000  0.000 1247.781  169.500    0    0  (Gen:  0)
 28327552      5688  66388784  0.000  0.000 1248.000  169.534    0    0  (Gen:  0)
 30208512      5520  66389032  0.000  0.000 1248.250  169.570    0    0  (Gen:  0)
 29680520      4760  66388752  0.000  0.000 1248.484  169.606    0    0  (Gen:  0)
 30483552      4200  66388608  0.000  0.000 1248.844  169.643    0    0  (Gen:  0)
 29719576      4424  66389344  0.000  0.000 1249.078  169.678    0    0  (Gen:  0)
 30536248      6264  66391664  0.000  0.000 1249.328  169.715    0    0  (Gen:  0)
 30132992      4696  66390608  0.000  0.000 1249.688  169.751    0    0  (Gen:  0)
 30220176      5328  66391720  0.000  0.000 1249.938  169.788    0    0  (Gen:  0)
 30306256      5776  66392680  0.000  0.000 1250.188  169.824    0    0  (Gen:  0)
 29360216      5152  66392568  0.000  0.000 1250.547  169.859    0    0  (Gen:  0)
 30210200      4680  66392608  0.000  0.000 1250.797  169.895    0    0  (Gen:  0)
 31056416      4512  66392984  0.000  0.000 1251.047  169.932    0    0  (Gen:  0)
 30912912      5248  66394328  0.000  0.000 1251.422  169.970    0    0  (Gen:  0)
 31448096  62931800  66315184  0.094  0.028 1251.766  170.036    0    0  (Gen:  1)
 30788752      4472  66315832  0.000  0.000 1252.016  170.073    0    0  (Gen:  0)
 30785248      4936  66316840  0.000  0.000 1252.375  170.110    0    0  (Gen:  0)
 28986496      4568  66349808  0.000  0.000 1252.609  170.144    0    0  (Gen:  0)
 29762464      4768  66350648  0.000  0.000 1252.844  170.177    0    0  (Gen:  0)
 29067592      4888  66351280  0.000  0.000 1253.094  170.210    0    0  (Gen:  0)
 29309928      4368  66351368  0.000  0.000 1253.344  170.244    0    0  (Gen:  0)
 30227680      3968  66351576  0.000  0.000 1253.594  170.279    0    0  (Gen:  0)
 31070768      5792  66354008  0.000  0.000 1253.969  170.315    0    0  (Gen:  0)
 25151216      4840  66353632  0.000  0.000 1254.141  170.344    0    0  (Gen:  0)
 28532072      5184  66354560  0.000  0.000 1254.391  170.377    0    0  (Gen:  0)
 27233424      4608  66354672  0.000  0.000 1254.641  170.409    0    0  (Gen:  0)
 29685048      5720  66356360  0.000  0.000 1254.891  170.444    0    0  (Gen:  0)
 30906656      4408  66355752  0.000  0.000 1255.141  170.481    0    0  (Gen:  0)
 27452584      4408  66356360  0.000  0.000 1255.469  170.515    0    0  (Gen:  0)
 30925464      5872  66358304  0.000  0.000 1255.719  170.551    0    0  (Gen:  0)
 31197728      5968  66358976  0.000  0.000 1255.969  170.588    0    0  (Gen:  0)
 29282632      5472  66359024  0.000  0.000 1256.203  170.622    0    0  (Gen:  0)
 28388296      4456  66358584  0.000  0.000 1256.562  170.656    0    0  (Gen:  0)
 30824344      5488  66360128  0.000  0.000 1256.797  170.693    0    0  (Gen:  0)
 30584888      6336  66361552  0.000  0.000 1257.047  170.729    0    0  (Gen:  0)
 30488776      5776  66361520  0.000  0.000 1257.391  170.765    0    0  (Gen:  0)
 29264792      5432  66361656  0.000  0.000 1257.641  170.800    0    0  (Gen:  0)
 29673856      6200  66362936  0.000  0.000 1257.875  170.836    0    0  (Gen:  0)
 31111728      4024  66361240  0.000  0.000 1258.078  170.873    0    0  (Gen:  0)
 26102080      7328  66365120  0.000  0.000 1258.312  170.902    0    0  (Gen:  0)
 30207664      5032  66364168  0.000  0.000 1258.688  170.939    0    0  (Gen:  0)
 28231952      5720  66365400  0.000  0.000 1258.938  170.974    0    0  (Gen:  0)
 29310520      4552  66364776  0.000  0.000 1259.125  171.010    0    0  (Gen:  0)
 30599720      5496  66366312  0.000  0.000 1259.500  171.048    0    0  (Gen:  0)
 31326424      4312  66365672  0.000  0.000 1259.750  171.086    0    0  (Gen:  0)
 31337752      6640  66368512  0.000  0.000 1260.094  171.125    0    0  (Gen:  0)
 29063416      6408  66368792  0.000  0.000 1260.344  171.160    0    0  (Gen:  0)
 30535160      6008  66368840  0.000  0.000 1260.594  171.197    0    0  (Gen:  0)
 28337584      4304  66367712  0.000  0.000 1260.812  171.232    0    0  (Gen:  0)
 30975928  62867200  66283352  0.125  0.027 1261.297  171.296    0    0  (Gen:  1)
 30531976      5520  66284856  0.000  0.000 1261.547  171.333    0    0  (Gen:  0)
 30190104      4816  66284632  0.000  0.000 1261.797  171.371    0    0  (Gen:  0)
 31122408      4904  66285264  0.000  0.000 1262.172  171.409    0    0  (Gen:  0)
 30174280      4384  66285320  0.000  0.000 1262.406  171.446    0    0  (Gen:  0)
 31785464      4744  66286192  0.000  0.000 1262.734  171.485    0    0  (Gen:  0)
 18105656      4464  66286456  0.000  0.000 1262.812  171.529    0    0  (Gen:  0)
 28592104      4984  66287360  0.000  0.000 1263.156  171.564    0    0  (Gen:  0)
 26006656      5656  66288592  0.000  0.000 1263.375  171.596    0    0  (Gen:  0)
 30886872      4912  66288328  0.000  0.000 1263.625  171.635    0    0  (Gen:  0)
 28745328      5088  66289160  0.000  0.000 1263.875  171.670    0    0  (Gen:  0)
 30767744      4944  66289544  0.000  0.000 1264.219  171.708    0    0  (Gen:  0)
 24613392      5976  66291184  0.000  0.000 1264.453  171.736    0    0  (Gen:  0)
 30032256      5728  66325136  0.000  0.000 1264.672  171.773    0    0  (Gen:  0)
 31167128      4200  66324296  0.000  0.000 1265.047  171.812    0    0  (Gen:  0)
 27818120      4640  66325256  0.000  0.000 1265.266  171.846    0    0  (Gen:  0)
 30582032      4136  66325200  0.000  0.000 1265.516  171.885    0    0  (Gen:  0)
 29115264      6200  66327840  0.000  0.000 1265.875  171.920    0    0  (Gen:  0)
 24178928      6672  66329016  0.000  0.000 1265.984  171.949    0    0  (Gen:  0)
 30439592      4400  66328056  0.000  0.000 1266.344  171.987    0    0  (Gen:  0)
 28676616      3928  66328128  0.000  0.000 1266.578  172.023    0    0  (Gen:  0)
 28311640      4840  66329520  0.000  0.000 1266.797  172.060    0    0  (Gen:  0)
 31168976      5176  66330304  0.000  0.000 1267.141  172.099    0    0  (Gen:  0)
 27168768      5040  66330776  0.000  0.000 1267.391  172.133    0    0  (Gen:  0)
 28022800      4504  66330656  0.000  0.000 1267.625  172.169    0    0  (Gen:  0)
 30269832      3400  66330160  0.000  0.000 1268.000  172.207    0    0  (Gen:  0)
 30234672      6272  66333480  0.000  0.000 1268.234  172.246    0    0  (Gen:  0)
 30012728      4888  66332608  0.000  0.000 1268.609  172.284    0    0  (Gen:  0)
 28484896      4480  66332776  0.000  0.000 1268.844  172.320    0    0  (Gen:  0)
 30566880      4600  66333408  0.000  0.000 1269.203  172.359    0    0  (Gen:  0)
 30859344      4200  66333488  0.000  0.000 1269.453  172.398    0    0  (Gen:  0)
 23759848  62809928  66291608  0.125  0.028 1269.828  172.456    0    0  (Gen:  1)
 29884008      5336  66259776  0.000  0.000 1270.062  172.494    0    0  (Gen:  0)
 30794472      4384  66259464  0.000  0.000 1270.422  172.533    0    0  (Gen:  0)
 30810096      4408  66260000  0.000  0.000 1270.672  172.572    0    0  (Gen:  0)
 30121304      4728  66293720  0.000  0.000 1271.016  172.610    0    0  (Gen:  0)
 31382392      4864  66294368  0.000  0.000 1271.250  172.649    0    0  (Gen:  0)
 28486096      4848  66294896  0.000  0.000 1271.500  172.685    0    0  (Gen:  0)
 30669520      4320  66294816  0.000  0.000 1271.875  172.723    0    0  (Gen:  0)
 29940552      4384  66295520  0.000  0.000 1272.109  172.761    0    0  (Gen:  0)
 24697896      5456  66297072  0.000  0.000 1272.312  172.792    0    0  (Gen:  0)
 30373144      4528  66296656  0.000  0.000 1272.656  172.830    0    0  (Gen:  0)
 30530312      4344  66297016  0.000  0.000 1272.906  172.869    0    0  (Gen:  0)
 30641880      4616  66297808  0.000  0.000 1273.281  172.908    0    0  (Gen:  0)
 27222232      3808  66297576  0.000  0.000 1273.531  172.942    0    0  (Gen:  0)
 26503336      4544  66299048  0.000  0.000 1273.766  172.974    0    0  (Gen:  0)
 30467848      4592  66300344  0.000  0.000 1274.000  173.013    0    0  (Gen:  0)
 30952776      4904  66301264  0.000  0.000 1274.375  173.052    0    0  (Gen:  0)
 30715448      3752  66300720  0.000  0.000 1274.625  173.090    0    0  (Gen:  0)
 28842344      3968  66301544  0.000  0.000 1274.984  173.126    0    0  (Gen:  0)
 29413344      4752  66302936  0.000  0.000 1275.203  173.163    0    0  (Gen:  0)
 30293784      4536  66303296  0.000  0.000 1275.422  173.201    0    0  (Gen:  0)
 31420976      4632  66303936  0.000  0.000 1275.797  173.240    0    0  (Gen:  0)
 23068912      4160  66304072  0.000  0.000 1275.984  173.268    0    0  (Gen:  0)
 31162224      4464  66304888  0.000  0.000 1276.234  173.307    0    0  (Gen:  0)
 30775728      4888  66305888  0.000  0.000 1276.609  173.346    0    0  (Gen:  0)
 30815176      3784  66305328  0.000  0.000 1276.859  173.384    0    0  (Gen:  0)
 30979368      5008  66307064  0.000  0.000 1277.234  173.423    0    0  (Gen:  0)
 28858872      4336  66307032  0.000  0.000 1277.438  173.459    0    0  (Gen:  0)
 30694416      4944  66308184  0.000  0.000 1277.625  173.497    0    0  (Gen:  0)
 30534528      5552  66309368  0.000  0.000 1278.000  173.535    0    0  (Gen:  0)
 29655096      7344  66311768  0.000  0.000 1278.250  173.571    0    0  (Gen:  0)
 28963416      6064  66311032  0.000  0.000 1278.484  173.607    0    0  (Gen:  0)
 29382000  62747856  66229544  0.031  0.028 1278.875  173.670    0    0  (Gen:  1)
 31253520      6056  66231912  0.000  0.000 1279.125  173.709    0    0  (Gen:  0)
 30116368      5200  66231664  0.000  0.000 1279.359  173.746    0    0  (Gen:  0)
 30753088      5080  66232056  0.000  0.000 1279.734  173.783    0    0  (Gen:  0)
 30970568      5024  66232544  0.000  0.000 1279.984  173.822    0    0  (Gen:  0)
 30783736      5424  66233488  0.000  0.000 1280.344  173.859    0    0  (Gen:  0)
 28278736      5064  66233672  0.000  0.000 1280.562  173.894    0    0  (Gen:  0)
 29758312      4520  66233704  0.000  0.000 1280.781  173.930    0    0  (Gen:  0)
 30535264      5344  66235040  0.000  0.000 1281.141  173.968    0    0  (Gen:  0)
 26941896      4880  66235152  0.000  0.000 1281.375  174.000    0    0  (Gen:  0)
 30540200      6112  66236960  0.000  0.000 1281.594  174.036    0    0  (Gen:  0)
 28903040      5336  66236776  0.000  0.004 1281.844  174.099    0    0  (Gen:  0)
 24014896      5128  66236984  0.000  0.000 1282.047  174.127    0    0  (Gen:  0)
 24381696      7320  66239944  0.000  0.000 1282.172  174.153    0    0  (Gen:  0)
 27394880      4904  66239752  0.000  0.000 1282.531  174.186    0    0  (Gen:  0)
 29386416      4000  66240192  0.000  0.000 1282.781  174.223    0    0  (Gen:  0)
 31123056      4088  66241016  0.000  0.000 1283.031  174.262    0    0  (Gen:  0)
 30670632      4192  66241632  0.000  0.000 1283.406  174.301    0    0  (Gen:  0)
 30806704      4184  66242104  0.000  0.000 1283.656  174.341    0    0  (Gen:  0)
 27933976      5752  66244216  0.000  0.000 1284.016  174.376    0    0  (Gen:  0)
 30460840      4416  66243392  0.000  0.000 1284.266  174.415    0    0  (Gen:  0)
 31077560      4440  66243880  0.000  0.000 1284.641  174.454    0    0  (Gen:  0)
 30606688      3936  66243920  0.000  0.000 1284.828  174.492    0    0  (Gen:  0)
 29697000      4296  66244856  0.016  0.000 1285.094  174.529    0    0  (Gen:  0)
 30428016      4352  66245472  0.000  0.000 1285.344  174.568    0    0  (Gen:  0)
 30119864      3824  66245584  0.000  0.000 1285.594  174.606    0    0  (Gen:  0)
 30295296      3896  66246200  0.000  0.000 1285.953  174.644    0    0  (Gen:  0)
 30665616      5184  66248032  0.000  0.000 1286.172  174.683    0    0  (Gen:  0)
 28325040      3888  66247216  0.000  0.000 1286.516  174.719    0    0  (Gen:  0)
 30353352      4496  66248272  0.000  0.000 1286.766  174.757    0    0  (Gen:  0)
 30875536      3944  66248264  0.000  0.000 1287.125  174.796    0    0  (Gen:  0)
 29746880      4296  66249192  0.000  0.000 1287.375  174.833    0    0  (Gen:  0)
 30546632      4200  66249576  0.000  0.000 1287.594  174.872    0    0  (Gen:  0)
 30125928      4296  66250248  0.000  0.000 1287.953  174.910    0    0  (Gen:  0)
 30864256      4416  66250912  0.000  0.000 1288.188  174.949    0    0  (Gen:  0)
 30331112  62680400  66162088  0.031  0.027 1288.578  175.015    0    0  (Gen:  1)
 28563296      4360  66161304  0.000  0.000 1288.812  175.050    0    0  (Gen:  0)
 30392744      4136  66161560  0.000  0.000 1289.047  175.087    0    0  (Gen:  0)
 28156560      4704  66162768  0.000  0.000 1289.281  175.122    0    0  (Gen:  0)
 28685520      4448  66163024  0.000  0.000 1289.641  175.157    0    0  (Gen:  0)
 27522200      4920  66164008  0.000  0.000 1289.875  175.189    0    0  (Gen:  0)
 30306184      5224  66164904  0.000  0.000 1290.125  175.226    0    0  (Gen:  0)
 30378728      5136  66165360  0.000  0.000 1290.453  175.264    0    0  (Gen:  0)
 29861040      4224  66164992  0.000  0.000 1290.703  175.300    0    0  (Gen:  0)
 30930232      5832  66167176  0.000  0.000 1290.953  175.338    0    0  (Gen:  0)
 29317848      4432  66166352  0.000  0.000 1291.312  175.374    0    0  (Gen:  0)
 29748664      5624  66168088  0.000  0.000 1291.562  175.410    0    0  (Gen:  0)
 30760448      4744  66167688  0.000  0.000 1291.812  175.448    0    0  (Gen:  0)
 30992200      5312  66168768  0.000  0.000 1292.156  175.486    0    0  (Gen:  0)
 25539704      4696  66168792  0.000  0.000 1292.406  175.517    0    0  (Gen:  0)
 26422536      3992  66168600  0.000  0.000 1292.641  175.549    0    0  (Gen:  0)
 25142168      5064  66170216  0.000  0.000 1292.891  175.578    0    0  (Gen:  0)
 31450256      5120  66171680  0.000  0.000 1293.141  175.618    0    0  (Gen:  0)
 30522240      4936  66172168  0.000  0.000 1293.500  175.656    0    0  (Gen:  0)
 30190456      4976  66172784  0.000  0.000 1293.734  175.693    0    0  (Gen:  0)
 29011864      5848  66174168  0.000  0.000 1293.969  175.728    0    0  (Gen:  0)
 31267168      5528  66174392  0.000  0.000 1294.328  175.766    0    0  (Gen:  0)
 31269648      4856  66174296  0.000  0.000 1294.578  175.804    0    0  (Gen:  0)
 30478608      5248  66175200  0.000  0.000 1294.828  175.841    0    0  (Gen:  0)
 28390936      5376  66175872  0.000  0.000 1295.188  175.875    0    0  (Gen:  0)
 31867456      6520  66177496  0.000  0.000 1295.438  175.912    0    0  (Gen:  0)
 30443216      6888  66178472  0.000  0.000 1295.688  175.949    0    0  (Gen:  0)
 31261152      5224  66177288  0.000  0.000 1296.031  175.986    0    0  (Gen:  0)
 26774616  62629192  66110880  0.016  0.026 1296.281  176.043    0    0  (Gen:  1)
 29925880      5264  66109848  0.000  0.000 1296.641  176.079    0    0  (Gen:  0)
 30742472      5280  66110376  0.000  0.000 1296.891  176.115    0    0  (Gen:  0)
 31312992      5424  66111064  0.000  0.000 1297.125  176.152    0    0  (Gen:  0)
 26308912      6152  66112368  0.000  0.000 1297.312  176.183    0    0  (Gen:  0)
 30950136      6288  66112984  0.000  0.000 1297.672  176.220    0    0  (Gen:  0)
 30845864      5664  66112840  0.000  0.000 1297.922  176.257    0    0  (Gen:  0)
 30611960      5112  66112800  0.000  0.000 1298.172  176.294    0    0  (Gen:  0)
 29851744      7216  66115416  0.000  0.000 1298.547  176.329    0    0  (Gen:  0)
 29378192      5240  66114048  0.000  0.000 1298.781  176.363    0    0  (Gen:  0)
 29964920      4704  66114056  0.000  0.000 1299.016  176.398    0    0  (Gen:  0)
 30996448      5272  66115168  0.000  0.000 1299.266  176.435    0    0  (Gen:  0)
 30158152      6360  66116864  0.000  0.000 1299.625  176.471    0    0  (Gen:  0)
 30287288      5688  66116704  0.000  0.000 1299.859  176.506    0    0  (Gen:  0)
 30622672      4544  66116136  0.000  0.000 1300.109  176.542    0    0  (Gen:  0)
 29867576      4712  66116880  0.000  0.000 1300.469  176.578    0    0  (Gen:  0)
 25013680      5920  66118664  0.000  0.000 1300.562  176.606    0    0  (Gen:  0)
 28669248      5264  66118456  0.000  0.000 1300.922  176.639    0    0  (Gen:  0)
 29488280      5416  66119168  0.000  0.000 1301.156  176.675    0    0  (Gen:  0)
 29591768      5136  66119432  0.000  0.000 1301.406  176.710    0    0  (Gen:  0)
 30369920      4000  66118840  0.000  0.000 1301.641  176.746    0    0  (Gen:  0)
 19195136      5072  66120360  0.000  0.000 1301.812  176.788    0    0  (Gen:  0)
 24745048      6808  66123232  0.000  0.000 1301.984  176.815    0    0  (Gen:  0)
 24733608      5664  66124152  0.000  0.000 1302.188  176.846    0    0  (Gen:  0)
 31209064      5824  66124776  0.000  0.000 1302.438  176.883    0    0  (Gen:  0)
 29527952      6280  66125760  0.000  0.000 1302.688  176.918    0    0  (Gen:  0)
 30193592      4880  66124840  0.000  0.000 1303.031  176.954    0    0  (Gen:  0)
 26984584      5264  66125672  0.000  0.000 1303.266  176.985    0    0  (Gen:  0)
 31265624      6856  66127712  0.000  0.000 1303.516  177.022    0    0  (Gen:  0)
 30466888      6776  66128144  0.000  0.000 1303.766  177.059    0    0  (Gen:  0)
 29827208      7976  66129824  0.000  0.000 1304.141  177.094    0    0  (Gen:  0)
 31553816      5192  66127488  0.000  0.000 1304.391  177.132    0    0  (Gen:  0)
 31469800      4760  66127536  0.000  0.000 1304.625  177.170    0    0  (Gen:  0)
 29926552  62575704  66057392  0.031  0.027 1305.000  177.233    0    0  (Gen:  1)
 29867600      5968  66057032  0.000  0.000 1305.234  177.268    0    0  (Gen:  0)
 30863080      5728  66057336  0.000  0.000 1305.484  177.305    0    0  (Gen:  0)
 31113128      6680  66058896  0.000  0.000 1305.734  177.342    0    0  (Gen:  0)
 31363040      4760  66057456  0.000  0.000 1306.109  177.379    0    0  (Gen:  0)
 31434984      5032  66058272  0.000  0.000 1306.359  177.417    0    0  (Gen:  0)
 29809064      5104  66058792  0.000  0.000 1306.703  177.452    0    0  (Gen:  0)
 30656048      5640  66059808  0.000  0.000 1306.938  177.489    0    0  (Gen:  0)
 30336296      5688  66060336  0.000  0.000 1307.188  177.524    0    0  (Gen:  0)
 30563848      6328  66061488  0.000  0.000 1307.438  177.560    0    0  (Gen:  0)
 27277160      7040  66062648  0.000  0.000 1307.766  177.593    0    0  (Gen:  0)
 29815920      7184  66063176  0.000  0.000 1308.000  177.628    0    0  (Gen:  0)
 30529304      4856  66061360  0.000  0.000 1308.250  177.665    0    0  (Gen:  0)
 31422696      6944  66063864  0.000  0.000 1308.609  177.702    0    0  (Gen:  0)
 28956720      6152  66063520  0.000  0.000 1308.828  177.737    0    0  (Gen:  0)
 29897776      4720  66062568  0.000  0.000 1309.062  177.773    0    0  (Gen:  0)
 30704120      5168  66063592  0.000  0.000 1309.312  177.810    0    0  (Gen:  0)
 29017416      4784  66063784  0.000  0.000 1309.672  177.844    0    0  (Gen:  0)
 31554952      5392  66065016  0.000  0.000 1309.906  177.882    0    0  (Gen:  0)
 28573968      4672  66064808  0.000  0.000 1310.094  177.915    0    0  (Gen:  0)
 31614080      5360  66066040  0.000  0.000 1310.469  177.953    0    0  (Gen:  0)
 30147888      5160  66066448  0.000  0.000 1310.703  177.990    0    0  (Gen:  0)
 31213280      5112  66066976  0.000  0.000 1310.953  178.027    0    0  (Gen:  0)
 30311280      4856  66067232  0.000  0.000 1311.328  178.064    0    0  (Gen:  0)
 30392904      5144  66068128  0.000  0.000 1311.578  178.100    0    0  (Gen:  0)
 30469312      7072  66070568  0.000  0.000 1311.750  178.136    0    0  (Gen:  0)
 30129936      6528  66070568  0.000  0.000 1312.078  178.172    0    0  (Gen:  0)
 27478104      4728  66069248  0.000  0.000 1312.297  178.205    0    0  (Gen:  0)
 21972952      5440  66070440  0.000  0.000 1312.391  178.231    0    0  (Gen:  0)
 30760480      5976  66071440  0.000  0.000 1312.734  178.268    0    0  (Gen:  0)
 31630056      4560  66070504  0.000  0.000 1312.984  178.306    0    0  (Gen:  0)
 31311064  62522536  66004224  0.016  0.026 1313.375  178.370    0    0  (Gen:  1)
 30198496      5024  66004880  0.000  0.000 1313.703  178.406    0    0  (Gen:  0)
 30199424      5520  66005952  0.000  0.000 1313.953  178.442    0    0  (Gen:  0)
 30561128      6056  66007000  0.000  0.000 1314.203  178.479    0    0  (Gen:  0)
 28519408      4328  66005816  0.000  0.000 1314.375  178.513    0    0  (Gen:  0)
 30930400      4736  66006704  0.000  0.000 1314.750  178.549    0    0  (Gen:  0)
 28006736      4480  66007120  0.000  0.000 1315.000  178.581    0    0  (Gen:  0)
 30924464      5096  66008344  0.000  0.000 1315.250  178.617    0    0  (Gen:  0)
 31604792      4384  66008336  0.000  0.000 1315.484  178.654    0    0  (Gen:  0)
 31917664      5400  66010024  0.000  0.000 1315.734  178.692    0    0  (Gen:  0)
 25588120      4624  66009984  0.000  0.000 1315.969  178.722    0    0  (Gen:  0)
 31219200      4664  66010568  0.000  0.000 1316.203  178.758    0    0  (Gen:  0)
 28537624      5520  66012096  0.000  0.000 1316.438  178.791    0    0  (Gen:  0)
 31581632      6040  66013224  0.000  0.000 1316.812  178.828    0    0  (Gen:  0)
 28688480      4576  66012464  0.000  0.000 1317.062  178.863    0    0  (Gen:  0)
 28074104      4200  66012600  0.000  0.000 1317.297  178.895    0    0  (Gen:  0)
 31534760      6832  66015808  0.000  0.000 1317.547  178.933    0    0  (Gen:  0)
 31668432      5800  66015352  0.000  0.000 1317.891  178.971    0    0  (Gen:  0)
 30634840      5720  66015848  0.000  0.000 1318.094  179.009    0    0  (Gen:  0)
 30004728      5960  66016616  0.000  0.000 1318.344  179.045    0    0  (Gen:  0)
 30874520      5552  66016656  0.000  0.000 1318.703  179.083    0    0  (Gen:  0)
 30560840      5600  66017248  0.000  0.000 1318.953  179.120    0    0  (Gen:  0)
 30624408      6808  66018904  0.000  0.000 1319.328  179.158    0    0  (Gen:  0)
 24680208      6208  66018784  0.000  0.000 1319.562  179.186    0    0  (Gen:  0)
 28368512      4424  66018440  0.000  0.000 1319.781  179.221    0    0  (Gen:  0)
 30760456      6368  66021024  0.000  0.000 1320.031  179.259    0    0  (Gen:  0)
 31417112      4120  66019288  0.000  0.000 1320.406  179.297    0    0  (Gen:  0)
 31243528      5544  66021288  0.000  0.000 1320.656  179.336    0    0  (Gen:  0)
 25499280      6064  66022384  0.000  0.000 1320.906  179.377    0    0  (Gen:  0)
 19861728      6832  66023632  0.000  0.000 1320.984  179.406    0    0  (Gen:  0)
 27146768      5152  66022816  0.000  0.000 1321.203  179.440    0    0  (Gen:  0)
 28298312      4432  66023528  0.000  0.000 1321.438  179.475    0    0  (Gen:  0)
 30081344      4960  66024568  0.000  0.000 1321.672  179.512    0    0  (Gen:  0)
 30631688      4952  66025168  0.000  0.000 1322.031  179.549    0    0  (Gen:  0)
 30716184      5232  66026008  0.000  0.000 1322.281  179.587    0    0  (Gen:  0)
 28908416  62458216  65939904  0.141  0.027 1322.672  179.647    0    0  (Gen:  1)
 30406448      5808  65939728  0.000  0.000 1322.906  179.683    0    0  (Gen:  0)
 29548304      4792  65939320  0.000  0.000 1323.266  179.719    0    0  (Gen:  0)
 26602216      6352  65941440  0.000  0.000 1323.484  179.750    0    0  (Gen:  0)
 30539728      7096  65943208  0.000  0.000 1323.734  179.786    0    0  (Gen:  0)
 29956720      4776  65941912  0.000  0.000 1323.984  179.823    0    0  (Gen:  0)
 30146584      4976  65942736  0.000  0.000 1324.344  179.860    0    0  (Gen:  0)
 30981616      6160  65944368  0.000  0.000 1324.578  179.898    0    0  (Gen:  0)
 30308176      5120  65943776  0.000  0.000 1324.812  179.936    0    0  (Gen:  0)
 29731392      5944  65945256  0.000  0.000 1325.172  179.973    0    0  (Gen:  0)
 27560248      7256  65946984  0.000  0.000 1325.375  180.007    0    0  (Gen:  0)
 30789720      6272  65946544  0.000  0.000 1325.625  180.044    0    0  (Gen:  0)
 30408600      5376  65946160  0.000  0.000 1326.000  180.083    0    0  (Gen:  0)
 30643976      5016  65946280  0.000  0.000 1326.250  180.121    0    0  (Gen:  0)
 29679952      5520  65947264  0.000  0.000 1326.594  180.158    0    0  (Gen:  0)
 31105888      5376  65947744  0.000  0.000 1326.828  180.197    0    0  (Gen:  0)
 29226552      6064  65948912  0.016  0.000 1327.109  180.233    0    0  (Gen:  0)
 31216848      5024  65948288  0.000  0.000 1327.359  180.272    0    0  (Gen:  0)
 30189288      5464  65949208  0.000  0.000 1327.562  180.310    0    0  (Gen:  0)
 30710632      4096  65948288  0.000  0.000 1327.891  180.349    0    0  (Gen:  0)
 30545352      5616  65950352  0.000  0.000 1328.141  180.388    0    0  (Gen:  0)
 30339904      5376  65950592  0.000  0.000 1328.500  180.426    0    0  (Gen:  0)
 27813192      4024  65949656  0.000  0.000 1328.703  180.461    0    0  (Gen:  0)
 26849560      4328  65950376  0.000  0.000 1328.938  180.493    0    0  (Gen:  0)
 28608400      3976  65951112  0.000  0.000 1329.188  180.529    0    0  (Gen:  0)
 30381328      4408  65952376  0.000  0.000 1329.547  180.567    0    0  (Gen:  0)
 29709824      4688  65953264  0.000  0.000 1329.797  180.605    0    0  (Gen:  0)
 28480536      3504  65952560  0.000  0.000 1330.141  180.640    0    0  (Gen:  0)
 30245000      3680  65953280  0.000  0.000 1330.391  180.679    0    0  (Gen:  0)
 30046160      4120  65954296  0.000  0.000 1330.625  180.717    0    0  (Gen:  0)
 30110656  62401080  65882768  0.125  0.031 1331.109  180.786    0    0  (Gen:  1)
 30005952      4184  65883096  0.000  0.000 1331.344  180.824    0    0  (Gen:  0)
 30924056      4200  65883688  0.000  0.000 1331.719  180.863    0    0  (Gen:  0)
 26876032      3544  65883640  0.000  0.000 1331.922  180.897    0    0  (Gen:  0)
 28026152      5120  65885760  0.000  0.000 1332.141  180.932    0    0  (Gen:  0)
 30070440      4520  65885736  0.000  0.000 1332.516  180.970    0    0  (Gen:  0)
 29160640      5240  65887032  0.000  0.000 1332.766  181.007    0    0  (Gen:  0)
 27164056      4512  65919640  0.000  0.000 1332.984  181.041    0    0  (Gen:  0)
 26042440      4384  65920024  0.000  0.000 1333.219  181.073    0    0  (Gen:  0)
 27690712      4536  65888504  0.000  0.000 1333.438  181.107    0    0  (Gen:  0)
 25734920      4312  65922128  0.000  0.000 1333.609  181.139    0    0  (Gen:  0)
 31751248      5656  65891224  0.000  0.000 1333.969  181.178    0    0  (Gen:  0)
 28022656      4976  65923864  0.000  0.000 1334.172  181.212    0    0  (Gen:  0)
 27816224      4736  65924168  0.000  0.000 1334.406  181.247    0    0  (Gen:  0)
 27805320      4136  65924080  0.000  0.000 1334.750  181.283    0    0  (Gen:  0)
 30987272      6088  65926576  0.000  0.000 1335.000  181.321    0    0  (Gen:  0)
 30985784      5528  65926496  0.000  0.000 1335.375  181.359    0    0  (Gen:  0)
 30963128      5456  65927104  0.000  0.000 1335.625  181.397    0    0  (Gen:  0)
 28441224      4824  65927016  0.000  0.000 1335.844  181.432    0    0  (Gen:  0)
 29474904      5704  65928440  0.000  0.000 1336.203  181.467    0    0  (Gen:  0)
 28579136      5032  65928424  0.000  0.000 1336.422  181.501    0    0  (Gen:  0)
 31457328      5056  65929408  0.000  0.000 1336.672  181.540    0    0  (Gen:  0)
 25984136      4760  65930200  0.000  0.000 1336.891  181.572    0    0  (Gen:  0)
 27609352      4392  65930376  0.000  0.000 1337.125  181.606    0    0  (Gen:  0)
 30024840      5120  65931584  0.000  0.000 1337.484  181.644    0    0  (Gen:  0)
 28801136      4928  65932000  0.000  0.000 1337.703  181.679    0    0  (Gen:  0)
 30720048      4440  65932056  0.000  0.000 1337.938  181.717    0    0  (Gen:  0)
 26112208      5480  65933608  0.000  0.000 1338.266  181.750    0    0  (Gen:  0)
 27365272      4976  65933648  0.000  0.000 1338.484  181.782    0    0  (Gen:  0)
 17812736  62341560  65888776  0.125  0.032 1338.719  181.835    0    0  (Gen:  1)
 29797008      5016  65856824  0.000  0.000 1338.969  181.871    0    0  (Gen:  0)
 26690768      5032  65857624  0.000  0.000 1339.188  181.904    0    0  (Gen:  0)
 19144864      3512  65856584  0.000  0.000 1339.359  181.949    0    0  (Gen:  0)
 22986696      5560  65859256  0.000  0.000 1339.453  181.977    0    0  (Gen:  0)
 25920232      5832  65893136  0.000  0.000 1339.656  182.011    0    0  (Gen:  0)
 30024936      4744  65859880  0.000  0.000 1340.016  182.049    0    0  (Gen:  0)
 24134864      4856  65860408  0.000  0.000 1340.219  182.079    0    0  (Gen:  0)
 31297568      4408  65893136  0.000  0.000 1340.469  182.119    0    0  (Gen:  0)
 28466096      3728  65860208  0.000  0.000 1340.781  182.155    0    0  (Gen:  0)
 30265776      4928  65861856  0.000  0.000 1341.031  182.194    0    0  (Gen:  0)
 25054560      3800  65861192  0.000  0.000 1341.266  182.225    0    0  (Gen:  0)
 29318384      3704  65861512  0.000  0.000 1341.500  182.263    0    0  (Gen:  0)
 31243504      5696  65896648  0.000  0.000 1341.859  182.302    0    0  (Gen:  0)
 28472808      4616  65896016  0.000  0.000 1342.078  182.337    0    0  (Gen:  0)
 30809416      5176  65897056  0.000  0.000 1342.438  182.376    0    0  (Gen:  0)
 28389640      4304  65896632  0.000  0.000 1342.641  182.411    0    0  (Gen:  0)
 31000416      4760  65897536  0.000  0.000 1342.891  182.450    0    0  (Gen:  0)
 31151768      4696  65897952  0.000  0.000 1343.250  182.489    0    0  (Gen:  0)
 29922528      4608  65898392  0.000  0.000 1343.500  182.526    0    0  (Gen:  0)
 30273488      5072  65899336  0.000  0.000 1343.859  182.563    0    0  (Gen:  0)
 31031616      4152  65898936  0.000  0.000 1344.109  182.602    0    0  (Gen:  0)
 28081608      4296  65899672  0.000  0.000 1344.359  182.638    0    0  (Gen:  0)
 24332464      4816  65900704  0.000  0.000 1344.594  182.667    0    0  (Gen:  0)
 30428840      4248  65900616  0.000  0.000 1344.969  182.705    0    0  (Gen:  0)
 26835280      3856  65900768  0.000  0.000 1345.203  182.738    0    0  (Gen:  0)
 30772176      4296  65901688  0.000  0.000 1345.453  182.777    0    0  (Gen:  0)
 28803912      4504  65902472  0.000  0.000 1345.812  182.814    0    0  (Gen:  0)
 29204776      4728  65903336  0.000  0.000 1346.047  182.849    0    0  (Gen:  0)
 26257080      4488  65903608  0.000  0.000 1346.297  182.880    0    0  (Gen:  0)
 27951416      5544  65905592  0.000  0.000 1346.516  182.914    0    0  (Gen:  0)
 27562480      4760  65905928  0.000  0.000 1346.750  182.948    0    0  (Gen:  0)
 29919728      4688  65906496  0.000  0.000 1347.125  182.984    0    0  (Gen:  0)
 30427552  62286160  65833384  0.141  0.029 1347.516  183.050    0    0  (Gen:  1)
 28651144      4712  65834224  0.000  0.000 1347.766  183.086    0    0  (Gen:  0)
 30621560      4528  65834520  0.000  0.000 1348.141  183.123    0    0  (Gen:  0)
 30961704      4264  65834864  0.000  0.000 1348.375  183.161    0    0  (Gen:  0)
 30141048      4944  65836120  0.000  0.000 1348.625  183.198    0    0  (Gen:  0)
 26315280      4944  65836728  0.000  0.000 1348.859  183.229    0    0  (Gen:  0)
 25544696      5336  65837664  0.000  0.000 1349.094  183.260    0    0  (Gen:  0)
 30556320      4648  65837456  0.000  0.000 1349.453  183.296    0    0  (Gen:  0)
 29759056      5408  65838824  0.000  0.000 1349.688  183.332    0    0  (Gen:  0)
 29692360      5104  65839128  0.000  0.000 1349.938  183.367    0    0  (Gen:  0)
 27896336      5072  65839672  0.000  0.000 1350.172  183.400    0    0  (Gen:  0)
 31429696      4144  65839320  0.000  0.000 1350.547  183.438    0    0  (Gen:  0)
 30425656      4456  65840208  0.000  0.000 1350.797  183.475    0    0  (Gen:  0)
 29763960      4336  65840664  0.000  0.000 1351.016  183.511    0    0  (Gen:  0)
 28261936      4608  65841512  0.000  0.000 1351.250  183.545    0    0  (Gen:  0)
 28795528      4864  65842344  0.000  0.000 1351.594  183.579    0    0  (Gen:  0)
 29840792      3976  65842000  0.000  0.000 1351.844  183.614    0    0  (Gen:  0)
 28369888      4152  65842816  0.000  0.000 1352.094  183.648    0    0  (Gen:  0)
 29302232      5128  65844336  0.000  0.000 1352.328  183.684    0    0  (Gen:  0)
 24245832      4824  65844544  0.000  0.000 1352.547  183.713    0    0  (Gen:  0)
 29715408      4544  65844712  0.000  0.000 1352.922  183.749    0    0  (Gen:  0)
 30651728      5464  65846144  0.000  0.000 1353.141  183.786    0    0  (Gen:  0)
 31029424      4832  65846024  0.000  0.000 1353.391  183.824    0    0  (Gen:  0)
 30067496      5280  65846984  0.000  0.000 1353.766  183.861    0    0  (Gen:  0)
 27311120      6448  65848728  0.000  0.000 1353.984  183.893    0    0  (Gen:  0)
 30751096      4968  65847728  0.000  0.000 1354.234  183.930    0    0  (Gen:  0)
 29723136  62241808  65789032  0.141  0.030 1354.609  183.997    0    0  (Gen:  1)
 30636872      4552  65788184  0.000  0.000 1354.984  184.034    0    0  (Gen:  0)
 29246944      5128  65789208  0.000  0.000 1355.172  184.069    0    0  (Gen:  0)
 25871296      5048  65789608  0.000  0.000 1355.422  184.099    0    0  (Gen:  0)
 30165624      5480  65791512  0.000  0.000 1355.672  184.135    0    0  (Gen:  0)
 30115440      4656  65791296  0.000  0.000 1356.047  184.171    0    0  (Gen:  0)
 30669312      5496  65792680  0.000  0.000 1356.281  184.208    0    0  (Gen:  0)
 31195816      5144  65792808  0.000  0.000 1356.531  184.246    0    0  (Gen:  0)
 30056208      4696  65792936  0.000  0.000 1356.891  184.282    0    0  (Gen:  0)
 29460904      6424  65795144  0.000  0.000 1357.125  184.318    0    0  (Gen:  0)
 29776416      7768  65796936  0.000  0.000 1357.344  184.355    0    0  (Gen:  0)
 31477256      5000  65794648  0.000  0.000 1357.719  184.393    0    0  (Gen:  0)
 31747552      5104  65795264  0.000  0.000 1357.953  184.432    0    0  (Gen:  0)
 31245288      5832  65796600  0.000  0.000 1358.328  184.469    0    0  (Gen:  0)
 29763576      5032  65796344  0.000  0.000 1358.562  184.505    0    0  (Gen:  0)
 21629152      4928  65796656  0.000  0.000 1358.719  184.555    0    0  (Gen:  0)
 26288536      6632  65798776  0.000  0.000 1358.938  184.587    0    0  (Gen:  0)
 24391952      5192  65797656  0.000  0.000 1359.141  184.617    0    0  (Gen:  0)
 31202200      5256  65798136  0.000  0.000 1359.516  184.655    0    0  (Gen:  0)
 31327728      5776  65799280  0.000  0.000 1359.766  184.692    0    0  (Gen:  0)
 28444392      5072  65799088  0.000  0.000 1360.000  184.726    0    0  (Gen:  0)
 31053472      6136  65800600  0.000  0.000 1360.250  184.763    0    0  (Gen:  0)
 30522232      4632  65799640  0.000  0.000 1360.594  184.799    0    0  (Gen:  0)
 31176232      5264  65800784  0.000  0.000 1360.844  184.837    0    0  (Gen:  0)
 30715072      6168  65802296  0.000  0.000 1361.203  184.874    0    0  (Gen:  0)
 30367672      6320  65802960  0.000  0.000 1361.453  184.910    0    0  (Gen:  0)
 30686800      5704  65803048  0.000  0.000 1361.688  184.945    0    0  (Gen:  0)
 30918504      5160  65802984  0.000  0.000 1361.938  184.982    0    0  (Gen:  0)
 30191552  62190704  65737928  0.031  0.030 1362.328  185.048    0    0  (Gen:  1)
 30422152      4856  65738592  0.000  0.000 1362.578  185.084    0    0  (Gen:  0)
 29854200      4632  65739040  0.000  0.000 1362.828  185.120    0    0  (Gen:  0)
 30349480      5480  65740464  0.000  0.000 1363.188  185.155    0    0  (Gen:  0)
 27918576      4128  65739784  0.000  0.000 1363.359  185.188    0    0  (Gen:  0)
 29268840      6720  65742920  0.000  0.000 1363.609  185.223    0    0  (Gen:  0)
 30891432      6088  65742864  0.000  0.000 1363.859  185.259    0    0  (Gen:  0)
 28063504      6208  65743528  0.000  0.000 1364.078  185.293    0    0  (Gen:  0)
 30502000      7088  65744952  0.000  0.000 1364.453  185.329    0    0  (Gen:  0)
 29877952      6088  65744496  0.000  0.000 1364.703  185.364    0    0  (Gen:  0)
 31643488      7224  65778904  0.000  0.000 1364.938  185.401    0    0  (Gen:  0)
 31791936      5464  65744896  0.000  0.000 1365.312  185.440    0    0  (Gen:  0)
 30896032      4464  65744408  0.000  0.000 1365.562  185.476    0    0  (Gen:  0)
 29451328      4592  65777872  0.000  0.000 1365.797  185.511    0    0  (Gen:  0)
 31496344      5248  65746216  0.000  0.000 1366.156  185.549    0    0  (Gen:  0)
 30765304      5312  65779584  0.000  0.000 1366.406  185.623    0    0  (Gen:  0)
 18680432      4136  65778952  0.000  0.000 1366.562  185.688    0    0  (Gen:  0)
 21576776      6168  65781640  0.000  0.003 1366.656  185.721    0    0  (Gen:  0)
 12276472      5320  65814344  0.000  0.000 1366.672  185.755    0    0  (Gen:  0)
 21648184      5088  65782368  0.016  0.000 1366.734  185.779    0    0  (Gen:  0)
 19342400      5344  65783344  0.000  0.000 1366.797  185.801    0    0  (Gen:  0)
 25756456      4856  65783416  0.000  0.000 1367.000  185.831    0    0  (Gen:  0)
 15839312      5056  65784184  0.000  0.000 1367.062  185.855    0    0  (Gen:  0)
 22805800      9736  65822328  0.000  0.000 1367.234  185.884    0    0  (Gen:  0)
 28251184      5912  65819792  0.000  0.000 1367.438  185.917    0    0  (Gen:  0)
 31648952      5776  65820152  0.000  0.000 1367.797  185.955    0    0  (Gen:  0)
 31684040      5872  65820704  0.000  0.000 1368.047  185.993    0    0  (Gen:  0)
 30489648      4648  65819992  0.000  0.000 1368.422  186.030    0    0  (Gen:  0)
 29696712      4256  65820144  0.000  0.000 1368.656  186.066    0    0  (Gen:  0)
 28992192      4872  65821304  0.000  0.000 1368.906  186.100    0    0  (Gen:  0)
 30997984      4432  65821448  0.000  0.000 1369.156  186.138    0    0  (Gen:  0)
 31075608      4560  65822152  0.000  0.000 1369.516  186.176    0    0  (Gen:  0)
 31048696      4592  65822824  0.000  0.000 1369.766  186.214    0    0  (Gen:  0)
 31048784      4048  65822856  0.000  0.000 1370.141  186.251    0    0  (Gen:  0)
 28551432      3992  65823376  0.000  0.000 1370.375  186.285    0    0  (Gen:  0)
 28931544      5080  65825072  0.000  0.000 1370.625  186.320    0    0  (Gen:  0)
 29929808      5416  65825856  0.000  0.000 1370.875  186.355    0    0  (Gen:  0)
 30151104  62131488  65744248  0.031  0.029 1371.281  186.420    0    0  (Gen:  1)
 30797520      5152  65744248  0.000  0.000 1371.531  186.457    0    0  (Gen:  0)
 31200240      6464  65746104  0.000  0.000 1371.781  186.494    0    0  (Gen:  0)
 30847504      4880  65745000  0.000  0.000 1372.125  186.531    0    0  (Gen:  0)
 31119840      7376  65748008  0.000  0.000 1372.375  186.568    0    0  (Gen:  0)
 29126080      4744  65745952  0.000  0.000 1372.609  186.602    0    0  (Gen:  0)
 30260008      5296  65746952  0.000  0.000 1372.984  186.639    0    0  (Gen:  0)
 30749304      4320  65746552  0.000  0.000 1373.188  186.677    0    0  (Gen:  0)
 30612824      5600  65748312  0.000  0.000 1373.438  186.714    0    0  (Gen:  0)
 31137656      5752  65748976  0.000  0.000 1373.781  186.752    0    0  (Gen:  0)
 20830112      4440  65748208  0.000  0.002 1373.859  186.793    0    0  (Gen:  0)
 20822944      5552  65749800  0.000  0.000 1374.000  186.819    0    0  (Gen:  0)
 26385440      5208  65749968  0.000  0.000 1374.203  186.851    0    0  (Gen:  0)
 30195968      5016  65750256  0.000  0.000 1374.453  186.888    0    0  (Gen:  0)
 30794928      4920  65750816  0.000  0.000 1374.797  186.925    0    0  (Gen:  0)
 26856960      5816  65752320  0.000  0.000 1375.031  186.956    0    0  (Gen:  0)
 30927720      4504  65751552  0.000  0.000 1375.266  186.993    0    0  (Gen:  0)
 30493032      5736  65753360  0.000  0.000 1375.641  187.030    0    0  (Gen:  0)
 31299712      5520  65753688  0.000  0.000 1375.891  187.068    0    0  (Gen:  0)
 30503736      5504  65754184  0.000  0.000 1376.125  187.104    0    0  (Gen:  0)
 27603984      5720  65754944  0.000  0.000 1376.375  187.137    0    0  (Gen:  0)
 30122312      4224  65754024  0.000  0.000 1376.703  187.173    0    0  (Gen:  0)
 31102664      5040  65755464  0.000  0.000 1376.953  187.211    0    0  (Gen:  0)
 30034152      5384  65756320  0.000  0.000 1377.203  187.247    0    0  (Gen:  0)
 30931648      5408  65756888  0.000  0.000 1377.547  187.284    0    0  (Gen:  0)
 26624432      5112  65757168  0.000  0.000 1377.734  187.315    0    0  (Gen:  0)
 30903928      5736  65758272  0.000  0.000 1377.953  187.351    0    0  (Gen:  0)
 29773904      4928  65758104  0.000  0.000 1378.172  187.386    0    0  (Gen:  0)
 29142640      4776  65758624  0.016  0.000 1378.422  187.420    0    0  (Gen:  0)
 28772400      5744  65760104  0.000  0.000 1378.656  187.455    0    0  (Gen:  0)
 28733664      4944  65759944  0.000  0.000 1378.844  187.488    0    0  (Gen:  0)
 31254768      5144  65793416  0.000  0.000 1379.078  187.524    0    0  (Gen:  0)
 28338800      5632  65794992  0.000  0.000 1379.328  187.555    0    0  (Gen:  0)
 28192440      5976  65796648  0.000  0.000 1379.578  187.588    0    0  (Gen:  0)
 31985016      4512  65795696  0.000  0.000 1379.953  187.626    0    0  (Gen:  0)
 31138952  62065592  65711112  0.141  0.028 1380.328  187.692    0    0  (Gen:  1)
 29824896      4752  65711256  0.000  0.000 1380.547  187.728    0    0  (Gen:  0)
 26567288      5480  65712408  0.000  0.000 1380.781  187.759    0    0  (Gen:  0)
 27704744      5088  65713168  0.000  0.000 1381.031  187.793    0    0  (Gen:  0)
 29663144      4944  65714016  0.000  0.000 1381.406  187.830    0    0  (Gen:  0)
 28937104      4032  65713696  0.000  0.000 1381.641  187.865    0    0  (Gen:  0)
 21614376      4344  65714520  0.000  0.000 1381.812  187.893    0    0  (Gen:  0)
 30350568      4496  65715152  0.000  0.000 1382.047  187.930    0    0  (Gen:  0)
 30813784      5264  65716480  0.000  0.000 1382.422  187.968    0    0  (Gen:  0)
 30684632      6648  65718504  0.000  0.000 1382.672  188.006    0    0  (Gen:  0)
 29806304      5960  65718264  0.000  0.000 1382.906  188.042    0    0  (Gen:  0)
 28635536      5160  65718056  0.000  0.000 1383.250  188.078    0    0  (Gen:  0)
 31036848      4216  65717592  0.000  0.000 1383.500  188.116    0    0  (Gen:  0)
 30992528      5728  65719616  0.000  0.000 1383.859  188.155    0    0  (Gen:  0)
 30019576      4784  65719152  0.000  0.000 1384.109  188.192    0    0  (Gen:  0)
 27173144      6112  65721056  0.000  0.000 1384.312  188.225    0    0  (Gen:  0)
 30625424      6624  65721952  0.000  0.000 1384.562  188.262    0    0  (Gen:  0)
 28509256      4816  65720688  0.000  0.000 1384.922  188.297    0    0  (Gen:  0)
 29547872      5832  65722120  0.000  0.000 1385.156  188.333    0    0  (Gen:  0)
 29412984      4472  65721272  0.000  0.000 1385.406  188.369    0    0  (Gen:  0)
 30258320      5968  65723312  0.000  0.000 1385.750  188.407    0    0  (Gen:  0)
 25943640      4472  65722328  0.000  0.000 1385.969  188.438    0    0  (Gen:  0)
 25001248      4552  65722824  0.000  0.000 1386.172  188.469    0    0  (Gen:  0)
 24381568      6352  65725088  0.000  0.000 1386.391  188.499    0    0  (Gen:  0)
 25926816      5456  65724640  0.000  0.000 1386.578  188.529    0    0  (Gen:  0)
 25250008      4736  65724384  0.000  0.000 1386.688  188.560    0    0  (Gen:  0)
 24935328      4152  65724184  0.000  0.000 1386.906  188.590    0    0  (Gen:  0)
 24249456      5544  65726056  0.000  0.000 1387.094  188.620    0    0  (Gen:  0)
 23564544      6248  65727496  0.000  0.000 1387.297  188.649    0    0  (Gen:  0)
 24922288      5056  65727720  0.000  0.000 1387.516  188.680    0    0  (Gen:  0)
 25723216      6432  65729528  0.000  0.000 1387.734  188.712    0    0  (Gen:  0)
 31067024  62014560  65660088  0.031  0.036 1388.125  188.786    0    0  (Gen:  1)
 27645688      4920  65661200  0.000  0.000 1388.344  188.819    0    0  (Gen:  0)
 27699584      4000  65660792  0.000  0.000 1388.516  188.854    0    0  (Gen:  0)
 29298784      4224  65661496  0.000  0.000 1388.875  188.891    0    0  (Gen:  0)
 27449792      3824  65661512  0.000  0.000 1389.109  188.924    0    0  (Gen:  0)
 28933240      3872  65662040  0.000  0.000 1389.344  188.961    0    0  (Gen:  0)
 23773064      4432  65663048  0.000  0.000 1389.547  188.991    0    0  (Gen:  0)
 24439816      5208  65664240  0.000  0.000 1389.688  189.021    0    0  (Gen:  0)
 29888104      5560  65665312  0.000  0.000 1389.938  189.059    0    0  (Gen:  0)
 30278048      3784  65664680  0.000  0.000 1390.312  189.096    0    0  (Gen:  0)
 30258016      4056  65665528  0.000  0.000 1390.562  189.135    0    0  (Gen:  0)
 28331296      5408  65667424  0.000  0.000 1390.766  189.169    0    0  (Gen:  0)
 27114968      4832  65667392  0.000  0.000 1391.109  189.202    0    0  (Gen:  0)
 27147256      6032  65669136  0.000  0.000 1391.328  189.235    0    0  (Gen:  0)
 29772248      5448  65668968  0.000  0.000 1391.562  189.273    0    0  (Gen:  0)
 23895968      5016  65669048  0.000  0.000 1391.812  189.301    0    0  (Gen:  0)
 29173576      4352  65669760  0.000  0.000 1392.062  189.337    0    0  (Gen:  0)
 22860416      4680  65670728  0.000  0.000 1392.250  189.387    0    0  (Gen:  0)
 25329520      5368  65671832  0.000  0.000 1392.469  189.419    0    0  (Gen:  0)
 23347768      4952  65671976  0.000  0.000 1392.656  189.449    0    0  (Gen:  0)
 26160112      4440  65671912  0.000  0.000 1392.891  189.480    0    0  (Gen:  0)
 24214072      6136  65674552  0.000  0.000 1393.125  189.505    0    0  (Gen:  0)
 27742600      3824  65675152  0.000  0.000 1393.328  189.540    0    0  (Gen:  0)
 29988560      5080  65677208  0.000  0.000 1393.672  189.580    0    0  (Gen:  0)
 30300856      4976  65677616  0.000  0.000 1393.922  189.619    0    0  (Gen:  0)
 30565944      5512  65678632  0.000  0.000 1394.281  189.658    0    0  (Gen:  0)
 28849600      4392  65678056  0.000  0.000 1394.516  189.694    0    0  (Gen:  0)
 29964792  61957800  65603328  0.031  0.032 1394.922  189.766    0    0  (Gen:  1)
 30447752      4152  65604480  0.000  0.000 1395.172  189.805    0    0  (Gen:  0)
 29963312      4248  65605120  0.000  0.000 1395.500  189.844    0    0  (Gen:  0)
 29795936      4336  65605688  0.000  0.000 1395.750  189.883    0    0  (Gen:  0)
 29973912      3672  65605568  0.000  0.000 1396.109  189.921    0    0  (Gen:  0)
 30392256      4280  65606656  0.000  0.000 1396.359  189.959    0    0  (Gen:  0)
 25058936      3848  65606800  0.000  0.000 1396.578  189.992    0    0  (Gen:  0)
 30102776      4736  65608072  0.000  0.000 1396.906  190.030    0    0  (Gen:  0)
 25791320      3984  65607896  0.000  0.000 1397.000  190.061    0    0  (Gen:  0)
 29633672      5744  65610104  0.000  0.000 1397.328  190.098    0    0  (Gen:  0)
 27337112      4696  65609744  0.000  0.000 1397.531  190.131    0    0  (Gen:  0)
 26218304      3800  65609392  0.000  0.000 1397.766  190.163    0    0  (Gen:  0)
 24745584      5408  65611448  0.000  0.000 1398.000  190.192    0    0  (Gen:  0)
 27022432      4592  65611112  0.000  0.000 1398.219  190.225    0    0  (Gen:  0)
 28469944      4192  65611160  0.000  0.000 1398.438  190.259    0    0  (Gen:  0)
 27985664      5056  65612568  0.000  0.000 1398.672  190.293    0    0  (Gen:  0)
 30744952      4568  65612656  0.000  0.000 1399.016  190.331    0    0  (Gen:  0)
 28249848      3744  65612408  0.000  0.000 1399.234  190.366    0    0  (Gen:  0)
 29760000      5408  65614584  0.000  0.000 1399.484  190.403    0    0  (Gen:  0)
 29506144      4816  65614472  0.000  0.000 1399.828  190.440    0    0  (Gen:  0)
 28239808      4560  65614632  0.000  0.000 1400.062  190.476    0    0  (Gen:  0)
 29693848      4384  65615064  0.000  0.000 1400.297  190.514    0    0  (Gen:  0)
 30990680      4024  65615120  0.000  0.000 1400.641  190.552    0    0  (Gen:  0)
 30361632      5096  65616608  0.000  0.000 1400.891  190.591    0    0  (Gen:  0)
 30428480      4304  65616264  0.000  0.000 1401.266  190.629    0    0  (Gen:  0)
 29535376      3920  65616392  0.000  0.000 1401.438  190.665    0    0  (Gen:  0)
 30948008      3792  65616744  0.000  0.000 1401.797  190.704    0    0  (Gen:  0)
 30961584      6728  65620192  0.000  0.000 1402.047  190.743    0    0  (Gen:  0)
 29851472      4384  65618328  0.000  0.000 1402.297  190.780    0    0  (Gen:  0)
 24059096  61912712  65558240  0.031  0.029 1402.453  190.839    0    0  (Gen:  1)
 25167552      5048  65558968  0.000  0.000 1402.672  190.870    0    0  (Gen:  0)
 24117960      4272  65558608  0.000  0.000 1402.875  190.898    0    0  (Gen:  0)
 29049304      4344  65559128  0.000  0.000 1403.109  190.934    0    0  (Gen:  0)
 26217408      4248  65559544  0.000  0.000 1403.328  190.966    0    0  (Gen:  0)
 30852816      4768  65560576  0.000  0.000 1403.688  191.004    0    0  (Gen:  0)
 31535136      4264  65560616  0.000  0.000 1403.938  191.044    0    0  (Gen:  0)
 28743080      5040  65562128  0.000  0.000 1404.297  191.079    0    0  (Gen:  0)
 26522880      4472  65561976  0.000  0.000 1404.453  191.110    0    0  (Gen:  0)
 23714032      4968  65563048  0.000  0.000 1404.531  191.138    0    0  (Gen:  0)
 26874568      3912  65562376  0.000  0.000 1404.781  191.171    0    0  (Gen:  0)
 30400136      4368  65563408  0.000  0.000 1405.016  191.208    0    0  (Gen:  0)
 30609408      4344  65563928  0.000  0.000 1405.266  191.244    0    0  (Gen:  0)
 30376744      4528  65564688  0.000  0.000 1405.641  191.281    0    0  (Gen:  0)
 29278112      4672  65565344  0.000  0.000 1405.891  191.316    0    0  (Gen:  0)
 28797584      4784  65566032  0.000  0.000 1406.094  191.351    0    0  (Gen:  0)
 27040608      4896  65566656  0.000  0.000 1406.312  191.383    0    0  (Gen:  0)
 26899176      5400  65567704  0.000  0.000 1406.547  191.414    0    0  (Gen:  0)
 29311944      5016  65568376  0.000  0.000 1406.781  191.449    0    0  (Gen:  0)
 30467048      4816  65569328  0.000  0.000 1407.125  191.486    0    0  (Gen:  0)
 27847432      4952  65570104  0.000  0.000 1407.359  191.519    0    0  (Gen:  0)
 26495528      4424  65570056  0.000  0.000 1407.562  191.550    0    0  (Gen:  0)
 28178888      5224  65571400  0.000  0.000 1407.797  191.583    0    0  (Gen:  0)
 25570816      4056  65570776  0.000  0.000 1408.016  191.614    0    0  (Gen:  0)
 24973520      4584  65604480  0.000  0.000 1408.234  191.643    0    0  (Gen:  0)
 27648984      5232  65605640  0.000  0.000 1408.469  191.675    0    0  (Gen:  0)
 29704328      4872  65605808  0.000  0.000 1408.703  191.710    0    0  (Gen:  0)
 31002936      4920  65606400  0.000  0.000 1408.953  191.747    0    0  (Gen:  0)
 27053144      4728  65606752  0.000  0.000 1409.156  191.778    0    0  (Gen:  0)
 29638328      4784  65607320  0.000  0.000 1409.500  191.814    0    0  (Gen:  0)
 29374928      5824  65608904  0.000  0.000 1409.750  191.849    0    0  (Gen:  0)
 28977992      3944  65607600  0.000  0.000 1409.984  191.884    0    0  (Gen:  0)
 14442344  61854872  65533160  0.094  0.031 1410.188  191.932    0    0  (Gen:  1)
 18727224      6144  65535560  0.000  0.000 1410.328  191.967    0    0  (Gen:  0)
 13237672      4472  65567896  0.000  0.000 1410.359  191.981    0    0  (Gen:  0)
 21286336      4568  65568520  0.000  0.000 1410.531  192.008    0    0  (Gen:  0)
 28867608      5120  65569992  0.000  0.000 1410.766  192.044    0    0  (Gen:  0)
 28320320      4936  65570336  0.000  0.000 1411.109  192.079    0    0  (Gen:  0)
 25530256      4712  65570592  0.000  0.000 1411.328  192.109    0    0  (Gen:  0)
 31016784      4552  65570880  0.000  0.000 1411.578  192.147    0    0  (Gen:  0)
 27143608      6392  65573264  0.000  0.000 1411.812  192.179    0    0  (Gen:  0)
 30858064      5392  65572776  0.000  0.000 1412.188  192.217    0    0  (Gen:  0)
 31292288      4792  65572688  0.000  0.000 1412.438  192.255    0    0  (Gen:  0)
 29244216      5448  65573856  0.000  0.000 1412.672  192.291    0    0  (Gen:  0)
 30105608      4536  65573520  0.000  0.000 1413.047  192.327    0    0  (Gen:  0)
 30094064      5336  65574832  0.000  0.000 1413.297  192.363    0    0  (Gen:  0)
 30627464      5128  65575168  0.000  0.000 1413.547  192.400    0    0  (Gen:  0)
 29155640      4464  65575048  0.000  0.000 1413.766  192.435    0    0  (Gen:  0)
 30022024      5168  65576296  0.000  0.000 1414.125  192.471    0    0  (Gen:  0)
 29931040      6328  65578032  0.000  0.000 1414.375  192.507    0    0  (Gen:  0)
 29500600      5528  65577840  0.000  0.000 1414.609  192.542    0    0  (Gen:  0)
 26202352      5040  65578088  0.000  0.000 1414.828  192.572    0    0  (Gen:  0)
 29554080      5136  65579400  0.000  0.000 1415.188  192.609    0    0  (Gen:  0)
 30064944      5648  65580392  0.000  0.000 1415.438  192.645    0    0  (Gen:  0)
 30892400      4824  65580144  0.000  0.000 1415.672  192.683    0    0  (Gen:  0)
 30586616      4440  65580336  0.000  0.000 1416.047  192.720    0    0  (Gen:  0)
 30686344      4576  65581048  0.000  0.000 1416.297  192.757    0    0  (Gen:  0)
 29839416      4504  65581552  0.000  0.000 1416.531  192.793    0    0  (Gen:  0)
 31096608      4656  65582184  0.000  0.000 1416.906  192.830    0    0  (Gen:  0)
 30136064      6528  65584632  0.000  0.000 1417.156  192.867    0    0  (Gen:  0)
 27995728      4272  65582824  0.000  0.000 1417.391  192.900    0    0  (Gen:  0)
 22291864      5584  65617408  0.000  0.000 1417.562  192.926    0    0  (Gen:  0)
 29537928      6784  65586264  0.000  0.000 1417.812  192.960    0    0  (Gen:  0)
 31421136      6296  65618952  0.000  0.000 1418.062  192.997    0    0  (Gen:  0)
 30994312      6304  65619408  0.000  0.000 1418.422  193.034    0    0  (Gen:  0)
 19124984  61801384  65512440  0.141  0.031 1418.672  193.088    0    0  (Gen:  1)
 29745600      7336  65513656  0.047  0.000 1418.969  193.123    0    0  (Gen:  0)
 24396248      5952  65512688  0.000  0.000 1419.062  193.151    0    0  (Gen:  0)
 31354624      6736  65513888  0.000  0.000 1419.438  193.188    0    0  (Gen:  0)
 31045032      6760  65514440  0.000  0.000 1419.688  193.226    0    0  (Gen:  0)
 30278792      5000  65513128  0.000  0.000 1419.922  193.262    0    0  (Gen:  0)
 30061992      5152  65513880  0.000  0.000 1420.281  193.298    0    0  (Gen:  0)
 29515864      6232  65515504  0.000  0.000 1420.516  193.333    0    0  (Gen:  0)
 31292944      4672  65514600  0.000  0.000 1420.766  193.371    0    0  (Gen:  0)
 30933984      5704  65516144  0.000  0.000 1421.109  193.408    0    0  (Gen:  0)
 31312408      4512  65515496  0.000  0.000 1421.359  193.446    0    0  (Gen:  0)
 30401448      6256  65517848  0.000  0.000 1421.609  193.481    0    0  (Gen:  0)
 26535040      5720  65517824  0.000  0.000 1421.781  193.512    0    0  (Gen:  0)
 29188208      5064  65517680  0.000  0.000 1422.141  193.547    0    0  (Gen:  0)
 25372880      5096  65518288  0.000  0.000 1422.359  193.578    0    0  (Gen:  0)
 29347992      5520  65519192  0.000  0.000 1422.609  193.614    0    0  (Gen:  0)
 31149824      5104  65519288  0.000  0.000 1422.859  193.651    0    0  (Gen:  0)
 30150544      5528  65520288  0.000  0.000 1423.219  193.687    0    0  (Gen:  0)
 29410296      6000  65521432  0.000  0.000 1423.453  193.721    0    0  (Gen:  0)
 29848736      5280  65521320  0.000  0.000 1423.703  193.756    0    0  (Gen:  0)
 30566696      5976  65522656  0.000  0.000 1423.938  193.792    0    0  (Gen:  0)
 27384352      5688  65522944  0.000  0.000 1424.156  193.824    0    0  (Gen:  0)
 26420912      4896  65522792  0.000  0.000 1424.391  193.855    0    0  (Gen:  0)
 26994120      5368  65523808  0.000  0.000 1424.609  193.889    0    0  (Gen:  0)
 29418776      4960  65523880  0.000  0.000 1424.812  193.925    0    0  (Gen:  0)
 27600032      6520  65525984  0.000  0.000 1425.047  193.959    0    0  (Gen:  0)
 28067992      5392  65525336  0.000  0.000 1425.266  193.993    0    0  (Gen:  0)
 30133096      4696  65525120  0.000  0.000 1425.609  194.030    0    0  (Gen:  0)
 22625680      5104  65525976  0.000  0.007 1425.688  194.065    0    0  (Gen:  0)
 15911600      4416  65525672  0.000  0.000 1425.719  194.088    0    0  (Gen:  0)
 27518808      5176  65526880  0.000  0.000 1425.953  194.121    0    0  (Gen:  0)
 26445488      4968  65527264  0.000  0.000 1426.172  194.154    0    0  (Gen:  0)
 23557488      6512  65529320  0.000  0.000 1426.312  194.182    0    0  (Gen:  0)
 26270000  61746584  65457648  0.141  0.029 1426.656  194.243    0    0  (Gen:  1)
 30180400      4696  65457016  0.000  0.000 1427.000  194.280    0    0  (Gen:  0)
 28423824      5152  65458016  0.000  0.000 1427.234  194.316    0    0  (Gen:  0)
 27660768      4336  65457680  0.000  0.000 1427.453  194.350    0    0  (Gen:  0)
 30530768      5512  65459368  0.000  0.000 1427.703  194.387    0    0  (Gen:  0)
 30339248      5544  65460008  0.000  0.000 1428.016  194.424    0    0  (Gen:  0)
 29914616      4304  65459312  0.000  0.000 1428.250  194.460    0    0  (Gen:  0)
 31279768      4752  65460336  0.000  0.000 1428.500  194.498    0    0  (Gen:  0)
 31327272      5032  65461192  0.000  0.000 1428.875  194.535    0    0  (Gen:  0)
 31216192      4280  65461048  0.000  0.000 1429.109  194.573    0    0  (Gen:  0)
 28801208      5016  65462328  0.000  0.000 1429.453  194.607    0    0  (Gen:  0)
 29715896      6048  65463968  0.000  0.000 1429.703  194.643    0    0  (Gen:  0)
 29817176      5112  65463608  0.000  0.000 1429.953  194.679    0    0  (Gen:  0)
 31321272      4664  65463640  0.000  0.000 1430.188  194.716    0    0  (Gen:  0)
 28979768      5776  65465456  0.000  0.000 1430.516  194.750    0    0  (Gen:  0)
 30196016      4608  65464800  0.000  0.000 1430.734  194.788    0    0  (Gen:  0)
 31315648      4144  65464848  0.000  0.000 1430.969  194.825    0    0  (Gen:  0)
 30584928      4800  65466016  0.000  0.000 1431.344  194.862    0    0  (Gen:  0)
 30294144      5456  65467216  0.000  0.000 1431.594  194.898    0    0  (Gen:  0)
 28742488      5432  65467640  0.000  0.000 1431.812  194.933    0    0  (Gen:  0)
 30691720      4712  65467368  0.000  0.000 1432.172  194.970    0    0  (Gen:  0)
 29928824      6072  65469240  0.000  0.000 1432.422  195.005    0    0  (Gen:  0)
 31632768      5352  65469096  0.000  0.000 1432.672  195.042    0    0  (Gen:  0)
 30984784      5112  65469400  0.000  0.000 1433.000  195.079    0    0  (Gen:  0)
 22914336      6600  65471496  0.000  0.000 1433.109  195.107    0    0  (Gen:  0)
 29793304      4568  65469880  0.000  0.000 1433.422  195.143    0    0  (Gen:  0)
 31547248      5048  65470904  0.000  0.000 1433.656  195.181    0    0  (Gen:  0)
 29800096      6632  65473128  0.000  0.000 1433.891  195.216    0    0  (Gen:  0)
 30048648      4968  65472008  0.000  0.000 1434.266  195.252    0    0  (Gen:  0)
 30079416      4800  65472320  0.000  0.000 1434.516  195.288    0    0  (Gen:  0)
 30988544      4488  65472552  0.000  0.000 1434.750  195.325    0    0  (Gen:  0)
 29124120      4912  65473584  0.000  0.000 1435.094  195.359    0    0  (Gen:  0)
 30667448      5048  65474168  0.000  0.000 1435.344  195.396    0    0  (Gen:  0)
 27300552      4480  65474144  0.000  0.000 1435.562  195.428    0    0  (Gen:  0)
 30941104  61685104  65396168  0.125  0.028 1435.938  195.493    0    0  (Gen:  1)
 31416032      5176  65397520  0.000  0.000 1436.312  195.531    0    0  (Gen:  0)
 30369376      5192  65398112  0.000  0.000 1436.547  195.567    0    0  (Gen:  0)
 24967184      5408  65398936  0.000  0.000 1436.797  195.595    0    0  (Gen:  0)
 28137376      5312  65400280  0.000  0.000 1437.047  195.629    0    0  (Gen:  0)
 28995056      5480  65401088  0.000  0.000 1437.297  195.663    0    0  (Gen:  0)
 28472992      5784  65402032  0.000  0.000 1437.531  195.697    0    0  (Gen:  0)
 28273984      5752  65402576  0.000  0.000 1437.781  195.731    0    0  (Gen:  0)
 27894160      5064  65402400  0.000  0.000 1438.016  195.763    0    0  (Gen:  0)
 29049392      5240  65403152  0.000  0.000 1438.344  195.797    0    0  (Gen:  0)
 27600120      4864  65403736  0.000  0.000 1438.594  195.828    0    0  (Gen:  0)
 29145096      4008  65404256  0.000  0.000 1438.844  195.864    0    0  (Gen:  0)
 26849392      4960  65405848  0.000  0.000 1439.078  195.896    0    0  (Gen:  0)
 30080472      4832  65406328  0.000  0.000 1439.297  195.932    0    0  (Gen:  0)
 29811744      4744  65406912  0.000  0.000 1439.656  195.970    0    0  (Gen:  0)
 30406592      6144  65408920  0.000  0.000 1439.906  196.007    0    0  (Gen:  0)
 29996208      5664  65408952  0.000  0.000 1440.156  196.045    0    0  (Gen:  0)
 31072048      5464  65409264  0.000  0.000 1440.500  196.084    0    0  (Gen:  0)
 30910272      4296  65408576  0.000  0.000 1440.750  196.122    0    0  (Gen:  0)
 29300800      5264  65410120  0.000  0.000 1441.062  196.158    0    0  (Gen:  0)
 27608480      3896  65409248  0.000  0.000 1441.312  196.192    0    0  (Gen:  0)
 26698240      6424  65444984  0.000  0.013 1441.547  196.242    0    0  (Gen:  0)
 15525968      3256  65409520  0.000  0.000 1441.594  196.262    0    0  (Gen:  0)
 28680088      6168  65413624  0.000  0.000 1441.844  196.299    0    0  (Gen:  0)
 30312648      6392  65415272  0.000  0.000 1442.094  196.337    0    0  (Gen:  0)
 30296272      4816  65414240  0.000  0.000 1442.453  196.375    0    0  (Gen:  0)
 29171512      5272  65415112  0.000  0.000 1442.656  196.410    0    0  (Gen:  0)
 30976096      4360  65414744  0.000  0.000 1442.891  196.449    0    0  (Gen:  0)
 30345128      5200  65416064  0.000  0.000 1443.266  196.486    0    0  (Gen:  0)
 30952728      5536  65416944  0.000  0.000 1443.516  196.525    0    0  (Gen:  0)
 30392608      4104  65448720  0.000  0.000 1443.859  196.562    0    0  (Gen:  0)
 30376520      5032  65450192  0.000  0.000 1444.094  196.598    0    0  (Gen:  0)
 25916456      4616  65450512  0.000  0.000 1444.344  196.629    0    0  (Gen:  0)
 28516280      5520  65452632  0.000  0.000 1444.578  196.664    0    0  (Gen:  0)
 30156168      5360  65452984  0.000  0.000 1444.953  196.702    0    0  (Gen:  0)
 29999160      4296  65452400  0.000  0.000 1445.188  196.740    0    0  (Gen:  0)
 14505144  61614696  65358520  0.141  0.027 1445.453  196.786    0    0  (Gen:  1)
 27223824      6032  65360960  0.000  0.000 1445.672  196.820    0    0  (Gen:  0)
 27934688      4120  65359528  0.000  0.000 1445.875  196.855    0    0  (Gen:  0)
 29311960      4024  65359920  0.000  0.000 1446.219  196.893    0    0  (Gen:  0)
 30003088      5640  65361968  0.000  0.000 1446.469  196.931    0    0  (Gen:  0)
 30237296      3976  65360816  0.000  0.000 1446.844  196.969    0    0  (Gen:  0)
 29970288      3888  65361208  0.000  0.000 1447.078  197.008    0    0  (Gen:  0)
 31016112      4312  65362112  0.000  0.000 1447.438  197.047    0    0  (Gen:  0)
 27767528      5488  65363768  0.000  0.000 1447.688  197.082    0    0  (Gen:  0)
 25436968      4568  65363632  0.000  0.000 1447.938  197.112    0    0  (Gen:  0)
 30354272      5104  65365320  0.000  0.000 1448.188  197.151    0    0  (Gen:  0)
 27945544      5792  65366456  0.000  0.000 1448.484  197.186    0    0  (Gen:  0)
 28946544      3824  65364936  0.000  0.000 1448.719  197.223    0    0  (Gen:  0)
 30311984      4824  65366448  0.000  0.000 1448.969  197.261    0    0  (Gen:  0)
 28133480      4440  65366512  0.000  0.000 1449.312  197.296    0    0  (Gen:  0)
 30938344      4656  65367176  0.000  0.000 1449.562  197.336    0    0  (Gen:  0)
 27363360      4152  65367152  0.000  0.000 1449.781  197.370    0    0  (Gen:  0)
 29545064      4616  65368160  0.000  0.000 1450.141  197.407    0    0  (Gen:  0)
 30506192      5904  65369960  0.000  0.000 1450.375  197.445    0    0  (Gen:  0)
 30107472      3984  65368680  0.000  0.000 1450.750  197.483    0    0  (Gen:  0)
 30978632      5008  65370088  0.000  0.000 1450.984  197.522    0    0  (Gen:  0)
 30767336      4440  65370160  0.000  0.000 1451.219  197.560    0    0  (Gen:  0)
 27437232      5288  65371520  0.000  0.000 1451.453  197.592    0    0  (Gen:  0)
 29715240      6040  65373360  0.000  0.000 1451.828  197.629    0    0  (Gen:  0)
 28254992      4768  65372952  0.000  0.000 1452.078  197.664    0    0  (Gen:  0)
 29416120      5048  65373744  0.000  0.000 1452.297  197.701    0    0  (Gen:  0)
 30730104      3896  65373104  0.000  0.000 1452.672  197.739    0    0  (Gen:  0)
 30923744      3976  65373696  0.000  0.000 1452.922  197.779    0    0  (Gen:  0)
 29691392      4080  65374312  0.000  0.000 1453.281  197.815    0    0  (Gen:  0)
 29406168      4192  65375000  0.000  0.000 1453.516  197.851    0    0  (Gen:  0)
 21025920      4312  65375696  0.000  0.000 1453.734  197.876    0    0  (Gen:  0)
 29381544      4568  65376400  0.000  0.000 1453.953  197.912    0    0  (Gen:  0)
 30291400  61557400  65301232  0.141  0.030 1454.312  197.979    0    0  (Gen:  1)
 30475696      4648  65302048  0.000  0.000 1454.688  198.016    0    0  (Gen:  0)
 28481320      4568  65302576  0.000  0.000 1454.906  198.051    0    0  (Gen:  0)
 30759136      3832  65302296  0.000  0.000 1455.141  198.089    0    0  (Gen:  0)
 30996096      5288  65304288  0.000  0.000 1455.516  198.127    0    0  (Gen:  0)
 30754008      4576  65304120  0.000  0.000 1455.766  198.165    0    0  (Gen:  0)
 28490432      4736  65304792  0.000  0.000 1456.000  198.201    0    0  (Gen:  0)
 27653568      4960  65305592  0.000  0.000 1456.344  198.234    0    0  (Gen:  0)
 30091040      4280  65305424  0.000  0.000 1456.578  198.271    0    0  (Gen:  0)
 28984656      5200  65306888  0.000  0.000 1456.797  198.306    0    0  (Gen:  0)
 29481648      5512  65307776  0.000  0.000 1457.016  198.342    0    0  (Gen:  0)
 28490120      6168  65308944  0.000  0.000 1457.391  198.376    0    0  (Gen:  0)
 30657000      4776  65308064  0.000  0.000 1457.625  198.413    0    0  (Gen:  0)
 31269800      4616  65308448  0.000  0.000 1457.984  198.451    0    0  (Gen:  0)
 29965680      5360  65309768  0.000  0.000 1458.234  198.487    0    0  (Gen:  0)
 27673808      4992  65310072  0.000  0.000 1458.484  198.520    0    0  (Gen:  0)
 30346408      5600  65311736  0.000  0.000 1458.734  198.556    0    0  (Gen:  0)
 27659616      5480  65312672  0.000  0.000 1458.953  198.590    0    0  (Gen:  0)
 30858704      4880  65312488  0.000  0.000 1459.328  198.629    0    0  (Gen:  0)
 30056696      6032  65314184  0.000  0.000 1459.578  198.666    0    0  (Gen:  0)
 29106096      5736  65314336  0.000  0.000 1459.922  198.701    0    0  (Gen:  0)
 27028040      4488  65313616  0.000  0.000 1460.172  198.734    0    0  (Gen:  0)
 30903912      4800  65314408  0.000  0.000 1460.406  198.772    0    0  (Gen:  0)
 27986456      4504  65314624  0.000  0.000 1460.625  198.806    0    0  (Gen:  0)
 29382248      4960  65315592  0.000  0.000 1460.875  198.842    0    0  (Gen:  0)
 29464208      5568  65316664  0.000  0.000 1461.234  198.878    0    0  (Gen:  0)
 16335344      5256  65316800  0.000  0.001 1461.312  198.919    0    0  (Gen:  0)
 29891336      5592  65317456  0.000  0.000 1461.641  198.955    0    0  (Gen:  0)
 22374648      4576  65316936  0.000  0.000 1461.750  198.983    0    0  (Gen:  0)
 28522040      4520  65317328  0.000  0.000 1461.984  199.017    0    0  (Gen:  0)
 31081952      4568  65317984  0.000  0.000 1462.188  199.055    0    0  (Gen:  0)
 30932688  61503848  65247680  0.016  0.029 1462.562  199.122    0    0  (Gen:  1)
 28861704      3872  65247472  0.000  0.000 1462.938  199.157    0    0  (Gen:  0)
 30163744      4088  65248232  0.000  0.000 1463.188  199.195    0    0  (Gen:  0)
 29575632      4144  65248736  0.000  0.000 1463.422  199.231    0    0  (Gen:  0)
 31213544      4016  65249216  0.000  0.000 1463.797  199.269    0    0  (Gen:  0)
 30660272      3784  65249560  0.000  0.000 1464.031  199.307    0    0  (Gen:  0)
 29347864      4208  65250496  0.000  0.000 1464.391  199.343    0    0  (Gen:  0)
 26678608      4544  65251344  0.000  0.000 1464.609  199.376    0    0  (Gen:  0)
 30722936      4344  65251688  0.000  0.000 1464.844  199.414    0    0  (Gen:  0)
 31395704      4304  65252160  0.000  0.000 1465.203  199.453    0    0  (Gen:  0)
 25955296      4696  65253224  0.000  0.000 1465.438  199.485    0    0  (Gen:  0)
 30748376      6960  65255936  0.000  0.000 1465.672  199.522    0    0  (Gen:  0)
 31094056      4656  65254272  0.000  0.000 1465.922  199.560    0    0  (Gen:  0)
 31297496      4720  65254912  0.000  0.000 1466.297  199.598    0    0  (Gen:  0)
 30296632      4488  65255224  0.000  0.000 1466.547  199.635    0    0  (Gen:  0)
 31249632      4936  65256216  0.000  0.000 1466.922  199.673    0    0  (Gen:  0)
 27471576      4360  65256280  0.000  0.000 1467.141  199.707    0    0  (Gen:  0)
 30587072      5752  65258184  0.000  0.000 1467.391  199.745    0    0  (Gen:  0)
 28867152      5600  65258640  0.000  0.000 1467.766  199.780    0    0  (Gen:  0)
 30238136      4800  65258352  0.000  0.000 1468.016  199.817    0    0  (Gen:  0)
 29242000      4280  65258472  0.000  0.000 1468.234  199.852    0    0  (Gen:  0)
 30780240      4584  65259320  0.000  0.000 1468.594  199.889    0    0  (Gen:  0)
 29073064      5728  65261104  0.000  0.000 1468.844  199.925    0    0  (Gen:  0)
 29242184      4656  65260576  0.000  0.000 1469.078  199.960    0    0  (Gen:  0)
 29813528      5640  65262200  0.000  0.000 1469.312  199.995    0    0  (Gen:  0)
 26279608      5120  65262544  0.000  0.000 1469.562  200.025    0    0  (Gen:  0)
 29162448      4144  65262912  0.000  0.000 1469.891  200.061    0    0  (Gen:  0)
 30685288      5032  65264440  0.000  0.000 1470.141  200.099    0    0  (Gen:  0)
 31549424      4056  65264072  0.000  0.000 1470.391  200.138    0    0  (Gen:  0)
 30780344      4360  65264920  0.000  0.000 1470.766  200.176    0    0  (Gen:  0)
 29667408  61445200  65189032  0.125  0.027 1471.109  200.240    0    0  (Gen:  1)
 30741072      4800  65189808  0.000  0.000 1471.359  200.277    0    0  (Gen:  0)
 31269712      4800  65190416  0.000  0.000 1471.719  200.316    0    0  (Gen:  0)
 29860576      4432  65190560  0.000  0.000 1471.953  200.352    0    0  (Gen:  0)
 25829920      5168  65191776  0.000  0.000 1472.172  200.384    0    0  (Gen:  0)
 30397120      5248  65192368  0.000  0.000 1472.547  200.422    0    0  (Gen:  0)
 30637848      5184  65192816  0.000  0.000 1472.797  200.460    0    0  (Gen:  0)
 28592008      5312  65193456  0.000  0.000 1473.031  200.496    0    0  (Gen:  0)
 31200808      4120  65192776  0.000  0.000 1473.406  200.534    0    0  (Gen:  0)
 29906184      4720  65193936  0.000  0.000 1473.656  200.571    0    0  (Gen:  0)
 31205320      5976  65195704  0.000  0.000 1474.016  200.609    0    0  (Gen:  0)
 23525848      6520  65196760  0.000  0.000 1474.125  200.638    0    0  (Gen:  0)
 30353024      4664  65195320  0.000  0.000 1474.500  200.675    0    0  (Gen:  0)
 30591096      4712  65195816  0.000  0.000 1474.750  200.712    0    0  (Gen:  0)
 30099072      6688  65198336  0.000  0.000 1475.125  200.749    0    0  (Gen:  0)
 31042296      5512  65197608  0.000  0.000 1475.359  200.787    0    0  (Gen:  0)
 29899416      5208  65197784  0.000  0.000 1475.594  200.823    0    0  (Gen:  0)
 31187048      5800  65198920  0.000  0.000 1475.969  200.861    0    0  (Gen:  0)
 30178008      5264  65199216  0.000  0.000 1476.219  200.896    0    0  (Gen:  0)
 30211288      5408  65200704  0.000  0.000 1476.469  200.933    0    0  (Gen:  0)
 25832136      5800  65201608  0.000  0.008 1476.688  200.994    0    0  (Gen:  0)
 25867072      5336  65201688  0.000  0.000 1476.906  201.025    0    0  (Gen:  0)
 29062440      5216  65202048  0.000  0.000 1477.109  201.061    0    0  (Gen:  0)
 31173528      4648  65202104  0.000  0.000 1477.469  201.098    0    0  (Gen:  0)
 30432624      4896  65202896  0.000  0.000 1477.703  201.135    0    0  (Gen:  0)
 31360128      5680  65204288  0.000  0.000 1478.062  201.173    0    0  (Gen:  0)
 31205576      5016  65204152  0.000  0.000 1478.312  201.211    0    0  (Gen:  0)
 29344016      5120  65204768  0.000  0.000 1478.547  201.247    0    0  (Gen:  0)
 30524984      6560  65206720  0.000  0.000 1478.906  201.284    0    0  (Gen:  0)
 30308368      4152  65204856  0.000  0.000 1479.141  201.321    0    0  (Gen:  0)
 29641544      4232  65205416  0.000  0.000 1479.391  201.357    0    0  (Gen:  0)
 29778248  61389768  65133600  0.031  0.028 1479.766  201.421    0    0  (Gen:  1)
 29576272      5088  65134840  0.000  0.000 1479.984  201.458    0    0  (Gen:  0)
 31002416      5032  65135264  0.000  0.000 1480.234  201.496    0    0  (Gen:  0)
 30725512      4264  65135040  0.000  0.000 1480.609  201.534    0    0  (Gen:  0)
 30645496      4984  65136336  0.000  0.000 1480.844  201.571    0    0  (Gen:  0)
 29505728      5536  65137496  0.000  0.000 1481.094  201.607    0    0  (Gen:  0)
 29221904      4528  65136904  0.000  0.000 1481.453  201.643    0    0  (Gen:  0)
 30097128      4768  65137656  0.000  0.000 1481.703  201.680    0    0  (Gen:  0)
 31569576      5800  65139296  0.000  0.000 1482.062  201.718    0    0  (Gen:  0)
 30736312      5336  65139376  0.000  0.000 1482.312  201.755    0    0  (Gen:  0)
 30250752      4736  65139256  0.000  0.000 1482.547  201.791    0    0  (Gen:  0)
 30916504      5624  65140752  0.000  0.000 1482.906  201.828    0    0  (Gen:  0)
 30506576      6144  65141848  0.000  0.000 1483.156  201.865    0    0  (Gen:  0)
 30834720      5232  65141480  0.000  0.000 1483.406  201.903    0    0  (Gen:  0)
 28588376      5264  65142056  0.000  0.000 1483.766  201.937    0    0  (Gen:  0)
 31717488      5880  65143216  0.000  0.000 1484.016  201.976    0    0  (Gen:  0)
 31006328      5360  65143272  0.000  0.000 1484.266  202.013    0    0  (Gen:  0)
 31097968      5424  65143912  0.000  0.000 1484.641  202.050    0    0  (Gen:  0)
 30400776      4248  65143248  0.000  0.000 1484.859  202.086    0    0  (Gen:  0)
 26400848      4680  65144288  0.000  0.000 1485.094  202.118    0    0  (Gen:  0)
 29441000      7312  65147336  0.000  0.000 1485.344  202.153    0    0  (Gen:  0)
 31428560      5960  65146560  0.000  0.000 1485.703  202.190    0    0  (Gen:  0)
 31219456      5752  65146896  0.000  0.000 1485.938  202.228    0    0  (Gen:  0)
 24417872      5192  65146912  0.000  0.000 1486.141  202.256    0    0  (Gen:  0)
 30020592      5720  65147920  0.000  0.000 1486.391  202.292    0    0  (Gen:  0)
 30175232      6088  65148912  0.000  0.000 1486.750  202.328    0    0  (Gen:  0)
 31191040      5168  65148536  0.000  0.000 1487.000  202.366    0    0  (Gen:  0)
 29998424      5112  65149024  0.000  0.000 1487.234  202.401    0    0  (Gen:  0)
 24164152  61341344  65085176  0.125  0.027 1487.578  202.455    0    0  (Gen:  1)
 28315480      4464  65085024  0.000  0.000 1487.812  202.489    0    0  (Gen:  0)
 30186040      6784  65087984  0.000  0.000 1488.062  202.525    0    0  (Gen:  0)
 28682080      4936  65086712  0.000  0.000 1488.312  202.559    0    0  (Gen:  0)
 31974624      5488  65087904  0.000  0.000 1488.672  202.597    0    0  (Gen:  0)
 28267440      6112  65089168  0.000  0.000 1488.906  202.631    0    0  (Gen:  0)
 30539128      5168  65088704  0.000  0.000 1489.156  202.668    0    0  (Gen:  0)
 31663960      5520  65089600  0.000  0.000 1489.531  202.706    0    0  (Gen:  0)
 31397736      5312  65089936  0.000  0.000 1489.781  202.744    0    0  (Gen:  0)
 29666960      4632  65089768  0.000  0.000 1490.125  202.781    0    0  (Gen:  0)
 29330920      4568  65090216  0.000  0.000 1490.359  202.817    0    0  (Gen:  0)
 31227008      5160  65091320  0.000  0.000 1490.609  202.854    0    0  (Gen:  0)
 31204528      4992  65091696  0.000  0.000 1490.984  202.892    0    0  (Gen:  0)
 29872304      4712  65091960  0.000  0.000 1491.219  202.928    0    0  (Gen:  0)
 29617024      4872  65092664  0.000  0.000 1491.453  202.963    0    0  (Gen:  0)
 31392144      5760  65094096  0.000  0.000 1491.828  203.001    0    0  (Gen:  0)
 29725856      5168  65094016  0.000  0.000 1492.078  203.037    0    0  (Gen:  0)
 30266360      7136  65096432  0.000  0.000 1492.328  203.073    0    0  (Gen:  0)
 31497928      4840  65094776  0.000  0.000 1492.672  203.111    0    0  (Gen:  0)
 18378496      4304  65094912  0.000  0.003 1492.750  203.142    0    0  (Gen:  0)
 18084472      5616  65096608  0.000  0.000 1492.812  203.166    0    0  (Gen:  0)
 22574800      4832  65096368  0.000  0.000 1492.984  203.193    0    0  (Gen:  0)
 28934384      5128  65097240  0.000  0.000 1493.203  203.229    0    0  (Gen:  0)
 30390192      5376  65098096  0.000  0.000 1493.547  203.265    0    0  (Gen:  0)
 24140816      4976  65098240  0.000  0.000 1493.672  203.293    0    0  (Gen:  0)
 31258248      5056  65098800  0.000  0.000 1494.047  203.330    0    0  (Gen:  0)
 30720656      4792  65099144  0.000  0.000 1494.297  203.366    0    0  (Gen:  0)
 29042720      4280  65099176  0.000  0.000 1494.547  203.400    0    0  (Gen:  0)
 29850480      5384  65133616  0.031  0.000 1494.891  203.436    0    0  (Gen:  0)
 28283928      5040  65133784  0.000  0.000 1495.125  203.469    0    0  (Gen:  0)
 31011296      6048  65102544  0.000  0.000 1495.375  203.506    0    0  (Gen:  0)
 28908328      5272  65134944  0.000  0.000 1495.625  203.538    0    0  (Gen:  0)
  9451592  61283656  65060248  0.016  0.026 1495.750  203.575    0    0  (Gen:  1)
 28653864      5536  65061520  0.000  0.000 1496.094  203.609    0    0  (Gen:  0)
 27949448      5920  65062400  0.000  0.000 1496.344  203.643    0    0  (Gen:  0)
 31159760      5320  65062216  0.000  0.000 1496.594  203.680    0    0  (Gen:  0)
 31250032      5008  65062384  0.000  0.000 1496.969  203.718    0    0  (Gen:  0)
 30566208      5592  65063448  0.000  0.000 1497.188  203.754    0    0  (Gen:  0)
 29757688      5800  65064104  0.000  0.000 1497.438  203.791    0    0  (Gen:  0)
 30910584      6120  65064840  0.000  0.000 1497.797  203.828    0    0  (Gen:  0)
 24261480      5312  65064544  0.000  0.000 1497.922  203.856    0    0  (Gen:  0)
 24325832      5640  65066272  0.000  0.000 1498.172  203.884    0    0  (Gen:  0)
 28960808      4480  65066776  0.000  0.000 1498.406  203.919    0    0  (Gen:  0)
 29466232      4352  65067320  0.000  0.000 1498.766  203.956    0    0  (Gen:  0)
 29595632      4472  65068080  0.000  0.000 1498.984  203.995    0    0  (Gen:  0)
 29796192      4488  65068576  0.000  0.000 1499.359  204.032    0    0  (Gen:  0)
 30152456      4440  65069040  0.000  0.000 1499.594  204.069    0    0  (Gen:  0)
 27688616      5664  65070936  0.000  0.000 1499.828  204.104    0    0  (Gen:  0)
 27451440      4584  65070432  0.000  0.000 1500.047  204.138    0    0  (Gen:  0)
 28346336      4840  65071232  0.000  0.000 1500.422  204.173    0    0  (Gen:  0)
 29668240      4176  65071144  0.000  0.000 1500.672  204.209    0    0  (Gen:  0)
 29953272      5176  65072784  0.000  0.000 1500.906  204.245    0    0  (Gen:  0)
 26917408      4232  65072544  0.000  0.000 1501.156  204.278    0    0  (Gen:  0)
 27682008      4808  65073696  0.000  0.000 1501.516  204.311    0    0  (Gen:  0)
 28163208      4912  65074408  0.000  0.000 1501.750  204.346    0    0  (Gen:  0)
 30242504      4296  65074432  0.000  0.000 1502.000  204.383    0    0  (Gen:  0)
 23386832      5376  65076216  0.000  0.000 1502.188  204.411    0    0  (Gen:  0)
 30294976      4408  65075696  0.000  0.000 1502.422  204.449    0    0  (Gen:  0)
 28684912      4936  65076784  0.000  0.000 1502.797  204.485    0    0  (Gen:  0)
 31209096      4440  65076768  0.000  0.000 1503.047  204.525    0    0  (Gen:  0)
 30397056      5368  65078144  0.000  0.000 1503.422  204.563    0    0  (Gen:  0)
 28292880      5408  65078760  0.000  0.000 1503.656  204.597    0    0  (Gen:  0)
 30922456      5352  65079184  0.000  0.000 1503.906  204.636    0    0  (Gen:  0)
 30897944      4688  65079096  0.000  0.000 1504.281  204.673    0    0  (Gen:  0)
 30287640      5768  65080720  0.000  0.000 1504.516  204.710    0    0  (Gen:  0)
 29911392      6504  65082000  0.000  0.000 1504.719  204.747    0    0  (Gen:  0)
 23979536  61219224  65028584  0.141  0.027 1505.109  204.803    0    0  (Gen:  1)
 30758672      6888  64997672  0.000  0.000 1505.344  204.840    0    0  (Gen:  0)
 30754672      7456  64998784  0.000  0.000 1505.703  204.879    0    0  (Gen:  0)
 21078024      5024  64996768  0.000  0.000 1505.750  204.903    0    0  (Gen:  0)
 25454656      5280  64997424  0.000  0.000 1506.000  204.933    0    0  (Gen:  0)
 29933352      5192  64998456  0.000  0.000 1506.359  204.970    0    0  (Gen:  0)
 29888864      4904  64998984  0.000  0.000 1506.609  205.007    0    0  (Gen:  0)
 30351512      5968  65000464  0.000  0.000 1506.984  205.046    0    0  (Gen:  0)
 30173544      4736  64999664  0.000  0.000 1507.203  205.084    0    0  (Gen:  0)
 26586280      5320  65033456  0.000  0.000 1507.438  205.117    0    0  (Gen:  0)
 29359136      6376  65034928  0.000  0.000 1507.688  205.153    0    0  (Gen:  0)
 30818136      5384  65034352  0.000  0.000 1508.047  205.191    0    0  (Gen:  0)
 29459496      5160  65034576  0.000  0.000 1508.281  205.227    0    0  (Gen:  0)
 29077288      5408  65035336  0.000  0.000 1508.531  205.263    0    0  (Gen:  0)
 30493936      4448  65034824  0.000  0.000 1508.906  205.301    0    0  (Gen:  0)
 30687248      6232  65037184  0.000  0.000 1509.141  205.339    0    0  (Gen:  0)
 29322472      4584  65036048  0.000  0.000 1509.500  205.376    0    0  (Gen:  0)
 28965768      5304  65037296  0.000  0.000 1509.734  205.411    0    0  (Gen:  0)
 28568640      5296  65037872  0.000  0.000 1509.969  205.447    0    0  (Gen:  0)
 26666704      4192  65037152  0.000  0.000 1510.203  205.480    0    0  (Gen:  0)
 28492720      4688  65038160  0.000  0.000 1510.562  205.514    0    0  (Gen:  0)
 26955032      4952  65038968  0.000  0.000 1510.797  205.549    0    0  (Gen:  0)
 23457840      4280  65038744  0.000  0.005 1510.891  205.586    0    0  (Gen:  0)
 21875728      4192  65039168  0.000  0.000 1511.078  205.611    0    0  (Gen:  0)
 27113792      4368  65040368  0.000  0.000 1511.328  205.644    0    0  (Gen:  0)
 30940016      5184  65042272  0.000  0.000 1511.578  205.682    0    0  (Gen:  0)
 29869640      5016  65042632  0.000  0.000 1511.906  205.720    0    0  (Gen:  0)
 29991688      5096  65043192  0.000  0.000 1512.156  205.757    0    0  (Gen:  0)
 30902080      4616  65043128  0.000  0.000 1512.531  205.795    0    0  (Gen:  0)
 29678336      4800  65043888  0.000  0.000 1512.766  205.831    0    0  (Gen:  0)
 28110376      4576  65044144  0.000  0.000 1512.984  205.866    0    0  (Gen:  0)
 29493160      5392  65045408  0.000  0.000 1513.219  205.903    0    0  (Gen:  0)
 31248072      5048  65045624  0.000  0.000 1513.578  205.942    0    0  (Gen:  0)
 31580576      5264  65046320  0.000  0.000 1513.828  205.981    0    0  (Gen:  0)
 30196616  61161192  64970560  0.047  0.027 1514.250  206.046    0    0  (Gen:  1)
 30412032      4768  64971152  0.000  0.000 1514.484  206.083    0    0  (Gen:  0)
 30503936      4920  64971848  0.000  0.000 1514.734  206.121    0    0  (Gen:  0)
 30753928      5880  64973256  0.000  0.000 1515.109  206.159    0    0  (Gen:  0)
 28748800      4488  64972376  0.000  0.000 1515.328  206.194    0    0  (Gen:  0)
 30266840      5024  64973392  0.000  0.000 1515.562  206.231    0    0  (Gen:  0)
 30688944      5352  64974200  0.000  0.000 1515.938  206.269    0    0  (Gen:  0)
 30647360      4984  64974344  0.000  0.000 1516.188  206.307    0    0  (Gen:  0)
 30333584      4352  64974192  0.000  0.000 1516.531  206.345    0    0  (Gen:  0)
 29397640      4712  64975128  0.000  0.000 1516.766  206.381    0    0  (Gen:  0)
 27328648      5368  64976296  0.000  0.000 1517.016  206.414    0    0  (Gen:  0)
 30307952      5176  64976680  0.000  0.000 1517.250  206.451    0    0  (Gen:  0)
 30682784      3864  64975944  0.000  0.000 1517.625  206.489    0    0  (Gen:  0)
 28403336      6472  64979096  0.000  0.000 1517.859  206.523    0    0  (Gen:  0)
 30129928      6000  64979072  0.000  0.000 1518.094  206.560    0    0  (Gen:  0)
 30670320      4528  65010904  0.000  0.000 1518.453  206.597    0    0  (Gen:  0)
 29885960      5440  65012360  0.000  0.000 1518.703  206.632    0    0  (Gen:  0)
 29819512      4120  65011520  0.000  0.000 1518.953  206.667    0    0  (Gen:  0)
 29190040      5336  65013392  0.000  0.000 1519.281  206.702    0    0  (Gen:  0)
 30128584      5256  65013760  0.000  0.000 1519.516  206.739    0    0  (Gen:  0)
 30781280      5088  65014136  0.000  0.000 1519.766  206.776    0    0  (Gen:  0)
 30812640      5008  65014664  0.000  0.000 1520.141  206.813    0    0  (Gen:  0)
 29356296      3904  65014176  0.000  0.000 1520.359  206.848    0    0  (Gen:  0)
 30540368      4760  65015592  0.000  0.000 1520.609  206.885    0    0  (Gen:  0)
 30033320      4136  65015480  0.000  0.000 1520.969  206.921    0    0  (Gen:  0)
 30226408      5080  65016936  0.000  0.000 1521.188  206.958    0    0  (Gen:  0)
 26331120      4024  65016328  0.000  0.000 1521.422  206.989    0    0  (Gen:  0)
 29199168      3928  65016744  0.000  0.000 1521.641  207.024    0    0  (Gen:  0)
 30792992      5360  65018656  0.000  0.000 1522.016  207.061    0    0  (Gen:  0)
 27345904      4368  65018208  0.000  0.000 1522.250  207.094    0    0  (Gen:  0)
 30941416      4424  65018744  0.000  0.000 1522.500  207.132    0    0  (Gen:  0)
 25405968  61109384  64984280  0.141  0.027 1522.891  207.189    0    0  (Gen:  1)
 30651592      6032  64953232  0.000  0.000 1523.141  207.227    0    0  (Gen:  0)
 31026160      5152  64952896  0.000  0.000 1523.516  207.264    0    0  (Gen:  0)
 30771360      7216  64955472  0.000  0.000 1523.766  207.301    0    0  (Gen:  0)
 26033536      6864  64989000  0.000  0.000 1523.953  207.332    0    0  (Gen:  0)
 30147720      5136  64988168  0.000  0.000 1524.188  207.368    0    0  (Gen:  0)
 29380128      4136  64987744  0.000  0.000 1524.531  207.405    0    0  (Gen:  0)
 29459320      5880  64990064  0.000  0.000 1524.781  207.441    0    0  (Gen:  0)
 30593800      4248  64988976  0.000  0.000 1525.031  207.477    0    0  (Gen:  0)
 30437152      4304  64989640  0.000  0.000 1525.391  207.514    0    0  (Gen:  0)
 31285608      4912  64990728  0.000  0.000 1525.641  207.552    0    0  (Gen:  0)
 27851944      4816  64991240  0.000  0.000 1525.875  207.585    0    0  (Gen:  0)
 29817128      4456  64991424  0.000  0.000 1526.125  207.621    0    0  (Gen:  0)
 19750336      4696  64992248  0.000  0.000 1526.359  207.672    0    0  (Gen:  0)
 29658720      4296  64992168  0.000  0.000 1526.578  207.707    0    0  (Gen:  0)
 21775176      4832  64993312  0.000  0.000 1526.781  207.734    0    0  (Gen:  0)
 30688512      4480  64993408  0.000  0.000 1527.031  207.772    0    0  (Gen:  0)
 29319696      4456  64993928  0.000  0.000 1527.266  207.807    0    0  (Gen:  0)
 28998432      4088  64994136  0.000  0.000 1527.609  207.842    0    0  (Gen:  0)
 28571512      4048  64994640  0.000  0.000 1527.844  207.877    0    0  (Gen:  0)
 30894080      4776  64995912  0.000  0.000 1528.094  207.915    0    0  (Gen:  0)
 29062768      4520  64996264  0.000  0.000 1528.297  207.950    0    0  (Gen:  0)
 30960944      4544  64996896  0.000  0.000 1528.641  207.988    0    0  (Gen:  0)
 30246928      4160  64997056  0.000  0.000 1528.891  208.024    0    0  (Gen:  0)
 27986496      4856  64998328  0.000  0.000 1529.141  208.058    0    0  (Gen:  0)
 31100328      4296  64998440  0.000  0.000 1529.500  208.095    0    0  (Gen:  0)
 29077256      6560  65001280  0.000  0.000 1529.734  208.130    0    0  (Gen:  0)
 29123144      4976  65000240  0.000  0.000 1529.953  208.165    0    0  (Gen:  0)
 29893432      4736  65000544  0.000  0.000 1530.312  208.202    0    0  (Gen:  0)
 30969280      4984  65001368  0.000  0.000 1530.547  208.240    0    0  (Gen:  0)
 30230160      5056  65002016  0.000  0.000 1530.797  208.278    0    0  (Gen:  0)
 30427832      4288  65001824  0.000  0.000 1531.156  208.315    0    0  (Gen:  0)
 30388072      4600  65002680  0.000  0.000 1531.391  208.353    0    0  (Gen:  0)
 30202984      4552  65003240  0.000  0.000 1531.766  208.390    0    0  (Gen:  0)
 29001712      4112  65003280  0.000  0.000 1532.016  208.425    0    0  (Gen:  0)
 28760488      4280  65003960  0.000  0.000 1532.266  208.461    0    0  (Gen:  0)
 25911840      5720  65005880  0.000  0.000 1532.500  208.492    0    0  (Gen:  0)
 30463392  61039640  64914544  0.016  0.028 1532.891  208.557    0    0  (Gen:  1)
 30525704      5592  64916592  0.000  0.000 1533.234  208.594    0    0  (Gen:  0)
 23690520      5648  64917224  0.000  0.000 1533.359  208.622    0    0  (Gen:  0)
 30785808      4880  64917672  0.000  0.000 1533.703  208.659    0    0  (Gen:  0)
 30800696      4368  64917928  0.000  0.000 1533.922  208.697    0    0  (Gen:  0)
 30704936      4864  64918904  0.000  0.000 1534.281  208.736    0    0  (Gen:  0)
 30506504      6400  64920984  0.000  0.000 1534.531  208.773    0    0  (Gen:  0)
 27798704      4056  64919152  0.000  0.000 1534.766  208.807    0    0  (Gen:  0)
 28319328      4032  64919640  0.000  0.000 1534.953  208.841    0    0  (Gen:  0)
 30625896      4424  64920480  0.000  0.000 1535.312  208.879    0    0  (Gen:  0)
 30229880      4480  64921016  0.000  0.000 1535.562  208.917    0    0  (Gen:  0)
 28121584      4552  64921632  0.000  0.000 1535.922  208.952    0    0  (Gen:  0)
 29948728      4808  64922368  0.000  0.000 1536.172  208.990    0    0  (Gen:  0)
 29884400      6256  64924232  0.000  0.000 1536.422  209.027    0    0  (Gen:  0)
 29577216      5576  64923968  0.000  0.000 1536.797  209.064    0    0  (Gen:  0)
 30553800      4736  64923640  0.000  0.000 1537.031  209.101    0    0  (Gen:  0)
 29044072      4816  64924232  0.000  0.000 1537.266  209.137    0    0  (Gen:  0)
 30232848      5304  64925248  0.000  0.000 1537.625  209.175    0    0  (Gen:  0)
 30710864      5512  64925872  0.000  0.000 1537.844  209.212    0    0  (Gen:  0)
 29799208      5096  64926032  0.000  0.000 1538.219  209.249    0    0  (Gen:  0)
 30584592      5688  64959928  0.000  0.000 1538.453  209.286    0    0  (Gen:  0)
 30862560      4696  64926752  0.000  0.000 1538.703  209.325    0    0  (Gen:  0)
 30094712      4504  64927136  0.000  0.000 1539.047  209.362    0    0  (Gen:  0)
 29687192      5264  64928568  0.000  0.000 1539.297  209.399    0    0  (Gen:  0)
 29298792      4424  64961080  0.000  0.000 1539.516  209.434    0    0  (Gen:  0)
 28651336      4616  64929088  0.000  0.000 1539.875  209.468    0    0  (Gen:  0)
 29765240      5832  64964168  0.000  0.000 1540.125  209.502    0    0  (Gen:  0)
 13504504  60988688  64896352  0.016  0.026 1540.250  209.544    0    0  (Gen:  1)
 30197336      4600  64897312  0.000  0.000 1540.547  209.581    0    0  (Gen:  0)
 28935480      5896  64899312  0.000  0.000 1540.797  209.616    0    0  (Gen:  0)
 28536712      4568  64898464  0.000  0.000 1541.031  209.649    0    0  (Gen:  0)
 30678944      5960  64900464  0.000  0.000 1541.391  209.686    0    0  (Gen:  0)
 31091592      5104  64900216  0.000  0.000 1541.641  209.723    0    0  (Gen:  0)
 21756712      4344  64900064  0.000  0.005 1541.797  209.776    0    0  (Gen:  0)
 27249568      5592  64901632  0.000  0.000 1542.000  209.808    0    0  (Gen:  0)
 29543088      4456  64901008  0.000  0.000 1542.344  209.844    0    0  (Gen:  0)
 31333976      5248  64902320  0.000  0.000 1542.594  209.883    0    0  (Gen:  0)
 30209640      4920  64902600  0.000  0.000 1542.797  209.918    0    0  (Gen:  0)
 30968992      5184  64903440  0.000  0.000 1543.156  209.956    0    0  (Gen:  0)
 29457752      4512  64903344  0.000  0.000 1543.406  209.992    0    0  (Gen:  0)
 29907096      5352  64904728  0.000  0.000 1543.641  210.028    0    0  (Gen:  0)
 23775088      3864  64903784  0.000  0.000 1543.875  210.058    0    0  (Gen:  0)
 31555744      5576  64905912  0.000  0.000 1544.234  210.096    0    0  (Gen:  0)
 31268832      4992  64905904  0.000  0.000 1544.484  210.134    0    0  (Gen:  0)
 31261296      4584  64906008  0.000  0.000 1544.844  210.172    0    0  (Gen:  0)
 30735432      5392  64907424  0.000  0.000 1545.094  210.209    0    0  (Gen:  0)
 26468320      4488  64907096  0.000  0.000 1545.312  210.241    0    0  (Gen:  0)
 31010648      6824  64909976  0.016  0.000 1545.625  210.279    0    0  (Gen:  0)
 31104272      5288  64908888  0.000  0.000 1545.875  210.317    0    0  (Gen:  0)
 31164296      5432  64909608  0.000  0.000 1546.109  210.355    0    0  (Gen:  0)
 29441464      3840  64908528  0.000  0.000 1546.469  210.391    0    0  (Gen:  0)
 31168368      4688  64909920  0.000  0.000 1546.703  210.429    0    0  (Gen:  0)
 27437632      5144  64910952  0.000  0.000 1546.938  210.464    0    0  (Gen:  0)
 30334168      3928  64910280  0.000  0.000 1547.297  210.502    0    0  (Gen:  0)
 30340120      5256  64912152  0.000  0.000 1547.531  210.538    0    0  (Gen:  0)
 30520560      4376  64911944  0.000  0.000 1547.781  210.575    0    0  (Gen:  0)
 30361144      3600  64911776  0.000  0.000 1548.141  210.612    0    0  (Gen:  0)
 29427456      5840  64914560  0.000  0.000 1548.375  210.648    0    0  (Gen:  0)
 30755520  60934192  64841864  0.031  0.028 1548.656  210.713    0    0  (Gen:  1)
 30584904      4560  64841592  0.000  0.000 1549.016  210.751    0    0  (Gen:  0)
 30639024      5512  64843152  0.000  0.000 1549.266  210.787    0    0  (Gen:  0)
 30554936      5456  64843704  0.000  0.000 1549.500  210.824    0    0  (Gen:  0)
 27114432      5048  64843744  0.000  0.000 1549.719  210.856    0    0  (Gen:  0)
 30466344      4864  64844104  0.000  0.000 1550.078  210.892    0    0  (Gen:  0)
 29890816      5680  64845528  0.000  0.000 1550.312  210.928    0    0  (Gen:  0)
 30109048      4880  64845208  0.000  0.000 1550.562  210.964    0    0  (Gen:  0)
 30133920      5256  64846096  0.000  0.000 1550.938  211.000    0    0  (Gen:  0)
 28611136      5184  64846664  0.000  0.000 1551.172  211.034    0    0  (Gen:  0)
 29866552      4800  64846888  0.000  0.000 1551.422  211.070    0    0  (Gen:  0)
 29262448      5840  64848504  0.000  0.000 1551.656  211.105    0    0  (Gen:  0)
 28163912      6400  64849608  0.000  0.000 1551.875  211.138    0    0  (Gen:  0)
 31050128      4496  64848312  0.000  0.000 1552.250  211.175    0    0  (Gen:  0)
 28596288      7232  64851592  0.000  0.000 1552.484  211.210    0    0  (Gen:  0)
 31438704      5032  64849968  0.000  0.000 1552.719  211.247    0    0  (Gen:  0)
 30539392      5376  64850728  0.000  0.000 1553.094  211.283    0    0  (Gen:  0)
 28403272      5888  64852168  0.000  0.000 1553.344  211.316    0    0  (Gen:  0)
 28142456      5360  64852888  0.000  0.000 1553.578  211.349    0    0  (Gen:  0)
 26490008      5432  64853952  0.000  0.000 1553.797  211.379    0    0  (Gen:  0)
 30338448      5088  64854632  0.000  0.000 1554.047  211.417    0    0  (Gen:  0)
 29536688      5584  64855672  0.000  0.000 1554.391  211.453    0    0  (Gen:  0)
 28265024      4880  64855416  0.000  0.000 1554.562  211.488    0    0  (Gen:  0)
 28127008      4888  64855936  0.000  0.000 1554.781  211.523    0    0  (Gen:  0)
 29939656      5288  64856752  0.000  0.000 1555.031  211.560    0    0  (Gen:  0)
 30534168      4800  64856648  0.000  0.000 1555.375  211.598    0    0  (Gen:  0)
 30582488      4440  64856768  0.000  0.000 1555.609  211.636    0    0  (Gen:  0)
 17969408      6176  64859048  0.000  0.000 1555.844  211.657    0    0  (Gen:  0)
 29824168      5128  64858288  0.000  0.000 1556.078  211.695    0    0  (Gen:  0)
 27211040      4648  64858368  0.000  0.000 1556.297  211.727    0    0  (Gen:  0)
 27759248      4496  64859112  0.000  0.000 1556.547  211.761    0    0  (Gen:  0)
 15449432  60872088  64779760  0.016  0.027 1556.812  211.807    0    0  (Gen:  1)
 29617648      4728  64780736  0.000  0.000 1557.172  211.844    0    0  (Gen:  0)
 30365968      4408  64780960  0.000  0.000 1557.406  211.883    0    0  (Gen:  0)
 28985512      4040  64781200  0.000  0.000 1557.656  211.919    0    0  (Gen:  0)
 29823672      4240  64781912  0.000  0.000 1558.031  211.957    0    0  (Gen:  0)
 28278368      5296  64783512  0.000  0.000 1558.250  211.993    0    0  (Gen:  0)
 27523032      4656  64783352  0.000  0.000 1558.484  212.029    0    0  (Gen:  0)
 26913712      4920  64784160  0.000  0.000 1558.844  212.061    0    0  (Gen:  0)
 29470640      4280  64784064  0.000  0.000 1559.078  212.098    0    0  (Gen:  0)
 30067968      4400  64784728  0.000  0.000 1559.328  212.136    0    0  (Gen:  0)
 29765624      4600  64785616  0.000  0.000 1559.688  212.172    0    0  (Gen:  0)
 30316256      4112  64785736  0.000  0.000 1559.922  212.210    0    0  (Gen:  0)
 30377280      4176  64786344  0.078  0.000 1560.281  212.248    0    0  (Gen:  0)
 30207488      5416  64788128  0.000  0.000 1560.500  212.286    0    0  (Gen:  0)
 17085552      4336  64787592  0.000  0.000 1560.609  212.315    0    0  (Gen:  0)
 16428360      4520  64788256  0.000  0.000 1560.641  212.339    0    0  (Gen:  0)
 22401936      5848  64790144  0.000  0.000 1560.828  212.369    0    0  (Gen:  0)
 27552768      5448  64790224  0.000  0.000 1561.047  212.404    0    0  (Gen:  0)
 30557544      4264  64789600  0.000  0.000 1561.391  212.441    0    0  (Gen:  0)
 29943784      4608  64790488  0.000  0.000 1561.625  212.478    0    0  (Gen:  0)
 29669128      4328  64790720  0.000  0.000 1561.844  212.514    0    0  (Gen:  0)
 30664272      5376  64792248  0.000  0.000 1562.203  212.551    0    0  (Gen:  0)
 30266008      4152  64791600  0.000  0.000 1562.422  212.588    0    0  (Gen:  0)
 26807328      5864  64826584  0.000  0.000 1562.641  212.620    0    0  (Gen:  0)
 28349264      4776  64825944  0.000  0.000 1562.891  212.653    0    0  (Gen:  0)
 30707864      6664  64828376  0.000  0.000 1563.266  212.690    0    0  (Gen:  0)
 24805272      5368  64827784  0.000  0.000 1563.500  212.718    0    0  (Gen:  0)
 29924224      5192  64828792  0.000  0.000 1563.750  212.754    0    0  (Gen:  0)
 29499752      4752  64828928  0.000  0.000 1564.000  212.789    0    0  (Gen:  0)
 29672208      5672  64830360  0.000  0.000 1564.250  212.825    0    0  (Gen:  0)
 28872816      4880  64830048  0.000  0.000 1564.609  212.860    0    0  (Gen:  0)
 27103696      4456  64830208  0.000  0.000 1564.859  212.893    0    0  (Gen:  0)
 29132256      4856  64831120  0.000  0.000 1565.109  212.928    0    0  (Gen:  0)
 25207552      4592  64864256  0.000  0.000 1565.328  212.958    0    0  (Gen:  0)
 22133168  60814016  64787216  0.016  0.026 1565.594  213.011    0    0  (Gen:  1)
 30128976      4224  64786656  0.000  0.000 1565.969  213.048    0    0  (Gen:  0)
 31284064      4528  64787584  0.000  0.000 1566.172  213.085    0    0  (Gen:  0)
 30457640      4320  64787952  0.000  0.000 1566.422  213.122    0    0  (Gen:  0)
 30208032      4528  64788688  0.000  0.000 1566.797  213.159    0    0  (Gen:  0)
 30927480      4312  64788952  0.000  0.000 1567.047  213.197    0    0  (Gen:  0)
 30088144      5120  64790272  0.000  0.000 1567.406  213.234    0    0  (Gen:  0)
 30192888      4888  64790552  0.000  0.000 1567.641  213.271    0    0  (Gen:  0)
 29957856      4976  64791184  0.000  0.000 1567.891  213.308    0    0  (Gen:  0)
 30720288      5192  64791952  0.000  0.000 1568.266  213.346    0    0  (Gen:  0)
 30740416      4416  64791720  0.000  0.000 1568.516  213.384    0    0  (Gen:  0)
 25618768      5232  64793048  0.000  0.000 1568.734  213.415    0    0  (Gen:  0)
 30520792      4976  64793240  0.000  0.000 1569.078  213.453    0    0  (Gen:  0)
 30144472      5464  64794272  0.000  0.000 1569.328  213.489    0    0  (Gen:  0)
 30388160      4192  64793544  0.000  0.000 1569.562  213.527    0    0  (Gen:  0)
 29309296      5776  64795576  0.000  0.000 1569.922  213.564    0    0  (Gen:  0)
 27992136      6992  64797208  0.000  0.000 1570.141  213.597    0    0  (Gen:  0)
 26476496      5088  64796104  0.000  0.000 1570.391  213.628    0    0  (Gen:  0)
 29478248      5280  64797512  0.000  0.000 1570.625  213.664    0    0  (Gen:  0)
 28012424      4464  64797176  0.000  0.000 1570.859  213.699    0    0  (Gen:  0)
 30448216      4912  64798104  0.000  0.000 1571.219  213.737    0    0  (Gen:  0)
 22249104      5360  64798936  0.000  0.000 1571.438  213.764    0    0  (Gen:  0)
 30497856      5504  64799496  0.000  0.000 1571.688  213.802    0    0  (Gen:  0)
 30836080      5592  64800144  0.000  0.000 1571.906  213.840    0    0  (Gen:  0)
 30766512      5056  64800024  0.000  0.000 1572.266  213.878    0    0  (Gen:  0)
 30512432      5120  64800568  0.000  0.000 1572.516  213.915    0    0  (Gen:  0)
 30510112      7688  64803616  0.000  0.000 1572.891  213.952    0    0  (Gen:  0)
 30341200      5184  64801560  0.000  0.000 1573.141  213.989    0    0  (Gen:  0)
 31124904      4664  64801488  0.000  0.000 1573.375  214.028    0    0  (Gen:  0)
 31159560      5736  64803040  0.000  0.000 1573.750  214.066    0    0  (Gen:  0)
 28787384      5360  64803112  0.000  0.000 1573.984  214.100    0    0  (Gen:  0)
 28624520      5560  64803792  0.000  0.000 1574.234  214.135    0    0  (Gen:  0)
 28653784  60760232  64733440  0.125  0.027 1574.594  214.197    0    0  (Gen:  1)
 29586408      5320  64734256  0.000  0.000 1574.938  214.233    0    0  (Gen:  0)
 26460928      4512  64733960  0.000  0.000 1575.172  214.264    0    0  (Gen:  0)
 31225448      4392  64734304  0.000  0.000 1575.422  214.302    0    0  (Gen:  0)
 29450352      4280  64734768  0.000  0.000 1575.656  214.338    0    0  (Gen:  0)
 28937608      4512  64735544  0.000  0.000 1575.906  214.372    0    0  (Gen:  0)
 29793656      5976  64737584  0.000  0.000 1576.250  214.408    0    0  (Gen:  0)
 17795184      5560  64737616  0.000  0.006 1576.344  214.443    0    0  (Gen:  0)
  5210592      3896  64736312  0.000  0.000 1576.359  214.452    0    0  (Gen:  0)
 24476384      7504  64741592  0.062  0.000 1576.516  214.482    0    0  (Gen:  0)
 24099104      5304  64742088  0.000  0.000 1576.625  214.513    0    0  (Gen:  0)
 30727032      4408  64742272  0.000  0.000 1577.000  214.550    0    0  (Gen:  0)
 30650760      4592  64742936  0.000  0.000 1577.219  214.588    0    0  (Gen:  0)
 28872984      4984  64743840  0.000  0.000 1577.438  214.623    0    0  (Gen:  0)
 30449944      4664  64744000  0.000  0.000 1577.781  214.659    0    0  (Gen:  0)
 27674088      6048  64745960  0.000  0.000 1577.969  214.693    0    0  (Gen:  0)
 30252448      5792  64746184  0.000  0.000 1578.203  214.729    0    0  (Gen:  0)
 30642624      6672  64747576  0.000  0.000 1578.578  214.766    0    0  (Gen:  0)
 28357128      5640  64746992  0.000  0.000 1578.812  214.800    0    0  (Gen:  0)
 30870832      4976  64746776  0.000  0.000 1579.047  214.838    0    0  (Gen:  0)
 30617896      5688  64747936  0.000  0.000 1579.406  214.875    0    0  (Gen:  0)
 29915688      4680  64747440  0.000  0.000 1579.625  214.911    0    0  (Gen:  0)
 30759352      5248  64748520  0.000  0.000 1579.875  214.948    0    0  (Gen:  0)
 31004376      4872  64748656  0.000  0.000 1580.219  214.986    0    0  (Gen:  0)
 30517784      4376  64748672  0.000  0.000 1580.453  215.023    0    0  (Gen:  0)
 30023232      4064  64748872  0.000  0.000 1580.703  215.059    0    0  (Gen:  0)
 27021224      4296  64749680  0.000  0.000 1581.000  215.094    0    0  (Gen:  0)
 31051856      4368  64750296  0.000  0.000 1581.250  215.131    0    0  (Gen:  0)
 30940896  60715560  64688768  0.125  0.026 1581.625  215.195    0    0  (Gen:  1)
 30529896      4936  64690248  0.000  0.000 1581.984  215.233    0    0  (Gen:  0)
 28904504      4944  64690832  0.000  0.000 1582.219  215.268    0    0  (Gen:  0)
 31471288      4504  64690904  0.000  0.000 1582.469  215.307    0    0  (Gen:  0)
 31001208      4856  64691832  0.000  0.000 1582.844  215.344    0    0  (Gen:  0)
 31394000      5496  64693016  0.000  0.000 1583.078  215.382    0    0  (Gen:  0)
 31029128      4704  64692800  0.000  0.000 1583.328  215.419    0    0  (Gen:  0)
 28793680      4688  64693424  0.000  0.000 1583.703  215.454    0    0  (Gen:  0)
 30306192      5216  64694528  0.000  0.000 1583.922  215.491    0    0  (Gen:  0)
 30007248      4792  64694616  0.000  0.000 1584.156  215.527    0    0  (Gen:  0)
 31716552      4592  64695024  0.000  0.000 1584.531  215.566    0    0  (Gen:  0)
 29015496      5064  64696136  0.000  0.000 1584.781  215.600    0    0  (Gen:  0)
 27323576      4808  64696392  0.000  0.000 1584.984  215.632    0    0  (Gen:  0)
 30635432      4320  64696448  0.000  0.000 1585.203  215.669    0    0  (Gen:  0)
 30636568      4832  64697632  0.000  0.000 1585.578  215.705    0    0  (Gen:  0)
 30842680      4752  64698160  0.000  0.000 1585.812  215.742    0    0  (Gen:  0)
 27925928      4536  64698552  0.000  0.000 1586.031  215.776    0    0  (Gen:  0)
 29066520      4576  64699072  0.000  0.000 1586.281  215.810    0    0  (Gen:  0)
 30791568      5496  64700536  0.000  0.000 1586.641  215.847    0    0  (Gen:  0)
 29736808      5600  64701184  0.000  0.000 1586.875  215.883    0    0  (Gen:  0)
 30983888      5664  64701824  0.000  0.000 1587.109  215.920    0    0  (Gen:  0)
 28544984      7144  64703928  0.000  0.000 1587.438  215.954    0    0  (Gen:  0)
 27453024      5056  64702416  0.000  0.000 1587.672  215.987    0    0  (Gen:  0)
 30676792      5952  64703792  0.000  0.000 1587.906  216.023    0    0  (Gen:  0)
 31025864      6568  64705016  0.000  0.000 1588.156  216.060    0    0  (Gen:  0)
 31355168      5960  64705112  0.000  0.000 1588.531  216.097    0    0  (Gen:  0)
 24029464      5976  64705768  0.000  0.000 1588.734  216.127    0    0  (Gen:  0)
 30156768      5632  64705840  0.000  0.000 1588.969  216.163    0    0  (Gen:  0)
 30513832      5168  64705920  0.000  0.000 1589.219  216.201    0    0  (Gen:  0)
 24220480      7160  64708456  0.000  0.000 1589.453  216.228    0    0  (Gen:  0)
 30241984      6520  64709224  0.000  0.000 1589.828  216.265    0    0  (Gen:  0)
 29793128      4864  64708256  0.000  0.000 1590.078  216.301    0    0  (Gen:  0)
 30309648      5120  64709056  0.000  0.000 1590.297  216.339    0    0  (Gen:  0)
 30533312      5704  64710216  0.000  0.000 1590.656  216.376    0    0  (Gen:  0)
 30499296  60651528  64624736  0.125  0.030 1591.031  216.444    0    0  (Gen:  1)
 30137048      4152  64624256  0.000  0.000 1591.266  216.480    0    0  (Gen:  0)
 31054248      5264  64625880  0.000  0.000 1591.594  216.519    0    0  (Gen:  0)
 30604544      6016  64627144  0.000  0.000 1591.844  216.557    0    0  (Gen:  0)
 30546896      5528  64627200  0.000  0.000 1592.203  216.594    0    0  (Gen:  0)
 14137736      4832  64627112  0.000  0.000 1592.234  216.631    0    0  (Gen:  0)
 27659232      5176  64627840  0.000  0.000 1592.438  216.669    0    0  (Gen:  0)
 27283216      5264  64628504  0.000  0.000 1592.797  216.702    0    0  (Gen:  0)
 30651000      4520  64628272  0.000  0.000 1593.031  216.740    0    0  (Gen:  0)
 30711536      5344  64629640  0.000  0.000 1593.281  216.777    0    0  (Gen:  0)
 27565584      5480  64630320  0.000  0.000 1593.516  216.810    0    0  (Gen:  0)
 28768272      4064  64629416  0.000  0.000 1593.875  216.845    0    0  (Gen:  0)
 30364896      5552  64631384  0.000  0.000 1594.109  216.883    0    0  (Gen:  0)
 29863432      4376  64630752  0.000  0.000 1594.344  216.920    0    0  (Gen:  0)
 30677048      5224  64632016  0.000  0.000 1594.719  216.958    0    0  (Gen:  0)
 30283232      5184  64632552  0.000  0.000 1594.938  216.995    0    0  (Gen:  0)
 29973608      4784  64632728  0.000  0.000 1595.297  217.032    0    0  (Gen:  0)
 30880112      4960  64633384  0.000  0.000 1595.547  217.069    0    0  (Gen:  0)
 30997536      5576  64634512  0.000  0.000 1595.781  217.107    0    0  (Gen:  0)
 26577808      4984  64634432  0.000  0.000 1596.109  217.139    0    0  (Gen:  0)
 30370192      5608  64635536  0.000  0.000 1596.359  217.177    0    0  (Gen:  0)
 31117024      4928  64635432  0.000  0.000 1596.609  217.215    0    0  (Gen:  0)
 30262544      5608  64636688  0.000  0.000 1596.953  217.253    0    0  (Gen:  0)
 30253696      6248  64637872  0.000  0.000 1597.203  217.290    0    0  (Gen:  0)
 29181200      6288  64638424  0.000  0.000 1597.453  217.325    0    0  (Gen:  0)
 30290760      4816  64638168  0.000  0.000 1597.812  217.362    0    0  (Gen:  0)
 29639544      5208  64639360  0.000  0.000 1598.062  217.399    0    0  (Gen:  0)
 30927840      5192  64639920  0.000  0.000 1598.438  217.437    0    0  (Gen:  0)
 27877992      4624  64639928  0.000  0.000 1598.656  217.471    0    0  (Gen:  0)
 28551504      4680  64640464  0.000  0.000 1598.891  217.506    0    0  (Gen:  0)
 29868112      4504  64640768  0.000  0.000 1599.141  217.543    0    0  (Gen:  0)
 14760312  60595832  64569040  0.016  0.025 1599.406  217.587    0    0  (Gen:  1)
 28860672      4528  64569824  0.000  0.000 1599.656  217.623    0    0  (Gen:  0)
 30594696      3856  64569632  0.000  0.000 1600.016  217.662    0    0  (Gen:  0)
 29840240      4048  64570400  0.000  0.000 1600.266  217.699    0    0  (Gen:  0)
 30824840      4640  64571664  0.000  0.000 1600.625  217.737    0    0  (Gen:  0)
 30999384      4168  64571800  0.000  0.000 1600.875  217.775    0    0  (Gen:  0)
 28871824      4304  64572544  0.000  0.000 1601.109  217.811    0    0  (Gen:  0)
 29959440      4536  64573320  0.000  0.000 1601.344  217.848    0    0  (Gen:  0)
 29638248      4632  64574056  0.000  0.000 1601.562  217.885    0    0  (Gen:  0)
 23981120      5680  64575616  0.000  0.000 1601.812  217.912    0    0  (Gen:  0)
 28202968      4832  64576336  0.000  0.000 1602.047  217.948    0    0  (Gen:  0)
 20897272      4120  64576200  0.000  0.000 1602.172  217.974    0    0  (Gen:  0)
 30009776      4712  64577240  0.000  0.000 1602.391  218.011    0    0  (Gen:  0)
 29926880      4264  64577448  0.000  0.000 1602.766  218.048    0    0  (Gen:  0)
 30563600      4504  64578296  0.000  0.000 1602.984  218.085    0    0  (Gen:  0)
 29984544      4864  64579264  0.000  0.000 1603.234  218.123    0    0  (Gen:  0)
 27894312      4096  64579008  0.000  0.000 1603.578  218.157    0    0  (Gen:  0)
 29974064      5296  64580752  0.000  0.000 1603.812  218.195    0    0  (Gen:  0)
 30291040      5128  64581160  0.000  0.000 1604.047  218.232    0    0  (Gen:  0)
 30352000      6048  64582528  0.000  0.000 1604.422  218.270    0    0  (Gen:  0)
 29874624      5216  64582272  0.000  0.000 1604.672  218.307    0    0  (Gen:  0)
 30236832      4856  64582360  0.000  0.000 1605.047  218.344    0    0  (Gen:  0)
 30693200      5560  64583640  0.000  0.000 1605.281  218.382    0    0  (Gen:  0)
 30039568      3984  64582544  0.000  0.000 1605.656  218.420    0    0  (Gen:  0)
 27498680      3976  64583016  0.000  0.000 1605.875  218.454    0    0  (Gen:  0)
 28040888      4584  64584168  0.000  0.000 1606.094  218.488    0    0  (Gen:  0)
 29371936      4136  64584248  0.000  0.000 1606.344  218.525    0    0  (Gen:  0)
 30180152      4408  64585032  0.000  0.000 1606.719  218.563    0    0  (Gen:  0)
 30697632      5744  64586880  0.000  0.000 1606.938  218.600    0    0  (Gen:  0)
 26814472      5576  64587224  0.000  0.000 1607.156  218.632    0    0  (Gen:  0)
 28416000      4696  64587496  0.000  0.000 1607.406  218.666    0    0  (Gen:  0)
 30601928  60535224  64508432  0.016  0.026 1607.797  218.730    0    0  (Gen:  1)
 30508288      4752  64509312  0.000  0.000 1608.172  218.769    0    0  (Gen:  0)
 17761536      3952  64509024  0.000  0.005 1608.281  218.797    0    0  (Gen:  0)
 10689400      4352  64509888  0.000  0.000 1608.297  218.815    0    0  (Gen:  0)
 25423544      6664  64514472  0.000  0.000 1608.484  218.847    0    0  (Gen:  0)
 29060080      4512  64514920  0.000  0.000 1608.734  218.883    0    0  (Gen:  0)
 29555328      4872  64516152  0.000  0.000 1608.984  218.920    0    0  (Gen:  0)
 30213240      4624  64516416  0.000  0.000 1609.344  218.958    0    0  (Gen:  0)
 30725592      5248  64517584  0.000  0.000 1609.578  218.996    0    0  (Gen:  0)
 29325968      4288  64517232  0.000  0.000 1609.938  219.032    0    0  (Gen:  0)
 30571888      4864  64518256  0.000  0.000 1610.188  219.070    0    0  (Gen:  0)
 30168120      5176  64519048  0.000  0.000 1610.438  219.107    0    0  (Gen:  0)
 30011984      4688  64519072  0.000  0.000 1610.781  219.144    0    0  (Gen:  0)
 30177064      4112  64519072  0.000  0.000 1611.031  219.181    0    0  (Gen:  0)
 30691448      4352  64519824  0.000  0.000 1611.391  219.219    0    0  (Gen:  0)
 31837960      4632  64520648  0.000  0.000 1611.641  219.258    0    0  (Gen:  0)
 29792856      5056  64521936  0.000  0.000 1611.891  219.293    0    0  (Gen:  0)
 31475592      4688  64522912  0.000  0.000 1612.266  219.332    0    0  (Gen:  0)
 31502520      4120  64522984  0.000  0.000 1612.500  219.371    0    0  (Gen:  0)
 30888048      5464  64524968  0.000  0.000 1612.875  219.408    0    0  (Gen:  0)
 30337936      5248  64525360  0.000  0.000 1613.109  219.446    0    0  (Gen:  0)
 30835344      5000  64525720  0.000  0.000 1613.453  219.484    0    0  (Gen:  0)
 28717032      4240  64525568  0.000  0.000 1613.688  219.519    0    0  (Gen:  0)
 31276976      4528  64526368  0.000  0.000 1613.922  219.557    0    0  (Gen:  0)
 31083280      4704  64527120  0.000  0.000 1614.297  219.595    0    0  (Gen:  0)
 31231128      4504  64527496  0.000  0.000 1614.547  219.634    0    0  (Gen:  0)
 29354056      5336  64528872  0.000  0.000 1614.781  219.669    0    0  (Gen:  0)
 30111200      5192  64529208  0.000  0.000 1615.156  219.706    0    0  (Gen:  0)
 27788680      4848  64529440  0.000  0.000 1615.359  219.741    0    0  (Gen:  0)
 30292568      5648  64530656  0.000  0.000 1615.594  219.778    0    0  (Gen:  0)
 27843448      4968  64530584  0.000  0.000 1615.922  219.812    0    0  (Gen:  0)
 26106672      4872  64530936  0.000  0.000 1616.047  219.842    0    0  (Gen:  0)
 28123320      4896  64532272  0.000  0.000 1616.391  219.875    0    0  (Gen:  0)
 26980920  60472536  64445744  0.016  0.026 1616.656  219.935    0    0  (Gen:  1)
 27638248      4640  64446176  0.000  0.000 1617.000  219.968    0    0  (Gen:  0)
 28189328      5008  64447152  0.000  0.000 1617.250  220.002    0    0  (Gen:  0)
 30812672      5536  64448160  0.000  0.000 1617.500  220.040    0    0  (Gen:  0)
 30324112      4248  64447448  0.000  0.000 1617.859  220.078    0    0  (Gen:  0)
 27766680      4712  64448392  0.000  0.000 1618.047  220.112    0    0  (Gen:  0)
 30316720      5440  64449600  0.000  0.000 1618.297  220.149    0    0  (Gen:  0)
 29134024      5760  64450464  0.000  0.000 1618.516  220.184    0    0  (Gen:  0)
 30476768      4592  64449744  0.000  0.000 1618.875  220.222    0    0  (Gen:  0)
 29681272      4504  64450136  0.000  0.000 1619.125  220.258    0    0  (Gen:  0)
 22846488      5792  64451872  0.000  0.000 1619.359  220.286    0    0  (Gen:  0)
 30411464      5712  64452176  0.000  0.000 1619.609  220.322    0    0  (Gen:  0)
 30399152      5520  64452544  0.000  0.000 1619.969  220.360    0    0  (Gen:  0)
 30753488      5680  64453248  0.000  0.000 1620.219  220.398    0    0  (Gen:  0)
 25343648      6168  64454360  0.000  0.000 1620.453  220.426    0    0  (Gen:  0)
 26714160      4216  64453784  0.000  0.000 1620.688  220.459    0    0  (Gen:  0)
 28620432      5440  64455520  0.000  0.000 1620.875  220.495    0    0  (Gen:  0)
 29511672      7248  64490504  0.000  0.000 1621.172  220.532    0    0  (Gen:  0)
 30024656      5256  64456232  0.000  0.000 1621.422  220.569    0    0  (Gen:  0)
 29715008      4720  64456208  0.000  0.000 1621.672  220.606    0    0  (Gen:  0)
 31220592      5048  64457016  0.000  0.000 1622.000  220.645    0    0  (Gen:  0)
 29464744      5528  64490672  0.000  0.000 1622.234  220.682    0    0  (Gen:  0)
 30509384      4608  64457344  0.000  0.000 1622.609  220.720    0    0  (Gen:  0)
 30255832      5128  64458408  0.000  0.000 1622.859  220.758    0    0  (Gen:  0)
 27879360      5496  64459288  0.000  0.000 1623.078  220.792    0    0  (Gen:  0)
 29470360      5016  64459256  0.000  0.000 1623.453  220.829    0    0  (Gen:  0)
 30427408      4632  64459320  0.000  0.000 1623.688  220.867    0    0  (Gen:  0)
 29276984      5328  64460592  0.000  0.000 1623.938  220.903    0    0  (Gen:  0)
 28462208      4416  64492920  0.000  0.000 1624.281  220.938    0    0  (Gen:  0)
 30525360      4888  64461112  0.000  0.000 1624.516  220.975    0    0  (Gen:  0)
 30238000      4272  64493672  0.000  0.000 1624.750  221.012    0    0  (Gen:  0)
 29670504      3872  64493752  0.000  0.000 1625.125  221.049    0    0  (Gen:  0)
 29860272      5528  64495888  0.000  0.000 1625.359  221.085    0    0  (Gen:  0)
 27754296      4456  64495296  0.000  0.000 1625.594  221.118    0    0  (Gen:  0)
 27448048      5680  64497064  0.000  0.000 1625.828  221.152    0    0  (Gen:  0)
 30278416      5016  64496976  0.000  0.000 1626.203  221.189    0    0  (Gen:  0)
 27601728  60411624  64417600  0.078  0.027 1626.531  221.250    0    0  (Gen:  1)
 31159872      4400  64418544  0.000  0.000 1626.781  221.288    0    0  (Gen:  0)
 31161816      5464  64420216  0.000  0.000 1627.031  221.326    0    0  (Gen:  0)
 27843360      5408  64420736  0.000  0.000 1627.375  221.360    0    0  (Gen:  0)
 25893176      4352  64420256  0.000  0.000 1627.594  221.390    0    0  (Gen:  0)
 23097192      4456  64420872  0.000  0.008 1627.703  221.426    0    0  (Gen:  0)
 17265856      4192  64421088  0.000  0.000 1627.734  221.451    0    0  (Gen:  0)
 26003888      5520  64422896  0.000  0.000 1627.922  221.483    0    0  (Gen:  0)
 28629520      4472  64422424  0.000  0.000 1628.250  221.519    0    0  (Gen:  0)
 29979712      4736  64423168  0.000  0.000 1628.500  221.556    0    0  (Gen:  0)
 29533488      6280  64425192  0.000  0.000 1628.875  221.592    0    0  (Gen:  0)
 28784648      4392  64423816  0.000  0.000 1629.109  221.627    0    0  (Gen:  0)
 28949256      4528  64424528  0.000  0.000 1629.344  221.663    0    0  (Gen:  0)
 29641560      5112  64425624  0.000  0.000 1629.594  221.700    0    0  (Gen:  0)
 30167096      4480  64425408  0.000  0.000 1629.953  221.737    0    0  (Gen:  0)
 27913952      4952  64426392  0.000  0.000 1630.203  221.770    0    0  (Gen:  0)
 28233720      5008  64427856  0.000  0.000 1630.453  221.804    0    0  (Gen:  0)
 27648600      4784  64428272  0.000  0.000 1630.703  221.838    0    0  (Gen:  0)
 27415832      5792  64429728  0.000  0.000 1630.922  221.871    0    0  (Gen:  0)
 29171128      5328  64429680  0.000  0.000 1631.234  221.907    0    0  (Gen:  0)
 30390912      4840  64429672  0.000  0.000 1631.484  221.944    0    0  (Gen:  0)
 28466888      7240  64432520  0.000  0.000 1631.703  221.979    0    0  (Gen:  0)
 29733360      5576  64431368  0.000  0.000 1632.062  222.014    0    0  (Gen:  0)
 24943456      4560  64430832  0.000  0.000 1632.125  222.044    0    0  (Gen:  0)
 31016120      4640  64431392  0.000  0.000 1632.500  222.082    0    0  (Gen:  0)
 30722000      4752  64432080  0.000  0.000 1632.734  222.119    0    0  (Gen:  0)
 30749176      5632  64433408  0.000  0.000 1633.094  222.155    0    0  (Gen:  0)
 30690936      5712  64434064  0.000  0.000 1633.344  222.192    0    0  (Gen:  0)
 28623680      4296  64433192  0.000  0.000 1633.578  222.227    0    0  (Gen:  0)
 27183344      5448  64434856  0.000  0.000 1633.828  222.259    0    0  (Gen:  0)
 28684720  60360176  64366152  0.094  0.026 1634.141  222.320    0    0  (Gen:  1)
 31827464      5240  64367288  0.000  0.000 1634.469  222.358    0    0  (Gen:  0)
 29925264      5888  64368512  0.000  0.000 1634.703  222.393    0    0  (Gen:  0)
 31191904      5032  64368232  0.000  0.000 1634.953  222.431    0    0  (Gen:  0)
 29289992      4896  64368704  0.000  0.000 1635.203  222.465    0    0  (Gen:  0)
 30906688      5912  64370264  0.000  0.000 1635.531  222.501    0    0  (Gen:  0)
 29455552      5256  64370280  0.000  0.000 1635.766  222.537    0    0  (Gen:  0)
 24742488      5464  64370968  0.000  0.000 1636.000  222.566    0    0  (Gen:  0)
 30241360      6480  64372400  0.000  0.000 1636.250  222.603    0    0  (Gen:  0)
 30831424      4544  64370944  0.000  0.000 1636.625  222.640    0    0  (Gen:  0)
 31144472      5776  64372688  0.000  0.000 1636.875  222.678    0    0  (Gen:  0)
 30775160      6392  64373784  0.000  0.000 1637.125  222.715    0    0  (Gen:  0)
 29448416      4744  64372488  0.000  0.000 1637.469  222.750    0    0  (Gen:  0)
 29205704      5896  64374120  0.000  0.000 1637.703  222.786    0    0  (Gen:  0)
 30475208      4488  64373128  0.000  0.000 1637.953  222.823    0    0  (Gen:  0)
 30741896      4960  64374032  0.000  0.000 1638.312  222.860    0    0  (Gen:  0)
 28539368      5744  64375264  0.000  0.000 1638.547  222.894    0    0  (Gen:  0)
 29818264      6136  64376136  0.000  0.000 1638.797  222.931    0    0  (Gen:  0)
 29692536      5824  64376320  0.000  0.000 1639.047  222.966    0    0  (Gen:  0)
 28470648      4584  64375512  0.000  0.000 1639.375  223.000    0    0  (Gen:  0)
 29935200      6840  64378216  0.000  0.000 1639.609  223.036    0    0  (Gen:  0)
 29055544      6080  64377936  0.000  0.000 1639.844  223.071    0    0  (Gen:  0)
 30654976      4512  64376896  0.000  0.000 1640.203  223.108    0    0  (Gen:  0)
 28415424      5216  64378144  0.000  0.000 1640.438  223.142    0    0  (Gen:  0)
 29545960      4208  64377680  0.000  0.000 1640.688  223.178    0    0  (Gen:  0)
 30078840      5264  64379216  0.000  0.000 1640.938  223.215    0    0  (Gen:  0)
 30627976      3960  64378424  0.000  0.000 1641.281  223.253    0    0  (Gen:  0)
 30323976      5472  64380544  0.000  0.000 1641.500  223.290    0    0  (Gen:  0)
 29502216      4760  64380408  0.000  0.000 1641.875  223.327    0    0  (Gen:  0)
 30707744  60313184  64319160  0.125  0.028 1642.234  223.392    0    0  (Gen:  1)
 30594816      4696  64319984  0.000  0.000 1642.469  223.429    0    0  (Gen:  0)
 29957864      5032  64320960  0.000  0.000 1642.719  223.465    0    0  (Gen:  0)
 28206328      4552  64321056  0.000  0.000 1643.078  223.500    0    0  (Gen:  0)
 29594912      4136  64321184  0.000  0.000 1643.312  223.535    0    0  (Gen:  0)
 20918096      5336  64323056  0.000  0.001 1643.422  223.579    0    0  (Gen:  0)
 29721904      4352  64322552  0.000  0.000 1643.656  223.615    0    0  (Gen:  0)
 30383320      4928  64323784  0.000  0.000 1643.906  223.651    0    0  (Gen:  0)
 24857320      4480  64323976  0.000  0.000 1644.109  223.681    0    0  (Gen:  0)
 29174176      4608  64324616  0.000  0.000 1644.344  223.716    0    0  (Gen:  0)
 30210864      4880  64325512  0.000  0.000 1644.703  223.752    0    0  (Gen:  0)
 30715784      4208  64325384  0.000  0.000 1644.953  223.789    0    0  (Gen:  0)
 31638304      5104  64326888  0.000  0.000 1645.328  223.827    0    0  (Gen:  0)
 29143816      6776  64329200  0.000  0.000 1645.547  223.862    0    0  (Gen:  0)
 29440296      3744  64326712  0.000  0.000 1645.797  223.897    0    0  (Gen:  0)
 30075512      5264  64328808  0.000  0.000 1646.047  223.933    0    0  (Gen:  0)
 29994696      5512  64329568  0.000  0.000 1646.406  223.968    0    0  (Gen:  0)
 30857800      4760  64329424  0.000  0.000 1646.641  224.005    0    0  (Gen:  0)
 28973912      3984  64329320  0.000  0.000 1646.875  224.039    0    0  (Gen:  0)
 29325912      6352  64332264  0.000  0.000 1647.109  224.073    0    0  (Gen:  0)
 30512936      6456  64332976  0.000  0.000 1647.453  224.110    0    0  (Gen:  0)
 28864608      5408  64332600  0.000  0.000 1647.703  224.144    0    0  (Gen:  0)
 29242168      4832  64332696  0.000  0.000 1647.922  224.178    0    0  (Gen:  0)
 30489032      5376  64333816  0.000  0.000 1648.172  224.215    0    0  (Gen:  0)
 30393288      5024  64334040  0.000  0.000 1648.531  224.251    0    0  (Gen:  0)
 29720936      5360  64334920  0.000  0.000 1648.781  224.288    0    0  (Gen:  0)
 29727080      6680  64336720  0.000  0.000 1649.016  224.325    0    0  (Gen:  0)
 29894712      6088  64336736  0.000  0.000 1649.375  224.361    0    0  (Gen:  0)
 30574960      5504  64336600  0.000  0.000 1649.625  224.397    0    0  (Gen:  0)
 31083552      4944  64336680  0.000  0.000 1649.875  224.435    0    0  (Gen:  0)
 31448104      5392  64337560  0.000  0.000 1650.234  224.473    0    0  (Gen:  0)
 29026696      6816  64339560  0.000  0.000 1650.453  224.508    0    0  (Gen:  0)
 29261632  60254960  64260936  0.141  0.026 1650.797  224.569    0    0  (Gen:  1)
 29835176      4536  64261272  0.000  0.000 1651.047  224.605    0    0  (Gen:  0)
 27198256      4760  64261976  0.000  0.000 1651.281  224.637    0    0  (Gen:  0)
 24017848      5776  64263408  0.000  0.000 1651.500  224.666    0    0  (Gen:  0)
 30244224      5744  64263824  0.000  0.000 1651.875  224.702    0    0  (Gen:  0)
 30189904      5328  64263952  0.000  0.000 1652.094  224.738    0    0  (Gen:  0)
 31383056      5208  64264280  0.000  0.000 1652.328  224.776    0    0  (Gen:  0)
 30626552      6200  64265848  0.000  0.000 1652.703  224.814    0    0  (Gen:  0)
 28231616      4928  64265024  0.000  0.000 1652.938  224.848    0    0  (Gen:  0)
 30654472      5248  64265728  0.000  0.000 1653.172  224.885    0    0  (Gen:  0)
 31756832      5560  64266648  0.000  0.000 1653.531  224.924    0    0  (Gen:  0)
 31522464      5232  64266864  0.000  0.000 1653.781  224.962    0    0  (Gen:  0)
 29012352      3816  64265960  0.000  0.000 1654.016  224.997    0    0  (Gen:  0)
 30682216      4960  64267616  0.000  0.000 1654.359  225.035    0    0  (Gen:  0)
 29215360      4336  64267472  0.000  0.000 1654.609  225.070    0    0  (Gen:  0)
 30386272      5704  64269288  0.000  0.000 1654.844  225.107    0    0  (Gen:  0)
 31334304      6168  64270296  0.000  0.000 1655.188  225.144    0    0  (Gen:  0)
 30291904      5352  64269960  0.000  0.000 1655.422  225.181    0    0  (Gen:  0)
 30572056      5688  64270872  0.000  0.000 1655.797  225.217    0    0  (Gen:  0)
 25538632      5560  64271512  0.000  0.000 1655.922  225.247    0    0  (Gen:  0)
 29671856      4184  64271384  0.000  0.000 1656.297  225.283    0    0  (Gen:  0)
 30953592      5272  64273048  0.000  0.000 1656.547  225.321    0    0  (Gen:  0)
 29655208      5048  64273368  0.000  0.000 1656.891  225.358    0    0  (Gen:  0)
 31312296      4520  64273416  0.000  0.000 1657.141  225.396    0    0  (Gen:  0)
 30148240      4872  64274312  0.000  0.000 1657.375  225.434    0    0  (Gen:  0)
 31130072      4936  64274888  0.000  0.000 1657.750  225.472    0    0  (Gen:  0)
 27605408      4440  64275000  0.000  0.000 1657.969  225.506    0    0  (Gen:  0)
 31127976      3792  64274992  0.000  0.000 1658.219  225.544    0    0  (Gen:  0)
 28518480      3920  64275760  0.000  0.000 1658.594  225.579    0    0  (Gen:  0)
 29395720      4504  64276888  0.000  0.000 1658.828  225.615    0    0  (Gen:  0)
 31234056      5064  64278056  0.000  0.000 1659.062  225.654    0    0  (Gen:  0)
 15346760      3856  64277520  0.000  0.000 1659.172  225.695    0    0  (Gen:  0)
 27874928      5480  64279560  0.000  0.000 1659.391  225.730    0    0  (Gen:  0)
 28406144  60195352  64201328  0.016  0.027 1659.703  225.791    0    0  (Gen:  1)
 28459128      4616  64201800  0.000  0.000 1660.031  225.827    0    0  (Gen:  0)
 29074280      5960  64203688  0.000  0.000 1660.250  225.863    0    0  (Gen:  0)
 30435888      3896  64202232  0.000  0.000 1660.500  225.901    0    0  (Gen:  0)
 30045536      5360  64204208  0.000  0.000 1660.859  225.937    0    0  (Gen:  0)
 26382048      5320  64204936  0.000  0.000 1660.984  225.967    0    0  (Gen:  0)
 25764256      4424  64205800  0.000  0.000 1661.172  225.997    0    0  (Gen:  0)
 30675168      4592  64207152  0.000  0.000 1661.547  226.036    0    0  (Gen:  0)
 29688816      5192  64208328  0.000  0.000 1661.797  226.073    0    0  (Gen:  0)
 29472784      4184  64207800  0.000  0.000 1662.172  226.110    0    0  (Gen:  0)
 22336552      4544  64208704  0.000  0.000 1662.266  226.137    0    0  (Gen:  0)
 30622936      3800  64208408  0.000  0.000 1662.609  226.176    0    0  (Gen:  0)
 30370312      4936  64210056  0.000  0.000 1662.859  226.214    0    0  (Gen:  0)
 29826784      4160  64209792  0.000  0.000 1663.219  226.252    0    0  (Gen:  0)
 30217512      5752  64211896  0.000  0.000 1663.469  226.290    0    0  (Gen:  0)
 30739056      3888  64210608  0.000  0.000 1663.812  226.328    0    0  (Gen:  0)
 30233184      4392  64211592  0.000  0.000 1664.047  226.366    0    0  (Gen:  0)
 29999552      3800  64211576  0.000  0.000 1664.297  226.404    0    0  (Gen:  0)
 30830432      3776  64212064  0.000  0.000 1664.656  226.444    0    0  (Gen:  0)
 25868104      4416  64213248  0.000  0.000 1664.844  226.478    0    0  (Gen:  0)
 27877280      5536  64214816  0.000  0.000 1665.078  226.513    0    0  (Gen:  0)
 28547952      4752  64215040  0.000  0.000 1665.438  226.548    0    0  (Gen:  0)
 30822072      4064  64215440  0.000  0.000 1665.688  226.588    0    0  (Gen:  0)
 28585424      4016  64215904  0.000  0.000 1666.016  226.624    0    0  (Gen:  0)
 29230944      5344  64217872  0.000  0.000 1666.250  226.661    0    0  (Gen:  0)
 31091544      4624  64217696  0.000  0.000 1666.500  226.699    0    0  (Gen:  0)
 30337152      3872  64217552  0.000  0.000 1666.859  226.737    0    0  (Gen:  0)
 31116912      4520  64218744  0.000  0.000 1667.109  226.775    0    0  (Gen:  0)
 29726080      6056  64220856  0.000  0.000 1667.469  226.813    0    0  (Gen:  0)
 29694976      4248  64219592  0.000  0.000 1667.719  226.849    0    0  (Gen:  0)
 30159032      4944  64220832  0.000  0.000 1667.969  226.887    0    0  (Gen:  0)
 30469552      3968  64220400  0.000  0.000 1668.344  226.925    0    0  (Gen:  0)
 30420824      4456  64221336  0.000  0.000 1668.594  226.963    0    0  (Gen:  0)
 30327424      4112  64221536  0.000  0.000 1668.938  227.001    0    0  (Gen:  0)
 31185120      3432  64221432  0.000  0.000 1669.188  227.039    0    0  (Gen:  0)
 30369600  60126312  64132288  0.016  0.028 1669.562  227.105    0    0  (Gen:  1)
 28940592      3936  64130808  0.000  0.000 1669.875  227.141    0    0  (Gen:  0)
 29679944      5752  64133136  0.000  0.000 1670.109  227.178    0    0  (Gen:  0)
 30824352      5248  64133144  0.000  0.000 1670.359  227.216    0    0  (Gen:  0)
 27975528      5088  64133496  0.000  0.000 1670.719  227.249    0    0  (Gen:  0)
 29215328      4904  64134464  0.000  0.000 1670.969  227.286    0    0  (Gen:  0)
 27724592      3928  64134352  0.000  0.000 1671.188  227.320    0    0  (Gen:  0)
 29076592      4104  64135104  0.000  0.000 1671.438  227.357    0    0  (Gen:  0)
 29663928      4584  64136128  0.000  0.000 1671.734  227.394    0    0  (Gen:  0)
 28280232      3576  64135664  0.000  0.000 1671.953  227.430    0    0  (Gen:  0)
 29414296      4624  64137224  0.000  0.000 1672.312  227.467    0    0  (Gen:  0)
 29476368      5024  64170928  0.000  0.000 1672.469  227.503    0    0  (Gen:  0)
 31348216      4952  64171368  0.000  0.000 1672.719  227.542    0    0  (Gen:  0)
 30099280      4792  64171816  0.000  0.000 1673.094  227.579    0    0  (Gen:  0)
 29991096      4744  64172248  0.000  0.000 1673.328  227.614    0    0  (Gen:  0)
 28732048      6056  64174040  0.000  0.000 1673.547  227.649    0    0  (Gen:  0)
 29294776      5000  64173560  0.000  0.000 1673.750  227.685    0    0  (Gen:  0)
 28625888      4896  64173968  0.000  0.000 1674.125  227.720    0    0  (Gen:  0)
 30737152      4976  64174496  0.000  0.000 1674.359  227.757    0    0  (Gen:  0)
 30642960      5168  64208032  0.000  0.000 1674.594  227.794    0    0  (Gen:  0)
 29953200      5768  64209080  0.000  0.000 1674.969  227.830    0    0  (Gen:  0)
 30502808      5536  64209456  0.000  0.000 1675.188  227.867    0    0  (Gen:  0)
 30578056      5520  64209952  0.000  0.000 1675.422  227.904    0    0  (Gen:  0)
 30309000      5296  64210752  0.000  0.000 1675.766  227.939    0    0  (Gen:  0)
 29755656      4904  64244176  0.000  0.000 1676.000  227.975    0    0  (Gen:  0)
 30552760      4496  64244408  0.000  0.000 1676.234  228.012    0    0  (Gen:  0)
 30307040      4568  64244992  0.000  0.000 1676.609  228.049    0    0  (Gen:  0)
 30905960      4624  64245592  0.000  0.000 1676.859  228.087    0    0  (Gen:  0)
 31246464      4432  64246048  0.000  0.000 1677.203  228.126    0    0  (Gen:  0)
 29589488      5152  64214616  0.000  0.000 1677.422  228.162    0    0  (Gen:  0)
 29851840      4976  64247712  0.000  0.000 1677.672  228.198    0    0  (Gen:  0)
 24332872      5136  64248320  0.000  0.000 1677.922  228.226    0    0  (Gen:  0)
 14902184  60059520  64163792  0.125  0.026 1678.172  228.271    0    0  (Gen:  1)
 18641656      4536  64164992  0.000  0.011 1678.266  228.315    0    0  (Gen:  0)
 25139168      5784  64199704  0.000  0.000 1678.438  228.347    0    0  (Gen:  0)
 29196400      5280  64200400  0.000  0.000 1678.656  228.384    0    0  (Gen:  0)
 29603944      5032  64200992  0.000  0.000 1679.016  228.421    0    0  (Gen:  0)
 28371416      3912  64200320  0.000  0.000 1679.250  228.457    0    0  (Gen:  0)
 30247200      4496  64201416  0.000  0.000 1679.500  228.495    0    0  (Gen:  0)
 29772920      4456  64201920  0.000  0.000 1679.859  228.532    0    0  (Gen:  0)
 28778696      4992  64203000  0.000  0.000 1680.109  228.568    0    0  (Gen:  0)
 26462976      3968  64202616  0.000  0.000 1680.344  228.601    0    0  (Gen:  0)
 30316264      4776  64203808  0.000  0.000 1680.562  228.639    0    0  (Gen:  0)
 30571880      4720  64204232  0.000  0.000 1680.906  228.677    0    0  (Gen:  0)
 29915552      4912  64204912  0.000  0.000 1681.156  228.715    0    0  (Gen:  0)
 28539872      4120  64204632  0.000  0.000 1681.516  228.751    0    0  (Gen:  0)
 25887008      4136  64205128  0.000  0.000 1681.703  228.783    0    0  (Gen:  0)
 30954656      4456  64205864  0.000  0.000 1681.953  228.822    0    0  (Gen:  0)
 30472544      4440  64206344  0.000  0.000 1682.328  228.860    0    0  (Gen:  0)
 29393648      5288  64207672  0.000  0.000 1682.562  228.898    0    0  (Gen:  0)
 29844400      5112  64207944  0.000  0.000 1682.812  228.935    0    0  (Gen:  0)
 28969480      5016  64208328  0.000  0.000 1683.156  228.971    0    0  (Gen:  0)
 31311568      4944  64208704  0.000  0.000 1683.391  229.010    0    0  (Gen:  0)
 30199488      4736  64208912  0.000  0.000 1683.766  229.047    0    0  (Gen:  0)
 29569192      5624  64210280  0.000  0.000 1684.016  229.084    0    0  (Gen:  0)
 20172920      5080  64210184  0.000  0.000 1684.156  229.109    0    0  (Gen:  0)
 25336472      6048  64211504  0.000  0.000 1684.391  229.141    0    0  (Gen:  0)
 30639800      3840  64209808  0.000  0.000 1684.641  229.179    0    0  (Gen:  0)
 30118376      5496  64211912  0.000  0.000 1684.875  229.216    0    0  (Gen:  0)
 30786816      4432  64211296  0.000  0.000 1685.234  229.255    0    0  (Gen:  0)
 27141360      4696  64211976  0.000  0.000 1685.453  229.288    0    0  (Gen:  0)
 30073464      4104  64211832  0.000  0.000 1685.828  229.326    0    0  (Gen:  0)
 29967424      5160  64213432  0.000  0.000 1686.062  229.364    0    0  (Gen:  0)
 30206592      4472  64213256  0.000  0.000 1686.297  229.402    0    0  (Gen:  0)
 30042624      4240  64213504  0.000  0.000 1686.656  229.440    0    0  (Gen:  0)
 30143088      4272  64214016  0.000  0.000 1686.906  229.478    0    0  (Gen:  0)
 30792624      4696  64215016  0.000  0.000 1687.266  229.516    0    0  (Gen:  0)
 24937800  60006896  64143936  0.016  0.026 1687.516  229.572    0    0  (Gen:  1)
 25838712      4288  64144512  0.000  0.000 1687.750  229.603    0    0  (Gen:  0)
 30338064      4432  64145168  0.000  0.000 1688.109  229.640    0    0  (Gen:  0)
 31043928      3856  64145136  0.000  0.000 1688.359  229.678    0    0  (Gen:  0)
 29523104      5848  64147640  0.000  0.000 1688.609  229.714    0    0  (Gen:  0)
 24695160      3744  64146080  0.000  0.000 1688.828  229.743    0    0  (Gen:  0)
 22564072      6280  64149032  0.000  0.000 1689.047  229.768    0    0  (Gen:  0)
 29583360      4104  64148296  0.000  0.000 1689.297  229.805    0    0  (Gen:  0)
 27494840      4672  64149504  0.000  0.000 1689.547  229.838    0    0  (Gen:  0)
 28804200      5144  64150584  0.000  0.000 1689.797  229.873    0    0  (Gen:  0)
 30042664      5496  64151552  0.000  0.000 1690.156  229.908    0    0  (Gen:  0)
 30468560      4976  64151672  0.000  0.000 1690.391  229.943    0    0  (Gen:  0)
 29315040      6448  64153752  0.000  0.000 1690.641  229.978    0    0  (Gen:  0)
 28567080      4704  64152680  0.000  0.000 1690.875  230.011    0    0  (Gen:  0)
 30213192      4880  64153368  0.000  0.000 1691.250  230.048    0    0  (Gen:  0)
 26605512      5152  64154184  0.000  0.000 1691.469  230.079    0    0  (Gen:  0)
 22972352      4888  64154400  0.000  0.000 1691.578  230.136    0    0  (Gen:  0)
 18220520      4088  64154016  0.000  0.000 1691.719  230.157    0    0  (Gen:  0)
 19272904      5560  64156384  0.000  0.000 1691.812  230.195    0    0  (Gen:  0)
 27996480      3672  64155256  0.000  0.000 1692.047  230.228    0    0  (Gen:  0)
 28619688      5032  64157096  0.000  0.000 1692.281  230.262    0    0  (Gen:  0)
 28093200      6000  64158640  0.000  0.001 1692.516  230.300    0    0  (Gen:  0)
 19231440      4616  64157800  0.000  0.000 1692.594  230.322    0    0  (Gen:  0)
 29309304      5992  64159656  0.000  0.000 1692.844  230.357    0    0  (Gen:  0)
 31065504      4752  64159168  0.000  0.000 1693.203  230.395    0    0  (Gen:  0)
 29161112      5272  64160264  0.000  0.000 1693.406  230.430    0    0  (Gen:  0)
 21223344      6248  64161784  0.000  0.000 1693.594  230.455    0    0  (Gen:  0)
 20442536      5928  64161896  0.000  0.000 1693.672  230.500    0    0  (Gen:  0)
 27486528      5104  64161536  0.000  0.000 1693.891  230.532    0    0  (Gen:  0)
 27949664      4432  64161424  0.000  0.000 1694.141  230.566    0    0  (Gen:  0)
 29807136      4624  64162208  0.000  0.000 1694.375  230.602    0    0  (Gen:  0)
 28056288      5968  64164096  0.000  0.000 1694.625  230.635    0    0  (Gen:  0)
 27920624      4848  64163456  0.000  0.000 1694.844  230.668    0    0  (Gen:  0)
 29363344      5528  64164712  0.000  0.000 1695.203  230.703    0    0  (Gen:  0)
 27422360  59950216  64087264  0.016  0.025 1695.453  230.761    0    0  (Gen:  1)
 30425368      4400  64085896  0.000  0.000 1695.812  230.797    0    0  (Gen:  0)
 30193976      5232  64087240  0.000  0.000 1696.031  230.834    0    0  (Gen:  0)
 29870672      4976  64087432  0.000  0.000 1696.281  230.870    0    0  (Gen:  0)
 31421480      5896  64088832  0.000  0.000 1696.656  230.907    0    0  (Gen:  0)
 30659176      6144  64089592  0.000  0.000 1696.906  230.945    0    0  (Gen:  0)
 29965376      5760  64089688  0.000  0.000 1697.156  230.981    0    0  (Gen:  0)
 27818296      5368  64089776  0.000  0.000 1697.422  231.015    0    0  (Gen:  0)
 29280816      5104  64089992  0.000  0.000 1697.656  231.051    0    0  (Gen:  0)
 31043704      5680  64091144  0.000  0.000 1697.906  231.088    0    0  (Gen:  0)
 31017848      5600  64091576  0.000  0.000 1698.281  231.126    0    0  (Gen:  0)
 30363024      5120  64091608  0.000  0.000 1698.516  231.162    0    0  (Gen:  0)
 28077992      4576  64091640  0.000  0.000 1698.734  231.196    0    0  (Gen:  0)
 30669232      5008  64092520  0.000  0.000 1699.109  231.233    0    0  (Gen:  0)
 29243552      6520  64094672  0.000  0.000 1699.328  231.269    0    0  (Gen:  0)
 30639624      5608  64094336  0.000  0.000 1699.547  231.306    0    0  (Gen:  0)
 30638944      7048  64096432  0.000  0.000 1699.922  231.343    0    0  (Gen:  0)
 30206968      4976  64095048  0.000  0.000 1700.172  231.379    0    0  (Gen:  0)
 30575816      6264  64096848  0.000  0.000 1700.391  231.416    0    0  (Gen:  0)
 30706400      4840  64128712  0.000  0.000 1700.766  231.453    0    0  (Gen:  0)
 31594480      4760  64129176  0.000  0.000 1701.016  231.490    0    0  (Gen:  0)
 29159480      7072  64132064  0.000  0.000 1701.234  231.524    0    0  (Gen:  0)
 30718560      5632  64131184  0.000  0.000 1701.484  231.560    0    0  (Gen:  0)
 29012096      5288  64131416  0.000  0.000 1701.844  231.594    0    0  (Gen:  0)
 29133688      6200  64132936  0.000  0.000 1702.094  231.628    0    0  (Gen:  0)
 30592792      6704  64133976  0.000  0.000 1702.328  231.664    0    0  (Gen:  0)
 27423432      6016  64133832  0.000  0.000 1702.547  231.697    0    0  (Gen:  0)
 30249872      4736  64133032  0.016  0.000 1702.828  231.732    0    0  (Gen:  0)
 30606096      5632  64134440  0.000  0.000 1703.062  231.769    0    0  (Gen:  0)
 31082136      5400  64134752  0.000  0.000 1703.297  231.806    0    0  (Gen:  0)
 29691776      5552  64135448  0.000  0.000 1703.547  231.842    0    0  (Gen:  0)
 29304752      6568  64137008  0.000  0.000 1703.891  231.877    0    0  (Gen:  0)
 31094208      5736  64136688  0.000  0.000 1704.125  231.914    0    0  (Gen:  0)
 31036552  59893160  64062976  0.141  0.026 1704.516  231.976    0    0  (Gen:  1)
 29661096      6784  64064672  0.000  0.000 1704.750  232.011    0    0  (Gen:  0)
 28450568      5072  64063552  0.000  0.000 1705.000  232.045    0    0  (Gen:  0)
 29329048      4840  64063896  0.000  0.000 1705.359  232.079    0    0  (Gen:  0)
 29663640      5072  64064736  0.000  0.000 1705.547  232.114    0    0  (Gen:  0)
 27986016      4760  64065032  0.000  0.000 1705.766  232.147    0    0  (Gen:  0)
 29267744      5456  64066368  0.000  0.000 1706.000  232.180    0    0  (Gen:  0)
 28647648      4016  64065440  0.000  0.000 1706.219  232.214    0    0  (Gen:  0)
 29474688      4400  64066464  0.000  0.000 1706.562  232.250    0    0  (Gen:  0)
 29468536      5208  64067752  0.000  0.000 1706.781  232.285    0    0  (Gen:  0)
 29803048      4920  64067944  0.000  0.000 1707.016  232.321    0    0  (Gen:  0)
 31057568      4672  64068240  0.000  0.000 1707.391  232.359    0    0  (Gen:  0)
 28748728      5672  64069880  0.000  0.000 1707.641  232.393    0    0  (Gen:  0)
 30849136      5920  64070704  0.000  0.000 1707.891  232.429    0    0  (Gen:  0)
 27691304      4384  64069744  0.000  0.000 1708.125  232.463    0    0  (Gen:  0)
 28730560      4784  64070688  0.000  0.000 1708.375  232.497    0    0  (Gen:  0)
 30785408      4896  64071376  0.000  0.000 1708.734  232.534    0    0  (Gen:  0)
 29631904      4696  64071752  0.000  0.000 1708.969  232.570    0    0  (Gen:  0)
 27663336      5104  64072672  0.000  0.000 1709.219  232.602    0    0  (Gen:  0)
 30502016      7112  64075192  0.000  0.000 1709.469  232.638    0    0  (Gen:  0)
 30562088      6584  64075240  0.000  0.000 1709.828  232.674    0    0  (Gen:  0)
 29629656      6480  64075616  0.000  0.000 1710.047  232.709    0    0  (Gen:  0)
 31308992      5600  64075248  0.000  0.000 1710.297  232.748    0    0  (Gen:  0)
 30930496      5432  64075672  0.000  0.000 1710.641  232.785    0    0  (Gen:  0)
 30626320      5992  64076712  0.000  0.000 1710.891  232.822    0    0  (Gen:  0)
 31041256      4648  64075944  0.000  0.000 1711.266  232.859    0    0  (Gen:  0)
 26731304      5648  64077488  0.000  0.000 1711.500  232.891    0    0  (Gen:  0)
 31567104      5472  64077696  0.000  0.000 1711.750  232.929    0    0  (Gen:  0)
 31215304      4744  64077560  0.000  0.000 1712.000  232.966    0    0  (Gen:  0)
 31934408      7752  64113840  0.000  0.000 1712.344  233.004    0    0  (Gen:  0)
 30561304      5088  64111688  0.000  0.000 1712.578  233.040    0    0  (Gen:  0)
 28765184      5256  64112336  0.000  0.000 1712.781  233.074    0    0  (Gen:  0)
 28966464  59837952  64040528  0.016  0.038 1713.172  233.146    0    0  (Gen:  1)
 12944608      4616  64039816  0.000  0.000 1713.250  233.164    0    0  (Gen:  0)
 27134496      6376  64074864  0.000  0.000 1713.422  233.196    0    0  (Gen:  0)
 28319000      5120  64074800  0.000  0.000 1713.641  233.230    0    0  (Gen:  0)
 30602704      6784  64076960  0.000  0.000 1714.000  233.267    0    0  (Gen:  0)
 30366424      5944  64076600  0.000  0.000 1714.250  233.304    0    0  (Gen:  0)
 30037808      4648  64075760  0.000  0.000 1714.500  233.340    0    0  (Gen:  0)
 31103752      4392  64076048  0.000  0.000 1714.859  233.378    0    0  (Gen:  0)
 24087984      4544  64076744  0.000  0.000 1715.078  233.407    0    0  (Gen:  0)
 31094760      5040  64078296  0.000  0.000 1715.312  233.444    0    0  (Gen:  0)
 29972784      5184  64079512  0.000  0.000 1715.562  233.481    0    0  (Gen:  0)
 29327536      4560  64079432  0.000  0.000 1715.906  233.518    0    0  (Gen:  0)
 28025432      4680  64080128  0.000  0.000 1716.141  233.552    0    0  (Gen:  0)
 31188072      5904  64081800  0.000  0.000 1716.391  233.591    0    0  (Gen:  0)
 27689976      3832  64080304  0.000  0.000 1716.703  233.625    0    0  (Gen:  0)
 20772896      5240  64082288  0.000  0.000 1716.797  233.650    0    0  (Gen:  0)
 24126568      3880  64081392  0.000  0.000 1717.000  233.678    0    0  (Gen:  0)
 25554128      4144  64082200  0.000  0.000 1717.203  233.709    0    0  (Gen:  0)
 23041576      4104  64082672  0.000  0.000 1717.391  233.736    0    0  (Gen:  0)
 27475392      4800  64083928  0.000  0.000 1717.625  233.769    0    0  (Gen:  0)
 28568232      4576  64084312  0.000  0.000 1717.859  233.804    0    0  (Gen:  0)
 29413072      3928  64084176  0.000  0.000 1718.094  233.839    0    0  (Gen:  0)
 27001328      4560  64085416  0.000  0.000 1718.312  233.871    0    0  (Gen:  0)
 24410952      4952  64086256  0.000  0.000 1718.516  233.900    0    0  (Gen:  0)
 27647248      4160  64085976  0.000  0.000 1718.750  233.933    0    0  (Gen:  0)
 28543648      4424  64086848  0.000  0.000 1719.094  233.968    0    0  (Gen:  0)
 21986320      4512  64087416  0.000  0.000 1719.203  233.998    0    0  (Gen:  0)
 27287968      4592  64087976  0.000  0.000 1719.531  234.031    0    0  (Gen:  0)
 30413392      4576  64088552  0.000  0.000 1719.750  234.068    0    0  (Gen:  0)
 29773024      4600  64089152  0.000  0.000 1720.000  234.105    0    0  (Gen:  0)
 30177896      4696  64089728  0.000  0.000 1720.344  234.141    0    0  (Gen:  0)
 29305064      3896  64089632  0.000  0.000 1720.562  234.177    0    0  (Gen:  0)
 29979216      4432  64090616  0.000  0.000 1720.781  234.213    0    0  (Gen:  0)
 28728344      4368  64091160  0.000  0.000 1721.031  234.247    0    0  (Gen:  0)
 23275080  59774408  63976992  0.125  0.030 1721.391  234.303    0    0  (Gen:  1)
 29968224      4416  63977072  0.000  0.000 1721.594  234.338    0    0  (Gen:  0)
 29147288      5896  63979256  0.000  0.000 1721.953  234.375    0    0  (Gen:  0)
 28868736      4568  63978440  0.000  0.000 1722.172  234.410    0    0  (Gen:  0)
 29809440      3856  63978304  0.000  0.000 1722.406  234.447    0    0  (Gen:  0)
 28304800      5104  63980032  0.000  0.000 1722.641  234.482    0    0  (Gen:  0)
 22573688      4760  63980232  0.000  0.000 1722.844  234.507    0    0  (Gen:  0)
 28924680      3528  63980408  0.000  0.000 1723.062  234.543    0    0  (Gen:  0)
 28408560      4016  64014296  0.000  0.000 1723.391  234.577    0    0  (Gen:  0)
 28099720      4712  64015472  0.000  0.000 1723.609  234.612    0    0  (Gen:  0)
 27240896      4456  64015760  0.000  0.000 1723.844  234.645    0    0  (Gen:  0)
 29674544      4992  64016744  0.000  0.000 1724.094  234.682    0    0  (Gen:  0)
 30724368      3720  64015952  0.000  0.000 1724.469  234.719    0    0  (Gen:  0)
 27982760      3944  64016720  0.000  0.000 1724.672  234.754    0    0  (Gen:  0)
 30398776      4056  64017344  0.000  0.000 1724.891  234.792    0    0  (Gen:  0)
 29367376      4624  64018424  0.000  0.000 1725.266  234.828    0    0  (Gen:  0)
 30687696      4104  64018528  0.000  0.000 1725.516  234.866    0    0  (Gen:  0)
 28557680      4272  64019304  0.000  0.000 1725.734  234.901    0    0  (Gen:  0)
 29318984      4336  64020016  0.000  0.000 1726.062  234.937    0    0  (Gen:  0)
 30137768      3944  64020136  0.000  0.000 1726.281  234.975    0    0  (Gen:  0)
 27118376      6168  64022936  0.000  0.000 1726.531  235.006    0    0  (Gen:  0)
 25418424      5664  64024160  0.000  0.000 1726.750  235.037    0    0  (Gen:  0)
 28852272      3832  64023704  0.000  0.000 1726.969  235.074    0    0  (Gen:  0)
 22421224      3840  64024304  0.000  0.000 1727.172  235.103    0    0  (Gen:  0)
 24489584      3984  64025024  0.000  0.000 1727.359  235.133    0    0  (Gen:  0)
 26656936      3696  64025344  0.000  0.000 1727.578  235.166    0    0  (Gen:  0)
 27148648      5144  64027304  0.000  0.000 1727.797  235.200    0    0  (Gen:  0)
 24349776      4520  64027160  0.000  0.000 1728.016  235.231    0    0  (Gen:  0)
 16259104      4656  64027840  0.000  0.000 1728.141  235.252    0    0  (Gen:  0)
 21412744      5600  64029280  0.000  0.000 1728.219  235.305    0    0  (Gen:  0)
 20456360      3808  64027888  0.000  0.000 1728.359  235.333    0    0  (Gen:  0)
 17740088      4088  64028632  0.000  0.002 1728.438  235.356    0    0  (Gen:  0)
 17982544      4096  64028960  0.000  0.000 1728.547  235.382    0    0  (Gen:  0)
 19096200      4944  64030256  0.000  0.000 1728.609  235.405    0    0  (Gen:  0)
 25669136      4256  64030152  0.000  0.000 1728.812  235.437    0    0  (Gen:  0)
 18729208      5208  64031928  0.000  0.000 1728.906  235.460    0    0  (Gen:  0)
 20785272      3688  64031504  0.000  0.000 1729.109  235.486    0    0  (Gen:  0)
 22964424  59705480  63940832  0.031  0.044 1729.328  235.559    0    0  (Gen:  1)
 28520136      4888  63941848  0.000  0.000 1729.625  235.595    0    0  (Gen:  0)
 22912376      4096  63941536  0.000  0.000 1729.797  235.623    0    0  (Gen:  0)
 24052336      4920  63942904  0.000  0.000 1729.891  235.653    0    0  (Gen:  0)
 24679688      4232  63942648  0.000  0.000 1730.094  235.685    0    0  (Gen:  0)
 22589488      4880  63943792  0.000  0.000 1730.281  235.712    0    0  (Gen:  0)
 25899216      5456  63945584  0.000  0.000 1730.484  235.745    0    0  (Gen:  0)
 27186640      3472  63944320  0.031  0.000 1730.766  235.780    0    0  (Gen:  0)
 24596312      4736  63946064  0.000  0.000 1730.875  235.810    0    0  (Gen:  0)
 20069248      4048  63945760  0.000  0.000 1731.062  235.834    0    0  (Gen:  0)
 27056848      6240  63948368  0.000  0.000 1731.281  235.867    0    0  (Gen:  0)
 29349928      4424  63947096  0.000  0.000 1731.484  235.903    0    0  (Gen:  0)
 28234696      4704  63947888  0.000  0.000 1731.797  235.938    0    0  (Gen:  0)
 27057936      5512  63949208  0.000  0.000 1732.000  235.971    0    0  (Gen:  0)
 27764312      4696  63948920  0.000  0.000 1732.219  236.005    0    0  (Gen:  0)
 23366264      4600  63949272  0.000  0.000 1732.406  236.034    0    0  (Gen:  0)
 23842064      3656  63948856  0.000  0.000 1732.625  236.063    0    0  (Gen:  0)
 26577640      4872  63950456  0.000  0.000 1732.844  236.097    0    0  (Gen:  0)
 25289488      4520  63950600  0.000  0.000 1733.047  236.129    0    0  (Gen:  0)
 25038608      5232  63951760  0.000  0.000 1733.250  236.160    0    0  (Gen:  0)
 27137864      5200  63952112  0.000  0.000 1733.469  236.194    0    0  (Gen:  0)
 26877480      5064  63952424  0.000  0.000 1733.688  236.226    0    0  (Gen:  0)
 27980672      4648  63953160  0.000  0.000 1733.906  236.261    0    0  (Gen:  0)
 26085024      3944  63953256  0.000  0.000 1734.203  236.296    0    0  (Gen:  0)
 29423144      3912  63953640  0.000  0.000 1734.406  236.334    0    0  (Gen:  0)
 25873304      4344  63954584  0.000  0.000 1734.625  236.368    0    0  (Gen:  0)
 29888056      4304  63955056  0.000  0.000 1734.953  236.407    0    0  (Gen:  0)
 26572952      4392  63955608  0.000  0.000 1735.141  236.443    0    0  (Gen:  0)
 26901544      4160  63955824  0.000  0.000 1735.328  236.480    0    0  (Gen:  0)
 26494152      4120  63956200  0.000  0.000 1735.531  236.513    0    0  (Gen:  0)
 22936552      4752  63957280  0.000  0.000 1735.734  236.542    0    0  (Gen:  0)
 23495248      4416  63957504  0.000  0.000 1735.906  236.571    0    0  (Gen:  0)
 20949320      4840  63958456  0.000  0.000 1736.078  236.595    0    0  (Gen:  0)
 20150608      5392  63959488  0.000  0.000 1736.172  236.621    0    0  (Gen:  0)
 21594256      4608  63959096  0.000  0.000 1736.344  236.648    0    0  (Gen:  0)
 21138664  59650968  63886320  0.047  0.032 1736.562  236.706    0    0  (Gen:  1)
 25560944      5688  63888416  0.000  0.000 1736.781  236.739    0    0  (Gen:  0)
 25771576      4272  63887544  0.000  0.000 1737.000  236.770    0    0  (Gen:  0)
 21321992      4904  63888720  0.000  0.000 1737.172  236.796    0    0  (Gen:  0)
 27086568      5120  63889704  0.000  0.000 1737.391  236.829    0    0  (Gen:  0)
 25382600      4288  63890096  0.000  0.000 1737.609  236.860    0    0  (Gen:  0)
 25708136      4376  63890632  0.000  0.000 1737.812  236.891    0    0  (Gen:  0)
 27696288      4696  63891624  0.000  0.000 1738.031  236.924    0    0  (Gen:  0)
 27720464      4504  63892024  0.000  0.000 1738.234  236.957    0    0  (Gen:  0)
 23931232      4696  63892776  0.000  0.000 1738.453  236.987    0    0  (Gen:  0)
 26495744      5736  63894504  0.000  0.000 1738.656  237.019    0    0  (Gen:  0)
 22160576      3920  63893656  0.000  0.000 1738.812  237.046    0    0  (Gen:  0)
 26139232      4696  63894784  0.000  0.000 1739.031  237.079    0    0  (Gen:  0)
 27073368      5504  63896184  0.000  0.000 1739.250  237.114    0    0  (Gen:  0)
 27376808      4624  63895832  0.000  0.000 1739.438  237.149    0    0  (Gen:  0)
 29243088      5800  63897584  0.000  0.000 1739.750  237.186    0    0  (Gen:  0)
 28889224      4896  63897208  0.000  0.000 1739.969  237.221    0    0  (Gen:  0)
 22297536      5112  63897904  0.000  0.000 1740.047  237.247    0    0  (Gen:  0)
 26769696      5584  63898792  0.000  0.000 1740.203  237.279    0    0  (Gen:  0)
 25334328      4960  63898632  0.000  0.000 1740.391  237.309    0    0  (Gen:  0)
 28178768      6064  63900248  0.000  0.000 1740.734  237.344    0    0  (Gen:  0)
 26721600      5232  63899968  0.000  0.000 1740.953  237.375    0    0  (Gen:  0)
 25295024      5544  63902088  0.000  0.000 1741.141  237.405    0    0  (Gen:  0)
 24097416      4456  63902256  0.000  0.000 1741.234  237.435    0    0  (Gen:  0)
 25117832      4584  63902912  0.000  0.000 1741.453  237.465    0    0  (Gen:  0)
 27071832      5688  63904448  0.000  0.000 1741.656  237.498    0    0  (Gen:  0)
 25628328      4704  63903960  0.000  0.000 1741.781  237.528    0    0  (Gen:  0)
 25118504      4296  63904064  0.000  0.000 1741.984  237.559    0    0  (Gen:  0)
 27111432      5136  63905400  0.000  0.000 1742.188  237.592    0    0  (Gen:  0)
 25813072      5224  63905872  0.000  0.000 1742.312  237.622    0    0  (Gen:  0)
 25361448      5112  63906272  0.000  0.000 1742.531  237.653    0    0  (Gen:  0)
 25297272      4936  63906624  0.000  0.000 1742.750  237.684    0    0  (Gen:  0)
 25384872      4760  63906880  0.000  0.000 1742.969  237.714    0    0  (Gen:  0)
 25711648      5472  63908040  0.000  0.000 1743.188  237.745    0    0  (Gen:  0)
 25213568      4432  63907416  0.000  0.000 1743.391  237.776    0    0  (Gen:  0)
 24960992  59602920  63838272  0.109  0.031 1743.703  237.837    0    0  (Gen:  1)
 24819008      4688  63837984  0.000  0.000 1743.922  237.867    0    0  (Gen:  0)
 25384648      4792  63838552  0.000  0.000 1744.125  237.897    0    0  (Gen:  0)
 24086400      5688  63839944  0.000  0.000 1744.328  237.925    0    0  (Gen:  0)
 29289080      4712  63839384  0.000  0.000 1744.547  237.960    0    0  (Gen:  0)
 24068216      5888  63841168  0.000  0.000 1744.797  237.987    0    0  (Gen:  0)
 29085072      5920  63842592  0.000  0.000 1745.031  238.023    0    0  (Gen:  0)
 24157616      4408  63841624  0.000  0.000 1745.219  238.083    0    0  (Gen:  0)
 25592328      5464  63843128  0.000  0.000 1745.438  238.114    0    0  (Gen:  0)
 25170232      5832  63844248  0.000  0.000 1745.625  238.145    0    0  (Gen:  0)
 21515432      4456  63844320  0.000  0.000 1745.797  238.173    0    0  (Gen:  0)
 26553296      5144  63845456  0.000  0.000 1746.016  238.207    0    0  (Gen:  0)
 25404632      5544  63846504  0.000  0.000 1746.203  238.237    0    0  (Gen:  0)
 25973536      5720  63847600  0.000  0.000 1746.422  238.270    0    0  (Gen:  0)
 26473168      5264  63847832  0.000  0.000 1746.625  238.303    0    0  (Gen:  0)
 25634304      5024  63848464  0.000  0.000 1746.812  238.333    0    0  (Gen:  0)
 25610360      4616  63848472  0.000  0.000 1747.031  238.363    0    0  (Gen:  0)
 26516856      6080  63850416  0.000  0.000 1747.250  238.394    0    0  (Gen:  0)
 30205624      4888  63849672  0.000  0.000 1747.484  238.431    0    0  (Gen:  0)
 25526368      4944  63850208  0.000  0.000 1747.703  238.462    0    0  (Gen:  0)
 29629720      5872  63851552  0.000  0.000 1747.953  238.497    0    0  (Gen:  0)
 28859744      5056  63851184  0.000  0.000 1748.312  238.531    0    0  (Gen:  0)
 26750072      5184  63851888  0.000  0.000 1748.500  238.562    0    0  (Gen:  0)
 25946288      5864  63853080  0.000  0.000 1748.609  238.592    0    0  (Gen:  0)
 25352056      4848  63852608  0.000  0.000 1748.828  238.621    0    0  (Gen:  0)
 28668928      5024  63853344  0.000  0.000 1749.031  238.654    0    0  (Gen:  0)
 28026376      4832  63853792  0.000  0.000 1749.359  238.687    0    0  (Gen:  0)
 25805112      4912  63854416  0.000  0.000 1749.469  238.716    0    0  (Gen:  0)
 27004280      5264  63855312  0.000  0.000 1749.688  238.747    0    0  (Gen:  0)
 28984568      5064  63855688  0.000  0.000 1750.047  238.781    0    0  (Gen:  0)
 28554968      4928  63856064  0.000  0.000 1750.266  238.814    0    0  (Gen:  0)
 26027208      5224  63857000  0.000  0.000 1750.484  238.845    0    0  (Gen:  0)
 26341784  59549576  63784928  0.031  0.033 1750.734  238.909    0    0  (Gen:  1)
 26850520      6096  63786528  0.000  0.000 1750.953  238.940    0    0  (Gen:  0)
 30597360      5808  63786768  0.000  0.000 1751.203  238.977    0    0  (Gen:  0)
 31389984      5664  63787104  0.000  0.000 1751.562  239.015    0    0  (Gen:  0)
 30159128      6800  63788752  0.000  0.000 1751.797  239.050    0    0  (Gen:  0)
 30480168      5496  63788056  0.000  0.000 1752.031  239.087    0    0  (Gen:  0)
 26634904      4736  63787968  0.000  0.000 1752.250  239.119    0    0  (Gen:  0)
 27577336      4456  63788200  0.000  0.000 1752.469  239.152    0    0  (Gen:  0)
 25927544      4176  63788464  0.000  0.000 1752.688  239.184    0    0  (Gen:  0)
 31581936      4744  63789480  0.000  0.000 1753.062  239.223    0    0  (Gen:  0)
 27450664      5480  63790760  0.000  0.000 1753.234  239.255    0    0  (Gen:  0)
 27107608      4992  63790784  0.000  0.000 1753.438  239.289    0    0  (Gen:  0)
 31332800      7360  63793792  0.000  0.000 1753.812  239.327    0    0  (Gen:  0)
 30650784      4224  63791328  0.000  0.000 1754.062  239.363    0    0  (Gen:  0)
 30607520      4784  63792496  0.000  0.000 1754.297  239.400    0    0  (Gen:  0)
 30302176      6616  63794968  0.000  0.000 1754.641  239.436    0    0  (Gen:  0)
 26336768      6064  63795088  0.000  0.000 1754.859  239.469    0    0  (Gen:  0)
 31380696      5376  63794896  0.000  0.000 1755.109  239.507    0    0  (Gen:  0)
 31195640      5696  63795824  0.000  0.000 1755.328  239.545    0    0  (Gen:  0)
 24963944      5640  63796344  0.000  0.000 1755.531  239.575    0    0  (Gen:  0)
 29412136      6472  63797624  0.000  0.000 1755.875  239.610    0    0  (Gen:  0)
 28492784      5224  63796952  0.000  0.000 1756.078  239.643    0    0  (Gen:  0)
 30634536      5992  63798312  0.000  0.000 1756.312  239.679    0    0  (Gen:  0)
 31488208      4064  63796960  0.000  0.000 1756.562  239.717    0    0  (Gen:  0)
 27189216      6488  63799864  0.000  0.000 1756.844  239.750    0    0  (Gen:  0)
 28037480      4936  63798792  0.000  0.000 1757.047  239.784    0    0  (Gen:  0)
 30725408  59503248  63738600  0.141  0.030 1757.438  239.851    0    0  (Gen:  1)
 25927512      6376  63740632  0.000  0.000 1757.656  239.882    0    0  (Gen:  0)
 31334472      7216  63741904  0.000  0.000 1757.906  239.920    0    0  (Gen:  0)
 26987704      8008  63743272  0.000  0.000 1758.234  239.952    0    0  (Gen:  0)
 29870192      6560  63742208  0.000  0.000 1758.422  239.987    0    0  (Gen:  0)
 31490808      5952  63742112  0.000  0.000 1758.672  240.025    0    0  (Gen:  0)
 27039384      4232  63740968  0.000  0.000 1758.875  240.058    0    0  (Gen:  0)
 26144256      4696  63741912  0.000  0.000 1759.094  240.090    0    0  (Gen:  0)
 31310432      5776  63743472  0.000  0.000 1759.469  240.127    0    0  (Gen:  0)
 31003168      7440  63745712  0.000  0.000 1759.703  240.164    0    0  (Gen:  0)
 31579376      5672  63744520  0.000  0.000 1759.953  240.202    0    0  (Gen:  0)
 29326856      6760  63746120  0.000  0.000 1760.312  240.236    0    0  (Gen:  0)
 31835952      4552  63744472  0.000  0.000 1760.562  240.274    0    0  (Gen:  0)
 29977208      4864  63745392  0.000  0.000 1760.781  240.309    0    0  (Gen:  0)
 30729776      5120  63746320  0.000  0.000 1761.156  240.346    0    0  (Gen:  0)
 31434472      6152  63747928  0.000  0.000 1761.406  240.383    0    0  (Gen:  0)
 25157208      4544  63746864  0.000  0.000 1761.594  240.414    0    0  (Gen:  0)
 28559672      4800  63747696  0.000  0.000 1761.812  240.449    0    0  (Gen:  0)
 31481808      5192  63748840  0.000  0.000 1762.188  240.487    0    0  (Gen:  0)
 27241512      4008  63748344  0.000  0.000 1762.391  240.521    0    0  (Gen:  0)
 23985904      5088  63750000  0.000  0.000 1762.594  240.549    0    0  (Gen:  0)
 29713120      4056  63749448  0.000  0.000 1762.812  240.585    0    0  (Gen:  0)
 27734272      4536  63750520  0.000  0.000 1763.047  240.618    0    0  (Gen:  0)
 24140592      6456  63752984  0.000  0.000 1763.234  240.648    0    0  (Gen:  0)
 30091272      5632  63752640  0.000  0.000 1763.484  240.684    0    0  (Gen:  0)
 23822320      5368  63752984  0.000  0.002 1763.688  240.726    0    0  (Gen:  0)
  9545608      4400  63752496  0.000  0.000 1763.719  240.740    0    0  (Gen:  0)
 28397960      5800  63754440  0.000  0.000 1763.953  240.774    0    0  (Gen:  0)
 29426584      4896  63754600  0.000  0.000 1764.172  240.809    0    0  (Gen:  0)
 22114000  59455064  63690416  0.141  0.029 1764.500  240.865    0    0  (Gen:  1)
 27768576      5912  63692016  0.000  0.000 1764.688  240.899    0    0  (Gen:  0)
 26177488      5048  63691616  0.000  0.000 1764.906  240.931    0    0  (Gen:  0)
 31568440      5000  63692176  0.000  0.000 1765.266  240.969    0    0  (Gen:  0)
 31477136      5192  63692928  0.000  0.000 1765.516  241.007    0    0  (Gen:  0)
 31276128      5272  63693552  0.000  0.000 1765.766  241.045    0    0  (Gen:  0)
 24813152      5400  63694288  0.000  0.000 1765.969  241.075    0    0  (Gen:  0)
 28366760      6080  63695448  0.000  0.000 1766.328  241.108    0    0  (Gen:  0)
 26334016      6392  63696320  0.000  0.000 1766.422  241.139    0    0  (Gen:  0)
 24310976      6168  63696576  0.000  0.000 1766.547  241.165    0    0  (Gen:  0)
 26465208      4304  63696072  0.000  0.000 1766.766  241.197    0    0  (Gen:  0)
 28118344      5208  63697648  0.000  0.000 1766.969  241.231    0    0  (Gen:  0)
 28954232      5184  63698232  0.000  0.000 1767.328  241.266    0    0  (Gen:  0)
 29839008      7176  63700784  0.000  0.000 1767.547  241.302    0    0  (Gen:  0)
 31037696      5056  63699144  0.000  0.000 1767.781  241.341    0    0  (Gen:  0)
 27866136      4264  63698896  0.000  0.000 1768.125  241.374    0    0  (Gen:  0)
 26952752      5576  63700688  0.000  0.000 1768.359  241.406    0    0  (Gen:  0)
 30975752      6320  63701848  0.000  0.000 1768.609  241.444    0    0  (Gen:  0)
 25915824      7200  63703208  0.000  0.000 1768.828  241.475    0    0  (Gen:  0)
 29768488      5440  63702024  0.000  0.000 1769.062  241.511    0    0  (Gen:  0)
 30609240      4088  63701168  0.000  0.000 1769.406  241.549    0    0  (Gen:  0)
 30453928      6056  63703616  0.000  0.000 1769.625  241.586    0    0  (Gen:  0)
 28809272      5952  63703992  0.000  0.000 1769.875  241.621    0    0  (Gen:  0)
 28508296      4496  63703080  0.000  0.000 1770.234  241.655    0    0  (Gen:  0)
 28955736      5696  63704760  0.000  0.000 1770.469  241.691    0    0  (Gen:  0)
 30393344      4584  63704096  0.000  0.000 1770.719  241.728    0    0  (Gen:  0)
 28913976      6984  63706976  0.000  0.000 1770.938  241.763    0    0  (Gen:  0)
 30495288      5088  63705656  0.000  0.000 1771.297  241.799    0    0  (Gen:  0)
 31096400      5640  63706832  0.000  0.000 1771.531  241.837    0    0  (Gen:  0)
 30736144      5176  63706880  0.000  0.000 1771.891  241.874    0    0  (Gen:  0)
 23107312  59405304  63640656  0.094  0.028 1772.109  241.932    0    0  (Gen:  1)
 27416512      5488  63640768  0.000  0.000 1772.312  241.964    0    0  (Gen:  0)
 30956600      5904  63641792  0.000  0.000 1772.656  242.002    0    0  (Gen:  0)
 31341520      4520  63640856  0.000  0.000 1772.891  242.040    0    0  (Gen:  0)
 27796232      4552  63641464  0.000  0.000 1773.109  242.073    0    0  (Gen:  0)
 30788456      4232  63641688  0.000  0.000 1773.484  242.111    0    0  (Gen:  0)
 30752664      4584  63642488  0.000  0.000 1773.703  242.149    0    0  (Gen:  0)
 31177112      3816  63642328  0.000  0.000 1774.062  242.187    0    0  (Gen:  0)
 31047056      4616  63643640  0.000  0.000 1774.312  242.225    0    0  (Gen:  0)
 29975160      5152  63644784  0.000  0.000 1774.562  242.261    0    0  (Gen:  0)
 30214200      4048  63644160  0.000  0.000 1774.906  242.298    0    0  (Gen:  0)
 25694008      4248  63644968  0.000  0.000 1775.125  242.329    0    0  (Gen:  0)
 31007536      4464  63645696  0.000  0.000 1775.375  242.366    0    0  (Gen:  0)
 30039896      3968  63645920  0.000  0.000 1775.594  242.402    0    0  (Gen:  0)
 24493120      5352  63647848  0.000  0.000 1775.797  242.430    0    0  (Gen:  0)
 23746104      5328  63648816  0.000  0.000 1776.016  242.457    0    0  (Gen:  0)
 27395320      4240  63648880  0.000  0.000 1776.234  242.489    0    0  (Gen:  0)
 25680848      4768  63650032  0.000  0.000 1776.453  242.520    0    0  (Gen:  0)
 30024536      4632  63650520  0.000  0.000 1776.688  242.558    0    0  (Gen:  0)
 23895520      4728  63651248  0.000  0.000 1776.906  242.587    0    0  (Gen:  0)
 28681784      5488  63653496  0.000  0.000 1777.156  242.621    0    0  (Gen:  0)
 23979816      4512  63654192  0.000  0.000 1777.359  242.650    0    0  (Gen:  0)
 28587968      5776  63656000  0.000  0.000 1777.562  242.686    0    0  (Gen:  0)
 29836200      5232  63655968  0.000  0.000 1777.938  242.724    0    0  (Gen:  0)
 28088408      4096  63655344  0.000  0.000 1778.172  242.758    0    0  (Gen:  0)
 29824824      3784  63655512  0.000  0.000 1778.516  242.795    0    0  (Gen:  0)
 23093368      3776  63655920  0.000  0.000 1778.609  242.825    0    0  (Gen:  0)
 17623096  59351408  63586760  0.062  0.029 1778.922  242.877    0    0  (Gen:  1)
 28138320      3672  63587104  0.000  0.000 1779.125  242.911    0    0  (Gen:  0)
 29768664      3640  63587616  0.000  0.000 1779.359  242.949    0    0  (Gen:  0)
 23487904      4784  63589304  0.000  0.000 1779.594  242.977    0    0  (Gen:  0)
 25960448      4600  63590336  0.000  0.000 1779.812  243.010    0    0  (Gen:  0)
 26015624      3888  63590360  0.000  0.000 1780.016  243.043    0    0  (Gen:  0)
 28196240      4144  63591096  0.000  0.000 1780.344  243.078    0    0  (Gen:  0)
 28957152      3912  63591408  0.000  0.000 1780.562  243.115    0    0  (Gen:  0)
 28738440      4200  63592224  0.000  0.000 1780.797  243.151    0    0  (Gen:  0)
 27918752      5192  63593760  0.000  0.000 1781.094  243.187    0    0  (Gen:  0)
 28226720      4072  63593120  0.000  0.000 1781.312  243.223    0    0  (Gen:  0)
 25621520      5112  63594672  0.000  0.000 1781.531  243.255    0    0  (Gen:  0)
 27245136      5448  63595488  0.000  0.000 1781.734  243.289    0    0  (Gen:  0)
 27029248      4232  63594688  0.000  0.000 1781.953  243.323    0    0  (Gen:  0)
 30433112      5232  63596168  0.000  0.000 1782.312  243.361    0    0  (Gen:  0)
 23280344      3984  63595464  0.000  0.000 1782.422  243.407    0    0  (Gen:  0)
 25780000      6160  63598088  0.000  0.000 1782.625  243.440    0    0  (Gen:  0)
 27617088      3512  63596032  0.000  0.000 1782.844  243.476    0    0  (Gen:  0)
 31393344      4800  63597880  0.000  0.000 1783.219  243.516    0    0  (Gen:  0)
 29540808      3888  63597464  0.000  0.000 1783.438  243.554    0    0  (Gen:  0)
 24180296      4344  63598624  0.000  0.000 1783.688  243.583    0    0  (Gen:  0)
 29885856      3584  63599176  0.000  0.000 1783.938  243.621    0    0  (Gen:  0)
 30200664      4096  63600168  0.000  0.000 1784.312  243.661    0    0  (Gen:  0)
 27624184      4160  63600712  0.000  0.000 1784.500  243.696    0    0  (Gen:  0)
 27092216      4040  63601168  0.000  0.000 1784.719  243.732    0    0  (Gen:  0)
 30389080      3776  63601384  0.000  0.000 1785.078  243.770    0    0  (Gen:  0)
 30000360      3696  63601848  0.000  0.000 1785.312  243.808    0    0  (Gen:  0)
 26495088      3840  63602600  0.000  0.000 1785.609  243.842    0    0  (Gen:  0)
 29073576      3904  63603112  0.000  0.000 1785.859  243.879    0    0  (Gen:  0)
 29465512      5024  63604840  0.000  0.000 1786.078  243.917    0    0  (Gen:  0)
 29496896  59295856  63531208  0.031  0.029 1786.484  243.983    0    0  (Gen:  1)
 30597344      4232  63531984  0.000  0.000 1786.734  244.022    0    0  (Gen:  0)
 30764032      4488  63532720  0.000  0.000 1787.094  244.061    0    0  (Gen:  0)
 26897336      4560  63533336  0.000  0.000 1787.344  244.094    0    0  (Gen:  0)
 27277600      5024  63534920  0.000  0.000 1787.578  244.128    0    0  (Gen:  0)
 29133344      5136  63535768  0.000  0.000 1787.797  244.164    0    0  (Gen:  0)
 29703416      4336  63535480  0.000  0.000 1788.031  244.202    0    0  (Gen:  0)
 31616304      5400  63537088  0.000  0.000 1788.391  244.241    0    0  (Gen:  0)
 29123272      4152  63536416  0.000  0.000 1788.609  244.277    0    0  (Gen:  0)
 29590264      4064  63536808  0.000  0.000 1788.969  244.314    0    0  (Gen:  0)
 31303872      5352  63538608  0.000  0.000 1789.219  244.353    0    0  (Gen:  0)
 29415584      4568  63538432  0.000  0.000 1789.562  244.390    0    0  (Gen:  0)
 30003832      4208  63538616  0.000  0.000 1789.781  244.429    0    0  (Gen:  0)
 28461304      4592  63539512  0.000  0.000 1790.016  244.464    0    0  (Gen:  0)
 29700216      5416  63540848  0.000  0.000 1790.391  244.501    0    0  (Gen:  0)
 28300176      4256  63540168  0.000  0.000 1790.625  244.536    0    0  (Gen:  0)
 30850144      4968  63541424  0.000  0.000 1790.859  244.574    0    0  (Gen:  0)
 29987464      4312  63541312  0.000  0.000 1791.219  244.611    0    0  (Gen:  0)
 28862792      4168  63541744  0.000  0.000 1791.469  244.646    0    0  (Gen:  0)
 27956760      5528  63543744  0.000  0.000 1791.688  244.680    0    0  (Gen:  0)
 28590080      4296  63542992  0.000  0.000 1791.938  244.716    0    0  (Gen:  0)
 29169840      4984  63544192  0.000  0.000 1792.297  244.751    0    0  (Gen:  0)
 29959976      4616  63544400  0.000  0.000 1792.516  244.788    0    0  (Gen:  0)
 30722280      4864  63545160  0.000  0.000 1792.766  244.826    0    0  (Gen:  0)
 25136432      4800  63545608  0.000  0.000 1793.000  244.855    0    0  (Gen:  0)
 28241296      4504  63546752  0.000  0.000 1793.359  244.889    0    0  (Gen:  0)
 29146888      4344  63547232  0.000  0.000 1793.594  244.925    0    0  (Gen:  0)
 27747600      4496  63547992  0.000  0.000 1793.812  244.959    0    0  (Gen:  0)
 29031496      4288  63548264  0.000  0.000 1794.062  244.995    0    0  (Gen:  0)
 29269520      4464  63549048  0.000  0.000 1794.438  245.032    0    0  (Gen:  0)
 28042400      4808  63549936  0.000  0.000 1794.688  245.066    0    0  (Gen:  0)
 30746360      4280  63549984  0.000  0.000 1794.938  245.104    0    0  (Gen:  0)
 30198664      5136  63551384  0.000  0.000 1795.281  245.141    0    0  (Gen:  0)
 29201616      4688  63551480  0.000  0.000 1795.453  245.177    0    0  (Gen:  0)
 30035056  59231944  63467296  0.141  0.028 1795.844  245.242    0    0  (Gen:  1)
 28936800      5552  63501272  0.000  0.000 1796.094  245.279    0    0  (Gen:  0)
 30154216      4272  63467712  0.000  0.000 1796.422  245.316    0    0  (Gen:  0)
 29473072      5680  63502296  0.000  0.000 1796.656  245.352    0    0  (Gen:  0)
 30201592      5000  63502064  0.000  0.000 1797.031  245.389    0    0  (Gen:  0)
 29728752      4248  63501760  0.000  0.000 1797.250  245.426    0    0  (Gen:  0)
 31186696      5080  63503072  0.000  0.000 1797.500  245.464    0    0  (Gen:  0)
 30814600      4560  63503096  0.000  0.000 1797.875  245.502    0    0  (Gen:  0)
 31305600      4584  63503568  0.000  0.000 1798.109  245.540    0    0  (Gen:  0)
 30693248      4840  63504304  0.000  0.000 1798.469  245.578    0    0  (Gen:  0)
 22098800      4528  63504472  0.000  0.006 1798.578  245.632    0    0  (Gen:  0)
 25340464      5848  63506112  0.000  0.000 1798.781  245.662    0    0  (Gen:  0)
 22701928      4584  63505264  0.000  0.000 1798.969  245.690    0    0  (Gen:  0)
 28092800      4120  63505224  0.000  0.000 1799.203  245.724    0    0  (Gen:  0)
 29246312      4296  63538672  0.000  0.000 1799.438  245.760    0    0  (Gen:  0)
 29077136      4392  63539456  0.000  0.000 1799.781  245.795    0    0  (Gen:  0)
 29479368      5792  63541352  0.000  0.000 1800.016  245.831    0    0  (Gen:  0)
 30736000      4592  63540576  0.000  0.000 1800.266  245.869    0    0  (Gen:  0)
 28248920      4624  63541152  0.000  0.000 1800.625  245.905    0    0  (Gen:  0)
 28434152      4520  63541528  0.000  0.000 1800.828  245.940    0    0  (Gen:  0)
 29505144      6320  63543808  0.000  0.000 1801.078  245.976    0    0  (Gen:  0)
 26733488      5824  63543760  0.000  0.000 1801.328  246.009    0    0  (Gen:  0)
 30448936      7000  63545448  0.000  0.000 1801.703  246.046    0    0  (Gen:  0)
 28708728      5336  63544264  0.000  0.000 1801.922  246.081    0    0  (Gen:  0)
 29140192      5144  63544584  0.000  0.000 1802.172  246.116    0    0  (Gen:  0)
 29943192      4344  63544232  0.000  0.000 1802.406  246.153    0    0  (Gen:  0)
 26026280      5344  63545616  0.000  0.000 1802.641  246.184    0    0  (Gen:  0)
 30322960      4984  63546344  0.000  0.000 1802.984  246.219    0    0  (Gen:  0)
 28509088      4568  63546952  0.000  0.000 1803.219  246.255    0    0  (Gen:  0)
 29876464      5088  63547888  0.000  0.000 1803.469  246.291    0    0  (Gen:  0)
 30761600  59182992  63451112  0.016  0.028 1803.844  246.357    0    0  (Gen:  1)
 25265824      5040  63451752  0.000  0.000 1804.094  246.387    0    0  (Gen:  0)
 27526744      4776  63451872  0.000  0.000 1804.391  246.420    0    0  (Gen:  0)
 30169320      5440  63453016  0.000  0.000 1804.641  246.457    0    0  (Gen:  0)
 30054064      4688  63452808  0.000  0.000 1804.891  246.493    0    0  (Gen:  0)
 30325456      4840  63453472  0.000  0.000 1805.141  246.529    0    0  (Gen:  0)
 28546552      5408  63454584  0.000  0.000 1805.453  246.564    0    0  (Gen:  0)
 28289576      4720  63454408  0.000  0.000 1805.672  246.598    0    0  (Gen:  0)
 29799544      5336  63455568  0.000  0.000 1805.922  246.634    0    0  (Gen:  0)
 29326184      5312  63455992  0.000  0.000 1806.234  246.670    0    0  (Gen:  0)
 23910712      4776  63456032  0.000  0.000 1806.344  246.698    0    0  (Gen:  0)
 29269592      5112  63456816  0.000  0.000 1806.719  246.734    0    0  (Gen:  0)
 29851752      4448  63456664  0.000  0.000 1806.969  246.770    0    0  (Gen:  0)
 28037304      4608  63457240  0.000  0.000 1807.203  246.804    0    0  (Gen:  0)
 29883776      6024  63459232  0.000  0.000 1807.422  246.840    0    0  (Gen:  0)
 30144848      4848  63458472  0.000  0.000 1807.781  246.876    0    0  (Gen:  0)
 29105576      5016  63459184  0.000  0.000 1808.016  246.912    0    0  (Gen:  0)
 30357624      5216  63459864  0.000  0.000 1808.250  246.949    0    0  (Gen:  0)
 30639040      4584  63459872  0.000  0.000 1808.625  246.986    0    0  (Gen:  0)
 30382584      4800  63460568  0.000  0.000 1808.875  247.023    0    0  (Gen:  0)
 28076184      5232  63461544  0.000  0.000 1809.094  247.057    0    0  (Gen:  0)
 25231112      4776  63461600  0.000  0.000 1809.312  247.088    0    0  (Gen:  0)
 29249976      5272  63462544  0.000  0.000 1809.562  247.122    0    0  (Gen:  0)
 29533272      5424  63463240  0.000  0.000 1809.906  247.157    0    0  (Gen:  0)
 30281632      6064  63464424  0.000  0.000 1810.141  247.193    0    0  (Gen:  0)
 25479392      5880  63464752  0.000  0.000 1810.359  247.224    0    0  (Gen:  0)
 30031440      4760  63464112  0.000  0.000 1810.594  247.259    0    0  (Gen:  0)
 30563856      6320  63466152  0.000  0.000 1810.969  247.296    0    0  (Gen:  0)
 30739696      5168  63465544  0.000  0.000 1811.219  247.331    0    0  (Gen:  0)
 31419080      5568  63466616  0.000  0.000 1811.469  247.368    0    0  (Gen:  0)
 28296600      5320  63467008  0.000  0.000 1811.703  247.400    0    0  (Gen:  0)
 29094760      4480  63466872  0.000  0.000 1811.938  247.435    0    0  (Gen:  0)
 29715808  59128696  63396816  0.031  0.031 1812.328  247.501    0    0  (Gen:  1)
 28268712      5656  63397384  0.000  0.000 1812.547  247.534    0    0  (Gen:  0)
 26534800      4664  63396936  0.000  0.000 1812.766  247.565    0    0  (Gen:  0)
 29107312      5080  63398024  0.000  0.000 1813.016  247.600    0    0  (Gen:  0)
 28478112      4936  63398504  0.000  0.000 1813.266  247.633    0    0  (Gen:  0)
 31093696      4816  63398864  0.000  0.000 1813.516  247.670    0    0  (Gen:  0)
 26253616      4648  63399304  0.000  0.000 1813.719  247.702    0    0  (Gen:  0)
 29389024      5504  63400576  0.000  0.000 1813.938  247.737    0    0  (Gen:  0)
 22312976      6544  63402096  0.000  0.010 1814.031  247.776    0    0  (Gen:  0)
 11704192      5040  63401776  0.000  0.000 1814.047  247.793    0    0  (Gen:  0)
 22453136      5880  63403680  0.000  0.000 1814.234  247.821    0    0  (Gen:  0)
 21688240      6104  63404528  0.000  0.000 1814.438  247.847    0    0  (Gen:  0)
 30555112      5568  63404456  0.000  0.000 1814.688  247.883    0    0  (Gen:  0)
 29125640      5832  63405264  0.000  0.000 1814.938  247.918    0    0  (Gen:  0)
 28901584      5608  63405584  0.000  0.000 1815.250  247.953    0    0  (Gen:  0)
 30680736      5808  63406296  0.000  0.000 1815.500  247.990    0    0  (Gen:  0)
 28606376      5760  63406872  0.000  0.000 1815.750  248.023    0    0  (Gen:  0)
 30075360      6384  63408008  0.000  0.000 1815.969  248.059    0    0  (Gen:  0)
 28885544      4416  63406584  0.000  0.000 1816.312  248.093    0    0  (Gen:  0)
 28408080      5848  63408560  0.000  0.000 1816.562  248.126    0    0  (Gen:  0)
 30481512      5664  63408856  0.000  0.000 1816.812  248.163    0    0  (Gen:  0)
 31269976      5408  63441904  0.000  0.000 1817.047  248.199    0    0  (Gen:  0)
 30921328      4840  63441912  0.000  0.000 1817.406  248.236    0    0  (Gen:  0)
 29494304      5648  63443344  0.000  0.000 1817.625  248.271    0    0  (Gen:  0)
 31142176      5928  63444264  0.000  0.000 1817.875  248.308    0    0  (Gen:  0)
 29004016      6352  63445232  0.000  0.000 1818.094  248.342    0    0  (Gen:  0)
 31615600      4568  63443960  0.000  0.000 1818.469  248.379    0    0  (Gen:  0)
 28775912      5288  63445416  0.000  0.000 1818.703  248.413    0    0  (Gen:  0)
 27653800      5544  63446288  0.000  0.000 1818.922  248.446    0    0  (Gen:  0)
 30658688      4680  63445984  0.000  0.000 1819.156  248.482    0    0  (Gen:  0)
 29116480      5752  63447696  0.000  0.000 1819.500  248.516    0    0  (Gen:  0)
 26459176      5392  63447880  0.000  0.000 1819.719  248.547    0    0  (Gen:  0)
 30865984      5296  63448936  0.000  0.000 1819.953  248.585    0    0  (Gen:  0)
 27800808      4680  63449344  0.000  0.000 1820.203  248.618    0    0  (Gen:  0)
 25011936      5216  63450392  0.000  0.000 1820.406  248.648    0    0  (Gen:  0)
 30240664      5648  63451400  0.000  0.000 1820.750  248.686    0    0  (Gen:  0)
 29808176      4872  63451216  0.000  0.000 1820.969  248.723    0    0  (Gen:  0)
 27647680  59063360  63364248  0.109  0.029 1821.297  248.785    0    0  (Gen:  1)
 24671072      5208  63363976  0.000  0.000 1821.484  248.815    0    0  (Gen:  0)
 23446744      5112  63364328  0.000  0.000 1821.656  248.844    0    0  (Gen:  0)
 24219520      5296  63364992  0.000  0.000 1821.781  248.873    0    0  (Gen:  0)
 23813472      4592  63364896  0.000  0.000 1821.891  248.902    0    0  (Gen:  0)
 30879888      6224  63366928  0.000  0.000 1822.250  248.940    0    0  (Gen:  0)
 29923104      4952  63366168  0.000  0.000 1822.438  248.977    0    0  (Gen:  0)
 25421968      4408  63366200  0.000  0.000 1822.641  249.008    0    0  (Gen:  0)
 29862944      5312  63367504  0.000  0.000 1822.891  249.045    0    0  (Gen:  0)
 30265576      4896  63367632  0.000  0.000 1823.234  249.082    0    0  (Gen:  0)
 27441416      5216  63368400  0.000  0.000 1823.469  249.115    0    0  (Gen:  0)
 29986424      5664  63369360  0.000  0.000 1823.703  249.152    0    0  (Gen:  0)
 27971136      5640  63369784  0.000  0.000 1823.906  249.185    0    0  (Gen:  0)
 29974784      5144  63369800  0.000  0.000 1824.281  249.221    0    0  (Gen:  0)
 30487104      5488  63370656  0.000  0.000 1824.516  249.258    0    0  (Gen:  0)
 29893880      5336  63371080  0.000  0.000 1824.750  249.294    0    0  (Gen:  0)
 29448576      4704  63370928  0.000  0.000 1825.109  249.330    0    0  (Gen:  0)
 30722224      6360  63373192  0.000  0.000 1825.359  249.367    0    0  (Gen:  0)
 30575904      5656  63373096  0.000  0.000 1825.609  249.404    0    0  (Gen:  0)
 29986704      4704  63372720  0.000  0.000 1825.969  249.440    0    0  (Gen:  0)
 29612784      5816  63374376  0.000  0.000 1826.203  249.476    0    0  (Gen:  0)
 31110752      4832  63374032  0.000  0.000 1826.453  249.513    0    0  (Gen:  0)
 30449120      5176  63375048  0.000  0.000 1826.828  249.550    0    0  (Gen:  0)
 31682000      6840  63377224  0.000  0.000 1827.078  249.588    0    0  (Gen:  0)
 28413176      5392  63376448  0.000  0.000 1827.328  249.622    0    0  (Gen:  0)
 31207080      5408  63376912  0.000  0.000 1827.688  249.659    0    0  (Gen:  0)
 29864344      5136  63377248  0.000  0.000 1827.922  249.696    0    0  (Gen:  0)
 29987408      5920  63378544  0.000  0.000 1828.141  249.732    0    0  (Gen:  0)
 31352176  59016296  63317184  0.062  0.028 1828.562  249.797    0    0  (Gen:  1)
 29312960      5056  63317000  0.000  0.000 1828.797  249.832    0    0  (Gen:  0)
 29188112      4776  63317232  0.000  0.000 1829.047  249.867    0    0  (Gen:  0)
 30343712      4520  63317616  0.000  0.000 1829.281  249.903    0    0  (Gen:  0)
 26653736      4704  63318280  0.000  0.000 1829.469  249.934    0    0  (Gen:  0)
 31096368      5032  63319088  0.000  0.000 1829.828  249.971    0    0  (Gen:  0)
 31508256      5624  63320224  0.000  0.000 1830.078  250.008    0    0  (Gen:  0)
 30102048      5856  63321096  0.000  0.000 1830.312  250.043    0    0  (Gen:  0)
 31077928      5176  63320896  0.000  0.000 1830.688  250.080    0    0  (Gen:  0)
 29234960      5640  63321872  0.000  0.000 1830.922  250.114    0    0  (Gen:  0)
 27354592      5984  63322792  0.000  0.000 1831.172  250.147    0    0  (Gen:  0)
 30549872      5104  63322296  0.000  0.000 1831.406  250.183    0    0  (Gen:  0)
 29360408      5096  63322800  0.000  0.000 1831.656  250.217    0    0  (Gen:  0)
 28413368      7152  63325368  0.000  0.000 1831.922  250.251    0    0  (Gen:  0)
 31409048      5544  63324240  0.000  0.000 1832.156  250.289    0    0  (Gen:  0)
 25328416      6392  63325568  0.000  0.000 1832.406  250.317    0    0  (Gen:  0)
 29598664      6488  63327136  0.000  0.000 1832.656  250.353    0    0  (Gen:  0)
 31406104      6440  63327536  0.000  0.000 1833.016  250.390    0    0  (Gen:  0)
 19934120      4072  63325616  0.000  0.013 1833.094  250.436    0    0  (Gen:  0)
 21385776      6272  63328264  0.000  0.000 1833.203  250.462    0    0  (Gen:  0)
 22783864      4664  63327728  0.000  0.000 1833.406  250.488    0    0  (Gen:  0)
 26706248      6328  63330112  0.000  0.000 1833.656  250.522    0    0  (Gen:  0)
 29546496      5592  63329792  0.000  0.000 1833.906  250.559    0    0  (Gen:  0)
 30376144      6296  63331040  0.000  0.000 1834.234  250.597    0    0  (Gen:  0)
 29618040      4296  63329536  0.000  0.000 1834.453  250.634    0    0  (Gen:  0)
 31123448      5040  63330792  0.000  0.000 1834.812  250.673    0    0  (Gen:  0)
 29599072      4064  63330488  0.000  0.000 1835.062  250.710    0    0  (Gen:  0)
 30381232      4640  63364304  0.000  0.000 1835.297  250.748    0    0  (Gen:  0)
 29455840      3952  63331400  0.000  0.000 1835.625  250.784    0    0  (Gen:  0)
 31475848      4504  63365192  0.000  0.000 1835.859  250.823    0    0  (Gen:  0)
 31487056      4056  63365288  0.000  0.000 1836.234  250.863    0    0  (Gen:  0)
 15443016  58960448  63294096  0.125  0.029 1836.484  250.912    0    0  (Gen:  1)
 29268584      3984  63293392  0.000  0.000 1836.719  250.949    0    0  (Gen:  0)
 30675272      4832  63294768  0.000  0.000 1837.094  250.988    0    0  (Gen:  0)
 30549560      4352  63294832  0.000  0.000 1837.344  251.027    0    0  (Gen:  0)
 30487992      4096  63295120  0.000  0.000 1837.703  251.066    0    0  (Gen:  0)
 27170304      4464  63296008  0.000  0.000 1837.922  251.100    0    0  (Gen:  0)
 30021224      4736  63296792  0.000  0.000 1838.172  251.137    0    0  (Gen:  0)
 23391960      4952  63297584  0.000  0.000 1838.422  251.165    0    0  (Gen:  0)
 30370248      4776  63298816  0.000  0.000 1838.766  251.204    0    0  (Gen:  0)
 27911344      4408  63298992  0.000  0.000 1839.016  251.240    0    0  (Gen:  0)
 31494336      3472  63298600  0.000  0.000 1839.391  251.280    0    0  (Gen:  0)
 30430528      5264  63300904  0.000  0.000 1839.625  251.319    0    0  (Gen:  0)
 30081256      5304  63301488  0.000  0.000 1839.859  251.357    0    0  (Gen:  0)
 27986856      4736  63301400  0.000  0.000 1840.172  251.392    0    0  (Gen:  0)
 30645224      4672  63301816  0.000  0.000 1840.422  251.431    0    0  (Gen:  0)
 30800248      4280  63302000  0.000  0.000 1840.797  251.469    0    0  (Gen:  0)
 31314088      4344  63302512  0.000  0.000 1841.016  251.510    0    0  (Gen:  0)
 29589840      3696  63302376  0.000  0.000 1841.391  251.548    0    0  (Gen:  0)
 28228264      3832  63302992  0.000  0.000 1841.609  251.584    0    0  (Gen:  0)
 28743136      3736  63303472  0.000  0.000 1841.859  251.619    0    0  (Gen:  0)
 30272560      4160  63304408  0.000  0.000 1842.234  251.658    0    0  (Gen:  0)
 28756872      3936  63304728  0.000  0.000 1842.469  251.694    0    0  (Gen:  0)
 29685552      4008  63305408  0.000  0.000 1842.672  251.732    0    0  (Gen:  0)
 30859920      4104  63306144  0.000  0.000 1843.047  251.771    0    0  (Gen:  0)
 29639352      4168  63306816  0.000  0.000 1843.297  251.809    0    0  (Gen:  0)
 29671968      4552  63307648  0.000  0.000 1843.656  251.847    0    0  (Gen:  0)
 27608224      4080  63307720  0.000  0.000 1843.891  251.881    0    0  (Gen:  0)
 28099360      4816  63309000  0.000  0.000 1844.125  251.916    0    0  (Gen:  0)
 30099088      4240  63308968  0.000  0.000 1844.469  251.954    0    0  (Gen:  0)
 27412344  58906384  63240040  0.047  0.026 1844.750  252.014    0    0  (Gen:  1)
 30054208      5328  63241704  0.000  0.000 1844.984  252.052    0    0  (Gen:  0)
 29900920      5696  63242648  0.000  0.000 1845.203  252.090    0    0  (Gen:  0)
 30706784      4312  63241744  0.000  0.000 1845.578  252.128    0    0  (Gen:  0)
 30397224      4272  63242312  0.000  0.000 1845.828  252.166    0    0  (Gen:  0)
 30351704      4576  63243192  0.000  0.000 1846.125  252.203    0    0  (Gen:  0)
 30277008      4040  63243264  0.000  0.000 1846.375  252.240    0    0  (Gen:  0)
 29891952      5264  63310584  0.000  0.000 1846.625  252.277    0    0  (Gen:  0)
 31474608      4648  63277784  0.000  0.000 1846.984  252.315    0    0  (Gen:  0)
 30337336      4872  63278648  0.000  0.000 1847.219  252.351    0    0  (Gen:  0)
 28612488      4296  63278648  0.000  0.000 1847.453  252.385    0    0  (Gen:  0)
 31116288      4240  63279200  0.000  0.000 1847.828  252.423    0    0  (Gen:  0)
 30643408      4352  63312712  0.000  0.000 1848.078  252.461    0    0  (Gen:  0)
 31271728      4304  63280416  0.000  0.000 1848.422  252.499    0    0  (Gen:  0)
 29818512      5944  63315456  0.000  0.000 1848.656  252.535    0    0  (Gen:  0)
 30636392      5040  63315040  0.000  0.000 1848.891  252.572    0    0  (Gen:  0)
 30284072      4992  63315600  0.000  0.000 1849.266  252.608    0    0  (Gen:  0)
 26428648      5264  63316448  0.000  0.000 1849.391  252.639    0    0  (Gen:  0)
 25636104      5160  63317368  0.000  0.000 1849.641  252.668    0    0  (Gen:  0)
 28214824      4392  63318264  0.000  0.000 1849.953  252.703    0    0  (Gen:  0)
 30094696      5424  63320128  0.000  0.000 1850.203  252.740    0    0  (Gen:  0)
 28461472      5232  63320512  0.000  0.000 1850.453  252.775    0    0  (Gen:  0)
 30214016      4416  63320184  0.000  0.000 1850.812  252.813    0    0  (Gen:  0)
 28046360      5080  63321456  0.000  0.000 1851.031  252.848    0    0  (Gen:  0)
 30896088      4464  63321288  0.000  0.000 1851.281  252.886    0    0  (Gen:  0)
 28815176      5024  63322328  0.000  0.000 1851.641  252.921    0    0  (Gen:  0)
 29799680      5144  63323440  0.000  0.000 1851.875  252.956    0    0  (Gen:  0)
 28171336      4256  63323672  0.000  0.000 1852.109  252.991    0    0  (Gen:  0)
 19582736      4384  63324280  0.000  0.000 1852.281  253.035    0    0  (Gen:  0)
 20632952  58846504  63245696  0.016  0.028 1852.484  253.090    0    0  (Gen:  1)
 28889864      4472  63245760  0.000  0.000 1852.859  253.126    0    0  (Gen:  0)
 26378048      4408  63246160  0.000  0.000 1853.062  253.158    0    0  (Gen:  0)
 27851480      4632  63246832  0.000  0.000 1853.266  253.193    0    0  (Gen:  0)
 30840400      4224  63246872  0.000  0.000 1853.500  253.232    0    0  (Gen:  0)
 30067792      6200  63249424  0.000  0.000 1853.844  253.269    0    0  (Gen:  0)
 30448368      4208  63247912  0.000  0.000 1854.094  253.307    0    0  (Gen:  0)
 29131192      5400  63249664  0.000  0.000 1854.406  253.342    0    0  (Gen:  0)
 28041248      5080  63249792  0.000  0.000 1854.641  253.377    0    0  (Gen:  0)
 30104136      4800  63249992  0.000  0.000 1854.891  253.415    0    0  (Gen:  0)
 29367368      4880  63250520  0.000  0.000 1855.250  253.451    0    0  (Gen:  0)
 29464840      5544  63284520  0.000  0.000 1855.500  253.488    0    0  (Gen:  0)
 28437272      5128  63251792  0.000  0.000 1855.719  253.523    0    0  (Gen:  0)
 30394728      4672  63251848  0.000  0.000 1855.969  253.561    0    0  (Gen:  0)
 29306912      5040  63252792  0.000  0.000 1856.266  253.598    0    0  (Gen:  0)
 26314944      3880  63252176  0.000  0.000 1856.500  253.630    0    0  (Gen:  0)
 30176728      5296  63286960  0.000  0.000 1856.750  253.667    0    0  (Gen:  0)
 30469624      4872  63319952  0.000  0.000 1857.062  253.703    0    0  (Gen:  0)
 29006288      5072  63288032  0.000  0.000 1857.297  253.737    0    0  (Gen:  0)
 31125000      3952  63320248  0.000  0.000 1857.547  253.774    0    0  (Gen:  0)
 30450528      4824  63321824  0.000  0.000 1857.891  253.811    0    0  (Gen:  0)
 28837728      4152  63321664  0.000  0.000 1858.125  253.844    0    0  (Gen:  0)
 29916384      6344  63324368  0.000  0.000 1858.375  253.880    0    0  (Gen:  0)
 29295104      6888  63325496  0.000  0.000 1858.609  253.916    0    0  (Gen:  0)
 29184112      4248  63323304  0.000  0.000 1858.953  253.951    0    0  (Gen:  0)
 29360240      5072  63324648  0.000  0.000 1859.203  253.988    0    0  (Gen:  0)
 28672736      4560  63324616  0.000  0.000 1859.438  254.022    0    0  (Gen:  0)
 27227800      5064  63326016  0.000  0.000 1859.672  254.054    0    0  (Gen:  0)
 29384568      4072  63326112  0.000  0.000 1859.906  254.090    0    0  (Gen:  0)
 29493560  58794120  63258848  0.031  0.028 1860.297  254.155    0    0  (Gen:  1)
 30319600      4264  63259256  0.000  0.000 1860.531  254.192    0    0  (Gen:  0)
 29148624      5328  63260832  0.000  0.000 1860.781  254.228    0    0  (Gen:  0)
 30664488      5712  63261728  0.000  0.000 1861.156  254.266    0    0  (Gen:  0)
 30315728      3800  63260328  0.000  0.000 1861.406  254.304    0    0  (Gen:  0)
 30647520      4128  63261200  0.000  0.000 1861.781  254.342    0    0  (Gen:  0)
 29478712      5480  63263096  0.000  0.000 1862.000  254.378    0    0  (Gen:  0)
 30566648      5472  63263568  0.000  0.000 1862.234  254.416    0    0  (Gen:  0)
 29740808      5336  63263848  0.000  0.000 1862.594  254.453    0    0  (Gen:  0)
 29907768      4048  63263104  0.000  0.000 1862.844  254.490    0    0  (Gen:  0)
 29201336      4552  63264056  0.000  0.000 1863.078  254.526    0    0  (Gen:  0)
 29209456      4760  63264776  0.000  0.000 1863.422  254.562    0    0  (Gen:  0)
 30258144      4952  63265448  0.000  0.000 1863.672  254.599    0    0  (Gen:  0)
 28342280      4160  63265200  0.000  0.000 1863.875  254.634    0    0  (Gen:  0)
 28810608      4608  63266064  0.000  0.000 1864.094  254.669    0    0  (Gen:  0)
 30469032      5712  63267744  0.000  0.000 1864.422  254.706    0    0  (Gen:  0)
 27121504      5648  63268096  0.000  0.000 1864.672  254.740    0    0  (Gen:  0)
 29692064      5112  63268008  0.000  0.000 1864.891  254.776    0    0  (Gen:  0)
 29627928      4656  63268048  0.000  0.000 1865.250  254.813    0    0  (Gen:  0)
 29173608      6096  63269968  0.000  0.000 1865.500  254.849    0    0  (Gen:  0)
 27616416      4736  63269152  0.000  0.000 1865.703  254.883    0    0  (Gen:  0)
 29756072      6280  63271112  0.000  0.000 1865.938  254.920    0    0  (Gen:  0)
 30239544      5768  63271080  0.000  0.000 1866.297  254.956    0    0  (Gen:  0)
 29405704      4392  63270248  0.000  0.000 1866.516  254.992    0    0  (Gen:  0)
 30341472      5672  63272008  0.109  0.000 1866.859  255.029    0    0  (Gen:  0)
 27587888      5952  63272864  0.000  0.000 1867.094  255.063    0    0  (Gen:  0)
 29751184      4288  63271664  0.000  0.000 1867.344  255.099    0    0  (Gen:  0)
 30384096      4776  63272696  0.000  0.000 1867.578  255.136    0    0  (Gen:  0)
 28668384      5824  63274256  0.000  0.000 1867.906  255.171    0    0  (Gen:  0)
 24938784      4416  63273360  0.000  0.000 1868.125  255.202    0    0  (Gen:  0)
 28854160      6600  63275960  0.000  0.000 1868.375  255.237    0    0  (Gen:  0)
 30739504  58745392  63210120  0.141  0.027 1868.750  255.301    0    0  (Gen:  1)
 30886072      3872  63208968  0.000  0.000 1868.969  255.339    0    0  (Gen:  0)
 28889504      4688  63210296  0.000  0.000 1869.328  255.374    0    0  (Gen:  0)
 31479016      5120  63211272  0.000  0.000 1869.578  255.412    0    0  (Gen:  0)
 30223840      6496  63213288  0.000  0.000 1869.812  255.448    0    0  (Gen:  0)
 30664632      5424  63212856  0.000  0.000 1870.172  255.484    0    0  (Gen:  0)
 30661240      5112  63213120  0.000  0.000 1870.406  255.521    0    0  (Gen:  0)
 29694792      4848  63246288  0.000  0.000 1870.656  255.557    0    0  (Gen:  0)
 30983808      5480  63247528  0.000  0.000 1871.016  255.594    0    0  (Gen:  0)
 30913680      4944  63247632  0.000  0.000 1871.250  255.630    0    0  (Gen:  0)
 31014472      4768  63248096  0.000  0.000 1871.500  255.667    0    0  (Gen:  0)
 29209120      4872  63248840  0.000  0.000 1871.766  255.729    0    0  (Gen:  0)
 22758312      5064  63249608  0.000  0.000 1871.953  255.754    0    0  (Gen:  0)
 25970448      4576  63249568  0.000  0.000 1872.141  255.786    0    0  (Gen:  0)
 30815400      4496  63249968  0.000  0.000 1872.391  255.823    0    0  (Gen:  0)
 29304816      5496  63251480  0.000  0.000 1872.750  255.858    0    0  (Gen:  0)
 31051648      5608  63252168  0.000  0.000 1872.984  255.895    0    0  (Gen:  0)
 28693336      5880  63252920  0.000  0.000 1873.219  255.929    0    0  (Gen:  0)
 29345648      5112  63252664  0.000  0.000 1873.469  255.963    0    0  (Gen:  0)
 29808056      6048  63254240  0.000  0.000 1873.828  255.998    0    0  (Gen:  0)
 28383208      4928  63253672  0.000  0.000 1874.047  256.031    0    0  (Gen:  0)
 24924256      7416  63256736  0.000  0.000 1874.172  256.059    0    0  (Gen:  0)
 28695840      5440  63256200  0.000  0.000 1874.406  256.092    0    0  (Gen:  0)
 31285128      6816  63258184  0.000  0.000 1874.641  256.129    0    0  (Gen:  0)
 26053208      4936  63256912  0.000  0.000 1874.891  256.160    0    0  (Gen:  0)
 27087456      4768  63257256  0.000  0.000 1875.094  256.192    0    0  (Gen:  0)
 28511008      5064  63258160  0.000  0.000 1875.344  256.226    0    0  (Gen:  0)
 30465488      4824  63258400  0.000  0.000 1875.578  256.263    0    0  (Gen:  0)
 29051784      5664  63259720  0.000  0.000 1875.938  256.298    0    0  (Gen:  0)
 29928624      5408  63259944  0.000  0.000 1876.172  256.334    0    0  (Gen:  0)
 27611584      6272  63261384  0.000  0.000 1876.406  256.367    0    0  (Gen:  0)
 27636240      4528  63260216  0.000  0.000 1876.641  256.400    0    0  (Gen:  0)
 30110928      4656  63260888  0.000  0.000 1876.984  256.437    0    0  (Gen:  0)
 30082688      4616  63261392  0.000  0.000 1877.234  256.474    0    0  (Gen:  0)
 29484032  58680304  63177800  0.125  0.027 1877.594  256.538    0    0  (Gen:  1)
 30264784      5272  63178648  0.000  0.000 1877.844  256.575    0    0  (Gen:  0)
 30021768      4696  63178664  0.000  0.000 1878.219  256.611    0    0  (Gen:  0)
 29867248      4248  63178760  0.000  0.000 1878.453  256.647    0    0  (Gen:  0)
 26511880      5856  63180928  0.000  0.000 1878.672  256.679    0    0  (Gen:  0)
 24728920      5176  63180696  0.000  0.000 1878.906  256.710    0    0  (Gen:  0)
 27584832      4560  63180560  0.000  0.000 1879.141  256.743    0    0  (Gen:  0)
 30167696      5224  63181752  0.000  0.000 1879.375  256.778    0    0  (Gen:  0)
 31020616      5376  63182416  0.000  0.000 1879.750  256.816    0    0  (Gen:  0)
 31294048      6928  63184576  0.000  0.000 1880.000  256.854    0    0  (Gen:  0)
 28664568      6664  63184728  0.000  0.000 1880.203  256.888    0    0  (Gen:  0)
 31063504      5920  63184464  0.000  0.000 1880.562  256.925    0    0  (Gen:  0)
 31369520      4904  63184072  0.000  0.000 1880.812  256.962    0    0  (Gen:  0)
 31394432      6144  63185856  0.000  0.000 1881.172  257.000    0    0  (Gen:  0)
 30166664      4880  63185136  0.000  0.000 1881.406  257.036    0    0  (Gen:  0)
 28823816      5392  63186208  0.000  0.000 1881.641  257.070    0    0  (Gen:  0)
 31331192      4992  63186320  0.000  0.000 1881.891  257.107    0    0  (Gen:  0)
 29951336      5112  63186984  0.000  0.000 1882.141  257.142    0    0  (Gen:  0)
 30906584      5344  63187728  0.000  0.000 1882.344  257.179    0    0  (Gen:  0)
 27244944      5376  63188272  0.000  0.000 1882.578  257.211    0    0  (Gen:  0)
 30487624      5080  63188488  0.000  0.000 1882.828  257.248    0    0  (Gen:  0)
 29932224      5968  63189888  0.000  0.000 1883.203  257.284    0    0  (Gen:  0)
 31501024      7888  63192320  0.000  0.000 1883.453  257.322    0    0  (Gen:  0)
 30265944      6208  63191152  0.000  0.000 1883.828  257.358    0    0  (Gen:  0)
 29000960      5240  63190664  0.000  0.000 1884.047  257.392    0    0  (Gen:  0)
 31376368      5296  63191200  0.000  0.000 1884.281  257.430    0    0  (Gen:  0)
 31049024      6560  63193008  0.000  0.000 1884.656  257.468    0    0  (Gen:  0)
 30284928      5992  63192856  0.000  0.000 1884.906  257.504    0    0  (Gen:  0)
 28952984      5480  63192824  0.000  0.000 1885.141  257.539    0    0  (Gen:  0)
 30771352      5048  63192840  0.000  0.000 1885.375  257.576    0    0  (Gen:  0)
 28420864  58633712  63131208  0.016  0.029 1885.750  257.638    0    0  (Gen:  1)
 29896232      5416  63130232  0.000  0.000 1886.109  257.674    0    0  (Gen:  0)
 27401688      5960  63131256  0.000  0.000 1886.344  257.707    0    0  (Gen:  0)
 29459904      5160  63130936  0.000  0.000 1886.594  257.742    0    0  (Gen:  0)
 30465128      5216  63131568  0.000  0.000 1886.844  257.778    0    0  (Gen:  0)
 30094120      6320  63133248  0.000  0.000 1887.203  257.814    0    0  (Gen:  0)
 30997928      5224  63132728  0.000  0.000 1887.438  257.851    0    0  (Gen:  0)
 30987864      4808  63132888  0.000  0.000 1887.688  257.888    0    0  (Gen:  0)
 25734896      5872  63134528  0.000  0.000 1887.891  257.919    0    0  (Gen:  0)
 20643880      4984  63134088  0.000  0.000 1887.953  257.954    0    0  (Gen:  0)
 24308144      4832  63134448  0.000  0.000 1888.125  257.984    0    0  (Gen:  0)
 27631296      5080  63135288  0.000  0.000 1888.328  258.018    0    0  (Gen:  0)
 30244576      5464  63136264  0.000  0.000 1888.578  258.054    0    0  (Gen:  0)
 29197912      4456  63135704  0.000  0.000 1888.812  258.089    0    0  (Gen:  0)
 29228608      6024  63137784  0.000  0.000 1889.062  258.122    0    0  (Gen:  0)
 28666832      4632  63137864  0.000  0.000 1889.391  258.156    0    0  (Gen:  0)
 29986768      4992  63138800  0.000  0.000 1889.641  258.193    0    0  (Gen:  0)
 29489992      6224  63140512  0.000  0.000 1889.844  258.230    0    0  (Gen:  0)
 29938112      5744  63140544  0.000  0.000 1890.203  258.266    0    0  (Gen:  0)
 30663448      5152  63140400  0.000  0.000 1890.453  258.304    0    0  (Gen:  0)
 30756064      4872  63140664  0.000  0.000 1890.688  258.342    0    0  (Gen:  0)
 25901960      7168  63143440  0.000  0.000 1890.812  258.371    0    0  (Gen:  0)
 30418856      5648  63143168  0.000  0.000 1891.188  258.410    0    0  (Gen:  0)
 30467088      4424  63142616  0.000  0.000 1891.438  258.448    0    0  (Gen:  0)
 29749528      5008  63143680  0.000  0.000 1891.781  258.485    0    0  (Gen:  0)
 21167152      5448  63144568  0.000  0.000 1891.906  258.511    0    0  (Gen:  0)
 29139800      4352  63143856  0.000  0.000 1892.266  258.548    0    0  (Gen:  0)
 30407184      4840  63144968  0.000  0.000 1892.500  258.586    0    0  (Gen:  0)
 30412056      4856  63145464  0.000  0.000 1892.859  258.625    0    0  (Gen:  0)
 30675536      6640  63147792  0.000  0.000 1893.094  258.663    0    0  (Gen:  0)
 29701896      4392  63145992  0.000  0.000 1893.297  258.700    0    0  (Gen:  0)
 30933928      4248  63146392  0.000  0.000 1893.641  258.739    0    0  (Gen:  0)
 29415184  58573376  63070872  0.141  0.026 1894.000  258.801    0    0  (Gen:  1)
 31033768      5976  63072864  0.000  0.000 1894.234  258.840    0    0  (Gen:  0)
 29260376      4472  63071936  0.000  0.000 1894.562  258.878    0    0  (Gen:  0)
 30694384      4776  63072784  0.000  0.000 1894.812  258.916    0    0  (Gen:  0)
 31261416      5744  63074296  0.000  0.000 1895.172  258.956    0    0  (Gen:  0)
 30459800      4680  63073776  0.000  0.000 1895.406  258.994    0    0  (Gen:  0)
 27976272      5120  63074760  0.000  0.000 1895.641  259.029    0    0  (Gen:  0)
 30631864      4304  63074408  0.000  0.000 1896.000  259.068    0    0  (Gen:  0)
 30426168      4200  63074880  0.000  0.000 1896.250  259.107    0    0  (Gen:  0)
 28238352      5112  63076368  0.000  0.000 1896.625  259.142    0    0  (Gen:  0)
 28859728      4648  63076384  0.000  0.000 1896.844  259.178    0    0  (Gen:  0)
 28467528      3616  63075864  0.000  0.000 1897.062  259.214    0    0  (Gen:  0)
 30690632      5112  63077840  0.000  0.000 1897.438  259.253    0    0  (Gen:  0)
 30476688      4032  63077304  0.000  0.000 1897.688  259.292    0    0  (Gen:  0)
 30604352      4328  63078112  0.000  0.000 1898.016  259.331    0    0  (Gen:  0)
 31051624      4224  63078520  0.000  0.000 1898.266  259.370    0    0  (Gen:  0)
 30712224      4016  63078824  0.000  0.000 1898.641  259.409    0    0  (Gen:  0)
 30796712      4552  63079968  0.000  0.000 1898.891  259.448    0    0  (Gen:  0)
 26838560      4288  63080248  0.000  0.000 1899.141  259.481    0    0  (Gen:  0)
 30584904      4096  63080536  0.000  0.000 1899.500  259.520    0    0  (Gen:  0)
 30787448      4616  63081600  0.000  0.000 1899.750  259.559    0    0  (Gen:  0)
 30983992      4200  63081760  0.000  0.000 1900.125  259.598    0    0  (Gen:  0)
 30811576      4888  63083040  0.000  0.000 1900.375  259.637    0    0  (Gen:  0)
 30212264      4176  63082904  0.000  0.000 1900.734  259.675    0    0  (Gen:  0)
 30605904      4344  63083616  0.000  0.000 1900.969  259.713    0    0  (Gen:  0)
 28493448  58529888  63027384  0.016  0.028 1901.312  259.776    0    0  (Gen:  1)
 30927896      3816  63027376  0.000  0.000 1901.672  259.815    0    0  (Gen:  0)
 21985272      4720  63028856  0.000  0.000 1901.781  259.840    0    0  (Gen:  0)
 30879744      5080  63030432  0.000  0.000 1902.141  259.879    0    0  (Gen:  0)
 30828024      6976  63033160  0.000  0.000 1902.391  259.918    0    0  (Gen:  0)
 27921616      5264  63031960  0.000  0.000 1902.734  259.953    0    0  (Gen:  0)
 20379912      5376  63032584  0.000  0.000 1902.844  259.979    0    0  (Gen:  0)
 22946000      4008  63031664  0.000  0.002 1903.062  260.021    0    0  (Gen:  0)
 17243608      4256  63032440  0.000  0.000 1903.203  260.046    0    0  (Gen:  0)
 24525864      4032  63032600  0.000  0.000 1903.422  260.076    0    0  (Gen:  0)
 27253584      4864  63033960  0.000  0.000 1903.641  260.111    0    0  (Gen:  0)
 28074768      4720  63034328  0.000  0.000 1903.844  260.145    0    0  (Gen:  0)
 30593840      3568  63033688  0.000  0.000 1904.078  260.183    0    0  (Gen:  0)
 29385600      4424  63035152  0.000  0.000 1904.422  260.219    0    0  (Gen:  0)
 30847552      4104  63035440  0.000  0.000 1904.656  260.257    0    0  (Gen:  0)
 30568136      4472  63036448  0.000  0.000 1904.906  260.294    0    0  (Gen:  0)
 29647424      4280  63036832  0.000  0.000 1905.266  260.331    0    0  (Gen:  0)
 30716344      3880  63037008  0.000  0.000 1905.500  260.369    0    0  (Gen:  0)
 30831048      5368  63039040  0.000  0.000 1905.875  260.407    0    0  (Gen:  0)
 30144152      3928  63038208  0.000  0.000 1906.125  260.444    0    0  (Gen:  0)
 30082016      4344  63039200  0.000  0.000 1906.312  260.481    0    0  (Gen:  0)
 29779920      4496  63039928  0.000  0.000 1906.688  260.518    0    0  (Gen:  0)
 30270344      5168  63041144  0.000  0.000 1906.938  260.555    0    0  (Gen:  0)
 30646568      5824  63042408  0.000  0.000 1907.312  260.593    0    0  (Gen:  0)
 27324648      5104  63042200  0.000  0.000 1907.547  260.627    0    0  (Gen:  0)
 30127520      5320  63042896  0.000  0.000 1907.797  260.663    0    0  (Gen:  0)
 30873912      6152  63044336  0.000  0.000 1908.141  260.701    0    0  (Gen:  0)
 30938544      4888  63043616  0.000  0.000 1908.391  260.739    0    0  (Gen:  0)
 28237168      5096  63044336  0.000  0.000 1908.641  260.774    0    0  (Gen:  0)
 29024280      4736  63044552  0.000  0.000 1908.875  260.809    0    0  (Gen:  0)
 30147688  58474840  62972336  0.031  0.027 1909.250  260.873    0    0  (Gen:  1)
 30950048      5888  62973872  0.000  0.000 1909.484  260.911    0    0  (Gen:  0)
 30522280      4312  62972872  0.000  0.000 1909.734  260.949    0    0  (Gen:  0)
 27757272      5064  62974072  0.000  0.000 1910.109  260.983    0    0  (Gen:  0)
 30847336      4784  62974304  0.000  0.000 1910.359  261.021    0    0  (Gen:  0)
 29830184      5128  62975192  0.000  0.000 1910.594  261.058    0    0  (Gen:  0)
 26365352      5520  62976224  0.000  0.000 1910.844  261.089    0    0  (Gen:  0)
 30048280      3880  62975960  0.000  0.000 1911.203  261.127    0    0  (Gen:  0)
 27909664      3936  62976560  0.000  0.000 1911.391  261.162    0    0  (Gen:  0)
 24821416      5464  62978824  0.000  0.000 1911.641  261.191    0    0  (Gen:  0)
 29877416      4696  62979336  0.000  0.000 1911.875  261.229    0    0  (Gen:  0)
 28546464      4624  62979840  0.000  0.000 1912.234  261.265    0    0  (Gen:  0)
 29098040      5072  62980736  0.000  0.000 1912.453  261.302    0    0  (Gen:  0)
 29855536      6416  62982720  0.000  0.000 1912.656  261.339    0    0  (Gen:  0)
 30224184      4480  62981328  0.000  0.000 1913.031  261.377    0    0  (Gen:  0)
 29979304      6456  62983848  0.000  0.000 1913.266  261.414    0    0  (Gen:  0)
 29923256      5720  62983688  0.000  0.000 1913.516  261.451    0    0  (Gen:  0)
 29350304      6864  62985344  0.000  0.000 1913.844  261.487    0    0  (Gen:  0)
 28363120      5808  62984704  0.000  0.000 1914.062  261.522    0    0  (Gen:  0)
 29754120      6192  62985664  0.000  0.000 1914.297  261.559    0    0  (Gen:  0)
 30152840      4600  62984664  0.000  0.000 1914.672  261.596    0    0  (Gen:  0)
 30213632      4784  62985360  0.000  0.000 1914.906  261.633    0    0  (Gen:  0)
 29229488      4632  62985752  0.000  0.000 1915.141  261.669    0    0  (Gen:  0)
 30518920      5440  62987072  0.000  0.000 1915.516  261.707    0    0  (Gen:  0)
 30144296      4152  62986360  0.000  0.000 1915.766  261.745    0    0  (Gen:  0)
 29691464      6768  62989584  0.000  0.000 1916.094  261.781    0    0  (Gen:  0)
 28090336      5464  62988888  0.000  0.000 1916.297  261.815    0    0  (Gen:  0)
 28510104      6128  62990064  0.000  0.000 1916.531  261.849    0    0  (Gen:  0)
 30805304      5176  62989736  0.000  0.000 1916.766  261.886    0    0  (Gen:  0)
 27300816      5672  62991128  0.000  0.000 1917.000  261.917    0    0  (Gen:  0)
 30480184      5216  62991984  0.000  0.000 1917.375  261.955    0    0  (Gen:  0)
 30599200  58409896  62907392  0.094  0.028 1917.719  262.020    0    0  (Gen:  1)
 30110976      5200  62909192  0.000  0.000 1917.969  262.057    0    0  (Gen:  0)
 30467448      4592  62909064  0.000  0.000 1918.312  262.095    0    0  (Gen:  0)
 31002056      5496  62910544  0.000  0.000 1918.562  262.131    0    0  (Gen:  0)
 28677200      4448  62910872  0.000  0.000 1918.781  262.165    0    0  (Gen:  0)
 29412048      5056  62912152  0.062  0.000 1919.109  262.202    0    0  (Gen:  0)
 29320760      4288  62911928  0.000  0.000 1919.344  262.238    0    0  (Gen:  0)
 28364280      5816  62914000  0.000  0.000 1919.578  262.272    0    0  (Gen:  0)
 29968072      4432  62913192  0.000  0.000 1919.828  262.309    0    0  (Gen:  0)
 29124280      3976  62913312  0.000  0.000 1920.141  262.344    0    0  (Gen:  0)
 29641864      4448  62914488  0.000  0.000 1920.391  262.380    0    0  (Gen:  0)
 30953360      4376  62915024  0.000  0.000 1920.641  262.419    0    0  (Gen:  0)
 29384328      4216  62915376  0.000  0.000 1921.000  262.455    0    0  (Gen:  0)
 25914400      4160  62915896  0.000  0.000 1921.250  262.487    0    0  (Gen:  0)
 29561016      4440  62916656  0.000  0.000 1921.484  262.524    0    0  (Gen:  0)
 28789096      5720  62918528  0.000  0.000 1921.719  262.560    0    0  (Gen:  0)
 28581824      4208  62917464  0.000  0.000 1922.047  262.595    0    0  (Gen:  0)
 30027880      5248  62919016  0.000  0.000 1922.297  262.633    0    0  (Gen:  0)
 29165328      4456  62918672  0.000  0.000 1922.531  262.669    0    0  (Gen:  0)
 18105128      4056  62918688  0.000  0.000 1922.750  262.716    0    0  (Gen:  0)
 23455504      4712  62919728  0.000  0.000 1922.953  262.745    0    0  (Gen:  0)
 26803160      4096  62919544  0.000  0.000 1923.188  262.778    0    0  (Gen:  0)
 29068856      3504  62919432  0.000  0.000 1923.516  262.815    0    0  (Gen:  0)
 26853200      4616  62920960  0.000  0.000 1923.734  262.848    0    0  (Gen:  0)
 30199856      6104  62922864  0.000  0.000 1923.984  262.886    0    0  (Gen:  0)
 29921664      4352  62921592  0.000  0.000 1924.359  262.923    0    0  (Gen:  0)
 29697816      5128  62922816  0.000  0.000 1924.594  262.960    0    0  (Gen:  0)
 30068384      4424  62922656  0.000  0.000 1924.828  262.997    0    0  (Gen:  0)
 29009840      4624  62923336  0.000  0.000 1925.156  263.033    0    0  (Gen:  0)
 29147640      5328  62924584  0.000  0.000 1925.375  263.069    0    0  (Gen:  0)
 30026056      5816  62925552  0.000  0.000 1925.594  263.106    0    0  (Gen:  0)
 30553264      5432  62925648  0.000  0.000 1925.969  263.144    0    0  (Gen:  0)
 28322472      4424  62925216  0.000  0.000 1926.188  263.179    0    0  (Gen:  0)
 28242976  58353144  62850640  0.141  0.025 1926.531  263.239    0    0  (Gen:  1)
 28804456      4656  62851520  0.000  0.000 1926.766  263.274    0    0  (Gen:  0)
 28642008      4440  62851848  0.000  0.000 1927.000  263.309    0    0  (Gen:  0)
 25924112      4864  62852816  0.000  0.000 1927.234  263.339    0    0  (Gen:  0)
 29906904      4432  62853872  0.000  0.000 1927.578  263.375    0    0  (Gen:  0)
 29830536      4744  62855016  0.000  0.000 1927.828  263.413    0    0  (Gen:  0)
 30350096      4496  62855312  0.000  0.000 1928.078  263.450    0    0  (Gen:  0)
 29389640      5024  62856448  0.000  0.000 1928.375  263.486    0    0  (Gen:  0)
 29559288      5048  62857016  0.000  0.000 1928.625  263.523    0    0  (Gen:  0)
 30253824      4528  62857040  0.000  0.000 1928.875  263.560    0    0  (Gen:  0)
 29974224      4440  62857624  0.000  0.000 1929.234  263.597    0    0  (Gen:  0)
 27319608      4792  62858488  0.000  0.000 1929.484  263.630    0    0  (Gen:  0)
 29714632      4640  62858848  0.000  0.000 1929.719  263.667    0    0  (Gen:  0)
 28900296      4624  62859472  0.000  0.000 1930.062  263.703    0    0  (Gen:  0)
 29031136      5744  62861136  0.000  0.000 1930.297  263.738    0    0  (Gen:  0)
 29288920      5000  62860904  0.000  0.000 1930.531  263.776    0    0  (Gen:  0)
 27724312      4344  62860760  0.000  0.000 1930.750  263.810    0    0  (Gen:  0)
 29363216      5832  62862696  0.000  0.000 1931.062  263.845    0    0  (Gen:  0)
 28835080      4880  62862224  0.000  0.000 1931.312  263.881    0    0  (Gen:  0)
 29775152      5120  62862976  0.000  0.000 1931.562  263.917    0    0  (Gen:  0)
 29699568      4784  62863152  0.000  0.000 1931.922  263.954    0    0  (Gen:  0)
 17764688      5456  62864336  0.000  0.000 1931.969  263.976    0    0  (Gen:  0)
 28003760      4984  62864280  0.000  0.000 1932.203  264.010    0    0  (Gen:  0)
 30492736      4816  62864544  0.000  0.000 1932.562  264.047    0    0  (Gen:  0)
 29616440      4656  62864896  0.000  0.000 1932.812  264.084    0    0  (Gen:  0)
 30634376      5224  62865944  0.000  0.000 1933.047  264.121    0    0  (Gen:  0)
 27105656      4568  62865832  0.000  0.000 1933.406  264.154    0    0  (Gen:  0)
 28654832      4344  62866168  0.000  0.000 1933.641  264.189    0    0  (Gen:  0)
 29966432  58303624  62801120  0.141  0.025 1934.000  264.250    0    0  (Gen:  1)
 29376816      4616  62800688  0.000  0.000 1934.234  264.286    0    0  (Gen:  0)
 24696776      4784  62801336  0.000  0.000 1934.453  264.316    0    0  (Gen:  0)
 27389736      4040  62801040  0.000  0.000 1934.688  264.350    0    0  (Gen:  0)
 28876008      4696  62802208  0.000  0.000 1934.922  264.385    0    0  (Gen:  0)
 30216784      5104  62803240  0.000  0.000 1935.297  264.421    0    0  (Gen:  0)
 29947128      5568  62804280  0.000  0.000 1935.531  264.457    0    0  (Gen:  0)
 24297400      4520  62803840  0.000  0.000 1935.750  264.485    0    0  (Gen:  0)
 28588528      5304  62805168  0.000  0.000 1936.000  264.519    0    0  (Gen:  0)
 30154352      4688  62805224  0.000  0.000 1936.234  264.555    0    0  (Gen:  0)
 27246896      4992  62806104  0.000  0.000 1936.469  264.588    0    0  (Gen:  0)
 26921472      4616  62806272  0.000  0.000 1936.688  264.620    0    0  (Gen:  0)
 29008568      5112  62807376  0.000  0.000 1937.031  264.654    0    0  (Gen:  0)
 30277000      5136  62808088  0.000  0.000 1937.266  264.690    0    0  (Gen:  0)
 29029856      6088  62809648  0.000  0.000 1937.516  264.724    0    0  (Gen:  0)
 29903776      4696  62808832  0.000  0.000 1937.766  264.760    0    0  (Gen:  0)
 28936336      5768  62810512  0.000  0.000 1938.109  264.795    0    0  (Gen:  0)
 21522368      5680  62810840  0.000  0.000 1938.203  264.847    0    0  (Gen:  0)
 26697456      4656  62810296  0.000  0.000 1938.422  264.880    0    0  (Gen:  0)
 25638368      5376  62811704  0.000  0.000 1938.625  264.912    0    0  (Gen:  0)
 30117480      4880  62811640  0.000  0.000 1938.875  264.948    0    0  (Gen:  0)
 29580856      4296  62811568  0.000  0.000 1939.203  264.983    0    0  (Gen:  0)
 30129856      6536  62814416  0.000  0.000 1939.453  265.019    0    0  (Gen:  0)
 30774456      5496  62813856  0.000  0.000 1939.688  265.056    0    0  (Gen:  0)
 30469848      4488  62813440  0.125  0.000 1940.062  265.092    0    0  (Gen:  0)
 28886712      5200  62814632  0.000  0.000 1940.312  265.127    0    0  (Gen:  0)
 28560136      5264  62815176  0.000  0.000 1940.547  265.160    0    0  (Gen:  0)
 30998896      6568  62817024  0.000  0.000 1940.797  265.197    0    0  (Gen:  0)
 29748032      4472  62815408  0.000  0.000 1941.047  265.232    0    0  (Gen:  0)
 29485424      5024  62816472  0.000  0.000 1941.422  265.268    0    0  (Gen:  0)
 24844584      5424  62817352  0.000  0.000 1941.625  265.299    0    0  (Gen:  0)
 28191032      6728  62819040  0.000  0.000 1941.844  265.332    0    0  (Gen:  0)
 28298432      6736  62819464  0.000  0.000 1942.062  265.367    0    0  (Gen:  0)
 30460592      6224  62819432  0.000  0.000 1942.312  265.403    0    0  (Gen:  0)
 30848016      6992  62820728  0.000  0.000 1942.656  265.441    0    0  (Gen:  0)
 26301304      5360  62819480  0.000  0.000 1942.875  265.472    0    0  (Gen:  0)
 29998232  58248544  62746040  0.141  0.025 1943.250  265.533    0    0  (Gen:  1)
 29935216      5768  62742992  0.000  0.000 1943.500  265.569    0    0  (Gen:  0)
 29833696      5424  62743032  0.000  0.000 1943.734  265.605    0    0  (Gen:  0)
 28687944      6024  62744144  0.000  0.000 1943.953  265.639    0    0  (Gen:  0)
 30641416      4728  62743312  0.000  0.000 1944.328  265.676    0    0  (Gen:  0)
 30640728      6120  62745184  0.000  0.000 1944.578  265.713    0    0  (Gen:  0)
 24288112      6528  62746072  0.000  0.000 1944.828  265.741    0    0  (Gen:  0)
 27786616      5864  62746656  0.000  0.000 1945.047  265.775    0    0  (Gen:  0)
 30501896      8600  62749920  0.000  0.000 1945.406  265.812    0    0  (Gen:  0)
 29296808      6496  62748232  0.000  0.000 1945.609  265.849    0    0  (Gen:  0)
 28509064      5456  62747640  0.000  0.000 1945.828  265.885    0    0  (Gen:  0)
 29122712      5216  62747752  0.000  0.000 1946.188  265.921    0    0  (Gen:  0)
 25245288      7200  62750152  0.000  0.000 1946.297  265.952    0    0  (Gen:  0)
 29395192      6344  62749712  0.000  0.000 1946.656  265.988    0    0  (Gen:  0)
 29787560      5848  62749616  0.000  0.000 1946.906  266.024    0    0  (Gen:  0)
 30292072      6240  62750552  0.000  0.000 1947.266  266.062    0    0  (Gen:  0)
 29076792      5960  62750624  0.000  0.000 1947.484  266.098    0    0  (Gen:  0)
 28059256      6264  62751408  0.000  0.000 1947.703  266.132    0    0  (Gen:  0)
 30107856      4648  62750176  0.000  0.000 1947.938  266.169    0    0  (Gen:  0)
 30403960      5064  62751072  0.000  0.000 1948.281  266.207    0    0  (Gen:  0)
 30459480      6448  62752904  0.000  0.000 1948.531  266.244    0    0  (Gen:  0)
 30253656      5144  62752080  0.000  0.000 1948.891  266.282    0    0  (Gen:  0)
 29079440      6024  62753376  0.000  0.000 1949.125  266.318    0    0  (Gen:  0)
 28763712      4832  62752696  0.000  0.000 1949.359  266.353    0    0  (Gen:  0)
 29406992      3880  62752272  0.000  0.000 1949.609  266.388    0    0  (Gen:  0)
 30424464      5064  62753904  0.000  0.000 1949.969  266.427    0    0  (Gen:  0)
 28759680      5000  62754224  0.000  0.000 1950.172  266.462    0    0  (Gen:  0)
 23709640      5656  62755360  0.000  0.000 1950.422  266.490    0    0  (Gen:  0)
 30786952      5760  62756808  0.000  0.000 1950.672  266.529    0    0  (Gen:  0)
 30155432      4672  62756360  0.000  0.000 1951.031  266.567    0    0  (Gen:  0)
 25189984      4008  62756176  0.000  0.000 1951.234  266.600    0    0  (Gen:  0)
 29730512      3864  62756512  0.000  0.000 1951.484  266.638    0    0  (Gen:  0)
 27466688      4416  62757544  0.000  0.000 1951.766  266.672    0    0  (Gen:  0)
 30857192  58190928  62688424  0.141  0.031 1952.125  266.742    0    0  (Gen:  1)
 30035936      4872  62688664  0.000  0.000 1952.484  266.780    0    0  (Gen:  0)
 28571784      4232  62688632  0.000  0.000 1952.719  266.817    0    0  (Gen:  0)
 27330816      4304  62689184  0.000  0.000 1952.953  266.851    0    0  (Gen:  0)
 29119016      3896  62689352  0.000  0.000 1953.188  266.888    0    0  (Gen:  0)
 22317256      3760  62689728  0.000  0.003 1953.391  266.925    0    0  (Gen:  0)
 14367416      4080  62690528  0.000  0.000 1953.422  266.946    0    0  (Gen:  0)
 28242520      4992  62691856  0.000  0.000 1953.641  266.984    0    0  (Gen:  0)
 28222168      4240  62691824  0.000  0.000 1953.891  267.019    0    0  (Gen:  0)
 30063592      4008  62692104  0.000  0.000 1954.141  267.057    0    0  (Gen:  0)
 28597976      4096  62692768  0.000  0.000 1954.484  267.093    0    0  (Gen:  0)
 30552632      4448  62693568  0.000  0.000 1954.719  267.132    0    0  (Gen:  0)
 29842688      4168  62693864  0.000  0.000 1954.938  267.170    0    0  (Gen:  0)
 30154744      5400  62695736  0.000  0.000 1955.312  267.208    0    0  (Gen:  0)
 30484384      4696  62695640  0.000  0.000 1955.531  267.246    0    0  (Gen:  0)
 29927472      5496  62696984  0.000  0.000 1955.891  267.284    0    0  (Gen:  0)
 30484904      5104  62697136  0.000  0.000 1956.141  267.322    0    0  (Gen:  0)
 29669128      4120  62696632  0.000  0.000 1956.500  267.359    0    0  (Gen:  0)
 24925336      5400  62698392  0.000  0.000 1956.719  267.390    0    0  (Gen:  0)
 29311568      5360  62698768  0.000  0.000 1956.953  267.427    0    0  (Gen:  0)
 29485784      4632  62698552  0.000  0.000 1957.188  267.464    0    0  (Gen:  0)
 30736712      5008  62699472  0.000  0.000 1957.547  267.502    0    0  (Gen:  0)
 29711640      5216  62700224  0.000  0.000 1957.781  267.539    0    0  (Gen:  0)
 31483176      5080  62700600  0.000  0.000 1958.141  267.577    0    0  (Gen:  0)
 27951240      5512  62701608  0.000  0.000 1958.375  267.612    0    0  (Gen:  0)
 30454952      5888  62702560  0.000  0.000 1958.609  267.650    0    0  (Gen:  0)
 30058464      5328  62702528  0.000  0.000 1958.984  267.687    0    0  (Gen:  0)
 29892936      4464  62702176  0.000  0.000 1959.203  267.724    0    0  (Gen:  0)
 29754368      4120  62702344  0.000  0.000 1959.438  267.761    0    0  (Gen:  0)
 29346392      5296  62704032  0.000  0.000 1959.797  267.798    0    0  (Gen:  0)
 29871248      4664  62703816  0.000  0.000 1960.031  267.835    0    0  (Gen:  0)
 27457440      4232  62703800  0.000  0.000 1960.266  267.869    0    0  (Gen:  0)
 28893488  58137080  62634576  0.016  0.025 1960.625  267.930    0    0  (Gen:  1)
 30412520      5488  62636272  0.000  0.000 1961.000  267.968    0    0  (Gen:  0)
 30386592      4600  62635960  0.000  0.000 1961.234  268.006    0    0  (Gen:  0)
 30252144      4864  62636704  0.000  0.000 1961.484  268.043    0    0  (Gen:  0)
 28421152      5360  62637808  0.000  0.000 1961.844  268.079    0    0  (Gen:  0)
 28997656      5608  62638568  0.000  0.000 1962.062  268.114    0    0  (Gen:  0)
 28842456      4432  62638000  0.000  0.000 1962.297  268.149    0    0  (Gen:  0)
 29961416      4560  62638736  0.000  0.000 1962.547  268.186    0    0  (Gen:  0)
 27580792      4496  62639248  0.000  0.000 1962.797  268.220    0    0  (Gen:  0)
 28569592      4808  62640104  0.000  0.000 1963.031  268.255    0    0  (Gen:  0)
 29916240      5112  62640920  0.000  0.000 1963.266  268.292    0    0  (Gen:  0)
 29641352      4608  62641088  0.000  0.000 1963.625  268.328    0    0  (Gen:  0)
 30757336      4184  62641208  0.000  0.000 1963.859  268.366    0    0  (Gen:  0)
 29357752      4760  62642392  0.000  0.000 1964.094  268.402    0    0  (Gen:  0)
 28599808      4608  62642816  0.000  0.000 1964.422  268.437    0    0  (Gen:  0)
 30720264      5176  62644024  0.000  0.000 1964.672  268.474    0    0  (Gen:  0)
 30198016      4608  62644032  0.000  0.000 1964.906  268.512    0    0  (Gen:  0)
 30313672      5392  62645424  0.000  0.000 1965.281  268.549    0    0  (Gen:  0)
 23048512      5832  62646376  0.000  0.000 1965.516  268.577    0    0  (Gen:  0)
 26197744      4880  62645904  0.000  0.000 1965.750  268.608    0    0  (Gen:  0)
 29424240      4448  62646624  0.000  0.000 1965.984  268.643    0    0  (Gen:  0)
 30408328      4896  62648032  0.000  0.000 1966.219  268.680    0    0  (Gen:  0)
 29329720      4592  62648400  0.000  0.000 1966.469  268.716    0    0  (Gen:  0)
 27850200      5880  62650296  0.000  0.000 1966.797  268.751    0    0  (Gen:  0)
 30643680      4608  62649536  0.000  0.000 1967.031  268.788    0    0  (Gen:  0)
 30043320      4776  62650312  0.000  0.000 1967.281  268.825    0    0  (Gen:  0)
 29691200      4888  62683728  0.000  0.000 1967.656  268.861    0    0  (Gen:  0)
 26406272      5224  62651944  0.000  0.000 1967.875  268.892    0    0  (Gen:  0)
 30525088      4512  62684440  0.000  0.000 1968.125  268.930    0    0  (Gen:  0)
 31332472      5712  62686232  0.000  0.000 1968.500  268.968    0    0  (Gen:  0)
 29541160      4680  62685712  0.000  0.000 1968.719  269.005    0    0  (Gen:  0)
 28749192      5592  62687136  0.000  0.000 1968.938  269.039    0    0  (Gen:  0)
 29636080      4360  62686320  0.000  0.000 1969.188  269.076    0    0  (Gen:  0)
 16649504  58076632  62606888  0.016  0.025 1969.438  269.121    0    0  (Gen:  1)
 30363736      4912  62606288  0.000  0.000 1969.781  269.158    0    0  (Gen:  0)
 21234504      5936  62607888  0.000  0.000 1969.844  269.182    0    0  (Gen:  0)
 31348752      5992  62608336  0.000  0.000 1970.219  269.220    0    0  (Gen:  0)
 30652632      5176  62608096  0.000  0.000 1970.453  269.258    0    0  (Gen:  0)
 30659560      5144  62608544  0.000  0.000 1970.703  269.294    0    0  (Gen:  0)
 30799376      4296  62609040  0.000  0.000 1971.078  269.332    0    0  (Gen:  0)
 27716480      4136  62609648  0.000  0.000 1971.266  269.367    0    0  (Gen:  0)
 29500800      4424  62610384  0.000  0.000 1971.500  269.404    0    0  (Gen:  0)
 30631952      4416  62610856  0.000  0.000 1971.875  269.443    0    0  (Gen:  0)
 27699592      5280  62612264  0.000  0.000 1972.109  269.478    0    0  (Gen:  0)
 22782352      4280  62611840  0.000  0.004 1972.328  269.527    0    0  (Gen:  0)
 20134728      3544  62611552  0.000  0.000 1972.422  269.553    0    0  (Gen:  0)
 27434240      4160  62612632  0.000  0.000 1972.641  269.588    0    0  (Gen:  0)
 28040704      4592  62613752  0.000  0.000 1972.875  269.623    0    0  (Gen:  0)
 28813896      4256  62613832  0.000  0.000 1973.234  269.659    0    0  (Gen:  0)
 28570568      3760  62613912  0.000  0.000 1973.469  269.695    0    0  (Gen:  0)
 30424904      4624  62615352  0.000  0.000 1973.828  269.733    0    0  (Gen:  0)
 29856224      3920  62615256  0.000  0.000 1974.062  269.771    0    0  (Gen:  0)
 29222216      5208  62617216  0.000  0.000 1974.312  269.806    0    0  (Gen:  0)
 25933736      4728  62617792  0.000  0.000 1974.547  269.838    0    0  (Gen:  0)
 28723496      3952  62618104  0.000  0.000 1974.859  269.874    0    0  (Gen:  0)
 26679784      5056  62619848  0.000  0.000 1975.109  269.907    0    0  (Gen:  0)
 30326512      5600  62621480  0.000  0.000 1975.359  269.944    0    0  (Gen:  0)
 26115776      4032  62621000  0.000  0.000 1975.594  269.977    0    0  (Gen:  0)
 27215464      3920  62621400  0.000  0.000 1975.766  270.010    0    0  (Gen:  0)
 29884264      5080  62623072  0.000  0.000 1976.141  270.048    0    0  (Gen:  0)
 28220080      3896  62622496  0.000  0.000 1976.375  270.082    0    0  (Gen:  0)
 30422032      4976  62624056  0.000  0.000 1976.609  270.120    0    0  (Gen:  0)
 28139704      5824  62625416  0.000  0.000 1976.844  270.154    0    0  (Gen:  0)
 26584712      4648  62624688  0.000  0.000 1977.141  270.187    0    0  (Gen:  0)
 27659424      5336  62625856  0.000  0.000 1977.375  270.220    0    0  (Gen:  0)
 30487792  58012104  62542368  0.141  0.026 1977.750  270.284    0    0  (Gen:  1)
 28000696      6920  62544080  0.000  0.000 1977.938  270.318    0    0  (Gen:  0)
 28810896      4448  62542056  0.000  0.000 1978.188  270.354    0    0  (Gen:  0)
 30755664      6240  62544200  0.000  0.000 1978.547  270.391    0    0  (Gen:  0)
 30490656      6624  62545096  0.000  0.000 1978.797  270.429    0    0  (Gen:  0)
 29215144      3632  62542488  0.000  0.000 1979.031  270.465    0    0  (Gen:  0)
 22497952      4312  62543648  0.000  0.000 1979.219  270.492    0    0  (Gen:  0)
 28664072      4664  62544416  0.000  0.000 1979.453  270.528    0    0  (Gen:  0)
 29752912      5064  62545344  0.000  0.000 1979.828  270.565    0    0  (Gen:  0)
 30460344      4464  62545224  0.000  0.000 1980.078  270.602    0    0  (Gen:  0)
 30078024      4600  62545968  0.000  0.000 1980.453  270.639    0    0  (Gen:  0)
 30833288      4320  62546280  0.000  0.000 1980.703  270.678    0    0  (Gen:  0)
 30226224      4168  62546672  0.000  0.000 1980.938  270.715    0    0  (Gen:  0)
 30268488      4824  62548000  0.000  0.000 1981.297  270.753    0    0  (Gen:  0)
 29948472      4712  62548368  0.000  0.000 1981.547  270.789    0    0  (Gen:  0)
 29796800      4072  62548304  0.000  0.000 1981.781  270.826    0    0  (Gen:  0)
 30018144      4664  62549376  0.000  0.000 1982.109  270.863    0    0  (Gen:  0)
 28698760      3896  62549216  0.000  0.000 1982.344  270.898    0    0  (Gen:  0)
 30017208      5976  62551840  0.000  0.000 1982.594  270.935    0    0  (Gen:  0)
 30921264      5120  62551528  0.000  0.000 1982.906  270.972    0    0  (Gen:  0)
 29528248      5888  62586400  0.000  0.000 1983.109  271.008    0    0  (Gen:  0)
 29067432      4288  62585632  0.000  0.000 1983.359  271.043    0    0  (Gen:  0)
 28074224      3952  62585904  0.000  0.000 1983.703  271.077    0    0  (Gen:  0)
 29960416      3768  62586360  0.000  0.000 1983.922  271.113    0    0  (Gen:  0)
 29018448      4360  62587560  0.000  0.000 1984.172  271.149    0    0  (Gen:  0)
 29013576      4312  62588088  0.000  0.000 1984.516  271.186    0    0  (Gen:  0)
 30510672      4208  62588528  0.000  0.000 1984.766  271.224    0    0  (Gen:  0)
 28073136      4448  62589344  0.000  0.000 1985.016  271.258    0    0  (Gen:  0)
 29863608      4632  62590048  0.000  0.000 1985.375  271.296    0    0  (Gen:  0)
 27536224      4368  62590328  0.000  0.000 1985.578  271.330    0    0  (Gen:  0)
 24672096      4968  62591728  0.000  0.000 1985.828  271.359    0    0  (Gen:  0)
 29209096      4656  62592568  0.000  0.000 1986.078  271.396    0    0  (Gen:  0)
 29385920  57948912  62511944  0.125  0.026 1986.438  271.458    0    0  (Gen:  1)
 29947040      4656  62513008  0.000  0.000 1986.672  271.495    0    0  (Gen:  0)
 29522520      4624  62513584  0.000  0.000 1987.016  271.530    0    0  (Gen:  0)
 29948120      4824  62514392  0.000  0.000 1987.266  271.567    0    0  (Gen:  0)
 29862400      4992  62515200  0.000  0.000 1987.516  271.604    0    0  (Gen:  0)
 29394000      5472  62516224  0.000  0.000 1987.859  271.639    0    0  (Gen:  0)
 17103136      4488  62515816  0.000  0.000 1987.922  271.680    0    0  (Gen:  0)
 28053768      4856  62516568  0.000  0.000 1988.156  271.714    0    0  (Gen:  0)
 29539912      4736  62517056  0.000  0.000 1988.438  271.751    0    0  (Gen:  0)
 28605352      5112  62517944  0.000  0.000 1988.672  271.785    0    0  (Gen:  0)
 29878208      4776  62518184  0.000  0.000 1988.922  271.822    0    0  (Gen:  0)
 27565048      4696  62518648  0.000  0.000 1989.125  271.856    0    0  (Gen:  0)
 28213952      5008  62519536  0.000  0.000 1989.484  271.890    0    0  (Gen:  0)
 28726584      5416  62520456  0.000  0.000 1989.719  271.925    0    0  (Gen:  0)
 29005816      5376  62520992  0.000  0.000 1989.969  271.960    0    0  (Gen:  0)
 29403488      5936  62522160  0.000  0.000 1990.172  271.996    0    0  (Gen:  0)
 30667136      5016  62521848  0.000  0.000 1990.531  272.033    0    0  (Gen:  0)
 26527048      5256  62522728  0.000  0.000 1990.766  272.065    0    0  (Gen:  0)
 29348272      4992  62522944  0.000  0.000 1991.016  272.100    0    0  (Gen:  0)
 29703000      4448  62522944  0.000  0.000 1991.250  272.136    0    0  (Gen:  0)
 30984256      5832  62524904  0.000  0.000 1991.594  272.174    0    0  (Gen:  0)
 29561232      5184  62524736  0.000  0.000 1991.812  272.208    0    0  (Gen:  0)
 28154416      5360  62525456  0.000  0.000 1992.031  272.242    0    0  (Gen:  0)
 30858368      4976  62525616  0.000  0.000 1992.281  272.279    0    0  (Gen:  0)
 31235600      4424  62525608  0.000  0.000 1992.641  272.317    0    0  (Gen:  0)
 28062552      4736  62526368  0.000  0.000 1992.875  272.351    0    0  (Gen:  0)
 29690704      4544  62526624  0.000  0.000 1993.109  272.387    0    0  (Gen:  0)
 30513400      5312  62527968  0.000  0.000 1993.469  272.425    0    0  (Gen:  0)
 29528048      4536  62527672  0.000  0.000 1993.719  272.461    0    0  (Gen:  0)
 25479608      4848  62528464  0.000  0.000 1993.938  272.492    0    0  (Gen:  0)
 29238352      4688  62528720  0.000  0.000 1994.172  272.528    0    0  (Gen:  0)
 29567856      4904  62529384  0.000  0.000 1994.531  272.563    0    0  (Gen:  0)
 29644624      5240  62530264  0.000  0.000 1994.766  272.600    0    0  (Gen:  0)
 26908688      5360  62530864  0.000  0.000 1995.000  272.632    0    0  (Gen:  0)
 29086544      4896  62530784  0.000  0.000 1995.234  272.668    0    0  (Gen:  0)
 29832520      6472  62532840  0.000  0.000 1995.609  272.704    0    0  (Gen:  0)
 29511608  57888704  62451736  0.141  0.026 1995.984  272.766    0    0  (Gen:  1)
 30229184      4472  62451080  0.000  0.000 1996.234  272.803    0    0  (Gen:  0)
 19108808      4184  62451272  0.000  0.000 1996.312  272.825    0    0  (Gen:  0)
 30000192      4736  62452208  0.000  0.000 1996.688  272.862    0    0  (Gen:  0)
 28192808      4840  62452840  0.000  0.000 1996.922  272.896    0    0  (Gen:  0)
 30551608      4512  62452960  0.000  0.000 1997.156  272.933    0    0  (Gen:  0)
 30164432      4280  62453304  0.000  0.000 1997.531  272.969    0    0  (Gen:  0)
 28515520      5096  62454600  0.000  0.000 1997.734  273.004    0    0  (Gen:  0)
 30582736      5320  62455336  0.000  0.000 1997.969  273.041    0    0  (Gen:  0)
 29269152      4856  62455480  0.000  0.000 1998.203  273.075    0    0  (Gen:  0)
 30602112      6560  62457696  0.000  0.000 1998.578  273.111    0    0  (Gen:  0)
 28267104      6752  62458528  0.000  0.000 1998.797  273.145    0    0  (Gen:  0)
 29861048      5896  62458152  0.000  0.000 1999.031  273.180    0    0  (Gen:  0)
 30056312      4616  62457448  0.000  0.000 1999.281  273.215    0    0  (Gen:  0)
 28466704      6344  62459720  0.000  0.000 1999.516  273.248    0    0  (Gen:  0)
 28574120      5624  62459672  0.000  0.000 1999.875  273.282    0    0  (Gen:  0)
 28528688      6896  62461488  0.000  0.000 2000.094  273.316    0    0  (Gen:  0)
 30247920      6192  62461280  0.000  0.000 2000.344  273.352    0    0  (Gen:  0)
 24331032      6872  62462536  0.000  0.000 2000.578  273.379    0    0  (Gen:  0)
 29995368      5368  62462312  0.000  0.000 2000.797  273.416    0    0  (Gen:  0)
 29596464      5448  62463000  0.000  0.000 2001.172  273.453    0    0  (Gen:  0)
 29610656      6496  62497256  0.000  0.000 2001.406  273.490    0    0  (Gen:  0)
 29627136      5312  62463728  0.000  0.000 2001.641  273.527    0    0  (Gen:  0)
 30222560      5456  62464416  0.000  0.000 2002.000  273.563    0    0  (Gen:  0)
 25357424      6000  62498168  0.000  0.000 2002.219  273.596    0    0  (Gen:  0)
 26967120      6752  62499272  0.000  0.000 2002.438  273.629    0    0  (Gen:  0)
 29552016      4832  62464976  0.000  0.000 2002.672  273.665    0    0  (Gen:  0)
 28382440      6512  62499896  0.000  0.000 2002.875  273.700    0    0  (Gen:  0)
 29419600      5896  62532456  0.000  0.000 2003.250  273.736    0    0  (Gen:  0)
 30461704      6088  62533000  0.000  0.000 2003.469  273.773    0    0  (Gen:  0)
 20653408      4776  62532168  0.000  0.000 2003.688  273.825    0    0  (Gen:  0)
 24143672      6616  62534392  0.000  0.000 2003.906  273.854    0    0  (Gen:  0)
 25834976      5224  62500704  0.000  0.000 2004.109  273.885    0    0  (Gen:  0)
 28666104      6272  62535056  0.000  0.000 2004.312  273.919    0    0  (Gen:  0)
 30521976  57832864  62428656  0.062  0.029 2004.750  273.985    0    0  (Gen:  1)
 30271304      5448  62462392  0.000  0.000 2004.984  274.021    0    0  (Gen:  0)
 29815264      5640  62430240  0.000  0.000 2005.234  274.058    0    0  (Gen:  0)
 31087984      4984  62462792  0.000  0.000 2005.609  274.096    0    0  (Gen:  0)
 28435448      5080  62463336  0.000  0.000 2005.828  274.131    0    0  (Gen:  0)
 30524272      6144  62464816  0.000  0.000 2006.047  274.168    0    0  (Gen:  0)
 30120776      5896  62464992  0.000  0.000 2006.422  274.205    0    0  (Gen:  0)
 30414672      5632  62465144  0.000  0.000 2006.656  274.242    0    0  (Gen:  0)
 30176192      5136  62465064  0.000  0.000 2006.891  274.279    0    0  (Gen:  0)
 27909912      4816  62465160  0.000  0.000 2007.250  274.314    0    0  (Gen:  0)
 29346584      4816  62465576  0.000  0.000 2007.500  274.350    0    0  (Gen:  0)
 29666296      4848  62466056  0.000  0.000 2007.734  274.386    0    0  (Gen:  0)
 31328280      5280  62466968  0.000  0.000 2008.094  274.425    0    0  (Gen:  0)
 28783992      4616  62466720  0.000  0.000 2008.312  274.460    0    0  (Gen:  0)
 30128552      8880  62504224  0.000  0.000 2008.547  274.497    0    0  (Gen:  0)
 30514984      4280  62467344  0.000  0.000 2008.906  274.534    0    0  (Gen:  0)
 29233912      5336  62468848  0.000  0.000 2009.141  274.570    0    0  (Gen:  0)
 28034264      5448  62469376  0.000  0.000 2009.359  274.604    0    0  (Gen:  0)
 23254320      5712  62470088  0.000  0.000 2009.578  274.631    0    0  (Gen:  0)
 30053784      5176  62470832  0.000  0.000 2009.828  274.669    0    0  (Gen:  0)
 29765616      4424  62470632  0.000  0.000 2010.203  274.707    0    0  (Gen:  0)
 29667928      4056  62470680  0.000  0.000 2010.453  274.745    0    0  (Gen:  0)
 30846664      4384  62471456  0.000  0.000 2010.781  274.785    0    0  (Gen:  0)
 30401088      4144  62471728  0.000  0.000 2011.031  274.823    0    0  (Gen:  0)
 29375696      3928  62471928  0.000  0.000 2011.391  274.860    0    0  (Gen:  0)
 29278576      3600  62472080  0.000  0.000 2011.625  274.898    0    0  (Gen:  0)
 28146552  57792608  62453936  0.141  0.026 2012.000  274.959    0    0  (Gen:  1)
 30437320      4912  62454320  0.000  0.000 2012.234  274.997    0    0  (Gen:  0)
 30125784      6288  62456112  0.000  0.000 2012.578  275.034    0    0  (Gen:  0)
 30256744      3680  62421256  0.000  0.000 2012.812  275.072    0    0  (Gen:  0)
 27857144      4872  62422928  0.000  0.000 2013.047  275.107    0    0  (Gen:  0)
 29416864      4304  62455536  0.000  0.000 2013.391  275.144    0    0  (Gen:  0)
 31190296      4960  62489400  0.000  0.000 2013.625  275.183    0    0  (Gen:  0)
 30282752      4656  62456848  0.000  0.000 2014.000  275.220    0    0  (Gen:  0)
 30597920      4136  62456840  0.000  0.000 2014.234  275.259    0    0  (Gen:  0)
 28883184      6048  62459264  0.000  0.000 2014.453  275.294    0    0  (Gen:  0)
 30215704      4856  62458552  0.000  0.000 2014.828  275.333    0    0  (Gen:  0)
 30728336      4264  62458536  0.000  0.000 2015.078  275.371    0    0  (Gen:  0)
 30717688      4504  62459328  0.000  0.000 2015.438  275.409    0    0  (Gen:  0)
 28913232      4520  62492712  0.000  0.000 2015.672  275.445    0    0  (Gen:  0)
 31213264      4904  62493672  0.000  0.000 2016.000  275.483    0    0  (Gen:  0)
 31502696      4112  62493360  0.000  0.000 2016.234  275.521    0    0  (Gen:  0)
 30498344      4144  62494000  0.000  0.000 2016.484  275.559    0    0  (Gen:  0)
 28490168      4696  62527856  0.000  0.000 2016.828  275.593    0    0  (Gen:  0)
 29255816      4512  62528160  0.000  0.000 2017.062  275.629    0    0  (Gen:  0)
 28106632      5456  62496920  0.000  0.000 2017.250  275.663    0    0  (Gen:  0)
 29412256      5456  62530128  0.000  0.000 2017.500  275.698    0    0  (Gen:  0)
 30787424      6064  62531216  0.000  0.000 2017.859  275.736    0    0  (Gen:  0)
 29518880      5152  62530688  0.000  0.000 2018.078  275.772    0    0  (Gen:  0)
 30485248      4896  62530944  0.000  0.000 2018.328  275.809    0    0  (Gen:  0)
 30541472      4824  62531448  0.000  0.000 2018.672  275.847    0    0  (Gen:  0)
 29773456      5312  62532448  0.000  0.000 2018.906  275.883    0    0  (Gen:  0)
 26428344      4912  62532568  0.000  0.000 2019.125  275.916    0    0  (Gen:  0)
 26966088      4320  62532392  0.000  0.000 2019.312  275.949    0    0  (Gen:  0)
 30318720      4720  62533304  0.000  0.000 2019.672  275.987    0    0  (Gen:  0)
 28425440  57745384  62472256  0.141  0.025 2020.062  276.047    0    0  (Gen:  1)
 30400616      5256  62472608  0.000  0.000 2020.312  276.084    0    0  (Gen:  0)
 29215408      4616  62472544  0.000  0.000 2020.562  276.120    0    0  (Gen:  0)
 29266456      4544  62472984  0.000  0.000 2020.906  276.156    0    0  (Gen:  0)
 30359128      5584  62474568  0.000  0.000 2021.156  276.194    0    0  (Gen:  0)
 30738184      4704  62474296  0.000  0.000 2021.406  276.231    0    0  (Gen:  0)
 30603416      5488  62475688  0.000  0.000 2021.750  276.268    0    0  (Gen:  0)
 28913768      4968  62475744  0.000  0.000 2021.984  276.303    0    0  (Gen:  0)
 28712728      4616  62475968  0.000  0.000 2022.234  276.338    0    0  (Gen:  0)
 29659920      4984  62476976  0.000  0.000 2022.578  276.375    0    0  (Gen:  0)
 30457720      5552  62478136  0.000  0.000 2022.797  276.413    0    0  (Gen:  0)
 30115072      6000  62479160  0.000  0.000 2023.047  276.449    0    0  (Gen:  0)
 18400344      5136  62478840  0.000  0.005 2023.219  276.491    0    0  (Gen:  0)
 24112168      4384  62478568  0.000  0.000 2023.406  276.520    0    0  (Gen:  0)
 30386432      4864  62479672  0.000  0.000 2023.656  276.557    0    0  (Gen:  0)
 28980632      5536  62481048  0.000  0.000 2024.016  276.592    0    0  (Gen:  0)
 27521216      4760  62480816  0.000  0.000 2024.203  276.627    0    0  (Gen:  0)
 28095384      4856  62481424  0.000  0.000 2024.422  276.661    0    0  (Gen:  0)
 27350920      4336  62481544  0.000  0.000 2024.672  276.694    0    0  (Gen:  0)
 28854736      5072  62482792  0.000  0.000 2024.906  276.730    0    0  (Gen:  0)
 30451312      5968  62484264  0.000  0.000 2025.281  276.767    0    0  (Gen:  0)
 29118568      4616  62483552  0.000  0.000 2025.500  276.802    0    0  (Gen:  0)
 29516880      5208  62484720  0.000  0.000 2025.734  276.838    0    0  (Gen:  0)
 30183712      4928  62484952  0.000  0.000 2026.094  276.875    0    0  (Gen:  0)
 28128944      5208  62485808  0.000  0.000 2026.312  276.909    0    0  (Gen:  0)
 30249312      5224  62486368  0.000  0.000 2026.547  276.946    0    0  (Gen:  0)
 29243144      5040  62486664  0.000  0.000 2026.750  276.981    0    0  (Gen:  0)
 29980224      5280  62487416  0.000  0.000 2027.109  277.018    0    0  (Gen:  0)
 28152832      5552  62488328  0.000  0.000 2027.344  277.053    0    0  (Gen:  0)
 28372528      5744  62489000  0.000  0.000 2027.578  277.085    0    0  (Gen:  0)
 30309448      4376  62489040  0.000  0.000 2027.797  277.122    0    0  (Gen:  0)
 27862648      5136  62490408  0.000  0.000 2028.125  277.157    0    0  (Gen:  0)
 30461968      5512  62491296  0.000  0.000 2028.359  277.194    0    0  (Gen:  0)
 29460912  57683560  62410432  0.125  0.026 2028.734  277.257    0    0  (Gen:  1)
 30263136      4720  62410936  0.000  0.000 2028.984  277.294    0    0  (Gen:  0)
 27404520      4024  62410816  0.000  0.000 2029.312  277.328    0    0  (Gen:  0)
 30395632      3880  62411152  0.000  0.000 2029.562  277.365    0    0  (Gen:  0)
 30973176      4448  62412296  0.000  0.000 2029.797  277.404    0    0  (Gen:  0)
 29775624      4200  62412624  0.000  0.000 2030.141  277.441    0    0  (Gen:  0)
 21625120      4768  62413736  0.000  0.000 2030.297  277.468    0    0  (Gen:  0)
 30217976      4512  62413896  0.000  0.000 2030.531  277.506    0    0  (Gen:  0)
 30448064      4960  62415016  0.000  0.000 2030.781  277.544    0    0  (Gen:  0)
 28966344      4352  62415016  0.000  0.000 2031.141  277.579    0    0  (Gen:  0)
 29462048      5000  62416240  0.000  0.000 2031.391  277.616    0    0  (Gen:  0)
 23498808      5832  62417648  0.000  0.000 2031.578  277.642    0    0  (Gen:  0)
 28840976      5072  62418328  0.000  0.000 2031.812  277.677    0    0  (Gen:  0)
 28590488      3992  62418048  0.000  0.000 2032.047  277.713    0    0  (Gen:  0)
 24796952      5872  62420536  0.000  0.000 2032.266  277.742    0    0  (Gen:  0)
 29746360      4568  62420608  0.000  0.000 2032.625  277.780    0    0  (Gen:  0)
 23985736      4408  62421152  0.000  0.000 2032.734  277.808    0    0  (Gen:  0)
 29802544      4608  62421832  0.000  0.000 2033.094  277.846    0    0  (Gen:  0)
 29742480      5872  62423672  0.000  0.000 2033.328  277.884    0    0  (Gen:  0)
 29932072      3672  62454712  0.000  0.000 2033.703  277.922    0    0  (Gen:  0)
 29403656      4208  62455824  0.000  0.000 2033.938  277.958    0    0  (Gen:  0)
 29726680      4888  62457080  0.000  0.000 2034.156  277.993    0    0  (Gen:  0)
 30462424      4560  62457264  0.000  0.000 2034.531  278.031    0    0  (Gen:  0)
 30150984      4344  62457656  0.000  0.000 2034.781  278.068    0    0  (Gen:  0)
 30747288      5056  62458816  0.000  0.000 2035.031  278.105    0    0  (Gen:  0)
 29083976      5552  62459728  0.000  0.000 2035.391  278.141    0    0  (Gen:  0)
 27685592      5544  62460200  0.000  0.000 2035.609  278.175    0    0  (Gen:  0)
 29165280      4560  62459672  0.000  0.000 2035.828  278.212    0    0  (Gen:  0)
 29081872  57627888  62387528  0.031  0.026 2036.078  278.274    0    0  (Gen:  1)
 31719896      4696  62387640  0.000  0.000 2036.453  278.313    0    0  (Gen:  0)
 29268864      5456  62388944  0.000  0.000 2036.703  278.350    0    0  (Gen:  0)
 29725272      5296  62389232  0.000  0.000 2036.938  278.387    0    0  (Gen:  0)
 29655464      5312  62389696  0.000  0.000 2037.297  278.423    0    0  (Gen:  0)
 21956720      5360  62390224  0.000  0.000 2037.391  278.449    0    0  (Gen:  0)
 29945624      5760  62391552  0.000  0.000 2037.766  278.486    0    0  (Gen:  0)
 27424352      5640  62392520  0.000  0.000 2038.000  278.519    0    0  (Gen:  0)
 29674568      5048  62393304  0.000  0.000 2038.234  278.557    0    0  (Gen:  0)
 29123440      5408  62394272  0.000  0.000 2038.609  278.594    0    0  (Gen:  0)
 16905512      3352  62392776  0.000  0.000 2038.703  278.643    0    0  (Gen:  0)
 24646752      4704  62394512  0.000  0.000 2038.922  278.675    0    0  (Gen:  0)
 27558880      3984  62394384  0.000  0.000 2039.141  278.711    0    0  (Gen:  0)
 27289328      5624  62396584  0.000  0.000 2039.375  278.745    0    0  (Gen:  0)
 26574816      4880  62396288  0.000  0.000 2039.609  278.778    0    0  (Gen:  0)
 27700352      4904  62396792  0.000  0.000 2039.953  278.813    0    0  (Gen:  0)
 29314360      3928  62396264  0.000  0.000 2040.203  278.850    0    0  (Gen:  0)
 29606976      4000  62396944  0.000  0.000 2040.438  278.888    0    0  (Gen:  0)
 28789720      4000  62397456  0.000  0.000 2040.781  278.924    0    0  (Gen:  0)
 29246216      4584  62398584  0.000  0.000 2041.016  278.961    0    0  (Gen:  0)
 28626592      4368  62398944  0.000  0.000 2041.250  278.996    0    0  (Gen:  0)
 27219488      3672  62398856  0.000  0.000 2041.547  279.030    0    0  (Gen:  0)
 30016864      3904  62399696  0.000  0.000 2041.797  279.068    0    0  (Gen:  0)
 30817104      4760  62401064  0.000  0.000 2042.047  279.106    0    0  (Gen:  0)
 29012504      5472  62402352  0.000  0.000 2042.391  279.142    0    0  (Gen:  0)
 29781648      4296  62401752  0.000  0.000 2042.625  279.178    0    0  (Gen:  0)
 29892232      5000  62403000  0.000  0.000 2042.859  279.216    0    0  (Gen:  0)
 30026216      5168  62403712  0.000  0.000 2043.188  279.253    0    0  (Gen:  0)
 27786272      5256  62404408  0.000  0.000 2043.406  279.287    0    0  (Gen:  0)
 30334232      4712  62404440  0.000  0.000 2043.656  279.325    0    0  (Gen:  0)
 30135552      4872  62405272  0.000  0.000 2044.016  279.362    0    0  (Gen:  0)
 30140280      4800  62405840  0.000  0.000 2044.250  279.399    0    0  (Gen:  0)
 29698152  57566616  62326256  0.141  0.027 2044.641  279.461    0    0  (Gen:  1)
 30570536      4128  62326128  0.000  0.000 2045.016  279.499    0    0  (Gen:  0)
 29654152      4784  62327488  0.000  0.000 2045.266  279.535    0    0  (Gen:  0)
 29841904      5880  62329160  0.000  0.000 2045.516  279.571    0    0  (Gen:  0)
 30070736      5520  62329504  0.000  0.000 2045.750  279.607    0    0  (Gen:  0)
 27638152      5944  62330568  0.000  0.000 2046.078  279.640    0    0  (Gen:  0)
 29225112      6520  62331816  0.000  0.000 2046.328  279.674    0    0  (Gen:  0)
 29256248      5544  62331480  0.000  0.000 2046.562  279.709    0    0  (Gen:  0)
 29597664      3648  62330200  0.000  0.000 2046.766  279.746    0    0  (Gen:  0)
 29406568      5776  62333024  0.000  0.000 2047.141  279.781    0    0  (Gen:  0)
 25939632      5056  62332784  0.000  0.000 2047.344  279.811    0    0  (Gen:  0)
 30048656      4800  62333104  0.000  0.000 2047.578  279.846    0    0  (Gen:  0)
 29178616      5552  62334432  0.000  0.000 2047.828  279.880    0    0  (Gen:  0)
 28372344      4968  62334392  0.000  0.000 2048.078  279.914    0    0  (Gen:  0)
 30958088      4888  62334856  0.000  0.000 2048.312  279.950    0    0  (Gen:  0)
 29465152      5136  62335744  0.000  0.000 2048.625  279.985    0    0  (Gen:  0)
 28601664      5896  62337112  0.000  0.000 2048.875  280.019    0    0  (Gen:  0)
 27913208      5488  62337344  0.000  0.000 2049.109  280.052    0    0  (Gen:  0)
 30321824      4840  62337208  0.000  0.000 2049.344  280.089    0    0  (Gen:  0)
 29071832      6152  62339096  0.000  0.000 2049.531  280.123    0    0  (Gen:  0)
 29218440      5200  62338656  0.000  0.000 2049.797  280.159    0    0  (Gen:  0)
 31069264      4696  62338696  0.000  0.000 2050.031  280.196    0    0  (Gen:  0)
 30935504      4704  62339184  0.000  0.000 2050.406  280.233    0    0  (Gen:  0)
 29676984      6160  62341184  0.000  0.000 2050.656  280.269    0    0  (Gen:  0)
 28804488      5392  62340896  0.000  0.000 2050.906  280.303    0    0  (Gen:  0)
 28240664      5336  62341416  0.000  0.000 2051.125  280.338    0    0  (Gen:  0)
 29537424      6472  62343000  0.000  0.000 2051.469  280.373    0    0  (Gen:  0)
 29553520      6760  62343736  0.000  0.000 2051.719  280.409    0    0  (Gen:  0)
 30476904      5200  62342560  0.000  0.000 2051.953  280.445    0    0  (Gen:  0)
 29166976      5864  62343704  0.000  0.000 2052.141  280.480    0    0  (Gen:  0)
 30392848  57511904  62271544  0.016  0.026 2052.516  280.542    0    0  (Gen:  1)
 29837816      5712  62273048  0.000  0.000 2052.875  280.578    0    0  (Gen:  0)
 29702536      6920  62274800  0.000  0.000 2053.094  280.614    0    0  (Gen:  0)
 27633032      6824  62275152  0.000  0.000 2053.344  280.647    0    0  (Gen:  0)
 30661280      5400  62274240  0.000  0.000 2053.594  280.683    0    0  (Gen:  0)
 29130432      5440  62274856  0.000  0.000 2053.938  280.719    0    0  (Gen:  0)
 30184736      4704  62274600  0.000  0.000 2054.188  280.755    0    0  (Gen:  0)
 17621064      5408  62275784  0.000  0.000 2054.281  280.800    0    0  (Gen:  0)
 26329048      4800  62275560  0.000  0.000 2054.484  280.831    0    0  (Gen:  0)
 25145312      5664  62277128  0.000  0.000 2054.703  280.861    0    0  (Gen:  0)
 28729096      4824  62277416  0.000  0.000 2054.938  280.896    0    0  (Gen:  0)
 27765464      4856  62277928  0.000  0.000 2055.156  280.929    0    0  (Gen:  0)
 28377208      5552  62279040  0.000  0.000 2055.375  280.963    0    0  (Gen:  0)
 29684032      4960  62278896  0.000  0.000 2055.719  280.999    0    0  (Gen:  0)
 28051896      5776  62280224  0.000  0.000 2055.969  281.032    0    0  (Gen:  0)
 26264416      6840  62281704  0.000  0.000 2056.203  281.062    0    0  (Gen:  0)
 27631192      5280  62281424  0.000  0.000 2056.438  281.094    0    0  (Gen:  0)
 26412344      5616  62282976  0.000  0.000 2056.672  281.126    0    0  (Gen:  0)
 30199368      5488  62283840  0.000  0.000 2056.922  281.163    0    0  (Gen:  0)
 30296528      5512  62284392  0.000  0.000 2057.156  281.201    0    0  (Gen:  0)
 30086336      4760  62284152  0.000  0.000 2057.516  281.238    0    0  (Gen:  0)
 28206560      5360  62285200  0.000  0.000 2057.750  281.274    0    0  (Gen:  0)
 29628664      4800  62285120  0.000  0.000 2058.094  281.311    0    0  (Gen:  0)
 29362200      5320  62286120  0.000  0.000 2058.328  281.347    0    0  (Gen:  0)
 30069104      4592  62285904  0.000  0.000 2058.578  281.384    0    0  (Gen:  0)
 30375696      4304  62286032  0.000  0.000 2058.953  281.422    0    0  (Gen:  0)
 28909432      5280  62287552  0.000  0.000 2059.156  281.457    0    0  (Gen:  0)
 24104704      4488  62287240  0.000  0.000 2059.375  281.486    0    0  (Gen:  0)
 29374696      5024  62288160  0.000  0.000 2059.609  281.523    0    0  (Gen:  0)
 29994720      5136  62288752  0.000  0.000 2059.844  281.560    0    0  (Gen:  0)
 29824056      6080  62290176  0.000  0.000 2060.219  281.596    0    0  (Gen:  0)
 28102488      4520  62289128  0.000  0.000 2060.469  281.630    0    0  (Gen:  0)
 28380184  57457040  62216680  0.141  0.025 2060.812  281.690    0    0  (Gen:  1)
 29610360      4632  62216968  0.000  0.000 2061.062  281.726    0    0  (Gen:  0)
 30352888      4544  62217424  0.000  0.000 2061.422  281.764    0    0  (Gen:  0)
 29756224      4872  62218264  0.000  0.000 2061.672  281.800    0    0  (Gen:  0)
 27702968      5760  62219568  0.000  0.000 2061.906  281.834    0    0  (Gen:  0)
 27508680      4808  62219128  0.000  0.000 2062.156  281.867    0    0  (Gen:  0)
 27789264      5288  62220056  0.000  0.000 2062.391  281.900    0    0  (Gen:  0)
 25756560      5800  62221048  0.000  0.000 2062.578  281.931    0    0  (Gen:  0)
 29460472      5400  62221128  0.000  0.000 2062.812  281.966    0    0  (Gen:  0)
 25714744      4672  62220912  0.000  0.000 2063.000  281.997    0    0  (Gen:  0)
 26258568      5000  62221720  0.000  0.000 2063.234  282.028    0    0  (Gen:  0)
 27457608      5264  62222496  0.000  0.000 2063.500  282.061    0    0  (Gen:  0)
 28913560      5984  62223728  0.000  0.000 2063.750  282.095    0    0  (Gen:  0)
 28454000      6064  62224352  0.000  0.000 2063.984  282.130    0    0  (Gen:  0)
 27927384      4040  62222840  0.000  0.000 2064.219  282.164    0    0  (Gen:  0)
 30309024      5008  62224256  0.000  0.000 2064.594  282.202    0    0  (Gen:  0)
 29920400      4944  62224688  0.000  0.000 2064.844  282.239    0    0  (Gen:  0)
 30865736      4936  62225032  0.000  0.000 2065.094  282.277    0    0  (Gen:  0)
 30491272      6432  62227008  0.000  0.000 2065.469  282.314    0    0  (Gen:  0)
 28863928      6016  62227104  0.000  0.000 2065.688  282.351    0    0  (Gen:  0)
 30194200      5072  62226608  0.000  0.000 2065.938  282.388    0    0  (Gen:  0)
 30300296      4192  62226240  0.000  0.000 2066.297  282.426    0    0  (Gen:  0)
 30051008      4152  62226648  0.000  0.000 2066.547  282.464    0    0  (Gen:  0)
 29187544      4200  62227176  0.000  0.000 2066.906  282.501    0    0  (Gen:  0)
 29951608      4368  62227792  0.000  0.000 2067.141  282.539    0    0  (Gen:  0)
 29979184      3968  62227936  0.000  0.000 2067.500  282.576    0    0  (Gen:  0)
 28256056      4608  62229040  0.000  0.000 2067.750  282.611    0    0  (Gen:  0)
 26187344      5544  62230840  0.000  0.000 2068.000  282.643    0    0  (Gen:  0)
 27613000      3992  62230312  0.000  0.000 2068.234  282.677    0    0  (Gen:  0)
 30437512      5352  62232088  0.000  0.000 2068.469  282.715    0    0  (Gen:  0)
 30210760      5344  62232528  0.000  0.000 2068.844  282.753    0    0  (Gen:  0)
 30651448      6112  62233824  0.000  0.000 2069.094  282.791    0    0  (Gen:  0)
 28445776      6312  62234440  0.000  0.000 2069.391  282.828    0    0  (Gen:  0)
 24648336      4848  62233360  0.000  0.000 2069.500  282.858    0    0  (Gen:  0)
 30248088      6136  62235128  0.000  0.000 2069.750  282.896    0    0  (Gen:  0)
 28024864      5656  62235160  0.000  0.000 2069.984  282.931    0    0  (Gen:  0)
 28717016  57400976  62160616  0.141  0.025 2070.344  282.992    0    0  (Gen:  1)
 29892424      5648  62161336  0.000  0.000 2070.703  283.030    0    0  (Gen:  0)
 29414160      4368  62160472  0.000  0.000 2070.938  283.066    0    0  (Gen:  0)
 29853720      5480  62162032  0.000  0.000 2071.172  283.104    0    0  (Gen:  0)
 27918184      4488  62161392  0.000  0.000 2071.422  283.139    0    0  (Gen:  0)
 29535672      4000  62161320  0.000  0.000 2071.781  283.176    0    0  (Gen:  0)
 30567864      4808  62162544  0.000  0.000 2072.016  283.215    0    0  (Gen:  0)
 28816904      5832  62163984  0.000  0.000 2072.391  283.251    0    0  (Gen:  0)
 28688080      3984  62162552  0.000  0.000 2072.641  283.286    0    0  (Gen:  0)
 28235120      5224  62164272  0.000  0.000 2072.844  283.321    0    0  (Gen:  0)
 29449232      5368  62164832  0.000  0.000 2073.219  283.359    0    0  (Gen:  0)
 30720064      4960  62164840  0.000  0.000 2073.469  283.397    0    0  (Gen:  0)
 30247552      4272  62164632  0.000  0.000 2073.719  283.435    0    0  (Gen:  0)
 26683528      4904  62165744  0.000  0.000 2074.062  283.468    0    0  (Gen:  0)
 19432672      5008  62166200  0.000  0.014 2074.141  283.511    0    0  (Gen:  0)
 24405760      6040  62167712  0.000  0.000 2074.250  283.541    0    0  (Gen:  0)
 25659208      4872  62167168  0.000  0.000 2074.453  283.573    0    0  (Gen:  0)
 30272992      5024  62167832  0.000  0.000 2074.828  283.611    0    0  (Gen:  0)
 30907504      4424  62167856  0.000  0.000 2075.078  283.650    0    0  (Gen:  0)
 27948936      4664  62168608  0.000  0.000 2075.297  283.685    0    0  (Gen:  0)
 30615624      5432  62169888  0.000  0.000 2075.656  283.723    0    0  (Gen:  0)
 30882376      5608  62170576  0.000  0.000 2075.906  283.761    0    0  (Gen:  0)
 29795392      4320  62169832  0.000  0.000 2076.266  283.799    0    0  (Gen:  0)
 29176896      4408  62170464  0.000  0.000 2076.500  283.835    0    0  (Gen:  0)
 30268160      3824  62170392  0.000  0.000 2076.734  283.873    0    0  (Gen:  0)
 30633752      4608  62171752  0.000  0.000 2077.109  283.911    0    0  (Gen:  0)
 28680432      4000  62171752  0.000  0.000 2077.359  283.947    0    0  (Gen:  0)
 28371064      5264  62173592  0.000  0.000 2077.703  283.983    0    0  (Gen:  0)
 30353088      4400  62173304  0.000  0.000 2077.938  284.020    0    0  (Gen:  0)
 29957848      5712  62175368  0.000  0.000 2078.172  284.057    0    0  (Gen:  0)
 30830440      4792  62175056  0.000  0.000 2078.547  284.096    0    0  (Gen:  0)
 30795272      4504  62175280  0.000  0.000 2078.797  284.134    0    0  (Gen:  0)
 28948920      4936  62176288  0.000  0.000 2079.047  284.170    0    0  (Gen:  0)
 29572584      4704  62176664  0.000  0.000 2079.391  284.207    0    0  (Gen:  0)
 30652088  57346320  62105960  0.109  0.026 2079.750  284.270    0    0  (Gen:  1)
 31037616      4760  62106712  0.000  0.000 2080.000  284.307    0    0  (Gen:  0)
 27485200      6072  62108600  0.000  0.000 2080.234  284.341    0    0  (Gen:  0)
 28893200      4928  62107968  0.000  0.000 2080.562  284.377    0    0  (Gen:  0)
 30146032      5040  62108656  0.000  0.000 2080.812  284.413    0    0  (Gen:  0)
 31282848      5720  62109944  0.000  0.000 2081.188  284.452    0    0  (Gen:  0)
 29832120      5240  62110008  0.000  0.000 2081.406  284.487    0    0  (Gen:  0)
 28464208      5584  62110832  0.000  0.000 2081.656  284.522    0    0  (Gen:  0)
 31218208      4456  62110184  0.000  0.000 2081.891  284.560    0    0  (Gen:  0)
 30554192      5912  62112120  0.000  0.000 2082.250  284.598    0    0  (Gen:  0)
 28544600      5192  62112008  0.000  0.000 2082.453  284.632    0    0  (Gen:  0)
 23912648      5344  62112672  0.000  0.000 2082.688  284.660    0    0  (Gen:  0)
 30876664      6272  62114080  0.000  0.000 2082.938  284.698    0    0  (Gen:  0)
 31156544      4784  62113040  0.000  0.000 2083.312  284.737    0    0  (Gen:  0)
 30382024      5496  62114264  0.000  0.000 2083.562  284.774    0    0  (Gen:  0)
 23671120      6320  62115664  0.000  0.000 2083.734  284.803    0    0  (Gen:  0)
 31001928      4688  62114416  0.000  0.000 2083.969  284.841    0    0  (Gen:  0)
 30731024      4176  62114448  0.000  0.000 2084.344  284.878    0    0  (Gen:  0)
 30919840      4368  62115152  0.000  0.000 2084.578  284.915    0    0  (Gen:  0)
 26635248      5520  62116816  0.000  0.000 2084.812  284.948    0    0  (Gen:  0)
 29211056      7232  62118976  0.000  0.000 2085.141  284.984    0    0  (Gen:  0)
 29200104      5264  62117504  0.000  0.000 2085.391  285.020    0    0  (Gen:  0)
 30714488      4592  62117408  0.000  0.000 2085.625  285.058    0    0  (Gen:  0)
 29570784      4920  62118280  0.000  0.000 2085.969  285.095    0    0  (Gen:  0)
 28789544      5600  62119536  0.000  0.000 2086.219  285.130    0    0  (Gen:  0)
 28974696      4496  62118960  0.000  0.000 2086.469  285.165    0    0  (Gen:  0)
 30822176      4200  62119240  0.000  0.000 2086.828  285.203    0    0  (Gen:  0)
 30642248      5032  62120808  0.000  0.000 2087.078  285.240    0    0  (Gen:  0)
 28310760      7000  62123256  0.000  0.000 2087.312  285.274    0    0  (Gen:  0)
 30350784  57296672  62056312  0.016  0.025 2087.688  285.335    0    0  (Gen:  1)
 30599648      5792  62057784  0.000  0.000 2087.938  285.372    0    0  (Gen:  0)
 28106072      4080  62056680  0.000  0.000 2088.312  285.406    0    0  (Gen:  0)
 29923096      4776  62057952  0.000  0.000 2088.562  285.441    0    0  (Gen:  0)
 28388008      5392  62059304  0.000  0.000 2088.812  285.474    0    0  (Gen:  0)
 30314472      5000  62060224  0.000  0.000 2089.062  285.512    0    0  (Gen:  0)
 30346816      4104  62059904  0.000  0.000 2089.422  285.550    0    0  (Gen:  0)
 18402696      5816  62062128  0.000  0.003 2089.531  285.599    0    0  (Gen:  0)
 28653808      4480  62061176  0.000  0.000 2089.766  285.634    0    0  (Gen:  0)
 16461440      4536  62061720  0.000  0.000 2089.828  285.655    0    0  (Gen:  0)
 23706080      7664  62065840  0.000  0.000 2090.031  285.681    0    0  (Gen:  0)
 29749872      4344  62064512  0.000  0.000 2090.344  285.717    0    0  (Gen:  0)
 27954968      4440  62065184  0.000  0.000 2090.578  285.751    0    0  (Gen:  0)
 31350936      5032  62066320  0.000  0.000 2090.828  285.789    0    0  (Gen:  0)
 28474456      5400  62067248  0.000  0.000 2091.062  285.824    0    0  (Gen:  0)
 30880448      5024  62067320  0.000  0.000 2091.438  285.862    0    0  (Gen:  0)
 28415752      4264  62067072  0.000  0.000 2091.672  285.898    0    0  (Gen:  0)
 29806824      6232  62069584  0.000  0.000 2091.891  285.935    0    0  (Gen:  0)
 29396584      5304  62069136  0.000  0.000 2092.266  285.970    0    0  (Gen:  0)
 28954656      4568  62068816  0.000  0.000 2092.516  286.006    0    0  (Gen:  0)
 29055392      5376  62070136  0.000  0.000 2092.734  286.041    0    0  (Gen:  0)
 25525088      5336  62070608  0.000  0.000 2092.953  286.070    0    0  (Gen:  0)
 28820096      6296  62073488  0.000  0.000 2093.203  286.105    0    0  (Gen:  0)
 28042008      4704  62073064  0.000  0.000 2093.578  286.140    0    0  (Gen:  0)
 26867568      4384  62073288  0.000  0.000 2093.828  286.173    0    0  (Gen:  0)
 29105992      3912  62073360  0.000  0.000 2094.078  286.210    0    0  (Gen:  0)
 29996248      6200  62076032  0.000  0.000 2094.438  286.248    0    0  (Gen:  0)
 29995336      4168  62074544  0.000  0.000 2094.688  286.287    0    0  (Gen:  0)
 30023656      5080  62076000  0.000  0.000 2094.922  286.324    0    0  (Gen:  0)
 29154416      5488  62076888  0.000  0.000 2095.297  286.361    0    0  (Gen:  0)
 30272808      6096  62078008  0.000  0.000 2095.547  286.399    0    0  (Gen:  0)
 27609832      3976  62076400  0.000  0.000 2095.766  286.434    0    0  (Gen:  0)
 29626760      3792  62076664  0.000  0.000 2096.141  286.472    0    0  (Gen:  0)
 31299608  57229096  61988736  0.141  0.025 2096.531  286.536    0    0  (Gen:  1)
 28659952      4088  61989528  0.000  0.000 2096.766  286.572    0    0  (Gen:  0)
 30623000      3680  61989728  0.000  0.000 2097.141  286.611    0    0  (Gen:  0)
 30852360      4432  61991152  0.000  0.000 2097.391  286.649    0    0  (Gen:  0)
 30719808      4320  61991712  0.000  0.000 2097.750  286.687    0    0  (Gen:  0)
 30077472      4072  61992104  0.000  0.000 2098.000  286.724    0    0  (Gen:  0)
 20576392      4984  61993592  0.000  0.000 2098.156  286.749    0    0  (Gen:  0)
 30022432      3856  61992912  0.000  0.000 2098.391  286.787    0    0  (Gen:  0)
 30613240      4256  61993936  0.000  0.000 2098.625  286.825    0    0  (Gen:  0)
 30530416      3856  61994112  0.000  0.000 2099.000  286.862    0    0  (Gen:  0)
 31107424      3992  61994824  0.000  0.000 2099.234  286.900    0    0  (Gen:  0)
 29557768      4712  61996152  0.000  0.000 2099.578  286.937    0    0  (Gen:  0)
 30487552      4096  61996144  0.000  0.000 2099.828  286.975    0    0  (Gen:  0)
 28404504      4112  61996768  0.000  0.000 2100.062  287.009    0    0  (Gen:  0)
 30915992      5008  61998176  0.000  0.000 2100.406  287.048    0    0  (Gen:  0)
 29811616      4880  61998688  0.000  0.000 2100.625  287.085    0    0  (Gen:  0)
 30784288      5848  62000232  0.000  0.000 2100.969  287.124    0    0  (Gen:  0)
 31041640      3800  61998728  0.000  0.000 2101.203  287.162    0    0  (Gen:  0)
 29671592      4440  61999944  0.000  0.000 2101.453  287.198    0    0  (Gen:  0)
 28652896      5848  62002184  0.000  0.000 2101.703  287.232    0    0  (Gen:  0)
 29009904      4264  62001976  0.000  0.000 2102.031  287.268    0    0  (Gen:  0)
 29986944      4680  62002968  0.000  0.000 2102.281  287.305    0    0  (Gen:  0)
 31202776      4968  62003832  0.000  0.000 2102.656  287.343    0    0  (Gen:  0)
 28429224      4624  62004160  0.000  0.000 2102.906  287.378    0    0  (Gen:  0)
 25277912      4840  62004984  0.000  0.000 2103.125  287.409    0    0  (Gen:  0)
 30584016      4656  62005376  0.000  0.000 2103.375  287.446    0    0  (Gen:  0)
 29514072      4552  62005848  0.000  0.000 2103.609  287.482    0    0  (Gen:  0)
 28906920  57174464  61934104  0.016  0.025 2103.969  287.541    0    0  (Gen:  1)
 28150528      4672  61934592  0.000  0.000 2104.219  287.575    0    0  (Gen:  0)
 28632216      5088  61935680  0.000  0.000 2104.531  287.610    0    0  (Gen:  0)
 26358208      4480  61935584  0.000  0.000 2104.688  287.641    0    0  (Gen:  0)
 29373280      4752  61936464  0.000  0.000 2104.938  287.675    0    0  (Gen:  0)
 23010912      4664  61936984  0.000  0.000 2105.094  287.729    0    0  (Gen:  0)
 24768960      5176  61938168  0.000  0.000 2105.297  287.758    0    0  (Gen:  0)
 28290680      5408  61938960  0.000  0.000 2105.531  287.792    0    0  (Gen:  0)
 30768408      5928  61940088  0.000  0.000 2105.891  287.829    0    0  (Gen:  0)
 29135336      5336  61940104  0.000  0.000 2106.109  287.864    0    0  (Gen:  0)
 29828008      4664  61940008  0.000  0.000 2106.359  287.900    0    0  (Gen:  0)
 30369864      5304  61941192  0.000  0.000 2106.719  287.936    0    0  (Gen:  0)
 29297944      5248  61941712  0.000  0.000 2106.953  287.971    0    0  (Gen:  0)
 26487760      4816  61941888  0.000  0.000 2107.188  288.002    0    0  (Gen:  0)
 20889856      6224  61943840  0.000  0.000 2107.312  288.027    0    0  (Gen:  0)
 28416640      5800  61943896  0.000  0.000 2107.656  288.061    0    0  (Gen:  0)
 29031960      4648  61943336  0.000  0.000 2107.891  288.095    0    0  (Gen:  0)
 28824640      6112  61945344  0.000  0.000 2108.141  288.130    0    0  (Gen:  0)
 29895768      4624  61944400  0.000  0.000 2108.391  288.165    0    0  (Gen:  0)
 29434696      4944  61945328  0.000  0.000 2108.625  288.201    0    0  (Gen:  0)
 30653064      5088  61945888  0.000  0.000 2109.000  288.237    0    0  (Gen:  0)
 29545504      4680  61946056  0.000  0.000 2109.250  288.273    0    0  (Gen:  0)
 30966744      5184  61947040  0.000  0.000 2109.500  288.310    0    0  (Gen:  0)
 30663560      6112  61948448  0.000  0.000 2109.844  288.347    0    0  (Gen:  0)
 28143632      6016  61948768  0.000  0.000 2110.078  288.380    0    0  (Gen:  0)
 30174552      4800  61948032  0.000  0.000 2110.328  288.416    0    0  (Gen:  0)
 31114976      5392  61949088  0.000  0.000 2110.703  288.454    0    0  (Gen:  0)
 30488264      4856  61949064  0.000  0.000 2110.953  288.490    0    0  (Gen:  0)
 29267936      6568  61951256  0.000  0.000 2111.172  288.526    0    0  (Gen:  0)
 30662592      5168  61950336  0.000  0.000 2111.500  288.563    0    0  (Gen:  0)
 30967368      5624  61951272  0.000  0.000 2111.734  288.599    0    0  (Gen:  0)
 29760736      5240  61951464  0.000  0.000 2111.984  288.635    0    0  (Gen:  0)
 28767976  57120640  61880280  0.109  0.025 2112.297  288.695    0    0  (Gen:  1)
 30059704      5208  61879904  0.000  0.000 2112.547  288.731    0    0  (Gen:  0)
 29909992      5176  61880384  0.000  0.000 2112.906  288.767    0    0  (Gen:  0)
 30481944      5568  61881320  0.000  0.000 2113.141  288.804    0    0  (Gen:  0)
 27945488      5328  61881688  0.000  0.000 2113.359  288.837    0    0  (Gen:  0)
 24898488      5032  61882032  0.000  0.000 2113.609  288.865    0    0  (Gen:  0)
 30028048      5496  61883776  0.000  0.000 2113.828  288.902    0    0  (Gen:  0)
 28347776      4912  61883736  0.000  0.000 2114.172  288.937    0    0  (Gen:  0)
 30489032      4808  61884144  0.000  0.000 2114.422  288.974    0    0  (Gen:  0)
 27333176      4008  61883856  0.000  0.000 2114.641  289.008    0    0  (Gen:  0)
 29899752      5232  61885528  0.000  0.000 2114.875  289.044    0    0  (Gen:  0)
 27353632      4392  61885168  0.000  0.000 2115.188  289.077    0    0  (Gen:  0)
 27855992      4816  61886072  0.000  0.000 2115.344  289.110    0    0  (Gen:  0)
 29885584      5392  61887160  0.000  0.000 2115.594  289.146    0    0  (Gen:  0)
 23609824      4928  61887240  0.000  0.000 2115.781  289.175    0    0  (Gen:  0)
 30835560      5976  61888640  0.000  0.000 2116.031  289.213    0    0  (Gen:  0)
 30091232      5232  61888408  0.000  0.000 2116.406  289.250    0    0  (Gen:  0)
 29645936      5144  61888864  0.000  0.000 2116.656  289.287    0    0  (Gen:  0)
 30571552      5584  61889880  0.000  0.000 2116.891  289.324    0    0  (Gen:  0)
 31015752      5032  61889872  0.000  0.000 2117.234  289.362    0    0  (Gen:  0)
 29770152      7408  61892824  0.000  0.000 2117.484  289.398    0    0  (Gen:  0)
 30220744      5200  61891128  0.000  0.000 2117.719  289.435    0    0  (Gen:  0)
 29558664      4000  61890472  0.000  0.000 2118.062  289.471    0    0  (Gen:  0)
 26530752      6248  61925864  0.000  0.000 2118.297  289.503    0    0  (Gen:  0)
 29702776      5152  61925216  0.000  0.000 2118.531  289.538    0    0  (Gen:  0)
 30252120      5936  61926512  0.000  0.000 2118.766  289.575    0    0  (Gen:  0)
 29950720      6096  61927056  0.000  0.000 2119.141  289.611    0    0  (Gen:  0)
 29226504      5248  61926720  0.000  0.000 2119.359  289.647    0    0  (Gen:  0)
 29255304      6056  61927944  0.000  0.000 2119.562  289.683    0    0  (Gen:  0)
 29846496      5504  61927904  0.000  0.000 2119.922  289.719    0    0  (Gen:  0)
 29863416      5840  61928752  0.000  0.000 2120.172  289.756    0    0  (Gen:  0)
 13305248  57067416  61859816  0.125  0.025 2120.406  289.797    0    0  (Gen:  1)
 28914560      5232  61860440  0.000  0.000 2120.625  289.833    0    0  (Gen:  0)
 30061360      4952  61860664  0.000  0.000 2120.875  289.869    0    0  (Gen:  0)
 29584112      4736  61860864  0.000  0.000 2121.125  289.905    0    0  (Gen:  0)
 29597296      4504  61861144  0.000  0.000 2121.438  289.941    0    0  (Gen:  0)
 30186120      5792  61862880  0.000  0.000 2121.688  289.979    0    0  (Gen:  0)
 27905008      4280  61861880  0.000  0.000 2121.891  290.012    0    0  (Gen:  0)
 29043368      4672  61862688  0.000  0.000 2122.250  290.049    0    0  (Gen:  0)
 29531168      4688  61863216  0.000  0.000 2122.500  290.086    0    0  (Gen:  0)
 28933584      4448  61863392  0.000  0.000 2122.750  290.121    0    0  (Gen:  0)
 26141744      4328  61863816  0.000  0.000 2122.984  290.153    0    0  (Gen:  0)
 26604592      6584  61866552  0.000  0.000 2123.281  290.186    0    0  (Gen:  0)
 30222536      4936  61865336  0.000  0.000 2123.531  290.224    0    0  (Gen:  0)
 30052136      7448  61868408  0.000  0.000 2123.766  290.262    0    0  (Gen:  0)
 30087216      5248  61866656  0.000  0.000 2124.109  290.299    0    0  (Gen:  0)
 16064272      4584  61866536  0.000  0.008 2124.219  290.342    0    0  (Gen:  0)
 23421376      6208  61868544  0.000  0.000 2124.297  290.371    0    0  (Gen:  0)
 30108800      4912  61867808  0.000  0.000 2124.641  290.408    0    0  (Gen:  0)
 29566832      4840  61868248  0.000  0.000 2124.891  290.444    0    0  (Gen:  0)
 29507272      5984  61869808  0.000  0.000 2125.141  290.481    0    0  (Gen:  0)
 27777440      6384  61870688  0.000  0.000 2125.500  290.515    0    0  (Gen:  0)
 29181048      5680  61870496  0.000  0.000 2125.750  290.550    0    0  (Gen:  0)
 29239408      5608  61870840  0.000  0.000 2126.000  290.585    0    0  (Gen:  0)
 29562352      5376  61871088  0.000  0.000 2126.234  290.620    0    0  (Gen:  0)
 27943464      4632  61870856  0.000  0.000 2126.438  290.653    0    0  (Gen:  0)
 30163568      5832  61872600  0.000  0.000 2126.781  290.688    0    0  (Gen:  0)
 30941752      4960  61872304  0.000  0.000 2127.016  290.725    0    0  (Gen:  0)
 24586336      5400  61873400  0.000  0.000 2127.250  290.753    0    0  (Gen:  0)
 24254840      6120  61875560  0.000  0.000 2127.344  290.780    0    0  (Gen:  0)
 26394704      4552  61875496  0.000  0.000 2127.703  290.811    0    0  (Gen:  0)
 23904064      4280  61875928  0.000  0.000 2127.797  290.841    0    0  (Gen:  0)
 29597432      4776  61876776  0.000  0.000 2128.141  290.878    0    0  (Gen:  0)
 29239128      4232  61876712  0.000  0.000 2128.391  290.915    0    0  (Gen:  0)
 29963368  57011136  61803544  0.031  0.031 2128.781  290.984    0    0  (Gen:  1)
 29282552      5856  61804472  0.000  0.000 2128.953  291.021    0    0  (Gen:  0)
 29177296      5176  61804272  0.000  0.000 2129.188  291.057    0    0  (Gen:  0)
 29657312      5984  61805592  0.000  0.000 2129.547  291.094    0    0  (Gen:  0)
 29774056      4776  61804944  0.000  0.000 2129.797  291.131    0    0  (Gen:  0)
 28815080      4344  61805024  0.000  0.000 2130.016  291.167    0    0  (Gen:  0)
 29754624      4816  61805912  0.000  0.000 2130.391  291.204    0    0  (Gen:  0)
 29782104      4360  61805968  0.000  0.000 2130.641  291.242    0    0  (Gen:  0)
 29188344      6816  61808872  0.000  0.000 2130.859  291.278    0    0  (Gen:  0)
 30196520      4864  61807272  0.000  0.000 2131.219  291.316    0    0  (Gen:  0)
 28051856      5000  61807856  0.000  0.000 2131.469  291.352    0    0  (Gen:  0)
 29055128      3760  61807048  0.000  0.000 2131.703  291.388    0    0  (Gen:  0)
 29472488      4696  61808432  0.000  0.000 2132.047  291.424    0    0  (Gen:  0)
 29853728      4032  61808248  0.000  0.000 2132.297  291.461    0    0  (Gen:  0)
 28028856      3648  61808312  0.000  0.000 2132.500  291.496    0    0  (Gen:  0)
 30046280      5656  61810832  0.000  0.000 2132.859  291.534    0    0  (Gen:  0)
 29215640      4544  61810264  0.000  0.000 2133.109  291.571    0    0  (Gen:  0)
 29490192      4792  61811024  0.000  0.000 2133.469  291.608    0    0  (Gen:  0)
 29266680      4264  61811008  0.000  0.000 2133.688  291.645    0    0  (Gen:  0)
 30033048      4696  61811888  0.000  0.000 2133.922  291.683    0    0  (Gen:  0)
 29976024      4024  61811760  0.000  0.000 2134.297  291.721    0    0  (Gen:  0)
 29712272      5424  61813736  0.000  0.000 2134.531  291.758    0    0  (Gen:  0)
 28699768      4096  61812824  0.000  0.000 2134.750  291.795    0    0  (Gen:  0)
 29397240      5728  61814968  0.000  0.000 2135.125  291.831    0    0  (Gen:  0)
 29925976      3832  61813584  0.000  0.000 2135.359  291.869    0    0  (Gen:  0)
 29694240      5848  61816144  0.000  0.000 2135.703  291.906    0    0  (Gen:  0)
 29853888      6952  61817792  0.000  0.000 2135.953  291.943    0    0  (Gen:  0)
 28859464  56969816  61762224  0.141  0.025 2136.312  292.005    0    0  (Gen:  1)
 27401184      6048  61762624  0.000  0.000 2136.562  292.039    0    0  (Gen:  0)
 28224816      7784  61764808  0.000  0.000 2136.797  292.075    0    0  (Gen:  0)
 29501992      5304  61762872  0.000  0.000 2137.156  292.112    0    0  (Gen:  0)
 25585768      4832  61762896  0.000  0.000 2137.344  292.145    0    0  (Gen:  0)
 25560504      3936  61762480  0.000  0.000 2137.547  292.177    0    0  (Gen:  0)
 28650088      4520  61763544  0.000  0.000 2137.781  292.213    0    0  (Gen:  0)
 29297816      5008  61764656  0.000  0.000 2138.156  292.250    0    0  (Gen:  0)
 29600400      5944  61766072  0.000  0.000 2138.406  292.287    0    0  (Gen:  0)
 28633064      5144  61765816  0.000  0.000 2138.625  292.323    0    0  (Gen:  0)
 29734176      5384  61766536  0.000  0.000 2139.000  292.361    0    0  (Gen:  0)
 29189616      5136  61766768  0.000  0.000 2139.250  292.397    0    0  (Gen:  0)
 30256976      5216  61767328  0.000  0.000 2139.484  292.435    0    0  (Gen:  0)
 19925472      5688  61768408  0.000  0.000 2139.703  292.485    0    0  (Gen:  0)
 24699880      4360  61767400  0.000  0.000 2139.922  292.514    0    0  (Gen:  0)
 26877448      5784  61769304  0.000  0.000 2140.109  292.548    0    0  (Gen:  0)
 27759096      4464  61768448  0.000  0.000 2140.328  292.583    0    0  (Gen:  0)
 28715688      4600  61769032  0.000  0.000 2140.562  292.619    0    0  (Gen:  0)
 30221432      6040  61770952  0.000  0.000 2140.906  292.657    0    0  (Gen:  0)
 29663256      4240  61769664  0.000  0.000 2141.109  292.694    0    0  (Gen:  0)
 29655112      4272  61770304  0.000  0.000 2141.359  292.732    0    0  (Gen:  0)
 29706120      4648  61771160  0.000  0.000 2141.703  292.769    0    0  (Gen:  0)
 29287968      4896  61771920  0.000  0.000 2141.922  292.806    0    0  (Gen:  0)
 29803680      4760  61772424  0.000  0.000 2142.297  292.844    0    0  (Gen:  0)
 29855896      4040  61772344  0.000  0.000 2142.531  292.881    0    0  (Gen:  0)
 30160000      4440  61773256  0.000  0.000 2142.766  292.918    0    0  (Gen:  0)
 29481352      5192  61774648  0.000  0.000 2143.125  292.954    0    0  (Gen:  0)
 28694312      4152  61774312  0.000  0.000 2143.375  292.989    0    0  (Gen:  0)
 29066624      4096  61774928  0.000  0.000 2143.609  293.025    0    0  (Gen:  0)
 30430312      4240  61775648  0.000  0.000 2143.969  293.063    0    0  (Gen:  0)
 28798152      5520  61777504  0.000  0.000 2144.188  293.098    0    0  (Gen:  0)
 29993792      4720  61777280  0.000  0.000 2144.422  293.135    0    0  (Gen:  0)
 28299832      4424  61777624  0.000  0.000 2144.641  293.170    0    0  (Gen:  0)
 29940888      5016  61778792  0.000  0.000 2145.000  293.206    0    0  (Gen:  0)
 28920392      4584  61779064  0.000  0.000 2145.219  293.242    0    0  (Gen:  0)
 26597184      5856  61780816  0.000  0.000 2145.422  293.273    0    0  (Gen:  0)
 27973056      6160  61782496  0.000  0.000 2145.672  293.307    0    0  (Gen:  0)
 28873672      4232  61781272  0.000  0.000 2146.031  293.343    0    0  (Gen:  0)
 30015008      4608  61782192  0.000  0.000 2146.266  293.381    0    0  (Gen:  0)
 28556664  56897240  61689648  0.125  0.029 2146.625  293.446    0    0  (Gen:  1)
 29812304      5128  61690896  0.000  0.000 2146.859  293.483    0    0  (Gen:  0)
 30641008      7616  61693896  0.000  0.000 2147.234  293.521    0    0  (Gen:  0)
 29867456      5896  61692656  0.000  0.000 2147.484  293.558    0    0  (Gen:  0)
 29943240      5960  61693072  0.000  0.000 2147.812  293.595    0    0  (Gen:  0)
 27337520      4712  61692400  0.000  0.000 2148.047  293.629    0    0  (Gen:  0)
 28377936      6056  61694208  0.000  0.000 2148.297  293.663    0    0  (Gen:  0)
 26575352      5728  61694344  0.000  0.000 2148.547  293.694    0    0  (Gen:  0)
 30789160      4832  61694440  0.000  0.000 2148.781  293.731    0    0  (Gen:  0)
 29481488      4248  61694784  0.000  0.000 2149.156  293.767    0    0  (Gen:  0)
 29942656      4304  61695224  0.000  0.000 2149.406  293.805    0    0  (Gen:  0)
 30725624      4856  61696288  0.000  0.000 2149.766  293.843    0    0  (Gen:  0)
 30087656      4160  61696072  0.000  0.000 2150.000  293.881    0    0  (Gen:  0)
 29228856      3496  61695920  0.000  0.000 2150.250  293.918    0    0  (Gen:  0)
 28638200      4384  61697288  0.000  0.000 2150.594  293.954    0    0  (Gen:  0)
 30766896      5192  61698544  0.000  0.000 2150.828  293.993    0    0  (Gen:  0)
 28044000      4040  61697936  0.000  0.000 2151.062  294.028    0    0  (Gen:  0)
 30475296      4224  61698632  0.000  0.000 2151.438  294.066    0    0  (Gen:  0)
 28164200      4288  61699256  0.000  0.000 2151.656  294.101    0    0  (Gen:  0)
 31287880      3904  61699352  0.000  0.000 2152.031  294.140    0    0  (Gen:  0)
 29727296      4304  61700400  0.000  0.000 2152.234  294.176    0    0  (Gen:  0)
 29692408      4792  61701392  0.000  0.000 2152.484  294.212    0    0  (Gen:  0)
 29012760      4552  61734360  0.000  0.000 2152.734  294.247    0    0  (Gen:  0)
 26395320      4504  61734824  0.000  0.000 2152.984  294.277    0    0  (Gen:  0)
 27733584      5120  61736496  0.000  0.000 2153.219  294.308    0    0  (Gen:  0)
 27400464      4632  61737512  0.000  0.000 2153.453  294.341    0    0  (Gen:  0)
 29619208      4496  61738496  0.000  0.000 2153.812  294.378    0    0  (Gen:  0)
 28997624      4584  61739160  0.000  0.000 2154.062  294.414    0    0  (Gen:  0)
 29646144      5112  61740232  0.000  0.000 2154.266  294.451    0    0  (Gen:  0)
 29115040      4056  61739696  0.000  0.000 2154.578  294.487    0    0  (Gen:  0)
 28586184  56839592  61664768  0.141  0.025 2154.969  294.548    0    0  (Gen:  1)
 28861968      4712  61665576  0.000  0.000 2155.203  294.584    0    0  (Gen:  0)
 20447008      4728  61666072  0.000  0.000 2155.375  294.632    0    0  (Gen:  0)
 21569096      3808  61665664  0.000  0.000 2155.562  294.661    0    0  (Gen:  0)
 30364672      4328  61666632  0.000  0.000 2155.797  294.699    0    0  (Gen:  0)
 29528704      4080  61666928  0.000  0.000 2156.141  294.736    0    0  (Gen:  0)
 29165224      4584  61668040  0.000  0.000 2156.359  294.773    0    0  (Gen:  0)
 30045480      4616  61668616  0.000  0.000 2156.609  294.811    0    0  (Gen:  0)
 31107856      4920  61669464  0.000  0.000 2156.953  294.849    0    0  (Gen:  0)
 28249080      5552  61670640  0.000  0.000 2157.172  294.885    0    0  (Gen:  0)
 27603704      4656  61670352  0.000  0.000 2157.406  294.919    0    0  (Gen:  0)
 30011584      4320  61670496  0.000  0.000 2157.750  294.956    0    0  (Gen:  0)
 28808992      3568  61670352  0.000  0.000 2157.984  294.992    0    0  (Gen:  0)
 28665216      4512  61671808  0.000  0.000 2158.234  295.027    0    0  (Gen:  0)
 29728664      4048  61671888  0.000  0.000 2158.578  295.064    0    0  (Gen:  0)
 29390808      5696  61674016  0.000  0.000 2158.812  295.099    0    0  (Gen:  0)
 28704400      4416  61673344  0.000  0.000 2159.062  295.135    0    0  (Gen:  0)
 26216760      4128  61673568  0.000  0.000 2159.297  295.167    0    0  (Gen:  0)
 27911096      4432  61674352  0.000  0.000 2159.641  295.202    0    0  (Gen:  0)
 27504856      6232  61676632  0.000  0.000 2159.859  295.235    0    0  (Gen:  0)
 29947056      4000  61674976  0.000  0.000 2160.109  295.272    0    0  (Gen:  0)
 29563920      4128  61675616  0.000  0.000 2160.344  295.309    0    0  (Gen:  0)
 30670192      4992  61677120  0.000  0.000 2160.719  295.346    0    0  (Gen:  0)
 20084544      4168  61676904  0.000  0.000 2160.766  295.371    0    0  (Gen:  0)
 26694784      4464  61677616  0.000  0.000 2161.000  295.403    0    0  (Gen:  0)
 28110960      4584  61678392  0.000  0.000 2161.328  295.437    0    0  (Gen:  0)
 26510096      4536  61678952  0.000  0.000 2161.578  295.470    0    0  (Gen:  0)
 24845904      5952  61680848  0.000  0.000 2161.828  295.499    0    0  (Gen:  0)
 27928032      6112  61681552  0.000  0.000 2162.016  295.532    0    0  (Gen:  0)
 30402928      4496  61680576  0.000  0.000 2162.266  295.569    0    0  (Gen:  0)
 29290016      4040  61680824  0.000  0.000 2162.500  295.604    0    0  (Gen:  0)
 27378296      4496  61681888  0.000  0.000 2162.719  295.638    0    0  (Gen:  0)
 28613736      4136  61682072  0.000  0.000 2163.094  295.673    0    0  (Gen:  0)
 26559424  56782400  61607576  0.047  0.028 2163.359  295.734    0    0  (Gen:  1)
 22450088      4992  61607984  0.000  0.000 2163.469  295.760    0    0  (Gen:  0)
 29345480      5328  61608736  0.000  0.000 2163.812  295.796    0    0  (Gen:  0)
 29516016      5176  61609240  0.000  0.000 2164.047  295.832    0    0  (Gen:  0)
 27464208      4920  61609496  0.000  0.000 2164.297  295.866    0    0  (Gen:  0)
 28886128      5496  61643376  0.000  0.000 2164.547  295.902    0    0  (Gen:  0)
 27278720      6464  61644824  0.000  0.000 2164.797  295.934    0    0  (Gen:  0)
 29183712      4736  61611616  0.000  0.000 2165.125  295.970    0    0  (Gen:  0)
 29186464      4408  61644784  0.000  0.000 2165.375  296.007    0    0  (Gen:  0)
 27889488      4704  61612736  0.000  0.000 2165.594  296.041    0    0  (Gen:  0)
 30146656      4960  61646264  0.000  0.000 2165.938  296.078    0    0  (Gen:  0)
 30580200      4264  61646144  0.000  0.000 2166.188  296.115    0    0  (Gen:  0)
 30607504      5392  61647752  0.000  0.000 2166.438  296.152    0    0  (Gen:  0)
 27853272      6344  61649280  0.000  0.000 2166.656  296.186    0    0  (Gen:  0)
 31128984      5208  61648688  0.000  0.000 2167.000  296.224    0    0  (Gen:  0)
 30439864      4320  61648344  0.000  0.000 2167.250  296.261    0    0  (Gen:  0)
 29494984      4392  61648896  0.000  0.000 2167.609  296.297    0    0  (Gen:  0)
 26676640      5872  61650856  0.000  0.000 2167.797  296.329    0    0  (Gen:  0)
 30362464      5880  61651376  0.000  0.000 2168.047  296.365    0    0  (Gen:  0)
 25328752      6016  61652136  0.000  0.000 2168.297  296.394    0    0  (Gen:  0)
 30056016      5160  61652632  0.000  0.000 2168.531  296.430    0    0  (Gen:  0)
 29660488      5344  61653488  0.000  0.000 2168.766  296.466    0    0  (Gen:  0)
 28715152      5824  61654448  0.000  0.000 2169.109  296.501    0    0  (Gen:  0)
 30054144      4848  61653952  0.000  0.000 2169.359  296.537    0    0  (Gen:  0)
 30435232      6064  61655712  0.000  0.000 2169.594  296.574    0    0  (Gen:  0)
 30500496      6032  61656192  0.000  0.000 2169.953  296.611    0    0  (Gen:  0)
 25792320      4592  61655296  0.000  0.000 2170.188  296.642    0    0  (Gen:  0)
 17506248      6440  61657624  0.000  0.000 2170.250  296.668    0    0  (Gen:  0)
 14488456      5160  61656736  0.000  0.000 2170.312  296.689    0    0  (Gen:  0)
 25109984      4704  61658104  0.000  0.000 2170.531  296.720    0    0  (Gen:  0)
 20038392      5216  61659696  0.000  0.000 2170.609  296.743    0    0  (Gen:  0)
 26499640      4704  61659664  0.000  0.000 2170.828  296.775    0    0  (Gen:  0)
 29588240      6104  61661576  0.000  0.000 2171.125  296.811    0    0  (Gen:  0)
 28250832      5576  61661688  0.000  0.000 2171.328  296.846    0    0  (Gen:  0)
 12813792  56721648  61612352  0.031  0.029 2171.484  296.891    0    0  (Gen:  1)
 30542744      5376  61613816  0.000  0.000 2171.688  296.927    0    0  (Gen:  0)
 29582328      5264  61614360  0.000  0.000 2171.922  296.963    0    0  (Gen:  0)
 27854968      4768  61614376  0.000  0.000 2172.156  296.996    0    0  (Gen:  0)
 28779256      4848  61614968  0.000  0.000 2172.500  297.031    0    0  (Gen:  0)
 27325736      5160  61615888  0.000  0.000 2172.734  297.063    0    0  (Gen:  0)
 28694328      5104  61616312  0.000  0.000 2172.938  297.098    0    0  (Gen:  0)
 30406024      4160  61648640  0.000  0.000 2173.156  297.135    0    0  (Gen:  0)
 29175248      5232  61650160  0.000  0.000 2173.516  297.171    0    0  (Gen:  0)
 30137976      4768  61650208  0.000  0.000 2173.750  297.207    0    0  (Gen:  0)
 30342568      5184  61651232  0.000  0.000 2174.000  297.243    0    0  (Gen:  0)
 30191168      5600  61652168  0.000  0.000 2174.375  297.280    0    0  (Gen:  0)
 25124696      4544  61651592  0.000  0.000 2174.453  297.309    0    0  (Gen:  0)
 29729728      6032  61653528  0.000  0.000 2174.797  297.345    0    0  (Gen:  0)
 29426272      5280  61653320  0.000  0.000 2175.031  297.381    0    0  (Gen:  0)
 29451760      4664  61653152  0.000  0.000 2175.266  297.417    0    0  (Gen:  0)
 29730592      5712  61654680  0.000  0.000 2175.625  297.453    0    0  (Gen:  0)
 27993656      6968  61656448  0.000  0.000 2175.844  297.487    0    0  (Gen:  0)
 29787816      4400  61654336  0.000  0.000 2176.094  297.523    0    0  (Gen:  0)
 29239688      4392  61654808  0.000  0.000 2176.328  297.559    0    0  (Gen:  0)
 30003200      4568  61655496  0.000  0.000 2176.672  297.596    0    0  (Gen:  0)
 30459352      5088  61656496  0.000  0.000 2176.922  297.633    0    0  (Gen:  0)
 27945928      6456  61658408  0.000  0.000 2177.156  297.668    0    0  (Gen:  0)
 30467976      5312  61690440  0.000  0.000 2177.516  297.705    0    0  (Gen:  0)
 27826008      5056  61657872  0.000  0.000 2177.750  297.738    0    0  (Gen:  0)
 28156696      5256  61691280  0.000  0.000 2177.969  297.771    0    0  (Gen:  0)
 28355896      5840  61692344  0.000  0.000 2178.203  297.805    0    0  (Gen:  0)
 17493760  56679888  61636128  0.016  0.026 2178.422  297.853    0    0  (Gen:  1)
 26805184      4680  61635704  0.000  0.000 2178.641  297.886    0    0  (Gen:  0)
 30930400      4192  61635712  0.000  0.000 2178.969  297.924    0    0  (Gen:  0)
 25363032      5960  61637992  0.000  0.000 2179.172  297.956    0    0  (Gen:  0)
 26813672      4792  61637272  0.000  0.000 2179.406  297.988    0    0  (Gen:  0)
 30149888      4584  61637528  0.000  0.000 2179.641  298.024    0    0  (Gen:  0)
 26956160      5752  61639312  0.000  0.000 2179.844  298.058    0    0  (Gen:  0)
 25757952      5304  61639344  0.000  0.000 2180.047  298.090    0    0  (Gen:  0)
 25749352      5672  61673000  0.000  0.000 2180.250  298.121    0    0  (Gen:  0)
 26605352      6616  61674760  0.000  0.000 2180.469  298.153    0    0  (Gen:  0)
 27230032      6432  61675136  0.000  0.000 2180.781  298.186    0    0  (Gen:  0)
 28054880      5416  61674616  0.000  0.000 2181.016  298.220    0    0  (Gen:  0)
 28645320      4808  61674456  0.000  0.000 2181.250  298.255    0    0  (Gen:  0)
 26398896      5736  61675768  0.000  0.000 2181.469  298.289    0    0  (Gen:  0)
 25042984      4904  61675320  0.000  0.000 2181.672  298.320    0    0  (Gen:  0)
 24523680      5384  61676264  0.000  0.000 2181.859  298.350    0    0  (Gen:  0)
 27665872      5352  61676664  0.000  0.000 2182.078  298.385    0    0  (Gen:  0)
 25317072      5664  61677328  0.000  0.000 2182.281  298.417    0    0  (Gen:  0)
 26109560      6464  61678488  0.000  0.000 2182.484  298.449    0    0  (Gen:  0)
 25319688      5048  61678272  0.000  0.000 2182.656  298.481    0    0  (Gen:  0)
 25480608      5664  61679632  0.000  0.000 2182.875  298.513    0    0  (Gen:  0)
 21726376      4440  61678840  0.000  0.000 2183.094  298.540    0    0  (Gen:  0)
 24214600      4728  61679528  0.000  0.000 2183.297  298.570    0    0  (Gen:  0)
 27418520      5504  61680720  0.000  0.000 2183.516  298.603    0    0  (Gen:  0)
 27061080      6480  61682160  0.000  0.000 2183.750  298.636    0    0  (Gen:  0)
 28741536      4512  61680576  0.000  0.000 2184.078  298.671    0    0  (Gen:  0)
 24892256      5024  61681504  0.000  0.000 2184.266  298.703    0    0  (Gen:  0)
 26063288      6536  61683432  0.000  0.000 2184.484  298.733    0    0  (Gen:  0)
 27235920      5640  61684024  0.000  0.000 2184.703  298.766    0    0  (Gen:  0)
 26074968      6464  61686448  0.000  0.000 2184.906  298.799    0    0  (Gen:  0)
 26328904      4648  61685568  0.000  0.000 2185.125  298.831    0    0  (Gen:  0)
 25568816      5728  61687032  0.000  0.000 2185.312  298.862    0    0  (Gen:  0)
 29822504      5672  61687392  0.000  0.000 2185.562  298.899    0    0  (Gen:  0)
 26916552      4912  61687016  0.000  0.000 2185.797  298.932    0    0  (Gen:  0)
 29528576      5912  61688464  0.000  0.000 2186.141  298.969    0    0  (Gen:  0)
 29153096      4160  61687240  0.000  0.000 2186.391  299.005    0    0  (Gen:  0)
 28155560      4936  61688496  0.000  0.000 2186.594  299.040    0    0  (Gen:  0)
 29312096      6280  61690352  0.000  0.000 2186.797  299.076    0    0  (Gen:  0)
 26358832      4648  61689168  0.000  0.000 2187.000  299.107    0    0  (Gen:  0)
 29335944  56623904  61580152  0.016  0.027 2187.375  299.170    0    0  (Gen:  1)
 28362600      5136  61580576  0.000  0.000 2187.703  299.205    0    0  (Gen:  0)
 29923672      4304  61580192  0.000  0.000 2187.938  299.241    0    0  (Gen:  0)
 29362496      4152  61580696  0.000  0.000 2188.156  299.278    0    0  (Gen:  0)
 30583480      5496  61582552  0.000  0.000 2188.516  299.315    0    0  (Gen:  0)
 30406656      5464  61583032  0.000  0.000 2188.750  299.352    0    0  (Gen:  0)
 20194632      5200  61583216  0.000  0.000 2188.875  299.399    0    0  (Gen:  0)
 27572672      6560  61617752  0.000  0.000 2189.078  299.434    0    0  (Gen:  0)
 27035336      5904  61617560  0.000  0.000 2189.266  299.466    0    0  (Gen:  0)
 28057088      4352  61616552  0.000  0.000 2189.594  299.499    0    0  (Gen:  0)
 29917416      4632  61617392  0.000  0.000 2189.844  299.534    0    0  (Gen:  0)
 27122016      5168  61618440  0.000  0.000 2190.078  299.566    0    0  (Gen:  0)
 28214768      4632  61618416  0.000  0.000 2190.281  299.599    0    0  (Gen:  0)
 30015088      4696  61619056  0.000  0.000 2190.531  299.634    0    0  (Gen:  0)
 29115504      4760  61619744  0.000  0.000 2190.766  299.668    0    0  (Gen:  0)
 30134920      5016  61620544  0.000  0.000 2191.109  299.703    0    0  (Gen:  0)
 28676568      4704  61653512  0.000  0.000 2191.359  299.736    0    0  (Gen:  0)
 28659712      5096  61654544  0.000  0.000 2191.578  299.769    0    0  (Gen:  0)
 22881720      3920  61653912  0.000  0.000 2191.797  299.796    0    0  (Gen:  0)
 30320600      5072  61655592  0.000  0.000 2192.047  299.833    0    0  (Gen:  0)
 28272360      6984  61657992  0.000  0.000 2192.281  299.868    0    0  (Gen:  0)
 28873040      5040  61656432  0.000  0.000 2192.516  299.903    0    0  (Gen:  0)
 30685440      4264  61656136  0.000  0.000 2192.875  299.941    0    0  (Gen:  0)
 29948600      5440  61657728  0.000  0.000 2193.094  299.978    0    0  (Gen:  0)
 30765456      5408  61658176  0.000  0.000 2193.469  300.016    0    0  (Gen:  0)
 30256376      5336  61658680  0.000  0.000 2193.703  300.054    0    0  (Gen:  0)
 28219224      4128  61657888  0.000  0.000 2193.938  300.088    0    0  (Gen:  0)
 29382096      4472  61658712  0.000  0.000 2194.312  300.124    0    0  (Gen:  0)
 26411320      5288  61660040  0.000  0.000 2194.516  300.156    0    0  (Gen:  0)
 31100208      6064  61661264  0.000  0.000 2194.750  300.195    0    0  (Gen:  0)
 28905376      4656  61660368  0.000  0.000 2195.000  300.230    0    0  (Gen:  0)
 29376856      4160  61660352  0.000  0.000 2195.375  300.265    0    0  (Gen:  0)
 31446752  56572928  61594712  0.125  0.026 2195.734  300.330    0    0  (Gen:  1)
 28883744      4048  61593640  0.000  0.000 2195.969  300.365    0    0  (Gen:  0)
 30132512      4720  61594824  0.000  0.000 2196.219  300.402    0    0  (Gen:  0)
 30278560      3816  61594400  0.000  0.000 2196.562  300.439    0    0  (Gen:  0)
 29932080      4368  61595528  0.000  0.000 2196.812  300.476    0    0  (Gen:  0)
 24121728      5016  61596720  0.000  0.000 2197.031  300.505    0    0  (Gen:  0)
 27634544      5592  61597776  0.000  0.000 2197.266  300.538    0    0  (Gen:  0)
 30599168      4968  61597728  0.000  0.000 2197.500  300.574    0    0  (Gen:  0)
 29212432      5040  61598408  0.000  0.000 2197.875  300.610    0    0  (Gen:  0)
 30484696      5168  61599080  0.000  0.000 2198.125  300.647    0    0  (Gen:  0)
 29386416      5680  61600136  0.000  0.000 2198.359  300.683    0    0  (Gen:  0)
 30696296      5064  61600096  0.000  0.000 2198.719  300.721    0    0  (Gen:  0)
 30295920      4520  61600064  0.000  0.000 2198.969  300.757    0    0  (Gen:  0)
 31698320      6728  61603104  0.000  0.000 2199.203  300.794    0    0  (Gen:  0)
 28875656      5592  61603280  0.000  0.000 2199.531  300.830    0    0  (Gen:  0)
 30342312      4816  61603080  0.000  0.000 2199.781  300.868    0    0  (Gen:  0)
 30272352      4728  61603536  0.000  0.000 2200.141  300.905    0    0  (Gen:  0)
 29632304      5280  61604696  0.000  0.000 2200.375  300.942    0    0  (Gen:  0)
 29755776      3832  61603728  0.000  0.000 2200.594  300.980    0    0  (Gen:  0)
 29800504      6264  61606720  0.000  0.000 2200.969  301.017    0    0  (Gen:  0)
 30704832      4272  61605208  0.000  0.000 2201.203  301.055    0    0  (Gen:  0)
 28767664      5720  61607168  0.000  0.000 2201.438  301.090    0    0  (Gen:  0)
 30295160      6568  61608528  0.000  0.000 2201.719  301.126    0    0  (Gen:  0)
 25104784      5512  61607984  0.000  0.000 2201.938  301.156    0    0  (Gen:  0)
 30785928      4080  61607000  0.000  0.000 2202.172  301.194    0    0  (Gen:  0)
 30173952      4240  61607640  0.000  0.000 2202.406  301.231    0    0  (Gen:  0)
 31352472      4688  61608600  0.000  0.000 2202.781  301.271    0    0  (Gen:  0)
 29282680      4120  61608576  0.000  0.000 2203.000  301.307    0    0  (Gen:  0)
 27618920      5600  61610504  0.000  0.000 2203.234  301.339    0    0  (Gen:  0)
 22976544  56512208  61533992  0.078  0.026 2203.531  301.390    0    0  (Gen:  1)
 29739632      4384  61534800  0.000  0.000 2203.781  301.427    0    0  (Gen:  0)
 27567288      3856  61534912  0.000  0.000 2204.000  301.463    0    0  (Gen:  0)
 26565520      3552  61535152  0.000  0.000 2204.188  301.496    0    0  (Gen:  0)
 26397224      4352  61536400  0.000  0.000 2204.406  301.529    0    0  (Gen:  0)
 29641192      4792  61537416  0.000  0.000 2204.641  301.567    0    0  (Gen:  0)
 30159384      5336  61538536  0.000  0.000 2204.844  301.605    0    0  (Gen:  0)
 16757896      4352  61538128  0.000  0.000 2205.047  301.652    0    0  (Gen:  0)
 24990936      3512  61537736  0.000  0.000 2205.250  301.684    0    0  (Gen:  0)
 26010840      4048  61538768  0.000  0.000 2205.562  301.717    0    0  (Gen:  0)
 30108816      4160  61539360  0.000  0.000 2205.812  301.755    0    0  (Gen:  0)
 28436832      3872  61539680  0.000  0.000 2206.031  301.791    0    0  (Gen:  0)
 29730168      4360  61540616  0.000  0.000 2206.359  301.828    0    0  (Gen:  0)
 29795232      3856  61540688  0.000  0.000 2206.594  301.865    0    0  (Gen:  0)
 30352416      3944  61541416  0.000  0.000 2206.844  301.904    0    0  (Gen:  0)
 30352720      4624  61542640  0.000  0.000 2207.203  301.941    0    0  (Gen:  0)
 29921608      3752  61542472  0.000  0.000 2207.438  301.978    0    0  (Gen:  0)
 30385288      5368  61544600  0.000  0.000 2207.766  302.016    0    0  (Gen:  0)
 30759432      5416  61545288  0.000  0.000 2208.000  302.054    0    0  (Gen:  0)
 28692928      4864  61545312  0.000  0.000 2208.234  302.089    0    0  (Gen:  0)
 29917328      4144  61545200  0.000  0.000 2208.594  302.125    0    0  (Gen:  0)
 29317680      4304  61545872  0.000  0.000 2208.844  302.161    0    0  (Gen:  0)
 29586680      5120  61547200  0.000  0.000 2209.078  302.198    0    0  (Gen:  0)
 30732712      5024  61547648  0.000  0.000 2209.438  302.235    0    0  (Gen:  0)
 30058072      4704  61547872  0.000  0.000 2209.688  302.273    0    0  (Gen:  0)
 30251352      4704  61548416  0.000  0.000 2209.906  302.311    0    0  (Gen:  0)
 29103576      4696  61548920  0.000  0.000 2210.266  302.347    0    0  (Gen:  0)
 30200952      5400  61550104  0.000  0.000 2210.500  302.384    0    0  (Gen:  0)
 28800736      4504  61549784  0.000  0.000 2210.734  302.420    0    0  (Gen:  0)
 28837776      4232  61549896  0.000  0.000 2211.078  302.456    0    0  (Gen:  0)
 28300160      5080  61551288  0.000  0.000 2211.328  302.490    0    0  (Gen:  0)
 29194200      5112  61551768  0.000  0.000 2211.578  302.526    0    0  (Gen:  0)
 28315120      4160  61551264  0.000  0.000 2211.812  302.560    0    0  (Gen:  0)
 29820184  56455400  61477184  0.078  0.029 2212.234  302.626    0    0  (Gen:  1)
 27759088      7384  61480608  0.000  0.000 2212.469  302.660    0    0  (Gen:  0)
 30097688      5056  61478744  0.000  0.000 2212.703  302.697    0    0  (Gen:  0)
 29399792      4080  61478312  0.000  0.000 2212.938  302.733    0    0  (Gen:  0)
 24186840      5640  61480560  0.000  0.000 2213.172  302.761    0    0  (Gen:  0)
 26449184      4968  61481200  0.000  0.000 2213.391  302.792    0    0  (Gen:  0)
 30810184      4920  61482112  0.000  0.000 2213.734  302.830    0    0  (Gen:  0)
 30169048      3840  61482184  0.000  0.000 2213.953  302.868    0    0  (Gen:  0)
 30181768      4528  61483448  0.000  0.000 2214.328  302.906    0    0  (Gen:  0)
 28751648      4192  61483688  0.000  0.000 2214.547  302.943    0    0  (Gen:  0)
 29996400      4456  61484496  0.000  0.000 2214.750  302.981    0    0  (Gen:  0)
 29029624      3808  61484424  0.000  0.000 2215.109  303.018    0    0  (Gen:  0)
 26455752      4640  61485672  0.000  0.000 2215.344  303.050    0    0  (Gen:  0)
 27555560      4184  61485696  0.000  0.000 2215.578  303.084    0    0  (Gen:  0)
 28584752      5000  61487024  0.000  0.000 2215.828  303.119    0    0  (Gen:  0)
 29089624      3968  61486568  0.000  0.000 2216.188  303.155    0    0  (Gen:  0)
 26951696      4736  61487912  0.000  0.000 2216.406  303.187    0    0  (Gen:  0)
 30190248      4752  61488408  0.000  0.000 2216.641  303.225    0    0  (Gen:  0)
 30585520      4864  61489064  0.000  0.000 2216.891  303.263    0    0  (Gen:  0)
 30653672      4200  61488944  0.000  0.000 2217.266  303.301    0    0  (Gen:  0)
 24197144      4064  61489416  0.000  0.000 2217.406  303.330    0    0  (Gen:  0)
 29909792      4728  61490528  0.000  0.000 2217.656  303.367    0    0  (Gen:  0)
 31402600      4392  61490768  0.000  0.000 2218.031  303.406    0    0  (Gen:  0)
 30180808      4968  61492016  0.000  0.000 2218.266  303.444    0    0  (Gen:  0)
 29022104      4144  61491768  0.000  0.000 2218.516  303.479    0    0  (Gen:  0)
 27686272      4128  61492360  0.000  0.000 2218.672  303.513    0    0  (Gen:  0)
 31376104      4672  61493496  0.000  0.000 2219.031  303.551    0    0  (Gen:  0)
 29685584      5208  61494640  0.000  0.000 2219.250  303.587    0    0  (Gen:  0)
 28521568      4032  61494072  0.000  0.000 2219.484  303.622    0    0  (Gen:  0)
 25195296      4416  61495064  0.000  0.000 2219.719  303.652    0    0  (Gen:  0)
 31216304      4584  61495792  0.000  0.000 2220.078  303.690    0    0  (Gen:  0)
 29540288      4624  61496536  0.000  0.000 2220.297  303.727    0    0  (Gen:  0)
 29262912      4248  61496640  0.000  0.000 2220.672  303.764    0    0  (Gen:  0)
 28610672  56392344  61414128  0.031  0.049 2220.906  303.848    0    0  (Gen:  1)
 28172752      4728  61413728  0.000  0.000 2221.141  303.883    0    0  (Gen:  0)
 26456640      4616  61414096  0.000  0.000 2221.359  303.916    0    0  (Gen:  0)
 30754824      3992  61413952  0.000  0.000 2221.719  303.955    0    0  (Gen:  0)
 28804624      3400  61413872  0.000  0.000 2221.953  303.991    0    0  (Gen:  0)
 23709136      6480  61417368  0.000  0.000 2222.188  304.019    0    0  (Gen:  0)
 29952472      4544  61416776  0.000  0.000 2222.422  304.057    0    0  (Gen:  0)
 28451816      4304  61417144  0.000  0.000 2222.656  304.092    0    0  (Gen:  0)
 28635776      3840  61417160  0.000  0.000 2222.969  304.128    0    0  (Gen:  0)
 28838056      4080  61417816  0.000  0.000 2223.203  304.164    0    0  (Gen:  0)
 30762888      3728  61417944  0.000  0.000 2223.562  304.203    0    0  (Gen:  0)
 30710328      5536  61420232  0.000  0.000 2223.797  304.242    0    0  (Gen:  0)
 30503544      5112  61420352  0.000  0.000 2224.125  304.281    0    0  (Gen:  0)
 30510008      4560  61420248  0.000  0.000 2224.281  304.319    0    0  (Gen:  0)
 30409280      5184  61421320  0.000  0.000 2224.516  304.357    0    0  (Gen:  0)
 30573464      4752  61421368  0.000  0.000 2224.891  304.396    0    0  (Gen:  0)
 29110472      4672  61421736  0.000  0.000 2225.141  304.433    0    0  (Gen:  0)
 28324904      4664  61422144  0.000  0.000 2225.469  304.470    0    0  (Gen:  0)
 28349552      4128  61422024  0.000  0.000 2225.672  304.506    0    0  (Gen:  0)
 29487384      4512  61422824  0.000  0.000 2225.922  304.543    0    0  (Gen:  0)
 29234416      5232  61424072  0.000  0.000 2226.266  304.580    0    0  (Gen:  0)
 29824816      4728  61424080  0.000  0.000 2226.500  304.617    0    0  (Gen:  0)
 27426920      4440  61424368  0.000  0.000 2226.734  304.651    0    0  (Gen:  0)
 22093920      4672  61425024  0.000  0.000 2226.906  304.677    0    0  (Gen:  0)
 25966608      7088  61428040  0.000  0.000 2227.141  304.708    0    0  (Gen:  0)
 30973584      5000  61427136  0.000  0.000 2227.391  304.747    0    0  (Gen:  0)
 30253000      4472  61427184  0.000  0.000 2227.766  304.785    0    0  (Gen:  0)
 29983048      4560  61427784  0.000  0.000 2228.000  304.823    0    0  (Gen:  0)
 27932008      4824  61428624  0.000  0.000 2228.141  304.857    0    0  (Gen:  0)
 30343488      5968  61430312  0.000  0.000 2228.484  304.894    0    0  (Gen:  0)
 30689768      5248  61430136  0.000  0.000 2228.734  304.932    0    0  (Gen:  0)
 30807008      4432  61429928  0.000  0.000 2229.062  304.970    0    0  (Gen:  0)
 26123024      4864  61430936  0.000  0.000 2229.297  305.001    0    0  (Gen:  0)
 30520552  56332856  61354640  0.125  0.024 2229.672  305.063    0    0  (Gen:  1)
 28706960      4248  61354240  0.000  0.000 2229.891  305.097    0    0  (Gen:  0)
 30465624      5248  61355720  0.000  0.000 2230.141  305.134    0    0  (Gen:  0)
 28418288      5008  61356216  0.000  0.000 2230.359  305.168    0    0  (Gen:  0)
 30315000      4640  61356392  0.000  0.000 2230.719  305.204    0    0  (Gen:  0)
 31236088      5264  61357688  0.000  0.000 2230.953  305.241    0    0  (Gen:  0)
 29468656      5488  61358584  0.000  0.000 2231.203  305.276    0    0  (Gen:  0)
 29855416      5224  61358992  0.000  0.000 2231.562  305.312    0    0  (Gen:  0)
 27407080      6896  61361272  0.000  0.000 2231.766  305.346    0    0  (Gen:  0)
 30813000      4920  61359840  0.000  0.000 2232.000  305.383    0    0  (Gen:  0)
 29089152      5312  61360808  0.000  0.000 2232.250  305.419    0    0  (Gen:  0)
 31012280      6136  61362240  0.000  0.000 2232.609  305.457    0    0  (Gen:  0)
 29885480      4768  61361448  0.000  0.000 2232.859  305.494    0    0  (Gen:  0)
 29162864      5608  61362832  0.000  0.000 2233.219  305.529    0    0  (Gen:  0)
 30753552      4496  61362232  0.000  0.000 2233.422  305.567    0    0  (Gen:  0)
 31206752      5520  61363704  0.000  0.000 2233.656  305.604    0    0  (Gen:  0)
 28699792      5024  61363784  0.000  0.000 2233.906  305.638    0    0  (Gen:  0)
 29039808      5936  61365144  0.000  0.000 2234.219  305.673    0    0  (Gen:  0)
 29672496      4504  61364224  0.000  0.000 2234.453  305.709    0    0  (Gen:  0)
 30732864      5584  61365752  0.000  0.000 2234.703  305.745    0    0  (Gen:  0)
 28533296      6152  61366800  0.000  0.000 2234.922  305.779    0    0  (Gen:  0)
 30380240      5040  61366200  0.000  0.000 2235.281  305.815    0    0  (Gen:  0)
 21029024      4672  61366312  0.000  0.000 2235.359  305.840    0    0  (Gen:  0)
 31155704      5536  61367560  0.000  0.000 2235.734  305.878    0    0  (Gen:  0)
 29763560      5440  61367880  0.000  0.000 2235.969  305.914    0    0  (Gen:  0)
 30145176      4560  61367480  0.000  0.000 2236.203  305.951    0    0  (Gen:  0)
 29444232      5264  61368632  0.000  0.000 2236.547  305.988    0    0  (Gen:  0)
 17972792      5120  61368936  0.000  0.000 2236.641  306.022    0    0  (Gen:  0)
 14804992      5480  61369624  0.000  0.000 2236.688  306.042    0    0  (Gen:  0)
 25806304      5824  61371376  0.000  0.000 2236.906  306.073    0    0  (Gen:  0)
 24362456      5232  61372088  0.000  0.000 2237.094  306.104    0    0  (Gen:  0)
 30325600      5416  61372624  0.000  0.000 2237.453  306.140    0    0  (Gen:  0)
 30104120      5496  61373120  0.000  0.000 2237.672  306.176    0    0  (Gen:  0)
 28981904      4632  61372768  0.000  0.000 2237.922  306.212    0    0  (Gen:  0)
 30429952      5128  61373648  0.000  0.000 2238.297  306.249    0    0  (Gen:  0)
 30842464      4376  61373376  0.000  0.000 2238.547  306.286    0    0  (Gen:  0)
 29656904  56276208  61297992  0.125  0.026 2238.906  306.348    0    0  (Gen:  1)
 28297080      4960  61297088  0.000  0.000 2239.125  306.381    0    0  (Gen:  0)
 24862632      5912  61298552  0.000  0.000 2239.344  306.411    0    0  (Gen:  0)
 25084512      4736  61297792  0.000  0.000 2239.547  306.440    0    0  (Gen:  0)
 29334528      4880  61298416  0.000  0.000 2239.766  306.474    0    0  (Gen:  0)
 28860928      5960  61299992  0.000  0.000 2239.969  306.509    0    0  (Gen:  0)
 25993288      7520  61302064  0.000  0.000 2240.172  306.540    0    0  (Gen:  0)
 23121600      7312  61302240  0.000  0.000 2240.391  306.567    0    0  (Gen:  0)
 26390688      6072  61301432  0.000  0.000 2240.531  306.599    0    0  (Gen:  0)
 24294264      6320  61302144  0.000  0.000 2240.750  306.627    0    0  (Gen:  0)
 22943176      4624  61300800  0.000  0.000 2240.906  306.656    0    0  (Gen:  0)
 19619416      6400  61302928  0.000  0.000 2241.000  306.678    0    0  (Gen:  0)
 24591144      5416  61302408  0.000  0.000 2241.203  306.707    0    0  (Gen:  0)
 19788272      5312  61302736  0.000  0.000 2241.297  306.730    0    0  (Gen:  0)
 23632568      4560  61302368  0.000  0.000 2241.484  306.757    0    0  (Gen:  0)
 22283872      4792  61303048  0.000  0.000 2241.703  306.783    0    0  (Gen:  0)
 25942680      4488  61303160  0.000  0.000 2241.906  306.814    0    0  (Gen:  0)
 18918448      5024  61304080  0.000  0.000 2241.953  306.835    0    0  (Gen:  0)
 21118560      4472  61304696  0.000  0.000 2242.156  306.860    0    0  (Gen:  0)
 21188392      4584  61305736  0.000  0.000 2242.266  306.887    0    0  (Gen:  0)
 20315032      4400  61305984  0.000  0.002 2242.438  306.919    0    0  (Gen:  0)
 12453184      5568  61307544  0.000  0.001 2242.484  306.945    0    0  (Gen:  0)
 15875096      6832  61310496  0.000  0.000 2242.562  306.967    0    0  (Gen:  0)
 17686304      5256  61311632  0.000  0.000 2242.656  306.990    0    0  (Gen:  0)
 16258632      5920  61312992  0.000  0.000 2242.734  307.010    0    0  (Gen:  0)
 19836544      4528  61312080  0.000  0.000 2242.891  307.034    0    0  (Gen:  0)
 14487152      5152  61313136  0.000  0.000 2242.984  307.053    0    0  (Gen:  0)
 24671248      6624  61315168  0.000  0.000 2243.188  307.082    0    0  (Gen:  0)
 18733616      5368  61315376  0.000  0.000 2243.281  307.106    0    0  (Gen:  0)
 22443600      5096  61315488  0.000  0.000 2243.438  307.133    0    0  (Gen:  0)
 16980080      5536  61316328  0.000  0.000 2243.484  307.154    0    0  (Gen:  0)
 21362184      4904  61316096  0.000  0.000 2243.641  307.210    0    0  (Gen:  0)
 18351232      6048  61317872  0.000  0.000 2243.812  307.236    0    0  (Gen:  0)
 20989176      5912  61319128  0.000  0.000 2243.906  307.293    0    0  (Gen:  0)
 25929696      4072  61317992  0.000  0.000 2244.109  307.326    0    0  (Gen:  0)
 15517800      5256  61319800  0.000  0.000 2244.234  307.346    0    0  (Gen:  0)
 24005080      6352  61321376  0.000  0.002 2244.344  307.393    0    0  (Gen:  0)
 13611832      6728  61322800  0.000  0.000 2244.422  307.411    0    0  (Gen:  0)
 23294360      5696  61322184  0.000  0.003 2244.609  307.449    0    0  (Gen:  0)
 18414880      6544  61323592  0.000  0.000 2244.688  307.473    0    0  (Gen:  0)
 22833368      5488  61322968  0.000  0.001 2244.844  307.501    0    0  (Gen:  0)
 16996056      4512  61322504  0.000  0.000 2244.922  307.520    0    0  (Gen:  0)
 20517456      6088  61324496  0.000  0.000 2245.016  307.544    0    0  (Gen:  0)
 20255576      5856  61324712  0.000  0.000 2245.156  307.569    0    0  (Gen:  0)
 25759960      5264  61324520  0.000  0.000 2245.344  307.599    0    0  (Gen:  0)
 21766128      5456  61325224  0.000  0.000 2245.531  307.624    0    0  (Gen:  0)
 25956432      5744  61325864  0.000  0.000 2245.766  307.655    0    0  (Gen:  0)
 26308272      5128  61325712  0.000  0.000 2245.984  307.686    0    0  (Gen:  0)
 28617064      6200  61327232  0.000  0.000 2246.219  307.720    0    0  (Gen:  0)
 20743576      6200  61327776  0.000  0.000 2246.312  307.745    0    0  (Gen:  0)
 23756296      5560  61327584  0.000  0.000 2246.500  307.773    0    0  (Gen:  0)
 20065896      5168  61327784  0.000  0.000 2246.656  307.796    0    0  (Gen:  0)
 22277280      5968  61328968  0.000  0.000 2246.750  307.823    0    0  (Gen:  0)
 22268192      4744  61328256  0.000  0.000 2246.875  307.853    0    0  (Gen:  0)
 18284624      5264  61329368  0.000  0.000 2247.047  307.875    0    0  (Gen:  0)
 24998800  56209416  61231200  0.031  0.036 2247.266  307.941    0    0  (Gen:  1)
 27388136      6544  61233144  0.000  0.000 2247.469  307.973    0    0  (Gen:  0)
 23715584      5664  61232760  0.000  0.000 2247.594  308.002    0    0  (Gen:  0)
 26556656      5432  61233008  0.000  0.000 2247.828  308.034    0    0  (Gen:  0)
 26645376      5400  61233472  0.000  0.000 2248.047  308.067    0    0  (Gen:  0)
 28692232      5256  61233888  0.000  0.000 2248.250  308.137    0    0  (Gen:  0)
 21880816      5080  61234304  0.000  0.000 2248.422  308.162    0    0  (Gen:  0)
 19393808      4856  61234512  0.000  0.000 2248.500  308.185    0    0  (Gen:  0)
 23698304      6856  61236976  0.000  0.000 2248.656  308.214    0    0  (Gen:  0)
 24704400      5776  61236424  0.000  0.000 2248.875  308.243    0    0  (Gen:  0)
 26183264      5096  61236176  0.000  0.000 2249.078  308.273    0    0  (Gen:  0)
 28842376      7640  61239232  0.000  0.000 2249.250  308.307    0    0  (Gen:  0)
 23976792      5120  61237128  0.000  0.000 2249.453  308.335    0    0  (Gen:  0)
 24476400      5768  61238192  0.000  0.000 2249.672  308.364    0    0  (Gen:  0)
 27698872      6632  61239568  0.000  0.000 2249.922  308.396    0    0  (Gen:  0)
 26416024      6384  61239832  0.000  0.000 2250.141  308.428    0    0  (Gen:  0)
 24308640      7288  61241248  0.000  0.000 2250.328  308.456    0    0  (Gen:  0)
 26520448      4512  61238936  0.000  0.000 2250.531  308.486    0    0  (Gen:  0)
 25021128      5056  61240056  0.000  0.000 2250.703  308.514    0    0  (Gen:  0)
 23802848      4672  61240232  0.000  0.000 2250.812  308.541    0    0  (Gen:  0)
 25855304      4064  61240056  0.000  0.000 2251.031  308.570    0    0  (Gen:  0)
 27694784      6824  61243360  0.000  0.000 2251.219  308.602    0    0  (Gen:  0)
 24523968      5248  61242264  0.000  0.000 2251.406  308.630    0    0  (Gen:  0)
 27483776      5680  61243560  0.000  0.000 2251.625  308.662    0    0  (Gen:  0)
 28089088      6456  61245240  0.000  0.000 2251.844  308.695    0    0  (Gen:  0)
 28396448      5824  61245104  0.000  0.000 2252.078  308.730    0    0  (Gen:  0)
 25774904      4504  61244296  0.000  0.000 2252.297  308.760    0    0  (Gen:  0)
 25911728      5408  61245712  0.000  0.000 2252.500  308.792    0    0  (Gen:  0)
 22261920      4776  61245496  0.000  0.000 2252.688  308.818    0    0  (Gen:  0)
 26073016      4472  61245576  0.000  0.000 2252.875  308.850    0    0  (Gen:  0)
 26411056      5976  61247528  0.000  0.000 2253.109  308.883    0    0  (Gen:  0)
 26354704      4168  61246200  0.000  0.000 2253.328  308.916    0    0  (Gen:  0)
 21764224      5840  61248352  0.000  0.000 2253.500  308.943    0    0  (Gen:  0)
 26676432      4272  61247312  0.000  0.000 2253.719  308.974    0    0  (Gen:  0)
 24571576      4144  61247776  0.000  0.000 2253.922  309.003    0    0  (Gen:  0)
 25819192      5744  61249952  0.000  0.000 2254.141  309.033    0    0  (Gen:  0)
 26263904      4888  61249720  0.000  0.000 2254.359  309.064    0    0  (Gen:  0)
 22952968      4704  61250160  0.000  0.000 2254.453  309.091    0    0  (Gen:  0)
 23587224      4448  61250352  0.000  0.000 2254.656  309.120    0    0  (Gen:  0)
 30344680      5064  61251416  0.000  0.000 2255.016  309.156    0    0  (Gen:  0)
 30981280  56150384  61172168  0.141  0.025 2255.406  309.219    0    0  (Gen:  1)
 29252336      4776  61171504  0.000  0.000 2255.625  309.253    0    0  (Gen:  0)
 28397856      4256  61171624  0.000  0.000 2255.859  309.287    0    0  (Gen:  0)
 27737464      5144  61173120  0.000  0.000 2256.078  309.320    0    0  (Gen:  0)
 31042768      5440  61173992  0.000  0.000 2256.297  309.355    0    0  (Gen:  0)
 30529024      6112  61175848  0.000  0.000 2256.641  309.391    0    0  (Gen:  0)
 28814192      4928  61175592  0.000  0.000 2256.844  309.427    0    0  (Gen:  0)
 28987112      4112  61175256  0.000  0.000 2257.078  309.462    0    0  (Gen:  0)
 31535528      6040  61177760  0.000  0.000 2257.406  309.501    0    0  (Gen:  0)
 26687728      5912  61178144  0.000  0.000 2257.656  309.532    0    0  (Gen:  0)
 30554176      4960  61178376  0.000  0.000 2257.906  309.568    0    0  (Gen:  0)
 26964496      4704  61179016  0.000  0.000 2258.109  309.601    0    0  (Gen:  0)
 27625904      5816  61180544  0.000  0.000 2258.312  309.634    0    0  (Gen:  0)
 27358176      5688  61180928  0.000  0.000 2258.547  309.667    0    0  (Gen:  0)
 27516384      4984  61180640  0.000  0.000 2258.781  309.700    0    0  (Gen:  0)
 30964264      4848  61180952  0.000  0.000 2259.156  309.739    0    0  (Gen:  0)
 28416320      4312  61181024  0.000  0.000 2259.391  309.774    0    0  (Gen:  0)
 26741872      3768  61180960  0.000  0.000 2259.609  309.806    0    0  (Gen:  0)
 29226600      4792  61182432  0.000  0.000 2259.828  309.841    0    0  (Gen:  0)
 27452904      4920  61183120  0.000  0.000 2260.156  309.874    0    0  (Gen:  0)
 29309368      3784  61182464  0.000  0.000 2260.406  309.909    0    0  (Gen:  0)
 27768400      3856  61183048  0.000  0.000 2260.594  309.943    0    0  (Gen:  0)
 28567128      4376  61184112  0.000  0.000 2260.828  309.978    0    0  (Gen:  0)
 28499488      5008  61185320  0.000  0.000 2261.156  310.014    0    0  (Gen:  0)
 28667016      4728  61185520  0.000  0.000 2261.375  310.049    0    0  (Gen:  0)
 26220928      3632  61184968  0.000  0.000 2261.578  310.080    0    0  (Gen:  0)
 27046256      4472  61186352  0.000  0.000 2261.781  310.114    0    0  (Gen:  0)
 28026144      5216  61187576  0.000  0.001 2262.016  310.149    0    0  (Gen:  0)
 22400024      3840  61186648  0.000  0.000 2262.234  310.176    0    0  (Gen:  0)
 25990824      3360  61186616  0.000  0.000 2262.406  310.209    0    0  (Gen:  0)
 26799912  56091944  61113728  0.078  0.032 2262.641  310.273    0    0  (Gen:  1)
 17808664      4080  61114072  0.000  0.017 2262.734  310.315    0    0  (Gen:  0)
 21707488      5672  61116416  0.000  0.000 2262.828  310.341    0    0  (Gen:  0)
 21178384      4960  61116752  0.000  0.000 2263.031  310.366    0    0  (Gen:  0)
 29941784      4344  61116664  0.000  0.000 2263.281  310.402    0    0  (Gen:  0)
 29190424      5488  61151144  0.000  0.000 2263.609  310.437    0    0  (Gen:  0)
 26040240      3672  61149840  0.000  0.000 2263.734  310.468    0    0  (Gen:  0)
 26537632      4312  61150992  0.000  0.000 2263.797  310.499    0    0  (Gen:  0)
 26376176      3840  61151096  0.000  0.000 2264.047  310.531    0    0  (Gen:  0)
 28897616      4696  61152496  0.000  0.000 2264.297  310.565    0    0  (Gen:  0)
 26467656      5064  61153504  0.000  0.000 2264.484  310.596    0    0  (Gen:  0)
 28422760      3680  61152632  0.000  0.000 2264.703  310.633    0    0  (Gen:  0)
 24566072      3528  61153064  0.000  0.000 2264.922  310.663    0    0  (Gen:  0)
 25145504      4408  61154520  0.000  0.000 2265.172  310.693    0    0  (Gen:  0)
 27636000      4688  61155312  0.000  0.000 2265.375  310.726    0    0  (Gen:  0)
 27745152      5176  61156408  0.000  0.000 2265.516  310.757    0    0  (Gen:  0)
 23648568      4408  61157048  0.000  0.000 2265.672  310.788    0    0  (Gen:  0)
 26149032      4128  61157504  0.000  0.000 2265.891  310.820    0    0  (Gen:  0)
 26957800      3888  61157808  0.000  0.000 2266.094  310.852    0    0  (Gen:  0)
 24872368      5184  61159840  0.000  0.000 2266.344  310.880    0    0  (Gen:  0)
 28986184      3896  61159896  0.000  0.000 2266.578  310.915    0    0  (Gen:  0)
 28587848      4688  61161296  0.000  0.000 2266.812  310.951    0    0  (Gen:  0)
 28289656      4712  61161896  0.000  0.000 2267.141  310.985    0    0  (Gen:  0)
 28677960      4888  61162648  0.000  0.000 2267.375  311.020    0    0  (Gen:  0)
 26183536      4360  61162664  0.000  0.000 2267.625  311.051    0    0  (Gen:  0)
 28747080      4496  61163248  0.000  0.000 2267.844  311.085    0    0  (Gen:  0)
 28429456      5000  61164328  0.000  0.000 2268.094  311.120    0    0  (Gen:  0)
 27299408      3512  61163320  0.000  0.000 2268.297  311.153    0    0  (Gen:  0)
 25158856      5800  61166120  0.000  0.000 2268.531  311.184    0    0  (Gen:  0)
 27619768      4208  61164976  0.062  0.000 2268.812  311.217    0    0  (Gen:  0)
 29331096      3928  61165144  0.000  0.000 2269.000  311.251    0    0  (Gen:  0)
 28778800      4912  61167184  0.000  0.000 2269.219  311.284    0    0  (Gen:  0)
 27861632      3968  61167424  0.000  0.000 2269.469  311.319    0    0  (Gen:  0)
 27994128      3744  61167712  0.000  0.000 2269.688  311.353    0    0  (Gen:  0)
 23509848      5352  61169864  0.000  0.000 2269.922  311.381    0    0  (Gen:  0)
 27301224      4280  61170104  0.000  0.000 2270.156  311.414    0    0  (Gen:  0)
 27569240      5032  61171560  0.000  0.000 2270.406  311.448    0    0  (Gen:  0)
 27800648      4368  61171408  0.000  0.000 2270.703  311.483    0    0  (Gen:  0)
 26896936      5264  61172784  0.000  0.000 2270.938  311.516    0    0  (Gen:  0)
 27246680      5432  61173432  0.000  0.000 2271.188  311.549    0    0  (Gen:  0)
 29068624      5560  61174136  0.000  0.000 2271.375  311.585    0    0  (Gen:  0)
 23990160  56008856  61063408  0.141  0.027 2271.719  311.642    0    0  (Gen:  1)
 25125304      3872  61063344  0.000  0.000 2271.938  311.672    0    0  (Gen:  0)
 23097664      3984  61064080  0.000  0.000 2272.031  311.700    0    0  (Gen:  0)
 21429888      4504  61065016  0.000  0.000 2272.203  311.726    0    0  (Gen:  0)
 29543896      5112  61066184  0.078  0.000 2272.484  311.764    0    0  (Gen:  0)
 27938984      4720  61066336  0.000  0.000 2272.734  311.799    0    0  (Gen:  0)
 28644080      4440  61066536  0.000  0.000 2272.953  311.836    0    0  (Gen:  0)
 27676512      4336  61066848  0.000  0.000 2273.125  311.870    0    0  (Gen:  0)
 29705432      4184  61067112  0.000  0.000 2273.484  311.908    0    0  (Gen:  0)
 20958840      4776  61068216  0.000  0.000 2273.547  311.935    0    0  (Gen:  0)
 23947600      5088  61068848  0.000  0.000 2273.719  311.964    0    0  (Gen:  0)
 23137656      4432  61068608  0.000  0.000 2273.859  311.993    0    0  (Gen:  0)
 26541664      3336  61067992  0.000  0.000 2274.031  312.027    0    0  (Gen:  0)
 25773712      3712  61068816  0.000  0.000 2274.281  312.059    0    0  (Gen:  0)
 28670800      5408  61070992  0.000  0.000 2274.625  312.095    0    0  (Gen:  0)
 26657680      4096  61070064  0.000  0.000 2274.859  312.128    0    0  (Gen:  0)
 28759040      5096  61071512  0.000  0.000 2275.062  312.164    0    0  (Gen:  0)
 27079144      5080  61072024  0.000  0.000 2275.281  312.198    0    0  (Gen:  0)
 24393160      4632  61072024  0.000  0.000 2275.484  312.228    0    0  (Gen:  0)
 18547272      3896  61071672  0.000  0.000 2275.688  312.250    0    0  (Gen:  0)
 20668112      4968  61073112  0.000  0.000 2275.750  312.277    0    0  (Gen:  0)
 22206280      5112  61073576  0.000  0.000 2275.984  312.304    0    0  (Gen:  0)
 19032832      3936  61072784  0.000  0.000 2276.203  312.327    0    0  (Gen:  0)
 22238392      5160  61074392  0.000  0.000 2276.312  312.354    0    0  (Gen:  0)
 25984144      5312  61075104  0.000  0.000 2276.547  312.387    0    0  (Gen:  0)
 23769528      5136  61075360  0.000  0.000 2276.797  312.417    0    0  (Gen:  0)
 23557888      5576  61076152  0.000  0.000 2276.953  312.446    0    0  (Gen:  0)
 19261384      4024  61074984  0.000  0.000 2277.078  312.472    0    0  (Gen:  0)
 16793464      4032  61075344  0.000  0.001 2277.156  312.528    0    0  (Gen:  0)
 26737776      4560  61076320  0.000  0.000 2277.516  312.562    0    0  (Gen:  0)
 20288528      3736  61076152  0.000  0.000 2277.594  312.596    0    0  (Gen:  0)
 18249576      4304  61077240  0.000  0.000 2277.688  312.624    0    0  (Gen:  0)
 20011816      4520  61078072  0.000  0.000 2277.797  312.651    0    0  (Gen:  0)
 20938864      4176  61078504  0.000  0.000 2278.000  312.677    0    0  (Gen:  0)
 23970456      4600  61079344  0.000  0.000 2278.203  312.709    0    0  (Gen:  0)
 22702224      4168  61079408  0.000  0.000 2278.328  312.738    0    0  (Gen:  0)
 24292464      3904  61079640  0.000  0.000 2278.516  312.768    0    0  (Gen:  0)
 22314200      3896  61080128  0.000  0.000 2278.719  312.796    0    0  (Gen:  0)
 21139264  55960480  61015032  0.109  0.029 2278.922  312.851    0    0  (Gen:  1)
 27710104      4400  61015824  0.000  0.001 2279.156  312.888    0    0  (Gen:  0)
 23368120      4016  61015976  0.000  0.000 2279.266  312.917    0    0  (Gen:  0)
 20005888      5480  61018280  0.000  0.000 2279.438  312.942    0    0  (Gen:  0)
 22636792      3936  61018088  0.000  0.000 2279.594  312.968    0    0  (Gen:  0)
 20715864      4816  61019496  0.000  0.000 2279.672  312.994    0    0  (Gen:  0)
 21048904      4256  61019416  0.000  0.000 2279.875  313.020    0    0  (Gen:  0)
 24040368      5336  61020976  0.000  0.000 2280.078  313.049    0    0  (Gen:  0)
 23235216      4688  61020968  0.000  0.000 2280.281  313.077    0    0  (Gen:  0)
 19846088      4464  61021352  0.000  0.000 2280.375  313.101    0    0  (Gen:  0)
 21969752      5704  61023168  0.000  0.001 2280.500  313.130    0    0  (Gen:  0)
 19205864      4504  61022592  0.000  0.000 2280.625  313.155    0    0  (Gen:  0)
 25268576      4888  61023392  0.000  0.000 2280.734  313.184    0    0  (Gen:  0)
 19151056      4376  61023488  0.000  0.000 2280.891  313.209    0    0  (Gen:  0)
 24381080      4760  61024352  0.000  0.000 2281.078  313.240    0    0  (Gen:  0)
 22208016      4440  61024672  0.000  0.000 2281.297  313.267    0    0  (Gen:  0)
 27413016      4648  61025344  0.000  0.000 2281.516  313.299    0    0  (Gen:  0)
 21236360      4200  61025424  0.000  0.000 2281.609  313.325    0    0  (Gen:  0)
 22909400      4360  61025936  0.000  0.000 2281.797  313.352    0    0  (Gen:  0)
 19495760      4416  61026344  0.000  0.000 2281.953  313.377    0    0  (Gen:  0)
 24197464      4360  61026704  0.000  0.000 2282.062  313.406    0    0  (Gen:  0)
 26682080      4528  61027416  0.000  0.000 2282.250  313.438    0    0  (Gen:  0)
 23179368      5080  61028480  0.000  0.000 2282.359  313.466    0    0  (Gen:  0)
 22918400      4552  61028320  0.000  0.000 2282.453  313.493    0    0  (Gen:  0)
 26670912      5016  61029168  0.000  0.000 2282.672  313.525    0    0  (Gen:  0)
 28588568      4496  61029064  0.000  0.000 2282.875  313.559    0    0  (Gen:  0)
 21507304      4960  61030040  0.000  0.000 2283.047  313.585    0    0  (Gen:  0)
 21035416      4168  61029600  0.000  0.000 2283.203  313.611    0    0  (Gen:  0)
 21023096      4376  61030224  0.000  0.000 2283.266  313.637    0    0  (Gen:  0)
 20794568      5696  61032104  0.000  0.000 2283.438  313.660    0    0  (Gen:  0)
 18317968      4888  61031696  0.000  0.000 2283.531  313.681    0    0  (Gen:  0)
 27029160      5968  61033128  0.000  0.000 2283.734  313.714    0    0  (Gen:  0)
 23163648      5352  61033056  0.000  0.000 2283.938  313.742    0    0  (Gen:  0)
 22475496      6112  61034264  0.000  0.000 2284.125  313.768    0    0  (Gen:  0)
 25830936      5440  61034024  0.000  0.000 2284.328  313.799    0    0  (Gen:  0)
 25295632      5192  61034208  0.000  0.000 2284.500  313.829    0    0  (Gen:  0)
 23640416      5264  61034792  0.000  0.000 2284.609  313.859    0    0  (Gen:  0)
 20293256      5752  61035792  0.000  0.000 2284.703  313.883    0    0  (Gen:  0)
 17756328      6696  61037184  0.000  0.000 2284.766  313.903    0    0  (Gen:  0)
 23422760      5104  61036088  0.000  0.000 2285.000  313.932    0    0  (Gen:  0)
 17287960      4696  61036304  0.000  0.000 2285.188  313.953    0    0  (Gen:  0)
 21031376      5360  61038072  0.000  0.000 2285.234  313.978    0    0  (Gen:  0)
 23057064      6432  61040480  0.000  0.000 2285.312  314.007    0    0  (Gen:  0)
 23539392      4912  61039808  0.000  0.000 2285.547  314.034    0    0  (Gen:  0)
 24363584      4520  61040440  0.000  0.000 2285.766  314.063    0    0  (Gen:  0)
 19009904      4120  61040456  0.000  0.000 2285.859  314.086    0    0  (Gen:  0)
 24371640  55897072  60951624  0.047  0.035 2286.094  314.150    0    0  (Gen:  1)
 23958848      4424  60951616  0.000  0.000 2286.266  314.179    0    0  (Gen:  0)
 21844944      4848  60952664  0.000  0.000 2286.469  314.206    0    0  (Gen:  0)
 22898744      4032  60953168  0.000  0.000 2286.625  314.233    0    0  (Gen:  0)
 24815408      4544  60954208  0.000  0.000 2286.688  314.262    0    0  (Gen:  0)
 20868968      5160  60955368  0.000  0.000 2286.891  314.323    0    0  (Gen:  0)
 21088304      5664  60956352  0.000  0.000 2287.062  314.350    0    0  (Gen:  0)
 19827776      5704  60957808  0.000  0.000 2287.250  314.408    0    0  (Gen:  0)
 22021728      4936  60958088  0.000  0.001 2287.344  314.434    0    0  (Gen:  0)
 18139816      5608  60959352  0.000  0.000 2287.484  314.459    0    0  (Gen:  0)
 22684560      5728  60960384  0.000  0.000 2287.609  314.489    0    0  (Gen:  0)
 22591488      6304  60961800  0.000  0.000 2287.766  314.516    0    0  (Gen:  0)
 24388192      6320  60963456  0.000  0.000 2287.891  314.544    0    0  (Gen:  0)
 23259696      4176  60962048  0.000  0.000 2288.141  314.572    0    0  (Gen:  0)
 24362040      4408  60962696  0.000  0.000 2288.375  314.602    0    0  (Gen:  0)
 28155672      5088  60963776  0.000  0.000 2288.609  314.637    0    0  (Gen:  0)
 24502920      4800  60963936  0.000  0.000 2288.859  314.667    0    0  (Gen:  0)
 25805536      5104  60964592  0.000  0.000 2289.078  314.698    0    0  (Gen:  0)
 19757384      5008  60964880  0.000  0.000 2289.250  314.722    0    0  (Gen:  0)
 28234232      6232  60966488  0.000  0.000 2289.391  314.755    0    0  (Gen:  0)
 24714488      5312  60966080  0.000  0.000 2289.625  314.784    0    0  (Gen:  0)
 26079776      5008  60966192  0.000  0.000 2289.875  314.817    0    0  (Gen:  0)
 26326104      4632  60966168  0.000  0.000 2290.109  314.849    0    0  (Gen:  0)
 25451376      4528  60966480  0.000  0.000 2290.328  314.881    0    0  (Gen:  0)
 22977504      3728  60966064  0.000  0.002 2290.547  314.941    0    0  (Gen:  0)
 18655656      4488  60967216  0.000  0.001 2290.656  314.963    0    0  (Gen:  0)
 19756840      4808  60968168  0.000  0.000 2290.781  314.989    0    0  (Gen:  0)
 23576552      4776  60968664  0.000  0.000 2290.922  315.018    0    0  (Gen:  0)
 24864296      4176  60968744  0.000  0.000 2291.172  315.049    0    0  (Gen:  0)
 27790296      5288  60970272  0.000  0.000 2291.391  315.083    0    0  (Gen:  0)
 24114032      4320  60969720  0.000  0.000 2291.578  315.113    0    0  (Gen:  0)
 27299464      5240  60971024  0.000  0.000 2291.812  315.146    0    0  (Gen:  0)
 25051976      5536  60971768  0.000  0.000 2292.000  315.176    0    0  (Gen:  0)
 24866720      6352  60973000  0.000  0.000 2292.250  315.206    0    0  (Gen:  0)
 26632408      6448  60973512  0.000  0.000 2292.422  315.239    0    0  (Gen:  0)
 25785568      4776  60972352  0.000  0.000 2292.594  315.271    0    0  (Gen:  0)
 25499296      5632  60973592  0.000  0.000 2292.828  315.302    0    0  (Gen:  0)
 27946752      5072  60973512  0.000  0.000 2293.062  315.337    0    0  (Gen:  0)
 28335640      5976  60974848  0.000  0.000 2293.266  315.372    0    0  (Gen:  0)
 24965344      5592  60974944  0.000  0.000 2293.516  315.401    0    0  (Gen:  0)
 26175872      4584  60974352  0.000  0.000 2293.734  315.433    0    0  (Gen:  0)
 28561408      6400  60976616  0.000  0.000 2294.016  315.468    0    0  (Gen:  0)
 25956432      5848  60976624  0.000  0.000 2294.078  315.499    0    0  (Gen:  0)
 25426584      6128  60977320  0.000  0.000 2294.188  315.529    0    0  (Gen:  0)
 17884928      4232  60975840  0.000  0.000 2294.375  315.550    0    0  (Gen:  0)
 19557168      5032  60977072  0.000  0.000 2294.469  315.574    0    0  (Gen:  0)
 20499272      5968  60978544  0.000  0.000 2294.547  315.604    0    0  (Gen:  0)
 22703560      6360  60979824  0.000  0.000 2294.734  315.630    0    0  (Gen:  0)
 20355960  55835592  60890144  0.062  0.037 2294.938  315.692    0    0  (Gen:  1)
 25765016      5608  60889568  0.000  0.000 2295.094  315.723    0    0  (Gen:  0)
 25245680      5600  60890080  0.000  0.000 2295.203  315.754    0    0  (Gen:  0)
 22546328      4320  60889112  0.000  0.000 2295.375  315.781    0    0  (Gen:  0)
 22617704      6760  60891872  0.000  0.000 2295.484  315.807    0    0  (Gen:  0)
 22505464      4800  60890296  0.000  0.000 2295.641  315.835    0    0  (Gen:  0)
 23466848      5152  60891000  0.000  0.000 2295.859  315.863    0    0  (Gen:  0)
 20870008      5744  60892056  0.000  0.000 2295.984  315.887    0    0  (Gen:  0)
 24386680      4632  60891280  0.000  0.000 2296.219  315.916    0    0  (Gen:  0)
 27087552      5920  60893080  0.000  0.000 2296.469  315.949    0    0  (Gen:  0)
 23448728      4416  60892072  0.000  0.000 2296.688  315.977    0    0  (Gen:  0)
 20874952      5440  60893544  0.000  0.000 2296.844  316.002    0    0  (Gen:  0)
 25372016      5776  60894408  0.000  0.000 2297.078  316.032    0    0  (Gen:  0)
 24065520      5304  60894368  0.000  0.000 2297.188  316.060    0    0  (Gen:  0)
 21854456      5136  60894680  0.000  0.000 2297.406  316.085    0    0  (Gen:  0)
 27695280      7296  60897272  0.000  0.000 2297.641  316.118    0    0  (Gen:  0)
 26284880      5304  60895792  0.000  0.000 2297.859  316.150    0    0  (Gen:  0)
 25608952      6296  60897312  0.000  0.000 2298.078  316.180    0    0  (Gen:  0)
 27860120      6088  60897600  0.000  0.000 2298.281  316.214    0    0  (Gen:  0)
 25615600      5024  60896920  0.000  0.000 2298.453  316.244    0    0  (Gen:  0)
 28831016      5840  60898152  0.000  0.000 2298.641  316.278    0    0  (Gen:  0)
 28800928      5536  60898296  0.000  0.000 2299.016  316.313    0    0  (Gen:  0)
 28388592      5616  60898824  0.000  0.000 2299.250  316.347    0    0  (Gen:  0)
 29099360      6400  60899960  0.000  0.000 2299.500  316.381    0    0  (Gen:  0)
 27591328      6584  60933320  0.000  0.000 2299.734  316.413    0    0  (Gen:  0)
 22872448      7360  60901720  0.000  0.000 2299.938  316.440    0    0  (Gen:  0)
 23521184      6800  60902408  0.000  0.000 2300.125  316.469    0    0  (Gen:  0)
 25908016      5800  60902504  0.000  0.000 2300.266  316.500    0    0  (Gen:  0)
 29622784      5240  60935200  0.000  0.000 2300.516  316.534    0    0  (Gen:  0)
 27409576      4808  60935280  0.000  0.000 2300.766  316.566    0    0  (Gen:  0)
 29530056      5072  60936056  0.000  0.000 2301.000  316.600    0    0  (Gen:  0)
 28091640      5920  60937384  0.000  0.000 2301.234  316.633    0    0  (Gen:  0)
 22941360      5736  60937712  0.000  0.000 2301.453  316.660    0    0  (Gen:  0)
 29243808      6040  60938512  0.000  0.000 2301.672  316.695    0    0  (Gen:  0)
 27109728      6152  60939040  0.000  0.000 2301.906  316.727    0    0  (Gen:  0)
 28126952      5688  60939032  0.000  0.000 2302.094  316.760    0    0  (Gen:  0)
 25519512      5072  60938928  0.000  0.000 2302.312  316.790    0    0  (Gen:  0)
 26473680      5024  60939264  0.000  0.000 2302.531  316.821    0    0  (Gen:  0)
 27366032      6072  60940760  0.000  0.000 2302.781  316.854    0    0  (Gen:  0)
 24884544      4224  60939392  0.000  0.000 2303.016  316.883    0    0  (Gen:  0)
 27034312      5304  60940920  0.000  0.000 2303.250  316.917    0    0  (Gen:  0)
 26496624      7424  60943456  0.000  0.000 2303.500  316.949    0    0  (Gen:  0)
 29476320  55776912  60864232  0.016  0.029 2303.781  317.013    0    0  (Gen:  1)
 26639248      5976  60866056  0.000  0.000 2304.031  317.045    0    0  (Gen:  0)
 24599600      4744  60865416  0.000  0.000 2304.234  317.074    0    0  (Gen:  0)
 28604176      5000  60866088  0.000  0.000 2304.469  317.107    0    0  (Gen:  0)
 26571144      7496  60869112  0.000  0.000 2304.844  317.139    0    0  (Gen:  0)
 22808904      4616  60866744  0.000  0.000 2304.906  317.166    0    0  (Gen:  0)
 17909960      5304  60867944  0.000  0.000 2305.078  317.187    0    0  (Gen:  0)
 25094184      5912  60869080  0.000  0.000 2305.266  317.217    0    0  (Gen:  0)
 27191488      5664  60869296  0.000  0.000 2305.484  317.250    0    0  (Gen:  0)
 26108480      5240  60869432  0.000  0.000 2305.734  317.282    0    0  (Gen:  0)
 27510376      4448  60869120  0.000  0.000 2305.969  317.315    0    0  (Gen:  0)
 29486440      4248  60869432  0.000  0.000 2306.141  317.379    0    0  (Gen:  0)
 27509616      5176  60870872  0.000  0.000 2306.359  317.412    0    0  (Gen:  0)
 24061720      4528  60870800  0.000  0.000 2306.562  317.441    0    0  (Gen:  0)
 23302240      5816  60872504  0.000  0.000 2306.781  317.469    0    0  (Gen:  0)
 30275152      4760  60871960  0.000  0.000 2306.922  317.505    0    0  (Gen:  0)
 22944552      6096  60873904  0.000  0.000 2307.172  317.532    0    0  (Gen:  0)
 28140944      4784  60873904  0.000  0.000 2307.422  317.565    0    0  (Gen:  0)
 26364336      3808  60873712  0.000  0.000 2307.672  317.598    0    0  (Gen:  0)
 27770672      4720  60875136  0.000  0.000 2307.922  317.631    0    0  (Gen:  0)
 27223784      6184  60877464  0.000  0.000 2308.141  317.662    0    0  (Gen:  0)
 27247560      4720  60877120  0.000  0.000 2308.344  317.694    0    0  (Gen:  0)
 22032256      4384  60877328  0.000  0.000 2308.531  317.719    0    0  (Gen:  0)
 24723568      5056  60878512  0.000  0.000 2308.719  317.749    0    0  (Gen:  0)
 25467280      5256  60879224  0.000  0.000 2308.844  317.779    0    0  (Gen:  0)
 26047000      5808  60880288  0.000  0.000 2309.062  317.810    0    0  (Gen:  0)
 25451424      5528  60880520  0.000  0.000 2309.234  317.840    0    0  (Gen:  0)
 25095184      5600  60881152  0.000  0.000 2309.453  317.870    0    0  (Gen:  0)
 24184648      5272  60881368  0.000  0.000 2309.625  317.898    0    0  (Gen:  0)
 27056176      4264  60880840  0.000  0.000 2309.812  317.931    0    0  (Gen:  0)
 27344224      3984  60881184  0.000  0.000 2310.062  317.963    0    0  (Gen:  0)
 25555336      4760  60882408  0.000  0.000 2310.219  317.993    0    0  (Gen:  0)
 27369840      4824  60882984  0.000  0.000 2310.391  318.027    0    0  (Gen:  0)
 26470824  55718056  60805376  0.141  0.029 2310.781  318.088    0    0  (Gen:  1)
 24839664      3992  60805248  0.000  0.000 2311.000  318.117    0    0  (Gen:  0)
 29661632      4848  60806616  0.000  0.000 2311.250  318.154    0    0  (Gen:  0)
 22630152      5592  60840664  0.000  0.000 2311.422  318.181    0    0  (Gen:  0)
 28917880      4136  60806896  0.000  0.000 2311.656  318.215    0    0  (Gen:  0)
 27263968      5464  60841544  0.000  0.000 2311.844  318.248    0    0  (Gen:  0)
 27698448      4144  60808008  0.000  0.000 2312.172  318.281    0    0  (Gen:  0)
 29860480      3824  60808200  0.000  0.000 2312.422  318.317    0    0  (Gen:  0)
 22872456      4344  60842088  0.000  0.000 2312.641  318.345    0    0  (Gen:  0)
 28374024      7112  60845240  0.000  0.000 2312.844  318.377    0    0  (Gen:  0)
 25923152      6152  60845400  0.000  0.000 2313.062  318.406    0    0  (Gen:  0)
 27689736      3984  60844336  0.000  0.000 2313.281  318.440    0    0  (Gen:  0)
 20600272      4904  60845848  0.000  0.000 2313.375  318.464    0    0  (Gen:  0)
 26215704      6160  60847536  0.000  0.000 2313.562  318.495    0    0  (Gen:  0)
 26084816      3976  60845880  0.000  0.000 2313.703  318.526    0    0  (Gen:  0)
 25677640      3744  60846160  0.000  0.000 2313.938  318.557    0    0  (Gen:  0)
 23411016      4128  60847056  0.000  0.000 2314.172  318.585    0    0  (Gen:  0)
 22371448      4504  60847920  0.000  0.000 2314.359  318.612    0    0  (Gen:  0)
 24592872      4160  60848104  0.000  0.000 2314.578  318.641    0    0  (Gen:  0)
 20616992      3552  60848024  0.000  0.000 2314.641  318.668    0    0  (Gen:  0)
 21993784      4304  60849128  0.000  0.000 2314.812  318.694    0    0  (Gen:  0)
 19314552      4048  60849448  0.000  0.000 2314.953  318.720    0    0  (Gen:  0)
 23968760      5664  60851528  0.000  0.000 2315.078  318.750    0    0  (Gen:  0)
 28050648      3872  60850152  0.000  0.000 2315.312  318.784    0    0  (Gen:  0)
 26563360      4152  60850944  0.000  0.000 2315.562  318.817    0    0  (Gen:  0)
 25831192      5376  60852776  0.000  0.000 2315.812  318.848    0    0  (Gen:  0)
 26579368      3768  60851648  0.000  0.000 2316.047  318.881    0    0  (Gen:  0)
 24231624      4448  60852872  0.000  0.000 2316.281  318.910    0    0  (Gen:  0)
 20080920      4656  60853656  0.000  0.001 2316.375  318.933    0    0  (Gen:  0)
 22005360      5432  60855488  0.000  0.000 2316.547  318.959    0    0  (Gen:  0)
 19169960      3968  60854976  0.016  0.000 2316.609  318.983    0    0  (Gen:  0)
 23485544      4352  60856072  0.000  0.000 2316.688  319.011    0    0  (Gen:  0)
 24038264      4640  60857232  0.000  0.000 2316.859  319.040    0    0  (Gen:  0)
 25348264      5288  60858424  0.000  0.000 2317.094  319.069    0    0  (Gen:  0)
 26340968      4808  60858424  0.000  0.000 2317.281  319.101    0    0  (Gen:  0)
 24146040      5288  60859416  0.000  0.000 2317.516  319.129    0    0  (Gen:  0)
 23381696      5336  60860008  0.000  0.001 2317.750  319.158    0    0  (Gen:  0)
 21688456      4760  60859880  0.000  0.000 2317.859  319.185    0    0  (Gen:  0)
 27119768      3872  60859488  0.016  0.000 2318.062  319.218    0    0  (Gen:  0)
 25166048      5344  60861536  0.000  0.000 2318.172  319.248    0    0  (Gen:  0)
 25528208      4088  60860808  0.000  0.000 2318.328  319.278    0    0  (Gen:  0)
 28366848      4344  60861544  0.000  0.000 2318.641  319.312    0    0  (Gen:  0)
 24157752      4488  60862264  0.000  0.000 2318.750  319.341    0    0  (Gen:  0)
 24272792      4248  60862472  0.000  0.000 2318.953  319.371    0    0  (Gen:  0)
 26318784  55642896  60762984  0.141  0.029 2319.328  319.432    0    0  (Gen:  1)
 28118848      4536  60763304  0.000  0.000 2319.547  319.466    0    0  (Gen:  0)
 21371448      4784  60764032  0.000  0.000 2319.594  319.493    0    0  (Gen:  0)
 26573336      4448  60796872  0.000  0.000 2319.781  319.526    0    0  (Gen:  0)
 26562552      5352  60798432  0.000  0.000 2320.016  319.558    0    0  (Gen:  0)
 29069920      5408  60798872  0.000  0.000 2320.250  319.592    0    0  (Gen:  0)
 27695360      6720  60800792  0.000  0.000 2320.500  319.625    0    0  (Gen:  0)
 27964944      5376  60799896  0.000  0.000 2320.672  319.658    0    0  (Gen:  0)
 24751152      4792  60799792  0.000  0.000 2320.922  319.687    0    0  (Gen:  0)
 23686912      3904  60799448  0.000  0.009 2321.016  319.746    0    0  (Gen:  0)
 23621944      4136  60800144  0.000  0.000 2321.219  319.773    0    0  (Gen:  0)
 19090952      4384  60800872  0.000  0.000 2321.406  319.797    0    0  (Gen:  0)
 24409696      4768  60801688  0.000  0.000 2321.531  319.825    0    0  (Gen:  0)
 28085744      6496  60804048  0.000  0.000 2321.875  319.860    0    0  (Gen:  0)
 22609728      4552  60802664  0.000  0.000 2321.938  319.887    0    0  (Gen:  0)
 27878536      5376  60803872  0.000  0.000 2322.266  319.921    0    0  (Gen:  0)
 29497824      6136  60805080  0.000  0.000 2322.500  319.957    0    0  (Gen:  0)
 24777352      5472  60804960  0.000  0.000 2322.594  319.988    0    0  (Gen:  0)
 20530992      5520  60805424  0.000  0.000 2322.625  320.013    0    0  (Gen:  0)
 27869392      6656  60807072  0.000  0.000 2322.984  320.046    0    0  (Gen:  0)
 25571560      4568  60805560  0.000  0.000 2323.203  320.078    0    0  (Gen:  0)
 26751848      4440  60805880  0.000  0.000 2323.422  320.110    0    0  (Gen:  0)
 24104896      4976  60806928  0.000  0.000 2323.547  320.139    0    0  (Gen:  0)
 27359768      6040  60808408  0.000  0.000 2323.859  320.171    0    0  (Gen:  0)
 25777776      4992  60807952  0.000  0.000 2324.062  320.201    0    0  (Gen:  0)
 27119576      4216  60807976  0.000  0.000 2324.281  320.233    0    0  (Gen:  0)
 26735136      4848  60809696  0.000  0.000 2324.500  320.266    0    0  (Gen:  0)
 26512184      3552  60808880  0.000  0.000 2324.750  320.298    0    0  (Gen:  0)
 24230056      4120  60809992  0.000  0.000 2324.953  320.328    0    0  (Gen:  0)
 29480288      4512  60810864  0.000  0.000 2325.188  320.365    0    0  (Gen:  0)
 21018864      5208  60812152  0.000  0.000 2325.297  320.391    0    0  (Gen:  0)
 21836560      5360  60813272  0.000  0.000 2325.391  320.417    0    0  (Gen:  0)
 25707776      5384  60814568  0.000  0.000 2325.594  320.448    0    0  (Gen:  0)
 27611744      5192  60814824  0.000  0.000 2325.797  320.482    0    0  (Gen:  0)
 26972768      5592  60815672  0.000  0.000 2326.062  320.514    0    0  (Gen:  0)
 26130776  55588832  60741688  0.031  0.031 2326.344  320.577    0    0  (Gen:  1)
 27562072      4344  60741168  0.000  0.000 2326.578  320.611    0    0  (Gen:  0)
 22438920      4752  60742088  0.000  0.000 2326.703  320.638    0    0  (Gen:  0)
 28403464      6768  60744552  0.000  0.000 2327.062  320.672    0    0  (Gen:  0)
 28316976      4904  60743312  0.000  0.000 2327.312  320.705    0    0  (Gen:  0)
 28402872      4344  60743264  0.000  0.000 2327.531  320.739    0    0  (Gen:  0)
 26796480      6208  60778368  0.000  0.000 2327.734  320.770    0    0  (Gen:  0)
 25791120      4496  60777104  0.000  0.000 2327.891  320.801    0    0  (Gen:  0)
 26271008      4320  60744680  0.000  0.000 2328.125  320.831    0    0  (Gen:  0)
 27171432      6672  60780416  0.000  0.000 2328.344  320.862    0    0  (Gen:  0)
 26779920      4424  60779512  0.000  0.000 2328.594  320.893    0    0  (Gen:  0)
 26926960      5480  60813872  0.000  0.000 2328.797  320.926    0    0  (Gen:  0)
 25070464      5496  60814336  0.000  0.000 2329.016  320.954    0    0  (Gen:  0)
 24180376      5080  60814336  0.000  0.000 2329.234  320.983    0    0  (Gen:  0)
 25617952      6640  60816448  0.000  0.000 2329.312  321.014    0    0  (Gen:  0)
 24928528      5728  60816000  0.000  0.000 2329.547  321.044    0    0  (Gen:  0)
 26433264      4072  60814760  0.000  0.000 2329.797  321.076    0    0  (Gen:  0)
 25772232      5296  60816640  0.000  0.000 2330.031  321.106    0    0  (Gen:  0)
 23082536      4504  60816264  0.000  0.000 2330.203  321.134    0    0  (Gen:  0)
 20807376      4608  60816832  0.000  0.000 2330.406  321.159    0    0  (Gen:  0)
 29097064      3712  60816352  0.000  0.000 2330.656  321.193    0    0  (Gen:  0)
 26757752      4744  60817872  0.000  0.000 2330.828  321.225    0    0  (Gen:  0)
 25199672      4944  60818616  0.000  0.000 2331.000  321.255    0    0  (Gen:  0)
 24649936      5488  60819640  0.000  0.000 2331.250  321.284    0    0  (Gen:  0)
 27954104      4120  60818752  0.000  0.000 2331.500  321.318    0    0  (Gen:  0)
 23768400      3856  60819032  0.000  0.000 2331.688  321.347    0    0  (Gen:  0)
 24925384      6112  60821736  0.000  0.000 2331.906  321.377    0    0  (Gen:  0)
 26277224      4016  60820120  0.000  0.000 2332.109  321.410    0    0  (Gen:  0)
 26197480      5424  60822024  0.000  0.000 2332.328  321.442    0    0  (Gen:  0)
 24038872      5248  60822296  0.000  0.000 2332.562  321.471    0    0  (Gen:  0)
 26855672      4296  60821760  0.000  0.000 2332.719  321.504    0    0  (Gen:  0)
 24581368      4848  60822696  0.000  0.000 2332.875  321.535    0    0  (Gen:  0)
 27283368  55538888  60757280  0.125  0.028 2333.203  321.597    0    0  (Gen:  1)
 27442128      4920  60756768  0.000  0.000 2333.453  321.630    0    0  (Gen:  0)
 27979120      5016  60757360  0.000  0.000 2333.703  321.664    0    0  (Gen:  0)
 29020760      4952  60757712  0.000  0.000 2333.938  321.700    0    0  (Gen:  0)
 30355792      5720  60758928  0.000  0.000 2334.234  321.736    0    0  (Gen:  0)
 21857368      5440  60759192  0.000  0.000 2334.312  321.761    0    0  (Gen:  0)
 24953320      5296  60759464  0.000  0.000 2334.438  321.792    0    0  (Gen:  0)
 27039720      4584  60759264  0.000  0.000 2334.688  321.826    0    0  (Gen:  0)
 26668608      5072  60760168  0.000  0.000 2335.016  321.859    0    0  (Gen:  0)
 29275568      6232  60761744  0.000  0.000 2335.203  321.894    0    0  (Gen:  0)
 21581680      5440  60761464  0.000  0.000 2335.312  321.920    0    0  (Gen:  0)
 27277152      4536  60760912  0.000  0.000 2335.578  321.954    0    0  (Gen:  0)
 22208984      3744  60760584  0.000  0.000 2335.688  321.983    0    0  (Gen:  0)
 19484128      5432  60762624  0.000  0.000 2335.688  322.014    0    0  (Gen:  0)
 22181976      5280  60763136  0.000  0.000 2335.844  322.043    0    0  (Gen:  0)
 21698784      4912  60763536  0.000  0.000 2335.984  322.071    0    0  (Gen:  0)
 22893216      4408  60763480  0.000  0.000 2336.172  322.100    0    0  (Gen:  0)
 21375280      5480  60765528  0.000  0.000 2336.391  322.124    0    0  (Gen:  0)
 27682008      4248  60765384  0.000  0.000 2336.625  322.159    0    0  (Gen:  0)
 26058720      4752  60766432  0.000  0.000 2336.859  322.192    0    0  (Gen:  0)
 23267144      4400  60766592  0.000  0.000 2336.984  322.220    0    0  (Gen:  0)
 25442848      4184  60766792  0.000  0.000 2337.141  322.252    0    0  (Gen:  0)
 27089656      4376  60767400  0.000  0.000 2337.391  322.286    0    0  (Gen:  0)
 24267864      3992  60767592  0.000  0.000 2337.625  322.315    0    0  (Gen:  0)
 26057304      4224  60768272  0.000  0.000 2337.875  322.348    0    0  (Gen:  0)
 29092240      4304  60768800  0.000  0.000 2338.094  322.384    0    0  (Gen:  0)
 22746320      4008  60769016  0.000  0.000 2338.312  322.412    0    0  (Gen:  0)
 27004960      4680  60770168  0.000  0.000 2338.562  322.445    0    0  (Gen:  0)
 25862008      4608  60770576  0.000  0.000 2338.797  322.477    0    0  (Gen:  0)
 25466808      4424  60770936  0.000  0.000 2338.938  322.508    0    0  (Gen:  0)
 18480272      4808  60771800  0.000  0.000 2339.031  322.532    0    0  (Gen:  0)
 25087720      4120  60771528  0.000  0.000 2339.141  322.563    0    0  (Gen:  0)
 25372936      5152  60772992  0.000  0.000 2339.344  322.594    0    0  (Gen:  0)
 24585088      4504  60772824  0.000  0.000 2339.562  322.625    0    0  (Gen:  0)
 27780040      5096  60773864  0.000  0.000 2339.719  322.660    0    0  (Gen:  0)
 30298360      5368  60774520  0.000  0.000 2339.969  322.698    0    0  (Gen:  0)
 27728896      5744  60775376  0.000  0.000 2340.188  322.732    0    0  (Gen:  0)
 23209840      4840  60774952  0.000  0.000 2340.375  322.760    0    0  (Gen:  0)
 23006280  55480480  60698872  0.125  0.035 2340.672  322.822    0    0  (Gen:  1)
 25278144      4616  60699296  0.000  0.000 2340.891  322.853    0    0  (Gen:  0)
 25605120      6216  60701456  0.000  0.000 2341.125  322.884    0    0  (Gen:  0)
 25387048      5640  60701376  0.000  0.000 2341.328  322.914    0    0  (Gen:  0)
 28922856      5208  60701424  0.000  0.000 2341.562  322.949    0    0  (Gen:  0)
 20695952      3848  60700576  0.000  0.000 2341.703  322.974    0    0  (Gen:  0)
 24281888      4176  60701352  0.000  0.000 2341.797  323.005    0    0  (Gen:  0)
 28140616      3936  60701688  0.000  0.000 2342.047  323.039    0    0  (Gen:  0)
 25483344      5696  60703944  0.000  0.000 2342.266  323.071    0    0  (Gen:  0)
 25217760      4080  60702712  0.000  0.000 2342.500  323.103    0    0  (Gen:  0)
 23866664      4688  60703800  0.000  0.000 2342.688  323.134    0    0  (Gen:  0)
 20146960      4560  60704056  0.000  0.000 2342.844  323.159    0    0  (Gen:  0)
 26809064      4704  60704616  0.000  0.000 2343.094  323.193    0    0  (Gen:  0)
 20339128      4024  60704464  0.000  0.000 2343.281  323.218    0    0  (Gen:  0)
 26628352      4720  60705672  0.000  0.000 2343.453  323.249    0    0  (Gen:  0)
 24995856      6880  60708424  0.000  0.000 2343.578  323.278    0    0  (Gen:  0)
 24671296      4360  60707248  0.000  0.000 2343.828  323.309    0    0  (Gen:  0)
 26656072      3856  60707224  0.000  0.000 2344.125  323.344    0    0  (Gen:  0)
 23059448      6312  60710064  0.000  0.000 2344.219  323.371    0    0  (Gen:  0)
 25180544      4968  60709216  0.000  0.000 2344.438  323.402    0    0  (Gen:  0)
 24981624      4912  60709576  0.000  0.000 2344.672  323.433    0    0  (Gen:  0)
 25580728      5048  60710208  0.000  0.000 2344.906  323.464    0    0  (Gen:  0)
 27337168      6336  60712008  0.000  0.000 2345.125  323.497    0    0  (Gen:  0)
 28202440      4456  60710640  0.000  0.000 2345.422  323.532    0    0  (Gen:  0)
 24856064      6008  60712656  0.000  0.000 2345.672  323.562    0    0  (Gen:  0)
 27660312      5960  60713168  0.000  0.000 2345.891  323.595    0    0  (Gen:  0)
 27214384      5176  60712784  0.000  0.000 2346.125  323.628    0    0  (Gen:  0)
 28875624      7008  60715032  0.000  0.000 2346.234  323.662    0    0  (Gen:  0)
 24266320      5744  60714184  0.000  0.000 2346.484  323.691    0    0  (Gen:  0)
 27346984      4832  60713688  0.000  0.000 2346.688  323.723    0    0  (Gen:  0)
 27247520      4784  60714104  0.000  0.000 2346.844  323.756    0    0  (Gen:  0)
 24806576      5352  60747832  0.000  0.000 2347.094  323.784    0    0  (Gen:  0)
 24937568      6680  60749704  0.000  0.000 2347.344  323.814    0    0  (Gen:  0)
 24664424      4912  60715576  0.000  0.000 2347.594  323.842    0    0  (Gen:  0)
 24687616      4976  60748848  0.000  0.000 2347.688  323.871    0    0  (Gen:  0)
 25747760      5464  60749784  0.000  0.000 2347.891  323.900    0    0  (Gen:  0)
 25813104      5664  60750512  0.000  0.000 2348.141  323.931    0    0  (Gen:  0)
 26208904      5968  60751296  0.000  0.000 2348.391  323.961    0    0  (Gen:  0)
 29348480      4768  60750528  0.000  0.000 2348.594  323.995    0    0  (Gen:  0)
 25735832      5744  60752048  0.000  0.000 2348.688  324.026    0    0  (Gen:  0)
 25700360      6312  60752968  0.000  0.000 2348.922  324.057    0    0  (Gen:  0)
 25789728      5768  60752872  0.000  0.000 2349.156  324.087    0    0  (Gen:  0)
 25166984  55421048  60672200  0.141  0.028 2349.531  324.144    0    0  (Gen:  1)
 26723208      4944  60672288  0.000  0.000 2349.781  324.176    0    0  (Gen:  0)
 24982264      6032  60673888  0.000  0.000 2350.016  324.206    0    0  (Gen:  0)
 25187288      7016  60675320  0.000  0.000 2350.109  324.244    0    0  (Gen:  0)
 25283008      5944  60674744  0.000  0.000 2350.266  324.276    0    0  (Gen:  0)
 21226496      5520  60674936  0.000  0.000 2350.438  324.304    0    0  (Gen:  0)
 26921560      4672  60674488  0.000  0.000 2350.672  324.336    0    0  (Gen:  0)
 25650400      4496  60674744  0.000  0.000 2350.906  324.367    0    0  (Gen:  0)
 28538720      5640  60676400  0.000  0.000 2351.125  324.401    0    0  (Gen:  0)
 25697904      5768  60676960  0.000  0.000 2351.312  324.431    0    0  (Gen:  0)
 27947688      6816  60678424  0.000  0.000 2351.547  324.465    0    0  (Gen:  0)
 24356528      5064  60677120  0.000  0.000 2351.766  324.494    0    0  (Gen:  0)
 25676304      5072  60677512  0.000  0.000 2351.938  324.526    0    0  (Gen:  0)
 25161448      4896  60677768  0.000  0.000 2352.172  324.556    0    0  (Gen:  0)
 26627160      4976  60678232  0.000  0.000 2352.422  324.587    0    0  (Gen:  0)
 26426584      5400  60679136  0.000  0.000 2352.641  324.619    0    0  (Gen:  0)
 25152856      5512  60679696  0.000  0.000 2352.859  324.649    0    0  (Gen:  0)
 27737488      5200  60679848  0.000  0.000 2353.094  324.682    0    0  (Gen:  0)
 21420232      6184  60681280  0.000  0.000 2353.297  324.708    0    0  (Gen:  0)
 28218736      5112  60680560  0.000  0.000 2353.484  324.742    0    0  (Gen:  0)
 23346160      4520  60680384  0.000  0.000 2353.609  324.770    0    0  (Gen:  0)
 27304432      5368  60681648  0.000  0.000 2353.859  324.802    0    0  (Gen:  0)
 26039424      4896  60681672  0.000  0.000 2354.109  324.833    0    0  (Gen:  0)
 27672096      4968  60682192  0.000  0.000 2354.312  324.866    0    0  (Gen:  0)
 27916440      5888  60683560  0.000  0.000 2354.500  324.900    0    0  (Gen:  0)
 25811720      5360  60683480  0.000  0.000 2354.750  324.931    0    0  (Gen:  0)
 27369056      4992  60683464  0.000  0.000 2355.000  324.963    0    0  (Gen:  0)
 29281384      5480  60684496  0.000  0.000 2355.250  324.997    0    0  (Gen:  0)
 25001008      5936  60685336  0.000  0.000 2355.422  325.027    0    0  (Gen:  0)
 25071912      5880  60685600  0.000  0.000 2355.672  325.057    0    0  (Gen:  0)
 26658912      5320  60718216  0.000  0.000 2355.891  325.088    0    0  (Gen:  0)
 28123424      5616  60718992  0.000  0.000 2356.125  325.121    0    0  (Gen:  0)
 25803192      4280  60718184  0.000  0.000 2356.344  325.152    0    0  (Gen:  0)
 25596120      5784  60720072  0.000  0.000 2356.516  325.183    0    0  (Gen:  0)
 25119680      5384  60720120  0.000  0.000 2356.766  325.212    0    0  (Gen:  0)
 24097816      5600  60720816  0.000  0.000 2356.906  325.241    0    0  (Gen:  0)
 18573624  55372576  60656496  0.125  0.031 2357.109  325.294    0    0  (Gen:  1)
 29647432      4760  60656536  0.000  0.000 2357.484  325.329    0    0  (Gen:  0)
 23761112      4088  60656344  0.000  0.000 2357.609  325.357    0    0  (Gen:  0)
 27221944      6272  60658976  0.000  0.000 2357.953  325.390    0    0  (Gen:  0)
 23356200      4664  60657824  0.000  0.000 2358.062  325.417    0    0  (Gen:  0)
 22472008      5640  60659280  0.000  0.000 2358.297  325.441    0    0  (Gen:  0)
 27234136      5496  60660384  0.000  0.000 2358.484  325.474    0    0  (Gen:  0)
 25512296      5296  60660824  0.000  0.000 2358.625  325.504    0    0  (Gen:  0)
 26913936      5184  60661064  0.000  0.000 2358.875  325.536    0    0  (Gen:  0)
 26045056      5296  60661688  0.000  0.000 2359.125  325.566    0    0  (Gen:  0)
 21199816      5536  60663048  0.000  0.000 2359.250  325.588    0    0  (Gen:  0)
 25838048      4704  60664008  0.000  0.000 2359.375  325.620    0    0  (Gen:  0)
 27974184      4056  60663888  0.000  0.000 2359.672  325.655    0    0  (Gen:  0)
 24891888      4544  60664824  0.000  0.000 2359.797  325.686    0    0  (Gen:  0)
 22972560      4744  60665408  0.000  0.000 2360.016  325.714    0    0  (Gen:  0)
 25770560      5144  60666128  0.000  0.000 2360.250  325.748    0    0  (Gen:  0)
 24415400      4936  60666336  0.000  0.000 2360.469  325.778    0    0  (Gen:  0)
 22162744      4984  60666880  0.000  0.000 2360.688  325.804    0    0  (Gen:  0)
 27922224      7288  60669552  0.000  0.000 2360.938  325.838    0    0  (Gen:  0)
 24844512      4880  60667736  0.000  0.000 2361.156  325.868    0    0  (Gen:  0)
 28042528      3992  60667200  0.000  0.000 2361.328  325.903    0    0  (Gen:  0)
 26625328      4856  60668512  0.000  0.000 2361.562  325.935    0    0  (Gen:  0)
 30805760      5384  60669456  0.000  0.000 2361.828  325.974    0    0  (Gen:  0)
 28866184      4496  60669176  0.000  0.000 2362.047  326.008    0    0  (Gen:  0)
 29550992      4768  60670008  0.000  0.000 2362.297  326.043    0    0  (Gen:  0)
 30829072      6216  60671936  0.000  0.000 2362.672  326.081    0    0  (Gen:  0)
 27815216      5464  60671664  0.000  0.000 2362.875  326.115    0    0  (Gen:  0)
 24479056      4560  60671144  0.000  0.000 2363.062  326.144    0    0  (Gen:  0)
 24934912      4096  60671096  0.000  0.000 2363.234  326.176    0    0  (Gen:  0)
 26062136      5272  60672720  0.000  0.000 2363.453  326.209    0    0  (Gen:  0)
 26453960      5104  60673064  0.000  0.000 2363.609  326.241    0    0  (Gen:  0)
 28434544      4712  60673200  0.000  0.000 2363.781  326.276    0    0  (Gen:  0)
 25603520      4672  60673704  0.000  0.000 2364.016  326.307    0    0  (Gen:  0)
 29662896      4624  60674072  0.000  0.000 2364.375  326.343    0    0  (Gen:  0)
 22732616      4040  60674000  0.000  0.000 2364.453  326.372    0    0  (Gen:  0)
 26372112      4800  60675208  0.000  0.000 2364.688  326.404    0    0  (Gen:  0)
 26132040      4016  60674904  0.000  0.000 2364.812  326.435    0    0  (Gen:  0)
 28390376  55307832  60591760  0.031  0.031 2365.188  326.501    0    0  (Gen:  1)
 26766808      4264  60592792  0.000  0.000 2365.422  326.534    0    0  (Gen:  0)
 25133248      4208  60593280  0.000  0.000 2365.656  326.564    0    0  (Gen:  0)
 15446400      4504  60594072  0.000  0.000 2365.719  326.612    0    0  (Gen:  0)
 20061080      5104  60594992  0.000  0.000 2365.812  326.636    0    0  (Gen:  0)
 20636672      4728  60595304  0.000  0.000 2365.938  326.661    0    0  (Gen:  0)
 23654600      4224  60595688  0.000  0.000 2366.125  326.690    0    0  (Gen:  0)
 24644080      4352  60596328  0.000  0.000 2366.266  326.720    0    0  (Gen:  0)
 26378856      4376  60596928  0.000  0.000 2366.438  326.752    0    0  (Gen:  0)
 23461824      3904  60597032  0.000  0.000 2366.656  326.780    0    0  (Gen:  0)
 27343512      5112  60598784  0.000  0.000 2366.891  326.812    0    0  (Gen:  0)
 27100728      5000  60599376  0.000  0.000 2367.141  326.844    0    0  (Gen:  0)
 25485712      4520  60599440  0.000  0.000 2367.375  326.874    0    0  (Gen:  0)
 29549688      4656  60600056  0.000  0.000 2367.609  326.910    0    0  (Gen:  0)
 29222376      3848  60599920  0.000  0.000 2367.859  326.945    0    0  (Gen:  0)
 22785304      4064  60600712  0.000  0.000 2368.031  326.972    0    0  (Gen:  0)
 24827800      4024  60601344  0.000  0.000 2368.156  327.002    0    0  (Gen:  0)
 27024080      5512  60603216  0.000  0.000 2368.344  327.034    0    0  (Gen:  0)
 25737328      4872  60603248  0.000  0.000 2368.578  327.065    0    0  (Gen:  0)
 26051608      4720  60603608  0.000  0.000 2368.828  327.096    0    0  (Gen:  0)
 28464264      5448  60604880  0.000  0.000 2369.078  327.130    0    0  (Gen:  0)
 25086672      5480  60605840  0.000  0.000 2369.297  327.158    0    0  (Gen:  0)
 26076496      5120  60606696  0.000  0.000 2369.531  327.188    0    0  (Gen:  0)
 24269184      4408  60606464  0.000  0.000 2369.656  327.216    0    0  (Gen:  0)
 23701768      4712  60607312  0.000  0.000 2369.828  327.245    0    0  (Gen:  0)
 29900800      5192  60608240  0.000  0.000 2370.156  327.280    0    0  (Gen:  0)
 27953280      4808  60608432  0.000  0.000 2370.344  327.314    0    0  (Gen:  0)
 26182376      5120  60609352  0.000  0.000 2370.531  327.344    0    0  (Gen:  0)
 25317120      4336  60609016  0.000  0.000 2370.734  327.374    0    0  (Gen:  0)
 24261376      5040  60610328  0.000  0.000 2370.859  327.403    0    0  (Gen:  0)
 26143920      4648  60610384  0.000  0.000 2371.094  327.435    0    0  (Gen:  0)
 26534888      4944  60611192  0.000  0.000 2371.328  327.466    0    0  (Gen:  0)
 30275184      4416  60611208  0.000  0.000 2371.594  327.502    0    0  (Gen:  0)
 27484576      5672  60613040  0.000  0.000 2371.766  327.535    0    0  (Gen:  0)
 26672704      5016  60612864  0.000  0.000 2372.000  327.566    0    0  (Gen:  0)
 27311304      5184  60613608  0.000  0.000 2372.188  327.598    0    0  (Gen:  0)
 23467696      6136  60614944  0.000  0.000 2372.438  327.626    0    0  (Gen:  0)
 24307248      4576  60613864  0.000  0.000 2372.547  327.655    0    0  (Gen:  0)
 29172360      4576  60614312  0.000  0.000 2372.844  327.689    0    0  (Gen:  0)
 26903248      4736  60614984  0.000  0.000 2373.078  327.721    0    0  (Gen:  0)
 22545416      6232  60616928  0.000  0.000 2373.172  327.747    0    0  (Gen:  0)
 25261432      5568  60616744  0.000  0.000 2373.328  327.776    0    0  (Gen:  0)
 25190624      5496  60617264  0.000  0.000 2373.562  327.805    0    0  (Gen:  0)
 26042856  55235632  60519560  0.125  0.030 2373.859  327.866    0    0  (Gen:  1)
 27698760      7384  60520608  0.000  0.000 2374.078  327.898    0    0  (Gen:  0)
 24595208      5336  60519008  0.000  0.000 2374.297  327.928    0    0  (Gen:  0)
 25502072      4864  60518984  0.000  0.000 2374.547  327.958    0    0  (Gen:  0)
 26041248      7160  60521728  0.000  0.000 2374.766  327.990    0    0  (Gen:  0)
 27390368      4456  60519440  0.000  0.000 2374.938  328.024    0    0  (Gen:  0)
 24485584      5080  60520480  0.000  0.000 2375.188  328.054    0    0  (Gen:  0)
 25539872      4304  60520088  0.000  0.000 2375.438  328.083    0    0  (Gen:  0)
 24818976      4760  60520960  0.000  0.000 2375.672  328.113    0    0  (Gen:  0)
 21577048      4744  60521328  0.000  0.000 2375.828  328.139    0    0  (Gen:  0)
 27666872      5400  60522336  0.000  0.000 2376.016  328.172    0    0  (Gen:  0)
 22309072      5432  60522880  0.000  0.000 2376.078  328.199    0    0  (Gen:  0)
 25624160      4856  60522688  0.000  0.000 2376.297  328.229    0    0  (Gen:  0)
 27492512      4416  60522664  0.000  0.000 2376.469  328.261    0    0  (Gen:  0)
 24925488      6800  60525464  0.000  0.000 2376.688  328.291    0    0  (Gen:  0)
 26588280      4864  60523944  0.000  0.000 2376.938  328.323    0    0  (Gen:  0)
 23381416      4360  60524032  0.000  0.000 2377.156  328.351    0    0  (Gen:  0)
 27492192      4512  60524600  0.000  0.000 2377.391  328.383    0    0  (Gen:  0)
 23159256      4512  60525112  0.000  0.000 2377.547  328.410    0    0  (Gen:  0)
 27368960      4272  60525352  0.000  0.000 2377.797  328.442    0    0  (Gen:  0)
 28671848      7848  60529552  0.000  0.000 2378.000  328.477    0    0  (Gen:  0)
 25321680      5680  60527864  0.000  0.000 2378.156  328.508    0    0  (Gen:  0)
 24100328      5096  60527728  0.000  0.000 2378.328  328.537    0    0  (Gen:  0)
 25059784      5712  60528952  0.000  0.000 2378.500  328.566    0    0  (Gen:  0)
 23863888      5576  60530224  0.000  0.000 2378.734  328.595    0    0  (Gen:  0)
 26390432      5152  60530328  0.000  0.000 2378.969  328.627    0    0  (Gen:  0)
 27515744      4376  60530048  0.000  0.000 2379.172  328.661    0    0  (Gen:  0)
 28175144      4664  60530816  0.000  0.000 2379.422  328.695    0    0  (Gen:  0)
 22259144      3832  60530528  0.000  0.000 2379.672  328.722    0    0  (Gen:  0)
 23525304      4960  60532136  0.000  0.000 2379.844  328.750    0    0  (Gen:  0)
 27528712      4264  60531888  0.000  0.000 2380.094  328.783    0    0  (Gen:  0)
 25996320  55185592  60469520  0.062  0.033 2380.375  328.847    0    0  (Gen:  1)
 26706176      4968  60469600  0.000  0.000 2380.547  328.880    0    0  (Gen:  0)
 25060416      4912  60469992  0.000  0.000 2380.781  328.909    0    0  (Gen:  0)
 18285056      4976  60470472  0.000  0.010 2380.891  328.966    0    0  (Gen:  0)
 24458944      5416  60471600  0.000  0.000 2381.047  328.995    0    0  (Gen:  0)
 22917400      4352  60471664  0.000  0.000 2381.203  329.023    0    0  (Gen:  0)
 18793760      4968  60472728  0.000  0.000 2381.297  329.046    0    0  (Gen:  0)
 20460528      5600  60474120  0.000  0.000 2381.406  329.072    0    0  (Gen:  0)
 25441992      4552  60474152  0.000  0.000 2381.625  329.102    0    0  (Gen:  0)
 25225768      5304  60475464  0.000  0.000 2381.844  329.132    0    0  (Gen:  0)
 24476584      5544  60476216  0.000  0.000 2382.047  329.161    0    0  (Gen:  0)
 24811000      4392  60475512  0.000  0.000 2382.281  329.190    0    0  (Gen:  0)
 23988776      4512  60476048  0.000  0.000 2382.500  329.218    0    0  (Gen:  0)
 24940464      5576  60477592  0.000  0.000 2382.578  329.248    0    0  (Gen:  0)
 24480496      3928  60476456  0.000  0.000 2382.703  329.278    0    0  (Gen:  0)
 25332200      4368  60477408  0.000  0.000 2382.844  329.309    0    0  (Gen:  0)
 25852432      4032  60477664  0.000  0.000 2383.094  329.340    0    0  (Gen:  0)
 26442144      4616  60478728  0.000  0.000 2383.250  329.371    0    0  (Gen:  0)
 25579040      5568  60480224  0.000  0.000 2383.484  329.402    0    0  (Gen:  0)
 29642800      5256  60480456  0.000  0.000 2383.781  329.437    0    0  (Gen:  0)
 26108256      4152  60479928  0.000  0.000 2383.953  329.468    0    0  (Gen:  0)
 24075528      4960  60481248  0.000  0.000 2384.078  329.497    0    0  (Gen:  0)
 25402824      5824  60482672  0.000  0.000 2384.234  329.528    0    0  (Gen:  0)
 28178848      5416  60482776  0.000  0.000 2384.594  329.562    0    0  (Gen:  0)
 25987256      5832  60483672  0.000  0.000 2384.703  329.592    0    0  (Gen:  0)
 19898176      4256  60482608  0.000  0.000 2384.906  329.616    0    0  (Gen:  0)
 24283456      4664  60483464  0.000  0.000 2385.125  329.645    0    0  (Gen:  0)
 25417400      5992  60485400  0.000  0.000 2385.344  329.675    0    0  (Gen:  0)
 24954616      5024  60484880  0.000  0.000 2385.594  329.705    0    0  (Gen:  0)
 26755904      4432  60484704  0.000  0.000 2385.812  329.737    0    0  (Gen:  0)
 26469320      5504  60486304  0.000  0.000 2386.000  329.769    0    0  (Gen:  0)
 25662144      5632  60519640  0.000  0.000 2386.250  329.799    0    0  (Gen:  0)
 23956872      5760  60520216  0.000  0.000 2386.406  329.829    0    0  (Gen:  0)
 28587208      4664  60519504  0.000  0.000 2386.625  329.862    0    0  (Gen:  0)
 26041352      4960  60520280  0.000  0.000 2386.781  329.892    0    0  (Gen:  0)
 22958592      6544  60522280  0.000  0.000 2386.859  329.919    0    0  (Gen:  0)
 25709824      4880  60520968  0.000  0.000 2387.109  329.949    0    0  (Gen:  0)
 26314136      6600  60523072  0.000  0.000 2387.266  329.980    0    0  (Gen:  0)
 22520024      4568  60521904  0.000  0.000 2387.375  330.006    0    0  (Gen:  0)
 23239712      5768  60524104  0.000  0.000 2387.609  330.034    0    0  (Gen:  0)
 25085696  55126064  60442752  0.047  0.029 2387.891  330.095    0    0  (Gen:  1)
 27424280      5000  60441280  0.000  0.000 2388.125  330.128    0    0  (Gen:  0)
 22872752      6568  60443264  0.000  0.000 2388.312  330.156    0    0  (Gen:  0)
 22955104      5016  60442112  0.000  0.000 2388.422  330.183    0    0  (Gen:  0)
 26376640      4408  60441888  0.000  0.000 2388.609  330.215    0    0  (Gen:  0)
 25969488      4624  60442640  0.000  0.000 2388.781  330.246    0    0  (Gen:  0)
 22998832      5528  60443928  0.000  0.000 2388.922  330.273    0    0  (Gen:  0)
 23245928      5680  60445072  0.000  0.000 2389.141  330.300    0    0  (Gen:  0)
 26887096      4096  60444384  0.000  0.000 2389.375  330.333    0    0  (Gen:  0)
 23580800      3464  60444312  0.000  0.000 2389.609  330.363    0    0  (Gen:  0)
 25454392      4336  60445600  0.000  0.000 2389.859  330.395    0    0  (Gen:  0)
 24380080      4368  60446112  0.000  0.000 2390.078  330.425    0    0  (Gen:  0)
 24752272      3688  60445912  0.000  0.000 2390.328  330.455    0    0  (Gen:  0)
 25437856      4792  60447480  0.000  0.000 2390.562  330.486    0    0  (Gen:  0)
 27713944      4984  60448088  0.000  0.000 2390.734  330.520    0    0  (Gen:  0)
 24407624      4096  60447680  0.000  0.000 2390.953  330.550    0    0  (Gen:  0)
 24183240      4312  60448344  0.000  0.000 2391.188  330.580    0    0  (Gen:  0)
 25636712      4056  60448568  0.000  0.000 2391.422  330.612    0    0  (Gen:  0)
 27389496      4024  60448984  0.000  0.000 2391.656  330.645    0    0  (Gen:  0)
 22105024      4096  60449568  0.000  0.000 2391.844  330.672    0    0  (Gen:  0)
 28480376      3992  60449880  0.000  0.000 2392.062  330.707    0    0  (Gen:  0)
 23661488      4632  60451048  0.000  0.000 2392.297  330.736    0    0  (Gen:  0)
 26160168      3976  60450872  0.000  0.000 2392.500  330.769    0    0  (Gen:  0)
 24165304      4336  60451680  0.000  0.000 2392.688  330.799    0    0  (Gen:  0)
 23960680      5016  60452872  0.000  0.000 2392.938  330.829    0    0  (Gen:  0)
 24842664      4864  60453216  0.000  0.000 2393.109  330.860    0    0  (Gen:  0)
 27202768      4320  60453152  0.000  0.000 2393.328  330.893    0    0  (Gen:  0)
 26653512      4056  60453432  0.000  0.000 2393.500  330.926    0    0  (Gen:  0)
 24754296      4960  60454784  0.000  0.000 2393.734  330.956    0    0  (Gen:  0)
 24226104      4232  60454504  0.000  0.000 2393.875  330.986    0    0  (Gen:  0)
 30146368      4864  60455552  0.000  0.000 2394.062  331.024    0    0  (Gen:  0)
 24476128      5448  60456792  0.000  0.000 2394.297  331.053    0    0  (Gen:  0)
 25241064      4312  60456136  0.000  0.000 2394.547  331.084    0    0  (Gen:  0)
 27874424      5312  60457616  0.000  0.000 2394.781  331.119    0    0  (Gen:  0)
 25529208      5200  60458048  0.000  0.000 2394.922  331.150    0    0  (Gen:  0)
 26379880      3960  60457288  0.000  0.000 2395.078  331.183    0    0  (Gen:  0)
 25721480      4224  60458064  0.000  0.000 2395.266  331.214    0    0  (Gen:  0)
 27089368      4200  60458552  0.000  0.000 2395.469  331.248    0    0  (Gen:  0)
 20606608      4368  60459232  0.000  0.002 2395.625  331.294    0    0  (Gen:  0)
  8754424      4328  60459640  0.000  0.000 2395.641  331.310    0    0  (Gen:  0)
 23245200      4256  60460016  0.000  0.000 2395.828  331.340    0    0  (Gen:  0)
 21606112  55061728  60378424  0.141  0.028 2396.156  331.395    0    0  (Gen:  1)
 25988632      5344  60379544  0.000  0.000 2396.375  331.428    0    0  (Gen:  0)
 25833104      4840  60379456  0.000  0.000 2396.562  331.460    0    0  (Gen:  0)
 28362440      5880  60380912  0.000  0.000 2396.766  331.494    0    0  (Gen:  0)
 26654808      4840  60380384  0.000  0.000 2396.969  331.526    0    0  (Gen:  0)
 25348592      5464  60381360  0.000  0.000 2397.172  331.557    0    0  (Gen:  0)
 26794240      4560  60380872  0.000  0.000 2397.422  331.589    0    0  (Gen:  0)
 25865864      4576  60381304  0.000  0.000 2397.656  331.620    0    0  (Gen:  0)
 25822424      5520  60382600  0.000  0.000 2397.828  331.652    0    0  (Gen:  0)
 22858240      5312  60382840  0.000  0.000 2398.047  331.679    0    0  (Gen:  0)
 27587416      5104  60383048  0.000  0.000 2398.281  331.712    0    0  (Gen:  0)
 22960560      4664  60383168  0.000  0.000 2398.500  331.740    0    0  (Gen:  0)
 28417936      5312  60384168  0.000  0.000 2398.703  331.775    0    0  (Gen:  0)
 27629848      5208  60384448  0.000  0.000 2398.938  331.809    0    0  (Gen:  0)
 22509736      5144  60384896  0.000  0.000 2399.172  331.835    0    0  (Gen:  0)
 25823448      5288  60385392  0.000  0.000 2399.328  331.867    0    0  (Gen:  0)
 22231776      4096  60384648  0.000  0.000 2399.500  331.894    0    0  (Gen:  0)
 26165872      6752  60387688  0.000  0.000 2399.672  331.925    0    0  (Gen:  0)
 26172616      5008  60386536  0.000  0.000 2399.875  331.957    0    0  (Gen:  0)
 25075880      5504  60387416  0.000  0.000 2400.109  331.988    0    0  (Gen:  0)
 26491944      6768  60389096  0.000  0.000 2400.297  332.020    0    0  (Gen:  0)
 29751624      5432  60388208  0.000  0.000 2400.547  332.056    0    0  (Gen:  0)
 23593184      6176  60389432  0.000  0.000 2400.797  332.085    0    0  (Gen:  0)
 20539360      4992  60388696  0.000  0.000 2400.922  332.110    0    0  (Gen:  0)
 22502328      5552  60389768  0.000  0.000 2401.047  332.135    0    0  (Gen:  0)
 23633800      5800  60391216  0.000  0.000 2401.172  332.166    0    0  (Gen:  0)
 26470840      5864  60391984  0.000  0.000 2401.359  332.198    0    0  (Gen:  0)
 26808936      4232  60390880  0.000  0.000 2401.578  332.232    0    0  (Gen:  0)
 25356672      5720  60392784  0.000  0.000 2401.750  332.263    0    0  (Gen:  0)
 25438072      4888  60392464  0.000  0.000 2401.969  332.294    0    0  (Gen:  0)
 23512424      5968  60393928  0.000  0.000 2402.203  332.323    0    0  (Gen:  0)
 22708432      4192  60392600  0.000  0.000 2402.406  332.352    0    0  (Gen:  0)
 26261976      6584  60395488  0.000  0.000 2402.625  332.383    0    0  (Gen:  0)
 21181440      5040  60394360  0.000  0.000 2402.750  332.407    0    0  (Gen:  0)
 26382648      5544  60395280  0.000  0.000 2402.984  332.439    0    0  (Gen:  0)
 24649728      4184  60394480  0.000  0.000 2403.203  332.468    0    0  (Gen:  0)
 25875600  55008968  60325664  0.016  0.029 2403.391  332.528    0    0  (Gen:  1)
 24910216      4560  60325736  0.000  0.000 2403.641  332.558    0    0  (Gen:  0)
 23565016      4976  60326632  0.000  0.000 2403.859  332.587    0    0  (Gen:  0)
 24559576      5664  60327784  0.000  0.000 2404.094  332.616    0    0  (Gen:  0)
 27577344      6792  60329328  0.000  0.000 2404.297  332.650    0    0  (Gen:  0)
 29551144      5768  60328784  0.000  0.000 2404.578  332.686    0    0  (Gen:  0)
 25795000      6896  60330440  0.000  0.000 2404.641  332.716    0    0  (Gen:  0)
 27201368      6072  60330032  0.047  0.000 2404.844  332.748    0    0  (Gen:  0)
 25192184      5824  60330136  0.000  0.000 2404.953  332.777    0    0  (Gen:  0)
 24576048      7080  60331808  0.000  0.000 2405.156  332.807    0    0  (Gen:  0)
 20456184      6776  60331936  0.000  0.000 2405.359  332.829    0    0  (Gen:  0)
 23037624      6968  60333216  0.000  0.000 2405.469  332.855    0    0  (Gen:  0)
 18444216      5600  60332424  0.000  0.000 2405.625  332.877    0    0  (Gen:  0)
 25451672      5424  60332712  0.000  0.000 2405.812  332.908    0    0  (Gen:  0)
 27511256      5632  60333352  0.000  0.000 2406.062  332.942    0    0  (Gen:  0)
 26941088      5968  60334184  0.000  0.000 2406.250  332.974    0    0  (Gen:  0)
 25981104      5704  60334368  0.000  0.000 2406.422  333.006    0    0  (Gen:  0)
 27381560      4360  60333440  0.000  0.000 2406.672  333.039    0    0  (Gen:  0)
 26919152      5224  60334736  0.000  0.000 2406.922  333.071    0    0  (Gen:  0)
 22140936      4192  60334184  0.000  0.000 2407.141  333.099    0    0  (Gen:  0)
 27120904      4704  60335080  0.000  0.000 2407.281  333.135    0    0  (Gen:  0)
 23653720      5912  60336736  0.000  0.000 2407.453  333.162    0    0  (Gen:  0)
 23664360      5176  60337520  0.000  0.000 2407.625  333.189    0    0  (Gen:  0)
 21485032      5176  60338080  0.000  0.000 2407.719  333.216    0    0  (Gen:  0)
 21759256      4720  60338040  0.000  0.000 2407.859  333.244    0    0  (Gen:  0)
 22807208      5192  60338976  0.000  0.000 2408.016  333.271    0    0  (Gen:  0)
 25433064      4304  60338552  0.000  0.000 2408.219  333.303    0    0  (Gen:  0)
 22476760      4760  60339456  0.000  0.000 2408.422  333.331    0    0  (Gen:  0)
 26458728      5296  60340456  0.000  0.000 2408.641  333.363    0    0  (Gen:  0)
 29964120      4408  60340032  0.000  0.000 2408.875  333.399    0    0  (Gen:  0)
 26597824      4616  60340784  0.000  0.000 2409.078  333.432    0    0  (Gen:  0)
 24639512      5448  60342000  0.000  0.000 2409.250  333.463    0    0  (Gen:  0)
 24846664      5424  60342360  0.000  0.000 2409.453  333.493    0    0  (Gen:  0)
 26029616      6896  60344360  0.000  0.000 2409.578  333.525    0    0  (Gen:  0)
 28343888      5424  60343352  0.000  0.000 2409.812  333.559    0    0  (Gen:  0)
 24818496  54957072  60273768  0.141  0.037 2410.172  333.626    0    0  (Gen:  1)
 21445488      5808  60275296  0.000  0.016 2410.266  333.680    0    0  (Gen:  0)
 26626880      4968  60276008  0.000  0.000 2410.438  333.713    0    0  (Gen:  0)
 24756688      4736  60277272  0.000  0.000 2410.641  333.743    0    0  (Gen:  0)
 27560456      4136  60277024  0.000  0.000 2410.797  333.778    0    0  (Gen:  0)
 22312456      4520  60277888  0.000  0.000 2410.953  333.806    0    0  (Gen:  0)
 28275496      4616  60278480  0.000  0.000 2411.172  333.841    0    0  (Gen:  0)
 27066152      5536  60279896  0.000  0.000 2411.484  333.875    0    0  (Gen:  0)
 25198176      4488  60279264  0.000  0.000 2411.641  333.906    0    0  (Gen:  0)
 28242272      3848  60279072  0.000  0.000 2411.859  333.940    0    0  (Gen:  0)
 29471624      5816  60281552  0.000  0.000 2412.062  333.977    0    0  (Gen:  0)
 24389440      4752  60281016  0.000  0.000 2412.219  334.006    0    0  (Gen:  0)
 25795976      4272  60280920  0.000  0.000 2412.438  334.038    0    0  (Gen:  0)
 26051712      4392  60281424  0.000  0.000 2412.688  334.070    0    0  (Gen:  0)
 28071528      4104  60281648  0.000  0.000 2412.844  334.104    0    0  (Gen:  0)
 25545904      3800  60281792  0.000  0.000 2412.969  334.135    0    0  (Gen:  0)
 28508552      5048  60283456  0.000  0.000 2413.312  334.170    0    0  (Gen:  0)
 23848904      4976  60283864  0.000  0.000 2413.438  334.200    0    0  (Gen:  0)
 19533488      3936  60283176  0.000  0.000 2413.594  334.223    0    0  (Gen:  0)
 25135800      4808  60284464  0.000  0.000 2413.797  334.255    0    0  (Gen:  0)
 24185976      4512  60284632  0.000  0.000 2413.984  334.283    0    0  (Gen:  0)
 24943704      4296  60284832  0.000  0.000 2414.203  334.313    0    0  (Gen:  0)
 24376832      5504  60286392  0.000  0.000 2414.406  334.342    0    0  (Gen:  0)
 22811248      5688  60287376  0.000  0.000 2414.453  334.370    0    0  (Gen:  0)
 25753112      4472  60287608  0.000  0.000 2414.641  334.401    0    0  (Gen:  0)
 21862032      3888  60287552  0.000  0.000 2414.828  334.427    0    0  (Gen:  0)
 26986072      6032  60290208  0.000  0.000 2415.047  334.458    0    0  (Gen:  0)
 26849400      4584  60289256  0.000  0.000 2415.203  334.489    0    0  (Gen:  0)
 24265344      6784  60291872  0.000  0.000 2415.375  334.518    0    0  (Gen:  0)
 26391088      5424  60290992  0.000  0.000 2415.625  334.549    0    0  (Gen:  0)
 23305008      4416  60290432  0.000  0.000 2415.797  334.577    0    0  (Gen:  0)
 24846992      4184  60290584  0.000  0.000 2415.922  334.606    0    0  (Gen:  0)
 26254280      4664  60291576  0.000  0.000 2416.125  334.637    0    0  (Gen:  0)
 25523608      6560  60294000  0.000  0.000 2416.250  334.668    0    0  (Gen:  0)
 27448648      4736  60292656  0.000  0.000 2416.609  334.702    0    0  (Gen:  0)
 24563712      5696  60294032  0.000  0.000 2416.719  334.730    0    0  (Gen:  0)
 22314056      6040  60294792  0.000  0.000 2416.859  334.756    0    0  (Gen:  0)
 20663184      6168  60295336  0.000  0.000 2417.047  334.781    0    0  (Gen:  0)
 25877512  54901944  60218640  0.031  0.035 2417.281  334.847    0    0  (Gen:  1)
 25338032      5408  60219672  0.000  0.000 2417.531  334.877    0    0  (Gen:  0)
 24865392      5400  60220080  0.000  0.000 2417.625  334.907    0    0  (Gen:  0)
 24277312      5720  60220784  0.000  0.000 2417.734  334.939    0    0  (Gen:  0)
 25757344      4304  60219848  0.000  0.000 2417.938  334.970    0    0  (Gen:  0)
 26673320      5824  60221864  0.000  0.000 2418.094  335.002    0    0  (Gen:  0)
 25097168      5848  60222432  0.000  0.000 2418.312  335.031    0    0  (Gen:  0)
 25966320      4632  60221632  0.000  0.000 2418.547  335.062    0    0  (Gen:  0)
 26657264      5472  60222984  0.000  0.000 2418.781  335.094    0    0  (Gen:  0)
 21026408      6568  60224640  0.000  0.000 2418.906  335.117    0    0  (Gen:  0)
 22949704      6040  60225488  0.000  0.000 2419.062  335.146    0    0  (Gen:  0)
 27635600      5248  60225096  0.000  0.000 2419.297  335.179    0    0  (Gen:  0)
 25272904      5120  60225480  0.000  0.000 2419.531  335.209    0    0  (Gen:  0)
 22553880      4392  60225200  0.000  0.000 2419.688  335.235    0    0  (Gen:  0)
 24924416      4928  60226184  0.000  0.000 2419.859  335.264    0    0  (Gen:  0)
 29539232      5360  60227112  0.000  0.000 2420.078  335.301    0    0  (Gen:  0)
 25538176      5648  60227816  0.000  0.000 2420.312  335.331    0    0  (Gen:  0)
 21674608      5352  60228000  0.000  0.000 2420.438  335.356    0    0  (Gen:  0)
 22314528      3872  60226936  0.000  0.000 2420.641  335.383    0    0  (Gen:  0)
 24123336      4784  60228312  0.000  0.000 2420.875  335.412    0    0  (Gen:  0)
 22209360      4120  60228096  0.000  0.000 2421.094  335.440    0    0  (Gen:  0)
 25985768      5088  60229576  0.000  0.000 2421.312  335.471    0    0  (Gen:  0)
 24998576      4304  60229240  0.000  0.000 2421.438  335.500    0    0  (Gen:  0)
 27601184      4816  60230264  0.000  0.000 2421.688  335.532    0    0  (Gen:  0)
 18865680      4832  60230840  0.000  0.000 2421.766  335.554    0    0  (Gen:  0)
 21169704      4224  60230680  0.000  0.000 2421.906  335.579    0    0  (Gen:  0)
 25300152      5000  60231920  0.000  0.000 2422.125  335.609    0    0  (Gen:  0)
 27663744      4376  60231856  0.000  0.000 2422.281  335.641    0    0  (Gen:  0)
 24075560      5072  60233064  0.000  0.000 2422.375  335.669    0    0  (Gen:  0)
 26153488      5552  60234024  0.000  0.000 2422.609  335.700    0    0  (Gen:  0)
 25145288      4048  60233064  0.000  0.000 2422.844  335.729    0    0  (Gen:  0)
 23180216      4728  60234256  0.000  0.000 2422.984  335.756    0    0  (Gen:  0)
 25190720      3944  60233952  0.000  0.000 2423.203  335.784    0    0  (Gen:  0)
 26736264      4512  60235096  0.000  0.000 2423.453  335.815    0    0  (Gen:  0)
 25941328      4456  60235712  0.000  0.000 2423.672  335.844    0    0  (Gen:  0)
 27546760      5448  60237280  0.000  0.000 2423.906  335.876    0    0  (Gen:  0)
 27840192      5408  60237880  0.000  0.000 2424.141  335.908    0    0  (Gen:  0)
 24324576      5008  60238216  0.000  0.000 2424.375  335.937    0    0  (Gen:  0)
 27056904      4312  60238064  0.000  0.000 2424.609  335.968    0    0  (Gen:  0)
 26749824  54838280  60154976  0.016  0.031 2424.766  336.029    0    0  (Gen:  1)
 24698232      4528  60154936  0.000  0.000 2425.000  336.059    0    0  (Gen:  0)
 27831184      6752  60157512  0.000  0.000 2425.234  336.092    0    0  (Gen:  0)
 22870992      5552  60156792  0.000  0.001 2425.438  336.138    0    0  (Gen:  0)
 20444264      5240  60156928  0.000  0.000 2425.562  336.163    0    0  (Gen:  0)
 21796096      7136  60159240  0.000  0.000 2425.734  336.189    0    0  (Gen:  0)
 23016688      5600  60158136  0.000  0.000 2425.844  336.216    0    0  (Gen:  0)
 22160936      4896  60157816  0.000  0.000 2426.000  336.242    0    0  (Gen:  0)
 25389968      6200  60159600  0.000  0.000 2426.156  336.271    0    0  (Gen:  0)
 23261112      5744  60159608  0.000  0.000 2426.359  336.298    0    0  (Gen:  0)
 25271992      5016  60159360  0.000  0.001 2426.562  336.329    0    0  (Gen:  0)
 27851920      4960  60159752  0.000  0.000 2426.766  336.362    0    0  (Gen:  0)
 22285432      5312  60160584  0.016  0.000 2426.922  336.388    0    0  (Gen:  0)
 29211160      5280  60161000  0.000  0.000 2427.094  336.424    0    0  (Gen:  0)
 28544768      5784  60162016  0.000  0.000 2427.266  336.458    0    0  (Gen:  0)
 23705992      5320  60162064  0.000  0.000 2427.516  336.487    0    0  (Gen:  0)
 23669368      5656  60162816  0.000  0.000 2427.688  336.516    0    0  (Gen:  0)
 26742168      4704  60162280  0.000  0.000 2427.922  336.547    0    0  (Gen:  0)
 30808184      4872  60162896  0.000  0.000 2428.125  336.584    0    0  (Gen:  0)
 26236040      4632  60163264  0.000  0.000 2428.375  336.616    0    0  (Gen:  0)
 27411096      4888  60164096  0.000  0.000 2428.578  336.649    0    0  (Gen:  0)
 24199400      6632  60166384  0.000  0.000 2428.781  336.678    0    0  (Gen:  0)
 24538048      4664  60164896  0.000  0.000 2429.016  336.708    0    0  (Gen:  0)
 24465840      4864  60165688  0.000  0.000 2429.250  336.737    0    0  (Gen:  0)
 21486824      4448  60165800  0.000  0.000 2429.328  336.762    0    0  (Gen:  0)
 26728720      5792  60167560  0.000  0.000 2429.531  336.793    0    0  (Gen:  0)
 24034096      4160  60166472  0.000  0.000 2429.750  336.821    0    0  (Gen:  0)
 25794576      5024  60167752  0.000  0.000 2430.000  336.851    0    0  (Gen:  0)
 21751632      5592  60168832  0.000  0.000 2430.203  336.876    0    0  (Gen:  0)
 25117096      4512  60168136  0.000  0.000 2430.391  336.905    0    0  (Gen:  0)
 22888416      4472  60168576  0.000  0.000 2430.484  336.932    0    0  (Gen:  0)
 24288224      4544  60169064  0.000  0.000 2430.734  336.961    0    0  (Gen:  0)
 26467816      4800  60169768  0.000  0.000 2430.922  336.992    0    0  (Gen:  0)
 25605144      5048  60170496  0.000  0.000 2431.141  337.022    0    0  (Gen:  0)
 22753280      5008  60170904  0.000  0.000 2431.375  337.049    0    0  (Gen:  0)
 27960584      4808  60171184  0.000  0.000 2431.625  337.082    0    0  (Gen:  0)
 29020488      6936  60173840  0.000  0.000 2431.875  337.116    0    0  (Gen:  0)
 23168144      5704  60173120  0.000  0.000 2432.094  337.142    0    0  (Gen:  0)
 25317848      5128  60173840  0.000  0.000 2432.266  337.172    0    0  (Gen:  0)
 22969760      4632  60174048  0.000  0.000 2432.328  337.200    0    0  (Gen:  0)
 28747064  54777176  60093872  0.031  0.030 2432.672  337.264    0    0  (Gen:  1)
 23430704      5160  60093144  0.000  0.000 2432.781  337.292    0    0  (Gen:  0)
 23644800      5776  60094112  0.000  0.000 2433.031  337.320    0    0  (Gen:  0)
 21336080      4152  60092936  0.000  0.000 2433.250  337.345    0    0  (Gen:  0)
 22401584      4800  60094128  0.000  0.000 2433.359  337.371    0    0  (Gen:  0)
 22362488      4544  60094384  0.000  0.000 2433.562  337.398    0    0  (Gen:  0)
 28440136      4512  60094816  0.000  0.000 2433.812  337.432    0    0  (Gen:  0)
 26289768      4376  60095176  0.000  0.000 2434.031  337.465    0    0  (Gen:  0)
 23630584      3968  60095216  0.000  0.000 2434.250  337.493    0    0  (Gen:  0)
 24917656      4792  60096456  0.000  0.000 2434.406  337.523    0    0  (Gen:  0)
 25952456      5008  60097152  0.000  0.000 2434.625  337.554    0    0  (Gen:  0)
 18127544      6520  60099080  0.000  0.000 2434.734  337.574    0    0  (Gen:  0)
 26416096      6192  60100272  0.000  0.000 2434.938  337.606    0    0  (Gen:  0)
 27200064      4888  60100240  0.000  0.000 2435.281  337.639    0    0  (Gen:  0)
 25298848      3912  60099776  0.000  0.000 2435.438  337.671    0    0  (Gen:  0)
 24855688      4400  60100680  0.000  0.000 2435.562  337.702    0    0  (Gen:  0)
 24865792      5760  60102456  0.000  0.000 2435.734  337.732    0    0  (Gen:  0)
 26779224      4672  60134512  0.000  0.000 2436.016  337.764    0    0  (Gen:  0)
 25451232      5224  60135416  0.000  0.000 2436.125  337.794    0    0  (Gen:  0)
 23913312      5552  60136256  0.000  0.000 2436.344  337.823    0    0  (Gen:  0)
 22242400      4096  60135184  0.000  0.000 2436.484  337.849    0    0  (Gen:  0)
 26513736      4880  60136352  0.000  0.000 2436.734  337.881    0    0  (Gen:  0)
 25376328      3704  60135560  0.000  0.000 2436.906  337.912    0    0  (Gen:  0)
 25249200      6208  60138480  0.000  0.000 2437.109  337.942    0    0  (Gen:  0)
 25552072      4112  60136832  0.000  0.000 2437.312  337.973    0    0  (Gen:  0)
 24371768      5376  60138512  0.000  0.000 2437.469  338.003    0    0  (Gen:  0)
 26007208      4672  60138256  0.000  0.000 2437.703  338.034    0    0  (Gen:  0)
 25424752      4400  60138528  0.000  0.000 2437.938  338.065    0    0  (Gen:  0)
 27187848      4840  60139352  0.000  0.000 2438.141  338.098    0    0  (Gen:  0)
 23230840      5664  60140632  0.000  0.000 2438.312  338.126    0    0  (Gen:  0)
 20038016      5392  60140776  0.000  0.000 2438.406  338.150    0    0  (Gen:  0)
 26514624      5024  60140792  0.000  0.000 2438.594  338.182    0    0  (Gen:  0)
 26760160      4656  60140952  0.000  0.000 2438.797  338.215    0    0  (Gen:  0)
 28041088  54728088  60077552  0.031  0.067 2439.078  338.316    0    0  (Gen:  1)
 22904896      4752  60076864  0.000  0.002 2439.266  338.347    0    0  (Gen:  0)
 24889664      5112  60078344  0.000  0.000 2439.469  338.378    0    0  (Gen:  0)
 24232720      3984  60078664  0.000  0.000 2439.641  338.408    0    0  (Gen:  0)
 26738376      4976  60080072  0.000  0.000 2439.859  338.441    0    0  (Gen:  0)
 24602768      4872  60080480  0.000  0.000 2440.078  338.471    0    0  (Gen:  0)
 25451656      5120  60081272  0.000  0.000 2440.250  338.502    0    0  (Gen:  0)
 27819896      4192  60080888  0.000  0.000 2440.469  338.536    0    0  (Gen:  0)
 26670464      4392  60081632  0.000  0.000 2440.688  338.569    0    0  (Gen:  0)
 24658968      4080  60081800  0.000  0.000 2440.891  338.599    0    0  (Gen:  0)
 27417832      4080  60082216  0.000  0.000 2441.109  338.632    0    0  (Gen:  0)
 25206616      4992  60083608  0.000  0.000 2441.250  338.662    0    0  (Gen:  0)
 23459832      4848  60083912  0.000  0.000 2441.500  338.691    0    0  (Gen:  0)
 24589624      4400  60083848  0.000  0.000 2441.750  338.720    0    0  (Gen:  0)
 24926144      6256  60086088  0.000  0.000 2441.953  338.751    0    0  (Gen:  0)
 27310632      6712  60086960  0.000  0.000 2442.172  338.784    0    0  (Gen:  0)
 21650424      5712  60086376  0.000  0.000 2442.391  338.811    0    0  (Gen:  0)
 23398880      4744  60085856  0.000  0.000 2442.516  338.840    0    0  (Gen:  0)
 26853848      4776  60086368  0.000  0.000 2442.750  338.874    0    0  (Gen:  0)
 21282912      4640  60086712  0.000  0.000 2442.859  338.900    0    0  (Gen:  0)
 25331688      4352  60086776  0.000  0.000 2443.062  338.931    0    0  (Gen:  0)
 27446312      5360  60088136  0.000  0.000 2443.297  338.965    0    0  (Gen:  0)
 21501232      6368  60089624  0.000  0.000 2443.500  338.991    0    0  (Gen:  0)
 24380616      4120  60087824  0.000  0.000 2443.719  339.019    0    0  (Gen:  0)
 27049592      5688  60090000  0.000  0.000 2443.953  339.051    0    0  (Gen:  0)
 22829736      5232  60090072  0.000  0.000 2444.172  339.079    0    0  (Gen:  0)
 25971264      4136  60089408  0.000  0.000 2444.422  339.111    0    0  (Gen:  0)
 27190016      3616  60089368  0.000  0.000 2444.656  339.144    0    0  (Gen:  0)
 25314576      6304  60092584  0.000  0.000 2444.875  339.175    0    0  (Gen:  0)
 20023320      4960  60091592  0.000  0.000 2444.984  339.199    0    0  (Gen:  0)
 24787472      4808  60091856  0.000  0.000 2445.219  339.229    0    0  (Gen:  0)
 25632464      5464  60092976  0.000  0.000 2445.438  339.260    0    0  (Gen:  0)
 27529072      4264  60092224  0.000  0.000 2445.641  339.293    0    0  (Gen:  0)
 28271544      4648  60093120  0.000  0.000 2445.969  339.327    0    0  (Gen:  0)
 21026192      4048  60092976  0.000  0.000 2446.078  339.352    0    0  (Gen:  0)
 24533096      5032  60094880  0.000  0.000 2446.266  339.382    0    0  (Gen:  0)
 27013864      6376  60097320  0.000  0.000 2446.453  339.415    0    0  (Gen:  0)
 27943968  54676152  60025616  0.125  0.028 2446.812  339.477    0    0  (Gen:  1)
 26894072      4464  60025712  0.000  0.000 2446.969  339.509    0    0  (Gen:  0)
 28979912      4504  60026264  0.000  0.000 2447.203  339.544    0    0  (Gen:  0)
 26606952      4744  60026984  0.000  0.000 2447.406  339.576    0    0  (Gen:  0)
 28009320      5624  60028376  0.000  0.000 2447.734  339.610    0    0  (Gen:  0)
 26963504      4440  60027688  0.000  0.000 2447.953  339.641    0    0  (Gen:  0)
 24446592      4808  60028600  0.000  0.000 2448.047  339.670    0    0  (Gen:  0)
 25361912      4736  60029056  0.000  0.000 2448.266  339.699    0    0  (Gen:  0)
 28177856      4976  60029792  0.000  0.000 2448.594  339.734    0    0  (Gen:  0)
 24359600      7232  60032496  0.000  0.000 2448.656  339.762    0    0  (Gen:  0)
 30030720      5216  60030832  0.000  0.000 2449.000  339.798    0    0  (Gen:  0)
 27823336      5328  60031488  0.000  0.000 2449.234  339.832    0    0  (Gen:  0)
 27442064      4624  60031296  0.000  0.000 2449.469  339.865    0    0  (Gen:  0)
 27134256      5080  60032264  0.000  0.000 2449.594  339.897    0    0  (Gen:  0)
 22730528      6824  60034488  0.000  0.000 2449.812  339.924    0    0  (Gen:  0)
 27716416      4384  60032608  0.000  0.000 2450.062  339.957    0    0  (Gen:  0)
 24268936      6264  60035016  0.000  0.000 2450.312  339.985    0    0  (Gen:  0)
 24130896      5864  60035064  0.000  0.000 2450.500  340.014    0    0  (Gen:  0)
 23597296      5824  60035440  0.000  0.000 2450.625  340.042    0    0  (Gen:  0)
 21395560      6688  60037136  0.000  0.000 2450.859  340.067    0    0  (Gen:  0)
 20885728      4336  60035776  0.000  0.000 2450.969  340.091    0    0  (Gen:  0)
 25045504      4840  60036744  0.000  0.000 2451.141  340.123    0    0  (Gen:  0)
 22400808      7032  60039560  0.000  0.000 2451.344  340.149    0    0  (Gen:  0)
 27534648      5104  60038960  0.000  0.000 2451.594  340.183    0    0  (Gen:  0)
 26427928      5920  60040272  0.000  0.000 2451.797  340.215    0    0  (Gen:  0)
 27344632      6616  60041384  0.000  0.000 2452.094  340.249    0    0  (Gen:  0)
 25417464      4736  60039920  0.000  0.000 2452.328  340.280    0    0  (Gen:  0)
 23678080      5104  60040704  0.000  0.000 2452.453  340.310    0    0  (Gen:  0)
 22621512      5424  60041440  0.000  0.000 2452.641  340.337    0    0  (Gen:  0)
 23817912      4600  60041176  0.000  0.000 2452.891  340.366    0    0  (Gen:  0)
 24422576      4752  60041808  0.000  0.000 2453.062  340.396    0    0  (Gen:  0)
 28134328      4224  60041728  0.000  0.000 2453.266  340.430    0    0  (Gen:  0)
 24711008      4024  60042024  0.000  0.000 2453.500  340.461    0    0  (Gen:  0)
 16795416      4208  60042624  0.000  0.000 2453.656  340.507    0    0  (Gen:  0)
 24652600      5536  60044272  0.000  0.000 2453.859  340.536    0    0  (Gen:  0)
 15876824      4416  60043680  0.000  0.000 2453.891  340.557    0    0  (Gen:  0)
 23775048      4128  60043888  0.000  0.000 2454.047  340.585    0    0  (Gen:  0)
 23415536      4848  60045168  0.000  0.000 2454.266  340.616    0    0  (Gen:  0)
 27907936      4840  60045576  0.000  0.000 2454.422  340.650    0    0  (Gen:  0)
 25867944      3992  60045272  0.000  0.000 2454.656  340.682    0    0  (Gen:  0)
 27188680      4592  60046320  0.000  0.000 2454.891  340.716    0    0  (Gen:  0)
 24850216      4344  60046584  0.000  0.000 2455.125  340.746    0    0  (Gen:  0)
 28183712      4840  60047592  0.000  0.000 2455.438  340.781    0    0  (Gen:  0)
  9684144  54611336  59993560  0.094  0.031 2455.531  340.824    0    0  (Gen:  1)
 28481600      5216  59961696  0.000  0.000 2455.875  340.860    0    0  (Gen:  0)
 25445504      4656  59995232  0.000  0.000 2456.094  340.891    0    0  (Gen:  0)
 24874936      4704  59995760  0.016  0.000 2456.234  340.920    0    0  (Gen:  0)
 28027880      5048  59996520  0.000  0.000 2456.484  340.954    0    0  (Gen:  0)
 26630848      4384  59996272  0.000  0.000 2456.656  340.987    0    0  (Gen:  0)
 28398520      4184  59996616  0.000  0.000 2456.844  341.020    0    0  (Gen:  0)
 25060048      4224  59997168  0.000  0.000 2457.078  341.050    0    0  (Gen:  0)
 29406568      4496  59997888  0.000  0.000 2457.312  341.086    0    0  (Gen:  0)
 27636808      4448  59998352  0.000  0.000 2457.562  341.120    0    0  (Gen:  0)
 23332560      4736  59999120  0.000  0.000 2457.719  341.148    0    0  (Gen:  0)
 21151592      5624  60000456  0.000  0.000 2457.891  341.174    0    0  (Gen:  0)
 23440560      4816  60000088  0.000  0.000 2458.078  341.203    0    0  (Gen:  0)
 24828872      5736  60034216  0.000  0.000 2458.234  341.233    0    0  (Gen:  0)
 27522056      4400  60033384  0.000  0.000 2458.422  341.267    0    0  (Gen:  0)
 27391328      5240  60034608  0.000  0.000 2458.641  341.299    0    0  (Gen:  0)
 28663928      5000  60035712  0.000  0.000 2458.891  341.334    0    0  (Gen:  0)
 27985816      4408  60035792  0.000  0.000 2459.125  341.369    0    0  (Gen:  0)
 29374072      4504  60036592  0.000  0.000 2459.484  341.404    0    0  (Gen:  0)
 23498848      4544  60037944  0.000  0.000 2459.562  341.433    0    0  (Gen:  0)
 28452776      4992  60038872  0.000  0.000 2459.922  341.469    0    0  (Gen:  0)
 27686984      3840  60038168  0.000  0.000 2460.031  341.504    0    0  (Gen:  0)
 24981912      4792  60039664  0.000  0.000 2460.250  341.537    0    0  (Gen:  0)
 22066848      4064  60039352  0.000  0.000 2460.453  341.564    0    0  (Gen:  0)
 20628936      4304  60040072  0.000  0.000 2460.547  341.590    0    0  (Gen:  0)
 23286584      4304  60040568  0.000  0.000 2460.766  341.619    0    0  (Gen:  0)
 23812136      5896  60042640  0.000  0.000 2461.000  341.648    0    0  (Gen:  0)
 25327128      4424  60041584  0.000  0.000 2461.219  341.680    0    0  (Gen:  0)
 25698720      4584  60042192  0.000  0.000 2461.469  341.710    0    0  (Gen:  0)
 21367384      4464  60042520  0.000  0.000 2461.688  341.736    0    0  (Gen:  0)
 22208704      4304  60042840  0.000  0.000 2461.750  341.763    0    0  (Gen:  0)
 25164568      5696  60044696  0.000  0.000 2461.891  341.792    0    0  (Gen:  0)
 20784232      8912  60048736  0.000  0.000 2462.094  341.821    0    0  (Gen:  0)
 28713016      5016  60046192  0.000  0.000 2462.344  341.855    0    0  (Gen:  0)
 26391560      6544  60081296  0.000  0.000 2462.562  341.885    0    0  (Gen:  0)
 26404440      5032  60048240  0.000  0.000 2462.703  341.917    0    0  (Gen:  0)
 23587696      6960  60050760  0.000  0.000 2462.875  341.945    0    0  (Gen:  0)
 21578712      5384  60049712  0.000  0.000 2463.062  341.971    0    0  (Gen:  0)
 23645800  54547768  59930000  0.016  0.028 2463.219  342.028    0    0  (Gen:  1)
 31168264      4632  59961344  0.000  0.000 2463.578  342.066    0    0  (Gen:  0)
 26570080      4704  59961960  0.000  0.000 2463.812  342.097    0    0  (Gen:  0)
 26925464      4288  59961960  0.000  0.000 2464.016  342.130    0    0  (Gen:  0)
 24823224      5424  59963608  0.000  0.000 2464.219  342.159    0    0  (Gen:  0)
 24000584      4160  59995584  0.000  0.000 2464.453  342.187    0    0  (Gen:  0)
 26881800      4216  59996120  0.000  0.000 2464.688  342.220    0    0  (Gen:  0)
 28551120      4984  59997336  0.000  0.000 2464.844  342.253    0    0  (Gen:  0)
 27717448      4952  59997720  0.000  0.000 2465.062  342.285    0    0  (Gen:  0)
 28599888      4136  59997472  0.000  0.000 2465.266  342.320    0    0  (Gen:  0)
 26531416      5496  59999352  0.000  0.000 2465.469  342.351    0    0  (Gen:  0)
 27546264      5344  59999648  0.000  0.000 2465.719  342.385    0    0  (Gen:  0)
 26629560      4032  59998752  0.000  0.000 2465.906  342.416    0    0  (Gen:  0)
 23652104      5440  60000608  0.000  0.000 2466.125  342.444    0    0  (Gen:  0)
 21603384      4208  59999824  0.000  0.000 2466.344  342.470    0    0  (Gen:  0)
 24223768      4304  60000352  0.000  0.004 2466.453  342.532    0    0  (Gen:  0)
 28509160      6056  60002552  0.000  0.000 2466.641  342.566    0    0  (Gen:  0)
 16699736      6104  60003096  0.000  0.000 2466.719  342.586    0    0  (Gen:  0)
 27462136      4840  60002216  0.000  0.000 2466.922  342.620    0    0  (Gen:  0)
 22917400      6472  60004328  0.000  0.000 2467.062  342.648    0    0  (Gen:  0)
 28728912      5152  60003456  0.000  0.000 2467.234  342.682    0    0  (Gen:  0)
 29051456      4552  60003320  0.000  0.000 2467.469  342.716    0    0  (Gen:  0)
 26635256      4896  60004208  0.000  0.000 2467.719  342.748    0    0  (Gen:  0)
 28863368      4416  60004192  0.000  0.000 2467.922  342.783    0    0  (Gen:  0)
 29330784      5264  60005520  0.000  0.000 2468.156  342.818    0    0  (Gen:  0)
 22730544      5784  60006552  0.000  0.000 2468.344  342.845    0    0  (Gen:  0)
 27565144      4408  60005592  0.000  0.000 2468.594  342.878    0    0  (Gen:  0)
 25881360      5312  60006960  0.000  0.000 2468.828  342.908    0    0  (Gen:  0)
 23342976      4976  60007040  0.000  0.000 2469.031  342.937    0    0  (Gen:  0)
 25330400      6168  60008616  0.000  0.000 2469.141  342.967    0    0  (Gen:  0)
 24405320      4880  60007824  0.000  0.000 2469.297  342.996    0    0  (Gen:  0)
 24720520      5104  60008448  0.000  0.000 2469.422  343.026    0    0  (Gen:  0)
 24991352      5088  60008816  0.000  0.000 2469.609  343.054    0    0  (Gen:  0)
 26630904      5040  60009664  0.000  0.000 2469.844  343.085    0    0  (Gen:  0)
 26161984      5192  60010760  0.000  0.000 2470.031  343.116    0    0  (Gen:  0)
 23112200      5200  60011312  0.000  0.000 2470.266  343.145    0    0  (Gen:  0)
 25679944      4800  60011360  0.000  0.000 2470.500  343.176    0    0  (Gen:  0)
 25321584      4528  60011584  0.000  0.000 2470.688  343.206    0    0  (Gen:  0)
 27109768  54491920  59939688  0.094  0.031 2471.000  343.269    0    0  (Gen:  1)
 27388832      5176  59940024  0.000  0.000 2471.234  343.302    0    0  (Gen:  0)
 28263512      5584  59940880  0.000  0.000 2471.438  343.336    0    0  (Gen:  0)
 29126136      4920  59940696  0.000  0.000 2471.688  343.371    0    0  (Gen:  0)
 25582568      5744  59941936  0.000  0.000 2471.938  343.402    0    0  (Gen:  0)
 26566712      6104  59942648  0.000  0.000 2472.156  343.434    0    0  (Gen:  0)
 23274616      4064  59941152  0.000  0.000 2472.344  343.462    0    0  (Gen:  0)
 23150920      5568  59943072  0.000  0.000 2472.516  343.489    0    0  (Gen:  0)
 25092624      4256  59942272  0.000  0.000 2472.703  343.519    0    0  (Gen:  0)
 28459000      4792  59943256  0.000  0.000 2472.938  343.553    0    0  (Gen:  0)
 29122672      4568  59943480  0.000  0.000 2473.156  343.587    0    0  (Gen:  0)
 23402912      6448  59945872  0.000  0.000 2473.375  343.615    0    0  (Gen:  0)
 28603168      5616  59945456  0.000  0.000 2473.594  343.649    0    0  (Gen:  0)
 28565576      5288  59945672  0.000  0.000 2473.750  343.683    0    0  (Gen:  0)
 25932176      4616  59945576  0.000  0.000 2474.000  343.714    0    0  (Gen:  0)
 22922888      5280  59946768  0.000  0.000 2474.203  343.741    0    0  (Gen:  0)
 23716952      4488  59946424  0.000  0.000 2474.406  343.770    0    0  (Gen:  0)
 24912896      5096  59947592  0.000  0.000 2474.594  343.799    0    0  (Gen:  0)
 25652656      4544  59947568  0.000  0.000 2474.844  343.830    0    0  (Gen:  0)
 25497240      4824  59948392  0.000  0.000 2475.094  343.860    0    0  (Gen:  0)
 26400888      4552  59948568  0.000  0.000 2475.266  343.891    0    0  (Gen:  0)
 25535072      5568  59950160  0.000  0.000 2475.484  343.921    0    0  (Gen:  0)
 23748312      5016  59950056  0.000  0.000 2475.531  343.951    0    0  (Gen:  0)
 21565272      5488  59950912  0.000  0.000 2475.625  343.977    0    0  (Gen:  0)
 27233192      5368  59951336  0.000  0.000 2475.750  344.009    0    0  (Gen:  0)
 27426520      5984  59952592  0.000  0.000 2475.969  344.041    0    0  (Gen:  0)
 28297272      5680  59952800  0.000  0.000 2476.219  344.074    0    0  (Gen:  0)
 24448232      5584  59953344  0.000  0.000 2476.469  344.103    0    0  (Gen:  0)
 27531488      4392  59952696  0.000  0.000 2476.672  344.135    0    0  (Gen:  0)
 24265616      5208  59954104  0.000  0.000 2476.859  344.164    0    0  (Gen:  0)
 24006176      4840  59954120  0.000  0.000 2477.094  344.192    0    0  (Gen:  0)
 25509048      5752  59955480  0.000  0.000 2477.344  344.222    0    0  (Gen:  0)
 27798536      4840  59954984  0.000  0.000 2477.516  344.255    0    0  (Gen:  0)
 27268232      5360  59955920  0.000  0.000 2477.719  344.288    0    0  (Gen:  0)
 26298424      4544  59955584  0.000  0.000 2477.969  344.320    0    0  (Gen:  0)
 23638768      4560  59955984  0.000  0.000 2478.172  344.348    0    0  (Gen:  0)
 25993376      5040  59956912  0.000  0.000 2478.422  344.380    0    0  (Gen:  0)
 25046520      4160  59956528  0.000  0.000 2478.594  344.409    0    0  (Gen:  0)
 24670584  54436160  59883928  0.016  0.027 2478.812  344.467    0    0  (Gen:  1)
 28537800      4848  59883776  0.000  0.000 2478.938  344.502    0    0  (Gen:  0)
 26307456      4464  59883904  0.000  0.000 2479.094  344.534    0    0  (Gen:  0)
 28841792      5088  59885072  0.000  0.000 2479.297  344.568    0    0  (Gen:  0)
 27430208      5608  59886104  0.000  0.000 2479.547  344.601    0    0  (Gen:  0)
 25824512      5896  59886776  0.000  0.000 2479.797  344.632    0    0  (Gen:  0)
 25335688      5024  59886288  0.000  0.000 2480.031  344.662    0    0  (Gen:  0)
 25728920      5040  59919576  0.000  0.000 2480.172  344.694    0    0  (Gen:  0)
 20331048      4592  59919576  0.000  0.000 2480.266  344.744    0    0  (Gen:  0)
 21476712      4744  59920208  0.000  0.000 2480.453  344.768    0    0  (Gen:  0)
 19035648      5376  59921528  0.000  0.001 2480.516  344.790    0    0  (Gen:  0)
 25991440      4688  59921968  0.000  0.000 2480.719  344.820    0    0  (Gen:  0)
 25778808      6952  59924616  0.000  0.000 2480.906  344.850    0    0  (Gen:  0)
 27061240      4672  59922784  0.000  0.000 2481.125  344.882    0    0  (Gen:  0)
 28299080      5056  59923648  0.000  0.000 2481.375  344.915    0    0  (Gen:  0)
 24776696      5096  59924264  0.000  0.000 2481.594  344.943    0    0  (Gen:  0)
 26890472      5096  59924880  0.000  0.000 2481.797  344.974    0    0  (Gen:  0)
 27896184      5120  59925352  0.000  0.000 2481.969  345.006    0    0  (Gen:  0)
 27501416      3976  59924848  0.000  0.000 2482.188  345.037    0    0  (Gen:  0)
 26909760      6528  59928008  0.000  0.000 2482.422  345.067    0    0  (Gen:  0)
 26847016      4728  59926848  0.000  0.000 2482.656  345.098    0    0  (Gen:  0)
 26127856      5216  59927992  0.000  0.000 2482.891  345.129    0    0  (Gen:  0)
 24175992      3728  59927048  0.000  0.000 2483.125  345.157    0    0  (Gen:  0)
 26962848      4704  59928504  0.000  0.000 2483.359  345.190    0    0  (Gen:  0)
 27180488      4632  59928912  0.000  0.000 2483.609  345.222    0    0  (Gen:  0)
 23101528      4576  59929368  0.000  0.000 2483.750  345.249    0    0  (Gen:  0)
 27110104      6272  59931448  0.000  0.000 2483.984  345.281    0    0  (Gen:  0)
 27967784      4600  59930352  0.000  0.000 2484.234  345.313    0    0  (Gen:  0)
 26000048      5688  59932048  0.000  0.000 2484.469  345.343    0    0  (Gen:  0)
 29184480      4040  59930912  0.000  0.000 2484.703  345.377    0    0  (Gen:  0)
 22165856      4816  59932264  0.000  0.000 2484.828  345.403    0    0  (Gen:  0)
 24826048      5264  59933576  0.000  0.000 2484.984  345.430    0    0  (Gen:  0)
 26701712      4928  59934328  0.000  0.000 2485.234  345.462    0    0  (Gen:  0)
 23492304      4408  59934480  0.000  0.000 2485.422  345.490    0    0  (Gen:  0)
 26268456      4536  59935088  0.000  0.000 2485.625  345.521    0    0  (Gen:  0)
 26133288      5312  59936280  0.000  0.000 2485.859  345.553    0    0  (Gen:  0)
 26634280      4768  59936248  0.000  0.000 2486.047  345.585    0    0  (Gen:  0)
 24277432      4840  59936928  0.000  0.000 2486.297  345.616    0    0  (Gen:  0)
 24999368      5712  59938184  0.000  0.000 2486.516  345.646    0    0  (Gen:  0)
 27858208      5392  59938376  0.000  0.000 2486.750  345.680    0    0  (Gen:  0)
 25087280      4488  59937888  0.000  0.000 2487.000  345.710    0    0  (Gen:  0)
 25983016      4544  59938328  0.000  0.000 2487.188  345.742    0    0  (Gen:  0)
 27227160      5640  59939872  0.000  0.000 2487.375  345.775    0    0  (Gen:  0)
 25811904  54360368  59840904  0.125  0.028 2487.625  345.834    0    0  (Gen:  1)
 23536224      6880  59843560  0.000  0.000 2487.844  345.862    0    0  (Gen:  0)
 23066904      5904  59843128  0.000  0.000 2488.078  345.889    0    0  (Gen:  0)
 24853928      4368  59842120  0.000  0.000 2488.203  345.920    0    0  (Gen:  0)
 25323872      5376  59843656  0.000  0.000 2488.422  345.950    0    0  (Gen:  0)
 20004160      4832  59843496  0.000  0.000 2488.625  345.973    0    0  (Gen:  0)
 21846392      4064  59843112  0.000  0.001 2488.781  346.001    0    0  (Gen:  0)
 28696176      5304  59844816  0.000  0.000 2489.000  346.036    0    0  (Gen:  0)
 27142800      4488  59844560  0.000  0.000 2489.219  346.069    0    0  (Gen:  0)
 25290224      4320  59844808  0.000  0.000 2489.469  346.100    0    0  (Gen:  0)
 27230712      6616  59847552  0.000  0.000 2489.703  346.134    0    0  (Gen:  0)
 26273512      4784  59846104  0.000  0.000 2489.906  346.166    0    0  (Gen:  0)
 21852128      5000  59846736  0.000  0.000 2490.031  346.193    0    0  (Gen:  0)
 24479888      4544  59846632  0.000  0.000 2490.266  346.223    0    0  (Gen:  0)
 23590896      3952  59846424  0.000  0.000 2490.438  346.252    0    0  (Gen:  0)
 22301448      5816  59848736  0.000  0.000 2490.547  346.280    0    0  (Gen:  0)
 27416392      4432  59847768  0.000  0.000 2490.750  346.314    0    0  (Gen:  0)
 22895312      5248  59849000  0.000  0.000 2490.875  346.341    0    0  (Gen:  0)
 25003136      4088  59848320  0.031  0.000 2491.094  346.373    0    0  (Gen:  0)
 29064912      4640  59849448  0.000  0.000 2491.250  346.409    0    0  (Gen:  0)
 25154120      4064  59849400  0.000  0.000 2491.484  346.439    0    0  (Gen:  0)
 22383400      4008  59849728  0.000  0.000 2491.547  346.466    0    0  (Gen:  0)
 25128520      3664  59849800  0.000  0.000 2491.781  346.498    0    0  (Gen:  0)
 25711512      4800  59851384  0.000  0.000 2492.016  346.530    0    0  (Gen:  0)
 25620128      4144  59851112  0.000  0.000 2492.234  346.561    0    0  (Gen:  0)
 27883176      5712  59853160  0.000  0.000 2492.484  346.596    0    0  (Gen:  0)
 27415952      4248  59852272  0.000  0.000 2492.719  346.630    0    0  (Gen:  0)
 25668368      5192  59853664  0.000  0.000 2492.953  346.662    0    0  (Gen:  0)
 26398544      4664  59853680  0.000  0.000 2493.188  346.694    0    0  (Gen:  0)
 29758712      4160  59853576  0.000  0.000 2493.406  346.730    0    0  (Gen:  0)
 29797280      4640  59854664  0.000  0.000 2493.656  346.767    0    0  (Gen:  0)
 26097296      4792  59855360  0.000  0.000 2493.906  346.800    0    0  (Gen:  0)
 26504952      4320  59855336  0.000  0.000 2494.141  346.832    0    0  (Gen:  0)
 26417080      4256  59855752  0.000  0.000 2494.391  346.866    0    0  (Gen:  0)
 22469448      3768  59855712  0.000  0.000 2494.594  346.892    0    0  (Gen:  0)
 23905528  54311800  59792336  0.016  0.027 2494.812  346.947    0    0  (Gen:  1)
 24695960      4432  59791920  0.000  0.000 2495.047  346.977    0    0  (Gen:  0)
 28282944      5344  59793344  0.000  0.000 2495.203  347.012    0    0  (Gen:  0)
 27150848      5352  59793864  0.000  0.000 2495.422  347.045    0    0  (Gen:  0)
 22679176      4320  59793440  0.000  0.019 2495.609  347.107    0    0  (Gen:  0)
 26322352      5120  59794592  0.016  0.000 2495.750  347.139    0    0  (Gen:  0)
 21676056      3968  59793920  0.000  0.000 2495.875  347.167    0    0  (Gen:  0)
 25979280      4304  59794640  0.000  0.000 2496.031  347.198    0    0  (Gen:  0)
 27340792      6312  59797128  0.000  0.000 2496.266  347.231    0    0  (Gen:  0)
 25037168      4216  59795512  0.000  0.000 2496.438  347.262    0    0  (Gen:  0)
 24074704      4704  59796544  0.000  0.000 2496.641  347.291    0    0  (Gen:  0)
 24165496      5152  59797376  0.000  0.000 2496.828  347.320    0    0  (Gen:  0)
 27765768      4720  59797392  0.000  0.000 2497.078  347.354    0    0  (Gen:  0)
 25323792      4688  59797856  0.000  0.000 2497.328  347.384    0    0  (Gen:  0)
 26000408      6192  59799680  0.000  0.000 2497.578  347.415    0    0  (Gen:  0)
 25428368      5488  59799456  0.000  0.000 2497.781  347.447    0    0  (Gen:  0)
 28596000      6752  59801136  0.000  0.000 2498.031  347.482    0    0  (Gen:  0)
 26809216      5912  59800776  0.000  0.000 2498.125  347.513    0    0  (Gen:  0)
 28567512      5600  59801488  0.000  0.000 2498.453  347.547    0    0  (Gen:  0)
 25838936      6528  59803312  0.000  0.000 2498.594  347.578    0    0  (Gen:  0)
 26062848      5752  59803016  0.000  0.000 2498.812  347.610    0    0  (Gen:  0)
 20391816      5784  59803464  0.000  0.000 2498.891  347.637    0    0  (Gen:  0)
 28684656      5696  59803728  0.000  0.000 2499.203  347.672    0    0  (Gen:  0)
 25466144      5568  59803984  0.000  0.000 2499.453  347.704    0    0  (Gen:  0)
 24948792      4400  59803264  0.000  0.000 2499.625  347.735    0    0  (Gen:  0)
 25214288      5224  59804440  0.000  0.000 2499.812  347.765    0    0  (Gen:  0)
 26538664      6624  59806224  0.000  0.000 2500.047  347.798    0    0  (Gen:  0)
 25623704      4864  59804912  0.000  0.000 2500.250  347.830    0    0  (Gen:  0)
 24591336      4464  59804976  0.000  0.000 2500.438  347.860    0    0  (Gen:  0)
 25840488      4384  59805312  0.000  0.000 2500.656  347.892    0    0  (Gen:  0)
 21058568      4192  59805616  0.000  0.000 2500.750  347.917    0    0  (Gen:  0)
 25358704      5296  59807120  0.000  0.000 2500.984  347.948    0    0  (Gen:  0)
 27951888      4848  59807152  0.000  0.000 2501.234  347.982    0    0  (Gen:  0)
 21041112      5840  59808608  0.000  0.000 2501.422  348.007    0    0  (Gen:  0)
 23801192      5368  59808456  0.000  0.000 2501.625  348.036    0    0  (Gen:  0)
 25385800      5488  59808992  0.000  0.000 2501.828  348.066    0    0  (Gen:  0)
 21486328  54260600  59741136  0.016  0.028 2502.000  348.120    0    0  (Gen:  1)
 25550456      6128  59742528  0.000  0.000 2502.234  348.152    0    0  (Gen:  0)
 24870832      5392  59742432  0.000  0.000 2502.328  348.182    0    0  (Gen:  0)
 26759472      6432  59743888  0.000  0.000 2502.547  348.214    0    0  (Gen:  0)
 24725016      5192  59743128  0.000  0.000 2502.734  348.243    0    0  (Gen:  0)
 26895296      7320  59745704  0.000  0.000 2502.938  348.275    0    0  (Gen:  0)
 28861792      4936  59743800  0.000  0.000 2503.188  348.310    0    0  (Gen:  0)
 24639784      7128  59746488  0.000  0.000 2503.438  348.340    0    0  (Gen:  0)
 26181656      5336  59745208  0.000  0.000 2503.688  348.371    0    0  (Gen:  0)
 25200200      5152  59745472  0.000  0.000 2503.922  348.402    0    0  (Gen:  0)
 24602560      6256  59747056  0.000  0.000 2504.125  348.432    0    0  (Gen:  0)
 28888456      4904  59746200  0.000  0.000 2504.375  348.466    0    0  (Gen:  0)
 26498760      6784  59748592  0.000  0.000 2504.578  348.497    0    0  (Gen:  0)
 27413568      4240  59746592  0.000  0.000 2504.797  348.531    0    0  (Gen:  0)
 25472608      5824  59748720  0.000  0.000 2505.016  348.562    0    0  (Gen:  0)
 29929840      4664  59748152  0.000  0.000 2505.219  348.597    0    0  (Gen:  0)
 23147920      5648  59749680  0.000  0.000 2505.438  348.625    0    0  (Gen:  0)
 27728800      5080  59749592  0.000  0.000 2505.688  348.659    0    0  (Gen:  0)
 24860496      4640  59749648  0.000  0.000 2505.875  348.690    0    0  (Gen:  0)
 25261736      4480  59749936  0.000  0.000 2506.062  348.721    0    0  (Gen:  0)
 26724424      6200  59752104  0.000  0.000 2506.266  348.753    0    0  (Gen:  0)
 26686856      5032  59751384  0.000  0.000 2506.484  348.785    0    0  (Gen:  0)
 24786192      6704  59753504  0.000  0.000 2506.688  348.815    0    0  (Gen:  0)
 25070224      5160  59752376  0.000  0.000 2506.922  348.845    0    0  (Gen:  0)
 27579392      5448  59753080  0.000  0.000 2507.156  348.878    0    0  (Gen:  0)
 24879424      4728  59752840  0.000  0.000 2507.281  348.909    0    0  (Gen:  0)
 27800600      4896  59753536  0.000  0.000 2507.500  348.943    0    0  (Gen:  0)
 26209280      5320  59754408  0.000  0.000 2507.672  348.975    0    0  (Gen:  0)
 25258160      4976  59754448  0.000  0.000 2507.844  349.004    0    0  (Gen:  0)
 23578624      4704  59754688  0.000  0.000 2508.078  349.033    0    0  (Gen:  0)
 28269800      5576  59755944  0.000  0.000 2508.328  349.067    0    0  (Gen:  0)
 26068088      6392  59757144  0.000  0.000 2508.547  349.099    0    0  (Gen:  0)
 28121136      5360  59756592  0.000  0.000 2508.781  349.133    0    0  (Gen:  0)
 26295336      4608  59756288  0.000  0.000 2508.984  349.164    0    0  (Gen:  0)
 23832360      4488  59789408  0.000  0.000 2509.219  349.193    0    0  (Gen:  0)
 23018544      5104  59790440  0.000  0.000 2509.469  349.220    0    0  (Gen:  0)
 27228432      4400  59790152  0.000  0.000 2509.641  349.253    0    0  (Gen:  0)
 23578472      4224  59790456  0.000  0.000 2509.766  349.284    0    0  (Gen:  0)
 29206160      4648  59791456  0.000  0.000 2510.016  349.318    0    0  (Gen:  0)
 26145152  54203560  59716856  0.062  0.032 2510.312  349.381    0    0  (Gen:  1)
 26382712      5112  59717224  0.000  0.000 2510.500  349.412    0    0  (Gen:  0)
 25432608      4984  59718280  0.000  0.000 2510.719  349.441    0    0  (Gen:  0)
 21589192      3648  59717872  0.000  0.000 2510.844  349.501    0    0  (Gen:  0)
 22801904      4096  59718736  0.000  0.001 2510.891  349.529    0    0  (Gen:  0)
 20503112      4968  59720088  0.000  0.000 2511.016  349.554    0    0  (Gen:  0)
 24894392      5136  59721304  0.000  0.000 2511.234  349.584    0    0  (Gen:  0)
 26191680      4152  59721184  0.000  0.000 2511.422  349.616    0    0  (Gen:  0)
 25179568      3704  59721216  0.000  0.000 2511.656  349.648    0    0  (Gen:  0)
 27651184      4448  59722472  0.000  0.000 2511.766  349.682    0    0  (Gen:  0)
 26539848      4488  59723024  0.000  0.000 2512.000  349.714    0    0  (Gen:  0)
 26985600      4008  59723056  0.000  0.000 2512.234  349.747    0    0  (Gen:  0)
 26636184      5000  59724560  0.000  0.000 2512.438  349.779    0    0  (Gen:  0)
 23179352      4736  59757568  0.000  0.000 2512.672  349.805    0    0  (Gen:  0)
 24981400      3968  59758176  0.000  0.000 2512.859  349.836    0    0  (Gen:  0)
 26628024      6024  59760840  0.000  0.000 2513.109  349.868    0    0  (Gen:  0)
 29598272      4640  59727176  0.000  0.000 2513.359  349.903    0    0  (Gen:  0)
 26197392      4312  59760120  0.000  0.000 2513.531  349.935    0    0  (Gen:  0)
 27271608      4128  59760384  0.000  0.000 2513.766  349.969    0    0  (Gen:  0)
 23937856      4024  59760888  0.000  0.000 2513.891  349.999    0    0  (Gen:  0)
 22206264      3784  59761096  0.000  0.000 2514.016  350.027    0    0  (Gen:  0)
 28261656      4880  59762576  0.000  0.000 2514.375  350.061    0    0  (Gen:  0)
 29461648      5912  59764024  0.000  0.000 2514.625  350.097    0    0  (Gen:  0)
 26382176      5680  59764312  0.000  0.000 2514.844  350.129    0    0  (Gen:  0)
 28150120      4104  59763280  0.000  0.000 2515.094  350.163    0    0  (Gen:  0)
 22751152      4016  59763672  0.000  0.000 2515.312  350.190    0    0  (Gen:  0)
 25339512      5224  59765328  0.000  0.000 2515.562  350.221    0    0  (Gen:  0)
 28178608      5208  59798664  0.000  0.000 2515.750  350.255    0    0  (Gen:  0)
 26591152      4816  59798864  0.000  0.000 2515.984  350.287    0    0  (Gen:  0)
 26050096      4552  59799048  0.000  0.000 2516.188  350.318    0    0  (Gen:  0)
 23424720      5216  59800064  0.000  0.000 2516.422  350.345    0    0  (Gen:  0)
 28247712      4144  59800112  0.000  0.000 2516.609  350.378    0    0  (Gen:  0)
 28698800      4792  59801592  0.000  0.000 2516.844  350.412    0    0  (Gen:  0)
 25513736      5424  59802704  0.000  0.000 2517.078  350.443    0    0  (Gen:  0)
 29526240      5424  59803216  0.000  0.000 2517.328  350.480    0    0  (Gen:  0)
 24716048      4984  59803192  0.000  0.000 2517.453  350.509    0    0  (Gen:  0)
 25572312  54134728  59713560  0.141  0.027 2517.844  350.567    0    0  (Gen:  1)
 26395728      5712  59714456  0.000  0.000 2518.094  350.598    0    0  (Gen:  0)
 24821280      4584  59713776  0.000  0.000 2518.344  350.628    0    0  (Gen:  0)
 23462640      4248  59713864  0.000  0.000 2518.516  350.656    0    0  (Gen:  0)
 24982232      5024  59715056  0.000  0.000 2518.625  350.686    0    0  (Gen:  0)
 25686160      4280  59714728  0.000  0.000 2518.828  350.716    0    0  (Gen:  0)
 24261944      5960  59716920  0.000  0.000 2519.047  350.745    0    0  (Gen:  0)
 22554320      4416  59715792  0.000  0.000 2519.219  350.771    0    0  (Gen:  0)
 25426776      5240  59717096  0.000  0.000 2519.438  350.802    0    0  (Gen:  0)
 25317528      9512  59721800  0.000  0.000 2519.656  350.833    0    0  (Gen:  0)
 24022520      5448  59718216  0.000  0.000 2519.859  350.861    0    0  (Gen:  0)
 22670424      5120  59718384  0.000  0.000 2519.969  350.888    0    0  (Gen:  0)
 25718800      5160  59719000  0.000  0.000 2520.203  350.919    0    0  (Gen:  0)
 27173232      5576  59719800  0.000  0.000 2520.484  350.952    0    0  (Gen:  0)
 29087224      5384  59720088  0.000  0.000 2520.703  350.987    0    0  (Gen:  0)
 23916792      5032  59720168  0.000  0.000 2520.859  351.017    0    0  (Gen:  0)
 22350048      3792  59719376  0.000  0.000 2520.984  351.042    0    0  (Gen:  0)
 26122552      4624  59720656  0.000  0.000 2521.219  351.075    0    0  (Gen:  0)
 25893576      4880  59721376  0.000  0.000 2521.469  351.106    0    0  (Gen:  0)
 26365008      5088  59722112  0.000  0.000 2521.703  351.137    0    0  (Gen:  0)
 24613784      5464  59722904  0.000  0.000 2521.891  351.166    0    0  (Gen:  0)
 26536288      5432  59723384  0.000  0.000 2522.109  351.199    0    0  (Gen:  0)
 22228136      4464  59722800  0.000  0.000 2522.328  351.227    0    0  (Gen:  0)
 26376056      4304  59723024  0.000  0.000 2522.531  351.258    0    0  (Gen:  0)
 26745208      6360  59725560  0.000  0.000 2522.766  351.290    0    0  (Gen:  0)
 25185136      4920  59724664  0.000  0.000 2523.016  351.320    0    0  (Gen:  0)
 26699136      4576  59724768  0.000  0.000 2523.266  351.352    0    0  (Gen:  0)
 19792352      5344  59725984  0.000  0.000 2523.484  351.374    0    0  (Gen:  0)
 21831784      5360  59727280  0.000  0.000 2523.578  351.399    0    0  (Gen:  0)
 26592440      6776  59729304  0.000  0.000 2523.781  351.432    0    0  (Gen:  0)
 30291584      5072  59728128  0.000  0.000 2524.062  351.468    0    0  (Gen:  0)
 26738224      4960  59728560  0.000  0.000 2524.203  351.501    0    0  (Gen:  0)
 26531632      4840  59728888  0.000  0.000 2524.406  351.533    0    0  (Gen:  0)
 25580080      4888  59729416  0.000  0.000 2524.625  351.563    0    0  (Gen:  0)
 21266904      5640  59730744  0.000  0.000 2524.734  351.589    0    0  (Gen:  0)
 27597104      5200  59730832  0.000  0.000 2524.984  351.623    0    0  (Gen:  0)
 25858728      4248  59730408  0.000  0.000 2525.172  351.653    0    0  (Gen:  0)
 27658792      5104  59731808  0.000  0.000 2525.438  351.687    0    0  (Gen:  0)
 24065776      4344  59731576  0.000  0.000 2525.562  351.716    0    0  (Gen:  0)
 21577088      4520  59732232  0.000  0.000 2525.719  351.742    0    0  (Gen:  0)
 20914256      5008  59733120  0.000  0.000 2525.828  351.785    0    0  (Gen:  0)
 18995616      7000  59735560  0.000  0.000 2525.938  351.810    0    0  (Gen:  0)
  1494640  54074656  59653504  0.047  0.033 2526.078  351.845    0    0  (Gen:  1)
 25231224      7656  59657960  0.000  0.000 2526.266  351.875    0    0  (Gen:  0)
 23054768      4784  59657840  0.000  0.000 2526.391  351.903    0    0  (Gen:  0)
 26666472      5792  59659232  0.000  0.000 2526.578  351.935    0    0  (Gen:  0)
 29330968      5520  59659408  0.000  0.000 2526.938  351.969    0    0  (Gen:  0)
 26366904      5728  59660192  0.000  0.000 2527.109  352.001    0    0  (Gen:  0)
 26287848      6040  59660984  0.000  0.000 2527.234  352.032    0    0  (Gen:  0)
 22565704      5296  59660688  0.000  0.000 2527.359  352.059    0    0  (Gen:  0)
 26869456      5840  59661584  0.000  0.000 2527.531  352.091    0    0  (Gen:  0)
 24747352      5072  59661200  0.000  0.000 2527.750  352.122    0    0  (Gen:  0)
 24561832      5624  59662104  0.000  0.000 2527.984  352.152    0    0  (Gen:  0)
 27031688      5368  59662232  0.000  0.000 2528.203  352.185    0    0  (Gen:  0)
 26314704      6128  59663440  0.000  0.000 2528.562  352.217    0    0  (Gen:  0)
 25847280      6480  59664240  0.016  0.000 2528.703  352.248    0    0  (Gen:  0)
 26720432      4616  59662792  0.000  0.000 2528.875  352.282    0    0  (Gen:  0)
 24348240      4712  59663320  0.000  0.000 2529.094  352.312    0    0  (Gen:  0)
 27748080      5216  59664208  0.000  0.000 2529.344  352.346    0    0  (Gen:  0)
 28909664      6320  59665728  0.000  0.000 2529.516  352.381    0    0  (Gen:  0)
 28031904      4920  59664744  0.000  0.000 2529.750  352.415    0    0  (Gen:  0)
 26502448      4384  59664688  0.000  0.000 2529.984  352.446    0    0  (Gen:  0)
 26592064      4880  59665664  0.000  0.000 2530.219  352.479    0    0  (Gen:  0)
 19958192      4168  59665400  0.000  0.000 2530.344  352.505    0    0  (Gen:  0)
 22955752      4256  59665840  0.000  0.000 2530.562  352.533    0    0  (Gen:  0)
 25385464      5176  59667256  0.000  0.000 2530.812  352.565    0    0  (Gen:  0)
 26141920      4808  59667416  0.000  0.000 2531.062  352.597    0    0  (Gen:  0)
 23583400      4960  59668000  0.000  0.000 2531.281  352.626    0    0  (Gen:  0)
 23222728      5152  59668576  0.000  0.000 2531.406  352.653    0    0  (Gen:  0)
 27212664      6672  59670512  0.000  0.000 2531.609  352.685    0    0  (Gen:  0)
 28249440      5224  59669480  0.000  0.000 2531.922  352.720    0    0  (Gen:  0)
 25232176      5128  59669768  0.000  0.000 2532.062  352.750    0    0  (Gen:  0)
 28234960      5112  59670136  0.000  0.000 2532.281  352.784    0    0  (Gen:  0)
 25402888  54031464  59610304  0.078  0.029 2532.594  352.844    0    0  (Gen:  1)
 24192128      4680  59610816  0.000  0.000 2532.719  352.873    0    0  (Gen:  0)
 27022912      6296  59612816  0.000  0.000 2533.047  352.905    0    0  (Gen:  0)
 25000120      5296  59612232  0.000  0.000 2533.109  352.935    0    0  (Gen:  0)
 26425504      4560  59611912  0.000  0.000 2533.328  352.967    0    0  (Gen:  0)
 25515992      4736  59612536  0.000  0.000 2533.453  352.998    0    0  (Gen:  0)
 23089216      5120  59613448  0.000  0.000 2533.562  353.026    0    0  (Gen:  0)
 27517320      5016  59613824  0.000  0.000 2533.797  353.059    0    0  (Gen:  0)
 19828272      4008  59613312  0.000  0.000 2533.953  353.083    0    0  (Gen:  0)
 25718600      4640  59614360  0.000  0.000 2534.188  353.115    0    0  (Gen:  0)
 25862400      5144  59615408  0.000  0.000 2534.438  353.146    0    0  (Gen:  0)
 24381840      5896  59616576  0.000  0.000 2534.688  353.175    0    0  (Gen:  0)
 25492336      4664  59615792  0.000  0.000 2534.891  353.207    0    0  (Gen:  0)
 25999968      5400  59617008  0.000  0.000 2535.109  353.238    0    0  (Gen:  0)
 27966440      5336  59617456  0.000  0.000 2535.266  353.270    0    0  (Gen:  0)
 24594360      4960  59617592  0.000  0.000 2535.516  353.299    0    0  (Gen:  0)
 26470496      5080  59618704  0.000  0.000 2535.703  353.329    0    0  (Gen:  0)
 27370320      5848  59620544  0.000  0.000 2535.922  353.364    0    0  (Gen:  0)
 26248088      4544  59619784  0.000  0.000 2536.141  353.395    0    0  (Gen:  0)
 27039640      5640  59621328  0.000  0.000 2536.359  353.428    0    0  (Gen:  0)
 24879136      5208  59621408  0.000  0.000 2536.594  353.458    0    0  (Gen:  0)
 23138688      4816  59621432  0.000  0.000 2536.828  353.485    0    0  (Gen:  0)
 23372576      4272  59621304  0.000  0.000 2536.922  353.513    0    0  (Gen:  0)
 30554200      4496  59621976  0.000  0.000 2537.172  353.551    0    0  (Gen:  0)
 28409976      5128  59623056  0.000  0.000 2537.406  353.586    0    0  (Gen:  0)
 27920696      5520  59624024  0.000  0.000 2537.641  353.619    0    0  (Gen:  0)
 24782400      4040  59623152  0.000  0.000 2537.891  353.648    0    0  (Gen:  0)
 26558824      4576  59624136  0.000  0.000 2538.141  353.680    0    0  (Gen:  0)
 25367208      4840  59624976  0.000  0.000 2538.375  353.710    0    0  (Gen:  0)
 26199320      4520  59625136  0.000  0.000 2538.609  353.742    0    0  (Gen:  0)
 16914792      4112  59625336  0.000  0.000 2538.625  353.789    0    0  (Gen:  0)
 18678496      4032  59625704  0.000  0.000 2538.797  353.811    0    0  (Gen:  0)
 26821872      5624  59627728  0.000  0.000 2539.016  353.844    0    0  (Gen:  0)
 22797792      5776  59628376  0.000  0.000 2539.125  353.872    0    0  (Gen:  0)
 23121672      7216  59631448  0.000  0.000 2539.328  353.899    0    0  (Gen:  0)
 19669920      6288  59631424  0.000  0.000 2539.531  353.921    0    0  (Gen:  0)
 24455448      4720  59630384  0.000  0.000 2539.609  353.950    0    0  (Gen:  0)
 27857936      5000  59631304  0.000  0.000 2539.984  353.983    0    0  (Gen:  0)
 25872576      4696  59631624  0.000  0.000 2540.078  354.013    0    0  (Gen:  0)
 28509928  53971056  59549896  0.031  0.035 2540.484  354.081    0    0  (Gen:  1)
 18063840      5176  59549848  0.000  0.000 2540.562  354.104    0    0  (Gen:  0)
 28648280      6048  59551200  0.000  0.000 2540.766  354.137    0    0  (Gen:  0)
 24068320      5544  59551320  0.000  0.000 2540.984  354.165    0    0  (Gen:  0)
 24364024      4280  59550472  0.000  0.000 2541.234  354.194    0    0  (Gen:  0)
 27934976      4600  59551272  0.000  0.000 2541.391  354.227    0    0  (Gen:  0)
 26311912      4976  59552192  0.000  0.000 2541.562  354.258    0    0  (Gen:  0)
 26354128      4712  59552344  0.000  0.000 2541.781  354.290    0    0  (Gen:  0)
 29093760      4728  59552840  0.000  0.000 2542.016  354.325    0    0  (Gen:  0)
 26455464      3840  59552432  0.000  0.000 2542.203  354.357    0    0  (Gen:  0)
 20014264      5792  59554864  0.000  0.000 2542.422  354.381    0    0  (Gen:  0)
 26452464      4496  59554848  0.000  0.000 2542.656  354.413    0    0  (Gen:  0)
 25307048      3984  59554848  0.000  0.000 2542.906  354.444    0    0  (Gen:  0)
 27907832      4432  59555712  0.000  0.000 2543.109  354.478    0    0  (Gen:  0)
 26780416      4064  59555824  0.000  0.000 2543.297  354.512    0    0  (Gen:  0)
 28034888      3760  59555968  0.000  0.000 2543.672  354.547    0    0  (Gen:  0)
 25206480      3952  59556640  0.000  0.000 2543.875  354.578    0    0  (Gen:  0)
 24221000      4456  59557592  0.000  0.000 2544.000  354.607    0    0  (Gen:  0)
 27408792      4568  59558120  0.000  0.000 2544.312  354.642    0    0  (Gen:  0)
 25922784      4592  59558592  0.000  0.000 2544.438  354.674    0    0  (Gen:  0)
 25798800      5104  59559520  0.000  0.000 2544.625  354.707    0    0  (Gen:  0)
 24348168      4832  59559632  0.000  0.000 2544.828  354.737    0    0  (Gen:  0)
 27961776      5176  59560392  0.000  0.000 2545.016  354.769    0    0  (Gen:  0)
 25144256      4464  59561024  0.000  0.000 2545.266  354.799    0    0  (Gen:  0)
 25799024      5088  59562192  0.000  0.000 2545.500  354.831    0    0  (Gen:  0)
 26317248      4136  59561720  0.000  0.000 2545.734  354.864    0    0  (Gen:  0)
 22760832      4680  59562648  0.000  0.000 2545.922  354.893    0    0  (Gen:  0)
 28448408      4040  59562392  0.000  0.000 2546.094  354.927    0    0  (Gen:  0)
 25699352      5496  59564360  0.000  0.000 2546.328  354.959    0    0  (Gen:  0)
 25198072      4512  59563728  0.000  0.000 2546.516  354.991    0    0  (Gen:  0)
 26725664      4256  59563888  0.000  0.000 2546.719  355.025    0    0  (Gen:  0)
 29569520      4592  59564640  0.000  0.000 2546.953  355.060    0    0  (Gen:  0)
 29459232      5192  59565720  0.000  0.000 2547.266  355.098    0    0  (Gen:  0)
 22597192      4008  59565048  0.000  0.000 2547.438  355.126    0    0  (Gen:  0)
 28808376      4992  59566512  0.000  0.000 2547.656  355.161    0    0  (Gen:  0)
 23579696      3888  59566000  0.000  0.000 2547.828  355.190    0    0  (Gen:  0)
 25470288      4976  59567408  0.000  0.000 2548.078  355.221    0    0  (Gen:  0)
 22904848  53910520  59489360  0.016  0.028 2548.281  355.277    0    0  (Gen:  1)
 22817672      4112  59489400  0.000  0.000 2548.516  355.305    0    0  (Gen:  0)
 25234224      4992  59490696  0.000  0.000 2548.719  355.336    0    0  (Gen:  0)
 24190080      5240  59491440  0.000  0.000 2548.953  355.366    0    0  (Gen:  0)
 21578864      5328  59491912  0.000  0.000 2549.203  355.392    0    0  (Gen:  0)
 23847712      4656  59491656  0.000  0.000 2549.422  355.421    0    0  (Gen:  0)
 24797656      5816  59493360  0.000  0.000 2549.547  355.451    0    0  (Gen:  0)
 22952776      4512  59492408  0.000  0.000 2549.750  355.479    0    0  (Gen:  0)
 26448032      4576  59492920  0.000  0.000 2549.938  355.511    0    0  (Gen:  0)
 26046200      5208  59494048  0.000  0.000 2550.172  355.543    0    0  (Gen:  0)
 26546624      4640  59493896  0.000  0.000 2550.406  355.576    0    0  (Gen:  0)
 26730400      6072  59495712  0.031  0.000 2550.672  355.608    0    0  (Gen:  0)
 19896032      5728  59495832  0.000  0.000 2550.781  355.633    0    0  (Gen:  0)
 24612816      5240  59495760  0.000  0.000 2551.031  355.663    0    0  (Gen:  0)
 26258088      5296  59496264  0.000  0.000 2551.234  355.695    0    0  (Gen:  0)
 22766984      4104  59495600  0.000  0.000 2551.453  355.723    0    0  (Gen:  0)
 24934728      5576  59497456  0.000  0.000 2551.656  355.754    0    0  (Gen:  0)
 24527112      5064  59497440  0.000  0.000 2551.859  355.784    0    0  (Gen:  0)
 24619728      5640  59498432  0.000  0.000 2552.094  355.814    0    0  (Gen:  0)
 22597608      4032  59497352  0.000  0.000 2552.266  355.848    0    0  (Gen:  0)
 24389704      5168  59498808  0.000  0.000 2552.438  355.901    0    0  (Gen:  0)
 22107992      4872  59498864  0.000  0.000 2552.625  355.929    0    0  (Gen:  0)
 16620104      4472  59498912  0.000  0.000 2552.734  355.949    0    0  (Gen:  0)
 26769472      5120  59499960  0.000  0.000 2552.891  355.982    0    0  (Gen:  0)
 22863224      5584  59500856  0.000  0.000 2553.016  356.010    0    0  (Gen:  0)
 26859056      5560  59501216  0.000  0.000 2553.266  356.043    0    0  (Gen:  0)
 25136192      5000  59501040  0.000  0.000 2553.469  356.074    0    0  (Gen:  0)
 28049824      6872  59503360  0.000  0.000 2553.828  356.108    0    0  (Gen:  0)
 28783456      4824  59501728  0.000  0.000 2554.078  356.143    0    0  (Gen:  0)
 27759424      5848  59503232  0.000  0.000 2554.234  356.177    0    0  (Gen:  0)
 26910576      6024  59503888  0.000  0.000 2554.422  356.210    0    0  (Gen:  0)
 19413360      5536  59503912  0.000  0.000 2554.609  356.233    0    0  (Gen:  0)
 25111624      4840  59503584  0.000  0.000 2554.703  356.264    0    0  (Gen:  0)
 26695208      5440  59504712  0.000  0.000 2555.016  356.296    0    0  (Gen:  0)
 23528808      5264  59504952  0.000  0.000 2555.125  356.325    0    0  (Gen:  0)
 27704424      4728  59504864  0.000  0.000 2555.312  356.358    0    0  (Gen:  0)
 23856384      4512  59505192  0.000  0.000 2555.562  356.387    0    0  (Gen:  0)
 26927952      4344  59505440  0.000  0.000 2555.781  356.420    0    0  (Gen:  0)
 27932624      5896  59507536  0.000  0.000 2556.109  356.454    0    0  (Gen:  0)
 25391624      4704  59506904  0.000  0.000 2556.250  356.484    0    0  (Gen:  0)
 25981104      5600  59508312  0.000  0.000 2556.438  356.515    0    0  (Gen:  0)
 23882328      6600  59509888  0.000  0.000 2556.547  356.543    0    0  (Gen:  0)
 27984848  53855928  59434768  0.031  0.033 2556.906  356.609    0    0  (Gen:  1)
 28544568      4512  59433744  0.000  0.000 2557.156  356.642    0    0  (Gen:  0)
 25546864      5192  59434936  0.000  0.000 2557.391  356.672    0    0  (Gen:  0)
 27897992      6592  59436816  0.000  0.000 2557.625  356.704    0    0  (Gen:  0)
 26820368      5240  59436072  0.000  0.000 2557.812  356.735    0    0  (Gen:  0)
 26244208      7416  59438744  0.000  0.000 2557.953  356.767    0    0  (Gen:  0)
 25809696      5000  59436776  0.000  0.000 2558.203  356.798    0    0  (Gen:  0)
 25373432      5728  59437920  0.000  0.000 2558.438  356.828    0    0  (Gen:  0)
 26808976      6344  59439016  0.000  0.000 2558.656  356.859    0    0  (Gen:  0)
 29035416      6312  59439544  0.000  0.000 2558.906  356.894    0    0  (Gen:  0)
 28792872      4536  59438232  0.000  0.000 2559.156  356.928    0    0  (Gen:  0)
 24041816      4560  59438672  0.000  0.000 2559.375  356.956    0    0  (Gen:  0)
 23203080      5304  59439832  0.000  0.000 2559.562  356.983    0    0  (Gen:  0)
 26714552      5112  59440088  0.000  0.000 2559.797  357.015    0    0  (Gen:  0)
 28204984      5760  59441120  0.000  0.000 2560.047  357.048    0    0  (Gen:  0)
 27062496      4936  59440840  0.000  0.000 2560.281  357.080    0    0  (Gen:  0)
 26452248      5000  59441384  0.000  0.000 2560.531  357.111    0    0  (Gen:  0)
 21874432      5520  59442480  0.000  0.000 2560.641  357.138    0    0  (Gen:  0)
 24054888      5816  59443240  0.000  0.000 2560.859  357.167    0    0  (Gen:  0)
 24910304      6336  59444144  0.000  0.000 2561.109  357.198    0    0  (Gen:  0)
 22987288      4096  59442416  0.000  0.000 2561.312  357.225    0    0  (Gen:  0)
 26095032      3968  59442672  0.000  0.000 2561.531  357.256    0    0  (Gen:  0)
 27339848      5712  59444976  0.000  0.000 2561.750  357.290    0    0  (Gen:  0)
 22639784      5672  59445416  0.000  0.000 2561.969  357.316    0    0  (Gen:  0)
 25307336      5224  59445448  0.000  0.000 2562.172  357.348    0    0  (Gen:  0)
 26375728      7160  59447928  0.000  0.000 2562.422  357.379    0    0  (Gen:  0)
 25939336      4848  59446064  0.000  0.000 2562.625  357.411    0    0  (Gen:  0)
 28689432      3840  59445408  0.000  0.000 2562.859  357.446    0    0  (Gen:  0)
 27700880      4424  59446568  0.000  0.000 2563.094  357.479    0    0  (Gen:  0)
 27604152      4896  59447520  0.000  0.000 2563.281  357.512    0    0  (Gen:  0)
 19520528      5008  59448112  0.000  0.000 2563.453  357.536    0    0  (Gen:  0)
 25254832      5112  59448696  0.000  0.000 2563.672  357.565    0    0  (Gen:  0)
 28392448      5704  59450280  0.000  0.000 2563.906  357.598    0    0  (Gen:  0)
 23537432      4776  59450568  0.000  0.000 2564.062  357.626    0    0  (Gen:  0)
 24348744      4400  59450640  0.000  0.000 2564.297  357.657    0    0  (Gen:  0)
 26841456      3976  59450568  0.000  0.000 2564.547  357.690    0    0  (Gen:  0)
 24524592      4616  59451720  0.000  0.000 2564.656  357.719    0    0  (Gen:  0)
 27993792      4128  59452288  0.000  0.000 2564.797  357.751    0    0  (Gen:  0)
 28449912      4560  59453680  0.000  0.000 2565.047  357.787    0    0  (Gen:  0)
 27126072      4448  59454080  0.000  0.000 2565.281  357.820    0    0  (Gen:  0)
 24754456      4152  59454232  0.000  0.000 2565.453  357.857    0    0  (Gen:  0)
 14331504      3648  59454216  0.000  0.000 2565.578  357.891    0    0  (Gen:  0)
 25272368      5400  59456648  0.000  0.000 2565.734  357.924    0    0  (Gen:  0)
 26179560      4608  59456952  0.000  0.000 2565.938  357.957    0    0  (Gen:  0)
 24602800      4088  59456960  0.000  0.000 2566.094  357.987    0    0  (Gen:  0)
 28568696      4136  59457488  0.000  0.000 2566.297  358.023    0    0  (Gen:  0)
 27870704      4032  59457960  0.000  0.000 2566.547  358.057    0    0  (Gen:  0)
 24176680  53778464  59357304  0.125  0.026 2566.891  358.111    0    0  (Gen:  1)
 25520248      4768  59357528  0.000  0.000 2567.094  358.141    0    0  (Gen:  0)
 25630280      4536  59357776  0.000  0.000 2567.312  358.172    0    0  (Gen:  0)
 24496528      5232  59358920  0.031  0.000 2567.453  358.201    0    0  (Gen:  0)
 23181912      5544  59359776  0.000  0.000 2567.578  358.229    0    0  (Gen:  0)
 24493112      5088  59359768  0.000  0.000 2567.734  358.258    0    0  (Gen:  0)
 24533040      5672  59360768  0.000  0.000 2567.969  358.287    0    0  (Gen:  0)
 28386824      5536  59361080  0.000  0.000 2568.188  358.321    0    0  (Gen:  0)
 26455432      4440  59360528  0.000  0.000 2568.422  358.352    0    0  (Gen:  0)
 23876304      5376  59361976  0.000  0.000 2568.641  358.380    0    0  (Gen:  0)
 20306648      5672  59362816  0.000  0.000 2568.828  358.405    0    0  (Gen:  0)
 26366864      4760  59362224  0.000  0.000 2569.047  358.437    0    0  (Gen:  0)
 26365512      4664  59362640  0.000  0.000 2569.172  358.468    0    0  (Gen:  0)
 25158192      5544  59364064  0.000  0.000 2569.250  358.498    0    0  (Gen:  0)
 27260360      3712  59362744  0.000  0.000 2569.500  358.531    0    0  (Gen:  0)
 26862048      5664  59365176  0.000  0.000 2569.734  358.563    0    0  (Gen:  0)
 19917824      5088  59365048  0.000  0.000 2569.844  358.587    0    0  (Gen:  0)
 25724656      6032  59366440  0.000  0.000 2570.078  358.619    0    0  (Gen:  0)
 24358712      4144  59365048  0.000  0.000 2570.281  358.648    0    0  (Gen:  0)
 26048184      4968  59366352  0.000  0.000 2570.516  358.679    0    0  (Gen:  0)
 26935608      4304  59366200  0.000  0.000 2570.750  358.711    0    0  (Gen:  0)
 26029600      6312  59368688  0.000  0.000 2570.922  358.743    0    0  (Gen:  0)
 21626632      4448  59367336  0.000  0.000 2571.078  358.769    0    0  (Gen:  0)
 26970640      6384  59369800  0.000  0.000 2571.297  358.802    0    0  (Gen:  0)
 27394968      5176  59369120  0.000  0.000 2571.531  358.835    0    0  (Gen:  0)
 28010808      6064  59370520  0.000  0.000 2571.766  358.869    0    0  (Gen:  0)
 25984608      5568  59370536  0.000  0.000 2572.000  358.900    0    0  (Gen:  0)
 27473816      4480  59369896  0.000  0.000 2572.094  358.933    0    0  (Gen:  0)
 26238672      5360  59371288  0.000  0.000 2572.312  358.966    0    0  (Gen:  0)
 23127232      4424  59370832  0.000  0.000 2572.500  358.993    0    0  (Gen:  0)
 27857216      4240  59371064  0.000  0.000 2572.719  359.026    0    0  (Gen:  0)
 24633296      4952  59372416  0.000  0.000 2572.969  359.056    0    0  (Gen:  0)
 28337216      3976  59371952  0.000  0.000 2573.203  359.089    0    0  (Gen:  0)
 25450808      4304  59372792  0.000  0.000 2573.391  359.120    0    0  (Gen:  0)
 25753128      5776  59374744  0.000  0.000 2573.562  359.152    0    0  (Gen:  0)
 24746136      6920  59376336  0.000  0.000 2573.750  359.181    0    0  (Gen:  0)
 25657288      4888  59374752  0.000  0.000 2573.969  359.213    0    0  (Gen:  0)
 22023328      5640  59375984  0.000  0.000 2574.156  359.239    0    0  (Gen:  0)
 26091528      5912  59376736  0.000  0.000 2574.375  359.268    0    0  (Gen:  0)
 22840840      5344  59377272  0.000  0.000 2574.500  359.292    0    0  (Gen:  0)
 23145816      5448  59379200  0.000  0.000 2574.719  359.320    0    0  (Gen:  0)
 24730448  53707536  59286376  0.109  0.028 2575.016  359.378    0    0  (Gen:  1)
 23140368      4232  59286720  0.000  0.000 2575.172  359.406    0    0  (Gen:  0)
 22084384      4928  59320592  0.000  0.000 2575.250  359.432    0    0  (Gen:  0)
 25848992      4528  59287880  0.000  0.000 2575.484  359.464    0    0  (Gen:  0)
 22967928      4920  59288752  0.000  0.000 2575.688  359.491    0    0  (Gen:  0)
 24450832      4144  59321152  0.000  0.000 2575.859  359.521    0    0  (Gen:  0)
 27301992      4712  59322200  0.000  0.000 2576.094  359.553    0    0  (Gen:  0)
 28007704      5360  59323488  0.000  0.000 2576.328  359.585    0    0  (Gen:  0)
 25228832      4528  59324032  0.000  0.000 2576.547  359.615    0    0  (Gen:  0)
 25098760      4464  59324544  0.000  0.000 2576.781  359.646    0    0  (Gen:  0)
 26644560      4832  59325328  0.000  0.000 2577.000  359.678    0    0  (Gen:  0)
 21374896      4240  59325280  0.000  0.000 2577.203  359.704    0    0  (Gen:  0)
 21732120      5744  59327328  0.000  0.000 2577.250  359.730    0    0  (Gen:  0)
 26348608      4584  59327520  0.000  0.000 2577.484  359.761    0    0  (Gen:  0)
 27655016      4784  59328264  0.000  0.000 2577.734  359.795    0    0  (Gen:  0)
 25018944      4784  59328840  0.000  0.000 2577.969  359.824    0    0  (Gen:  0)
 25374504      5984  59330520  0.000  0.000 2578.141  359.855    0    0  (Gen:  0)
 29124384      4512  59329504  0.000  0.000 2578.484  359.890    0    0  (Gen:  0)
 24006216      5200  59330768  0.000  0.001 2578.578  359.919    0    0  (Gen:  0)
 22370912      6056  59332136  0.000  0.000 2578.656  359.956    0    0  (Gen:  0)
 30370592      5320  59331992  0.000  0.000 2578.891  359.992    0    0  (Gen:  0)
 24841248      4160  59331568  0.000  0.001 2579.109  360.024    0    0  (Gen:  0)
 25116288      5464  59333320  0.000  0.000 2579.312  360.054    0    0  (Gen:  0)
 28768600      5024  59333424  0.000  0.000 2579.500  360.090    0    0  (Gen:  0)
 23964032      5248  59334176  0.000  0.000 2579.656  360.119    0    0  (Gen:  0)
 23474320      4016  59333328  0.000  0.000 2579.859  360.148    0    0  (Gen:  0)
 27866400      5048  59334712  0.000  0.000 2580.062  360.183    0    0  (Gen:  0)
 24190472      4072  59334152  0.000  0.000 2580.250  360.213    0    0  (Gen:  0)
 25720280      4016  59334448  0.000  0.000 2580.484  360.244    0    0  (Gen:  0)
 26296112      4640  59335488  0.000  0.000 2580.703  360.276    0    0  (Gen:  0)
 22870056      4544  59335808  0.000  0.000 2580.938  360.304    0    0  (Gen:  0)
 23674992      3968  59335680  0.000  0.000 2581.109  360.334    0    0  (Gen:  0)
 26541088      5280  59337424  0.000  0.000 2581.344  360.367    0    0  (Gen:  0)
 27357992      4240  59336800  0.000  0.000 2581.578  360.399    0    0  (Gen:  0)
 26411400      5536  59338608  0.000  0.000 2581.797  360.431    0    0  (Gen:  0)
 20002064      6032  59339600  0.000  0.000 2581.984  360.456    0    0  (Gen:  0)
 23107376      4720  59338640  0.000  0.000 2582.203  360.484    0    0  (Gen:  0)
 28697944      5600  59339808  0.000  0.000 2582.406  360.520    0    0  (Gen:  0)
 27893664  53649504  59261112  0.141  0.026 2582.797  360.580    0    0  (Gen:  1)
 24823808      4616  59261112  0.000  0.000 2582.938  360.611    0    0  (Gen:  0)
 27350784      4752  59261632  0.000  0.000 2583.172  360.646    0    0  (Gen:  0)
 22796192      4096  59261440  0.000  0.000 2583.297  360.674    0    0  (Gen:  0)
 25533144      4408  59262104  0.000  0.000 2583.531  360.705    0    0  (Gen:  0)
 26606608      5320  59263400  0.000  0.000 2583.703  360.738    0    0  (Gen:  0)
 25318248      4648  59263112  0.000  0.000 2583.859  360.770    0    0  (Gen:  0)
 23056600      3728  59262608  0.000  0.000 2584.109  360.799    0    0  (Gen:  0)
 25396848      5376  59264672  0.000  0.000 2584.328  360.831    0    0  (Gen:  0)
 25753992      4592  59264272  0.000  0.000 2584.531  360.863    0    0  (Gen:  0)
 26878320      4256  59264416  0.000  0.000 2584.781  360.896    0    0  (Gen:  0)
 25711144      5608  59266152  0.000  0.000 2584.969  360.928    0    0  (Gen:  0)
 25821480      5120  59266208  0.000  0.000 2585.156  360.960    0    0  (Gen:  0)
 26047904      4944  59266528  0.000  0.000 2585.391  360.992    0    0  (Gen:  0)
 21911200      5776  59267776  0.000  0.000 2585.547  361.019    0    0  (Gen:  0)
 25602144      6016  59268432  0.000  0.000 2585.797  361.049    0    0  (Gen:  0)
 31298344      5032  59268248  0.000  0.000 2585.984  361.086    0    0  (Gen:  0)
 25357136      4224  59268832  0.000  0.000 2586.188  361.116    0    0  (Gen:  0)
 28574960      5016  59270136  0.000  0.000 2586.312  361.151    0    0  (Gen:  0)
 26462168      6008  59271640  0.000  0.000 2586.531  361.183    0    0  (Gen:  0)
 24850656      4536  59270648  0.000  0.000 2586.688  361.214    0    0  (Gen:  0)
 27191600      5176  59271704  0.000  0.000 2586.875  361.248    0    0  (Gen:  0)
 27452712      4952  59271992  0.000  0.000 2587.203  361.281    0    0  (Gen:  0)
 24134008      4144  59271776  0.000  0.000 2587.328  361.310    0    0  (Gen:  0)
 27569720      4712  59272824  0.000  0.000 2587.594  361.343    0    0  (Gen:  0)
 27000448      5456  59274080  0.000  0.000 2587.844  361.376    0    0  (Gen:  0)
 26692656      4152  59273288  0.000  0.000 2588.047  361.408    0    0  (Gen:  0)
 23025072      5208  59274824  0.000  0.000 2588.219  361.436    0    0  (Gen:  0)
 26650664      4232  59274264  0.000  0.000 2588.469  361.468    0    0  (Gen:  0)
 27401624      4880  59275472  0.000  0.000 2588.625  361.502    0    0  (Gen:  0)
 25929808      5944  59277112  0.000  0.000 2588.812  361.533    0    0  (Gen:  0)
 25644568      4280  59276008  0.000  0.000 2589.047  361.564    0    0  (Gen:  0)
 22587632      4192  59276496  0.000  0.000 2589.125  361.592    0    0  (Gen:  0)
 25702064      4448  59277280  0.000  0.000 2589.328  361.623    0    0  (Gen:  0)
 26234968      4632  59277976  0.000  0.000 2589.625  361.655    0    0  (Gen:  0)
 22594920      5512  59312128  0.000  0.000 2589.734  361.682    0    0  (Gen:  0)
 25717368      6720  59280928  0.000  0.000 2589.969  361.713    0    0  (Gen:  0)
 23425048      5656  59280248  0.000  0.000 2590.125  361.742    0    0  (Gen:  0)
 27698872  53590264  59201872  0.125  0.030 2590.406  361.806    0    0  (Gen:  1)
 26545936      4880  59202616  0.000  0.000 2590.641  361.838    0    0  (Gen:  0)
 24976840      4888  59203136  0.000  0.000 2590.844  361.868    0    0  (Gen:  0)
 28174984      5280  59203848  0.000  0.000 2591.078  361.901    0    0  (Gen:  0)
 26140272      5184  59205064  0.000  0.000 2591.328  361.932    0    0  (Gen:  0)
 14887680      4136  59204688  0.000  0.007 2591.422  361.975    0    0  (Gen:  0)
 21330208      4816  59205656  0.000  0.000 2591.516  362.006    0    0  (Gen:  0)
 13903336      5136  59206424  0.000  0.000 2591.594  362.026    0    0  (Gen:  0)
 20105888      5376  59239984  0.000  0.000 2591.781  362.052    0    0  (Gen:  0)
 27195440      4480  59206808  0.000  0.000 2592.031  362.085    0    0  (Gen:  0)
 28445920      5696  59241328  0.000  0.000 2592.250  362.119    0    0  (Gen:  0)
 28249856      3808  59239888  0.016  0.000 2592.531  362.154    0    0  (Gen:  0)
 22422920      4192  59240736  0.000  0.000 2592.641  362.183    0    0  (Gen:  0)
 29471936      4968  59241928  0.000  0.000 2592.969  362.219    0    0  (Gen:  0)
 28372016      4456  59241864  0.000  0.000 2593.109  362.254    0    0  (Gen:  0)
 26948048      4328  59242088  0.000  0.000 2593.359  362.287    0    0  (Gen:  0)
 27951736      4864  59243040  0.000  0.000 2593.609  362.320    0    0  (Gen:  0)
 25810920      4416  59243008  0.000  0.000 2593.828  362.352    0    0  (Gen:  0)
 18176344      4040  59243048  0.000  0.000 2593.922  362.450    0    0  (Gen:  0)
 17840464      4512  59243912  0.000  0.000 2594.016  362.478    0    0  (Gen:  0)
 19131128      4720  59244744  0.000  0.000 2594.078  362.506    0    0  (Gen:  0)
 25667600      5408  59278880  0.000  0.000 2594.328  362.536    0    0  (Gen:  0)
 19869936      4344  59278736  0.000  0.000 2594.500  362.562    0    0  (Gen:  0)
 22680200      4600  59279344  0.000  0.000 2594.625  362.590    0    0  (Gen:  0)
 24891680      4744  59279952  0.000  0.000 2594.859  362.620    0    0  (Gen:  0)
 24335784      6344  59281960  0.000  0.000 2595.094  362.650    0    0  (Gen:  0)
 25689648      4376  59280376  0.000  0.000 2595.328  362.682    0    0  (Gen:  0)
 21864840      4464  59280848  0.000  0.000 2595.547  362.709    0    0  (Gen:  0)
 25756896      5376  59282144  0.000  0.000 2595.672  362.741    0    0  (Gen:  0)
 24369392      4688  59281952  0.000  0.000 2595.875  362.771    0    0  (Gen:  0)
 27761152      4824  59282440  0.000  0.000 2596.109  362.805    0    0  (Gen:  0)
 29334536      5384  59283384  0.000  0.000 2596.359  362.841    0    0  (Gen:  0)
 30171536      3912  59282360  0.000  0.000 2596.719  362.878    0    0  (Gen:  0)
 30486624      4296  59283128  0.000  0.000 2596.906  362.916    0    0  (Gen:  0)
 30047968      4056  59283336  0.000  0.000 2597.203  362.953    0    0  (Gen:  0)
 28060512      5728  59285488  0.000  0.000 2597.406  362.987    0    0  (Gen:  0)
 27900432      4352  59284560  0.000  0.000 2597.562  363.020    0    0  (Gen:  0)
 23263912      5976  59286840  0.000  0.000 2597.797  363.048    0    0  (Gen:  0)
 24935880      4400  59286512  0.000  0.000 2597.969  363.078    0    0  (Gen:  0)
 23097856      4496  59287072  0.000  0.000 2598.078  363.107    0    0  (Gen:  0)
 29686232      4640  59287568  0.000  0.000 2598.406  363.144    0    0  (Gen:  0)
 22001680      4576  59287952  0.000  0.000 2598.641  363.171    0    0  (Gen:  0)
 24010168      4552  59288344  0.000  0.000 2598.766  363.200    0    0  (Gen:  0)
 25370600      5000  59289144  0.000  0.000 2598.922  363.231    0    0  (Gen:  0)
 16600264  53531248  59208384  0.016  0.026 2599.125  363.277    0    0  (Gen:  1)
 25996472      5016  59174888  0.000  0.000 2599.375  363.309    0    0  (Gen:  0)
 24835416      4208  59174528  0.000  0.000 2599.547  363.339    0    0  (Gen:  0)
 25224936      6160  59209720  0.000  0.000 2599.781  363.369    0    0  (Gen:  0)
 25597888      4648  59176040  0.000  0.000 2600.000  363.400    0    0  (Gen:  0)
 22734248      5288  59177256  0.000  0.000 2600.219  363.427    0    0  (Gen:  0)
 27520568      4800  59209976  0.000  0.000 2600.453  363.460    0    0  (Gen:  0)
 22339024      5272  59210992  0.000  0.000 2600.641  363.484    0    0  (Gen:  0)
 26613104      4440  59243368  0.000  0.000 2600.812  363.516    0    0  (Gen:  0)
 28024056      4792  59244280  0.000  0.000 2601.062  363.548    0    0  (Gen:  0)
 25546800      6568  59246568  0.031  0.000 2601.219  363.576    0    0  (Gen:  0)
 28302840      5440  59245952  0.000  0.000 2601.406  363.608    0    0  (Gen:  0)
 26334048      6432  59247504  0.000  0.000 2601.641  363.640    0    0  (Gen:  0)
 24635680      6376  59247864  0.000  0.000 2601.766  363.669    0    0  (Gen:  0)
 20006712      4936  59246744  0.000  0.000 2601.984  363.693    0    0  (Gen:  0)
 23119360      4592  59246816  0.000  0.000 2602.219  363.719    0    0  (Gen:  0)
 25667416      6240  59248896  0.000  0.000 2602.359  363.750    0    0  (Gen:  0)
 26125248      5600  59248720  0.000  0.000 2602.609  363.781    0    0  (Gen:  0)
 26020192      4608  59248120  0.000  0.000 2602.859  363.813    0    0  (Gen:  0)
 29132696      4296  59248200  0.000  0.000 2603.078  363.848    0    0  (Gen:  0)
 25478040      8264  59252664  0.000  0.000 2603.250  363.878    0    0  (Gen:  0)
 26249952      5360  59250144  0.000  0.000 2603.438  363.909    0    0  (Gen:  0)
 24308816      6392  59251624  0.000  0.000 2603.672  363.938    0    0  (Gen:  0)
 27762632      4808  59250536  0.000  0.000 2603.859  363.971    0    0  (Gen:  0)
 28603776      5520  59251696  0.000  0.000 2604.016  364.005    0    0  (Gen:  0)
 26762008      5576  59252216  0.000  0.000 2604.234  364.038    0    0  (Gen:  0)
 26153624      5456  59252512  0.000  0.000 2604.469  364.069    0    0  (Gen:  0)
 14935000      5888  59253296  0.000  0.007 2604.578  364.118    0    0  (Gen:  0)
 24781856      5032  59252760  0.000  0.000 2604.781  364.147    0    0  (Gen:  0)
 18173784      7528  59255968  0.000  0.000 2604.875  364.168    0    0  (Gen:  0)
 25867728      4352  59253888  0.000  0.000 2605.109  364.199    0    0  (Gen:  0)
 21020880      4792  59254840  0.000  0.000 2605.266  364.225    0    0  (Gen:  0)
 21843960      4120  59254552  0.000  0.000 2605.422  364.251    0    0  (Gen:  0)
 26841768      5136  59255968  0.000  0.000 2605.672  364.283    0    0  (Gen:  0)
 26337880      5384  59256648  0.000  0.000 2605.922  364.315    0    0  (Gen:  0)
 23207776      5360  59257136  0.000  0.000 2606.172  364.342    0    0  (Gen:  0)
 30595528      4432  59256608  0.000  0.000 2606.391  364.379    0    0  (Gen:  0)
 23134416      6464  59259056  0.000  0.000 2606.625  364.406    0    0  (Gen:  0)
 25627408      5392  59258336  0.000  0.000 2606.859  364.438    0    0  (Gen:  0)
 25372080      5112  59258472  0.000  0.000 2607.000  364.467    0    0  (Gen:  0)
 26919720      7728  59261504  0.000  0.000 2607.172  364.500    0    0  (Gen:  0)
 27137384      7432  59261592  0.000  0.000 2607.406  364.532    0    0  (Gen:  0)
 25453504  53475488  59185400  0.016  0.028 2607.625  364.590    0    0  (Gen:  1)
 27541560      6240  59187160  0.000  0.000 2607.859  364.623    0    0  (Gen:  0)
 26313928      5632  59187096  0.000  0.000 2608.219  364.655    0    0  (Gen:  0)
 23376696      6248  59188176  0.000  0.000 2608.328  364.683    0    0  (Gen:  0)
 23253328      5856  59188136  0.000  0.000 2608.531  364.711    0    0  (Gen:  0)
 24011544      5880  59188560  0.000  0.000 2608.719  364.739    0    0  (Gen:  0)
 26424616      4944  59188072  0.000  0.000 2608.906  364.771    0    0  (Gen:  0)
 25817928      5800  59189312  0.000  0.000 2609.156  364.802    0    0  (Gen:  0)
 24578968      5960  59189920  0.000  0.000 2609.391  364.831    0    0  (Gen:  0)
 28432768      5600  59189992  0.000  0.000 2609.641  364.866    0    0  (Gen:  0)
 26913968      5768  59190608  0.000  0.000 2609.891  364.898    0    0  (Gen:  0)
 24333224      4120  59189344  0.000  0.000 2610.125  364.928    0    0  (Gen:  0)
 23728184      4704  59190408  0.000  0.000 2610.344  364.957    0    0  (Gen:  0)
 23370920      4312  59190512  0.000  0.000 2610.547  364.985    0    0  (Gen:  0)
 28499184      5216  59191864  0.000  0.000 2610.766  365.020    0    0  (Gen:  0)
 27669280      4792  59191888  0.000  0.000 2611.016  365.053    0    0  (Gen:  0)
 26534488      4792  59192464  0.000  0.000 2611.250  365.085    0    0  (Gen:  0)
 24235680      5032  59193152  0.000  0.000 2611.406  365.114    0    0  (Gen:  0)
 28910600      4576  59193208  0.000  0.000 2611.656  365.149    0    0  (Gen:  0)
 27745888      5968  59195192  0.000  0.000 2611.906  365.182    0    0  (Gen:  0)
 29282912      5184  59194920  0.000  0.000 2612.125  365.216    0    0  (Gen:  0)
 26463152      4712  59194992  0.000  0.000 2612.297  365.248    0    0  (Gen:  0)
 27571792      4744  59195568  0.000  0.000 2612.594  365.281    0    0  (Gen:  0)
 24046208      5360  59196712  0.000  0.000 2612.688  365.309    0    0  (Gen:  0)
 25418592      4400  59196264  0.000  0.000 2612.859  365.339    0    0  (Gen:  0)
 28215952      6368  59198712  0.000  0.000 2613.094  365.372    0    0  (Gen:  0)
 27843112      5256  59198144  0.000  0.000 2613.422  365.405    0    0  (Gen:  0)
 27614168      4144  59197512  0.000  0.000 2613.625  365.438    0    0  (Gen:  0)
 23199728      4192  59198168  0.000  0.000 2613.719  365.466    0    0  (Gen:  0)
 26877272      4624  59199160  0.000  0.000 2613.984  365.500    0    0  (Gen:  0)
 26258648      4864  59199992  0.000  0.000 2614.219  365.532    0    0  (Gen:  0)
 26611704      5040  59200776  0.000  0.000 2614.469  365.565    0    0  (Gen:  0)
 26739392      4816  59201064  0.000  0.000 2614.625  365.596    0    0  (Gen:  0)
 20918744      4216  59201040  0.000  0.000 2614.734  365.622    0    0  (Gen:  0)
 24972152      4408  59201760  0.000  0.000 2614.938  365.652    0    0  (Gen:  0)
 26170616      4496  59202424  0.000  0.000 2615.125  365.683    0    0  (Gen:  0)
 27292320      4488  59202960  0.000  0.000 2615.344  365.716    0    0  (Gen:  0)
 26443200      5648  59204792  0.000  0.000 2615.516  365.746    0    0  (Gen:  0)
 26506080      5800  59206448  0.000  0.000 2615.734  365.777    0    0  (Gen:  0)
 22177296      5096  59206480  0.000  0.000 2615.891  365.804    0    0  (Gen:  0)
 24907856      7200  59209032  0.000  0.000 2616.141  365.834    0    0  (Gen:  0)
 26442144      5360  59207736  0.000  0.000 2616.312  365.865    0    0  (Gen:  0)
 27924232      5632  59208584  0.000  0.000 2616.516  365.899    0    0  (Gen:  0)
 25842504      4968  59208560  0.000  0.000 2616.766  365.930    0    0  (Gen:  0)
 23682584  53402064  59111976  0.094  0.035 2617.078  365.993    0    0  (Gen:  1)
  5285552      4928  59112256  0.000  0.005 2617.094  366.007    0    0  (Gen:  0)
  8980472      4128  59114352  0.000  0.000 2617.094  366.024    0    0  (Gen:  0)
 25547112      5952  59117376  0.000  0.000 2617.328  366.054    0    0  (Gen:  0)
 21827376      5456  59119176  0.000  0.000 2617.516  366.082    0    0  (Gen:  0)
 23234408      4576  59118888  0.000  0.000 2617.750  366.109    0    0  (Gen:  0)
 27654848      4168  59119008  0.000  0.000 2617.984  366.143    0    0  (Gen:  0)
 25937104      4880  59120200  0.000  0.000 2618.234  366.173    0    0  (Gen:  0)
 22561704      4784  59121352  0.000  0.000 2618.359  366.199    0    0  (Gen:  0)
 23339808      4264  59121568  0.000  0.000 2618.531  366.228    0    0  (Gen:  0)
 26309648      5560  59123280  0.000  0.000 2618.688  366.260    0    0  (Gen:  0)
 28683712      4168  59122464  0.000  0.000 2618.938  366.294    0    0  (Gen:  0)
 26101144      4192  59122936  0.000  0.000 2619.266  366.327    0    0  (Gen:  0)
 25004704      4632  59123728  0.000  0.000 2619.375  366.357    0    0  (Gen:  0)
 28145448      4552  59124160  0.000  0.000 2619.656  366.391    0    0  (Gen:  0)
 25839800      6664  59126688  0.000  0.000 2619.906  366.423    0    0  (Gen:  0)
 27638000      5096  59125472  0.000  0.000 2620.141  366.456    0    0  (Gen:  0)
 29214760      5656  59126480  0.000  0.000 2620.344  366.491    0    0  (Gen:  0)
 26168704      6456  59127728  0.000  0.000 2620.516  366.523    0    0  (Gen:  0)
 28999816      4960  59126616  0.000  0.000 2620.750  366.558    0    0  (Gen:  0)
 27078144      6320  59128456  0.000  0.000 2620.969  366.591    0    0  (Gen:  0)
 28213224      8464  59131080  0.000  0.000 2621.312  366.625    0    0  (Gen:  0)
 26625480      4752  59127912  0.000  0.000 2621.500  366.657    0    0  (Gen:  0)
 27260072      4944  59128552  0.000  0.000 2621.703  366.691    0    0  (Gen:  0)
 27986952      5488  59129480  0.000  0.000 2621.906  366.725    0    0  (Gen:  0)
 26148768      4960  59129336  0.000  0.000 2622.125  366.756    0    0  (Gen:  0)
 25431032      4616  59129408  0.000  0.000 2622.375  366.787    0    0  (Gen:  0)
 24196480      5296  59130472  0.000  0.000 2622.625  366.817    0    0  (Gen:  0)
 25018504      5608  59131200  0.000  0.000 2622.812  366.847    0    0  (Gen:  0)
 23770704      4488  59130464  0.000  0.000 2623.016  366.875    0    0  (Gen:  0)
 25008480      4088  59130544  0.000  0.000 2623.266  366.905    0    0  (Gen:  0)
 22677752      5064  59131968  0.000  0.000 2623.344  366.933    0    0  (Gen:  0)
 24620816      3904  59131288  0.000  0.000 2623.562  366.963    0    0  (Gen:  0)
 24011368      4296  59132176  0.000  0.000 2623.719  366.992    0    0  (Gen:  0)
 23667168      5144  59133504  0.000  0.000 2623.906  367.020    0    0  (Gen:  0)
 26183688      4440  59133344  0.000  0.000 2624.156  367.052    0    0  (Gen:  0)
 25444200      5208  59134528  0.000  0.000 2624.375  367.083    0    0  (Gen:  0)
 24838600      3904  59133800  0.000  0.000 2624.609  367.113    0    0  (Gen:  0)
 27728192      4376  59134816  0.000  0.000 2624.797  367.147    0    0  (Gen:  0)
 24789136      4040  59135072  0.000  0.000 2625.047  367.176    0    0  (Gen:  0)
 25491416      5528  59137104  0.000  0.000 2625.234  367.207    0    0  (Gen:  0)
 24882528      4424  59136448  0.000  0.000 2625.438  367.237    0    0  (Gen:  0)
 26893216      4072  59136544  0.000  0.000 2625.656  367.270    0    0  (Gen:  0)
 27070672      4408  59137520  0.000  0.000 2625.844  367.303    0    0  (Gen:  0)
 30252480      5352  59138912  0.000  0.000 2626.141  367.342    0    0  (Gen:  0)
 28268104  53332480  59042392  0.016  0.028 2626.391  367.404    0    0  (Gen:  1)
 25174464      4536  59042832  0.000  0.000 2626.578  367.433    0    0  (Gen:  0)
 24040960      4784  59043656  0.000  0.000 2626.797  367.461    0    0  (Gen:  0)
 28220960      4176  59043464  0.000  0.000 2627.016  367.495    0    0  (Gen:  0)
 23516720      4856  59044912  0.000  0.000 2627.203  367.522    0    0  (Gen:  0)
 21443064      5488  59046280  0.000  0.000 2627.453  367.547    0    0  (Gen:  0)
 25266560      4424  59046208  0.000  0.000 2627.672  367.576    0    0  (Gen:  0)
 22922440      3976  59046304  0.000  0.000 2627.781  367.603    0    0  (Gen:  0)
 26146712      5592  59048368  0.000  0.000 2628.000  367.634    0    0  (Gen:  0)
 24544384      4952  59048240  0.000  0.000 2628.234  367.664    0    0  (Gen:  0)
 24909256      6512  59050312  0.000  0.000 2628.484  367.694    0    0  (Gen:  0)
 24582712      5072  59049352  0.000  0.000 2628.703  367.723    0    0  (Gen:  0)
 25160760      5832  59083384  0.000  0.000 2628.891  367.753    0    0  (Gen:  0)
 28122000      5424  59050776  0.000  0.000 2629.078  367.787    0    0  (Gen:  0)
 26104752      5168  59083760  0.000  0.000 2629.312  367.818    0    0  (Gen:  0)
 27873048      5392  59084496  0.000  0.000 2629.531  367.851    0    0  (Gen:  0)
 25750248      7088  59086704  0.000  0.000 2629.719  367.914    0    0  (Gen:  0)
 26236544      5304  59085432  0.000  0.000 2629.922  367.946    0    0  (Gen:  0)
 17115264      3912  59084520  0.000  0.000 2630.031  367.969    0    0  (Gen:  0)
 27055352      6616  59087608  0.000  0.000 2630.234  368.001    0    0  (Gen:  0)
 23517440      4272  59085824  0.000  0.000 2630.312  368.028    0    0  (Gen:  0)
 18333560      4824  59086792  0.000  0.000 2630.500  368.052    0    0  (Gen:  0)
 25780848      5528  59087944  0.000  0.000 2630.734  368.083    0    0  (Gen:  0)
 26695904      6136  59089128  0.000  0.000 2630.953  368.115    0    0  (Gen:  0)
 24363632      4760  59088200  0.000  0.000 2631.188  368.144    0    0  (Gen:  0)
 25005232      5448  59089368  0.000  0.000 2631.344  368.174    0    0  (Gen:  0)
 27962128      4896  59089296  0.000  0.000 2631.547  368.207    0    0  (Gen:  0)
 26113920      5672  59090584  0.000  0.000 2631.766  368.238    0    0  (Gen:  0)
 25199992      4520  59089984  0.000  0.000 2632.016  368.268    0    0  (Gen:  0)
 27938128      5088  59091064  0.000  0.000 2632.266  368.302    0    0  (Gen:  0)
 25872440      5240  59091792  0.000  0.000 2632.500  368.332    0    0  (Gen:  0)
 26002248      4448  59091544  0.000  0.000 2632.688  368.363    0    0  (Gen:  0)
 28180624      4856  59092464  0.000  0.000 2632.891  368.398    0    0  (Gen:  0)
 28068664      5512  59093568  0.000  0.000 2633.141  368.432    0    0  (Gen:  0)
 25054136      4296  59092896  0.000  0.000 2633.359  368.463    0    0  (Gen:  0)
 28413064      5184  59094168  0.000  0.000 2633.562  368.498    0    0  (Gen:  0)
 24769720      6264  59095696  0.000  0.000 2633.750  368.527    0    0  (Gen:  0)
 28003112      3896  59093776  0.000  0.000 2634.031  368.562    0    0  (Gen:  0)
 25114168  53269400  59012080  0.125  0.026 2634.281  368.618    0    0  (Gen:  1)
 28577592      5240  59013520  0.000  0.000 2634.516  368.652    0    0  (Gen:  0)
 25541992      6224  59014888  0.000  0.000 2634.766  368.683    0    0  (Gen:  0)
 28882016      3992  59013104  0.000  0.000 2635.094  368.719    0    0  (Gen:  0)
 24192288      4648  59014256  0.000  0.000 2635.203  368.748    0    0  (Gen:  0)
 24523264      4864  59015112  0.000  0.000 2635.422  368.776    0    0  (Gen:  0)
 22171816      4408  59015840  0.000  0.000 2635.656  368.803    0    0  (Gen:  0)
 24520656      4608  59016552  0.000  0.000 2635.844  368.833    0    0  (Gen:  0)
 26048568      4688  59017112  0.000  0.000 2636.078  368.865    0    0  (Gen:  0)
 26547544      5240  59018048  0.000  0.000 2636.250  368.898    0    0  (Gen:  0)
 27636696      4080  59017400  0.000  0.000 2636.484  368.933    0    0  (Gen:  0)
 25105144      4280  59018048  0.000  0.000 2636.719  368.963    0    0  (Gen:  0)
 20688320      5088  59019400  0.000  0.000 2636.922  368.987    0    0  (Gen:  0)
 28372024      5240  59021216  0.000  0.000 2637.078  369.022    0    0  (Gen:  0)
 24847864      4384  59021456  0.000  0.000 2637.328  369.052    0    0  (Gen:  0)
 26006000      4728  59022600  0.000  0.000 2637.578  369.082    0    0  (Gen:  0)
 28048688      5144  59024136  0.000  0.000 2637.781  369.117    0    0  (Gen:  0)
 24830656      4208  59023712  0.000  0.000 2637.969  369.147    0    0  (Gen:  0)
 19889912      4328  59024312  0.000  0.000 2638.156  369.173    0    0  (Gen:  0)
 26948664      5176  59025592  0.000  0.000 2638.391  369.206    0    0  (Gen:  0)
 25029576      4488  59058864  0.000  0.000 2638.547  369.237    0    0  (Gen:  0)
 28343864      3984  59059096  0.000  0.000 2638.703  369.273    0    0  (Gen:  0)
 23849016      4304  59059904  0.000  0.000 2638.953  369.303    0    0  (Gen:  0)
 28422224      5368  59061384  0.000  0.000 2639.203  369.339    0    0  (Gen:  0)
 26162480      3784  59060280  0.000  0.000 2639.328  369.372    0    0  (Gen:  0)
 26358568      4408  59061352  0.000  0.000 2639.688  369.405    0    0  (Gen:  0)
 24809456      4504  59061896  0.000  0.000 2639.938  369.436    0    0  (Gen:  0)
 25108712      4592  59062432  0.000  0.000 2640.109  369.468    0    0  (Gen:  0)
 24908840      4944  59063200  0.000  0.000 2640.172  369.498    0    0  (Gen:  0)
 27504208      5520  59064288  0.000  0.000 2640.531  369.532    0    0  (Gen:  0)
 27455520      4864  59064080  0.000  0.000 2640.734  369.566    0    0  (Gen:  0)
 26263032      3744  59063440  0.000  0.000 2640.953  369.598    0    0  (Gen:  0)
 27287504      4424  59064600  0.000  0.000 2641.188  369.632    0    0  (Gen:  0)
 25784472      4768  59065392  0.000  0.000 2641.438  369.664    0    0  (Gen:  0)
 22891016      4728  59065960  0.000  0.000 2641.656  369.692    0    0  (Gen:  0)
 26188352      5008  59066624  0.000  0.000 2641.875  369.724    0    0  (Gen:  0)
 29023680      4208  59066336  0.000  0.000 2642.000  369.760    0    0  (Gen:  0)
 27359776      6416  59069120  0.000  0.000 2642.250  369.794    0    0  (Gen:  0)
 27677712      4800  59067888  0.000  0.000 2642.547  369.828    0    0  (Gen:  0)
 27583024  53199736  58975184  0.078  0.031 2642.812  369.893    0    0  (Gen:  1)
 10378872      4232  58975440  0.000  0.002 2642.859  369.916    0    0  (Gen:  0)
  5645848      2336  58976344  0.000  0.000 2642.875  369.925    0    0  (Gen:  0)
 26529560      8448  58982768  0.000  0.000 2643.109  369.959    0    0  (Gen:  0)
 17665816      3784  58982496  0.000  0.000 2643.172  369.980    0    0  (Gen:  0)
 25987808      3592  58982720  0.000  0.000 2643.297  370.013    0    0  (Gen:  0)
 27965344      4328  58984000  0.000  0.000 2643.625  370.049    0    0  (Gen:  0)
 27631672      4544  58984728  0.000  0.000 2643.859  370.083    0    0  (Gen:  0)
 25829496      5352  58985952  0.000  0.000 2644.078  370.116    0    0  (Gen:  0)
 27339512      4752  58985736  0.000  0.000 2644.312  370.150    0    0  (Gen:  0)
 27272816      5352  58986752  0.000  0.000 2644.531  370.183    0    0  (Gen:  0)
 28186592      4472  58986352  0.000  0.000 2644.875  370.218    0    0  (Gen:  0)
 28174128      4408  58986800  0.000  0.000 2645.031  370.253    0    0  (Gen:  0)
 23164424      3632  58986440  0.000  0.000 2645.203  370.281    0    0  (Gen:  0)
 27696184      4496  58987752  0.000  0.000 2645.453  370.315    0    0  (Gen:  0)
 26457352      3800  58987568  0.000  0.000 2645.672  370.348    0    0  (Gen:  0)
 28567832      4432  58988552  0.000  0.000 2645.906  370.384    0    0  (Gen:  0)
 26087056      4408  58988944  0.000  0.000 2646.125  370.417    0    0  (Gen:  0)
 30358336      4488  58989504  0.000  0.000 2646.422  370.456    0    0  (Gen:  0)
 27835464      4520  58990016  0.000  0.000 2646.656  370.489    0    0  (Gen:  0)
 26621128      6088  58992032  0.000  0.000 2646.875  370.522    0    0  (Gen:  0)
 27480232      5136  58991496  0.000  0.000 2647.125  370.556    0    0  (Gen:  0)
 18523904      5288  58992128  0.000  0.055 2647.266  370.645    0    0  (Gen:  0)
 10334592      3952  58991080  0.000  0.000 2647.281  370.666    0    0  (Gen:  0)
 13802136      4752  58992264  0.000  0.000 2647.391  370.685    0    0  (Gen:  0)
 15411064      4872  58992776  0.000  0.000 2647.453  370.710    0    0  (Gen:  0)
 16455848      4632  58994640  0.000  0.000 2647.562  370.729    0    0  (Gen:  0)
 22717256      5920  58997584  0.000  0.000 2647.656  370.757    0    0  (Gen:  0)
 20149440      4464  58998080  0.000  0.001 2647.812  370.782    0    0  (Gen:  0)
 25532816      4608  58998688  0.000  0.000 2648.047  370.813    0    0  (Gen:  0)
 25667984      4848  58999440  0.000  0.000 2648.250  370.844    0    0  (Gen:  0)
 27474120      6768  59001808  0.000  0.000 2648.453  370.877    0    0  (Gen:  0)
 24388496      5368  59000824  0.000  0.000 2648.703  370.907    0    0  (Gen:  0)
 23805968      5544  59001416  0.000  0.000 2648.828  370.935    0    0  (Gen:  0)
 24841744      4600  59000856  0.000  0.000 2649.000  370.965    0    0  (Gen:  0)
 29325080      5520  59002224  0.000  0.000 2649.250  371.001    0    0  (Gen:  0)
 27376392      5400  59002488  0.000  0.000 2649.500  371.034    0    0  (Gen:  0)
 25300432      5528  59003032  0.000  0.001 2649.719  371.065    0    0  (Gen:  0)
 26376656      4568  59002456  0.000  0.000 2649.938  371.096    0    0  (Gen:  0)
 25398832      4392  59002664  0.000  0.000 2650.188  371.127    0    0  (Gen:  0)
 24283744      4544  59003232  0.000  0.000 2650.406  371.156    0    0  (Gen:  0)
 22462864      4160  59003296  0.000  0.000 2650.516  371.184    0    0  (Gen:  0)
 27951704      5112  59004664  0.000  0.000 2650.891  371.217    0    0  (Gen:  0)
 26274168  53146176  58921624  0.016  0.031 2651.125  371.280    0    0  (Gen:  1)
 28430160      5000  58921664  0.000  0.000 2651.500  371.314    0    0  (Gen:  0)
  9035792      4784  58921872  0.000  0.001 2651.516  371.387    0    0  (Gen:  0)
 18502760      6040  58923816  0.000  0.000 2651.641  371.409    0    0  (Gen:  0)
 21848224      4568  58923192  0.000  0.000 2651.703  371.440    0    0  (Gen:  0)
 24596896      5928  58925000  0.000  0.000 2651.922  371.471    0    0  (Gen:  0)
 27616952      4824  58924392  0.000  0.000 2652.125  371.505    0    0  (Gen:  0)
 25057760      4576  58924544  0.000  0.000 2652.344  371.536    0    0  (Gen:  0)
 28752992      5904  58926320  0.000  0.000 2652.594  371.571    0    0  (Gen:  0)
 25485208      4544  58925376  0.000  0.000 2652.812  371.601    0    0  (Gen:  0)
 26313920      6536  58927688  0.000  0.000 2653.062  371.630    0    0  (Gen:  0)
 24806944      5656  58928056  0.000  0.000 2653.312  371.659    0    0  (Gen:  0)
 28610328      5200  58928272  0.000  0.000 2653.562  371.695    0    0  (Gen:  0)
 24737208      4480  58928096  0.000  0.000 2653.781  371.725    0    0  (Gen:  0)
 25117824      6152  58930152  0.000  0.000 2653.969  371.756    0    0  (Gen:  0)
 25507552      4072  58928536  0.000  0.000 2654.203  371.786    0    0  (Gen:  0)
 23132192      5032  58929928  0.000  0.000 2654.391  371.815    0    0  (Gen:  0)
 25650944      5224  58930472  0.000  0.000 2654.625  371.845    0    0  (Gen:  0)
 26125064      5848  58931480  0.000  0.000 2654.781  371.876    0    0  (Gen:  0)
 25103496      5000  58931032  0.000  0.000 2654.969  371.906    0    0  (Gen:  0)
 25502944      6016  58932528  0.000  0.000 2655.156  371.937    0    0  (Gen:  0)
 18855800      4992  58932096  0.000  0.000 2655.219  371.993    0    0  (Gen:  0)
 24569224      4936  58932880  0.000  0.000 2655.391  372.023    0    0  (Gen:  0)
 23630304      4968  58933360  0.000  0.000 2655.578  372.053    0    0  (Gen:  0)
 22592320      4528  58933336  0.000  0.000 2655.828  372.080    0    0  (Gen:  0)
 27610848      4400  58933576  0.000  0.000 2656.062  372.113    0    0  (Gen:  0)
 25748416      5784  58935376  0.000  0.000 2656.281  372.145    0    0  (Gen:  0)
 23156048      5096  58935184  0.000  0.000 2656.453  372.173    0    0  (Gen:  0)
 23159608      6616  58937072  0.000  0.000 2656.578  372.200    0    0  (Gen:  0)
 26345368      4232  58935040  0.000  0.000 2656.766  372.231    0    0  (Gen:  0)
 27433624      4936  58936272  0.000  0.000 2656.922  372.264    0    0  (Gen:  0)
 22076776      4448  58936200  0.000  0.000 2657.047  372.291    0    0  (Gen:  0)
 23027312      5400  58937472  0.000  0.000 2657.234  372.318    0    0  (Gen:  0)
 26930760      5792  58938280  0.000  0.000 2657.484  372.351    0    0  (Gen:  0)
 18301528      5000  58937936  0.000  0.000 2657.578  372.372    0    0  (Gen:  0)
 22339440      4992  58938344  0.000  0.000 2657.781  372.398    0    0  (Gen:  0)
 26272400      4784  58938616  0.000  0.000 2657.938  372.429    0    0  (Gen:  0)
 25855248      4312  58938672  0.000  0.000 2658.172  372.459    0    0  (Gen:  0)
 21735032      4008  58938816  0.000  0.000 2658.375  372.485    0    0  (Gen:  0)
 23664880      4976  58940200  0.000  0.000 2658.453  372.513    0    0  (Gen:  0)
 23390664      5984  58941704  0.000  0.000 2658.688  372.540    0    0  (Gen:  0)
 24269008      5288  58941488  0.000  0.000 2658.922  372.569    0    0  (Gen:  0)
 25601960      4800  58941432  0.000  0.000 2659.109  372.601    0    0  (Gen:  0)
 22885976  53091960  58867408  0.078  0.031 2659.391  372.659    0    0  (Gen:  1)
 26667480      5560  58867832  0.000  0.000 2659.641  372.691    0    0  (Gen:  0)
 21881040      6224  58868944  0.000  0.000 2659.781  372.719    0    0  (Gen:  0)
 24389080      5536  58868800  0.016  0.000 2659.922  372.748    0    0  (Gen:  0)
 26726824      4552  58868312  0.000  0.000 2660.078  372.780    0    0  (Gen:  0)
 23075128      5176  58869496  0.000  0.000 2660.188  372.806    0    0  (Gen:  0)
 26951440      5400  58870168  0.000  0.000 2660.438  372.839    0    0  (Gen:  0)
 26690904      6320  58871616  0.000  0.000 2660.656  372.870    0    0  (Gen:  0)
 22533792      4832  58870544  0.000  0.000 2660.891  372.898    0    0  (Gen:  0)
 26216520      4608  58870784  0.000  0.000 2661.062  372.930    0    0  (Gen:  0)
 24655304      4216  58870872  0.000  0.000 2661.234  372.959    0    0  (Gen:  0)
 24856352      5592  58872760  0.000  0.000 2661.438  372.989    0    0  (Gen:  0)
 26821936      5360  58873088  0.000  0.000 2661.641  373.021    0    0  (Gen:  0)
 25372688      4696  58872904  0.000  0.000 2661.891  373.051    0    0  (Gen:  0)
 26092168      4904  58873672  0.000  0.000 2662.125  373.082    0    0  (Gen:  0)
 29746752      4896  58874112  0.000  0.000 2662.375  373.120    0    0  (Gen:  0)
 24650520      5408  58875136  0.000  0.000 2662.578  373.149    0    0  (Gen:  0)
 26880712      4440  58874584  0.000  0.000 2662.781  373.182    0    0  (Gen:  0)
 27050512      5384  58876120  0.000  0.000 2663.031  373.215    0    0  (Gen:  0)
 26337368      4792  58876072  0.000  0.000 2663.281  373.247    0    0  (Gen:  0)
 21802320      5640  58877400  0.000  0.000 2663.469  373.273    0    0  (Gen:  0)
 22074968      4672  58876784  0.000  0.000 2663.641  373.299    0    0  (Gen:  0)
 24314928      5000  58877592  0.000  0.000 2663.891  373.328    0    0  (Gen:  0)
 25116064      4576  58877600  0.000  0.000 2664.141  373.359    0    0  (Gen:  0)
 24781232      5352  58878952  0.000  0.000 2664.234  373.388    0    0  (Gen:  0)
 22779712      4176  58878208  0.000  0.000 2664.453  373.415    0    0  (Gen:  0)
 26033232      4560  58879008  0.000  0.000 2664.672  373.447    0    0  (Gen:  0)
 28004440      4920  58879720  0.000  0.000 2664.906  373.480    0    0  (Gen:  0)
 28320888      5480  58880760  0.000  0.000 2665.203  373.515    0    0  (Gen:  0)
 27275096      4680  58880504  0.000  0.000 2665.453  373.547    0    0  (Gen:  0)
 26689840      4504  58880824  0.000  0.000 2665.703  373.578    0    0  (Gen:  0)
 26813816      5256  58882120  0.000  0.000 2665.953  373.610    0    0  (Gen:  0)
 24589960      6520  58883896  0.000  0.000 2666.094  373.640    0    0  (Gen:  0)
 24544296      5856  58883648  0.000  0.000 2666.188  373.670    0    0  (Gen:  0)
 27819096      5328  58883568  0.000  0.000 2666.531  373.703    0    0  (Gen:  0)
 26237960  53039496  58814944  0.016  0.025 2666.703  373.759    0    0  (Gen:  1)
 23788296      7224  58818208  0.000  0.000 2666.906  373.788    0    0  (Gen:  0)
 29481440      5368  58816672  0.000  0.000 2667.141  373.824    0    0  (Gen:  0)
 27317936      4944  58816792  0.000  0.000 2667.406  373.858    0    0  (Gen:  0)
 25378056      7296  58852416  0.000  0.000 2667.516  373.888    0    0  (Gen:  0)
 24188232      4928  58817832  0.000  0.000 2667.734  373.917    0    0  (Gen:  0)
 26726808      5048  58818384  0.000  0.000 2667.969  373.948    0    0  (Gen:  0)
 28046928      5536  58819464  0.000  0.000 2668.219  373.982    0    0  (Gen:  0)
 24226592      6320  58820728  0.000  0.000 2668.328  374.010    0    0  (Gen:  0)
 26606792      5040  58820568  0.000  0.000 2668.484  374.041    0    0  (Gen:  0)
 22762008      6376  58855304  0.000  0.004 2668.672  374.074    0    0  (Gen:  0)
 16798968      4928  58822088  0.000  0.000 2668.719  374.099    0    0  (Gen:  0)
 20934344      5328  58823648  0.000  0.000 2668.812  374.122    0    0  (Gen:  0)
 20144688      7624  58826872  0.000  0.000 2668.984  374.148    0    0  (Gen:  0)
 23887336      5056  58825760  0.000  0.000 2669.234  374.176    0    0  (Gen:  0)
 27313632      4928  58826192  0.000  0.000 2669.438  374.209    0    0  (Gen:  0)
 25015128      4320  58826032  0.000  0.000 2669.641  374.239    0    0  (Gen:  0)
 24378784      6232  58861280  0.000  0.000 2669.750  374.271    0    0  (Gen:  0)
 24847360      5720  58828520  0.000  0.000 2669.984  374.299    0    0  (Gen:  0)
 28038008      4856  58829000  0.000  0.000 2670.234  374.332    0    0  (Gen:  0)
 29174864      4408  58862176  0.000  0.000 2670.484  374.368    0    0  (Gen:  0)
 28625088      4784  58863160  0.000  0.000 2670.719  374.402    0    0  (Gen:  0)
 29205144      5808  58864728  0.000  0.000 2670.953  374.439    0    0  (Gen:  0)
 27121776      4296  58863728  0.000  0.000 2671.188  374.471    0    0  (Gen:  0)
 23434536      5792  58865576  0.000  0.000 2671.406  374.499    0    0  (Gen:  0)
 26262384      4120  58864352  0.000  0.000 2671.641  374.531    0    0  (Gen:  0)
 29431472      5168  58865848  0.000  0.000 2671.891  374.567    0    0  (Gen:  0)
 26814352      4032  58865160  0.000  0.000 2672.141  374.599    0    0  (Gen:  0)
 27737568      4792  58866368  0.000  0.000 2672.328  374.632    0    0  (Gen:  0)
 28690512      5632  58867624  0.000  0.000 2672.531  374.666    0    0  (Gen:  0)
 27010200      4576  58867152  0.000  0.000 2672.781  374.699    0    0  (Gen:  0)
 25716840      3680  58866736  0.000  0.000 2672.984  374.730    0    0  (Gen:  0)
 23782200      4528  58868080  0.000  0.000 2673.078  374.759    0    0  (Gen:  0)
 22694720      6000  58870032  0.000  0.000 2673.312  374.787    0    0  (Gen:  0)
 25525480      4152  58868648  0.000  0.000 2673.531  374.819    0    0  (Gen:  0)
 23579648      4744  58869816  0.000  0.000 2673.734  374.849    0    0  (Gen:  0)
 27613096      4400  58870000  0.000  0.000 2673.953  374.883    0    0  (Gen:  0)
 22692824      5376  58871568  0.000  0.000 2674.125  374.910    0    0  (Gen:  0)
 22997128      4392  58871096  0.000  0.000 2674.375  374.937    0    0  (Gen:  0)
 26171200      4336  58871488  0.000  0.000 2674.594  374.968    0    0  (Gen:  0)
 25368480  52973080  58781296  0.016  0.027 2674.781  375.026    0    0  (Gen:  1)
 27815168      4272  58781064  0.000  0.000 2675.031  375.060    0    0  (Gen:  0)
 28226064      4336  58781704  0.000  0.000 2675.406  375.093    0    0  (Gen:  0)
 25166144      4200  58782112  0.000  0.000 2675.531  375.123    0    0  (Gen:  0)
 22984240      5168  58783528  0.000  0.000 2675.719  375.149    0    0  (Gen:  0)
 25035392      6400  58785176  0.000  0.000 2675.906  375.179    0    0  (Gen:  0)
 27907808      4304  58783688  0.000  0.000 2676.156  375.212    0    0  (Gen:  0)
 26744168      5456  58785448  0.000  0.000 2676.328  375.243    0    0  (Gen:  0)
 25010208      4416  58784920  0.000  0.000 2676.547  375.272    0    0  (Gen:  0)
 28798472      4904  58785888  0.000  0.000 2676.781  375.306    0    0  (Gen:  0)
 24513064      4408  58786000  0.000  0.000 2677.031  375.335    0    0  (Gen:  0)
 22399496      4624  58786696  0.000  0.000 2677.234  375.362    0    0  (Gen:  0)
 26173264      5416  58788096  0.000  0.000 2677.484  375.394    0    0  (Gen:  0)
 26329352      4352  58787592  0.000  0.000 2677.734  375.425    0    0  (Gen:  0)
 26145336      6216  58789968  0.000  0.000 2677.953  375.456    0    0  (Gen:  0)
 25073896      4328  58788624  0.000  0.000 2678.188  375.485    0    0  (Gen:  0)
 27900408      6008  58790816  0.000  0.000 2678.391  375.518    0    0  (Gen:  0)
 26109056      5016  58790368  0.000  0.000 2678.609  375.548    0    0  (Gen:  0)
 25858176      6512  58792344  0.000  0.000 2678.859  375.578    0    0  (Gen:  0)
 26207648      4544  58790888  0.000  0.000 2679.109  375.609    0    0  (Gen:  0)
 27891368      5960  58792816  0.000  0.000 2679.359  375.642    0    0  (Gen:  0)
 29961048      6320  58793656  0.000  0.000 2679.594  375.678    0    0  (Gen:  0)
 25705824      5784  58793696  0.000  0.000 2679.844  375.708    0    0  (Gen:  0)
 19828736      4400  58792824  0.000  0.000 2679.953  375.731    0    0  (Gen:  0)
 19439160      5424  58794296  0.000  0.000 2680.125  375.756    0    0  (Gen:  0)
 26895024      4984  58794336  0.000  0.000 2680.266  375.787    0    0  (Gen:  0)
 23888904      5352  58795264  0.000  0.000 2680.484  375.815    0    0  (Gen:  0)
 23989632      4920  58795344  0.000  0.000 2680.719  375.844    0    0  (Gen:  0)
 21953016      7072  58798072  0.000  0.000 2680.844  375.868    0    0  (Gen:  0)
 25965264      4560  58796936  0.000  0.000 2681.000  375.899    0    0  (Gen:  0)
 27847880      5328  58798344  0.000  0.000 2681.219  375.932    0    0  (Gen:  0)
 26426152      5824  58799384  0.000  0.000 2681.469  375.963    0    0  (Gen:  0)
 26119288      4952  58798960  0.000  0.000 2681.672  375.994    0    0  (Gen:  0)
 26482624  52915320  58723536  0.141  0.027 2681.938  376.052    0    0  (Gen:  1)
 28423728      4344  58723528  0.000  0.000 2682.188  376.085    0    0  (Gen:  0)
 20932720      5120  58724848  0.000  0.002 2682.344  376.135    0    0  (Gen:  0)
 25942192      4472  58724680  0.000  0.000 2682.406  376.167    0    0  (Gen:  0)
 21127144      4208  58724976  0.000  0.000 2682.594  376.193    0    0  (Gen:  0)
 28601536      6080  58727360  0.000  0.000 2682.812  376.226    0    0  (Gen:  0)
 25038408      4968  58726968  0.000  0.000 2682.969  376.256    0    0  (Gen:  0)
 27022824      5104  58727584  0.000  0.000 2683.203  376.287    0    0  (Gen:  0)
 26290624      5216  58728304  0.000  0.000 2683.422  376.318    0    0  (Gen:  0)
 30081136      5288  58728824  0.000  0.000 2683.672  376.354    0    0  (Gen:  0)
 27011792      5368  58729512  0.000  0.000 2683.875  376.387    0    0  (Gen:  0)
 24045720      4912  58729472  0.000  0.000 2684.078  376.415    0    0  (Gen:  0)
 26536736      4840  58729912  0.000  0.000 2684.312  376.448    0    0  (Gen:  0)
 29098160      5032  58730568  0.000  0.000 2684.672  376.483    0    0  (Gen:  0)
 24545584      4928  58730944  0.000  0.000 2684.766  376.513    0    0  (Gen:  0)
 21904200      5232  58731600  0.000  0.000 2684.969  376.538    0    0  (Gen:  0)
 23003120      4920  58731704  0.000  0.000 2685.219  376.566    0    0  (Gen:  0)
 26791296      4592  58731840  0.000  0.000 2685.469  376.598    0    0  (Gen:  0)
 24247320      5264  58732960  0.000  0.000 2685.656  376.627    0    0  (Gen:  0)
 19949992      6304  58734736  0.000  0.000 2685.719  376.650    0    0  (Gen:  0)
 27467712      7240  58736600  0.000  0.000 2685.922  376.683    0    0  (Gen:  0)
 24615184      5088  58734896  0.000  0.000 2686.141  376.712    0    0  (Gen:  0)
 27701760      5632  58736336  0.000  0.000 2686.391  376.745    0    0  (Gen:  0)
 25118816      5064  58736696  0.000  0.000 2686.609  376.776    0    0  (Gen:  0)
 28104752      5272  58737416  0.000  0.000 2686.859  376.810    0    0  (Gen:  0)
 23889184      4040  58736648  0.000  0.000 2687.062  376.840    0    0  (Gen:  0)
 25286104      5384  58738312  0.000  0.000 2687.281  376.871    0    0  (Gen:  0)
 28384224      4504  58737960  0.000  0.000 2687.594  376.907    0    0  (Gen:  0)
 24861392      4472  58738416  0.000  0.000 2687.812  376.936    0    0  (Gen:  0)
 27273536      6776  58741432  0.000  0.000 2687.969  376.971    0    0  (Gen:  0)
 28876672      4392  58740432  0.000  0.000 2688.156  377.007    0    0  (Gen:  0)
 24194368      3736  58740288  0.000  0.000 2688.234  377.038    0    0  (Gen:  0)
 24540088      5552  58742488  0.000  0.000 2688.469  377.068    0    0  (Gen:  0)
 27887088      3968  58741432  0.000  0.000 2688.703  377.103    0    0  (Gen:  0)
 25402656      5208  58743152  0.000  0.000 2688.938  377.134    0    0  (Gen:  0)
 27366984      4600  58742960  0.000  0.000 2689.156  377.169    0    0  (Gen:  0)
 25751720  52856960  58665176  0.031  0.028 2689.438  377.229    0    0  (Gen:  1)
 24283000      4896  58665832  0.000  0.000 2689.609  377.259    0    0  (Gen:  0)
 26803584      4296  58665648  0.000  0.000 2689.750  377.293    0    0  (Gen:  0)
 23624632      5368  58667168  0.000  0.000 2689.984  377.322    0    0  (Gen:  0)
 27540824      3672  58665888  0.000  0.000 2690.234  377.357    0    0  (Gen:  0)
 29355288      5848  58668512  0.000  0.000 2690.562  377.394    0    0  (Gen:  0)
 28894416      4240  58667416  0.000  0.000 2690.812  377.430    0    0  (Gen:  0)
 25040120      3936  58667592  0.000  0.000 2691.016  377.462    0    0  (Gen:  0)
 25415040      5000  58669136  0.000  0.000 2691.266  377.494    0    0  (Gen:  0)
 27710632      4176  58668776  0.000  0.000 2691.438  377.529    0    0  (Gen:  0)
 25873864      4072  58669184  0.000  0.000 2691.703  377.562    0    0  (Gen:  0)
 26460152      4216  58669840  0.000  0.000 2691.953  377.595    0    0  (Gen:  0)
 25587800      3904  58670008  0.000  0.000 2692.203  377.627    0    0  (Gen:  0)
 21133992      4400  58670952  0.000  0.000 2692.312  377.655    0    0  (Gen:  0)
 26184040      5344  58672248  0.000  0.000 2692.562  377.687    0    0  (Gen:  0)
 25439808      3968  58671288  0.000  0.000 2692.734  377.718    0    0  (Gen:  0)
 26003608      4048  58671848  0.000  0.000 2692.922  377.750    0    0  (Gen:  0)
 27631656      4728  58673088  0.000  0.000 2693.172  377.784    0    0  (Gen:  0)
 27206120      3960  58672768  0.000  0.000 2693.406  377.819    0    0  (Gen:  0)
 28896896      4600  58706680  0.000  0.001 2693.656  377.855    0    0  (Gen:  0)
 17854568      4720  58707312  0.000  0.007 2693.797  377.894    0    0  (Gen:  0)
 13051096      4256  58707232  0.000  0.000 2693.844  377.915    0    0  (Gen:  0)
 27761808      6824  58710568  0.000  0.000 2694.000  377.949    0    0  (Gen:  0)
 24250856      4776  58709424  0.000  0.000 2694.203  377.977    0    0  (Gen:  0)
 25246864      5624  58711440  0.000  0.000 2694.359  378.010    0    0  (Gen:  0)
 26752696      5440  58712168  0.000  0.000 2694.594  378.041    0    0  (Gen:  0)
 22012200      4392  58711712  0.000  0.000 2694.797  378.069    0    0  (Gen:  0)
 25503168      4208  58711912  0.000  0.000 2695.016  378.100    0    0  (Gen:  0)
 26824504      4960  58713144  0.000  0.000 2695.250  378.133    0    0  (Gen:  0)
 23490944      3976  58712576  0.000  0.000 2695.422  378.162    0    0  (Gen:  0)
 26493808      5448  58714528  0.000  0.000 2695.672  378.194    0    0  (Gen:  0)
 25948944      4656  58714280  0.000  0.000 2695.922  378.225    0    0  (Gen:  0)
 23818208      4696  58714776  0.000  0.000 2696.125  378.253    0    0  (Gen:  0)
 18999696      4152  58714776  0.000  0.000 2696.219  378.275    0    0  (Gen:  0)
 26923864      4528  58715632  0.000  0.000 2696.406  378.307    0    0  (Gen:  0)
 22815928      4288  58715840  0.000  0.001 2696.641  378.335    0    0  (Gen:  0)
 23172424      4240  58716240  0.000  0.000 2696.875  378.362    0    0  (Gen:  0)
 21805496      3776  58716160  0.000  0.000 2696.984  378.389    0    0  (Gen:  0)
 23864904      4000  58716736  0.000  0.000 2697.094  378.417    0    0  (Gen:  0)
 24953176      6256  58719472  0.000  0.000 2697.281  378.447    0    0  (Gen:  0)
 24938088  52796768  58637752  0.094  0.026 2697.594  378.501    0    0  (Gen:  1)
 25933432      6344  58639016  0.000  0.000 2697.719  378.533    0    0  (Gen:  0)
 22767624      4072  58637192  0.000  0.000 2697.844  378.559    0    0  (Gen:  0)
 28310904      6280  58639720  0.000  0.000 2698.172  378.593    0    0  (Gen:  0)
 24518720      4208  58638160  0.000  0.000 2698.281  378.622    0    0  (Gen:  0)
 22557808      5736  58640168  0.000  0.000 2698.484  378.649    0    0  (Gen:  0)
 21755936      5288  58640280  0.000  0.000 2698.703  378.674    0    0  (Gen:  0)
 24732432      5104  58640608  0.000  0.000 2698.953  378.703    0    0  (Gen:  0)
 25728176      4192  58640128  0.000  0.000 2699.172  378.734    0    0  (Gen:  0)
 24066144      5592  58641880  0.000  0.000 2699.250  378.764    0    0  (Gen:  0)
 25180472      5144  58641816  0.000  0.000 2699.375  378.794    0    0  (Gen:  0)
 21376464      5072  58642160  0.000  0.000 2699.609  378.820    0    0  (Gen:  0)
 21270440      4736  58642304  0.000  0.000 2699.781  378.845    0    0  (Gen:  0)
 25260944      5456  58643632  0.000  0.000 2699.969  378.875    0    0  (Gen:  0)
 24827792      4688  58643328  0.047  0.000 2700.078  378.904    0    0  (Gen:  0)
 27033880      4544  58643536  0.000  0.000 2700.297  378.937    0    0  (Gen:  0)
 23739776      4960  58644496  0.000  0.000 2700.422  378.966    0    0  (Gen:  0)
 25833352      5816  58645736  0.000  0.000 2700.562  378.996    0    0  (Gen:  0)
 22567504      5184  58645552  0.000  0.000 2700.688  379.026    0    0  (Gen:  0)
 28684192      6016  58646800  0.000  0.000 2700.938  379.059    0    0  (Gen:  0)
 27651064      6760  58647960  0.000  0.000 2701.156  379.090    0    0  (Gen:  0)
 22426704      5288  58647800  0.000  0.000 2701.391  379.116    0    0  (Gen:  0)
 26452000      5640  58648760  0.000  0.000 2701.594  379.148    0    0  (Gen:  0)
 23376768      5256  58648856  0.000  0.000 2701.766  379.177    0    0  (Gen:  0)
 23358240      4520  58648568  0.000  0.000 2702.000  379.205    0    0  (Gen:  0)
 23475800      4800  58649280  0.000  0.000 2702.109  379.233    0    0  (Gen:  0)
 23688312      6224  58651120  0.000  0.000 2702.203  379.261    0    0  (Gen:  0)
 23868600      5528  58650872  0.000  0.000 2702.438  379.289    0    0  (Gen:  0)
 26259128      5304  58651128  0.000  0.000 2702.625  379.321    0    0  (Gen:  0)
 24741368      5136  58651424  0.000  0.000 2702.859  379.350    0    0  (Gen:  0)
 22085384      6376  58653048  0.000  0.000 2703.062  379.376    0    0  (Gen:  0)
 24265480      5072  58652192  0.000  0.000 2703.312  379.405    0    0  (Gen:  0)
 24749560      5232  58652880  0.000  0.000 2703.422  379.435    0    0  (Gen:  0)
 23737240      5184  58653280  0.000  0.000 2703.578  379.463    0    0  (Gen:  0)
 25861536      5128  58653624  0.000  0.000 2703.688  379.495    0    0  (Gen:  0)
 26467088      4896  58653840  0.000  0.000 2703.844  379.526    0    0  (Gen:  0)
 26348088      5856  58655184  0.000  0.000 2704.094  379.558    0    0  (Gen:  0)
 20646440      6192  58655936  0.000  0.000 2704.281  379.583    0    0  (Gen:  0)
 25091544      5904  58656032  0.000  0.000 2704.531  379.613    0    0  (Gen:  0)
 25001232      4584  58655192  0.000  0.000 2704.766  379.643    0    0  (Gen:  0)
 26305392  52743264  58584248  0.047  0.027 2704.984  379.702    0    0  (Gen:  1)
 24636512      5536  58583488  0.000  0.000 2705.078  379.731    0    0  (Gen:  0)
 16380864      6608  58585008  0.000  0.000 2705.188  379.780    0    0  (Gen:  0)
 22275360      5392  58584264  0.000  0.000 2705.297  379.809    0    0  (Gen:  0)
 21351472      4912  58584768  0.000  0.000 2705.453  379.838    0    0  (Gen:  0)
 22385752      6528  58587184  0.000  0.000 2705.656  379.866    0    0  (Gen:  0)
 24963400      5440  58586464  0.000  0.000 2705.891  379.896    0    0  (Gen:  0)
 29996264      4432  58585904  0.000  0.000 2706.094  379.932    0    0  (Gen:  0)
 24912424      4976  58586928  0.000  0.000 2706.328  379.961    0    0  (Gen:  0)
 27166976      5112  58587832  0.000  0.000 2706.562  379.993    0    0  (Gen:  0)
 27805960      4432  58588272  0.000  0.000 2706.750  380.026    0    0  (Gen:  0)
 28192808      4520  58588808  0.000  0.000 2707.000  380.060    0    0  (Gen:  0)
 20944744      4184  58588952  0.000  0.000 2707.203  380.085    0    0  (Gen:  0)
 26645608      5640  58590792  0.000  0.000 2707.438  380.118    0    0  (Gen:  0)
 27526616      5488  58591168  0.000  0.000 2707.672  380.150    0    0  (Gen:  0)
 26930280      4936  58591144  0.000  0.000 2707.875  380.183    0    0  (Gen:  0)
 28088352      4968  58591592  0.000  0.000 2708.203  380.218    0    0  (Gen:  0)
 25869608      4288  58591360  0.000  0.000 2708.391  380.250    0    0  (Gen:  0)
 27709680      4704  58592288  0.000  0.000 2708.531  380.284    0    0  (Gen:  0)
 23667216      5216  58593216  0.000  0.000 2708.734  380.311    0    0  (Gen:  0)
 27812984      4728  58593176  0.000  0.000 2708.984  380.346    0    0  (Gen:  0)
 27553696      5160  58594104  0.000  0.000 2709.219  380.379    0    0  (Gen:  0)
 24899184      4688  58594080  0.000  0.000 2709.469  380.410    0    0  (Gen:  0)
 23404568      4120  58593896  0.000  0.000 2709.703  380.439    0    0  (Gen:  0)
 24301400      4632  58594792  0.000  0.000 2709.953  380.468    0    0  (Gen:  0)
 23313824      4296  58594840  0.000  0.000 2710.031  380.497    0    0  (Gen:  0)
 28140456      4712  58595672  0.000  0.000 2710.312  380.531    0    0  (Gen:  0)
 24696224      5144  58596616  0.000  0.000 2710.547  380.562    0    0  (Gen:  0)
 25202984      5712  58597664  0.000  0.000 2710.781  380.593    0    0  (Gen:  0)
 25822904      4216  58596664  0.000  0.000 2711.016  380.625    0    0  (Gen:  0)
 20634712      5160  58597992  0.000  0.000 2711.125  380.649    0    0  (Gen:  0)
 27812096      5168  58598384  0.000  0.000 2711.344  380.683    0    0  (Gen:  0)
 26773928      4808  58598472  0.000  0.000 2711.594  380.716    0    0  (Gen:  0)
 25860192      4184  58598296  0.000  0.000 2711.766  380.748    0    0  (Gen:  0)
 27419760      4792  58599352  0.000  0.000 2712.094  380.781    0    0  (Gen:  0)
 25950144      5704  58600712  0.000  0.000 2712.312  380.812    0    0  (Gen:  0)
 21184128      4864  58600416  0.000  0.000 2712.406  380.839    0    0  (Gen:  0)
 21653248  52688328  58529312  0.094  0.026 2712.703  380.891    0    0  (Gen:  1)
 26631720      5736  58530960  0.000  0.000 2712.953  380.923    0    0  (Gen:  0)
 26186456      5960  58531600  0.000  0.000 2713.203  380.955    0    0  (Gen:  0)
 27307152      4688  58530824  0.000  0.000 2713.422  380.988    0    0  (Gen:  0)
 25571840      5104  58531688  0.000  0.000 2713.578  381.019    0    0  (Gen:  0)
 26893416      5944  58532944  0.000  0.000 2713.828  381.051    0    0  (Gen:  0)
 26772248      4584  58531936  0.000  0.000 2714.047  381.084    0    0  (Gen:  0)
 27503728      4856  58532672  0.000  0.000 2714.297  381.117    0    0  (Gen:  0)
 25930808      6104  58534432  0.000  0.000 2714.516  381.149    0    0  (Gen:  0)
 25919896      5096  58533920  0.000  0.000 2714.719  381.180    0    0  (Gen:  0)
 20828144      5616  58534856  0.000  0.000 2714.969  381.205    0    0  (Gen:  0)
 24317248      5744  58535368  0.000  0.000 2715.172  381.235    0    0  (Gen:  0)
 24349872      3952  58534072  0.000  0.000 2715.375  381.265    0    0  (Gen:  0)
 26548816      4984  58535600  0.000  0.000 2715.594  381.297    0    0  (Gen:  0)
 26078232      6320  58537336  0.000  0.000 2715.844  381.329    0    0  (Gen:  0)
 29429304      6848  58538344  0.000  0.000 2716.094  381.365    0    0  (Gen:  0)
 28468064      4152  58536096  0.000  0.000 2716.328  381.401    0    0  (Gen:  0)
 25000304      4872  58537264  0.000  0.000 2716.562  381.431    0    0  (Gen:  0)
 28333808      4224  58537000  0.000  0.000 2716.797  381.466    0    0  (Gen:  0)
 29076304      6008  58539264  0.000  0.000 2717.141  381.502    0    0  (Gen:  0)
 25361152      5536  58539240  0.000  0.000 2717.391  381.532    0    0  (Gen:  0)
 27989568      4960  58539240  0.000  0.000 2717.609  381.565    0    0  (Gen:  0)
 20886760      4976  58539784  0.000  0.000 2717.719  381.590    0    0  (Gen:  0)
 21167080      4624  58539880  0.000  0.000 2717.953  381.615    0    0  (Gen:  0)
 26582384      5656  58541328  0.000  0.000 2718.203  381.647    0    0  (Gen:  0)
 25810480      5064  58541280  0.000  0.000 2718.422  381.678    0    0  (Gen:  0)
 25311064      4424  58541216  0.000  0.000 2718.672  381.707    0    0  (Gen:  0)
 24231008      4328  58541808  0.000  0.000 2718.922  381.735    0    0  (Gen:  0)
 20672808      5736  58543728  0.000  0.001 2719.000  381.781    0    0  (Gen:  0)
 13270544      5552  58544088  0.000  0.000 2719.094  381.798    0    0  (Gen:  0)
 27094776      5208  58544440  0.000  0.000 2719.344  381.832    0    0  (Gen:  0)
 18123240      5152  58545416  0.000  0.000 2719.453  381.856    0    0  (Gen:  0)
 25291432      4760  58545472  0.000  0.000 2719.656  381.887    0    0  (Gen:  0)
 23605696      4120  58545328  0.000  0.000 2719.844  381.916    0    0  (Gen:  0)
 20760840      5200  58546792  0.000  0.000 2720.000  381.942    0    0  (Gen:  0)
 26733904  52639368  58480352  0.109  0.026 2720.359  382.000    0    0  (Gen:  1)
 25256016      4488  58480552  0.000  0.000 2720.594  382.031    0    0  (Gen:  0)
 25870744      5176  58481720  0.000  0.000 2720.828  382.063    0    0  (Gen:  0)
 29708336      4472  58481368  0.000  0.000 2721.031  382.099    0    0  (Gen:  0)
 23703656      4752  58482224  0.000  0.000 2721.250  382.128    0    0  (Gen:  0)
 25468104      5088  58483320  0.000  0.000 2721.391  382.159    0    0  (Gen:  0)
 24020728      4328  58483944  0.000  0.000 2721.594  382.187    0    0  (Gen:  0)
 26481456      6136  58486232  0.000  0.000 2721.750  382.219    0    0  (Gen:  0)
 27360400      5896  58486728  0.000  0.000 2721.984  382.250    0    0  (Gen:  0)
 26409216      4512  58519928  0.000  0.000 2722.125  382.284    0    0  (Gen:  0)
 24763160      4288  58520600  0.000  0.000 2722.344  382.315    0    0  (Gen:  0)
 24815440      4640  58521376  0.000  0.000 2722.562  382.345    0    0  (Gen:  0)
 26485632      4352  58521568  0.000  0.000 2722.797  382.378    0    0  (Gen:  0)
 24893088      3776  58521488  0.000  0.000 2723.047  382.409    0    0  (Gen:  0)
 23388648      4568  58522760  0.000  0.000 2723.266  382.439    0    0  (Gen:  0)
 25516872      5000  58523576  0.000  0.000 2723.500  382.471    0    0  (Gen:  0)
 26835064      5312  58524368  0.000  0.000 2723.719  382.504    0    0  (Gen:  0)
 29212392      4592  58524160  0.000  0.000 2723.906  382.539    0    0  (Gen:  0)
 27933504      4936  58525080  0.000  0.000 2724.141  382.573    0    0  (Gen:  0)
 25714272      4832  58525520  0.000  0.000 2724.391  382.604    0    0  (Gen:  0)
 27613192      3672  58524872  0.000  0.000 2724.625  382.637    0    0  (Gen:  0)
 25472304      5288  58527112  0.000  0.000 2724.766  382.666    0    0  (Gen:  0)
 27361568      6032  58528336  0.000  0.000 2724.953  382.700    0    0  (Gen:  0)
 27891080      4976  58527792  0.000  0.000 2725.312  382.733    0    0  (Gen:  0)
 29869696      4424  58527784  0.000  0.000 2725.531  382.770    0    0  (Gen:  0)
 24823928      4944  58528848  0.000  0.000 2725.750  382.800    0    0  (Gen:  0)
 26342112      4680  58529064  0.000  0.000 2725.969  382.832    0    0  (Gen:  0)
 26075928      4936  58529832  0.000  0.001 2726.188  382.865    0    0  (Gen:  0)
 22376016      4104  58529560  0.000  0.000 2726.359  382.891    0    0  (Gen:  0)
 25496224      5152  58531056  0.000  0.000 2726.562  382.924    0    0  (Gen:  0)
 29070552      4168  58530600  0.000  0.000 2726.781  382.960    0    0  (Gen:  0)
 26417352      4392  58531272  0.000  0.000 2726.969  382.990    0    0  (Gen:  0)
 27427824      4328  58531816  0.000  0.000 2727.203  383.023    0    0  (Gen:  0)
 27576448      4752  58532688  0.000  0.000 2727.438  383.056    0    0  (Gen:  0)
 19513672      5592  58534008  0.000  0.000 2727.609  383.079    0    0  (Gen:  0)
 28780800      6624  58535488  0.000  0.000 2727.859  383.113    0    0  (Gen:  0)
 27863192      4920  58534264  0.000  0.000 2728.047  383.147    0    0  (Gen:  0)
 24495440      4440  58534376  0.000  0.000 2728.234  383.176    0    0  (Gen:  0)
 25650424      4648  58535064  0.000  0.000 2728.406  383.206    0    0  (Gen:  0)
 24961352      4912  58535808  0.000  0.000 2728.562  383.236    0    0  (Gen:  0)
 25069880  52570448  58444200  0.016  0.027 2728.750  383.292    0    0  (Gen:  1)
 24752704      4032  58444608  0.000  0.000 2728.953  383.322    0    0  (Gen:  0)
 26619792      4272  58445360  0.000  0.000 2729.188  383.354    0    0  (Gen:  0)
 25084984      5328  58446896  0.000  0.000 2729.391  383.385    0    0  (Gen:  0)
 26424896      4112  58446160  0.000  0.000 2729.609  383.417    0    0  (Gen:  0)
 26261488      4464  58446992  0.000  0.000 2729.859  383.448    0    0  (Gen:  0)
 25637288      5144  58448248  0.000  0.000 2730.109  383.480    0    0  (Gen:  0)
 25867248      4200  58447800  0.000  0.000 2730.297  383.510    0    0  (Gen:  0)
 27067720      5144  58449256  0.000  0.000 2730.531  383.543    0    0  (Gen:  0)
 25684568      5440  58450096  0.000  0.000 2730.750  383.574    0    0  (Gen:  0)
 26639592      4592  58449664  0.000  0.000 2730.984  383.606    0    0  (Gen:  0)
 24989936      4904  58450552  0.000  0.000 2731.203  383.636    0    0  (Gen:  0)
 26796840      4488  58450552  0.000  0.000 2731.422  383.669    0    0  (Gen:  0)
 25326992      4576  58451248  0.000  0.000 2731.672  383.699    0    0  (Gen:  0)
 26896856      4184  58451480  0.000  0.000 2731.812  383.731    0    0  (Gen:  0)
 26988792      4968  58452808  0.000  0.000 2732.000  383.763    0    0  (Gen:  0)
 23458040      4656  58453072  0.000  0.000 2732.125  383.791    0    0  (Gen:  0)
 19879064      4856  58453688  0.000  0.000 2732.281  383.823    0    0  (Gen:  0)
 15201928      6456  58456296  0.000  0.000 2732.359  383.845    0    0  (Gen:  0)
 24772936      7720  58458416  0.000  0.000 2732.484  383.875    0    0  (Gen:  0)
 21442440      4680  58455920  0.000  0.000 2732.578  383.901    0    0  (Gen:  0)
 25984944      5736  58457392  0.000  0.000 2732.812  383.931    0    0  (Gen:  0)
 26526176      5576  58457712  0.000  0.000 2733.016  383.962    0    0  (Gen:  0)
 24364408      6520  58459328  0.000  0.000 2733.203  383.988    0    0  (Gen:  0)
 28926496      4944  58459032  0.000  0.000 2733.422  384.023    0    0  (Gen:  0)
 28327120      4856  58459520  0.000  0.000 2733.672  384.057    0    0  (Gen:  0)
 25688448      4848  58460056  0.000  0.000 2733.922  384.087    0    0  (Gen:  0)
 23324672      4312  58492728  0.000  0.000 2734.156  384.116    0    0  (Gen:  0)
 27717208      6632  58495496  0.000  0.000 2734.359  384.148    0    0  (Gen:  0)
 26752128      5392  58494800  0.000  0.000 2734.562  384.177    0    0  (Gen:  0)
 24540008      5768  58496456  0.000  0.000 2734.750  384.206    0    0  (Gen:  0)
 25020320      4096  58495608  0.000  0.000 2734.891  384.235    0    0  (Gen:  0)
 24820208      5144  58497184  0.000  0.000 2735.062  384.265    0    0  (Gen:  0)
 24995144      6416  58498904  0.000  0.000 2735.188  384.294    0    0  (Gen:  0)
 25802224      4712  58497728  0.000  0.000 2735.406  384.325    0    0  (Gen:  0)
 26970544      4280  58497872  0.000  0.000 2735.625  384.357    0    0  (Gen:  0)
 26277096      5104  58499080  0.000  0.000 2735.875  384.390    0    0  (Gen:  0)
 26252864      5072  58499464  0.000  0.000 2736.109  384.423    0    0  (Gen:  0)
 25688472      5432  58500208  0.000  0.000 2736.344  384.455    0    0  (Gen:  0)
 27966552      5512  58500672  0.000  0.000 2736.547  384.490    0    0  (Gen:  0)
 24484032      5280  58500856  0.000  0.000 2736.672  384.518    0    0  (Gen:  0)
 26283808      4336  58534056  0.000  0.000 2736.922  384.549    0    0  (Gen:  0)
 28777328  52497248  58436536  0.125  0.029 2737.281  384.615    0    0  (Gen:  1)
 23862824      4248  58436520  0.000  0.000 2737.438  384.644    0    0  (Gen:  0)
 28577008      3824  58436480  0.000  0.000 2737.656  384.680    0    0  (Gen:  0)
 25544984      5056  58438192  0.000  0.000 2737.891  384.713    0    0  (Gen:  0)
 24030104      4936  58438504  0.000  0.000 2738.062  384.742    0    0  (Gen:  0)
 25136168      5136  58439088  0.000  0.000 2738.234  384.773    0    0  (Gen:  0)
 28834480      4464  58438880  0.000  0.000 2738.484  384.808    0    0  (Gen:  0)
 23307296      5120  58439952  0.000  0.000 2738.703  384.837    0    0  (Gen:  0)
 28444688      6040  58441256  0.000  0.000 2738.953  384.872    0    0  (Gen:  0)
 27027128      4960  58440720  0.000  0.000 2739.188  384.906    0    0  (Gen:  0)
 22369712      4808  58440984  0.000  0.000 2739.312  384.934    0    0  (Gen:  0)
 26462912      4656  58441120  0.000  0.000 2739.641  384.968    0    0  (Gen:  0)
 26334888      4864  58441776  0.000  0.000 2739.766  385.000    0    0  (Gen:  0)
 23065792      4896  58442224  0.000  0.000 2739.812  385.029    0    0  (Gen:  0)
 26233864      4288  58441904  0.000  0.000 2740.062  385.061    0    0  (Gen:  0)
 26250816      5160  58443224  0.000  0.000 2740.359  385.093    0    0  (Gen:  0)
 21830720      4632  58443144  0.000  0.000 2740.453  385.121    0    0  (Gen:  0)
 23162648      4448  58443376  0.000  0.000 2740.656  385.149    0    0  (Gen:  0)
 27003664      4856  58444328  0.000  0.000 2740.906  385.184    0    0  (Gen:  0)
 25935208      4464  58444432  0.000  0.000 2741.125  385.216    0    0  (Gen:  0)
 24745840      4288  58444704  0.000  0.000 2741.281  385.247    0    0  (Gen:  0)
 27086736      4856  58445688  0.000  0.000 2741.578  385.280    0    0  (Gen:  0)
 22814264      4296  58445512  0.000  0.000 2741.625  385.309    0    0  (Gen:  0)
 21976576      5240  58446872  0.000  0.001 2741.781  385.338    0    0  (Gen:  0)
 14867648      3992  58446080  0.000  0.000 2741.844  385.369    0    0  (Gen:  0)
 25996328      6416  58449552  0.000  0.000 2742.062  385.402    0    0  (Gen:  0)
 21279440      4408  58449656  0.000  0.000 2742.219  385.430    0    0  (Gen:  0)
 25639144      5136  58450768  0.000  0.000 2742.453  385.463    0    0  (Gen:  0)
 27378680      4704  58450752  0.000  0.000 2742.672  385.499    0    0  (Gen:  0)
 22373856      4072  58450504  0.000  0.000 2742.750  385.526    0    0  (Gen:  0)
 24797152      4248  58451064  0.000  0.000 2742.938  385.557    0    0  (Gen:  0)
 26830112      4720  58452016  0.000  0.000 2743.172  385.591    0    0  (Gen:  0)
 27070536      4680  58452456  0.000  0.000 2743.438  385.624    0    0  (Gen:  0)
 27363824      4984  58453240  0.000  0.000 2743.672  385.658    0    0  (Gen:  0)
 21762528      4712  58453480  0.000  0.000 2743.781  385.685    0    0  (Gen:  0)
 24951024      5232  58454352  0.000  0.000 2743.938  385.716    0    0  (Gen:  0)
 28539152      5824  58455392  0.000  0.000 2744.203  385.752    0    0  (Gen:  0)
 26494256      4720  58454768  0.000  0.000 2744.438  385.784    0    0  (Gen:  0)
 26556184      4776  58455272  0.000  0.000 2744.688  385.817    0    0  (Gen:  0)
 26451224      4704  58455648  0.000  0.000 2744.922  385.849    0    0  (Gen:  0)
 25345232      4368  58455792  0.000  0.000 2745.156  385.880    0    0  (Gen:  0)
 21388800      4800  58456736  0.000  0.000 2745.391  385.905    0    0  (Gen:  0)
 28099448      4192  58456576  0.000  0.000 2745.641  385.939    0    0  (Gen:  0)
 25042736  52441224  58380512  0.016  0.026 2745.875  385.996    0    0  (Gen:  1)
 28157080      4496  58379568  0.000  0.000 2746.172  386.030    0    0  (Gen:  0)
 27267216      4928  58380512  0.000  0.000 2746.406  386.063    0    0  (Gen:  0)
 26808456      6248  58382344  0.000  0.000 2746.656  386.094    0    0  (Gen:  0)
 28142000      5704  58382312  0.000  0.000 2746.891  386.128    0    0  (Gen:  0)
 21862584      5144  58382200  0.000  0.000 2747.000  386.154    0    0  (Gen:  0)
 26366368      4936  58382344  0.000  0.000 2747.156  386.185    0    0  (Gen:  0)
 27410704      4512  58382496  0.000  0.000 2747.453  386.218    0    0  (Gen:  0)
 26831960      4328  58382792  0.000  0.000 2747.625  386.251    0    0  (Gen:  0)
 27920920      4280  58383160  0.000  0.000 2747.859  386.284    0    0  (Gen:  0)
 27940048      4536  58416656  0.000  0.000 2748.109  386.317    0    0  (Gen:  0)
 22930552      4888  58417488  0.000  0.000 2748.328  386.343    0    0  (Gen:  0)
 28316976      5344  58418360  0.000  0.000 2748.562  386.377    0    0  (Gen:  0)
 25765016      5440  58418968  0.000  0.000 2748.781  386.407    0    0  (Gen:  0)
 23839832      5520  58419496  0.000  0.000 2748.906  386.435    0    0  (Gen:  0)
 26825504      5264  58419760  0.000  0.000 2749.156  386.467    0    0  (Gen:  0)
 22456392      4760  58419784  0.000  0.000 2749.359  386.493    0    0  (Gen:  0)
 26602672      4272  58419856  0.000  0.000 2749.531  386.526    0    0  (Gen:  0)
 26904456      4136  58420232  0.000  0.000 2749.766  386.558    0    0  (Gen:  0)
 25214288      4952  58421560  0.000  0.000 2749.953  386.587    0    0  (Gen:  0)
 26390968      4984  58422104  0.000  0.000 2750.188  386.618    0    0  (Gen:  0)
 26660296      4896  58422528  0.000  0.000 2750.375  386.649    0    0  (Gen:  0)
 30287352      4568  58422712  0.000  0.000 2750.641  386.686    0    0  (Gen:  0)
 25349288      6136  58424760  0.000  0.000 2750.750  386.717    0    0  (Gen:  0)
 26276880      4024  58423192  0.000  0.000 2750.938  386.749    0    0  (Gen:  0)
 24131000      6928  58426544  0.000  0.000 2750.984  386.779    0    0  (Gen:  0)
 27142656      5096  58425064  0.000  0.000 2751.250  386.811    0    0  (Gen:  0)
 26400328      5776  58426256  0.000  0.000 2751.500  386.843    0    0  (Gen:  0)
 26172600      4488  58425384  0.000  0.000 2751.656  386.876    0    0  (Gen:  0)
 23503008      5472  58426848  0.000  0.000 2751.734  386.904    0    0  (Gen:  0)
 15132016      4184  58425976  0.000  0.000 2751.859  386.955    0    0  (Gen:  0)
 19348008      4920  58427096  0.000  0.000 2751.953  386.977    0    0  (Gen:  0)
 22366016      4400  58427056  0.000  0.000 2752.078  387.005    0    0  (Gen:  0)
 24153656      4136  58427432  0.000  0.000 2752.250  387.033    0    0  (Gen:  0)
 27074032      5304  58429592  0.000  0.000 2752.500  387.065    0    0  (Gen:  0)
 28896832      4128  58429216  0.000  0.000 2752.719  387.101    0    0  (Gen:  0)
 26528960      4712  58430280  0.000  0.000 2752.859  387.133    0    0  (Gen:  0)
 26350432      5200  58431216  0.000  0.000 2753.094  387.165    0    0  (Gen:  0)
 24794512      5528  58432056  0.000  0.000 2753.328  387.194    0    0  (Gen:  0)
 24786864      6176  58433216  0.000  0.000 2753.516  387.223    0    0  (Gen:  0)
 22687272      5408  58432960  0.000  0.000 2753.672  387.249    0    0  (Gen:  0)
 23798456      8272  58436304  0.000  0.000 2753.750  387.278    0    0  (Gen:  0)
 26510624      6240  58434800  0.000  0.000 2753.953  387.308    0    0  (Gen:  0)
 24764408      6112  58435216  0.000  0.000 2754.125  387.338    0    0  (Gen:  0)
 26535448  52372960  58345016  0.109  0.027 2754.469  387.396    0    0  (Gen:  1)
 26277608      5152  58344152  0.000  0.000 2754.703  387.427    0    0  (Gen:  0)
 26885512      6864  58346280  0.000  0.000 2754.891  387.460    0    0  (Gen:  0)
 27288904      5088  58344984  0.000  0.000 2755.047  387.492    0    0  (Gen:  0)
 25411920      5552  58345992  0.000  0.000 2755.250  387.523    0    0  (Gen:  0)
 23996176      4552  58345456  0.000  0.000 2755.438  387.551    0    0  (Gen:  0)
 25166408      5176  58346464  0.000  0.000 2755.609  387.580    0    0  (Gen:  0)
 23734008      6056  58347760  0.000  0.000 2755.844  387.609    0    0  (Gen:  0)
 23680064      5136  58347224  0.000  0.000 2755.953  387.636    0    0  (Gen:  0)
 24643840      5920  58348360  0.000  0.000 2756.203  387.666    0    0  (Gen:  0)
 24094960      6152  58349040  0.000  0.000 2756.438  387.694    0    0  (Gen:  0)
 22998152      5072  58348520  0.000  0.000 2756.625  387.721    0    0  (Gen:  0)
 23475112      4784  58348648  0.000  0.000 2756.750  387.750    0    0  (Gen:  0)
 24805176      4952  58349200  0.000  0.000 2756.984  387.780    0    0  (Gen:  0)
 21483672      5304  58349968  0.000  0.001 2757.109  387.807    0    0  (Gen:  0)
 22580776      5472  58350552  0.000  0.000 2757.328  387.835    0    0  (Gen:  0)
 26442256      6568  58352112  0.000  0.000 2757.547  387.867    0    0  (Gen:  0)
 24591376      5512  58351600  0.000  0.000 2757.719  387.896    0    0  (Gen:  0)
 23161528      4992  58351544  0.000  0.000 2757.922  387.923    0    0  (Gen:  0)
 26829032      5064  58352000  0.000  0.000 2758.156  387.954    0    0  (Gen:  0)
 29390640      6064  58353544  0.000  0.000 2758.281  387.989    0    0  (Gen:  0)
 28508000      5000  58352960  0.000  0.000 2758.406  388.022    0    0  (Gen:  0)
 26729912      8032  58356472  0.000  0.000 2758.656  388.054    0    0  (Gen:  0)
 23698544      5344  58354328  0.000  0.000 2758.891  388.081    0    0  (Gen:  0)
 27067688      6040  58355408  0.000  0.000 2759.109  388.113    0    0  (Gen:  0)
 26247440      5416  58355200  0.000  0.000 2759.344  388.144    0    0  (Gen:  0)
 23720696      5432  58355728  0.000  0.000 2759.547  388.171    0    0  (Gen:  0)
 25889792      6864  58357896  0.000  0.000 2759.672  388.200    0    0  (Gen:  0)
 29283808      4368  58356536  0.000  0.000 2759.938  388.235    0    0  (Gen:  0)
 27156368      5232  58358040  0.000  0.000 2760.125  388.268    0    0  (Gen:  0)
 23971552      6072  58359360  0.000  0.000 2760.328  388.300    0    0  (Gen:  0)
 22642600      7256  58360928  0.000  0.000 2760.516  388.327    0    0  (Gen:  0)
 17965616      6344  58360480  0.000  0.000 2760.625  388.351    0    0  (Gen:  0)
 23942912      4968  58359424  0.000  0.000 2760.766  388.380    0    0  (Gen:  0)
 27587448      4400  58359304  0.000  0.000 2761.000  388.413    0    0  (Gen:  0)
 25355944      5352  58360816  0.000  0.000 2761.234  388.444    0    0  (Gen:  0)
 26837232      4688  58360568  0.000  0.000 2761.406  388.477    0    0  (Gen:  0)
 26954808      5752  58362048  0.000  0.000 2761.609  388.509    0    0  (Gen:  0)
 25634136      5168  58361912  0.000  0.000 2761.766  388.540    0    0  (Gen:  0)
 23303672  52313352  58285408  0.109  0.027 2762.094  388.595    0    0  (Gen:  1)
 26846152      4920  58286360  0.000  0.000 2762.344  388.627    0    0  (Gen:  0)
 27236984      4232  58286136  0.000  0.000 2762.547  388.660    0    0  (Gen:  0)
 26113504      4720  58287168  0.000  0.000 2762.766  388.692    0    0  (Gen:  0)
 28074216      4840  58287704  0.000  0.000 2762.969  388.725    0    0  (Gen:  0)
 25535928      6400  58289840  0.000  0.000 2763.125  388.755    0    0  (Gen:  0)
 21189192      5376  58289872  0.000  0.000 2763.266  388.781    0    0  (Gen:  0)
 27277368      5232  58290736  0.000  0.000 2763.516  388.815    0    0  (Gen:  0)
 25402416      5088  58291264  0.000  0.000 2763.766  388.846    0    0  (Gen:  0)
 25300096      4976  58291632  0.000  0.000 2763.969  388.876    0    0  (Gen:  0)
 22538416      4864  58292048  0.000  0.000 2764.031  388.904    0    0  (Gen:  0)
 23254048      4144  58291744  0.000  0.000 2764.188  388.933    0    0  (Gen:  0)
 24359120      4232  58292296  0.000  0.016 2764.422  388.996    0    0  (Gen:  0)
 21933752      3952  58292576  0.000  0.000 2764.594  389.023    0    0  (Gen:  0)
 19443096      5216  58294192  0.000  0.000 2764.781  389.048    0    0  (Gen:  0)
 23853008      3768  58293176  0.000  0.000 2765.000  389.077    0    0  (Gen:  0)
 27348800      3904  58293776  0.000  0.000 2765.234  389.110    0    0  (Gen:  0)
 26060544      5432  58295816  0.000  0.000 2765.453  389.142    0    0  (Gen:  0)
 23878600      4144  58294976  0.000  0.000 2765.703  389.171    0    0  (Gen:  0)
 24018384      5752  58297000  0.000  0.000 2765.797  389.200    0    0  (Gen:  0)
 28845312      5792  58297392  0.000  0.000 2766.109  389.236    0    0  (Gen:  0)
 26487136      4760  58296776  0.000  0.000 2766.297  389.268    0    0  (Gen:  0)
 23162000      4768  58297264  0.000  0.000 2766.500  389.297    0    0  (Gen:  0)
 26140960      4592  58297472  0.000  0.000 2766.656  389.328    0    0  (Gen:  0)
 21717512      5864  58299224  0.000  0.000 2766.781  389.354    0    0  (Gen:  0)
 27726592      4696  58298440  0.000  0.000 2766.984  389.387    0    0  (Gen:  0)
 28282424      5296  58299568  0.000  0.000 2767.312  389.422    0    0  (Gen:  0)
 29875112      5616  58300368  0.000  0.000 2767.531  389.459    0    0  (Gen:  0)
 25099816      4776  58300040  0.000  0.000 2767.656  389.490    0    0  (Gen:  0)
 25240904      5712  58301392  0.000  0.000 2767.828  389.521    0    0  (Gen:  0)
 26668768      5472  58301600  0.000  0.000 2768.078  389.553    0    0  (Gen:  0)
 23813472      4976  58334360  0.000  0.000 2768.312  389.582    0    0  (Gen:  0)
 27364472      5104  58334936  0.000  0.000 2768.547  389.615    0    0  (Gen:  0)
 23342328      4784  58335128  0.000  0.000 2768.750  389.643    0    0  (Gen:  0)
 27299856      4544  58335288  0.000  0.000 2768.953  389.677    0    0  (Gen:  0)
 22214496      5528  58336752  0.000  0.000 2769.188  389.703    0    0  (Gen:  0)
 27776888      5688  58337328  0.000  0.000 2769.375  389.737    0    0  (Gen:  0)
 25297728      5272  58337472  0.000  0.000 2769.547  389.767    0    0  (Gen:  0)
 25774992      5160  58337848  0.000  0.000 2769.797  389.799    0    0  (Gen:  0)
 22975952  52255848  58260672  0.016  0.028 2770.000  389.855    0    0  (Gen:  1)
 23784416      6560  58262776  0.000  0.000 2770.234  389.884    0    0  (Gen:  0)
 25772080      4984  58261648  0.000  0.000 2770.469  389.916    0    0  (Gen:  0)
 27846880      4424  58261632  0.000  0.000 2770.719  389.949    0    0  (Gen:  0)
 28483416      4776  58262464  0.000  0.000 2771.031  389.984    0    0  (Gen:  0)
 23391928      4360  58262464  0.000  0.000 2771.109  390.013    0    0  (Gen:  0)
 20648200      5688  58264400  0.000  0.000 2771.328  390.036    0    0  (Gen:  0)
 25536264      4768  58264888  0.000  0.000 2771.562  390.067    0    0  (Gen:  0)
 23359760      6072  58266688  0.000  0.000 2771.797  390.096    0    0  (Gen:  0)
 26427952      4712  58265680  0.000  0.000 2771.953  390.128    0    0  (Gen:  0)
 23409672      3856  58265352  0.000  0.000 2772.125  390.157    0    0  (Gen:  0)
 28734128      4184  58266096  0.000  0.000 2772.328  390.193    0    0  (Gen:  0)
 25718184      4704  58267064  0.000  0.000 2772.562  390.225    0    0  (Gen:  0)
 22512776      3776  58266616  0.000  0.000 2772.734  390.254    0    0  (Gen:  0)
 26919448      4008  58267296  0.000  0.000 2772.969  390.288    0    0  (Gen:  0)
 25490368      5576  58269536  0.000  0.000 2773.188  390.320    0    0  (Gen:  0)
 24587880      5360  58269640  0.000  0.000 2773.328  390.350    0    0  (Gen:  0)
 25780576      4896  58269720  0.000  0.000 2773.562  390.382    0    0  (Gen:  0)
 26138280      3920  58269304  0.000  0.000 2773.797  390.415    0    0  (Gen:  0)
 24947920      4448  58270280  0.000  0.000 2774.031  390.444    0    0  (Gen:  0)
 21506888      4472  58271584  0.000  0.000 2774.266  390.470    0    0  (Gen:  0)
 26113640      4120  58271904  0.000  0.000 2774.469  390.502    0    0  (Gen:  0)
 22678912      4160  58272504  0.000  0.000 2774.656  390.530    0    0  (Gen:  0)
 25533664      4144  58272968  0.000  0.000 2774.875  390.561    0    0  (Gen:  0)
 21717304      4816  58274200  0.000  0.000 2775.000  390.588    0    0  (Gen:  0)
 23719952      4272  58274136  0.000  0.008 2775.172  390.631    0    0  (Gen:  0)
 15006792      4760  58275184  0.000  0.000 2775.219  390.657    0    0  (Gen:  0)
 23214168      4632  58275520  0.000  0.000 2775.328  390.685    0    0  (Gen:  0)
 22413776      4600  58308840  0.000  0.000 2775.531  390.713    0    0  (Gen:  0)
 26569640      5264  58310000  0.000  0.000 2775.703  390.744    0    0  (Gen:  0)
 22396760      4520  58309832  0.000  0.000 2775.828  390.769    0    0  (Gen:  0)
 23230088      4176  58310032  0.000  0.000 2776.047  390.797    0    0  (Gen:  0)
 28012184      4480  58310912  0.000  0.000 2776.297  390.829    0    0  (Gen:  0)
 23885216      4264  58311416  0.000  0.000 2776.422  390.858    0    0  (Gen:  0)
 26362384      5600  58313400  0.000  0.000 2776.672  390.888    0    0  (Gen:  0)
 24995920      5016  58313440  0.000  0.000 2776.875  390.918    0    0  (Gen:  0)
 22878672      3992  58313120  0.000  0.000 2777.062  390.944    0    0  (Gen:  0)
 22275336  52192816  58230408  0.047  0.028 2777.281  391.000    0    0  (Gen:  1)
 22629720      3888  58230600  0.000  0.000 2777.312  391.026    0    0  (Gen:  0)
 23974512      4384  58231688  0.000  0.000 2777.531  391.056    0    0  (Gen:  0)
 28062152      4496  58232512  0.000  0.000 2777.719  391.088    0    0  (Gen:  0)
 23453152      4392  58233904  0.000  0.000 2777.969  391.117    0    0  (Gen:  0)
 24591328      3928  58233920  0.000  0.001 2778.188  391.148    0    0  (Gen:  0)
 25840568      4672  58235208  0.000  0.000 2778.391  391.180    0    0  (Gen:  0)
 28048520      4712  58235776  0.000  0.000 2778.609  391.215    0    0  (Gen:  0)
 29005200      4552  58236096  0.000  0.000 2778.844  391.251    0    0  (Gen:  0)
 25949232      4272  58236328  0.000  0.000 2779.078  391.283    0    0  (Gen:  0)
 26178552      5000  58237536  0.000  0.000 2779.250  391.316    0    0  (Gen:  0)
 27689184      5672  58238752  0.000  0.000 2779.500  391.350    0    0  (Gen:  0)
 20591504      4608  58238248  0.000  0.000 2779.641  391.376    0    0  (Gen:  0)
 25023296      4552  58238608  0.000  0.000 2779.875  391.407    0    0  (Gen:  0)
 23091040      4472  58239056  0.000  0.000 2780.000  391.435    0    0  (Gen:  0)
 28456080      4672  58239736  0.000  0.000 2780.344  391.471    0    0  (Gen:  0)
 22648592      4560  58240152  0.000  0.000 2780.500  391.499    0    0  (Gen:  0)
 26779760      5152  58241160  0.000  0.000 2780.719  391.532    0    0  (Gen:  0)
 25927904      4696  58241184  0.000  0.000 2780.953  391.563    0    0  (Gen:  0)
 22958888      5264  58242232  0.000  0.000 2781.078  391.591    0    0  (Gen:  0)
 26005408      4520  58241872  0.000  0.000 2781.312  391.624    0    0  (Gen:  0)
 23903696      4528  58242328  0.000  0.000 2781.453  391.653    0    0  (Gen:  0)
 25334800      4576  58242888  0.000  0.000 2781.578  391.685    0    0  (Gen:  0)
 23211456      6352  58245096  0.000  0.000 2781.797  391.715    0    0  (Gen:  0)
 25256768      4416  58243544  0.000  0.000 2782.000  391.746    0    0  (Gen:  0)
 23357256      4784  58244440  0.000  0.000 2782.094  391.775    0    0  (Gen:  0)
 23448920      4040  58244144  0.000  0.000 2782.344  391.804    0    0  (Gen:  0)
 23413504      5208  58245744  0.000  0.000 2782.562  391.832    0    0  (Gen:  0)
 27378576      4816  58245816  0.000  0.000 2782.812  391.866    0    0  (Gen:  0)
 26168960      6136  58247616  0.000  0.000 2783.047  391.898    0    0  (Gen:  0)
 27491328      5120  58247048  0.000  0.000 2783.297  391.931    0    0  (Gen:  0)
 24410224      5776  58248152  0.000  0.000 2783.453  391.960    0    0  (Gen:  0)
 28659024      4632  58247520  0.000  0.000 2783.609  391.995    0    0  (Gen:  0)
 27477912      5656  58248992  0.000  0.000 2783.828  392.029    0    0  (Gen:  0)
 18293536      4744  58248560  0.000  0.000 2784.062  392.049    0    0  (Gen:  0)
 27129408  52136840  58174432  0.016  0.026 2784.312  392.107    0    0  (Gen:  1)
 22982808      5248  58174080  0.000  0.000 2784.562  392.135    0    0  (Gen:  0)
 24262792      4560  58173840  0.000  0.000 2784.797  392.164    0    0  (Gen:  0)
 27456472      5128  58174888  0.000  0.000 2785.047  392.203    0    0  (Gen:  0)
 22106608      3944  58174256  0.000  0.000 2785.156  392.236    0    0  (Gen:  0)
 16347904      5464  58176504  0.000  0.000 2785.203  392.267    0    0  (Gen:  0)
 24904616      5256  58177272  0.000  0.000 2785.391  392.299    0    0  (Gen:  0)
 21592456      5696  58178552  0.000  0.000 2785.609  392.327    0    0  (Gen:  0)
 25674112      5264  58178552  0.000  0.000 2785.844  392.358    0    0  (Gen:  0)
 25547944      4488  58178272  0.000  0.000 2786.000  392.390    0    0  (Gen:  0)
 22954664      5208  58179280  0.000  0.000 2786.062  392.418    0    0  (Gen:  0)
 27655880      4944  58179464  0.000  0.000 2786.375  392.452    0    0  (Gen:  0)
 25468968      5424  58180472  0.000  0.000 2786.578  392.483    0    0  (Gen:  0)
 25983024      5624  58181024  0.000  0.000 2786.641  392.514    0    0  (Gen:  0)
 22083416      5384  58181616  0.000  0.000 2786.812  392.539    0    0  (Gen:  0)
 22446040      4392  58181680  0.000  0.000 2787.031  392.567    0    0  (Gen:  0)
 22692104      6072  58183760  0.000  0.000 2787.234  392.595    0    0  (Gen:  0)
 28684880      5952  58184088  0.000  0.000 2787.469  392.629    0    0  (Gen:  0)
 26081584      5112  58183744  0.000  0.000 2787.625  392.662    0    0  (Gen:  0)
 26261720      5720  58184800  0.000  0.000 2787.844  392.694    0    0  (Gen:  0)
 27781592      4568  58184032  0.000  0.000 2788.031  392.729    0    0  (Gen:  0)
 25359904      4776  58184656  0.000  0.000 2788.188  392.761    0    0  (Gen:  0)
 24961808      3824  58184088  0.000  0.000 2788.359  392.791    0    0  (Gen:  0)
 27235792      4368  58185048  0.000  0.000 2788.594  392.824    0    0  (Gen:  0)
 24460864      4528  58185704  0.000  0.000 2788.844  392.854    0    0  (Gen:  0)
 23058680      5896  58187456  0.000  0.000 2789.078  392.883    0    0  (Gen:  0)
 25833472      5208  58187120  0.000  0.000 2789.297  392.914    0    0  (Gen:  0)
 20974400      5448  58187744  0.000  0.000 2789.500  392.941    0    0  (Gen:  0)
 21577472      5280  58188024  0.000  0.000 2789.734  392.968    0    0  (Gen:  0)
 25885480      6072  58189392  0.000  0.000 2789.828  393.000    0    0  (Gen:  0)
 26639488      5344  58189128  0.000  0.000 2790.078  393.032    0    0  (Gen:  0)
 23018720      4488  58188688  0.000  0.000 2790.203  393.060    0    0  (Gen:  0)
 25221312      4536  58189088  0.000  0.000 2790.406  393.090    0    0  (Gen:  0)
 24702920      4160  58189160  0.000  0.000 2790.641  393.120    0    0  (Gen:  0)
 22752464      4560  58189944  0.000  0.000 2790.859  393.148    0    0  (Gen:  0)
 26173488      4984  58190816  0.000  0.000 2791.016  393.180    0    0  (Gen:  0)
 24763168      5936  58192296  0.000  0.000 2791.266  393.211    0    0  (Gen:  0)
 28650720      5568  58192280  0.000  0.000 2791.438  393.246    0    0  (Gen:  0)
 25848328      5448  58192640  0.000  0.000 2791.594  393.277    0    0  (Gen:  0)
 27599552      6464  58194152  0.000  0.000 2791.828  393.312    0    0  (Gen:  0)
 20986312      5248  58193288  0.000  0.000 2791.938  393.337    0    0  (Gen:  0)
 24976528      4464  58192920  0.000  0.000 2792.141  393.367    0    0  (Gen:  0)
 24866224      4960  58193784  0.000  0.000 2792.375  393.397    0    0  (Gen:  0)
 27165104      4584  58193824  0.000  0.000 2792.594  393.430    0    0  (Gen:  0)
 10156520      4648  58194376  0.000  0.001 2792.688  393.506    0    0  (Gen:  0)
 18757048      5824  58196232  0.000  0.000 2792.766  393.531    0    0  (Gen:  0)
 25817704      4928  58196640  0.000  0.000 2792.891  393.567    0    0  (Gen:  0)
 21094136  52072512  58110104  0.031  0.026 2792.969  393.618    0    0  (Gen:  1)
 24754272      4656  58110584  0.000  0.000 2793.219  393.648    0    0  (Gen:  0)
 28252912      3952  58110488  0.000  0.000 2793.438  393.683    0    0  (Gen:  0)
 27743480      4192  58111192  0.062  0.000 2793.703  393.717    0    0  (Gen:  0)
 25134472      4656  58112168  0.000  0.000 2793.844  393.749    0    0  (Gen:  0)
 28507720      4136  58112032  0.000  0.000 2794.078  393.784    0    0  (Gen:  0)
 27745680      5128  58113376  0.000  0.000 2794.328  393.818    0    0  (Gen:  0)
 28337328      4768  58113528  0.000  0.000 2794.578  393.854    0    0  (Gen:  0)
 28379280      5376  58114584  0.000  0.000 2794.812  393.888    0    0  (Gen:  0)
 25513032      6208  58115832  0.000  0.000 2795.031  393.920    0    0  (Gen:  0)
 23009072      4600  58114672  0.000  0.013 2795.234  393.974    0    0  (Gen:  0)
 24371480      5040  58115576  0.000  0.000 2795.312  394.005    0    0  (Gen:  0)
 25686832      5632  58116744  0.000  0.000 2795.438  394.037    0    0  (Gen:  0)
 25885352      5840  58117792  0.000  0.000 2795.672  394.067    0    0  (Gen:  0)
 23986176      5576  58117880  0.000  0.000 2795.906  394.096    0    0  (Gen:  0)
 25735728      6592  58119344  0.000  0.000 2796.141  394.128    0    0  (Gen:  0)
 21254664      4880  58118016  0.000  0.000 2796.234  394.155    0    0  (Gen:  0)
 22958136      6160  58120176  0.000  0.000 2796.312  394.183    0    0  (Gen:  0)
 22440992      4160  58119528  0.000  0.000 2796.531  394.210    0    0  (Gen:  0)
 26274696      7288  58123072  0.000  0.000 2796.672  394.242    0    0  (Gen:  0)
 25403336      5264  58121672  0.000  0.000 2796.859  394.273    0    0  (Gen:  0)
 22736448      5560  58122384  0.000  0.000 2797.078  394.301    0    0  (Gen:  0)
 19704576      6848  58123992  0.000  0.000 2797.188  394.324    0    0  (Gen:  0)
 26092488      4440  58121968  0.000  0.000 2797.438  394.354    0    0  (Gen:  0)
 28802728      6232  58124304  0.000  0.000 2797.797  394.389    0    0  (Gen:  0)
 28559848      5192  58123712  0.000  0.000 2798.000  394.423    0    0  (Gen:  0)
 25349992      5184  58124216  0.000  0.000 2798.203  394.452    0    0  (Gen:  0)
 23846936      4928  58124408  0.000  0.000 2798.219  394.482    0    0  (Gen:  0)
 26922608      6176  58126152  0.000  0.000 2798.422  394.515    0    0  (Gen:  0)
 24923840      5672  58126096  0.000  0.000 2798.531  394.544    0    0  (Gen:  0)
 23089584      6536  58127504  0.000  0.000 2798.750  394.571    0    0  (Gen:  0)
 26933728      5120  58126552  0.000  0.000 2799.000  394.603    0    0  (Gen:  0)
 24740760      7488  58129368  0.000  0.000 2799.219  394.633    0    0  (Gen:  0)
 20785464      4336  58126600  0.000  0.000 2799.422  394.657    0    0  (Gen:  0)
 26568608      4840  58127488  0.000  0.000 2799.656  394.689    0    0  (Gen:  0)
 25970712      5464  58128640  0.000  0.000 2799.781  394.720    0    0  (Gen:  0)
 20239336      5304  58128896  0.000  0.000 2799.891  394.743    0    0  (Gen:  0)
 21891032      7536  58131560  0.000  0.000 2800.109  394.768    0    0  (Gen:  0)
 26334536      4720  58129160  0.000  0.000 2800.359  394.799    0    0  (Gen:  0)
 25933432      5144  58130112  0.000  0.000 2800.531  394.830    0    0  (Gen:  0)
 28095048      4776  58130384  0.000  0.000 2800.719  394.864    0    0  (Gen:  0)
 24236968  52018320  58055912  0.016  0.026 2800.938  394.917    0    0  (Gen:  1)
 27926648      4952  58054888  0.000  0.000 2801.188  394.951    0    0  (Gen:  0)
 25137048      5696  58056144  0.000  0.000 2801.375  394.981    0    0  (Gen:  0)
 25505200      5344  58056272  0.000  0.000 2801.562  395.011    0    0  (Gen:  0)
 23628400      5544  58056920  0.000  0.000 2801.812  395.039    0    0  (Gen:  0)
 23706440      6392  58058264  0.000  0.000 2802.047  395.067    0    0  (Gen:  0)
 27181000      5264  58057520  0.000  0.000 2802.297  395.099    0    0  (Gen:  0)
 26789048      5608  58058376  0.000  0.000 2802.547  395.131    0    0  (Gen:  0)
 27669264      6296  58059512  0.000  0.000 2802.750  395.164    0    0  (Gen:  0)
 26332856      5952  58059520  0.000  0.000 2802.984  395.197    0    0  (Gen:  0)
 27027632      5064  58059080  0.000  0.000 2803.203  395.230    0    0  (Gen:  0)
 25288920      7088  58061520  0.000  0.000 2803.359  395.260    0    0  (Gen:  0)
 25941208      4720  58059600  0.000  0.000 2803.609  395.291    0    0  (Gen:  0)
 27214776      5416  58060840  0.000  0.000 2803.859  395.323    0    0  (Gen:  0)
 21509200      5008  58060896  0.000  0.000 2804.031  395.348    0    0  (Gen:  0)
 24188488      4344  58060616  0.000  0.000 2804.188  395.377    0    0  (Gen:  0)
 22699416      4496  58061232  0.000  0.000 2804.328  395.405    0    0  (Gen:  0)
 26148064      5096  58062216  0.000  0.000 2804.562  395.437    0    0  (Gen:  0)
 27142144      4824  58062392  0.000  0.000 2804.797  395.470    0    0  (Gen:  0)
 27237144      6808  58064760  0.000  0.000 2805.000  395.502    0    0  (Gen:  0)
 25572880      5184  58063616  0.000  0.000 2805.234  395.533    0    0  (Gen:  0)
 21924424      4832  58063648  0.000  0.000 2805.328  395.559    0    0  (Gen:  0)
 23097208      3896  58063112  0.000  0.000 2805.516  395.587    0    0  (Gen:  0)
 21682560      5632  58065472  0.000  0.000 2805.719  395.613    0    0  (Gen:  0)
 23858240      4552  58065584  0.000  0.000 2805.922  395.642    0    0  (Gen:  0)
 21026888      5024  58066600  0.000  0.000 2806.031  395.667    0    0  (Gen:  0)
 26978432      4784  58066808  0.000  0.000 2806.250  395.699    0    0  (Gen:  0)
 27991000      4552  58067072  0.000  0.000 2806.453  395.733    0    0  (Gen:  0)
 26964840      5400  58068464  0.000  0.000 2806.703  395.765    0    0  (Gen:  0)
 26114696      5104  58068712  0.000  0.000 2806.922  395.795    0    0  (Gen:  0)
 28977576      4376  58068528  0.000  0.000 2807.141  395.832    0    0  (Gen:  0)
 26437936      4808  58069536  0.000  0.000 2807.312  395.862    0    0  (Gen:  0)
 27456544      4496  58069768  0.000  0.000 2807.562  395.896    0    0  (Gen:  0)
 27185944      4680  58070544  0.000  0.000 2807.781  395.929    0    0  (Gen:  0)
 30182800  51969200  58006792  0.094  0.060 2808.125  396.024    0    0  (Gen:  1)
 29107944      4944  58005744  0.000  0.000 2808.359  396.058    0    0  (Gen:  0)
 22583768      4176  58005584  0.000  0.001 2808.562  396.087    0    0  (Gen:  0)
 21775464      4504  58006296  0.000  0.000 2808.750  396.115    0    0  (Gen:  0)
 27037608      4656  58006928  0.000  0.000 2808.984  396.148    0    0  (Gen:  0)
 24152280      4120  58006872  0.000  0.000 2809.203  396.176    0    0  (Gen:  0)
 27384496      4928  58008224  0.000  0.000 2809.438  396.208    0    0  (Gen:  0)
 27314456      4368  58008192  0.000  0.000 2809.625  396.240    0    0  (Gen:  0)
 25897360      4664  58009032  0.000  0.000 2809.844  396.272    0    0  (Gen:  0)
 25268120      4576  58009392  0.000  0.000 2810.094  396.301    0    0  (Gen:  0)
 26674184      4568  58009832  0.000  0.000 2810.297  396.333    0    0  (Gen:  0)
 23623016      3544  58009352  0.000  0.000 2810.500  396.361    0    0  (Gen:  0)
 24892320      5224  58011448  0.000  0.000 2810.656  396.390    0    0  (Gen:  0)
 28211720      6024  58012792  0.000  0.000 2810.844  396.424    0    0  (Gen:  0)
 28136360      4472  58011816  0.000  0.000 2811.078  396.458    0    0  (Gen:  0)
 24554856      4672  58012528  0.000  0.000 2811.156  396.487    0    0  (Gen:  0)
 25242632      6152  58014488  0.000  0.000 2811.359  396.516    0    0  (Gen:  0)
 28346920      5576  58014648  0.000  0.000 2811.578  396.549    0    0  (Gen:  0)
 28039480      5400  58015816  0.000  0.000 2811.797  396.583    0    0  (Gen:  0)
 26841904      6968  58017928  0.000  0.000 2812.031  396.615    0    0  (Gen:  0)
 24593192      5192  58016600  0.000  0.000 2812.266  396.645    0    0  (Gen:  0)
 22432984      4872  58016760  0.000  0.000 2812.484  396.673    0    0  (Gen:  0)
 28188408      6600  58018904  0.000  0.000 2812.719  396.707    0    0  (Gen:  0)
 26869912      5416  58018232  0.000  0.000 2812.922  396.739    0    0  (Gen:  0)
 23161880      7024  58020320  0.000  0.000 2813.031  396.767    0    0  (Gen:  0)
 25820424      6472  58020216  0.000  0.000 2813.281  396.797    0    0  (Gen:  0)
 23442112      4656  58018880  0.000  0.000 2813.391  396.826    0    0  (Gen:  0)
 25792456      5024  58019664  0.000  0.000 2813.609  396.857    0    0  (Gen:  0)
 26685320      6264  58021384  0.000  0.000 2813.859  396.888    0    0  (Gen:  0)
 24196832      4864  58020464  0.000  0.000 2814.078  396.917    0    0  (Gen:  0)
 21816432      4760  58020808  0.000  0.000 2814.234  396.943    0    0  (Gen:  0)
 22078912      5592  58022248  0.000  0.000 2814.344  396.967    0    0  (Gen:  0)
 24448720      5104  58023120  0.000  0.000 2814.453  396.996    0    0  (Gen:  0)
 25147984      6232  58024776  0.000  0.000 2814.625  397.026    0    0  (Gen:  0)
 28386328      5704  58024728  0.000  0.000 2814.891  397.060    0    0  (Gen:  0)
 27862992      6216  58025656  0.000  0.000 2815.062  397.094    0    0  (Gen:  0)
 26819976      4464  58024416  0.000  0.000 2815.250  397.126    0    0  (Gen:  0)
 23121136      4872  58025336  0.000  0.000 2815.359  397.154    0    0  (Gen:  0)
 26395688      6408  58027256  0.000  0.000 2815.734  397.186    0    0  (Gen:  0)
 27770256  51900744  57938336  0.016  0.027 2815.922  397.246    0    0  (Gen:  1)
 28115208      4776  57938496  0.000  0.000 2816.281  397.280    0    0  (Gen:  0)
 24940048      5168  57939368  0.000  0.000 2816.375  397.310    0    0  (Gen:  0)
 22400936      5024  57939640  0.000  0.000 2816.609  397.337    0    0  (Gen:  0)
 24616360      4968  57939952  0.000  0.000 2816.859  397.366    0    0  (Gen:  0)
 25356128      5712  57941176  0.000  0.000 2817.094  397.397    0    0  (Gen:  0)
 25971560      5760  57941672  0.000  0.000 2817.328  397.429    0    0  (Gen:  0)
 24468448      5320  57941648  0.000  0.000 2817.578  397.459    0    0  (Gen:  0)
 27732152      5024  57941736  0.000  0.000 2817.703  397.492    0    0  (Gen:  0)
 24978592      5328  57942456  0.000  0.000 2817.891  397.522    0    0  (Gen:  0)
 23011280      3952  57941560  0.000  0.000 2818.125  397.550    0    0  (Gen:  0)
 23620400      4584  57942608  0.000  0.000 2818.344  397.578    0    0  (Gen:  0)
 23238160      5008  57943464  0.000  0.000 2818.469  397.607    0    0  (Gen:  0)
 25273600      5944  57944784  0.000  0.000 2818.641  397.638    0    0  (Gen:  0)
 22921192      4432  57943656  0.000  0.000 2818.859  397.665    0    0  (Gen:  0)
 23395856      7280  57946888  0.000  0.000 2819.062  397.695    0    0  (Gen:  0)
 25179872      5704  57945744  0.000  0.000 2819.297  397.725    0    0  (Gen:  0)
 22871792      5944  57946480  0.000  0.000 2819.453  397.752    0    0  (Gen:  0)
 24773376      5152  57946152  0.000  0.000 2819.688  397.783    0    0  (Gen:  0)
 21363824      5688  57947184  0.000  0.000 2819.812  397.808    0    0  (Gen:  0)
 28202640      6656  57948504  0.000  0.000 2819.922  397.842    0    0  (Gen:  0)
 22497088      4760  57947072  0.000  0.000 2820.125  397.869    0    0  (Gen:  0)
 24197904      5224  57947920  0.000  0.000 2820.344  397.898    0    0  (Gen:  0)
 25738176      5288  57948496  0.000  0.000 2820.516  397.929    0    0  (Gen:  0)
 29144472      4096  57947736  0.000  0.000 2820.750  397.964    0    0  (Gen:  0)
 27588688      5752  57950000  0.031  0.000 2821.016  397.998    0    0  (Gen:  0)
 23360296      4896  57949560  0.000  0.000 2821.125  398.026    0    0  (Gen:  0)
 26485056      5176  57950640  0.000  0.000 2821.344  398.057    0    0  (Gen:  0)
 20520472      4960  57951544  0.000  0.010 2821.516  398.098    0    0  (Gen:  0)
 23925888      3648  57950712  0.000  0.000 2821.656  398.131    0    0  (Gen:  0)
 20371664      4944  57952472  0.000  0.000 2821.828  398.158    0    0  (Gen:  0)
 23028936      5448  57953328  0.000  0.000 2822.016  398.186    0    0  (Gen:  0)
 25176656      4064  57952440  0.000  0.000 2822.141  398.217    0    0  (Gen:  0)
 24917840      7032  57955840  0.000  0.000 2822.281  398.248    0    0  (Gen:  0)
 27661824      4336  57953912  0.000  0.000 2822.547  398.281    0    0  (Gen:  0)
 26628040      3992  57954720  0.000  0.000 2822.797  398.314    0    0  (Gen:  0)
 28048288      4064  57955304  0.000  0.000 2823.047  398.350    0    0  (Gen:  0)
 31025368      4224  57955944  0.000  0.000 2823.281  398.389    0    0  (Gen:  0)
 23001720      4680  57956944  0.000  0.000 2823.469  398.417    0    0  (Gen:  0)
 25477536      3896  57956576  0.000  0.000 2823.594  398.448    0    0  (Gen:  0)
 25106624  51839880  57877472  0.125  0.027 2823.906  398.506    0    0  (Gen:  1)
 26866048      4488  57877720  0.000  0.000 2824.141  398.539    0    0  (Gen:  0)
 23986672      4944  57878656  0.000  0.000 2824.344  398.568    0    0  (Gen:  0)
 25270776      5536  57879712  0.000  0.000 2824.562  398.599    0    0  (Gen:  0)
 23046512      4584  57879176  0.000  0.000 2824.750  398.628    0    0  (Gen:  0)
 23487992      4568  57879576  0.000  0.000 2824.938  398.656    0    0  (Gen:  0)
 27394264      4192  57879664  0.000  0.000 2825.141  398.691    0    0  (Gen:  0)
 28112520      4096  57880064  0.000  0.000 2825.391  398.725    0    0  (Gen:  0)
 25928344      6096  57882480  0.000  0.000 2825.578  398.757    0    0  (Gen:  0)
 24983880      5288  57882184  0.000  0.000 2825.828  398.786    0    0  (Gen:  0)
 23453664      4784  57883088  0.000  0.000 2826.016  398.815    0    0  (Gen:  0)
 27855136      4528  57883408  0.000  0.000 2826.250  398.850    0    0  (Gen:  0)
 27151112      4424  57883832  0.000  0.000 2826.453  398.884    0    0  (Gen:  0)
 29180504      5592  57885512  0.000  0.000 2826.641  398.919    0    0  (Gen:  0)
 26534304      3952  57884384  0.000  0.000 2827.016  398.953    0    0  (Gen:  0)
 24078272      5328  57886208  0.000  0.000 2827.062  398.983    0    0  (Gen:  0)
 26786680      5072  57886400  0.000  0.000 2827.375  399.016    0    0  (Gen:  0)
 23970816      4064  57886048  0.000  0.000 2827.500  399.044    0    0  (Gen:  0)
 27049536      6024  57888360  0.000  0.000 2827.750  399.074    0    0  (Gen:  0)
 28106136      4120  57887992  0.000  0.000 2828.062  399.109    0    0  (Gen:  0)
 24165496      3944  57888392  0.000  0.000 2828.297  399.139    0    0  (Gen:  0)
 22916816      5248  57890176  0.000  0.000 2828.406  399.167    0    0  (Gen:  0)
 23659496      4336  57889680  0.000  0.000 2828.625  399.197    0    0  (Gen:  0)
 25489952      3912  57889672  0.000  0.000 2828.859  399.229    0    0  (Gen:  0)
 25099536      3600  57889936  0.000  0.000 2829.062  399.260    0    0  (Gen:  0)
 26568968      3952  57890784  0.000  0.000 2829.281  399.293    0    0  (Gen:  0)
 27194288      4072  57891352  0.000  0.000 2829.641  399.327    0    0  (Gen:  0)
 27598472      4360  57892168  0.000  0.000 2829.797  399.361    0    0  (Gen:  0)
 25168368      5032  57893352  0.000  0.000 2830.000  399.392    0    0  (Gen:  0)
 22378392      4704  57893568  0.000  0.000 2830.062  399.420    0    0  (Gen:  0)
 26350848      4192  57893552  0.000  0.000 2830.422  399.452    0    0  (Gen:  0)
 26782416      6032  57895888  0.000  0.000 2830.531  399.485    0    0  (Gen:  0)
 25684496      4840  57895208  0.000  0.000 2830.734  399.516    0    0  (Gen:  0)
 28037160      5272  57896152  0.000  0.000 2830.969  399.551    0    0  (Gen:  0)
 23241024      3792  57895152  0.000  0.000 2831.109  399.579    0    0  (Gen:  0)
 24259520      4160  57895936  0.000  0.000 2831.328  399.609    0    0  (Gen:  0)
 27944864      4200  57896520  0.000  0.000 2831.531  399.643    0    0  (Gen:  0)
 25623576      4040  57896936  0.000  0.000 2831.781  399.674    0    0  (Gen:  0)
 27545720      4240  57897616  0.000  0.000 2832.000  399.708    0    0  (Gen:  0)
 27459560      3984  57897968  0.000  0.007 2832.141  399.764    0    0  (Gen:  0)
 17592176      5160  57899944  0.000  0.000 2832.234  399.784    0    0  (Gen:  0)
 25972112      4384  57900464  0.000  0.000 2832.438  399.817    0    0  (Gen:  0)
 14465008  51766624  57836976  0.125  0.029 2832.625  399.864    0    0  (Gen:  1)
 26492312      3720  57836832  0.000  0.000 2832.875  399.896    0    0  (Gen:  0)
 28403024      4488  57838096  0.000  0.000 2833.125  399.930    0    0  (Gen:  0)
 24734160      4120  57838304  0.000  0.000 2833.344  399.960    0    0  (Gen:  0)
 23251936      4112  57838744  0.000  0.000 2833.500  399.988    0    0  (Gen:  0)
 29243144      4320  57839400  0.000  0.000 2833.688  400.023    0    0  (Gen:  0)
 23875768      4464  57840024  0.000  0.000 2833.891  400.052    0    0  (Gen:  0)
 25600696      4464  57840536  0.000  0.000 2834.141  400.083    0    0  (Gen:  0)
 26488392      5432  57842016  0.000  0.000 2834.391  400.113    0    0  (Gen:  0)
 27837968      5280  57842416  0.000  0.000 2834.641  400.146    0    0  (Gen:  0)
 24471152      4824  57842568  0.000  0.000 2834.719  400.175    0    0  (Gen:  0)
 26423824      4280  57842536  0.000  0.000 2834.875  400.205    0    0  (Gen:  0)
 23615680      4184  57843080  0.000  0.000 2835.047  400.234    0    0  (Gen:  0)
 23712240      4688  57844128  0.000  0.000 2835.125  400.261    0    0  (Gen:  0)
 27002320      5096  57845096  0.000  0.000 2835.328  400.294    0    0  (Gen:  0)
 29971904      4088  57844536  0.000  0.000 2835.672  400.330    0    0  (Gen:  0)
 28903096      4520  57845576  0.000  0.000 2835.875  400.364    0    0  (Gen:  0)
 25818096      4408  57846040  0.000  0.000 2836.109  400.395    0    0  (Gen:  0)
 23595640      4224  57846432  0.000  0.000 2836.328  400.422    0    0  (Gen:  0)
 20657592      5584  57848304  0.000  0.000 2836.438  400.447    0    0  (Gen:  0)
 28122336      4896  57848808  0.000  0.000 2836.625  400.482    0    0  (Gen:  0)
 23455880      4400  57848808  0.000  0.000 2836.766  400.510    0    0  (Gen:  0)
 27732840      4816  57849672  0.000  0.000 2836.875  400.544    0    0  (Gen:  0)
 26597984      4856  57850272  0.000  0.000 2837.219  400.577    0    0  (Gen:  0)
 25104224      4248  57850112  0.000  0.000 2837.281  400.607    0    0  (Gen:  0)
 24379184      4528  57850872  0.000  0.000 2837.516  400.637    0    0  (Gen:  0)
 23456032      4248  57851056  0.000  0.000 2837.703  400.667    0    0  (Gen:  0)
 23682568      4216  57851456  0.000  0.000 2837.922  400.696    0    0  (Gen:  0)
 21473176      5304  57852896  0.000  0.000 2838.156  400.721    0    0  (Gen:  0)
 28321952      5336  57854032  0.000  0.000 2838.297  400.755    0    0  (Gen:  0)
 25675704      4544  57854200  0.000  0.000 2838.547  400.786    0    0  (Gen:  0)
 28295392      4408  57854416  0.000  0.000 2838.797  400.822    0    0  (Gen:  0)
 27588312      4176  57854632  0.000  0.000 2838.969  400.855    0    0  (Gen:  0)
 26293768      4448  57855352  0.000  0.000 2839.141  400.887    0    0  (Gen:  0)
 25322792      4376  57855760  0.000  0.000 2839.375  400.918    0    0  (Gen:  0)
 25655160      4152  57855920  0.000  0.000 2839.625  400.949    0    0  (Gen:  0)
 22982328      6344  57858608  0.000  0.000 2839.766  400.977    0    0  (Gen:  0)
 22888136  51707712  57778072  0.094  0.026 2840.031  401.031    0    0  (Gen:  1)
 24958720      6216  57780328  0.000  0.000 2840.266  401.062    0    0  (Gen:  0)
 28637192      4168  57778824  0.000  0.000 2840.500  401.097    0    0  (Gen:  0)
 28158016      4688  57779824  0.000  0.000 2840.719  401.131    0    0  (Gen:  0)
 26364912      5224  57780824  0.000  0.000 2840.938  401.164    0    0  (Gen:  0)
 26020432      5832  57781816  0.000  0.000 2841.172  401.196    0    0  (Gen:  0)
 25496632      5472  57781808  0.000  0.000 2841.391  401.227    0    0  (Gen:  0)
 26997200      5496  57782280  0.000  0.000 2841.609  401.259    0    0  (Gen:  0)
 27280896      6744  57783912  0.000  0.000 2841.859  401.292    0    0  (Gen:  0)
 21982392      5080  57782664  0.000  0.000 2842.047  401.319    0    0  (Gen:  0)
 28271928      5400  57783304  0.000  0.000 2842.266  401.352    0    0  (Gen:  0)
 24853336      4440  57782808  0.000  0.000 2842.516  401.383    0    0  (Gen:  0)
 28291240      5280  57784064  0.000  0.000 2842.750  401.417    0    0  (Gen:  0)
 24778648      5416  57784616  0.000  0.000 2842.938  401.448    0    0  (Gen:  0)
 26550368      5144  57784728  0.000  0.000 2843.125  401.480    0    0  (Gen:  0)
 28105400      4232  57784200  0.000  0.000 2843.438  401.514    0    0  (Gen:  0)
 20339960      5000  57785416  0.000  0.000 2843.547  401.538    0    0  (Gen:  0)
 29906808      5040  57785840  0.000  0.000 2843.797  401.575    0    0  (Gen:  0)
 24191776      5072  57786464  0.000  0.000 2844.031  401.603    0    0  (Gen:  0)
 23597904      4280  57786056  0.000  0.000 2844.250  401.631    0    0  (Gen:  0)
 27536600      5392  57787584  0.000  0.000 2844.500  401.665    0    0  (Gen:  0)
 27576792      4880  57787456  0.000  0.000 2844.750  401.699    0    0  (Gen:  0)
 22087112      6512  57789568  0.000  0.003 2844.922  401.731    0    0  (Gen:  0)
 15323720      9368  57793064  0.000  0.000 2845.000  401.759    0    0  (Gen:  0)
 26012760      7776  57792808  0.000  0.000 2845.203  401.790    0    0  (Gen:  0)
 21634520      7352  57793040  0.000  0.000 2845.422  401.818    0    0  (Gen:  0)
 22668120      4824  57791432  0.000  0.000 2845.609  401.844    0    0  (Gen:  0)
 21438328      5696  57792656  0.000  0.000 2845.672  401.870    0    0  (Gen:  0)
 19845896      6368  57793728  0.000  0.000 2845.906  401.895    0    0  (Gen:  0)
 26038752      6304  57794160  0.000  0.000 2846.125  401.927    0    0  (Gen:  0)
 26510736      5264  57794656  0.000  0.000 2846.359  401.958    0    0  (Gen:  0)
 23342312      4720  57795608  0.000  0.000 2846.500  401.986    0    0  (Gen:  0)
 28704000      5520  57796872  0.000  0.000 2846.656  402.020    0    0  (Gen:  0)
 27452104      5208  57797040  0.000  0.000 2846.844  402.053    0    0  (Gen:  0)
 26922576      5552  57797832  0.000  0.000 2847.094  402.087    0    0  (Gen:  0)
 26864768      5880  57798576  0.000  0.000 2847.312  402.120    0    0  (Gen:  0)
 25210552      5688  57798864  0.000  0.000 2847.562  402.150    0    0  (Gen:  0)
 26190384      5864  57799456  0.000  0.000 2847.812  402.182    0    0  (Gen:  0)
 29321896      4920  57799040  0.000  0.000 2848.141  402.218    0    0  (Gen:  0)
 27500704      4656  57799224  0.000  0.000 2848.328  402.252    0    0  (Gen:  0)
 27062776      5376  57800424  0.000  0.000 2848.500  402.285    0    0  (Gen:  0)
 24580128      4408  57799936  0.000  0.000 2848.734  402.314    0    0  (Gen:  0)
 26760424  51654256  57724616  0.016  0.027 2848.984  402.373    0    0  (Gen:  1)
 25914648      4528  57724192  0.000  0.000 2849.234  402.404    0    0  (Gen:  0)
 26616040      6640  57726752  0.000  0.000 2849.484  402.435    0    0  (Gen:  0)
 23385840      5104  57725632  0.000  0.000 2849.656  402.464    0    0  (Gen:  0)
 24431280      5808  57726784  0.000  0.000 2849.828  402.492    0    0  (Gen:  0)
 24556352      5128  57726536  0.000  0.000 2849.969  402.521    0    0  (Gen:  0)
 24293984      6104  57727928  0.000  0.000 2850.156  402.550    0    0  (Gen:  0)
 29861800      5976  57728280  0.000  0.000 2850.391  402.585    0    0  (Gen:  0)
 22762736      7040  57729872  0.000  0.000 2850.609  402.612    0    0  (Gen:  0)
 24154400      5816  57728968  0.000  0.000 2850.844  402.640    0    0  (Gen:  0)
 25012888      6544  57730208  0.000  0.000 2850.969  402.670    0    0  (Gen:  0)
 25282968      5432  57729480  0.000  0.000 2851.219  402.699    0    0  (Gen:  0)
 28244848      6560  57731072  0.000  0.000 2851.500  402.733    0    0  (Gen:  0)
 27399928      6408  57731368  0.000  0.000 2851.656  402.766    0    0  (Gen:  0)
 30366968      5912  57731320  0.000  0.000 2851.906  402.803    0    0  (Gen:  0)
 25277016      4888  57730712  0.000  0.000 2852.125  402.834    0    0  (Gen:  0)
 21315808      5560  57731736  0.000  0.000 2852.344  402.860    0    0  (Gen:  0)
 24557808      5464  57732088  0.000  0.000 2852.562  402.889    0    0  (Gen:  0)
 19773200      5480  57732616  0.000  0.000 2852.656  402.912    0    0  (Gen:  0)
 26952768      6008  57733608  0.000  0.000 2852.859  402.944    0    0  (Gen:  0)
 23695920      6320  57734480  0.000  0.000 2853.078  402.972    0    0  (Gen:  0)
 24993944      5912  57734520  0.000  0.000 2853.250  403.002    0    0  (Gen:  0)
 21819968      4600  57733736  0.000  0.000 2853.328  403.026    0    0  (Gen:  0)
 21704344      6280  57735928  0.000  0.000 2853.562  403.053    0    0  (Gen:  0)
 27143200      4816  57734992  0.000  0.000 2853.781  403.086    0    0  (Gen:  0)
 25776120      3960  57734728  0.000  0.000 2854.016  403.117    0    0  (Gen:  0)
 26478864      5240  57736360  0.000  0.000 2854.219  403.149    0    0  (Gen:  0)
 21017584      6408  57738008  0.000  0.000 2854.469  403.175    0    0  (Gen:  0)
 20990952      5176  57737160  0.000  0.000 2854.516  403.201    0    0  (Gen:  0)
 24027920      5120  57737520  0.000  0.000 2854.703  403.230    0    0  (Gen:  0)
 28124168      4768  57737664  0.000  0.000 2854.938  403.263    0    0  (Gen:  0)
 28366304      5544  57738920  0.000  0.000 2855.312  403.297    0    0  (Gen:  0)
 28064688      5464  57739352  0.000  0.001 2855.516  403.331    0    0  (Gen:  0)
 23775104      4416  57738720  0.000  0.000 2855.734  403.360    0    0  (Gen:  0)
 24221152      5608  57740360  0.000  0.004 2855.844  403.420    0    0  (Gen:  0)
 21312848      4952  57740152  0.000  0.000 2855.953  403.444    0    0  (Gen:  0)
 21181864      5440  57741032  0.000  0.000 2856.062  403.471    0    0  (Gen:  0)
 27281344      6240  57743240  0.000  0.000 2856.141  403.503    0    0  (Gen:  0)
 26123120      4176  57742528  0.000  0.000 2856.391  403.534    0    0  (Gen:  0)
 28988416  51601256  57671616  0.125  0.026 2856.750  403.595    0    0  (Gen:  1)
 26609944      4568  57671120  0.000  0.000 2857.000  403.626    0    0  (Gen:  0)
 23638920      5568  57672536  0.000  0.000 2857.234  403.654    0    0  (Gen:  0)
 23655640      4616  57672080  0.000  0.000 2857.328  403.682    0    0  (Gen:  0)
 24865744      5648  57673496  0.000  0.000 2857.547  403.712    0    0  (Gen:  0)
 28777872      4704  57673000  0.000  0.001 2857.781  403.746    0    0  (Gen:  0)
 28381688      4968  57673712  0.000  0.000 2858.078  403.780    0    0  (Gen:  0)
 23322328      4960  57674168  0.000  0.000 2858.188  403.808    0    0  (Gen:  0)
 24243512      5056  57674744  0.000  0.000 2858.375  403.837    0    0  (Gen:  0)
 23296440      4832  57674872  0.000  0.000 2858.625  403.864    0    0  (Gen:  0)
 27201776      4120  57674480  0.000  0.000 2858.875  403.897    0    0  (Gen:  0)
 26631840      6048  57676856  0.000  0.000 2859.125  403.929    0    0  (Gen:  0)
 24708328      5864  57677152  0.000  0.000 2859.344  403.958    0    0  (Gen:  0)
 23512536      4296  57676096  0.000  0.000 2859.469  403.987    0    0  (Gen:  0)
 29642184      5520  57677736  0.000  0.000 2859.703  404.022    0    0  (Gen:  0)
 28056464      5512  57678272  0.000  0.000 2859.953  404.056    0    0  (Gen:  0)
 24563536      5488  57678760  0.000  0.000 2860.188  404.085    0    0  (Gen:  0)
 22335880      5144  57678864  0.000  0.000 2860.359  404.112    0    0  (Gen:  0)
 24671472      3968  57678200  0.000  0.000 2860.609  404.141    0    0  (Gen:  0)
 24588168      4360  57679040  0.000  0.000 2860.734  404.170    0    0  (Gen:  0)
 28365336      3808  57678968  0.000  0.000 2861.078  404.204    0    0  (Gen:  0)
 27244720      4672  57680376  0.000  0.000 2861.203  404.237    0    0  (Gen:  0)
 25712368      3984  57680264  0.000  0.000 2861.359  404.268    0    0  (Gen:  0)
 25439176      5104  57681896  0.000  0.000 2861.578  404.298    0    0  (Gen:  0)
 22015656      4376  57681776  0.000  0.000 2861.625  404.325    0    0  (Gen:  0)
 25197216      4608  57682456  0.000  0.000 2861.844  404.355    0    0  (Gen:  0)
 28200328      4688  57683080  0.016  0.000 2862.125  404.388    0    0  (Gen:  0)
 27304656      3928  57682896  0.000  0.000 2862.328  404.422    0    0  (Gen:  0)
 26070256      4640  57684120  0.000  0.000 2862.562  404.453    0    0  (Gen:  0)
 22049672      5880  57685872  0.000  0.000 2862.656  404.480    0    0  (Gen:  0)
 20185288      4176  57684584  0.000  0.000 2862.828  404.504    0    0  (Gen:  0)
 27082424      5152  57686008  0.000  0.000 2863.031  404.536    0    0  (Gen:  0)
 26899640      4016  57685448  0.000  0.000 2863.234  404.568    0    0  (Gen:  0)
 24621800      4360  57686304  0.000  0.000 2863.469  404.597    0    0  (Gen:  0)
 28043704      5144  57687632  0.000  0.000 2863.719  404.630    0    0  (Gen:  0)
 27361848      6088  57721976  0.000  0.000 2863.969  404.663    0    0  (Gen:  0)
 27674856      6072  57689744  0.000  0.000 2864.188  404.696    0    0  (Gen:  0)
 29873296  51542248  57612608  0.078  0.029 2864.500  404.761    0    0  (Gen:  1)
 28857432      6472  57647440  0.000  0.000 2864.750  404.795    0    0  (Gen:  0)
 22379352      4376  57613224  0.000  0.000 2864.922  404.822    0    0  (Gen:  0)
 25288816      4864  57646952  0.000  0.000 2865.125  404.851    0    0  (Gen:  0)
 27143056      4624  57614448  0.000  0.000 2865.375  404.884    0    0  (Gen:  0)
 29037832      6248  57649376  0.000  0.000 2865.625  404.918    0    0  (Gen:  0)
 22637968      5176  57648880  0.000  0.000 2865.828  404.947    0    0  (Gen:  0)
 26234184      4400  57648488  0.000  0.000 2866.031  404.979    0    0  (Gen:  0)
 25221600      4536  57649168  0.000  0.000 2866.219  405.008    0    0  (Gen:  0)
 22381168      5448  57650576  0.000  0.000 2866.422  405.033    0    0  (Gen:  0)
 24824792      4536  57650112  0.000  0.000 2866.625  405.063    0    0  (Gen:  0)
 24533240      6056  57652048  0.000  0.000 2866.719  405.092    0    0  (Gen:  0)
 24028752      5624  57651968  0.000  0.000 2866.906  405.121    0    0  (Gen:  0)
 20280352      6288  57653112  0.000  0.000 2867.094  405.143    0    0  (Gen:  0)
 21978264      5552  57653736  0.000  0.004 2867.203  405.182    0    0  (Gen:  0)
 17967344      6720  57655440  0.000  0.000 2867.266  405.209    0    0  (Gen:  0)
 25148040      5640  57654808  0.000  0.000 2867.406  405.242    0    0  (Gen:  0)
 23527656      5184  57654784  0.000  0.000 2867.578  405.271    0    0  (Gen:  0)
 25446784      5296  57655312  0.000  0.000 2867.828  405.303    0    0  (Gen:  0)
 29203912      4472  57654904  0.000  0.000 2868.031  405.340    0    0  (Gen:  0)
 26603856      3888  57687592  0.000  0.000 2868.391  405.374    0    0  (Gen:  0)
 28139088      4192  57688376  0.000  0.000 2868.625  405.408    0    0  (Gen:  0)
 26137704      5296  57657168  0.000  0.000 2868.875  405.440    0    0  (Gen:  0)
 26626768      4560  57689736  0.000  0.000 2869.047  405.472    0    0  (Gen:  0)
 26022888      4432  57690024  0.000  0.000 2869.203  405.503    0    0  (Gen:  0)
 28768712      4696  57690704  0.000  0.000 2869.438  405.537    0    0  (Gen:  0)
 24725656      4352  57690936  0.000  0.000 2869.672  405.567    0    0  (Gen:  0)
 25529928      6136  57693168  0.000  0.000 2869.906  405.597    0    0  (Gen:  0)
 27376584      5232  57693496  0.000  0.000 2870.141  405.629    0    0  (Gen:  0)
 24622544      3968  57693096  0.000  0.000 2870.391  405.658    0    0  (Gen:  0)
 26580040      5120  57694800  0.000  0.000 2870.594  405.689    0    0  (Gen:  0)
 24165808      4184  57695320  0.000  0.000 2870.781  405.720    0    0  (Gen:  0)
 23786000      4944  57696624  0.000  0.000 2870.859  405.748    0    0  (Gen:  0)
 26870392      4504  57730096  0.000  0.000 2871.156  405.780    0    0  (Gen:  0)
 26671600      4432  57730792  0.000  0.000 2871.344  405.813    0    0  (Gen:  0)
 23861464      4656  57764320  0.000  0.000 2871.562  405.843    0    0  (Gen:  0)
 26195488      3808  57763880  0.000  0.000 2871.766  405.875    0    0  (Gen:  0)
  5008808  51475696  57677120  0.078  0.029 2871.844  405.910    0    0  (Gen:  1)
 27124880      6184  57679344  0.000  0.000 2872.078  405.943    0    0  (Gen:  0)
 28246912      4216  57679312  0.000  0.000 2872.297  405.978    0    0  (Gen:  0)
 27366352      4552  57680096  0.000  0.000 2872.516  406.011    0    0  (Gen:  0)
 23284640      4088  57680208  0.000  0.000 2872.719  406.039    0    0  (Gen:  0)
 28515080      4952  57681496  0.000  0.000 2872.953  406.076    0    0  (Gen:  0)
 27361312      4672  57681744  0.000  0.000 2873.266  406.109    0    0  (Gen:  0)
 23538840      5296  57682880  0.000  0.000 2873.391  406.138    0    0  (Gen:  0)
 28029824      5696  57683696  0.000  0.000 2873.766  406.172    0    0  (Gen:  0)
 27205688      4632  57683272  0.000  0.000 2873.984  406.205    0    0  (Gen:  0)
 27487040      5512  57684632  0.000  0.000 2874.141  406.239    0    0  (Gen:  0)
 25113952      5000  57684568  0.000  0.000 2874.359  406.269    0    0  (Gen:  0)
 27410592      5512  57685576  0.000  0.000 2874.609  406.302    0    0  (Gen:  0)
 29393816      4840  57685320  0.000  0.000 2874.812  406.338    0    0  (Gen:  0)
 26304248      4280  57685208  0.000  0.000 2875.016  406.370    0    0  (Gen:  0)
 23067792      5608  57686888  0.000  0.000 2875.266  406.399    0    0  (Gen:  0)
 21229480      5696  57687328  0.000  0.000 2875.453  406.425    0    0  (Gen:  0)
 24946144      4360  57686408  0.000  0.000 2875.688  406.454    0    0  (Gen:  0)
 23294528      4200  57686744  0.000  0.000 2875.828  406.483    0    0  (Gen:  0)
 26154744      4056  57686952  0.000  0.000 2875.984  406.515    0    0  (Gen:  0)
 25021472      4816  57688128  0.000  0.000 2876.234  406.546    0    0  (Gen:  0)
 28204504      3792  57687520  0.000  0.000 2876.484  406.581    0    0  (Gen:  0)
 25588064      4352  57688592  0.000  0.000 2876.703  406.613    0    0  (Gen:  0)
 22965504      4520  57689208  0.000  0.000 2876.906  406.641    0    0  (Gen:  0)
 21813144      4584  57689800  0.000  0.000 2877.016  406.668    0    0  (Gen:  0)
 25535784      4296  57689864  0.000  0.000 2877.250  406.699    0    0  (Gen:  0)
 27210848      4072  57690056  0.000  0.000 2877.500  406.733    0    0  (Gen:  0)
 24181664      3984  57690448  0.000  0.012 2877.578  406.794    0    0  (Gen:  0)
 25938304      5408  57692288  0.000  0.000 2877.797  406.828    0    0  (Gen:  0)
 24405176      7112  57694504  0.000  0.000 2878.000  406.860    0    0  (Gen:  0)
 27226128      6224  57694064  0.000  0.000 2878.219  406.894    0    0  (Gen:  0)
 27020800      4632  57693800  0.000  0.000 2878.469  406.927    0    0  (Gen:  0)
 26908504      4448  57694448  0.000  0.000 2878.719  406.961    0    0  (Gen:  0)
 29054880      4480  57695008  0.000  0.000 2878.969  406.998    0    0  (Gen:  0)
 29782240      4360  57695400  0.000  0.000 2879.203  407.036    0    0  (Gen:  0)
 25437896      4616  57696168  0.000  0.000 2879.422  407.067    0    0  (Gen:  0)
 22883352      3488  57695584  0.000  0.000 2879.562  407.096    0    0  (Gen:  0)
 26144296  51419424  57620856  0.047  0.027 2879.859  407.154    0    0  (Gen:  1)
 29024024      3984  57620512  0.000  0.000 2880.219  407.189    0    0  (Gen:  0)
 28545552      4776  57621784  0.000  0.000 2880.469  407.223    0    0  (Gen:  0)
 24766704      4712  57622232  0.000  0.000 2880.625  407.254    0    0  (Gen:  0)
 25832120      4232  57622200  0.000  0.000 2880.875  407.285    0    0  (Gen:  0)
 24819896      5664  57624112  0.000  0.001 2881.109  407.316    0    0  (Gen:  0)
 28530488      4160  57623056  0.000  0.000 2881.328  407.350    0    0  (Gen:  0)
 27260552      4768  57624144  0.000  0.000 2881.547  407.382    0    0  (Gen:  0)
 27404952      6448  57626400  0.000  0.000 2881.750  407.414    0    0  (Gen:  0)
 27837112      5544  57626040  0.000  0.000 2881.953  407.447    0    0  (Gen:  0)
 25340456      4824  57625848  0.000  0.000 2882.156  407.477    0    0  (Gen:  0)
 25902504      5512  57627304  0.000  0.000 2882.359  407.506    0    0  (Gen:  0)
 28690880      5728  57628848  0.000  0.000 2882.562  407.540    0    0  (Gen:  0)
 29249008      3824  57627520  0.000  0.000 2882.812  407.575    0    0  (Gen:  0)
 28990640      5104  57629376  0.000  0.000 2883.109  407.610    0    0  (Gen:  0)
 26813616      5128  57629944  0.000  0.000 2883.328  407.642    0    0  (Gen:  0)
 27895128      4056  57629384  0.000  0.000 2883.531  407.676    0    0  (Gen:  0)
 26581048      4352  57630160  0.000  0.000 2883.781  407.707    0    0  (Gen:  0)
 24368824      5776  57632160  0.000  0.000 2883.875  407.736    0    0  (Gen:  0)
 25357672      4912  57631808  0.000  0.000 2884.016  407.767    0    0  (Gen:  0)
 26952816      4568  57632088  0.000  0.000 2884.266  407.799    0    0  (Gen:  0)
 27550528      5448  57633512  0.000  0.000 2884.500  407.832    0    0  (Gen:  0)
 26929808      4320  57632960  0.000  0.000 2884.734  407.863    0    0  (Gen:  0)
 21974800      5072  57634384  0.000  0.000 2884.844  407.889    0    0  (Gen:  0)
 26541272      4016  57633776  0.000  0.000 2885.203  407.920    0    0  (Gen:  0)
 23091736      4200  57634520  0.000  0.000 2885.312  407.948    0    0  (Gen:  0)
 25805992      5104  57635904  0.000  0.000 2885.438  407.979    0    0  (Gen:  0)
 25810944      4680  57635928  0.000  0.000 2885.672  408.011    0    0  (Gen:  0)
 25756824      5280  57636976  0.000  0.000 2885.859  408.041    0    0  (Gen:  0)
 29299912      5056  57637232  0.000  0.000 2886.109  408.076    0    0  (Gen:  0)
 27991656      4200  57636904  0.000  0.000 2886.422  408.110    0    0  (Gen:  0)
 25437056      5392  57638544  0.000  0.000 2886.672  408.140    0    0  (Gen:  0)
 25721808      5072  57638672  0.000  0.000 2886.875  408.171    0    0  (Gen:  0)
 26152672      4520  57638568  0.000  0.000 2887.078  408.204    0    0  (Gen:  0)
 25518720      6736  57641200  0.000  0.000 2887.250  408.234    0    0  (Gen:  0)
 29937936      5040  57639920  0.000  0.000 2887.375  408.270    0    0  (Gen:  0)
 28897296      5464  57640824  0.000  0.000 2887.547  408.304    0    0  (Gen:  0)
 23958392      4696  57640472  0.000  0.000 2887.797  408.333    0    0  (Gen:  0)
 27398224      4840  57640904  0.000  0.000 2887.984  408.366    0    0  (Gen:  0)
 22507592      4840  57641416  0.000  0.003 2888.156  408.416    0    0  (Gen:  0)
 18901048  51354888  57556320  0.047  0.034 2888.375  408.474    0    0  (Gen:  1)
 26383344      5504  57556432  0.000  0.000 2888.594  408.506    0    0  (Gen:  0)
 27704504      4936  57556296  0.000  0.000 2888.828  408.539    0    0  (Gen:  0)
 27776456      4088  57555864  0.000  0.000 2889.078  408.573    0    0  (Gen:  0)
 22229744      4440  57556664  0.000  0.000 2889.328  408.599    0    0  (Gen:  0)
 26881032      4360  57557000  0.000  0.000 2889.547  408.631    0    0  (Gen:  0)
 23925296      3720  57556840  0.000  0.000 2889.781  408.660    0    0  (Gen:  0)
 27598480      5664  57559200  0.000  0.000 2890.031  408.693    0    0  (Gen:  0)
 23351136      5584  57559568  0.000  0.000 2890.172  408.722    0    0  (Gen:  0)
 27259560      4928  57559328  0.000  0.000 2890.359  408.755    0    0  (Gen:  0)
 26680000      5016  57559896  0.000  0.000 2890.594  408.787    0    0  (Gen:  0)
 27449440      5104  57560432  0.000  0.000 2890.844  408.820    0    0  (Gen:  0)
 29302200      5736  57561512  0.000  0.000 2891.062  408.856    0    0  (Gen:  0)
 27511512      4896  57561184  0.000  0.000 2891.297  408.889    0    0  (Gen:  0)
 27233680      4840  57562248  0.000  0.000 2891.500  408.922    0    0  (Gen:  0)
 22876280      4280  57562616  0.000  0.000 2891.594  408.949    0    0  (Gen:  0)
 25049456      4112  57563072  0.000  0.000 2891.766  408.979    0    0  (Gen:  0)
 28005496      5136  57597496  0.000  0.000 2891.953  409.011    0    0  (Gen:  0)
 26634848      4976  57598720  0.000  0.000 2892.156  409.043    0    0  (Gen:  0)
 27267096      5168  57599488  0.000  0.000 2892.406  409.075    0    0  (Gen:  0)
 22714512      4232  57599032  0.000  0.000 2892.562  409.103    0    0  (Gen:  0)
 23262592      5512  57601000  0.000  0.000 2892.750  409.131    0    0  (Gen:  0)
 21648288      4976  57601880  0.000  0.000 2892.844  409.158    0    0  (Gen:  0)
 22182040      4376  57601680  0.000  0.000 2892.953  409.184    0    0  (Gen:  0)
 24795048      3992  57601680  0.000  0.000 2893.188  409.213    0    0  (Gen:  0)
 20332104      4192  57602376  0.000  0.000 2893.375  409.236    0    0  (Gen:  0)
 24950368      4912  57603512  0.000  0.000 2893.609  409.266    0    0  (Gen:  0)
 27860104      4632  57636504  0.000  0.000 2893.859  409.299    0    0  (Gen:  0)
 28578232      4240  57636720  0.000  0.000 2894.078  409.332    0    0  (Gen:  0)
 25552984      4248  57637336  0.000  0.000 2894.312  409.361    0    0  (Gen:  0)
 25799128      4816  57638352  0.000  0.000 2894.562  409.391    0    0  (Gen:  0)
 25921640      4040  57638056  0.000  0.000 2894.812  409.421    0    0  (Gen:  0)
 27783864      5592  57639992  0.000  0.000 2895.031  409.456    0    0  (Gen:  0)
 27044192      4888  57639872  0.000  0.000 2895.250  409.488    0    0  (Gen:  0)
 23857792      4592  57640088  0.000  0.000 2895.406  409.515    0    0  (Gen:  0)
 27542520      4704  57640712  0.000  0.000 2895.656  409.549    0    0  (Gen:  0)
 29042272      6320  57642840  0.000  0.000 2895.891  409.583    0    0  (Gen:  0)
 25893008      4432  57641496  0.000  0.000 2896.109  409.614    0    0  (Gen:  0)
 22198968      5152  57642696  0.000  0.000 2896.328  409.640    0    0  (Gen:  0)
 23205600  51290032  57557000  0.125  0.026 2896.578  409.695    0    0  (Gen:  1)
 25400064      4768  57557072  0.000  0.000 2896.812  409.725    0    0  (Gen:  0)
 25527784      4648  57557400  0.000  0.000 2896.984  409.755    0    0  (Gen:  0)
 27730720      6184  57559288  0.000  0.000 2897.203  409.789    0    0  (Gen:  0)
 26162240      5736  57559224  0.000  0.000 2897.391  409.821    0    0  (Gen:  0)
 28008416      4480  57558480  0.000  0.000 2897.625  409.854    0    0  (Gen:  0)
 26662088      5416  57559768  0.000  0.000 2897.875  409.886    0    0  (Gen:  0)
 25238008      4800  57559600  0.000  0.000 2898.109  409.917    0    0  (Gen:  0)
 28654968      5168  57560352  0.000  0.000 2898.469  409.952    0    0  (Gen:  0)
 20949896      4584  57560184  0.000  0.004 2898.562  410.010    0    0  (Gen:  0)
 24878680      5968  57561920  0.000  0.000 2898.766  410.040    0    0  (Gen:  0)
 18603336      6368  57562704  0.000  0.000 2898.922  410.065    0    0  (Gen:  0)
 26767992      4472  57561160  0.000  0.000 2899.156  410.098    0    0  (Gen:  0)
 27586792      4824  57561976  0.000  0.000 2899.391  410.131    0    0  (Gen:  0)
 20611696      5288  57562824  0.000  0.000 2899.609  410.156    0    0  (Gen:  0)
 24040432      4880  57562832  0.000  0.000 2899.797  410.186    0    0  (Gen:  0)
 27734808      4312  57562728  0.000  0.000 2900.047  410.219    0    0  (Gen:  0)
 25339744      3872  57562688  0.000  0.000 2900.266  410.249    0    0  (Gen:  0)
 28555064      5512  57564744  0.000  0.000 2900.516  410.284    0    0  (Gen:  0)
 26292480      6512  57566224  0.000  0.000 2900.719  410.316    0    0  (Gen:  0)
 24385984      5416  57565544  0.000  0.000 2900.906  410.345    0    0  (Gen:  0)
 27259816      4896  57565472  0.000  0.000 2901.156  410.379    0    0  (Gen:  0)
 27677584      5592  57566664  0.000  0.000 2901.375  410.412    0    0  (Gen:  0)
 26684240      4816  57566368  0.000  0.000 2901.625  410.445    0    0  (Gen:  0)
 27983904      6264  57568168  0.000  0.000 2901.797  410.479    0    0  (Gen:  0)
 25158240      4936  57567288  0.000  0.000 2901.969  410.510    0    0  (Gen:  0)
 22378552      5240  57568040  0.000  0.000 2902.141  410.536    0    0  (Gen:  0)
 27522072      5424  57568672  0.000  0.000 2902.391  410.569    0    0  (Gen:  0)
 26161328      4024  57567704  0.000  0.000 2902.625  410.601    0    0  (Gen:  0)
 25783368      5144  57569240  0.000  0.000 2902.875  410.633    0    0  (Gen:  0)
 27341792      4424  57568968  0.000  0.000 2903.078  410.666    0    0  (Gen:  0)
 25286672      5024  57569920  0.000  0.000 2903.281  410.697    0    0  (Gen:  0)
 25903744      4936  57570280  0.000  0.000 2903.516  410.729    0    0  (Gen:  0)
 27048760      5376  57571200  0.000  0.000 2903.688  410.761    0    0  (Gen:  0)
 24991208      6600  57572840  0.000  0.000 2903.844  410.792    0    0  (Gen:  0)
 27197968      5560  57572232  0.000  0.000 2904.094  410.824    0    0  (Gen:  0)
 27655984      5744  57572736  0.000  0.000 2904.328  410.857    0    0  (Gen:  0)
 25244024      5632  57573072  0.000  0.000 2904.547  410.888    0    0  (Gen:  0)
 24559088      5192  57573048  0.000  0.000 2904.781  410.917    0    0  (Gen:  0)
 25147096      4592  57572928  0.000  0.000 2904.969  410.948    0    0  (Gen:  0)
 22958848      4856  57573672  0.000  0.000 2905.172  410.975    0    0  (Gen:  0)
 27612840  51236992  57503960  0.125  0.027 2905.516  411.035    0    0  (Gen:  1)
 26401576      5016  57503864  0.000  0.000 2905.766  411.067    0    0  (Gen:  0)
 25132040      6480  57505808  0.000  0.000 2906.016  411.098    0    0  (Gen:  0)
 24664632      5240  57505016  0.000  0.000 2906.266  411.127    0    0  (Gen:  0)
 23300536      4408  57504600  0.000  0.000 2906.391  411.155    0    0  (Gen:  0)
 22728272      4496  57505232  0.000  0.000 2906.609  411.181    0    0  (Gen:  0)
 22286984      5128  57506296  0.000  0.000 2906.812  411.208    0    0  (Gen:  0)
 27662312      5760  57507408  0.000  0.000 2907.062  411.242    0    0  (Gen:  0)
 23627112      5984  57508208  0.000  0.000 2907.297  411.270    0    0  (Gen:  0)
 29049336      5504  57508208  0.000  0.000 2907.531  411.304    0    0  (Gen:  0)
 27238224      6304  57509520  0.000  0.000 2907.766  411.338    0    0  (Gen:  0)
 25770592      4760  57508392  0.000  0.000 2908.000  411.370    0    0  (Gen:  0)
 27954600      3816  57507928  0.000  0.000 2908.359  411.405    0    0  (Gen:  0)
 24430544      4128  57508688  0.000  0.000 2908.469  411.435    0    0  (Gen:  0)
 26646800      4880  57509888  0.000  0.000 2908.703  411.466    0    0  (Gen:  0)
 27250800      4704  57510272  0.000  0.000 2908.938  411.500    0    0  (Gen:  0)
 24853704      4608  57510656  0.000  0.000 2909.172  411.530    0    0  (Gen:  0)
 25077704      5232  57511824  0.000  0.000 2909.297  411.560    0    0  (Gen:  0)
 19207576      7128  57514120  0.000  0.006 2909.500  411.608    0    0  (Gen:  0)
 21156368      6312  57513752  0.000  0.000 2909.609  411.635    0    0  (Gen:  0)
 22405248      5672  57513592  0.000  0.000 2909.812  411.663    0    0  (Gen:  0)
 27570288      4120  57512488  0.000  0.000 2910.031  411.696    0    0  (Gen:  0)
 28423216      5328  57514256  0.000  0.000 2910.188  411.730    0    0  (Gen:  0)
 28984424      4112  57513600  0.000  0.000 2910.516  411.765    0    0  (Gen:  0)
 25478448      4568  57514600  0.000  0.000 2910.641  411.795    0    0  (Gen:  0)
 26773208      4912  57515424  0.000  0.000 2910.953  411.827    0    0  (Gen:  0)
 27908440      4552  57515608  0.000  0.000 2911.203  411.860    0    0  (Gen:  0)
 22302288      5064  57516664  0.000  0.000 2911.312  411.887    0    0  (Gen:  0)
 27831776      5384  57517464  0.000  0.000 2911.562  411.920    0    0  (Gen:  0)
 21162688      4464  57517072  0.000  0.000 2911.734  411.946    0    0  (Gen:  0)
 22682800      5360  57518384  0.000  0.000 2911.938  411.975    0    0  (Gen:  0)
 24709512      4640  57518080  0.000  0.000 2912.078  412.004    0    0  (Gen:  0)
 25296024      4104  57518024  0.000  0.000 2912.328  412.034    0    0  (Gen:  0)
 26411000      4400  57518768  0.000  0.000 2912.578  412.066    0    0  (Gen:  0)
 30846616      4472  57519352  0.000  0.000 2912.797  412.103    0    0  (Gen:  0)
 26330680  51183488  57450456  0.078  0.028 2913.094  412.162    0    0  (Gen:  1)
 27677128      4328  57450720  0.000  0.000 2913.312  412.195    0    0  (Gen:  0)
 27463512      5064  57452016  0.000  0.000 2913.547  412.229    0    0  (Gen:  0)
 29467032      5528  57452928  0.000  0.000 2913.703  412.264    0    0  (Gen:  0)
 24939520      4520  57452496  0.000  0.000 2913.906  412.294    0    0  (Gen:  0)
 25835176      4440  57452864  0.000  0.000 2914.141  412.324    0    0  (Gen:  0)
 26705256      4920  57453760  0.000  0.000 2914.375  412.356    0    0  (Gen:  0)
 27290664      4904  57454224  0.000  0.000 2914.531  412.388    0    0  (Gen:  0)
 29519264      5008  57454872  0.000  0.000 2914.859  412.425    0    0  (Gen:  0)
 22280184      5568  57455944  0.000  0.000 2915.062  412.451    0    0  (Gen:  0)
 29349344      5424  57456232  0.000  0.000 2915.281  412.486    0    0  (Gen:  0)
 23705832      6408  57457824  0.000  0.000 2915.484  412.514    0    0  (Gen:  0)
 27208368      5040  57456936  0.000  0.000 2915.734  412.547    0    0  (Gen:  0)
 29794384      4784  57457192  0.000  0.000 2915.984  412.582    0    0  (Gen:  0)
 30498056      4288  57457272  0.000  0.000 2916.172  412.619    0    0  (Gen:  0)
 25677456      5048  57458544  0.000  0.000 2916.359  412.649    0    0  (Gen:  0)
 26815408      6168  57460208  0.000  0.000 2916.562  412.682    0    0  (Gen:  0)
 26208656      4264  57458784  0.000  0.000 2916.812  412.713    0    0  (Gen:  0)
 27931120      5160  57460160  0.000  0.000 2917.047  412.747    0    0  (Gen:  0)
 21707312      5008  57460488  0.000  0.000 2917.219  412.772    0    0  (Gen:  0)
 19259208      5464  57461360  0.000  0.000 2917.344  412.794    0    0  (Gen:  0)
 24629680      4752  57461976  0.000  0.000 2917.578  412.823    0    0  (Gen:  0)
 27466424      4800  57462600  0.000  0.000 2917.828  412.856    0    0  (Gen:  0)
 25695744      4680  57463024  0.000  0.000 2918.062  412.888    0    0  (Gen:  0)
 27531032      4448  57463208  0.000  0.000 2918.438  412.920    0    0  (Gen:  0)
 23435872      4648  57463888  0.000  0.000 2918.531  412.949    0    0  (Gen:  0)
 28715040      4936  57464656  0.000  0.000 2918.844  412.984    0    0  (Gen:  0)
 22527736      4680  57464912  0.000  0.000 2918.938  413.011    0    0  (Gen:  0)
 27774856      5768  57466384  0.000  0.000 2919.172  413.044    0    0  (Gen:  0)
 28281296      5584  57466680  0.000  0.000 2919.516  413.079    0    0  (Gen:  0)
 27026528      4992  57466568  0.000  0.000 2919.734  413.112    0    0  (Gen:  0)
 27882800      4472  57466496  0.000  0.000 2919.922  413.145    0    0  (Gen:  0)
 23893704      4672  57467208  0.000  0.001 2920.094  413.178    0    0  (Gen:  0)
 10266888      4112  57467264  0.000  0.000 2920.109  413.205    0    0  (Gen:  0)
 25093656      7048  57471552  0.000  0.000 2920.297  413.235    0    0  (Gen:  0)
 16958144      4600  57470632  0.000  0.000 2920.344  413.256    0    0  (Gen:  0)
 27360568      4632  57471504  0.000  0.000 2920.594  413.289    0    0  (Gen:  0)
 27724648      5248  57472536  0.000  0.000 2920.844  413.322    0    0  (Gen:  0)
 22933088      5536  57473304  0.000  0.000 2921.047  413.349    0    0  (Gen:  0)
 21141296      5208  57473360  0.000  0.000 2921.281  413.375    0    0  (Gen:  0)
 27185472  51122296  57389264  0.016  0.026 2921.547  413.434    0    0  (Gen:  1)
 29318232      4664  57389128  0.000  0.000 2921.891  413.469    0    0  (Gen:  0)
 26657936      5168  57390208  0.000  0.000 2922.109  413.501    0    0  (Gen:  0)
 25694368      5024  57390512  0.000  0.000 2922.328  413.531    0    0  (Gen:  0)
 24326416      4616  57391144  0.000  0.000 2922.453  413.561    0    0  (Gen:  0)
 19667304      4080  57391568  0.000  0.000 2922.500  413.586    0    0  (Gen:  0)
 26254464      5088  57393024  0.000  0.000 2922.734  413.617    0    0  (Gen:  0)
 25273520      4744  57393064  0.000  0.000 2922.969  413.648    0    0  (Gen:  0)
 26503912      5216  57393920  0.000  0.000 2923.156  413.681    0    0  (Gen:  0)
 20490064      4144  57393264  0.000  0.000 2923.312  413.706    0    0  (Gen:  0)
 20540480      4568  57394088  0.000  0.000 2923.406  413.731    0    0  (Gen:  0)
 27407136      5088  57428616  0.000  0.000 2923.688  413.764    0    0  (Gen:  0)
 26269032      4184  57429688  0.000  0.000 2923.938  413.798    0    0  (Gen:  0)
 27713704      5432  57431424  0.000  0.000 2924.125  413.832    0    0  (Gen:  0)
 22673224      4976  57431352  0.000  0.000 2924.375  413.861    0    0  (Gen:  0)
 24340456      4936  57431728  0.000  0.000 2924.609  413.891    0    0  (Gen:  0)
 21072952      4440  57431648  0.000  0.000 2924.688  413.916    0    0  (Gen:  0)
 21917472      3808  57431528  0.000  0.000 2924.922  413.943    0    0  (Gen:  0)
 24940592      5072  57433336  0.000  0.000 2925.094  413.974    0    0  (Gen:  0)
 27572824      3952  57432776  0.000  0.000 2925.266  414.008    0    0  (Gen:  0)
 26787456      4096  57433384  0.000  0.000 2925.469  414.041    0    0  (Gen:  0)
 27110792      5456  57435256  0.000  0.000 2925.719  414.074    0    0  (Gen:  0)
 23456680      4712  57434960  0.000  0.000 2925.906  414.103    0    0  (Gen:  0)
 20102072      5424  57436168  0.000  0.000 2926.094  414.128    0    0  (Gen:  0)
 28579208      5880  57436944  0.000  0.000 2926.344  414.164    0    0  (Gen:  0)
 28390832      4328  57435872  0.000  0.000 2926.594  414.199    0    0  (Gen:  0)
 25082024      5040  57437192  0.000  0.000 2926.781  414.230    0    0  (Gen:  0)
 28474856      5064  57437712  0.031  0.000 2927.000  414.264    0    0  (Gen:  0)
 26193976      5600  57438792  0.000  0.000 2927.203  414.296    0    0  (Gen:  0)
 25106424      3888  57437672  0.000  0.000 2927.422  414.327    0    0  (Gen:  0)
 27049264      4552  57438784  0.000  0.000 2927.672  414.360    0    0  (Gen:  0)
 27882752      4264  57439088  0.000  0.000 2927.859  414.394    0    0  (Gen:  0)
 27856400      3944  57439296  0.000  0.000 2928.094  414.428    0    0  (Gen:  0)
 26550728      4344  57440240  0.000  0.000 2928.344  414.460    0    0  (Gen:  0)
 28869736      4112  57440488  0.000  0.000 2928.516  414.495    0    0  (Gen:  0)
 22307960      4992  57441880  0.000  0.000 2928.656  414.522    0    0  (Gen:  0)
 25779896      4008  57441280  0.000  0.000 2928.906  414.553    0    0  (Gen:  0)
 25183528      5128  57442976  0.000  0.000 2929.141  414.583    0    0  (Gen:  0)
 24847096      4840  57443200  0.000  0.000 2929.297  414.614    0    0  (Gen:  0)
 26299048      4712  57443568  0.000  0.000 2929.547  414.645    0    0  (Gen:  0)
 27065824      3656  57442960  0.000  0.000 2929.750  414.679    0    0  (Gen:  0)
 24243744  51055720  57355456  0.094  0.026 2930.047  414.733    0    0  (Gen:  1)
 27718600      5200  57356952  0.000  0.000 2930.297  414.767    0    0  (Gen:  0)
 28708744      4808  57357624  0.000  0.000 2930.547  414.802    0    0  (Gen:  0)
 27978760      6280  57359736  0.000  0.000 2930.781  414.834    0    0  (Gen:  0)
 23035904      4904  57359768  0.000  0.000 2930.969  414.862    0    0  (Gen:  0)
 17244032      4952  57360296  0.000  0.013 2931.031  414.903    0    0  (Gen:  0)
 20494232      5064  57361192  0.000  0.000 2931.188  414.929    0    0  (Gen:  0)
 24004152      4400  57361544  0.000  0.000 2931.406  414.960    0    0  (Gen:  0)
 26117216      4456  57362032  0.000  0.000 2931.547  414.991    0    0  (Gen:  0)
 23706048      5128  57363152  0.000  0.000 2931.688  415.019    0    0  (Gen:  0)
 29541760      5280  57363720  0.000  0.000 2931.938  415.055    0    0  (Gen:  0)
 28581200      5256  57364240  0.000  0.000 2932.172  415.089    0    0  (Gen:  0)
 20069776      5360  57365112  0.000  0.000 2932.328  415.113    0    0  (Gen:  0)
 25340328      4168  57365168  0.000  0.000 2932.562  415.143    0    0  (Gen:  0)
 28184560      4544  57366040  0.000  0.000 2932.750  415.177    0    0  (Gen:  0)
 27364072      5696  57367640  0.000  0.000 2932.969  415.212    0    0  (Gen:  0)
 28144280      5536  57367992  0.000  0.000 2933.203  415.244    0    0  (Gen:  0)
 29963208      5528  57369200  0.000  0.000 2933.422  415.280    0    0  (Gen:  0)
 24280760      5608  57370112  0.000  0.000 2933.547  415.309    0    0  (Gen:  0)
 28776768      4448  57369464  0.000  0.000 2933.859  415.344    0    0  (Gen:  0)
 27072680      5296  57370920  0.000  0.000 2934.109  415.377    0    0  (Gen:  0)
 25124784      4808  57370944  0.000  0.000 2934.344  415.406    0    0  (Gen:  0)
 26566560      5496  57372144  0.000  0.000 2934.594  415.438    0    0  (Gen:  0)
 27271760      3968  57371192  0.000  0.000 2934.797  415.471    0    0  (Gen:  0)
 28090256      4768  57372568  0.000  0.000 2934.969  415.504    0    0  (Gen:  0)
 30140320      5200  57373576  0.000  0.000 2935.203  415.540    0    0  (Gen:  0)
 27141312      4760  57373776  0.000  0.000 2935.453  415.573    0    0  (Gen:  0)
 21311584      5984  57375544  0.000  0.000 2935.688  415.598    0    0  (Gen:  0)
 27757936      5144  57375088  0.000  0.000 2935.938  415.632    0    0  (Gen:  0)
 28448160      5344  57375800  0.000  0.000 2936.141  415.669    0    0  (Gen:  0)
 27996600      4544  57375512  0.000  0.000 2936.500  415.703    0    0  (Gen:  0)
 24644640      5464  57376848  0.000  0.000 2936.594  415.732    0    0  (Gen:  0)
 27300792      4840  57376640  0.000  0.000 2936.906  415.765    0    0  (Gen:  0)
 28648264      4312  57376560  0.000  0.000 2937.141  415.800    0    0  (Gen:  0)
 25482728      5008  57377768  0.000  0.000 2937.297  415.831    0    0  (Gen:  0)
 26020448      4560  57377736  0.000  0.000 2937.500  415.863    0    0  (Gen:  0)
 24863416      5392  57379048  0.000  0.000 2937.750  415.893    0    0  (Gen:  0)
 26268592      5080  57379232  0.000  0.000 2937.984  415.925    0    0  (Gen:  0)
 25678056      4664  57379232  0.000  0.000 2938.234  415.957    0    0  (Gen:  0)
 25200888      4768  57379784  0.000  0.001 2938.391  415.988    0    0  (Gen:  0)
 28951264  50982944  57282680  0.125  0.028 2938.656  416.051    0    0  (Gen:  1)
 26222248      5112  57283864  0.000  0.000 2938.828  416.083    0    0  (Gen:  0)
 27884128      5816  57285048  0.000  0.000 2939.062  416.117    0    0  (Gen:  0)
 29181008      4080  57283904  0.000  0.000 2939.297  416.152    0    0  (Gen:  0)
 23701256      4368  57284736  0.000  0.000 2939.531  416.181    0    0  (Gen:  0)
 21246656      5624  57286408  0.000  0.000 2939.672  416.207    0    0  (Gen:  0)
 23262632      5672  57286984  0.000  0.000 2939.797  416.234    0    0  (Gen:  0)
 26768248      5272  57287128  0.000  0.000 2940.047  416.266    0    0  (Gen:  0)
 26655288      4216  57286552  0.000  0.000 2940.297  416.298    0    0  (Gen:  0)
 25874848      4816  57287632  0.000  0.000 2940.453  416.329    0    0  (Gen:  0)
 29341704      4776  57288152  0.000  0.000 2940.703  416.364    0    0  (Gen:  0)
 23395352      5032  57288952  0.000  0.000 2940.891  416.393    0    0  (Gen:  0)
 19692960      4584  57289048  0.000  0.000 2940.938  416.417    0    0  (Gen:  0)
 25584048      5216  57290160  0.000  0.000 2941.156  416.448    0    0  (Gen:  0)
 28269224      6424  57291880  0.000  0.000 2941.375  416.482    0    0  (Gen:  0)
 27418816      5136  57291168  0.000  0.000 2941.719  416.514    0    0  (Gen:  0)
 27959720      4504  57291080  0.000  0.001 2941.969  416.548    0    0  (Gen:  0)
 30804128      4920  57292072  0.000  0.000 2942.141  416.585    0    0  (Gen:  0)
 26949008      4416  57292176  0.000  0.000 2942.312  416.618    0    0  (Gen:  0)
 17863784      4464  57292672  0.000  0.017 2942.422  416.662    0    0  (Gen:  0)
 25306936      5320  57293976  0.000  0.000 2942.578  416.693    0    0  (Gen:  0)
 22000824      4992  57294192  0.000  0.000 2942.734  416.721    0    0  (Gen:  0)
 24905944      6072  57295656  0.000  0.000 2942.906  416.750    0    0  (Gen:  0)
 29047392      5016  57295096  0.000  0.000 2943.156  416.785    0    0  (Gen:  0)
 25285720      4888  57295480  0.000  0.000 2943.344  416.815    0    0  (Gen:  0)
 23314224      5248  57296288  0.000  0.000 2943.516  416.842    0    0  (Gen:  0)
 24581504      5192  57296616  0.000  0.000 2943.641  416.872    0    0  (Gen:  0)
 25048048      5888  57297792  0.000  0.000 2943.828  416.900    0    0  (Gen:  0)
 25983952      5896  57298296  0.000  0.000 2944.016  416.931    0    0  (Gen:  0)
 24973528      6200  57298984  0.000  0.000 2944.266  416.960    0    0  (Gen:  0)
 22768880      4352  57297552  0.000  0.000 2944.438  416.988    0    0  (Gen:  0)
 24047872      5152  57298800  0.000  0.000 2944.578  417.016    0    0  (Gen:  0)
 21965600      5432  57299560  0.000  0.000 2944.703  417.040    0    0  (Gen:  0)
 28172832      5936  57301408  0.000  0.000 2944.938  417.073    0    0  (Gen:  0)
 27630528      5656  57301608  0.000  0.000 2945.172  417.106    0    0  (Gen:  0)
 23816024      5784  57302216  0.000  0.000 2945.406  417.134    0    0  (Gen:  0)
 22948640      5144  57301928  0.000  0.000 2945.625  417.162    0    0  (Gen:  0)
 22363872      5384  57302616  0.000  0.000 2945.797  417.188    0    0  (Gen:  0)
 22368616      5536  57303232  0.000  0.000 2945.891  417.215    0    0  (Gen:  0)
 27070288      4576  57302704  0.000  0.000 2946.094  417.247    0    0  (Gen:  0)
 27444616  50923344  57223080  0.031  0.028 2946.344  417.307    0    0  (Gen:  1)
 28639080      5696  57223648  0.000  0.000 2946.547  417.341    0    0  (Gen:  0)
 27614584      5696  57224096  0.000  0.000 2946.922  417.374    0    0  (Gen:  0)
 26155176      3976  57222760  0.000  0.000 2947.031  417.405    0    0  (Gen:  0)
 26356976      5296  57224496  0.000  0.000 2947.281  417.437    0    0  (Gen:  0)
 22322624      4440  57224056  0.000  0.000 2947.391  417.465    0    0  (Gen:  0)
 23503992      5928  57225992  0.000  0.000 2947.609  417.493    0    0  (Gen:  0)
 25278392      4976  57225440  0.000  0.000 2947.859  417.523    0    0  (Gen:  0)
 26970928      5632  57226544  0.000  0.000 2948.109  417.555    0    0  (Gen:  0)
 25041408      4992  57226432  0.000  0.000 2948.312  417.584    0    0  (Gen:  0)
 24878528      5512  57227464  0.000  0.000 2948.531  417.614    0    0  (Gen:  0)
 20561472      5120  57227600  0.000  0.000 2948.641  417.639    0    0  (Gen:  0)
 24252440      6424  57229336  0.000  0.000 2948.875  417.668    0    0  (Gen:  0)
 28290272      4008  57227352  0.000  0.000 2949.125  417.702    0    0  (Gen:  0)
 27721376      4864  57228624  0.000  0.000 2949.297  417.735    0    0  (Gen:  0)
 29450608      5512  57229752  0.000  0.000 2949.500  417.771    0    0  (Gen:  0)
 30604336      5104  57229856  0.000  0.000 2949.719  417.808    0    0  (Gen:  0)
 26005384      5272  57230536  0.000  0.000 2949.938  417.840    0    0  (Gen:  0)
 27001976      4592  57230272  0.000  0.000 2950.188  417.872    0    0  (Gen:  0)
 25651152      5128  57231304  0.000  0.000 2950.422  417.903    0    0  (Gen:  0)
 27663920      4792  57231352  0.000  0.000 2950.797  417.937    0    0  (Gen:  0)
 28039424      4920  57231928  0.000  0.000 2951.047  417.970    0    0  (Gen:  0)
 27492280      6280  57233704  0.000  0.000 2951.219  418.004    0    0  (Gen:  0)
 26327152      5800  57233640  0.000  0.000 2951.453  418.035    0    0  (Gen:  0)
 24001904      4616  57232840  0.000  0.000 2951.688  418.064    0    0  (Gen:  0)
 23278080      4816  57233424  0.000  0.000 2951.828  418.092    0    0  (Gen:  0)
 27509416      6992  57236016  0.000  0.000 2952.000  418.124    0    0  (Gen:  0)
 26083888      4432  57233872  0.000  0.000 2952.188  418.157    0    0  (Gen:  0)
 24495296      5184  57235072  0.000  0.003 2952.266  418.209    0    0  (Gen:  0)
 23506752      5584  57236000  0.000  0.000 2952.422  418.237    0    0  (Gen:  0)
 19343680      4416  57235296  0.000  0.000 2952.469  418.261    0    0  (Gen:  0)
 24586520      6112  57237344  0.000  0.000 2952.656  418.292    0    0  (Gen:  0)
 24583104      4936  57236568  0.000  0.000 2952.891  418.321    0    0  (Gen:  0)
 21861280      4168  57236216  0.000  0.000 2953.109  418.348    0    0  (Gen:  0)
 26996496      4256  57236768  0.000  0.000 2953.328  418.381    0    0  (Gen:  0)
 28349704      5056  57238016  0.000  0.000 2953.500  418.416    0    0  (Gen:  0)
 25843336      4936  57238408  0.000  0.000 2953.734  418.446    0    0  (Gen:  0)
 24161064      6408  57240360  0.000  0.000 2953.891  418.474    0    0  (Gen:  0)
 24509136      6080  57241008  0.000  0.000 2954.078  418.502    0    0  (Gen:  0)
 24758376      4848  57240672  0.000  0.000 2954.328  418.531    0    0  (Gen:  0)
 29721600      5208  57241640  0.000  0.000 2954.562  418.567    0    0  (Gen:  0)
 27026968  50862688  57162424  0.109  0.026 2954.844  418.625    0    0  (Gen:  1)
 27842808      6016  57164656  0.000  0.000 2955.062  418.658    0    0  (Gen:  0)
 26174096      5888  57165040  0.000  0.000 2955.312  418.688    0    0  (Gen:  0)
 23924608      4984  57164648  0.000  0.000 2955.422  418.716    0    0  (Gen:  0)
 23771448      4848  57165024  0.000  0.000 2955.625  418.746    0    0  (Gen:  0)
 24273880      5344  57165984  0.000  0.000 2955.781  418.774    0    0  (Gen:  0)
 25358584      4552  57165768  0.000  0.000 2956.016  418.803    0    0  (Gen:  0)
 26052048      4936  57166744  0.000  0.000 2956.250  418.834    0    0  (Gen:  0)
 26723704      5288  57167448  0.000  0.000 2956.484  418.867    0    0  (Gen:  0)
 20419288      4720  57167392  0.000  0.000 2956.688  418.893    0    0  (Gen:  0)
 25309304      4912  57167936  0.000  0.000 2956.922  418.924    0    0  (Gen:  0)
 28523200      4984  57168424  0.000  0.000 2957.156  418.960    0    0  (Gen:  0)
 28412112      5320  57169272  0.000  0.000 2957.344  418.994    0    0  (Gen:  0)
 24126824      4392  57168888  0.000  0.000 2957.547  419.023    0    0  (Gen:  0)
 21392936      6088  57171032  0.000  0.000 2957.734  419.051    0    0  (Gen:  0)
 25598616      6200  57171608  0.000  0.000 2957.906  419.082    0    0  (Gen:  0)
 25172256      5944  57171800  0.000  0.000 2958.125  419.113    0    0  (Gen:  0)
 27197792      4248  57170616  0.000  0.000 2958.375  419.145    0    0  (Gen:  0)
 26572552      5944  57172904  0.000  0.000 2958.594  419.178    0    0  (Gen:  0)
 20613960      4368  57171872  0.000  0.000 2958.797  419.203    0    0  (Gen:  0)
 20535608      4768  57172720  0.000  0.000 2958.859  419.230    0    0  (Gen:  0)
 24151232      4472  57172888  0.000  0.000 2959.047  419.259    0    0  (Gen:  0)
 23864096      4288  57173216  0.000  0.000 2959.297  419.287    0    0  (Gen:  0)
 23199776      4392  57173832  0.000  0.000 2959.531  419.315    0    0  (Gen:  0)
 23481008      3840  57173760  0.000  0.000 2959.766  419.342    0    0  (Gen:  0)
 26645344      5128  57175672  0.000  0.000 2959.969  419.374    0    0  (Gen:  0)
 29331784      4792  57175928  0.000  0.000 2960.172  419.411    0    0  (Gen:  0)
 23179392      4024  57175704  0.000  0.000 2960.406  419.439    0    0  (Gen:  0)
 22801536      5384  57177480  0.000  0.000 2960.531  419.467    0    0  (Gen:  0)
 25642176      4864  57177376  0.000  0.000 2960.750  419.499    0    0  (Gen:  0)
 25627824      4568  57177464  0.000  0.000 2960.953  419.531    0    0  (Gen:  0)
 26628512      6088  57179368  0.000  0.000 2961.203  419.563    0    0  (Gen:  0)
 28786008      5720  57179448  0.000  0.000 2961.391  419.599    0    0  (Gen:  0)
 25687624      4440  57178616  0.000  0.000 2961.625  419.631    0    0  (Gen:  0)
 24580800      4736  57179296  0.000  0.000 2961.859  419.660    0    0  (Gen:  0)
 25404408      6200  57181112  0.000  0.000 2962.031  419.690    0    0  (Gen:  0)
 26254064      4712  57180040  0.000  0.000 2962.266  419.722    0    0  (Gen:  0)
 11311456  50808936  57108672  0.016  0.028 2962.375  419.764    0    0  (Gen:  1)
 13677568      4432  57109632  0.000  0.018 2962.469  419.799    0    0  (Gen:  0)
 19086112      6576  57113056  0.000  0.000 2962.578  419.825    0    0  (Gen:  0)
 17187864      4856  57113192  0.000  0.000 2962.734  419.847    0    0  (Gen:  0)
 23260272      4712  57113784  0.000  0.000 2962.969  419.876    0    0  (Gen:  0)
 23341776      6528  57116456  0.000  0.000 2963.078  419.904    0    0  (Gen:  0)
 24342256      4896  57115240  0.000  0.000 2963.312  419.934    0    0  (Gen:  0)
 23970064      4752  57115544  0.000  0.000 2963.547  419.963    0    0  (Gen:  0)
 25957664      5720  57116928  0.000  0.000 2963.688  419.995    0    0  (Gen:  0)
 19397392      6632  57118288  0.000  0.000 2963.906  420.017    0    0  (Gen:  0)
 26831920      5632  57118600  0.000  0.000 2964.141  420.050    0    0  (Gen:  0)
 27571136      3960  57117616  0.000  0.000 2964.359  420.083    0    0  (Gen:  0)
 25669672      4120  57118288  0.000  0.000 2964.594  420.115    0    0  (Gen:  0)
 28351448      5408  57120056  0.000  0.000 2964.844  420.150    0    0  (Gen:  0)
 23168256      5008  57120216  0.000  0.000 2965.062  420.179    0    0  (Gen:  0)
 24435152      4560  57120216  0.000  0.000 2965.312  420.209    0    0  (Gen:  0)
 23427856      5336  57121488  0.000  0.000 2965.500  420.238    0    0  (Gen:  0)
 29013752      6072  57122736  0.000  0.000 2965.656  420.273    0    0  (Gen:  0)
 25497440      4240  57121432  0.000  0.000 2965.906  420.304    0    0  (Gen:  0)
 25775224      4912  57122616  0.000  0.000 2966.125  420.336    0    0  (Gen:  0)
 26285776      6584  57124816  0.000  0.000 2966.359  420.367    0    0  (Gen:  0)
 28738584      4928  57123608  0.000  0.000 2966.594  420.404    0    0  (Gen:  0)
 23740256      4928  57124088  0.000  0.000 2966.828  420.433    0    0  (Gen:  0)
 23224520      4264  57123904  0.000  0.000 2967.062  420.461    0    0  (Gen:  0)
 23895704      4584  57124576  0.000  0.000 2967.297  420.490    0    0  (Gen:  0)
 23929296      4528  57125080  0.000  0.000 2967.391  420.521    0    0  (Gen:  0)
 23076472      6144  57127112  0.000  0.000 2967.641  420.549    0    0  (Gen:  0)
 24938816      4272  57125592  0.000  0.000 2967.891  420.580    0    0  (Gen:  0)
 23217296      4440  57126240  0.000  0.000 2968.125  420.608    0    0  (Gen:  0)
 27543224      6192  57128376  0.000  0.000 2968.328  420.642    0    0  (Gen:  0)
 21477712      5216  57127816  0.000  0.000 2968.453  420.668    0    0  (Gen:  0)
 26539872      5464  57128448  0.000  0.000 2968.703  420.701    0    0  (Gen:  0)
 22569208      4960  57128328  0.000  0.000 2968.891  420.729    0    0  (Gen:  0)
 27681552      4240  57128056  0.000  0.000 2969.188  420.764    0    0  (Gen:  0)
 22682048      4704  57128904  0.000  0.000 2969.297  420.793    0    0  (Gen:  0)
 22959736      5272  57129888  0.000  0.000 2969.547  420.821    0    0  (Gen:  0)
 22999376      4328  57129360  0.000  0.000 2969.781  420.849    0    0  (Gen:  0)
 22091304      5552  57131000  0.000  0.000 2969.969  420.876    0    0  (Gen:  0)
 21942240      4704  57130584  0.000  0.000 2970.078  420.903    0    0  (Gen:  0)
 28872736  50751872  57051608  0.016  0.026 2970.469  420.965    0    0  (Gen:  1)
 27412024      5704  57053728  0.000  0.000 2970.688  420.999    0    0  (Gen:  0)
 27325808      5680  57054248  0.000  0.000 2970.922  421.032    0    0  (Gen:  0)
 28353336      4888  57053968  0.000  0.000 2971.172  421.066    0    0  (Gen:  0)
 24250864      4536  57054128  0.000  0.000 2971.406  421.097    0    0  (Gen:  0)
 24893832      4064  57054072  0.000  0.000 2971.641  421.127    0    0  (Gen:  0)
 24825632      5312  57055800  0.000  0.000 2971.891  421.158    0    0  (Gen:  0)
 25797904      5384  57056352  0.000  0.000 2972.141  421.190    0    0  (Gen:  0)
 25521104      4520  57056000  0.000  0.000 2972.375  421.221    0    0  (Gen:  0)
 22856120      4752  57056680  0.000  0.000 2972.516  421.249    0    0  (Gen:  0)
 21710016      4096  57056472  0.000  0.000 2972.578  421.276    0    0  (Gen:  0)
 24388056      4288  57057144  0.000  0.000 2972.828  421.306    0    0  (Gen:  0)
 27142256      5096  57058400  0.000  0.000 2973.078  421.339    0    0  (Gen:  0)
 22104920      5824  57059720  0.000  0.000 2973.312  421.364    0    0  (Gen:  0)
 25567344      5768  57060944  0.000  0.000 2973.516  421.395    0    0  (Gen:  0)
 23989600      6008  57061888  0.000  0.000 2973.750  421.424    0    0  (Gen:  0)
 24780104      4736  57060936  0.000  0.000 2973.969  421.456    0    0  (Gen:  0)
 24634848      5432  57062112  0.000  0.001 2974.141  421.489    0    0  (Gen:  0)
 13540976      4744  57061936  0.000  0.000 2974.156  421.519    0    0  (Gen:  0)
 21808848      6032  57064336  0.000  0.000 2974.359  421.545    0    0  (Gen:  0)
 21955400      5464  57064536  0.000  0.000 2974.422  421.574    0    0  (Gen:  0)
 25563832      4808  57064624  0.000  0.000 2974.625  421.605    0    0  (Gen:  0)
 25711760      5640  57066048  0.000  0.000 2974.844  421.637    0    0  (Gen:  0)
 23046160      5744  57066584  0.000  0.000 2975.016  421.665    0    0  (Gen:  0)
 24867696      4552  57065904  0.000  0.000 2975.203  421.696    0    0  (Gen:  0)
 26646792      6984  57068784  0.000  0.000 2975.422  421.729    0    0  (Gen:  0)
 21792056      4400  57066664  0.000  0.000 2975.609  421.753    0    0  (Gen:  0)
 25410816      8344  57071024  0.000  0.000 2975.859  421.783    0    0  (Gen:  0)
 24251696      5144  57068320  0.000  0.000 2976.109  421.812    0    0  (Gen:  0)
 26202816      5704  57069280  0.016  0.000 2976.219  421.842    0    0  (Gen:  0)
 22529544      4224  57068216  0.000  0.000 2976.312  421.870    0    0  (Gen:  0)
 26509296      5704  57070112  0.000  0.000 2976.531  421.902    0    0  (Gen:  0)
 24959424      4728  57069632  0.000  0.000 2976.766  421.932    0    0  (Gen:  0)
 25021272      6480  57071736  0.000  0.000 2977.016  421.962    0    0  (Gen:  0)
 24055328      4704  57070408  0.000  0.000 2977.234  421.990    0    0  (Gen:  0)
 26425192      5496  57071712  0.000  0.000 2977.453  422.023    0    0  (Gen:  0)
 27495784      5176  57071968  0.000  0.000 2977.672  422.056    0    0  (Gen:  0)
 28486504      5440  57072728  0.000  0.000 2977.922  422.091    0    0  (Gen:  0)
 28624944      4712  57072416  0.000  0.000 2978.219  422.125    0    0  (Gen:  0)
 27083256      5936  57074088  0.000  0.000 2978.469  422.158    0    0  (Gen:  0)
 25964792      4336  57073000  0.000  0.000 2978.703  422.189    0    0  (Gen:  0)
 24533184      4992  57074120  0.000  0.000 2978.891  422.217    0    0  (Gen:  0)
 22064392      6016  57075880  0.000  0.000 2978.953  422.244    0    0  (Gen:  0)
 27884408      5008  57075864  0.000  0.000 2979.062  422.278    0    0  (Gen:  0)
 27049112  50684216  56983952  0.031  0.026 2979.281  422.337    0    0  (Gen:  1)
 24449832      5952  56985808  0.000  0.000 2979.531  422.367    0    0  (Gen:  0)
 28152336      4288  56984528  0.000  0.000 2979.750  422.402    0    0  (Gen:  0)
 21402264      6064  56986752  0.000  0.000 2979.938  422.429    0    0  (Gen:  0)
 26227136      5128  56986200  0.000  0.000 2980.172  422.461    0    0  (Gen:  0)
 27763568      4440  56986008  0.000  0.000 2980.344  422.496    0    0  (Gen:  0)
 26781824      6144  56988192  0.000  0.000 2980.516  422.528    0    0  (Gen:  0)
 25756192      4760  56987288  0.000  0.000 2980.734  422.560    0    0  (Gen:  0)
 28407608      4792  56987704  0.000  0.000 2981.078  422.594    0    0  (Gen:  0)
 23314552      5016  56988408  0.000  0.000 2981.172  422.622    0    0  (Gen:  0)
 24671360      4872  56988712  0.000  0.000 2981.375  422.653    0    0  (Gen:  0)
 27234280      4168  56988584  0.000  0.000 2981.656  422.687    0    0  (Gen:  0)
 25474008      4480  56989312  0.000  0.000 2981.891  422.718    0    0  (Gen:  0)
 25024536      4504  56989816  0.000  0.000 2982.094  422.749    0    0  (Gen:  0)
 27552656      4280  56989944  0.000  0.000 2982.219  422.784    0    0  (Gen:  0)
 27723032      5432  56991608  0.000  0.000 2982.469  422.818    0    0  (Gen:  0)
 28577240      4312  56990936  0.000  0.000 2982.656  422.853    0    0  (Gen:  0)
 22612976      6400  56993568  0.000  0.000 2982.891  422.878    0    0  (Gen:  0)
 27615296      4944  56993312  0.000  0.000 2983.078  422.912    0    0  (Gen:  0)
 27605328      4728  56993832  0.000  0.000 2983.328  422.946    0    0  (Gen:  0)
 26249672      3944  56993560  0.000  0.000 2983.484  422.978    0    0  (Gen:  0)
 26142368      3792  56993920  0.000  0.000 2983.625  423.011    0    0  (Gen:  0)
 26202232      5480  56996024  0.000  0.000 2983.828  423.043    0    0  (Gen:  0)
 26593880      4024  56995080  0.000  0.000 2984.016  423.075    0    0  (Gen:  0)
 23384544      3712  56995248  0.000  0.000 2984.266  423.104    0    0  (Gen:  0)
 21027224      4336  56996416  0.000  0.005 2984.484  423.150    0    0  (Gen:  0)
 19916544      3904  56996880  0.000  0.000 2984.578  423.176    0    0  (Gen:  0)
 24773920      4208  56998128  0.000  0.000 2984.781  423.208    0    0  (Gen:  0)
 27183192      3568  56998032  0.000  0.000 2984.969  423.242    0    0  (Gen:  0)
 18250688      3936  56999008  0.000  0.000 2985.000  423.264    0    0  (Gen:  0)
 20002664      4080  56999632  0.000  0.000 2985.172  423.287    0    0  (Gen:  0)
 24623264      4496  57000624  0.000  0.000 2985.391  423.319    0    0  (Gen:  0)
 28562400      3768  57000392  0.000  0.000 2985.609  423.354    0    0  (Gen:  0)
 30096584      3664  57000960  0.000  0.000 2985.859  423.389    0    0  (Gen:  0)
 27395128      4008  57002008  0.000  0.000 2986.047  423.422    0    0  (Gen:  0)
 28001000      4224  57002768  0.000  0.000 2986.266  423.456    0    0  (Gen:  0)
 24057440      3800  57002952  0.000  0.000 2986.438  423.486    0    0  (Gen:  0)
 28297712  50620704  56920440  0.125  0.025 2986.766  423.546    0    0  (Gen:  1)
 26350136      3992  56920864  0.000  0.000 2987.016  423.579    0    0  (Gen:  0)
 26112800      4856  56922176  0.000  0.000 2987.188  423.611    0    0  (Gen:  0)
 23230984      3752  56921552  0.000  0.000 2987.422  423.640    0    0  (Gen:  0)
 27321904      4184  56922432  0.000  0.000 2987.641  423.673    0    0  (Gen:  0)
 20077240      4440  56923168  0.000  0.001 2987.766  423.699    0    0  (Gen:  0)
 22299112      4088  56923232  0.000  0.000 2987.938  423.726    0    0  (Gen:  0)
 26867744      4032  56923640  0.000  0.000 2988.156  423.759    0    0  (Gen:  0)
 24486376      4168  56924288  0.000  0.000 2988.375  423.789    0    0  (Gen:  0)
 23697872      3496  56924000  0.000  0.000 2988.625  423.819    0    0  (Gen:  0)
 24967056      4872  56925936  0.000  0.000 2988.859  423.850    0    0  (Gen:  0)
 24282184      4328  56925904  0.000  0.000 2989.078  423.881    0    0  (Gen:  0)
 25094952      6872  56928912  0.000  0.000 2989.297  423.912    0    0  (Gen:  0)
 28453800      5056  56927576  0.000  0.000 2989.547  423.947    0    0  (Gen:  0)
 24330704      4040  56927040  0.000  0.000 2989.766  423.977    0    0  (Gen:  0)
 22816520      3928  56927408  0.000  0.000 2989.953  424.005    0    0  (Gen:  0)
 26378744      4000  56927896  0.000  0.000 2990.188  424.038    0    0  (Gen:  0)
 25320416      4392  56928800  0.000  0.000 2990.438  424.069    0    0  (Gen:  0)
 24575536      4728  56929584  0.000  0.000 2990.672  424.100    0    0  (Gen:  0)
 26919912      4856  56930192  0.000  0.000 2990.906  424.133    0    0  (Gen:  0)
 27360416      4192  56930088  0.000  0.000 2991.156  424.168    0    0  (Gen:  0)
 24979280      4504  56930912  0.000  0.000 2991.391  424.199    0    0  (Gen:  0)
 27407512      4208  56931064  0.047  0.000 2991.656  424.233    0    0  (Gen:  0)
 22403608      4712  56932112  0.000  0.000 2991.719  424.259    0    0  (Gen:  0)
 25191640      5072  56966352  0.000  0.000 2991.969  424.289    0    0  (Gen:  0)
 25122328      4160  56966328  0.000  0.000 2992.203  424.319    0    0  (Gen:  0)
 25718336      4216  56966800  0.000  0.000 2992.453  424.351    0    0  (Gen:  0)
 20939304      4104  56967168  0.000  0.000 2992.656  424.376    0    0  (Gen:  0)
 25017200      7072  56970584  0.000  0.000 2992.891  424.407    0    0  (Gen:  0)
 26406048      6744  56970672  0.000  0.000 2993.125  424.440    0    0  (Gen:  0)
 23128704      4800  56969192  0.000  0.000 2993.344  424.468    0    0  (Gen:  0)
 28058264      5392  56970168  0.000  0.000 2993.469  424.502    0    0  (Gen:  0)
 25832296      5384  56970704  0.000  0.000 2993.656  424.532    0    0  (Gen:  0)
 27234248      4432  56970280  0.000  0.000 2993.844  424.565    0    0  (Gen:  0)
 30309592      5688  56972048  0.000  0.000 2994.094  424.602    0    0  (Gen:  0)
 22623840      5760  56972648  0.000  0.000 2994.297  424.629    0    0  (Gen:  0)
 23642768      5104  56972408  0.000  0.000 2994.516  424.658    0    0  (Gen:  0)
 27851216      5328  56973016  0.000  0.000 2994.750  424.691    0    0  (Gen:  0)
 23960440      3792  56972024  0.000  0.000 2994.906  424.719    0    0  (Gen:  0)
 28402240  50561696  56894200  0.047  0.026 2995.109  424.779    0    0  (Gen:  1)
 27403800      4784  56893936  0.000  0.000 2995.328  424.812    0    0  (Gen:  0)
 23076504      5440  56895168  0.000  0.000 2995.422  424.866    0    0  (Gen:  0)
 28400584      4696  56894936  0.000  0.000 2995.641  424.900    0    0  (Gen:  0)
 18032664      4680  56895496  0.000  0.000 2995.812  424.921    0    0  (Gen:  0)
 22682984      5424  56896720  0.000  0.000 2995.922  424.948    0    0  (Gen:  0)
 27236720      6000  56897808  0.000  0.000 2996.141  424.981    0    0  (Gen:  0)
 22369848      6392  56898744  0.000  0.000 2996.281  425.006    0    0  (Gen:  0)
 28806728      5192  56897992  0.000  0.000 2996.469  425.040    0    0  (Gen:  0)
 24773408      6944  56900288  0.000  0.000 2996.719  425.069    0    0  (Gen:  0)
 22920760      5480  56899304  0.000  0.000 2996.969  425.094    0    0  (Gen:  0)
 27738800      5000  56900104  0.000  0.000 2997.203  425.126    0    0  (Gen:  0)
 22455952      5328  56901200  0.000  0.000 2997.328  425.153    0    0  (Gen:  0)
 26673984      5368  56901656  0.000  0.000 2997.688  425.186    0    0  (Gen:  0)
 26903456      4888  56901736  0.000  0.000 2997.906  425.218    0    0  (Gen:  0)
 26560848      4544  56901840  0.000  0.000 2998.031  425.250    0    0  (Gen:  0)
 25754728      5080  56902856  0.000  0.000 2998.078  425.279    0    0  (Gen:  0)
 21689536      4640  56902800  0.000  0.000 2998.234  425.304    0    0  (Gen:  0)
 23350424      5112  56903688  0.000  0.000 2998.469  425.332    0    0  (Gen:  0)
 20782176      5576  56904568  0.000  0.000 2998.625  425.359    0    0  (Gen:  0)
 26900352      6192  56905680  0.000  0.000 2998.781  425.392    0    0  (Gen:  0)
 23974216      5768  56905832  0.000  0.000 2999.016  425.422    0    0  (Gen:  0)
 23838176      4616  56905032  0.000  0.000 2999.078  425.451    0    0  (Gen:  0)
 26895896      4680  56905448  0.000  0.000 2999.312  425.483    0    0  (Gen:  0)
 25720320      6200  56907384  0.000  0.000 2999.359  425.514    0    0  (Gen:  0)
 24045280      5152  56906720  0.000  0.000 2999.500  425.543    0    0  (Gen:  0)
 25394336      4712  56906664  0.000  0.000 2999.734  425.574    0    0  (Gen:  0)
 26218864      5728  56908064  0.000  0.000 2999.969  425.605    0    0  (Gen:  0)
 22111576      5760  56908448  0.000  0.000 3000.125  425.631    0    0  (Gen:  0)
 25301200      5120  56908160  0.000  0.000 3000.344  425.661    0    0  (Gen:  0)
 20208736      4904  56908296  0.000  0.000 3000.453  425.684    0    0  (Gen:  0)
 22660576      4600  56908376  0.000  0.000 3000.641  425.712    0    0  (Gen:  0)
 26096760      7032  56911256  0.000  0.000 3000.859  425.742    0    0  (Gen:  0)
 22062056      5088  56909728  0.000  0.000 3000.969  425.770    0    0  (Gen:  0)
 23322568      6584  56911608  0.000  0.000 3001.203  425.798    0    0  (Gen:  0)
 26315088      4752  56910240  0.000  0.000 3001.453  425.831    0    0  (Gen:  0)
 26861112      7216  56913168  0.000  0.000 3001.688  425.863    0    0  (Gen:  0)
 23705136      4800  56911216  0.000  0.000 3001.891  425.892    0    0  (Gen:  0)
 29663776      5760  56912496  0.000  0.000 3002.141  425.928    0    0  (Gen:  0)
 23627488  50506032  56838536  0.062  0.029 3002.453  425.985    0    0  (Gen:  1)
 28395872      6776  56841040  0.000  0.000 3002.609  426.019    0    0  (Gen:  0)
 27759408      6344  56841072  0.000  0.000 3002.844  426.053    0    0  (Gen:  0)
 25050768      4048  56839256  0.000  0.000 3003.078  426.083    0    0  (Gen:  0)
 25216440      4400  56839992  0.000  0.000 3003.312  426.114    0    0  (Gen:  0)
 25870560      5360  56841336  0.000  0.000 3003.531  426.146    0    0  (Gen:  0)
 24671056      5480  56841936  0.000  0.000 3003.703  426.175    0    0  (Gen:  0)
 26438240      5064  56842016  0.000  0.000 3003.922  426.207    0    0  (Gen:  0)
 25639472      4528  56841944  0.000  0.000 3004.094  426.238    0    0  (Gen:  0)
 25408752      5568  56843400  0.000  0.000 3004.266  426.269    0    0  (Gen:  0)
 25116576      5272  56843552  0.000  0.000 3004.516  426.299    0    0  (Gen:  0)
 23592912      4712  56843376  0.000  0.000 3004.719  426.328    0    0  (Gen:  0)
 25064128      5544  56844624  0.000  0.000 3004.891  426.359    0    0  (Gen:  0)
 23867232      4448  56843976  0.000  0.000 3005.000  426.386    0    0  (Gen:  0)
 24653656      4800  56844760  0.000  0.000 3005.219  426.416    0    0  (Gen:  0)
 26330576      4448  56844824  0.000  0.000 3005.422  426.447    0    0  (Gen:  0)
 24872592      4520  56845344  0.000  0.000 3005.625  426.477    0    0  (Gen:  0)
 26138864      6656  56880656  0.000  0.000 3005.781  426.508    0    0  (Gen:  0)
 23849840      5296  56846984  0.000  0.000 3005.984  426.538    0    0  (Gen:  0)
 14321280      6032  56848240  0.000  0.000 3006.016  426.567    0    0  (Gen:  0)
 21545800      6624  56850104  0.000  0.000 3006.188  426.594    0    0  (Gen:  0)
 18554664      4512  56850544  0.000  0.000 3006.266  426.618    0    0  (Gen:  0)
 25740880      5360  56851920  0.000  0.000 3006.438  426.649    0    0  (Gen:  0)
 23377536      5584  56852656  0.000  0.000 3006.672  426.679    0    0  (Gen:  0)
 27760216      5632  56853024  0.000  0.000 3006.906  426.712    0    0  (Gen:  0)
 24041528      6184  56853992  0.000  0.000 3007.078  426.741    0    0  (Gen:  0)
 25797712      5264  56886216  0.000  0.000 3007.172  426.772    0    0  (Gen:  0)
 28052272      5824  56854432  0.000  0.000 3007.422  426.806    0    0  (Gen:  0)
 27186384      5848  56887632  0.000  0.000 3007.672  426.838    0    0  (Gen:  0)
 26000784      4304  56886600  0.000  0.000 3007.859  426.869    0    0  (Gen:  0)
 19306080      4056  56886768  0.000  0.000 3007.969  426.893    0    0  (Gen:  0)
 23764328      5520  56888648  0.000  0.000 3008.078  426.920    0    0  (Gen:  0)
 24579784      5032  56888656  0.000  0.000 3008.281  426.951    0    0  (Gen:  0)
 23804640      5784  56889872  0.000  0.000 3008.438  426.979    0    0  (Gen:  0)
 25779832      6496  56891080  0.000  0.000 3008.578  427.009    0    0  (Gen:  0)
 27851128      5432  56923256  0.000  0.000 3008.750  427.042    0    0  (Gen:  0)
 28717536      6224  56924528  0.000  0.000 3009.000  427.076    0    0  (Gen:  0)
 24991352      5112  56923864  0.000  0.000 3009.203  427.105    0    0  (Gen:  0)
 26117280      5304  56924536  0.000  0.000 3009.438  427.134    0    0  (Gen:  0)
 20821808  50451664  56849696  0.016  0.024 3009.688  427.182    0    0  (Gen:  1)
 25818336      4424  56848840  0.000  0.000 3009.922  427.213    0    0  (Gen:  0)
 27483320      4928  56849792  0.000  0.000 3010.047  427.246    0    0  (Gen:  0)
 24596800      5264  56850576  0.000  0.000 3010.219  427.275    0    0  (Gen:  0)
 22828528      4480  56850272  0.000  0.000 3010.469  427.303    0    0  (Gen:  0)
 20916896      4760  56851008  0.000  0.000 3010.703  427.328    0    0  (Gen:  0)
 24367792      4872  56851536  0.000  0.000 3010.828  427.357    0    0  (Gen:  0)
 26527080      5336  56852496  0.000  0.000 3011.062  427.390    0    0  (Gen:  0)
 26334112      5064  56852832  0.000  0.000 3011.297  427.423    0    0  (Gen:  0)
 21592104      4768  56853048  0.000  0.000 3011.422  427.449    0    0  (Gen:  0)
 24940760      6568  56855264  0.000  0.000 3011.641  427.479    0    0  (Gen:  0)
 26081912      5496  56854688  0.000  0.000 3011.828  427.511    0    0  (Gen:  0)
 26835664      4736  56854376  0.000  0.000 3012.047  427.545    0    0  (Gen:  0)
 27399240      5200  56855352  0.000  0.000 3012.422  427.579    0    0  (Gen:  0)
 23078280      4120  56887624  0.000  0.000 3012.547  427.607    0    0  (Gen:  0)
 21702944      5128  56889016  0.000  0.000 3012.703  427.633    0    0  (Gen:  0)
 21119712      4112  56888384  0.000  0.000 3012.922  427.658    0    0  (Gen:  0)
 26601224      5112  56889736  0.000  0.000 3013.172  427.690    0    0  (Gen:  0)
 27879176      6048  56891088  0.000  0.000 3013.391  427.723    0    0  (Gen:  0)
 26089488      4648  56890200  0.000  0.000 3013.547  427.756    0    0  (Gen:  0)
 27665816      4832  56890832  0.000  0.000 3013.734  427.789    0    0  (Gen:  0)
 22638040      4848  56891432  0.000  0.000 3013.953  427.818    0    0  (Gen:  0)
 27850216      6040  56925920  0.000  0.000 3014.203  427.851    0    0  (Gen:  0)
 25107440      5040  56925560  0.000  0.000 3014.438  427.882    0    0  (Gen:  0)
 25857256      4344  56925280  0.000  0.000 3014.672  427.913    0    0  (Gen:  0)
 27768152      5320  56926672  0.000  0.000 3014.922  427.947    0    0  (Gen:  0)
 27094176      5960  56927792  0.000  0.000 3015.156  427.981    0    0  (Gen:  0)
 29824224      4896  56927112  0.000  0.000 3015.422  428.017    0    0  (Gen:  0)
 25883728      4688  56927448  0.000  0.000 3015.656  428.049    0    0  (Gen:  0)
 24629080      6448  56929688  0.000  0.000 3015.891  428.078    0    0  (Gen:  0)
 22214048      4120  56927808  0.000  0.000 3016.016  428.105    0    0  (Gen:  0)
 22510992      6992  56931064  0.000  0.000 3016.250  428.131    0    0  (Gen:  0)
 26641832      4616  56929968  0.000  0.000 3016.484  428.162    0    0  (Gen:  0)
 17598864      4280  56930400  0.000  0.021 3016.578  428.210    0    0  (Gen:  0)
 20929408      4760  56931264  0.000  0.000 3016.812  428.235    0    0  (Gen:  0)
 21749936      4040  56931008  0.000  0.000 3016.875  428.263    0    0  (Gen:  0)
 23534896      4624  56931976  0.000  0.000 3017.094  428.291    0    0  (Gen:  0)
 24097048      5024  56932856  0.000  0.000 3017.344  428.320    0    0  (Gen:  0)
 24872096      4744  56933136  0.000  0.000 3017.531  428.350    0    0  (Gen:  0)
 26431864  50389688  56820496  0.125  0.024 3017.891  428.405    0    0  (Gen:  1)
 29116216      4624  56821304  0.000  0.000 3018.141  428.441    0    0  (Gen:  0)
 23514472      3792  56820920  0.000  0.000 3018.344  428.470    0    0  (Gen:  0)
 25275416      3880  56821392  0.000  0.000 3018.453  428.502    0    0  (Gen:  0)
 21199400      4560  56822456  0.000  0.000 3018.562  428.528    0    0  (Gen:  0)
 23938816      5984  56824264  0.000  0.000 3018.750  428.558    0    0  (Gen:  0)
 22744896      6992  56825704  0.000  0.000 3018.969  428.586    0    0  (Gen:  0)
 28025832      6096  56857952  0.000  0.000 3019.203  428.620    0    0  (Gen:  0)
 24007000      4672  56857056  0.000  0.000 3019.438  428.649    0    0  (Gen:  0)
 27108608      6928  56859728  0.000  0.000 3019.641  428.681    0    0  (Gen:  0)
 21201744      4472  56857832  0.000  0.000 3019.859  428.706    0    0  (Gen:  0)
 24505840      5928  56859752  0.000  0.000 3020.078  428.736    0    0  (Gen:  0)
 24016304      3984  56858208  0.000  0.000 3020.203  428.765    0    0  (Gen:  0)
 28236464      4160  56858832  0.000  0.000 3020.453  428.800    0    0  (Gen:  0)
 28831192      5512  56860696  0.000  0.000 3020.703  428.835    0    0  (Gen:  0)
 26300448      5736  56861504  0.000  0.000 3020.875  428.867    0    0  (Gen:  0)
 25280992      3848  56860128  0.000  0.000 3021.078  428.899    0    0  (Gen:  0)
 25451392      4768  56861464  0.000  0.000 3021.328  428.929    0    0  (Gen:  0)
 24964672      4048  56861224  0.000  0.000 3021.578  428.959    0    0  (Gen:  0)
 25625240      4608  56862296  0.000  0.000 3021.734  428.991    0    0  (Gen:  0)
 25363504      4392  56862592  0.000  0.000 3021.828  429.022    0    0  (Gen:  0)
 25730928      4608  56863256  0.000  0.000 3022.031  429.053    0    0  (Gen:  0)
 27293336      4880  56864008  0.000  0.000 3022.266  429.086    0    0  (Gen:  0)
 25458288      4328  56864032  0.000  0.000 3022.469  429.116    0    0  (Gen:  0)
 27347472      4464  56864648  0.000  0.000 3022.719  429.149    0    0  (Gen:  0)
 25990784      4616  56865376  0.000  0.000 3022.969  429.181    0    0  (Gen:  0)
 27914744      5080  56866256  0.000  0.000 3023.219  429.215    0    0  (Gen:  0)
 27815936      4864  56866584  0.031  0.000 3023.484  429.249    0    0  (Gen:  0)
 24991000      4512  56866808  0.000  0.000 3023.578  429.279    0    0  (Gen:  0)
 25510952      5648  56868456  0.000  0.000 3023.828  429.308    0    0  (Gen:  0)
 25333992      4848  56869064  0.000  0.000 3024.062  429.339    0    0  (Gen:  0)
 25244344      4072  56868768  0.000  0.000 3024.281  429.370    0    0  (Gen:  0)
 25709072      4272  56869480  0.000  0.000 3024.484  429.401    0    0  (Gen:  0)
 25380248      4704  56870328  0.000  0.000 3024.656  429.432    0    0  (Gen:  0)
 26979544      4184  56870352  0.000  0.000 3024.859  429.465    0    0  (Gen:  0)
 28376520      4752  56871400  0.000  0.000 3025.188  429.499    0    0  (Gen:  0)
 27539280      4856  56871984  0.000  0.000 3025.438  429.533    0    0  (Gen:  0)
 19834048      3800  56871472  0.000  0.000 3025.562  429.557    0    0  (Gen:  0)
 22768800  50330696  56794272  0.141  0.027 3025.938  429.612    0    0  (Gen:  1)
 26518592      5112  56795016  0.000  0.000 3026.156  429.645    0    0  (Gen:  0)
 23176632      5336  56795688  0.000  0.000 3026.359  429.672    0    0  (Gen:  0)
 28468696      5128  56795832  0.000  0.000 3026.594  429.706    0    0  (Gen:  0)
 25541608      5792  56797008  0.000  0.002 3026.703  429.757    0    0  (Gen:  0)
 17630464      4600  56796328  0.000  0.000 3026.781  429.778    0    0  (Gen:  0)
 23482288      4160  56796208  0.000  0.000 3026.969  429.809    0    0  (Gen:  0)
 25421720      5024  56797520  0.000  0.000 3027.156  429.838    0    0  (Gen:  0)
 26777224      5336  56798248  0.000  0.000 3027.375  429.870    0    0  (Gen:  0)
 21961112      4656  56797952  0.000  0.000 3027.578  429.899    0    0  (Gen:  0)
 24276152      4176  56797920  0.000  0.000 3027.797  429.928    0    0  (Gen:  0)
 26969392      4512  56798816  0.000  0.000 3028.047  429.961    0    0  (Gen:  0)
 26508232      4720  56799520  0.000  0.000 3028.234  429.993    0    0  (Gen:  0)
 23371048      5312  56800624  0.000  0.000 3028.422  430.021    0    0  (Gen:  0)
 23981360      4736  56800464  0.000  0.000 3028.656  430.050    0    0  (Gen:  0)
 24253480      4760  56801000  0.000  0.000 3028.875  430.079    0    0  (Gen:  0)
 23810816      5256  56801992  0.000  0.000 3029.094  430.109    0    0  (Gen:  0)
 21919280      4656  56801792  0.000  0.000 3029.203  430.136    0    0  (Gen:  0)
 25343176      6136  56803656  0.000  0.000 3029.391  430.166    0    0  (Gen:  0)
 25772216      5880  56803848  0.000  0.000 3029.641  430.198    0    0  (Gen:  0)
 26941376      4608  56803088  0.000  0.000 3029.828  430.231    0    0  (Gen:  0)
 24497488      4816  56803744  0.000  0.000 3029.984  430.260    0    0  (Gen:  0)
 26322064      4552  56803992  0.000  0.000 3030.219  430.292    0    0  (Gen:  0)
 25215712      4784  56804816  0.000  0.000 3030.469  430.322    0    0  (Gen:  0)
 23348688      4456  56804904  0.000  0.000 3030.672  430.350    0    0  (Gen:  0)
 26116096      5552  56806480  0.000  0.000 3030.906  430.381    0    0  (Gen:  0)
 27178296      5544  56806968  0.000  0.000 3031.125  430.414    0    0  (Gen:  0)
 28093496      4296  56806168  0.000  0.000 3031.328  430.448    0    0  (Gen:  0)
 28418176      5728  56808112  0.000  0.000 3031.672  430.483    0    0  (Gen:  0)
 26504528      4736  56807568  0.000  0.000 3031.797  430.516    0    0  (Gen:  0)
 27262736      5392  56808752  0.000  0.000 3032.031  430.549    0    0  (Gen:  0)
 25971888      6712  56810520  0.000  0.000 3032.219  430.580    0    0  (Gen:  0)
 23967912      5776  56810000  0.000  0.000 3032.391  430.609    0    0  (Gen:  0)
 25421424      5864  56810504  0.000  0.000 3032.641  430.640    0    0  (Gen:  0)
 26068432      5728  56810800  0.000  0.000 3032.859  430.672    0    0  (Gen:  0)
 27167784      4368  56809888  0.000  0.000 3033.047  430.705    0    0  (Gen:  0)
 25358632      7472  56813824  0.000  0.000 3033.156  430.733    0    0  (Gen:  0)
 25846144      4952  56812328  0.000  0.000 3033.234  430.766    0    0  (Gen:  0)
 20396880      4736  56812720  0.000  0.000 3033.328  430.788    0    0  (Gen:  0)
 26796256      4144  56813296  0.000  0.000 3033.562  430.820    0    0  (Gen:  0)
 25501968      4248  56814232  0.000  0.000 3033.797  430.851    0    0  (Gen:  0)
 22406328      4296  56814728  0.000  0.000 3034.016  430.878    0    0  (Gen:  0)
 25649944      5176  56816072  0.000  0.000 3034.234  430.910    0    0  (Gen:  0)
 24194288  50264944  56728520  0.016  0.025 3034.484  430.965    0    0  (Gen:  1)
 27633704      4616  56727880  0.000  0.000 3034.734  430.999    0    0  (Gen:  0)
 28033992      4928  56728672  0.000  0.000 3034.953  431.034    0    0  (Gen:  0)
 25840920      4056  56728216  0.000  0.000 3035.141  431.065    0    0  (Gen:  0)
 21761456      4032  56728672  0.000  0.000 3035.234  431.090    0    0  (Gen:  0)
 20582808      4264  56729320  0.000  0.000 3035.391  431.117    0    0  (Gen:  0)
 23575272      3888  56729440  0.000  0.000 3035.562  431.146    0    0  (Gen:  0)
 25744256      4224  56730272  0.000  0.000 3035.750  431.177    0    0  (Gen:  0)
 25464392      5040  56731648  0.000  0.000 3035.984  431.205    0    0  (Gen:  0)
 28356696      5856  56733904  0.000  0.000 3036.188  431.240    0    0  (Gen:  0)
 25115864      4424  56765888  0.000  0.000 3036.391  431.270    0    0  (Gen:  0)
 25208496      5672  56767616  0.000  0.000 3036.625  431.302    0    0  (Gen:  0)
 24616400      4768  56767224  0.000  0.000 3036.875  431.332    0    0  (Gen:  0)
 25544448      5520  56768456  0.000  0.000 3037.094  431.363    0    0  (Gen:  0)
 28015816      3696  56767080  0.000  0.000 3037.281  431.398    0    0  (Gen:  0)
 29451176      4768  56768632  0.000  0.000 3037.531  431.433    0    0  (Gen:  0)
 27641576      7232  56771704  0.000  0.000 3037.703  431.466    0    0  (Gen:  0)
 24908232      4752  56769704  0.000  0.001 3037.859  431.498    0    0  (Gen:  0)
 11322040      5144  56803240  0.000  0.000 3037.859  431.539    0    0  (Gen:  0)
 29219832      4576  56803024  0.000  0.000 3038.094  431.573    0    0  (Gen:  0)
 13774472      4360  56803464  0.000  0.000 3038.234  431.593    0    0  (Gen:  0)
 26211416      4256  56803776  0.000  0.000 3038.453  431.625    0    0  (Gen:  0)
 26378024      5512  56805608  0.000  0.000 3038.703  431.658    0    0  (Gen:  0)
 21940272      4584  56805064  0.000  0.000 3038.797  431.685    0    0  (Gen:  0)
 24887728      4144  56805008  0.000  0.000 3039.031  431.715    0    0  (Gen:  0)
 27670856      4928  56806256  0.000  0.000 3039.328  431.750    0    0  (Gen:  0)
 29246256      4760  56806480  0.000  0.000 3039.578  431.785    0    0  (Gen:  0)
 27305920      3888  56806088  0.000  0.000 3039.828  431.820    0    0  (Gen:  0)
 24665016      4032  56806680  0.000  0.000 3040.062  431.851    0    0  (Gen:  0)
 22078288      4488  56807560  0.000  0.000 3040.250  431.878    0    0  (Gen:  0)
 25780776      3528  56807016  0.000  0.000 3040.469  431.910    0    0  (Gen:  0)
 27720064      3848  56807864  0.000  0.000 3040.719  431.944    0    0  (Gen:  0)
 27183048      3744  56808208  0.000  0.000 3040.906  431.978    0    0  (Gen:  0)
 25750816      4336  56809280  0.000  0.000 3041.109  432.010    0    0  (Gen:  0)
 23424080      4400  56809760  0.000  0.000 3041.297  432.039    0    0  (Gen:  0)
 26304232      4240  56809984  0.000  0.000 3041.500  432.072    0    0  (Gen:  0)
 21952496      4392  56810520  0.000  0.000 3041.734  432.099    0    0  (Gen:  0)
 26180408      4080  56810592  0.000  0.000 3041.938  432.132    0    0  (Gen:  0)
 25851520  50207832  56736944  0.125  0.024 3042.203  432.187    0    0  (Gen:  1)
 26328392      4568  56737736  0.000  0.000 3042.453  432.220    0    0  (Gen:  0)
 23894232      3952  56737600  0.000  0.000 3042.609  432.250    0    0  (Gen:  0)
 28347992      4416  56738448  0.000  0.000 3042.812  432.285    0    0  (Gen:  0)
 25770168      3520  56738128  0.000  0.000 3043.062  432.316    0    0  (Gen:  0)
 27753368      5064  56740056  0.000  0.000 3043.312  432.351    0    0  (Gen:  0)
 21331712      5352  56740888  0.000  0.000 3043.531  432.376    0    0  (Gen:  0)
 25459408      4672  56740592  0.000  0.000 3043.734  432.408    0    0  (Gen:  0)
 25154104      4856  56741320  0.000  0.000 3043.984  432.438    0    0  (Gen:  0)
 26472544      4968  56741896  0.000  0.000 3044.219  432.469    0    0  (Gen:  0)
 22990528      5224  56742760  0.000  0.000 3044.297  432.497    0    0  (Gen:  0)
 26146584      4456  56742520  0.000  0.000 3044.516  432.528    0    0  (Gen:  0)
 26559304      4928  56743408  0.000  0.000 3044.766  432.559    0    0  (Gen:  0)
 23038032      4832  56743792  0.000  0.000 3044.922  432.589    0    0  (Gen:  0)
 25386480      5208  56744648  0.000  0.000 3045.172  432.619    0    0  (Gen:  0)
 27190424      4096  56744064  0.000  0.000 3045.422  432.652    0    0  (Gen:  0)
 25803240      4624  56745040  0.000  0.000 3045.656  432.683    0    0  (Gen:  0)
 25912544      4848  56745680  0.000  0.000 3045.906  432.715    0    0  (Gen:  0)
 27276504      5264  56746672  0.000  0.000 3046.109  432.749    0    0  (Gen:  0)
 27986760      4784  56746608  0.000  0.000 3046.156  432.784    0    0  (Gen:  0)
 27614880      4288  56746656  0.000  0.000 3046.375  432.818    0    0  (Gen:  0)
 27424656      5288  56748136  0.000  0.000 3046.625  432.851    0    0  (Gen:  0)
 29232336      4712  56748152  0.000  0.000 3046.859  432.886    0    0  (Gen:  0)
 26995520      5248  56749232  0.000  0.000 3047.031  432.919    0    0  (Gen:  0)
 23108496      4696  56749192  0.000  0.000 3047.250  432.946    0    0  (Gen:  0)
 23608176      4632  56749576  0.000  0.000 3047.453  432.975    0    0  (Gen:  0)
 22119304      4696  56750088  0.000  0.000 3047.625  433.001    0    0  (Gen:  0)
 23145552      4024  56749832  0.000  0.000 3047.734  433.029    0    0  (Gen:  0)
 11387432      4152  56750376  0.000  0.000 3047.812  433.106    0    0  (Gen:  0)
 18703712      4184  56750824  0.000  0.002 3047.953  433.135    0    0  (Gen:  0)
 18016096      5328  56752528  0.000  0.000 3048.047  433.158    0    0  (Gen:  0)
 20629744      5080  56753136  0.000  0.004 3048.156  433.213    0    0  (Gen:  0)
 19980992      4848  56753760  0.000  0.000 3048.312  433.239    0    0  (Gen:  0)
 26139232      4160  56753424  0.000  0.000 3048.391  433.271    0    0  (Gen:  0)
 25906520      5072  56754880  0.000  0.000 3048.609  433.303    0    0  (Gen:  0)
 25544656      4624  56754880  0.000  0.000 3048.859  433.333    0    0  (Gen:  0)
 24386792      5320  56756056  0.000  0.000 3049.094  433.361    0    0  (Gen:  0)
 25769456      5472  56756624  0.000  0.000 3049.297  433.393    0    0  (Gen:  0)
 27922168      5608  56757240  0.000  0.000 3049.531  433.425    0    0  (Gen:  0)
 30400632      6376  56758904  0.000  0.000 3049.750  433.458    0    0  (Gen:  0)
 24574616      4648  56758552  0.000  0.000 3049.922  433.488    0    0  (Gen:  0)
 26238176  50145232  56674344  0.031  0.027 3050.109  433.546    0    0  (Gen:  1)
 26705928      5792  56674728  0.000  0.000 3050.312  433.578    0    0  (Gen:  0)
 29629088      5904  56675352  0.000  0.000 3050.547  433.613    0    0  (Gen:  0)
 27669376      4912  56674872  0.000  0.000 3050.781  433.646    0    0  (Gen:  0)
 24411224      4240  56674744  0.000  0.000 3051.016  433.674    0    0  (Gen:  0)
 27601352      5096  56676016  0.000  0.000 3051.266  433.708    0    0  (Gen:  0)
 25970760      5616  56676984  0.000  0.000 3051.438  433.740    0    0  (Gen:  0)
 23331664      5024  56676872  0.000  0.000 3051.547  433.768    0    0  (Gen:  0)
 24035864      6544  56678872  0.000  0.000 3051.719  433.795    0    0  (Gen:  0)
 24535464      5792  56679144  0.000  0.000 3051.844  433.824    0    0  (Gen:  0)
 26494888      6352  56680472  0.000  0.000 3052.062  433.856    0    0  (Gen:  0)
 24745024      5232  56679736  0.000  0.000 3052.203  433.886    0    0  (Gen:  0)
 24152696      5632  56680584  0.000  0.000 3052.359  433.915    0    0  (Gen:  0)
 20926624      5576  56680848  0.000  0.000 3052.531  433.940    0    0  (Gen:  0)
 19324120      5464  56681136  0.000  0.000 3052.609  433.963    0    0  (Gen:  0)
 26469136      4768  56680792  0.000  0.000 3052.797  433.995    0    0  (Gen:  0)
 27485104      4840  56681472  0.000  0.000 3052.891  434.029    0    0  (Gen:  0)
 28574952      5376  56682472  0.000  0.000 3053.219  434.063    0    0  (Gen:  0)
 23288776      5336  56682848  0.000  0.000 3053.453  434.093    0    0  (Gen:  0)
 28984776      6088  56684016  0.000  0.000 3053.703  434.128    0    0  (Gen:  0)
 26333608      4176  56682600  0.000  0.000 3053.859  434.161    0    0  (Gen:  0)
 25300672      5200  56684008  0.000  0.000 3054.109  434.191    0    0  (Gen:  0)
 26842248      5264  56684424  0.000  0.000 3054.297  434.224    0    0  (Gen:  0)
 27417416      6040  56685680  0.000  0.000 3054.391  434.258    0    0  (Gen:  0)
 24762496      6208  56686232  0.000  0.000 3054.578  434.287    0    0  (Gen:  0)
 27949728      5504  56685976  0.000  0.000 3054.828  434.321    0    0  (Gen:  0)
 27404016      5256  56686144  0.000  0.000 3055.078  434.353    0    0  (Gen:  0)
 24932768      4672  56686040  0.000  0.000 3055.297  434.383    0    0  (Gen:  0)
 20340096      5920  56687736  0.000  0.000 3055.516  434.405    0    0  (Gen:  0)
 28556576      3960  56687072  0.000  0.000 3055.703  434.440    0    0  (Gen:  0)
 27150896      4360  56687952  0.000  0.000 3055.859  434.474    0    0  (Gen:  0)
 28075856      4728  56688768  0.000  0.000 3056.047  434.508    0    0  (Gen:  0)
 25369520      4824  56689312  0.000  0.000 3056.297  434.540    0    0  (Gen:  0)
 28714216      5216  56690184  0.000  0.000 3056.531  434.574    0    0  (Gen:  0)
 26079208      4848  56690264  0.000  0.000 3056.734  434.605    0    0  (Gen:  0)
 22315304  50089832  56618944  0.062  0.026 3057.000  434.658    0    0  (Gen:  1)
 25620328      4248  56618912  0.000  0.000 3057.234  434.689    0    0  (Gen:  0)
 26548984      4176  56619336  0.000  0.000 3057.453  434.722    0    0  (Gen:  0)
 26307968      4496  56620072  0.000  0.000 3057.578  434.754    0    0  (Gen:  0)
 21542824      4680  56620704  0.000  0.000 3057.688  434.781    0    0  (Gen:  0)
 19558600      4232  56620640  0.000  0.006 3057.797  434.838    0    0  (Gen:  0)
 24589112      4544  56621480  0.000  0.000 3058.016  434.868    0    0  (Gen:  0)
 19139168      4984  56622384  0.000  0.000 3058.188  434.893    0    0  (Gen:  0)
 26709488      5152  56622904  0.000  0.000 3058.422  434.925    0    0  (Gen:  0)
 23045032      4552  56622832  0.000  0.000 3058.656  434.953    0    0  (Gen:  0)
 28862792      3904  56622568  0.000  0.000 3058.875  434.989    0    0  (Gen:  0)
 25981720      5576  56624800  0.000  0.000 3059.062  435.020    0    0  (Gen:  0)
 24982176      4784  56624424  0.000  0.000 3059.312  435.050    0    0  (Gen:  0)
 23876024      5280  56625304  0.000  0.000 3059.531  435.079    0    0  (Gen:  0)
 29660072      5120  56625528  0.000  0.000 3059.781  435.115    0    0  (Gen:  0)
 24836944      4896  56625752  0.000  0.000 3060.000  435.146    0    0  (Gen:  0)
 26163344      5696  56626936  0.000  0.000 3060.250  435.178    0    0  (Gen:  0)
 27004544      5128  56626848  0.000  0.000 3060.375  435.210    0    0  (Gen:  0)
 28127816      5320  56627520  0.000  0.000 3060.578  435.244    0    0  (Gen:  0)
 28994504      4560  56627240  0.000  0.000 3060.750  435.279    0    0  (Gen:  0)
 25132544      4480  56627608  0.000  0.000 3060.953  435.309    0    0  (Gen:  0)
 25894616      5304  56628912  0.000  0.000 3061.188  435.341    0    0  (Gen:  0)
 27933664      4928  56629032  0.000  0.000 3061.547  435.376    0    0  (Gen:  0)
 25739992      5904  56630520  0.000  0.000 3061.781  435.407    0    0  (Gen:  0)
 25666512      5288  56630320  0.000  0.000 3062.031  435.438    0    0  (Gen:  0)
 26087672      5192  56630736  0.000  0.000 3062.281  435.470    0    0  (Gen:  0)
 19457264      5376  56631368  0.000  0.000 3062.359  435.496    0    0  (Gen:  0)
 26706248      6464  56632888  0.000  0.000 3062.531  435.528    0    0  (Gen:  0)
 25933304      5136  56632088  0.000  0.000 3062.719  435.559    0    0  (Gen:  0)
 27859672      4128  56631528  0.000  0.000 3063.094  435.593    0    0  (Gen:  0)
 25087896      4936  56632992  0.000  0.000 3063.219  435.623    0    0  (Gen:  0)
 28320904      4096  56632664  0.000  0.000 3063.562  435.656    0    0  (Gen:  0)
 28091568      4984  56634096  0.000  0.000 3063.797  435.688    0    0  (Gen:  0)
 21954256      4712  56634432  0.000  0.000 3063.906  435.715    0    0  (Gen:  0)
 21852544      4200  56634496  0.000  0.000 3064.062  435.740    0    0  (Gen:  0)
 25250176      3784  56634608  0.000  0.000 3064.141  435.771    0    0  (Gen:  0)
 30267952      4256  56635592  0.000  0.000 3064.375  435.807    0    0  (Gen:  0)
 22986864      4704  56636584  0.000  0.000 3064.562  435.834    0    0  (Gen:  0)
 24531152      4744  56637072  0.000  0.000 3064.781  435.865    0    0  (Gen:  0)
 25722408      4888  56637664  0.000  0.000 3064.969  435.897    0    0  (Gen:  0)
 27206752      6448  56639672  0.000  0.000 3065.203  435.929    0    0  (Gen:  0)
 24678536      4312  56638048  0.000  0.000 3065.438  435.958    0    0  (Gen:  0)
 28215096  50028784  56557896  0.078  0.033 3065.766  436.024    0    0  (Gen:  1)
 26761392      4752  56557992  0.000  0.000 3066.016  436.056    0    0  (Gen:  0)
 25642952      5304  56559024  0.000  0.000 3066.266  436.086    0    0  (Gen:  0)
 27873640      5992  56560128  0.000  0.000 3066.516  436.121    0    0  (Gen:  0)
 23925144      5264  56559816  0.000  0.000 3066.672  436.149    0    0  (Gen:  0)
 25462744      5368  56560336  0.000  0.000 3066.875  436.179    0    0  (Gen:  0)
 23098672      5632  56561048  0.000  0.000 3067.078  436.205    0    0  (Gen:  0)
 19870288      5280  56561144  0.000  0.000 3067.156  436.230    0    0  (Gen:  0)
 22958864      4760  56560976  0.000  0.000 3067.312  436.257    0    0  (Gen:  0)
 25624304      7264  56563912  0.000  0.000 3067.469  436.287    0    0  (Gen:  0)
 23102720      5336  56562544  0.000  0.000 3067.688  436.316    0    0  (Gen:  0)
 27565856      4888  56562560  0.000  0.000 3067.938  436.348    0    0  (Gen:  0)
 26572416      4976  56563176  0.000  0.000 3068.109  436.379    0    0  (Gen:  0)
 24988120      4600  56563152  0.000  0.000 3068.312  436.409    0    0  (Gen:  0)
 20110784      6192  56565224  0.000  0.000 3068.406  436.438    0    0  (Gen:  0)
 14973456      5536  56565064  0.000  0.000 3068.438  436.473    0    0  (Gen:  0)
 22580416      6600  56566576  0.000  0.000 3068.625  436.501    0    0  (Gen:  0)
 17297576      4936  56565392  0.000  0.000 3068.656  436.522    0    0  (Gen:  0)
 24845760      7128  56568224  0.000  0.000 3068.859  436.552    0    0  (Gen:  0)
 24873320      7192  56569464  0.000  0.000 3069.109  436.581    0    0  (Gen:  0)
 27530200      5968  56568592  0.000  0.000 3069.328  436.614    0    0  (Gen:  0)
 25524192      6312  56569352  0.000  0.000 3069.531  436.644    0    0  (Gen:  0)
 26230888      5232  56568656  0.000  0.000 3069.750  436.675    0    0  (Gen:  0)
 23255584      4928  56568736  0.000  0.000 3069.969  436.702    0    0  (Gen:  0)
 28294992      5576  56569704  0.000  0.000 3070.156  436.735    0    0  (Gen:  0)
 26843352      4712  56569288  0.000  0.000 3070.281  436.767    0    0  (Gen:  0)
 22667152      5800  56570792  0.000  0.000 3070.391  436.794    0    0  (Gen:  0)
 28650344      4880  56570256  0.000  0.000 3070.750  436.829    0    0  (Gen:  0)
 24923368      3984  56569792  0.000  0.000 3071.000  436.859    0    0  (Gen:  0)
 29409064      6632  56572856  0.000  0.000 3071.234  436.894    0    0  (Gen:  0)
 26984800      5016  56571688  0.000  0.000 3071.484  436.927    0    0  (Gen:  0)
 25686528      5248  56572400  0.000  0.000 3071.703  436.958    0    0  (Gen:  0)
 23228432      4432  56572064  0.000  0.000 3071.859  436.985    0    0  (Gen:  0)
 24042672      4400  56572544  0.000  0.000 3072.078  437.014    0    0  (Gen:  0)
 26187792      4560  56573072  0.000  0.000 3072.328  437.046    0    0  (Gen:  0)
 26931480      4368  56573424  0.000  0.000 3072.547  437.078    0    0  (Gen:  0)
 27897544      4408  56574008  0.000  0.000 3072.766  437.111    0    0  (Gen:  0)
 27115232      4616  56574824  0.000  0.000 3072.969  437.143    0    0  (Gen:  0)
 29708848      5960  56576584  0.000  0.000 3073.219  437.179    0    0  (Gen:  0)
 27875536      4280  56575544  0.000  0.000 3073.469  437.212    0    0  (Gen:  0)
 25163688      5432  56577240  0.000  0.000 3073.672  437.242    0    0  (Gen:  0)
 16962784  49972952  56502064  0.125  0.031 3073.906  437.292    0    0  (Gen:  1)
 26484160      5240  56503256  0.000  0.000 3074.156  437.323    0    0  (Gen:  0)
 25511048      5024  56536408  0.000  0.000 3074.406  437.353    0    0  (Gen:  0)
 24552448      5656  56537520  0.000  0.000 3074.594  437.381    0    0  (Gen:  0)
 22579464      4672  56537720  0.000  0.000 3074.797  437.406    0    0  (Gen:  0)
 26573664      5240  56539120  0.000  0.000 3074.969  437.439    0    0  (Gen:  0)
 25859432      4712  56539136  0.000  0.000 3075.172  437.470    0    0  (Gen:  0)
 22526216      5368  56540368  0.000  0.000 3075.281  437.496    0    0  (Gen:  0)
 24165040      5736  56541184  0.000  0.000 3075.500  437.524    0    0  (Gen:  0)
 24954304      5072  56541064  0.000  0.000 3075.750  437.552    0    0  (Gen:  0)
 28485224      6144  56542648  0.000  0.000 3075.938  437.586    0    0  (Gen:  0)
 25528072      5528  56542672  0.000  0.000 3076.188  437.616    0    0  (Gen:  0)
 21651104      4680  56542344  0.000  0.000 3076.375  437.643    0    0  (Gen:  0)
 27266000      6320  56544496  0.000  0.000 3076.625  437.674    0    0  (Gen:  0)
 27967104      4440  56543240  0.000  0.000 3076.875  437.707    0    0  (Gen:  0)
 25119200      6664  56546072  0.000  0.000 3077.062  437.736    0    0  (Gen:  0)
 22631232      4056  56543976  0.000  0.000 3077.141  437.762    0    0  (Gen:  0)
 26263632      4648  56545048  0.000  0.000 3077.312  437.794    0    0  (Gen:  0)
 23017408      5904  56546832  0.000  0.000 3077.531  437.820    0    0  (Gen:  0)
 24339640      4296  56546504  0.000  0.000 3077.750  437.849    0    0  (Gen:  0)
 26340496      4752  56547600  0.000  0.000 3077.984  437.881    0    0  (Gen:  0)
 25221408      4248  56547576  0.000  0.000 3078.203  437.912    0    0  (Gen:  0)
 28406784      5440  56549216  0.000  0.000 3078.453  437.946    0    0  (Gen:  0)
 28099672      4104  56548488  0.000  0.000 3078.688  437.980    0    0  (Gen:  0)
 22564664      4768  56549696  0.000  0.006 3078.875  438.016    0    0  (Gen:  0)
 12543592      3552  56548968  0.000  0.000 3078.891  438.043    0    0  (Gen:  0)
 21947136      6008  56553000  0.000  0.001 3079.078  438.069    0    0  (Gen:  0)
 21437400      4792  56553632  0.000  0.000 3079.266  438.095    0    0  (Gen:  0)
 24062592      3888  56553792  0.000  0.000 3079.469  438.124    0    0  (Gen:  0)
 24873904      4800  56555200  0.000  0.000 3079.547  438.154    0    0  (Gen:  0)
 25841856      5056  56556000  0.000  0.000 3079.734  438.185    0    0  (Gen:  0)
 27416208      4504  56556040  0.000  0.000 3080.016  438.219    0    0  (Gen:  0)
 25830944      4824  56556872  0.000  0.000 3080.219  438.250    0    0  (Gen:  0)
 24921888      5504  56558128  0.000  0.000 3080.438  438.280    0    0  (Gen:  0)
 25562888      4944  56558096  0.000  0.000 3080.656  438.311    0    0  (Gen:  0)
 26506208      5624  56559256  0.000  0.000 3080.906  438.343    0    0  (Gen:  0)
 29116144      6680  56560856  0.000  0.000 3081.156  438.378    0    0  (Gen:  0)
 24171040      5200  56559888  0.000  0.000 3081.406  438.406    0    0  (Gen:  0)
 26331624      4976  56560080  0.000  0.000 3081.609  438.438    0    0  (Gen:  0)
 21648040      4296  56559912  0.000  0.000 3081.719  438.463    0    0  (Gen:  0)
 25931632      3752  56559816  0.000  0.000 3081.938  438.495    0    0  (Gen:  0)
 27095120      6144  56562736  0.000  0.000 3082.125  438.528    0    0  (Gen:  0)
 25747208      3552  56560592  0.000  0.000 3082.344  438.559    0    0  (Gen:  0)
 26148056      5152  56562688  0.000  0.000 3082.594  438.591    0    0  (Gen:  0)
 27378904      5568  56563552  0.000  0.000 3082.953  438.624    0    0  (Gen:  0)
 21947520  49892896  56454776  0.078  0.029 3083.141  438.677    0    0  (Gen:  1)
 23818592      5592  56456352  0.000  0.000 3083.359  438.705    0    0  (Gen:  0)
 30382432      4472  56456408  0.000  0.000 3083.531  438.743    0    0  (Gen:  0)
 25678584      5464  56457944  0.000  0.000 3083.703  438.774    0    0  (Gen:  0)
 25283464      4592  56457488  0.000  0.000 3083.938  438.804    0    0  (Gen:  0)
 28068656      6616  56460024  0.000  0.000 3084.172  438.838    0    0  (Gen:  0)
 27729184      5376  56459248  0.000  0.000 3084.422  438.871    0    0  (Gen:  0)
 24898424      6328  56460680  0.000  0.000 3084.594  438.901    0    0  (Gen:  0)
 26433264      4848  56459616  0.000  0.000 3084.812  438.934    0    0  (Gen:  0)
 25707248      6456  56461672  0.000  0.000 3085.062  438.965    0    0  (Gen:  0)
 27245936      5336  56460872  0.000  0.000 3085.344  439.000    0    0  (Gen:  0)
 26839912      4696  56460712  0.000  0.000 3085.594  439.032    0    0  (Gen:  0)
 29711424      4240  56460672  0.000  0.000 3085.844  439.068    0    0  (Gen:  0)
 25101960      7328  56464304  0.000  0.000 3086.094  439.097    0    0  (Gen:  0)
 25917120      5392  56463872  0.000  0.000 3086.312  439.129    0    0  (Gen:  0)
 26030120      5080  56464056  0.000  0.000 3086.531  439.161    0    0  (Gen:  0)
 28461536      4472  56464488  0.000  0.000 3086.781  439.195    0    0  (Gen:  0)
 24762744      3592  56464632  0.000  0.000 3087.031  439.226    0    0  (Gen:  0)
 25084120      3312  56464864  0.000  0.000 3087.172  439.257    0    0  (Gen:  0)
 26090680      3480  56465416  0.000  0.000 3087.344  439.290    0    0  (Gen:  0)
 25358416      3904  56466448  0.000  0.000 3087.594  439.322    0    0  (Gen:  0)
 28695384      4616  56467672  0.000  0.000 3087.969  439.358    0    0  (Gen:  0)
 24796056      3824  56467488  0.000  0.000 3088.094  439.389    0    0  (Gen:  0)
 23417792      3544  56467848  0.000  0.000 3088.281  439.418    0    0  (Gen:  0)
 17571032      3568  56468288  0.000  0.000 3088.500  439.440    0    0  (Gen:  0)
 25722752      3936  56469088  0.000  0.000 3088.734  439.472    0    0  (Gen:  0)
 23552376      4440  56470040  0.000  0.000 3088.922  439.501    0    0  (Gen:  0)
 25537160      3496  56469608  0.000  0.000 3089.141  439.533    0    0  (Gen:  0)
 24516816      4400  56470864  0.000  0.000 3089.391  439.564    0    0  (Gen:  0)
 27589456      4560  56471568  0.000  0.000 3089.641  439.598    0    0  (Gen:  0)
 19345032      3784  56471208  0.000  0.003 3089.734  439.653    0    0  (Gen:  0)
 26763144      4912  56472752  0.000  0.000 3090.016  439.686    0    0  (Gen:  0)
 22914240      3784  56472200  0.000  0.000 3090.094  439.716    0    0  (Gen:  0)
 24865808      4592  56473488  0.000  0.000 3090.281  439.747    0    0  (Gen:  0)
 27393584      4280  56473704  0.000  0.000 3090.578  439.781    0    0  (Gen:  0)
 24908840      3728  56473568  0.000  0.000 3090.734  439.812    0    0  (Gen:  0)
 26424072      3944  56474232  0.000  0.000 3090.984  439.844    0    0  (Gen:  0)
 25012384  49831344  56393224  0.016  0.026 3091.250  439.902    0    0  (Gen:  1)
 26389952      4536  56393696  0.000  0.000 3091.469  439.934    0    0  (Gen:  0)
 27803152      4048  56393624  0.000  0.000 3091.812  439.969    0    0  (Gen:  0)
 27235648      4384  56394568  0.000  0.000 3092.000  440.003    0    0  (Gen:  0)
 25970528      4440  56395120  0.000  0.000 3092.219  440.035    0    0  (Gen:  0)
 24817136      5232  56396424  0.000  0.000 3092.453  440.067    0    0  (Gen:  0)
 26741824      5160  56396736  0.000  0.000 3092.703  440.100    0    0  (Gen:  0)
 26087944      4384  56396376  0.000  0.000 3092.938  440.132    0    0  (Gen:  0)
 24379520      5208  56397616  0.000  0.000 3093.156  440.162    0    0  (Gen:  0)
 23992848      4208  56397000  0.000  0.000 3093.297  440.191    0    0  (Gen:  0)
 25908424      4272  56397480  0.000  0.000 3093.531  440.222    0    0  (Gen:  0)
 29256496      4896  56398632  0.000  0.000 3093.766  440.258    0    0  (Gen:  0)
 27610872      4392  56398672  0.000  0.000 3093.969  440.292    0    0  (Gen:  0)
 23765448      4392  56399088  0.000  0.000 3094.219  440.322    0    0  (Gen:  0)
 22727120      4472  56399584  0.000  0.000 3094.438  440.350    0    0  (Gen:  0)
 28089992      5496  56401056  0.000  0.000 3094.688  440.384    0    0  (Gen:  0)
 26374408      3816  56399904  0.000  0.000 3094.906  440.415    0    0  (Gen:  0)
 28910976      4328  56400976  0.000  0.000 3095.125  440.449    0    0  (Gen:  0)
 23920912      4160  56401288  0.000  0.000 3095.312  440.479    0    0  (Gen:  0)
 25870400      4656  56402232  0.000  0.000 3095.469  440.510    0    0  (Gen:  0)
 22858160      4680  56402688  0.000  0.000 3095.688  440.537    0    0  (Gen:  0)
 25674696      4352  56402776  0.000  0.000 3095.938  440.569    0    0  (Gen:  0)
 27364752      5168  56404088  0.000  0.000 3096.188  440.602    0    0  (Gen:  0)
 27960536      4648  56403984  0.000  0.000 3096.438  440.636    0    0  (Gen:  0)
 24232080      4800  56404648  0.000  0.000 3096.656  440.665    0    0  (Gen:  0)
 26005344      4880  56405112  0.000  0.000 3096.891  440.697    0    0  (Gen:  0)
 25053616      5056  56405800  0.000  0.000 3097.109  440.728    0    0  (Gen:  0)
 27920840      5232  56406440  0.000  0.000 3097.328  440.762    0    0  (Gen:  0)
 28757360      5744  56407432  0.000  0.000 3097.688  440.797    0    0  (Gen:  0)
 27978800      5280  56407384  0.000  0.000 3097.875  440.830    0    0  (Gen:  0)
 27369664      4248  56406832  0.000  0.000 3098.109  440.864    0    0  (Gen:  0)
 25275840      5224  56408224  0.000  0.000 3098.344  440.894    0    0  (Gen:  0)
 25853048      4464  56407880  0.000  0.000 3098.562  440.925    0    0  (Gen:  0)
 24222944  49784952  56346832  0.016  0.025 3098.812  440.980    0    0  (Gen:  1)
 24670856      4696  56347320  0.000  0.000 3099.047  441.009    0    0  (Gen:  0)
 23031024      6144  56349120  0.000  0.000 3099.234  441.036    0    0  (Gen:  0)
 23498512      6248  56349640  0.000  0.000 3099.469  441.066    0    0  (Gen:  0)
 21125936      4768  56348544  0.000  0.000 3099.562  441.090    0    0  (Gen:  0)
 30059576      4336  56348512  0.000  0.000 3099.922  441.127    0    0  (Gen:  0)
 27068560      5456  56350112  0.000  0.000 3100.156  441.159    0    0  (Gen:  0)
 22269248      4616  56349752  0.000  0.000 3100.266  441.186    0    0  (Gen:  0)
 26548896      6200  56351688  0.000  0.000 3100.516  441.218    0    0  (Gen:  0)
 27932504      5600  56351600  0.000  0.000 3100.750  441.252    0    0  (Gen:  0)
 24053968      4976  56351328  0.000  0.006 3100.812  441.305    0    0  (Gen:  0)
  9999472      4272  56351080  0.000  0.000 3100.844  441.317    0    0  (Gen:  0)
 19866120      5032  56352976  0.000  0.000 3100.953  441.340    0    0  (Gen:  0)
 20522080      6352  56355536  0.000  0.000 3101.125  441.365    0    0  (Gen:  0)
 28782312      4928  56354608  0.000  0.000 3101.312  441.400    0    0  (Gen:  0)
 25861096      5616  56355904  0.000  0.000 3101.547  441.432    0    0  (Gen:  0)
 27753720      5248  56355952  0.000  0.000 3101.797  441.465    0    0  (Gen:  0)
 22550944      4880  56356064  0.000  0.000 3101.969  441.492    0    0  (Gen:  0)
 25362944      4344  56355880  0.000  0.000 3102.141  441.523    0    0  (Gen:  0)
 27435864      5592  56357592  0.000  0.000 3102.375  441.555    0    0  (Gen:  0)
 27759760      4168  56356648  0.000  0.000 3102.625  441.588    0    0  (Gen:  0)
 26941536      6000  56358896  0.000  0.000 3102.875  441.620    0    0  (Gen:  0)
 27383328      6376  56359656  0.000  0.000 3103.094  441.653    0    0  (Gen:  0)
 26646744      7688  56361512  0.000  0.000 3103.297  441.683    0    0  (Gen:  0)
 23639624      5192  56360472  0.000  0.000 3103.500  441.711    0    0  (Gen:  0)
 20726440      5576  56361688  0.000  0.000 3103.641  441.735    0    0  (Gen:  0)
 25301136      5536  56362896  0.000  0.000 3103.828  441.765    0    0  (Gen:  0)
 26177856      3920  56361760  0.000  0.000 3104.031  441.797    0    0  (Gen:  0)
 25870928      4840  56363208  0.000  0.000 3104.109  441.828    0    0  (Gen:  0)
 23398800      5016  56363832  0.000  0.000 3104.219  441.856    0    0  (Gen:  0)
 25050832      5224  56364424  0.000  0.000 3104.469  441.887    0    0  (Gen:  0)
 29486632      4328  56363976  0.000  0.000 3104.797  441.923    0    0  (Gen:  0)
 27767464      4992  56365184  0.000  0.000 3105.031  441.957    0    0  (Gen:  0)
 26276880      4312  56364952  0.000  0.000 3105.281  441.990    0    0  (Gen:  0)
 27416400      5080  56366168  0.000  0.000 3105.500  442.024    0    0  (Gen:  0)
 24919408      5008  56366544  0.000  0.000 3105.672  442.054    0    0  (Gen:  0)
 25659112      4920  56366808  0.000  0.000 3105.906  442.086    0    0  (Gen:  0)
 28045288      3792  56366064  0.000  0.000 3106.156  442.120    0    0  (Gen:  0)
 24621520      5280  56367968  0.000  0.000 3106.312  442.151    0    0  (Gen:  0)
 27820256      4952  56368024  0.000  0.000 3106.547  442.185    0    0  (Gen:  0)
 22433848      5512  56369000  0.000  0.000 3106.750  442.212    0    0  (Gen:  0)
 27116856  49722472  56284352  0.094  0.030 3107.000  442.274    0    0  (Gen:  1)
 26573544      6472  56287344  0.000  0.000 3107.234  442.307    0    0  (Gen:  0)
 23295848      3720  56285008  0.000  0.000 3107.484  442.335    0    0  (Gen:  0)
 26066176      4440  56286048  0.000  0.000 3107.734  442.367    0    0  (Gen:  0)
 26025792      4736  56286728  0.000  0.000 3107.953  442.399    0    0  (Gen:  0)
 20685272      5248  56287688  0.000  0.000 3108.109  442.424    0    0  (Gen:  0)
 21878176      6032  56288856  0.000  0.000 3108.219  442.451    0    0  (Gen:  0)
 26251280      4088  56287344  0.000  0.000 3108.438  442.484    0    0  (Gen:  0)
 26722488      3944  56287648  0.000  0.000 3108.594  442.517    0    0  (Gen:  0)
 22766800      3776  56287928  0.000  0.000 3108.656  442.544    0    0  (Gen:  0)
 29812592      4264  56288880  0.000  0.000 3109.031  442.582    0    0  (Gen:  0)
 24318944      5128  56290336  0.000  0.000 3109.234  442.612    0    0  (Gen:  0)
 27424912      5016  56290704  0.000  0.000 3109.469  442.647    0    0  (Gen:  0)
 26857992      5496  56291712  0.000  0.000 3109.672  442.680    0    0  (Gen:  0)
 26720336      4672  56291336  0.000  0.000 3109.906  442.713    0    0  (Gen:  0)
 24314144      4368  56291512  0.000  0.000 3110.141  442.743    0    0  (Gen:  0)
 19674992      3896  56291392  0.000  0.007 3110.219  442.796    0    0  (Gen:  0)
 24219776      5496  56293376  0.000  0.000 3110.344  442.826    0    0  (Gen:  0)
 24909104      4432  56292808  0.000  0.000 3110.547  442.856    0    0  (Gen:  0)
 21948144      5456  56294280  0.000  0.000 3110.719  442.885    0    0  (Gen:  0)
 24520720      4912  56294232  0.000  0.000 3110.938  442.915    0    0  (Gen:  0)
 24588296      4968  56294624  0.000  0.000 3111.188  442.945    0    0  (Gen:  0)
 29084384      5104  56295176  0.000  0.000 3111.375  442.981    0    0  (Gen:  0)
 27015696      4208  56294760  0.000  0.000 3111.547  443.014    0    0  (Gen:  0)
 24876672      4304  56295336  0.000  0.000 3111.734  443.045    0    0  (Gen:  0)
 25129056      4288  56295672  0.000  0.000 3111.953  443.076    0    0  (Gen:  0)
 24407472      3832  56295664  0.000  0.000 3112.188  443.106    0    0  (Gen:  0)
 27229672      3976  56296256  0.000  0.000 3112.531  443.140    0    0  (Gen:  0)
 25002448      4832  56297560  0.000  0.000 3112.750  443.170    0    0  (Gen:  0)
 21655328      5016  56298224  0.000  0.000 3112.875  443.196    0    0  (Gen:  0)
 22519320      5016  56299152  0.000  0.000 3113.016  443.222    0    0  (Gen:  0)
 26611184      4752  56299752  0.000  0.000 3113.172  443.254    0    0  (Gen:  0)
 28289832      4064  56299544  0.000  0.000 3113.297  443.290    0    0  (Gen:  0)
 24235048      4824  56300816  0.000  0.000 3113.516  443.319    0    0  (Gen:  0)
 25021248      5216  56301688  0.000  0.000 3113.766  443.350    0    0  (Gen:  0)
 27034976      4952  56301952  0.000  0.000 3114.016  443.382    0    0  (Gen:  0)
 26690880      4496  56301880  0.000  0.000 3114.203  443.415    0    0  (Gen:  0)
 25880504      5264  56303128  0.000  0.000 3114.422  443.447    0    0  (Gen:  0)
 26205496      4672  56303048  0.000  0.000 3114.609  443.478    0    0  (Gen:  0)
 26318336      4344  56303200  0.000  0.000 3114.844  443.510    0    0  (Gen:  0)
 25364536      5624  56304928  0.000  0.000 3115.062  443.540    0    0  (Gen:  0)
  7893712  49663936  56225816  0.016  0.025 3115.203  443.575    0    0  (Gen:  1)
 24285384      4832  56227032  0.000  0.000 3115.453  443.604    0    0  (Gen:  0)
 19923536      4536  56227392  0.000  0.000 3115.688  443.628    0    0  (Gen:  0)
 22478784      4816  56228056  0.000  0.000 3115.891  443.655    0    0  (Gen:  0)
 26542088      4568  56228224  0.000  0.000 3116.141  443.686    0    0  (Gen:  0)
 25489128      6264  56230400  0.000  0.000 3116.219  443.716    0    0  (Gen:  0)
 27363768      5960  56230608  0.000  0.000 3116.453  443.748    0    0  (Gen:  0)
 27427536      5128  56230256  0.000  0.000 3116.781  443.780    0    0  (Gen:  0)
 25999344      5192  56230864  0.000  0.000 3116.906  443.810    0    0  (Gen:  0)
 22993848      4624  56230808  0.000  0.000 3117.062  443.837    0    0  (Gen:  0)
 24949096      6160  56232696  0.000  0.000 3117.281  443.866    0    0  (Gen:  0)
 26098832      5288  56232272  0.000  0.000 3117.516  443.896    0    0  (Gen:  0)
 25198552      5176  56232672  0.000  0.000 3117.672  443.926    0    0  (Gen:  0)
 26286056      6032  56234104  0.000  0.000 3117.922  443.957    0    0  (Gen:  0)
 28210664      5600  56234264  0.000  0.000 3118.172  443.989    0    0  (Gen:  0)
 25865232      4856  56234000  0.000  0.000 3118.359  444.020    0    0  (Gen:  0)
 23426336      5576  56235232  0.000  0.000 3118.594  444.047    0    0  (Gen:  0)
 24572056      4496  56234632  0.000  0.000 3118.844  444.076    0    0  (Gen:  0)
 26342776      5728  56236312  0.000  0.000 3119.094  444.107    0    0  (Gen:  0)
 26862400      5032  56236128  0.000  0.000 3119.344  444.139    0    0  (Gen:  0)
 25408616      5880  56237392  0.000  0.000 3119.469  444.169    0    0  (Gen:  0)
 25531432      5560  56237488  0.000  0.000 3119.625  444.201    0    0  (Gen:  0)
 24997176      5264  56237576  0.000  0.000 3119.875  444.231    0    0  (Gen:  0)
 28012856      4072  56236864  0.000  0.000 3120.078  444.263    0    0  (Gen:  0)
 26011984      5376  56238616  0.000  0.000 3120.266  444.294    0    0  (Gen:  0)
 24217880      5992  56239680  0.000  0.000 3120.500  444.322    0    0  (Gen:  0)
 19586600      7144  56241280  0.000  0.000 3120.688  444.345    0    0  (Gen:  0)
 20712848      4864  56239416  0.000  0.002 3120.766  444.384    0    0  (Gen:  0)
 17096360      5600  56240664  0.000  0.000 3120.812  444.408    0    0  (Gen:  0)
 22665096      5128  56240656  0.000  0.000 3121.000  444.437    0    0  (Gen:  0)
 23537240      4872  56240896  0.000  0.000 3121.109  444.466    0    0  (Gen:  0)
 23793688      5008  56241416  0.000  0.000 3121.281  444.494    0    0  (Gen:  0)
 28395496      5520  56242344  0.000  0.000 3121.453  444.528    0    0  (Gen:  0)
 23948016      7280  56244488  0.000  0.000 3121.594  444.556    0    0  (Gen:  0)
 25808688      7616  56245240  0.000  0.000 3121.828  444.587    0    0  (Gen:  0)
 29582736      4928  56242984  0.000  0.000 3122.078  444.621    0    0  (Gen:  0)
 25297784      5264  56243800  0.000  0.000 3122.234  444.651    0    0  (Gen:  0)
 26583752      5032  56243984  0.000  0.000 3122.469  444.682    0    0  (Gen:  0)
 27219832  49611192  56173072  0.094  0.029 3122.812  444.744    0    0  (Gen:  1)
 28297904      4608  56172832  0.000  0.000 3123.031  444.779    0    0  (Gen:  0)
 28818152      5936  56174672  0.000  0.000 3123.328  444.814    0    0  (Gen:  0)
 28134112      6128  56175344  0.000  0.000 3123.578  444.848    0    0  (Gen:  0)
 27017936      4736  56174432  0.000  0.000 3123.828  444.879    0    0  (Gen:  0)
 26523928      4312  56174488  0.000  0.000 3124.047  444.911    0    0  (Gen:  0)
 26037168      4272  56174896  0.000  0.000 3124.266  444.941    0    0  (Gen:  0)
 29925416      5632  56176768  0.000  0.000 3124.484  444.976    0    0  (Gen:  0)
 27677424      5520  56177136  0.000  0.000 3124.688  445.009    0    0  (Gen:  0)
 29511288      4920  56177080  0.000  0.000 3124.891  445.045    0    0  (Gen:  0)
 28763232      5848  56178520  0.000  0.000 3125.172  445.079    0    0  (Gen:  0)
 27682968      5856  56178944  0.000  0.000 3125.406  445.112    0    0  (Gen:  0)
 21789152      6312  56179944  0.000  0.000 3125.531  445.138    0    0  (Gen:  0)
 22931080      4952  56178936  0.000  0.000 3125.703  445.164    0    0  (Gen:  0)
 28745632      7184  56181520  0.000  0.000 3125.938  445.196    0    0  (Gen:  0)
 24603896      5944  56181592  0.000  0.000 3126.156  445.225    0    0  (Gen:  0)
 21429024      6256  56182576  0.000  0.000 3126.359  445.250    0    0  (Gen:  0)
 28117040      4952  56181752  0.000  0.000 3126.484  445.284    0    0  (Gen:  0)
 26243800      5288  56182696  0.000  0.000 3126.734  445.316    0    0  (Gen:  0)
 27238000      5024  56182912  0.000  0.000 3126.906  445.348    0    0  (Gen:  0)
 25719744      4000  56182400  0.000  0.000 3127.094  445.379    0    0  (Gen:  0)
 23396672      5296  56184112  0.000  0.000 3127.297  445.406    0    0  (Gen:  0)
 27142656      4096  56183424  0.000  0.000 3127.484  445.438    0    0  (Gen:  0)
 24023744      4504  56184344  0.000  0.000 3127.656  445.468    0    0  (Gen:  0)
 24727824      4480  56184768  0.000  0.000 3127.766  445.499    0    0  (Gen:  0)
 25891688      5768  56186536  0.000  0.000 3127.984  445.530    0    0  (Gen:  0)
 25425088      4784  56186112  0.000  0.000 3128.172  445.561    0    0  (Gen:  0)
 30787512      5720  56187592  0.000  0.000 3128.422  445.597    0    0  (Gen:  0)
 26792912      6248  56188632  0.000  0.000 3128.672  445.629    0    0  (Gen:  0)
 24737648      4560  56187456  0.000  0.000 3128.891  445.659    0    0  (Gen:  0)
 24025736      4592  56187936  0.000  0.000 3129.094  445.688    0    0  (Gen:  0)
 26501960      5056  56188912  0.000  0.000 3129.266  445.719    0    0  (Gen:  0)
 27577752      4336  56188688  0.000  0.000 3129.484  445.752    0    0  (Gen:  0)
 23037344      4768  56189664  0.000  0.000 3129.719  445.780    0    0  (Gen:  0)
 27788112      7424  56192736  0.000  0.000 3129.969  445.813    0    0  (Gen:  0)
 23925736      4736  56190560  0.000  0.000 3130.125  445.844    0    0  (Gen:  0)
 22118264      5440  56191776  0.000  0.000 3130.219  445.870    0    0  (Gen:  0)
 26584952      5080  56191896  0.000  0.000 3130.438  445.901    0    0  (Gen:  0)
 26054552      6784  56194160  0.000  0.000 3130.672  445.932    0    0  (Gen:  0)
 23812584      5536  56193424  0.000  0.000 3130.906  445.961    0    0  (Gen:  0)
 23824472      4992  56193264  0.000  0.000 3131.109  445.990    0    0  (Gen:  0)
 26962776      5184  56193872  0.000  0.000 3131.297  446.022    0    0  (Gen:  0)
 22705664      5368  56194536  0.000  0.001 3131.469  446.053    0    0  (Gen:  0)
 21598664      4752  56194304  0.000  0.000 3131.547  446.086    0    0  (Gen:  0)
 23515480      6200  56196568  0.000  0.000 3131.672  446.115    0    0  (Gen:  0)
 26356616      4352  56195688  0.000  0.000 3131.797  446.147    0    0  (Gen:  0)
 23980136  49537568  56099448  0.094  0.029 3132.078  446.204    0    0  (Gen:  1)
 26309432      6408  56101576  0.000  0.000 3132.312  446.235    0    0  (Gen:  0)
 27705944      4864  56100512  0.000  0.000 3132.406  446.268    0    0  (Gen:  0)
 26318064      4624  56100784  0.000  0.000 3132.625  446.300    0    0  (Gen:  0)
 26459584      5168  56101808  0.000  0.000 3132.859  446.332    0    0  (Gen:  0)
 23832976      5160  56102360  0.000  0.000 3133.031  446.360    0    0  (Gen:  0)
 27817000      5336  56102952  0.000  0.000 3133.281  446.394    0    0  (Gen:  0)
 24832576      4448  56102656  0.000  0.000 3133.516  446.424    0    0  (Gen:  0)
 23826632      4432  56103024  0.000  0.000 3133.734  446.452    0    0  (Gen:  0)
 26024176      4784  56103824  0.000  0.000 3133.891  446.484    0    0  (Gen:  0)
 30133256      5544  56105064  0.000  0.000 3134.125  446.520    0    0  (Gen:  0)
 19379288      6488  56106616  0.000  0.000 3134.219  446.543    0    0  (Gen:  0)
 19239200      5368  56106688  0.000  0.000 3134.422  446.567    0    0  (Gen:  0)
 27454024      4632  56106904  0.000  0.000 3134.672  446.600    0    0  (Gen:  0)
 28766120      5616  56108416  0.000  0.000 3134.922  446.634    0    0  (Gen:  0)
 25536944      4008  56107384  0.000  0.000 3135.156  446.664    0    0  (Gen:  0)
 23862232      5312  56109328  0.000  0.000 3135.375  446.690    0    0  (Gen:  0)
 25803640      4832  56110064  0.000  0.000 3135.562  446.721    0    0  (Gen:  0)
 23730040      3608  56109352  0.000  0.000 3135.781  446.749    0    0  (Gen:  0)
 26182016      5768  56112024  0.000  0.000 3136.016  446.780    0    0  (Gen:  0)
 23745872      5648  56112576  0.000  0.000 3136.141  446.808    0    0  (Gen:  0)
 24144808      4592  56111968  0.000  0.000 3136.391  446.835    0    0  (Gen:  0)
 28936688      6504  56114424  0.000  0.000 3136.641  446.869    0    0  (Gen:  0)
 25176496      5376  56113920  0.000  0.000 3136.875  446.899    0    0  (Gen:  0)
 24448056      5608  56114760  0.000  0.000 3137.078  446.929    0    0  (Gen:  0)
 23874152      4880  56114512  0.000  0.000 3137.266  446.957    0    0  (Gen:  0)
 23063040      4744  56114952  0.000  0.000 3137.500  446.983    0    0  (Gen:  0)
 23460720      4840  56115640  0.000  0.000 3137.609  447.010    0    0  (Gen:  0)
 27231184      4560  56115952  0.000  0.000 3137.703  447.042    0    0  (Gen:  0)
 27168456      6072  56118040  0.000  0.000 3137.906  447.073    0    0  (Gen:  0)
 27473192      5040  56117696  0.000  0.000 3138.125  447.105    0    0  (Gen:  0)
 24750792      6816  56120080  0.000  0.000 3138.344  447.134    0    0  (Gen:  0)
 23499408      4112  56117952  0.000  0.000 3138.500  447.162    0    0  (Gen:  0)
 25085848      4640  56119040  0.000  0.000 3138.703  447.190    0    0  (Gen:  0)
 29164088      4840  56120552  0.000  0.000 3138.938  447.225    0    0  (Gen:  0)
 26508896      4464  56120944  0.000  0.000 3139.156  447.258    0    0  (Gen:  0)
 28968000      4352  56121280  0.000  0.000 3139.344  447.293    0    0  (Gen:  0)
 23521416      4880  56122224  0.000  0.000 3139.578  447.322    0    0  (Gen:  0)
 26771320      4424  56122120  0.000  0.000 3139.812  447.355    0    0  (Gen:  0)
 25325360  49469280  56031160  0.062  0.025 3140.109  447.411    0    0  (Gen:  1)
 24239184      4880  56032408  0.000  0.000 3140.312  447.439    0    0  (Gen:  0)
 21905936      4776  56033424  0.000  0.000 3140.422  447.466    0    0  (Gen:  0)
 23916392      6336  56035848  0.000  0.000 3140.641  447.493    0    0  (Gen:  0)
 25718920      3648  56034712  0.000  0.000 3140.781  447.525    0    0  (Gen:  0)
 28544816      3944  56035520  0.000  0.000 3141.016  447.561    0    0  (Gen:  0)
 28426696      4032  56036088  0.000  0.000 3141.281  447.595    0    0  (Gen:  0)
 24161720      4248  56036784  0.000  0.000 3141.516  447.626    0    0  (Gen:  0)
 18621784      3808  56036792  0.000  0.001 3141.594  447.655    0    0  (Gen:  0)
 20159688      4056  56037552  0.000  0.000 3141.656  447.689    0    0  (Gen:  0)
 24352328      3896  56037840  0.000  0.001 3141.875  447.721    0    0  (Gen:  0)
 19722064      4464  56038904  0.000  0.000 3141.953  447.747    0    0  (Gen:  0)
 25062024      4536  56039392  0.000  0.000 3142.125  447.779    0    0  (Gen:  0)
 26044192      4152  56039472  0.000  0.000 3142.453  447.811    0    0  (Gen:  0)
 19199312      4488  56040192  0.000  0.000 3142.547  447.835    0    0  (Gen:  0)
 26449480      4440  56040528  0.000  0.000 3142.781  447.868    0    0  (Gen:  0)
 27751696      4584  56041168  0.000  0.000 3142.984  447.902    0    0  (Gen:  0)
 27549864      3592  56040656  0.000  0.000 3143.344  447.937    0    0  (Gen:  0)
 29785624      4056  56041504  0.000  0.000 3143.594  447.975    0    0  (Gen:  0)
 27006720      4808  56042832  0.000  0.000 3143.781  448.010    0    0  (Gen:  0)
 28042296      5496  56044032  0.000  0.000 3143.984  448.045    0    0  (Gen:  0)
 25435368      4208  56043160  0.000  0.000 3144.219  448.076    0    0  (Gen:  0)
 26525744      5136  56044568  0.000  0.000 3144.531  448.109    0    0  (Gen:  0)
 23976720      4128  56044040  0.000  0.000 3144.656  448.139    0    0  (Gen:  0)
 27142328      4384  56044744  0.000  0.000 3145.016  448.171    0    0  (Gen:  0)
 23519176      4296  56077864  0.000  0.000 3145.078  448.200    0    0  (Gen:  0)
 26659736      4272  56078320  0.000  0.000 3145.422  448.233    0    0  (Gen:  0)
 26710936      5064  56079496  0.000  0.000 3145.625  448.265    0    0  (Gen:  0)
 25522440      4264  56112000  0.000  0.000 3145.859  448.296    0    0  (Gen:  0)
 26411120      4888  56112976  0.000  0.000 3146.094  448.327    0    0  (Gen:  0)
 25101528      4536  56145800  0.000  0.000 3146.203  448.358    0    0  (Gen:  0)
 27860968      4344  56146056  0.000  0.000 3146.547  448.391    0    0  (Gen:  0)
 26171416      4872  56147000  0.000  0.000 3146.750  448.421    0    0  (Gen:  0)
 28233112      4232  56179608  0.000  0.000 3147.000  448.454    0    0  (Gen:  0)
 24444440      4568  56180328  0.000  0.000 3147.109  448.483    0    0  (Gen:  0)
 27824120      4560  56180704  0.000  0.000 3147.250  448.516    0    0  (Gen:  0)
 27684664      4424  56180984  0.000  0.000 3147.484  448.550    0    0  (Gen:  0)
 23367192      3920  56180896  0.000  0.000 3147.688  448.578    0    0  (Gen:  0)
 23528112      4520  56181944  0.000  0.000 3147.812  448.607    0    0  (Gen:  0)
 24291264      4192  56182008  0.000  0.000 3148.031  448.637    0    0  (Gen:  0)
 26083272      4304  56182536  0.000  0.000 3148.234  448.669    0    0  (Gen:  0)
 25307408      4080  56182736  0.000  0.000 3148.453  448.700    0    0  (Gen:  0)
 21828032  49403552  56096496  0.109  0.027 3148.750  448.754    0    0  (Gen:  1)
 25369840      4712  56097544  0.000  0.000 3148.938  448.785    0    0  (Gen:  0)
 24532424      6680  56100056  0.000  0.000 3149.141  448.813    0    0  (Gen:  0)
 25521112      3920  56098544  0.000  0.000 3149.297  448.844    0    0  (Gen:  0)
 26331704      4352  56099488  0.000  0.000 3149.547  448.876    0    0  (Gen:  0)
 26801864      4176  56099760  0.000  0.000 3149.781  448.910    0    0  (Gen:  0)
 25658976      4248  56100280  0.000  0.000 3150.016  448.942    0    0  (Gen:  0)
 24839536      4064  56100512  0.000  0.000 3150.266  448.972    0    0  (Gen:  0)
 26294952      3976  56100872  0.000  0.000 3150.453  449.004    0    0  (Gen:  0)
 29179504      4432  56101776  0.000  0.000 3150.625  449.040    0    0  (Gen:  0)
 24082416      4720  56102576  0.000  0.000 3150.844  449.070    0    0  (Gen:  0)
 26455416      4408  56102680  0.000  0.000 3151.047  449.104    0    0  (Gen:  0)
 26167296      5656  56104440  0.000  0.000 3151.297  449.137    0    0  (Gen:  0)
 27870624      4528  56103728  0.000  0.000 3151.625  449.172    0    0  (Gen:  0)
 24799136      5896  56105480  0.000  0.000 3151.859  449.202    0    0  (Gen:  0)
 24866856      4008  56104040  0.000  0.000 3152.031  449.235    0    0  (Gen:  0)
 29686488      5160  56105608  0.000  0.000 3152.250  449.271    0    0  (Gen:  0)
 24100624      5592  56106664  0.000  0.000 3152.406  449.301    0    0  (Gen:  0)
 20666976      4568  56106056  0.000  0.000 3152.500  449.357    0    0  (Gen:  0)
 23655560      5496  56107384  0.000  0.000 3152.719  449.386    0    0  (Gen:  0)
 23412664      4688  56107024  0.000  0.000 3152.953  449.417    0    0  (Gen:  0)
 27913896      4752  56107504  0.000  0.000 3153.188  449.451    0    0  (Gen:  0)
 28868120      5200  56108416  0.000  0.000 3153.516  449.488    0    0  (Gen:  0)
 25916424      4592  56108256  0.000  0.000 3153.656  449.520    0    0  (Gen:  0)
 21399272      4872  56108952  0.000  0.000 3153.828  449.547    0    0  (Gen:  0)
 23792152      4864  56109472  0.000  0.000 3154.000  449.577    0    0  (Gen:  0)
 26480544      5168  56110176  0.000  0.000 3154.250  449.611    0    0  (Gen:  0)
 28205832      6144  56111616  0.000  0.000 3154.500  449.645    0    0  (Gen:  0)
 25323048      5944  56111800  0.000  0.000 3154.734  449.676    0    0  (Gen:  0)
 26500912      4968  56111272  0.000  0.000 3154.922  449.710    0    0  (Gen:  0)
 24640448      4688  56111456  0.000  0.000 3155.156  449.741    0    0  (Gen:  0)
 27367808      5648  56112880  0.000  0.000 3155.297  449.775    0    0  (Gen:  0)
 26899816      4272  56111888  0.000  0.000 3155.547  449.808    0    0  (Gen:  0)
 21319648      4176  56112240  0.000  0.000 3155.719  449.834    0    0  (Gen:  0)
 23857464      4032  56112448  0.000  0.000 3155.938  449.864    0    0  (Gen:  0)
 25042208      5248  56114160  0.000  0.000 3156.172  449.896    0    0  (Gen:  0)
 24829288      5648  56115056  0.000  0.000 3156.406  449.926    0    0  (Gen:  0)
 27024136      4928  56114720  0.000  0.000 3156.641  449.959    0    0  (Gen:  0)
 22462720      4880  56115216  0.000  0.000 3156.812  449.984    0    0  (Gen:  0)
 24262128      5072  56116560  0.016  0.000 3156.922  450.014    0    0  (Gen:  0)
 28698904      4304  56116480  0.000  0.000 3157.141  450.049    0    0  (Gen:  0)
 26551224      5784  56151232  0.000  0.000 3157.359  450.081    0    0  (Gen:  0)
 25702728  49341352  56034304  0.031  0.027 3157.641  450.139    0    0  (Gen:  1)
 25582128      3984  56033688  0.000  0.000 3157.750  450.170    0    0  (Gen:  0)
 26525648      5576  56035776  0.000  0.000 3157.953  450.203    0    0  (Gen:  0)
 27560008      6384  56037064  0.000  0.000 3158.094  450.237    0    0  (Gen:  0)
 22487392      3800  56034896  0.078  0.000 3158.250  450.264    0    0  (Gen:  0)
 26115936      3920  56035496  0.000  0.000 3158.500  450.297    0    0  (Gen:  0)
 21542080      5520  56037640  0.000  0.000 3158.609  450.323    0    0  (Gen:  0)
 25010688      4976  56070272  0.000  0.000 3158.797  450.353    0    0  (Gen:  0)
 25742616      5608  56038544  0.000  0.000 3159.047  450.384    0    0  (Gen:  0)
 29286896      5336  56071496  0.000  0.000 3159.297  450.419    0    0  (Gen:  0)
 23079784      4416  56038232  0.000  0.000 3159.484  450.448    0    0  (Gen:  0)
 22501384      4448  56038616  0.000  0.000 3159.609  450.475    0    0  (Gen:  0)
 28535248      3864  56038448  0.000  0.000 3159.828  450.511    0    0  (Gen:  0)
 24011120      4336  56039432  0.000  0.000 3160.031  450.539    0    0  (Gen:  0)
 25407952      4568  56072776  0.000  0.000 3160.250  450.570    0    0  (Gen:  0)
 22403456      6184  56074808  0.000  0.000 3160.438  450.598    0    0  (Gen:  0)
 25944352      5360  56074464  0.000  0.000 3160.672  450.630    0    0  (Gen:  0)
 23631456      5688  56075240  0.000  0.000 3160.828  450.658    0    0  (Gen:  0)
 27877288      3992  56074024  0.000  0.000 3161.062  450.692    0    0  (Gen:  0)
 28610912      5368  56075832  0.000  0.000 3161.234  450.727    0    0  (Gen:  0)
 25392360      5104  56075984  0.000  0.014 3161.422  450.776    0    0  (Gen:  0)
  7377976      4152  56075456  0.000  0.000 3161.438  450.794    0    0  (Gen:  0)
 24735792      4824  56109888  0.000  0.000 3161.656  450.823    0    0  (Gen:  0)
 20483768      4800  56110960  0.000  0.001 3161.859  450.849    0    0  (Gen:  0)
 18057232      4920  56111592  0.000  0.000 3161.938  450.872    0    0  (Gen:  0)
 24227776      5616  56112752  0.000  0.000 3162.156  450.902    0    0  (Gen:  0)
 21502472      6088  56113720  0.000  0.000 3162.344  450.929    0    0  (Gen:  0)
 23111696      4072  56112136  0.000  0.000 3162.531  450.956    0    0  (Gen:  0)
 22998600      5440  56113952  0.000  0.000 3162.734  450.984    0    0  (Gen:  0)
 26827824      4208  56113128  0.000  0.000 3162.844  451.016    0    0  (Gen:  0)
 23006096      4552  56113856  0.000  0.000 3162.953  451.044    0    0  (Gen:  0)
 26924184      5040  56114728  0.000  0.000 3163.172  451.076    0    0  (Gen:  0)
 21025608      4912  56114984  0.000  0.000 3163.328  451.102    0    0  (Gen:  0)
 25560352      4392  56114880  0.000  0.000 3163.562  451.133    0    0  (Gen:  0)
 26315120      4488  56115408  0.000  0.000 3163.812  451.165    0    0  (Gen:  0)
 27575240      4320  56115752  0.000  0.000 3164.062  451.199    0    0  (Gen:  0)
 26372896      3928  56115744  0.000  0.000 3164.203  451.231    0    0  (Gen:  0)
 28701664      4088  56116416  0.000  0.000 3164.531  451.266    0    0  (Gen:  0)
 24444656      4064  56116904  0.000  0.000 3164.641  451.295    0    0  (Gen:  0)
 20710584  49292072  56017792  0.094  0.025 3164.859  451.345    0    0  (Gen:  1)
 25284800      4648  56018800  0.000  0.000 3165.094  451.375    0    0  (Gen:  0)
 25989312      5104  56019704  0.000  0.000 3165.344  451.407    0    0  (Gen:  0)
 25975360      4528  56019640  0.000  0.000 3165.516  451.438    0    0  (Gen:  0)
 23656736      5040  56020600  0.000  0.000 3165.641  451.466    0    0  (Gen:  0)
 24443560      5152  56021128  0.000  0.000 3165.781  451.497    0    0  (Gen:  0)
 25158616      5592  56022048  0.000  0.000 3165.984  451.527    0    0  (Gen:  0)
 26444216      4400  56021416  0.000  0.000 3166.234  451.559    0    0  (Gen:  0)
 22934816      5608  56023072  0.000  0.000 3166.453  451.587    0    0  (Gen:  0)
 26969752      5632  56023576  0.000  0.000 3166.703  451.619    0    0  (Gen:  0)
 24593920      4648  56023072  0.000  0.000 3166.922  451.649    0    0  (Gen:  0)
 20118880      4872  56023840  0.000  0.000 3167.062  451.675    0    0  (Gen:  0)
 22869976      4664  56024016  0.000  0.000 3167.172  451.701    0    0  (Gen:  0)
 29324504      4640  56024520  0.000  0.000 3167.359  451.736    0    0  (Gen:  0)
 27472816      4464  56024856  0.000  0.000 3167.531  451.768    0    0  (Gen:  0)
 24537968      6720  56027560  0.000  0.000 3167.750  451.797    0    0  (Gen:  0)
 23668680      4832  56026152  0.000  0.000 3167.844  451.826    0    0  (Gen:  0)
 26641832      5592  56027328  0.000  0.000 3168.062  451.856    0    0  (Gen:  0)
 25878904      4184  56026432  0.000  0.000 3168.312  451.888    0    0  (Gen:  0)
 24843008      5440  56028136  0.000  0.000 3168.562  451.917    0    0  (Gen:  0)
 25838464      5656  56028736  0.000  0.000 3168.719  451.948    0    0  (Gen:  0)
 26631056      5568  56029192  0.000  0.000 3168.906  451.980    0    0  (Gen:  0)
 25313960      6640  56030712  0.000  0.000 3169.078  452.010    0    0  (Gen:  0)
 25066488      6064  56030648  0.000  0.000 3169.297  452.040    0    0  (Gen:  0)
 29252624      5344  56030376  0.000  0.000 3169.531  452.075    0    0  (Gen:  0)
 25185360      8296  56033872  0.000  0.000 3169.719  452.105    0    0  (Gen:  0)
 27114424      4864  56030856  0.000  0.000 3169.969  452.137    0    0  (Gen:  0)
 26362472      4800  56031240  0.000  0.000 3170.203  452.168    0    0  (Gen:  0)
 25470832      6688  56033608  0.000  0.000 3170.422  452.199    0    0  (Gen:  0)
 23001344      4856  56032256  0.000  0.000 3170.578  452.226    0    0  (Gen:  0)
 25937648      4904  56032864  0.000  0.000 3170.781  452.257    0    0  (Gen:  0)
 26787736      6576  56035016  0.000  0.000 3170.984  452.289    0    0  (Gen:  0)
 23580248      5072  56034056  0.000  0.000 3171.234  452.316    0    0  (Gen:  0)
  9570992  49245112  55970832  0.016  0.028 3171.359  452.355    0    0  (Gen:  1)
 13796320      5920  55971008  0.000  0.000 3171.484  452.392    0    0  (Gen:  0)
 21816256      7088  55975352  0.000  0.000 3171.594  452.417    0    0  (Gen:  0)
 21768192      4296  55975384  0.000  0.000 3171.766  452.443    0    0  (Gen:  0)
 24428768      6496  55978112  0.000  0.000 3171.984  452.472    0    0  (Gen:  0)
 27819568      4384  55976528  0.000  0.000 3172.188  452.507    0    0  (Gen:  0)
 25077576      5496  55978088  0.000  0.000 3172.344  452.537    0    0  (Gen:  0)
 25813368      5208  55978280  0.000  0.000 3172.531  452.569    0    0  (Gen:  0)
 23915048      4416  55977808  0.000  0.000 3172.781  452.598    0    0  (Gen:  0)
 25424488      5264  55979136  0.000  0.000 3173.016  452.627    0    0  (Gen:  0)
 26726384      4856  55980104  0.000  0.000 3173.250  452.658    0    0  (Gen:  0)
 26791072      5000  55980936  0.000  0.000 3173.484  452.691    0    0  (Gen:  0)
 24243576      4096  55980576  0.000  0.000 3173.734  452.720    0    0  (Gen:  0)
 22985568      4408  55981304  0.000  0.000 3173.906  452.748    0    0  (Gen:  0)
 23811936      4128  55981504  0.000  0.000 3174.016  452.777    0    0  (Gen:  0)
 26139032      4528  55982352  0.000  0.000 3174.234  452.808    0    0  (Gen:  0)
 28186840      4376  55982680  0.000  0.000 3174.578  452.842    0    0  (Gen:  0)
 26420752      5272  55984120  0.000  0.000 3174.812  452.874    0    0  (Gen:  0)
 30097048      5992  55985352  0.000  0.000 3175.047  452.909    0    0  (Gen:  0)
 25382184      5424  55985360  0.000  0.000 3175.250  452.940    0    0  (Gen:  0)
 23499168      4640  55985056  0.000  0.000 3175.438  452.967    0    0  (Gen:  0)
 21354032      4984  55985816  0.000  0.000 3175.516  452.992    0    0  (Gen:  0)
 28104192      4776  55986024  0.000  0.000 3175.734  453.025    0    0  (Gen:  0)
 26697744      5768  55987496  0.000  0.000 3175.984  453.057    0    0  (Gen:  0)
 27067024      4992  55987296  0.000  0.000 3176.203  453.088    0    0  (Gen:  0)
 25864080      8960  55991712  0.000  0.000 3176.453  453.116    0    0  (Gen:  0)
 23283552      4888  55989048  0.000  0.000 3176.594  453.144    0    0  (Gen:  0)
 27642944      4928  55989696  0.000  0.000 3176.828  453.177    0    0  (Gen:  0)
 24535072      4656  55989952  0.000  0.000 3177.047  453.207    0    0  (Gen:  0)
 27958360      5560  56024000  0.000  0.000 3177.297  453.240    0    0  (Gen:  0)
 27710832      5960  55992088  0.000  0.000 3177.500  453.273    0    0  (Gen:  0)
 28015712      4640  56023976  0.000  0.000 3177.750  453.306    0    0  (Gen:  0)
 21007256      5648  56025432  0.000  0.000 3177.984  453.331    0    0  (Gen:  0)
 27356952      4960  55992432  0.000  0.000 3178.203  453.364    0    0  (Gen:  0)
 25333216      4344  56025040  0.000  0.000 3178.453  453.394    0    0  (Gen:  0)
 28674800  49186736  55945216  0.141  0.024 3178.781  453.452    0    0  (Gen:  1)
 24610696      4456  55944120  0.000  0.000 3178.875  453.482    0    0  (Gen:  0)
 23036680      5696  55945776  0.000  0.000 3179.062  453.508    0    0  (Gen:  0)
 30057792      7160  55947816  0.000  0.000 3179.266  453.545    0    0  (Gen:  0)
 22613344      4008  55945208  0.000  0.000 3179.438  453.572    0    0  (Gen:  0)
 23090360      4456  55946232  0.000  0.000 3179.672  453.599    0    0  (Gen:  0)
 22568600      4912  55947200  0.000  0.000 3179.906  453.627    0    0  (Gen:  0)
 24867568      4768  55947584  0.000  0.000 3180.141  453.655    0    0  (Gen:  0)
 23025296      3576  55946992  0.000  0.000 3180.219  453.683    0    0  (Gen:  0)
 22599304      4344  55980936  0.000  0.000 3180.406  453.711    0    0  (Gen:  0)
 22010064      4480  55981600  0.000  0.000 3180.562  453.736    0    0  (Gen:  0)
 27471400      5152  55982696  0.000  0.000 3180.766  453.770    0    0  (Gen:  0)
 25449856      5360  55983416  0.000  0.000 3181.016  453.800    0    0  (Gen:  0)
 25176344      5160  55983760  0.000  0.000 3181.188  453.831    0    0  (Gen:  0)
 27716824      3528  55982608  0.000  0.000 3181.391  453.864    0    0  (Gen:  0)
 23150040      5768  55985328  0.000  0.000 3181.594  453.891    0    0  (Gen:  0)
 20829024      6896  55987176  0.000  0.000 3181.672  453.915    0    0  (Gen:  0)
 27582440      4712  55986024  0.000  0.000 3181.906  453.948    0    0  (Gen:  0)
 23263768      5832  55987688  0.000  0.000 3182.094  453.976    0    0  (Gen:  0)
 27418320      6512  55988784  0.000  0.000 3182.297  454.009    0    0  (Gen:  0)
 24313992      4832  55987552  0.000  0.000 3182.469  454.037    0    0  (Gen:  0)
 24133224      5632  55988960  0.000  0.000 3182.703  454.066    0    0  (Gen:  0)
 28115440      6344  55990216  0.000  0.000 3182.938  454.101    0    0  (Gen:  0)
 24098488      5784  55990136  0.000  0.000 3183.062  454.151    0    0  (Gen:  0)
 23349016      6088  55990952  0.000  0.000 3183.266  454.179    0    0  (Gen:  0)
 23267032      4928  55991440  0.000  0.000 3183.453  454.208    0    0  (Gen:  0)
 27149560      5632  55992888  0.000  0.000 3183.641  454.241    0    0  (Gen:  0)
 27832544      5320  55993088  0.000  0.000 3183.781  454.274    0    0  (Gen:  0)
 22124976      4984  55993232  0.000  0.000 3184.000  454.300    0    0  (Gen:  0)
 25773176      5968  55994696  0.000  0.000 3184.234  454.330    0    0  (Gen:  0)
 28124784      5320  55994496  0.000  0.000 3184.453  454.363    0    0  (Gen:  0)
 26479760      5336  55995056  0.000  0.000 3184.703  454.395    0    0  (Gen:  0)
 21881600      4880  55994984  0.000  0.000 3184.906  454.421    0    0  (Gen:  0)
 20802616      6072  55996624  0.000  0.000 3185.016  454.444    0    0  (Gen:  0)
 26949152      5808  55997720  0.000  0.000 3185.234  454.476    0    0  (Gen:  0)
 25785888      5304  55998016  0.000  0.000 3185.406  454.507    0    0  (Gen:  0)
 27749512      5216  55998472  0.000  0.000 3185.578  454.540    0    0  (Gen:  0)
 27132536      5648  55999448  0.000  0.000 3185.797  454.572    0    0  (Gen:  0)
 26680736      4456  55998800  0.000  0.000 3186.047  454.604    0    0  (Gen:  0)
 22618944      4864  55999624  0.000  0.000 3186.297  454.631    0    0  (Gen:  0)
 23275144      4680  56000016  0.000  0.000 3186.500  454.660    0    0  (Gen:  0)
 24231424      5432  56001344  0.000  0.000 3186.703  454.689    0    0  (Gen:  0)
 23845512      4616  56001072  0.000  0.000 3186.797  454.718    0    0  (Gen:  0)
 26927768  49118832  55877320  0.031  0.030 3186.969  454.781    0    0  (Gen:  1)
 25172872      4712  55876784  0.000  0.000 3187.094  454.811    0    0  (Gen:  0)
 20064384      4528  55877080  0.000  0.000 3187.219  454.837    0    0  (Gen:  0)
 27017512      5904  55878808  0.000  0.000 3187.453  454.869    0    0  (Gen:  0)
 27634848      4128  55877592  0.000  0.000 3187.641  454.901    0    0  (Gen:  0)
 26641384      6184  55880160  0.000  0.000 3187.859  454.933    0    0  (Gen:  0)
 26795040      5264  55879752  0.000  0.000 3188.062  454.965    0    0  (Gen:  0)
 25797224      5400  55880400  0.000  0.000 3188.250  454.996    0    0  (Gen:  0)
 21107136      4176  55879816  0.000  0.000 3188.391  455.020    0    0  (Gen:  0)
 26636632      4480  55880616  0.000  0.000 3188.625  455.052    0    0  (Gen:  0)
 25533600      4416  55881064  0.000  0.000 3188.859  455.083    0    0  (Gen:  0)
 27753912      4888  55882016  0.000  0.000 3189.109  455.116    0    0  (Gen:  0)
 27312216      4296  55881936  0.000  0.000 3189.359  455.149    0    0  (Gen:  0)
 28380280      5256  55883328  0.000  0.000 3189.547  455.183    0    0  (Gen:  0)
 25554872      4648  55883200  0.000  0.000 3189.750  455.214    0    0  (Gen:  0)
 28370960      6952  55885888  0.000  0.000 3189.938  455.248    0    0  (Gen:  0)
 27724400      6912  55886328  0.000  0.000 3190.125  455.282    0    0  (Gen:  0)
 26763104      4928  55884824  0.000  0.000 3190.375  455.314    0    0  (Gen:  0)
 26827912      5752  55886064  0.000  0.000 3190.625  455.347    0    0  (Gen:  0)
 28707688      6240  55887000  0.000  0.000 3190.797  455.382    0    0  (Gen:  0)
 27689280      5272  55887104  0.000  0.000 3191.047  455.414    0    0  (Gen:  0)
 28414712      4936  55887728  0.000  0.000 3191.250  455.449    0    0  (Gen:  0)
 26236728      4800  55888008  0.000  0.000 3191.500  455.480    0    0  (Gen:  0)
 27509416      4336  55887992  0.000  0.000 3191.859  455.514    0    0  (Gen:  0)
 22871952      3984  55888056  0.000  0.000 3191.984  455.542    0    0  (Gen:  0)
 29200680      4664  55889200  0.000  0.000 3192.312  455.577    0    0  (Gen:  0)
 23687768      4712  55889792  0.000  0.000 3192.438  455.606    0    0  (Gen:  0)
 25164224      5584  55891048  0.000  0.000 3192.672  455.636    0    0  (Gen:  0)
 26338584      6000  55892008  0.000  0.000 3192.828  455.667    0    0  (Gen:  0)
 28336184      5120  55891736  0.000  0.000 3193.156  455.702    0    0  (Gen:  0)
 25649128      4176  55891256  0.000  0.000 3193.406  455.733    0    0  (Gen:  0)
 27346408      4824  55892320  0.000  0.000 3193.641  455.767    0    0  (Gen:  0)
 23183824      5296  55893272  0.000  0.000 3193.766  455.794    0    0  (Gen:  0)
 18904088      3872  55892680  0.000  0.004 3193.938  455.827    0    0  (Gen:  0)
 20116048      4576  55893736  0.000  0.000 3193.984  455.857    0    0  (Gen:  0)
 21303848      4072  55894288  0.000  0.000 3194.078  455.884    0    0  (Gen:  0)
 24083040      4880  55895880  0.000  0.000 3194.281  455.914    0    0  (Gen:  0)
 26474512      5248  55897184  0.000  0.000 3194.516  455.947    0    0  (Gen:  0)
 23500320      4216  55896600  0.000  0.000 3194.641  455.974    0    0  (Gen:  0)
 24552984      4432  55898064  0.000  0.000 3194.812  456.004    0    0  (Gen:  0)
 26240712      3872  55898176  0.000  0.000 3195.016  456.036    0    0  (Gen:  0)
 26529712      4448  55899312  0.000  0.000 3195.234  456.068    0    0  (Gen:  0)
 28604816      3824  55899104  0.000  0.000 3195.484  456.103    0    0  (Gen:  0)
 26373488  49045072  55803560  0.125  0.027 3195.859  456.161    0    0  (Gen:  1)
 24105120      5088  55805320  0.000  0.000 3196.078  456.191    0    0  (Gen:  0)
 26053080      4096  55804744  0.000  0.000 3196.297  456.224    0    0  (Gen:  0)
 29912792      4016  55805048  0.000  0.000 3196.500  456.260    0    0  (Gen:  0)
 27120872      4560  55806104  0.000  0.000 3196.719  456.293    0    0  (Gen:  0)
 22447880      5528  55807648  0.000  0.000 3196.953  456.320    0    0  (Gen:  0)
 22112488      7032  55809600  0.000  0.000 3197.156  456.348    0    0  (Gen:  0)
 26549632      4192  55807112  0.000  0.000 3197.406  456.380    0    0  (Gen:  0)
 27976312      5424  55808760  0.000  0.000 3197.625  456.414    0    0  (Gen:  0)
 25403624      4808  55808688  0.000  0.000 3197.859  456.444    0    0  (Gen:  0)
 25690040      5384  55809840  0.000  0.000 3198.078  456.475    0    0  (Gen:  0)
 20043256      6464  55811400  0.000  0.000 3198.234  456.499    0    0  (Gen:  0)
 28167984      5032  55810416  0.000  0.000 3198.453  456.532    0    0  (Gen:  0)
 25252936      4472  55810336  0.000  0.000 3198.625  456.562    0    0  (Gen:  0)
 28031504      4224  55810632  0.000  0.000 3198.828  456.596    0    0  (Gen:  0)
 27152352      4680  55811472  0.000  0.000 3199.031  456.628    0    0  (Gen:  0)
 25395464      5504  55812712  0.000  0.000 3199.281  456.660    0    0  (Gen:  0)
 20606920      3856  55811576  0.000  0.000 3199.344  456.685    0    0  (Gen:  0)
 24933752      5264  55813304  0.000  0.000 3199.547  456.715    0    0  (Gen:  0)
 28599384      3880  55812304  0.000  0.000 3199.891  456.749    0    0  (Gen:  0)
 29143528      4512  55813384  0.000  0.000 3200.062  456.785    0    0  (Gen:  0)
 26844952      4312  55813696  0.000  0.000 3200.219  456.817    0    0  (Gen:  0)
 26097936      4480  55814248  0.000  0.000 3200.422  456.849    0    0  (Gen:  0)
 23346800      5024  55815240  0.000  0.000 3200.609  456.878    0    0  (Gen:  0)
 21523920      4448  55815064  0.000  0.000 3200.734  456.904    0    0  (Gen:  0)
 24900480      4104  55815184  0.000  0.000 3200.922  456.934    0    0  (Gen:  0)
 25345864      4512  55816008  0.000  0.000 3201.156  456.965    0    0  (Gen:  0)
 27300544      4848  55816728  0.000  0.000 3201.422  456.999    0    0  (Gen:  0)
 27894600      4784  55817112  0.000  0.000 3201.578  457.034    0    0  (Gen:  0)
 25761072      4024  55816896  0.000  0.000 3201.781  457.066    0    0  (Gen:  0)
 27974632      5296  55818584  0.000  0.000 3201.984  457.101    0    0  (Gen:  0)
 26922904      4168  55817904  0.000  0.000 3202.234  457.133    0    0  (Gen:  0)
 27143368      4848  55818968  0.000  0.000 3202.422  457.166    0    0  (Gen:  0)
 22242216      4624  55819192  0.000  0.000 3202.625  457.194    0    0  (Gen:  0)
 25704320      4608  55819528  0.000  0.000 3202.844  457.226    0    0  (Gen:  0)
 25974584      5088  55820424  0.000  0.000 3202.984  457.257    0    0  (Gen:  0)
 26126200      4304  55820056  0.000  0.000 3203.188  457.288    0    0  (Gen:  0)
 27376376  48992176  55750664  0.141  0.032 3203.500  457.351    0    0  (Gen:  1)
  7128280      5928  55751072  0.000  0.000 3203.531  457.375    0    0  (Gen:  0)
 28624872      8264  55790312  0.000  0.000 3203.734  457.409    0    0  (Gen:  0)
 20433096      5560  55792016  0.000  0.000 3203.828  457.435    0    0  (Gen:  0)
 23232808      5976  55792816  0.000  0.000 3204.031  457.464    0    0  (Gen:  0)
 28233624      5432  55792712  0.016  0.000 3204.250  457.498    0    0  (Gen:  0)
 25726936      4752  55792448  0.000  0.000 3204.391  457.529    0    0  (Gen:  0)
 19771544      4720  55792832  0.000  0.000 3204.500  457.553    0    0  (Gen:  0)
 24739944      4848  55793344  0.000  0.000 3204.703  457.583    0    0  (Gen:  0)
 25139952      4736  55793728  0.000  0.000 3204.938  457.614    0    0  (Gen:  0)
 23959408      4328  55793672  0.000  0.000 3205.188  457.643    0    0  (Gen:  0)
 27309520      4896  55794592  0.000  0.000 3205.359  457.676    0    0  (Gen:  0)
 26905520      4216  55794456  0.000  0.000 3205.531  457.709    0    0  (Gen:  0)
 27288368      5240  55795832  0.000  0.000 3205.781  457.742    0    0  (Gen:  0)
 25123952      5744  55796816  0.000  0.000 3205.938  457.772    0    0  (Gen:  0)
 21368224      5928  55797480  0.000  0.000 3206.125  457.798    0    0  (Gen:  0)
 27083840      4656  55796544  0.000  0.000 3206.359  457.831    0    0  (Gen:  0)
 25736768      7200  55799600  0.000  0.000 3206.578  457.862    0    0  (Gen:  0)
 22958312      4552  55797384  0.000  0.000 3206.812  457.890    0    0  (Gen:  0)
 26177832      5376  55798592  0.000  0.000 3207.031  457.922    0    0  (Gen:  0)
 22879928      5664  55799296  0.000  0.000 3207.141  457.951    0    0  (Gen:  0)
 27295064      4216  55798200  0.000  0.000 3207.484  457.985    0    0  (Gen:  0)
 28137136      4576  55798944  0.000  0.000 3207.625  458.019    0    0  (Gen:  0)
 29384512      4488  55799336  0.000  0.000 3207.875  458.055    0    0  (Gen:  0)
 22585784      4560  55799888  0.000  0.000 3208.047  458.084    0    0  (Gen:  0)
 26470696      4760  55800584  0.000  0.000 3208.281  458.116    0    0  (Gen:  0)
 26846464      5520  55801760  0.000  0.000 3208.516  458.149    0    0  (Gen:  0)
 26574088      4576  55801264  0.000  0.000 3208.734  458.182    0    0  (Gen:  0)
 28131864      4184  55801352  0.000  0.000 3208.953  458.216    0    0  (Gen:  0)
 26934744      5040  55802688  0.000  0.000 3209.234  458.249    0    0  (Gen:  0)
 27549368      4912  55802976  0.000  0.000 3209.438  458.283    0    0  (Gen:  0)
 28927280      5472  55804048  0.000  0.000 3209.625  458.316    0    0  (Gen:  0)
 24509912      4264  55804024  0.000  0.000 3209.875  458.344    0    0  (Gen:  0)
 27444888      4344  55804936  0.000  0.000 3210.109  458.378    0    0  (Gen:  0)
 27799968      4240  55805312  0.000  0.000 3210.359  458.412    0    0  (Gen:  0)
 29527312      6224  55807776  0.000  0.000 3210.547  458.448    0    0  (Gen:  0)
 28156032      4976  55807008  0.016  0.000 3210.812  458.482    0    0  (Gen:  0)
 28738976      5544  55808088  0.000  0.000 3210.969  458.518    0    0  (Gen:  0)
 24411760      4224  55807248  0.000  0.000 3211.188  458.547    0    0  (Gen:  0)
 25690240  48933776  55725032  0.016  0.026 3211.391  458.604    0    0  (Gen:  1)
 29213056      4872  55725496  0.000  0.000 3211.766  458.639    0    0  (Gen:  0)
 24927856      4736  55725936  0.000  0.000 3211.859  458.670    0    0  (Gen:  0)
 22805096      3256  55724936  0.000  0.000 3212.031  458.699    0    0  (Gen:  0)
 23014480      4296  55726392  0.000  0.000 3212.188  458.728    0    0  (Gen:  0)
 22847664      4128  55726608  0.000  0.000 3212.375  458.755    0    0  (Gen:  0)
 23969920      6944  55729872  0.000  0.000 3212.594  458.785    0    0  (Gen:  0)
 25238984      4192  55727520  0.000  0.000 3212.828  458.816    0    0  (Gen:  0)
 29201448      5392  55729168  0.000  0.000 3213.047  458.852    0    0  (Gen:  0)
 28978608      5744  55729968  0.000  0.000 3213.281  458.886    0    0  (Gen:  0)
 23480984      3920  55728656  0.000  0.000 3213.438  458.914    0    0  (Gen:  0)
 23554152      6752  55731904  0.000  0.000 3213.656  458.943    0    0  (Gen:  0)
 25083544      4080  55729696  0.000  0.000 3213.859  458.973    0    0  (Gen:  0)
 26905816      4080  55730048  0.000  0.000 3214.031  459.006    0    0  (Gen:  0)
 24317680      5512  55731928  0.000  0.000 3214.219  459.035    0    0  (Gen:  0)
 28426584      4368  55731168  0.000  0.000 3214.453  459.070    0    0  (Gen:  0)
 24643192      4856  55732248  0.000  0.000 3214.672  459.100    0    0  (Gen:  0)
 17356024      4512  55732448  0.000  0.011 3214.781  459.136    0    0  (Gen:  0)
 16944032      4616  55733128  0.000  0.000 3214.875  459.165    0    0  (Gen:  0)
 23189832      5088  55734080  0.000  0.000 3215.000  459.195    0    0  (Gen:  0)
 26873296      5216  55734656  0.000  0.000 3215.219  459.228    0    0  (Gen:  0)
 24712312      4576  55734576  0.000  0.000 3215.391  459.257    0    0  (Gen:  0)
 22881512      5048  55735496  0.000  0.000 3215.578  459.286    0    0  (Gen:  0)
 26875552      4720  55735520  0.000  0.000 3215.750  459.319    0    0  (Gen:  0)
 29274992      5112  55736424  0.000  0.000 3215.953  459.355    0    0  (Gen:  0)
 29075440      4952  55736744  0.000  0.000 3216.297  459.390    0    0  (Gen:  0)
 24294224      4528  55736800  0.000  0.000 3216.422  459.420    0    0  (Gen:  0)
 27834896      4008  55736696  0.000  0.000 3216.797  459.454    0    0  (Gen:  0)
 27836032      5304  55738536  0.000  0.000 3217.047  459.488    0    0  (Gen:  0)
 25535352      5504  55739280  0.000  0.000 3217.203  459.520    0    0  (Gen:  0)
 29494384      5936  55740096  0.000  0.000 3217.453  459.556    0    0  (Gen:  0)
 24344080      5216  55739888  0.000  0.000 3217.688  459.586    0    0  (Gen:  0)
 25304584      5168  55740256  0.000  0.000 3217.891  459.617    0    0  (Gen:  0)
 24451280      4192  55739904  0.000  0.000 3218.094  459.646    0    0  (Gen:  0)
 22513160      5504  55741760  0.000  0.000 3218.266  459.674    0    0  (Gen:  0)
 25965472      5752  55775136  0.000  0.000 3218.484  459.707    0    0  (Gen:  0)
 26399840      4704  55774552  0.000  0.000 3218.688  459.738    0    0  (Gen:  0)
 27188896      6440  55776768  0.000  0.000 3218.812  459.771    0    0  (Gen:  0)
 25790552      4664  55775408  0.000  0.000 3219.062  459.801    0    0  (Gen:  0)
 22182568  48878760  55702776  0.031  0.030 3219.266  459.859    0    0  (Gen:  1)
 29432384      4832  55703856  0.000  0.000 3219.516  459.895    0    0  (Gen:  0)
 29375360      4600  55704136  0.000  0.000 3219.766  459.931    0    0  (Gen:  0)
 23158040      5352  55705432  0.000  0.000 3219.938  459.958    0    0  (Gen:  0)
 21630392      5112  55705640  0.000  0.000 3220.094  459.984    0    0  (Gen:  0)
 26521240      5392  55706352  0.000  0.000 3220.328  460.015    0    0  (Gen:  0)
 27137208      4960  55706416  0.000  0.000 3220.547  460.047    0    0  (Gen:  0)
 24762888      4968  55706848  0.000  0.001 3220.750  460.077    0    0  (Gen:  0)
 23243664      5952  55741008  0.000  0.000 3220.875  460.106    0    0  (Gen:  0)
 27376768      5888  55741408  0.000  0.000 3221.125  460.138    0    0  (Gen:  0)
 29604808      5224  55741232  0.000  0.000 3221.359  460.173    0    0  (Gen:  0)
 26923520      6344  55742912  0.000  0.000 3221.594  460.205    0    0  (Gen:  0)
 24031216      4672  55741592  0.000  0.000 3221.812  460.235    0    0  (Gen:  0)
 24365528      6920  55744256  0.000  0.000 3222.000  460.265    0    0  (Gen:  0)
 28175912      5592  55743312  0.000  0.000 3222.250  460.298    0    0  (Gen:  0)
 27909128      5368  55743536  0.000  0.000 3222.484  460.332    0    0  (Gen:  0)
 27012904      5760  55744408  0.000  0.000 3222.625  460.364    0    0  (Gen:  0)
 26402640      4832  55743992  0.000  0.000 3222.828  460.395    0    0  (Gen:  0)
 25155328      5072  55744792  0.000  0.000 3223.000  460.425    0    0  (Gen:  0)
 25292720      5176  55745376  0.000  0.000 3223.203  460.455    0    0  (Gen:  0)
 28644568      6160  55746840  0.000  0.000 3223.297  460.490    0    0  (Gen:  0)
 25585000      4624  55745928  0.000  0.000 3223.484  460.520    0    0  (Gen:  0)
 26582824      7080  55748864  0.000  0.000 3223.734  460.551    0    0  (Gen:  0)
 25612584      4952  55747216  0.000  0.000 3223.953  460.582    0    0  (Gen:  0)
 19360960      4464  55747336  0.000  0.000 3224.047  460.606    0    0  (Gen:  0)
 22223920      4456  55747792  0.000  0.000 3224.281  460.632    0    0  (Gen:  0)
 28092592      5096  55748992  0.000  0.000 3224.500  460.666    0    0  (Gen:  0)
 27774920      4280  55748784  0.000  0.000 3224.750  460.699    0    0  (Gen:  0)
 25892088      4608  55749752  0.000  0.000 3224.906  460.731    0    0  (Gen:  0)
 25332680      4952  55750608  0.000  0.000 3225.141  460.760    0    0  (Gen:  0)
 21392160      4000  55750840  0.000  0.008 3225.344  460.801    0    0  (Gen:  0)
 20890264      3728  55751208  0.000  0.000 3225.469  460.833    0    0  (Gen:  0)
 22213880      3728  55751592  0.000  0.000 3225.641  460.860    0    0  (Gen:  0)
 21397376      4216  55752496  0.000  0.000 3225.734  460.888    0    0  (Gen:  0)
 20549592      5176  55753968  0.000  0.000 3225.875  460.912    0    0  (Gen:  0)
 23484056      5808  55755144  0.000  0.000 3226.062  460.941    0    0  (Gen:  0)
 18326376      4304  55754184  0.000  0.000 3226.141  460.965    0    0  (Gen:  0)
 21192584      3912  55754208  0.000  0.000 3226.297  460.992    0    0  (Gen:  0)
 27601288      4040  55754944  0.000  0.000 3226.438  461.024    0    0  (Gen:  0)
 27964312      4408  55755984  0.000  0.000 3226.688  461.059    0    0  (Gen:  0)
 28490840      3800  55755952  0.000  0.000 3227.047  461.094    0    0  (Gen:  0)
 20903400      5040  55757672  0.000  0.000 3227.125  461.119    0    0  (Gen:  0)
 24703280      4480  55757528  0.000  0.000 3227.375  461.149    0    0  (Gen:  0)
 21153344  48812448  55636472  0.078  0.031 3227.609  461.207    0    0  (Gen:  1)
 26917904      4576  55637664  0.000  0.000 3227.844  461.240    0    0  (Gen:  0)
 27544768      3728  55637264  0.000  0.000 3227.969  461.273    0    0  (Gen:  0)
 27281008      6240  55640288  0.000  0.000 3228.219  461.305    0    0  (Gen:  0)
 23331728      5408  55639936  0.000  0.000 3228.438  461.333    0    0  (Gen:  0)
 22413648      4240  55639248  0.000  0.000 3228.656  461.360    0    0  (Gen:  0)
 25267584      4232  55639592  0.000  0.000 3228.906  461.391    0    0  (Gen:  0)
 26205192      4400  55640240  0.000  0.000 3229.094  461.423    0    0  (Gen:  0)
 24359096      3856  55640208  0.000  0.000 3229.328  461.452    0    0  (Gen:  0)
 26740208      5456  55642288  0.000  0.000 3229.547  461.484    0    0  (Gen:  0)
 26651240      4232  55641640  0.000  0.000 3229.672  461.516    0    0  (Gen:  0)
 25947256      4360  55642248  0.000  0.000 3229.906  461.548    0    0  (Gen:  0)
 23123656      4256  55642688  0.000  0.000 3230.016  461.575    0    0  (Gen:  0)
 27962288      4536  55643544  0.000  0.000 3230.391  461.608    0    0  (Gen:  0)
 28426288      6608  55646256  0.000  0.000 3230.641  461.643    0    0  (Gen:  0)
 24931016      3768  55643960  0.000  0.000 3230.812  461.672    0    0  (Gen:  0)
 26195120      5000  55645704  0.000  0.000 3230.969  461.702    0    0  (Gen:  0)
 23332904      5408  55646624  0.000  0.000 3231.078  461.732    0    0  (Gen:  0)
 26896624      4128  55645824  0.000  0.000 3231.266  461.763    0    0  (Gen:  0)
 21964632      5608  55647832  0.000  0.000 3231.453  461.788    0    0  (Gen:  0)
 24987152      5248  55648656  0.000  0.000 3231.688  461.817    0    0  (Gen:  0)
 28448048      5040  55649200  0.000  0.000 3231.844  461.853    0    0  (Gen:  0)
 14777304      4248  55648920  0.000  0.001 3231.984  461.936    0    0  (Gen:  0)
 19458360      4232  55649288  0.000  0.000 3232.047  461.968    0    0  (Gen:  0)
 13316864      5144  55650712  0.000  0.000 3232.109  461.988    0    0  (Gen:  0)
 16405472      5928  55652696  0.000  0.000 3232.188  462.008    0    0  (Gen:  0)
 22734464      4576  55652896  0.000  0.000 3232.344  462.036    0    0  (Gen:  0)
 27755048      5096  55654056  0.000  0.000 3232.578  462.071    0    0  (Gen:  0)
 24625440      4800  55654368  0.000  0.000 3232.797  462.100    0    0  (Gen:  0)
 27579288      4696  55654712  0.000  0.000 3233.047  462.133    0    0  (Gen:  0)
 24294720      4384  55654912  0.000  0.000 3233.297  462.162    0    0  (Gen:  0)
 22652744      5048  55655992  0.000  0.000 3233.547  462.189    0    0  (Gen:  0)
 28230888      4320  55655712  0.000  0.000 3233.734  462.223    0    0  (Gen:  0)
 26301096      5584  55657552  0.000  0.000 3233.906  462.254    0    0  (Gen:  0)
 28544744      4768  55657280  0.000  0.000 3234.094  462.288    0    0  (Gen:  0)
 25785040      4448  55657552  0.000  0.000 3234.328  462.318    0    0  (Gen:  0)
 24661440      4440  55658024  0.000  0.000 3234.531  462.347    0    0  (Gen:  0)
 24073336      5896  55659960  0.000  0.000 3234.781  462.375    0    0  (Gen:  0)
 24640512      5112  55659624  0.000  0.000 3234.891  462.404    0    0  (Gen:  0)
 26504536      5464  55660392  0.000  0.000 3235.125  462.433    0    0  (Gen:  0)
 27389088      5472  55661872  0.000  0.000 3235.312  462.466    0    0  (Gen:  0)
 26156816      4144  55661184  0.000  0.000 3235.547  462.497    0    0  (Gen:  0)
 24545088      5256  55662840  0.000  0.000 3235.719  462.527    0    0  (Gen:  0)
 21505416  48741152  55565176  0.047  0.035 3236.016  462.587    0    0  (Gen:  1)
 11704024      4144  55565640  0.000  0.001 3236.047  462.622    0    0  (Gen:  0)
 11426328      4000  55567368  0.000  0.000 3236.094  462.638    0    0  (Gen:  0)
 20767920      6944  55572360  0.000  0.000 3236.281  462.665    0    0  (Gen:  0)
 16965072      4720  55573096  0.000  0.000 3236.422  462.687    0    0  (Gen:  0)
 23759496      4936  55573696  0.000  0.000 3236.547  462.716    0    0  (Gen:  0)
 24741632      4816  55574072  0.000  0.000 3236.672  462.745    0    0  (Gen:  0)
 24522912      4072  55573840  0.000  0.000 3236.828  462.775    0    0  (Gen:  0)
 26870040      4464  55574744  0.000  0.000 3237.062  462.806    0    0  (Gen:  0)
 27608248      4568  55575456  0.000  0.000 3237.312  462.840    0    0  (Gen:  0)
 27132000      4520  55575952  0.000  0.000 3237.562  462.873    0    0  (Gen:  0)
 23002696      4040  55576080  0.000  0.000 3237.781  462.900    0    0  (Gen:  0)
 28194424      4752  55577368  0.000  0.000 3237.984  462.934    0    0  (Gen:  0)
 21668032      4808  55578016  0.000  0.000 3238.172  462.962    0    0  (Gen:  0)
 26108456      4216  55577744  0.000  0.000 3238.391  462.993    0    0  (Gen:  0)
 23038128      5848  55579792  0.000  0.000 3238.594  463.022    0    0  (Gen:  0)
 26498960      5432  55579792  0.000  0.000 3238.828  463.053    0    0  (Gen:  0)
 23618928      5088  55579864  0.000  0.000 3239.031  463.081    0    0  (Gen:  0)
 28435888      5608  55580800  0.000  0.000 3239.250  463.116    0    0  (Gen:  0)
 23923144      4608  55580216  0.000  0.000 3239.484  463.146    0    0  (Gen:  0)
 24252928      6760  55582848  0.000  0.000 3239.734  463.176    0    0  (Gen:  0)
 28195464      4944  55581432  0.000  0.000 3239.953  463.210    0    0  (Gen:  0)
 25565720      4680  55581680  0.000  0.000 3240.172  463.242    0    0  (Gen:  0)
 26345848      5120  55582536  0.000  0.000 3240.359  463.274    0    0  (Gen:  0)
 26259016      4608  55582568  0.000  0.000 3240.594  463.305    0    0  (Gen:  0)
 27213048      5184  55583960  0.000  0.000 3240.797  463.337    0    0  (Gen:  0)
 26933800      5520  55585320  0.000  0.000 3240.984  463.369    0    0  (Gen:  0)
 25070368      4896  55585112  0.000  0.000 3241.219  463.400    0    0  (Gen:  0)
 25868856      3608  55584208  0.000  0.000 3241.469  463.431    0    0  (Gen:  0)
 24013088      4880  55585896  0.000  0.000 3241.609  463.461    0    0  (Gen:  0)
 24057656      5328  55586760  0.000  0.000 3241.828  463.490    0    0  (Gen:  0)
 26741576      5336  55587152  0.000  0.000 3242.000  463.523    0    0  (Gen:  0)
 27704232      5176  55587376  0.000  0.000 3242.250  463.557    0    0  (Gen:  0)
 29138296      5352  55588048  0.000  0.000 3242.578  463.593    0    0  (Gen:  0)
 23457528      4968  55588144  0.000  0.000 3242.688  463.622    0    0  (Gen:  0)
 21006576      5984  55589480  0.000  0.000 3242.922  463.646    0    0  (Gen:  0)
 24584800      4264  55589184  0.000  0.000 3243.094  463.677    0    0  (Gen:  0)
 29595240      4632  55590000  0.000  0.000 3243.328  463.714    0    0  (Gen:  0)
 24607104      4544  55590360  0.000  0.000 3243.547  463.744    0    0  (Gen:  0)
 25190256  48681896  55505920  0.141  0.025 3243.891  463.800    0    0  (Gen:  1)
 26740144      4376  55506640  0.000  0.000 3244.141  463.832    0    0  (Gen:  0)
 19494080      5088  55507832  0.000  0.000 3244.250  463.856    0    0  (Gen:  0)
 27963720      4792  55507984  0.000  0.000 3244.484  463.889    0    0  (Gen:  0)
 25545528      4952  55508688  0.000  0.000 3244.734  463.920    0    0  (Gen:  0)
 24766664      5008  55509288  0.000  0.000 3244.844  463.950    0    0  (Gen:  0)
 26924592      5680  55510472  0.000  0.000 3245.000  463.982    0    0  (Gen:  0)
 26287624      5232  55510488  0.000  0.000 3245.281  464.014    0    0  (Gen:  0)
 23162816      4864  55510504  0.000  0.000 3245.375  464.042    0    0  (Gen:  0)
 25808664      6152  55512144  0.000  0.000 3245.609  464.072    0    0  (Gen:  0)
 22172872      4464  55511768  0.000  0.000 3245.828  464.099    0    0  (Gen:  0)
 26702840      4480  55512328  0.000  0.000 3246.047  464.132    0    0  (Gen:  0)
 28392464      5920  55514152  0.000  0.000 3246.297  464.167    0    0  (Gen:  0)
 29111928      5464  55514176  0.000  0.000 3246.594  464.203    0    0  (Gen:  0)
 22269376      4736  55514040  0.000  0.001 3246.703  464.254    0    0  (Gen:  0)
 13526360      4800  55514568  0.000  0.000 3246.781  464.270    0    0  (Gen:  0)
 23533984      4488  55514704  0.000  0.000 3246.969  464.299    0    0  (Gen:  0)
 23576752      4680  55515664  0.000  0.000 3247.109  464.328    0    0  (Gen:  0)
 25462232      4712  55516728  0.000  0.000 3247.359  464.360    0    0  (Gen:  0)
 26278704      4872  55517320  0.000  0.000 3247.578  464.392    0    0  (Gen:  0)
 26265536      4928  55517856  0.000  0.000 3247.828  464.424    0    0  (Gen:  0)
 25907704      4984  55518328  0.000  0.000 3248.062  464.456    0    0  (Gen:  0)
 26220328      4592  55518352  0.000  0.000 3248.297  464.487    0    0  (Gen:  0)
 22644424      4424  55518568  0.000  0.000 3248.484  464.516    0    0  (Gen:  0)
 20915928      5248  55519744  0.000  0.000 3248.594  464.541    0    0  (Gen:  0)
 25671872      5168  55520096  0.000  0.000 3248.781  464.573    0    0  (Gen:  0)
 20885280      4064  55519456  0.000  0.000 3249.000  464.598    0    0  (Gen:  0)
 27840248      3624  55519336  0.000  0.000 3249.250  464.632    0    0  (Gen:  0)
 25355040      4664  55520696  0.000  0.000 3249.500  464.663    0    0  (Gen:  0)
 28813064      4872  55521352  0.000  0.000 3249.703  464.698    0    0  (Gen:  0)
 25537520      4760  55521624  0.000  0.000 3249.938  464.729    0    0  (Gen:  0)
 24176352      4624  55521936  0.000  0.000 3250.094  464.759    0    0  (Gen:  0)
 23379712      4536  55522264  0.000  0.000 3250.234  464.787    0    0  (Gen:  0)
 28790144      5216  55523408  0.000  0.000 3250.469  464.822    0    0  (Gen:  0)
 25621432      6216  55524904  0.000  0.000 3250.703  464.853    0    0  (Gen:  0)
 27356504      4232  55523208  0.000  0.000 3250.953  464.886    0    0  (Gen:  0)
 27050600      4592  55524080  0.000  0.000 3251.203  464.919    0    0  (Gen:  0)
 29943768  48632560  55456584  0.016  0.026 3251.516  464.981    0    0  (Gen:  1)
 24252104      5848  55457904  0.000  0.000 3251.750  465.011    0    0  (Gen:  0)
 24168536      5648  55458024  0.000  0.000 3251.969  465.040    0    0  (Gen:  0)
 24094408      4496  55457320  0.000  0.000 3252.141  465.069    0    0  (Gen:  0)
 24006872      4568  55457808  0.000  0.000 3252.312  465.097    0    0  (Gen:  0)
 17467312      4112  55457752  0.000  0.000 3252.375  465.119    0    0  (Gen:  0)
 25075048      4840  55458800  0.000  0.000 3252.609  465.150    0    0  (Gen:  0)
 24382816      6072  55460496  0.000  0.000 3252.859  465.179    0    0  (Gen:  0)
 28387000      4464  55459304  0.000  0.000 3253.094  465.213    0    0  (Gen:  0)
 22035936      4120  55459456  0.000  0.000 3253.312  465.240    0    0  (Gen:  0)
 25807560      4744  55460400  0.000  0.000 3253.516  465.271    0    0  (Gen:  0)
 26371696      4600  55460608  0.000  0.000 3253.766  465.303    0    0  (Gen:  0)
 22098216      6536  55462992  0.000  0.000 3254.000  465.331    0    0  (Gen:  0)
 24100896      6816  55463592  0.000  0.000 3254.250  465.359    0    0  (Gen:  0)
 22997048      4616  55461776  0.000  0.000 3254.359  465.387    0    0  (Gen:  0)
 25370096      5368  55462960  0.000  0.000 3254.594  465.417    0    0  (Gen:  0)
 28346168      5480  55463456  0.000  0.000 3254.844  465.452    0    0  (Gen:  0)
 27056520      4856  55463248  0.000  0.000 3254.984  465.485    0    0  (Gen:  0)
 24500192      7624  55466368  0.000  0.001 3255.172  465.515    0    0  (Gen:  0)
 22439936      3912  55463104  0.000  0.000 3255.297  465.542    0    0  (Gen:  0)
 29120680      4880  55464504  0.000  0.000 3255.672  465.577    0    0  (Gen:  0)
 27299632      4096  55464200  0.000  0.000 3255.875  465.608    0    0  (Gen:  0)
 23803488      4656  55465112  0.000  0.000 3256.000  465.637    0    0  (Gen:  0)
 26565744      5320  55466256  0.000  0.000 3256.219  465.669    0    0  (Gen:  0)
 28854920      4952  55466368  0.000  0.000 3256.531  465.703    0    0  (Gen:  0)
 29025288      4744  55466704  0.000  0.000 3256.641  465.736    0    0  (Gen:  0)
 24812776      5376  55467944  0.000  0.000 3256.859  465.766    0    0  (Gen:  0)
 23844560      4216  55467200  0.000  0.000 3256.984  465.793    0    0  (Gen:  0)
 23198904      4512  55467992  0.000  0.000 3257.219  465.820    0    0  (Gen:  0)
 30268544      5384  55469376  0.000  0.000 3257.391  465.856    0    0  (Gen:  0)
 22573664      4688  55469256  0.000  0.000 3257.578  465.909    0    0  (Gen:  0)
 23138432      4960  55469944  0.000  0.000 3257.688  465.935    0    0  (Gen:  0)
 23874792      4912  55470456  0.000  0.000 3257.875  465.964    0    0  (Gen:  0)
 23709208      6096  55472168  0.000  0.000 3258.000  465.992    0    0  (Gen:  0)
 25710512      4712  55471264  0.000  0.000 3258.141  466.022    0    0  (Gen:  0)
 21661768      6112  55473192  0.000  0.000 3258.312  466.048    0    0  (Gen:  0)
 24344568      4576  55472040  0.000  0.000 3258.531  466.077    0    0  (Gen:  0)
 27349512      5016  55472976  0.000  0.000 3258.750  466.110    0    0  (Gen:  0)
 26147408      5584  55474072  0.000  0.000 3259.000  466.141    0    0  (Gen:  0)
 26842224      5272  55474208  0.000  0.000 3259.234  466.173    0    0  (Gen:  0)
 19846000  48578712  55402736  0.062  0.029 3259.422  466.226    0    0  (Gen:  1)
 24042824      5792  55404392  0.000  0.000 3259.609  466.255    0    0  (Gen:  0)
 22762856      4920  55404064  0.000  0.000 3259.812  466.282    0    0  (Gen:  0)
 26526416      6768  55406392  0.000  0.000 3260.000  466.315    0    0  (Gen:  0)
 29322160      5728  55405784  0.000  0.000 3260.188  466.351    0    0  (Gen:  0)
 25611016      5528  55406064  0.000  0.000 3260.375  466.382    0    0  (Gen:  0)
 18096328      4624  55405512  0.000  0.000 3260.500  466.405    0    0  (Gen:  0)
 23028728      4632  55405968  0.000  0.000 3260.625  466.433    0    0  (Gen:  0)
 25444696      4136  55405920  0.000  0.000 3260.844  466.464    0    0  (Gen:  0)
 28431336      5672  55408000  0.000  0.000 3261.078  466.498    0    0  (Gen:  0)
 27986112      4728  55407600  0.000  0.000 3261.344  466.531    0    0  (Gen:  0)
 28330688      4624  55408040  0.000  0.000 3261.594  466.564    0    0  (Gen:  0)
 24390456      5160  55409056  0.000  0.000 3261.750  466.595    0    0  (Gen:  0)
 25064304      4600  55408944  0.000  0.000 3262.000  466.625    0    0  (Gen:  0)
 26613712      4384  55409288  0.000  0.000 3262.172  466.656    0    0  (Gen:  0)
 25402520      5208  55410656  0.000  0.000 3262.297  466.686    0    0  (Gen:  0)
 27370848      5712  55412024  0.000  0.000 3262.531  466.717    0    0  (Gen:  0)
 25594248      5536  55413032  0.000  0.000 3262.609  466.748    0    0  (Gen:  0)
 26045696      4536  55412592  0.000  0.000 3262.750  466.778    0    0  (Gen:  0)
 24641824      5936  55414504  0.000  0.000 3262.984  466.808    0    0  (Gen:  0)
 26141688      4616  55413600  0.000  0.000 3263.203  466.839    0    0  (Gen:  0)
 28260088      5944  55415440  0.000  0.000 3263.422  466.872    0    0  (Gen:  0)
 30056232      5096  55415104  0.000  0.000 3263.750  466.909    0    0  (Gen:  0)
 28296416      4200  55414784  0.000  0.000 3264.000  466.943    0    0  (Gen:  0)
 28980536      4456  55415488  0.000  0.000 3264.234  466.978    0    0  (Gen:  0)
 25812840      4392  55415872  0.000  0.000 3264.422  467.009    0    0  (Gen:  0)
 25293488      4152  55416016  0.000  0.000 3264.641  467.040    0    0  (Gen:  0)
 26048128      3888  55416136  0.000  0.000 3264.875  467.071    0    0  (Gen:  0)
 23231720      5552  55418280  0.000  0.000 3265.109  467.100    0    0  (Gen:  0)
 27270000      3976  55417120  0.000  0.000 3265.359  467.133    0    0  (Gen:  0)
 28789824      4792  55418496  0.000  0.000 3265.594  467.167    0    0  (Gen:  0)
 26658992      4960  55419464  0.000  0.000 3265.812  467.199    0    0  (Gen:  0)
 25333144      5968  55421656  0.000  0.000 3266.000  467.230    0    0  (Gen:  0)
 24497504      4880  55421048  0.000  0.000 3266.172  467.259    0    0  (Gen:  0)
 24504272      4720  55421336  0.000  0.000 3266.391  467.288    0    0  (Gen:  0)
 24453544      4920  55422000  0.000  0.000 3266.641  467.317    0    0  (Gen:  0)
 23419856      5280  55422680  0.000  0.000 3266.891  467.346    0    0  (Gen:  0)
 22579904      3920  55421704  0.000  0.000 3267.000  467.373    0    0  (Gen:  0)
 21202648      3976  55422272  0.000  0.000 3267.172  467.399    0    0  (Gen:  0)
 28327744      4720  55423448  0.000  0.000 3267.422  467.434    0    0  (Gen:  0)
 24926544      5192  55424384  0.000  0.000 3267.656  467.464    0    0  (Gen:  0)
 27225816  48513840  55337864  0.078  0.025 3267.969  467.523    0    0  (Gen:  1)
 19210448      4032  55336960  0.000  0.000 3268.078  467.569    0    0  (Gen:  0)
 23138728      5296  55339000  0.000  0.000 3268.281  467.597    0    0  (Gen:  0)
 18398016      4152  55339336  0.000  0.000 3268.391  467.622    0    0  (Gen:  0)
 26369056      5808  55341376  0.000  0.000 3268.703  467.655    0    0  (Gen:  0)
 23506728      5224  55341224  0.000  0.000 3268.828  467.683    0    0  (Gen:  0)
 23523832      5248  55341664  0.000  0.000 3269.031  467.712    0    0  (Gen:  0)
 19859560      4200  55341096  0.000  0.000 3269.156  467.737    0    0  (Gen:  0)
 22971456      4928  55342176  0.000  0.000 3269.250  467.765    0    0  (Gen:  0)
 23741520      6056  55343736  0.000  0.000 3269.375  467.794    0    0  (Gen:  0)
 22490568      5112  55343272  0.000  0.000 3269.609  467.823    0    0  (Gen:  0)
 24268840      6136  55344648  0.000  0.000 3269.828  467.852    0    0  (Gen:  0)
 24925760      4040  55343000  0.000  0.000 3270.047  467.883    0    0  (Gen:  0)
 21742680      4568  55343944  0.000  0.000 3270.234  467.910    0    0  (Gen:  0)
 18734544      5088  55344944  0.000  0.000 3270.344  467.932    0    0  (Gen:  0)
 25835168      4552  55344872  0.000  0.000 3270.547  467.965    0    0  (Gen:  0)
 23515032      4456  55345240  0.000  0.000 3270.734  467.993    0    0  (Gen:  0)
 26470912      4728  55346008  0.000  0.000 3270.859  468.025    0    0  (Gen:  0)
 23769576      4432  55346224  0.000  0.000 3271.094  468.054    0    0  (Gen:  0)
 28213104      5096  55347304  0.000  0.000 3271.344  468.088    0    0  (Gen:  0)
 26655224      5160  55347960  0.000  0.000 3271.578  468.122    0    0  (Gen:  0)
 29360048      4680  55347928  0.000  0.000 3271.859  468.158    0    0  (Gen:  0)
 26366144      5472  55349200  0.000  0.000 3272.094  468.190    0    0  (Gen:  0)
 24742096      7584  55351760  0.000  0.000 3272.203  468.220    0    0  (Gen:  0)
 26182168      5992  55383408  0.000  0.000 3272.344  468.252    0    0  (Gen:  0)
 24733576      4952  55350024  0.000  0.000 3272.531  468.282    0    0  (Gen:  0)
 29716600      5128  55350584  0.000  0.000 3272.781  468.319    0    0  (Gen:  0)
 26760984      5888  55384680  0.000  0.000 3272.922  468.352    0    0  (Gen:  0)
 27306664      4592  55383832  0.000  0.000 3273.094  468.385    0    0  (Gen:  0)
 23736512      4464  55384184  0.000  0.000 3273.281  468.414    0    0  (Gen:  0)
 26923808      4656  55384824  0.000  0.000 3273.531  468.446    0    0  (Gen:  0)
 24958768      4432  55385112  0.000  0.000 3273.750  468.475    0    0  (Gen:  0)
 21197824      4560  55385656  0.000  0.000 3273.859  468.501    0    0  (Gen:  0)
 25335672      7088  55388600  0.000  0.000 3274.000  468.531    0    0  (Gen:  0)
 24970936      4968  55386960  0.000  0.000 3274.250  468.562    0    0  (Gen:  0)
 29242096      4504  55387024  0.000  0.000 3274.484  468.596    0    0  (Gen:  0)
 26312400      4664  55387664  0.000  0.000 3274.672  468.627    0    0  (Gen:  0)
 26037496      4192  55387744  0.000  0.000 3274.922  468.660    0    0  (Gen:  0)
 26201976      4456  55388488  0.000  0.000 3275.141  468.693    0    0  (Gen:  0)
 24574000  48458664  55315456  0.078  0.026 3275.422  468.748    0    0  (Gen:  1)
 27583344      5376  55315728  0.000  0.000 3275.578  468.783    0    0  (Gen:  0)
 27265008      4712  55315608  0.000  0.000 3275.766  468.814    0    0  (Gen:  0)
 26436432      4624  55316128  0.000  0.000 3276.000  468.846    0    0  (Gen:  0)
 25046424      6280  55318376  0.000  0.000 3276.203  468.876    0    0  (Gen:  0)
 22177368      4768  55317344  0.000  0.000 3276.328  468.903    0    0  (Gen:  0)
 25455336      5128  55318184  0.000  0.000 3276.578  468.934    0    0  (Gen:  0)
 26624016      5432  55319032  0.000  0.000 3276.781  468.965    0    0  (Gen:  0)
 29853352      5432  55319672  0.000  0.000 3277.125  469.001    0    0  (Gen:  0)
 29882408      6544  55321392  0.000  0.000 3277.297  469.036    0    0  (Gen:  0)
 28873624      4704  55320224  0.000  0.000 3277.547  469.071    0    0  (Gen:  0)
 25747488      4560  55320656  0.000  0.000 3277.672  469.102    0    0  (Gen:  0)
 23286616      5032  55321736  0.000  0.000 3277.891  469.129    0    0  (Gen:  0)
 25712624      6512  55324384  0.000  0.000 3278.062  469.160    0    0  (Gen:  0)
 23747520      4504  55323176  0.000  0.000 3278.281  469.188    0    0  (Gen:  0)
 29165296      4856  55324008  0.000  0.000 3278.500  469.224    0    0  (Gen:  0)
 23392368      4408  55324072  0.000  0.000 3278.672  469.252    0    0  (Gen:  0)
 21325112      4064  55324192  0.000  0.000 3278.734  469.279    0    0  (Gen:  0)
 26961752      4376  55324920  0.000  0.000 3279.094  469.312    0    0  (Gen:  0)
 25747632      5360  55326368  0.000  0.000 3279.297  469.343    0    0  (Gen:  0)
 25367856      4144  55325568  0.000  0.006 3279.469  469.400    0    0  (Gen:  0)
 11505016      4136  55326104  0.000  0.000 3279.500  469.415    0    0  (Gen:  0)
 27834584      5176  55327640  0.000  0.000 3279.750  469.450    0    0  (Gen:  0)
 22382696      5576  55329328  0.000  0.000 3279.922  469.478    0    0  (Gen:  0)
 22246160      4528  55328696  0.000  0.000 3280.109  469.505    0    0  (Gen:  0)
 27746296      6288  55330984  0.000  0.000 3280.250  469.540    0    0  (Gen:  0)
 28818688      4920  55330112  0.000  0.000 3280.500  469.575    0    0  (Gen:  0)
 28431192      5648  55331320  0.000  0.000 3280.828  469.610    0    0  (Gen:  0)
 27171968      4808  55330960  0.000  0.000 3281.062  469.642    0    0  (Gen:  0)
 28091200      5216  55364576  0.000  0.000 3281.266  469.676    0    0  (Gen:  0)
 21451760      5576  55332624  0.016  0.000 3281.391  469.702    0    0  (Gen:  0)
 23379648      4920  55332448  0.000  0.000 3281.500  469.730    0    0  (Gen:  0)
 27789984      8064  55368928  0.000  0.000 3281.797  469.764    0    0  (Gen:  0)
 23932944      5104  55333688  0.000  0.000 3281.906  469.793    0    0  (Gen:  0)
 23997592      5160  55367608  0.000  0.000 3282.062  469.822    0    0  (Gen:  0)
 26220520      4696  55368016  0.000  0.000 3282.297  469.853    0    0  (Gen:  0)
 17343056  48400392  55289944  0.031  0.032 3282.578  469.905    0    0  (Gen:  1)
 26710360      4864  55290176  0.000  0.000 3282.828  469.937    0    0  (Gen:  0)
 28232336      4440  55290248  0.000  0.000 3283.062  469.970    0    0  (Gen:  0)
 24539440      4976  55291264  0.000  0.000 3283.156  470.000    0    0  (Gen:  0)
 26540088      4680  55291416  0.000  0.000 3283.359  470.031    0    0  (Gen:  0)
 23236272      4592  55291856  0.000  0.000 3283.469  470.059    0    0  (Gen:  0)
 25617016      5192  55292936  0.000  0.000 3283.656  470.090    0    0  (Gen:  0)
 25977568      5000  55293208  0.000  0.000 3283.891  470.121    0    0  (Gen:  0)
 24444176      4448  55293104  0.000  0.000 3284.141  470.150    0    0  (Gen:  0)
 27552960      4256  55293328  0.000  0.000 3284.391  470.183    0    0  (Gen:  0)
 24936896      4344  55293896  0.000  0.000 3284.609  470.213    0    0  (Gen:  0)
 25888656      4496  55294536  0.000  0.000 3284.812  470.244    0    0  (Gen:  0)
 22844600      4000  55294456  0.000  0.000 3285.000  470.273    0    0  (Gen:  0)
 21467032      4904  55295808  0.000  0.000 3285.219  470.299    0    0  (Gen:  0)
 24451168      4880  55296248  0.000  0.000 3285.453  470.327    0    0  (Gen:  0)
 25709480      4000  55296296  0.000  0.000 3285.500  470.357    0    0  (Gen:  0)
 24645504      4336  55297592  0.000  0.000 3285.609  470.387    0    0  (Gen:  0)
 24349608      3864  55297568  0.000  0.000 3285.766  470.417    0    0  (Gen:  0)
 23170312      5168  55332112  0.000  0.000 3285.953  470.446    0    0  (Gen:  0)
 21694048      4296  55331624  0.000  0.000 3286.125  470.472    0    0  (Gen:  0)
 27647776      4632  55332440  0.000  0.000 3286.281  470.504    0    0  (Gen:  0)
 23894520      4072  55332392  0.000  0.000 3286.453  470.533    0    0  (Gen:  0)
 26694680      4736  55333440  0.000  0.000 3286.703  470.565    0    0  (Gen:  0)
 19307264      6016  55335392  0.000  0.000 3286.812  470.587    0    0  (Gen:  0)
 21488288      3704  55334328  0.000  0.000 3287.031  470.615    0    0  (Gen:  0)
 24935936      4832  55336016  0.000  0.000 3287.281  470.646    0    0  (Gen:  0)
 29412512      4024  55335696  0.000  0.000 3287.516  470.682    0    0  (Gen:  0)
 25329224      4488  55336736  0.000  0.000 3287.719  470.714    0    0  (Gen:  0)
 26264544      4856  55337520  0.000  0.000 3287.844  470.746    0    0  (Gen:  0)
 25125720      5160  55338336  0.000  0.000 3288.016  470.776    0    0  (Gen:  0)
 24535704      4408  55338096  0.000  0.000 3288.250  470.806    0    0  (Gen:  0)
 25131736      5416  55339552  0.000  0.000 3288.469  470.837    0    0  (Gen:  0)
 27720320      3992  55338640  0.000  0.000 3288.641  470.870    0    0  (Gen:  0)
 28734536      4152  55339344  0.000  0.000 3288.938  470.905    0    0  (Gen:  0)
 27969992      4200  55339904  0.000  0.000 3289.156  470.939    0    0  (Gen:  0)
 25216544      4344  55340624  0.000  0.000 3289.375  470.969    0    0  (Gen:  0)
 18142984      4688  55341480  0.000  0.000 3289.469  471.025    0    0  (Gen:  0)
 27725456      4576  55341656  0.000  0.000 3289.719  471.059    0    0  (Gen:  0)
 21471720      4568  55342160  0.000  0.000 3289.922  471.085    0    0  (Gen:  0)
 24640616      5512  55343584  0.000  0.000 3290.141  471.116    0    0  (Gen:  0)
 27149360      4408  55342976  0.000  0.000 3290.375  471.149    0    0  (Gen:  0)
 22111464      3976  55343120  0.000  0.000 3290.562  471.176    0    0  (Gen:  0)
 24055216      4744  55344400  0.000  0.000 3290.766  471.205    0    0  (Gen:  0)
 21279160      4112  55344216  0.000  0.000 3290.828  471.231    0    0  (Gen:  0)
 25338424  48327288  55249616  0.109  0.025 3291.062  471.287    0    0  (Gen:  1)
 23708744      4064  55249672  0.000  0.000 3291.312  471.317    0    0  (Gen:  0)
 23791008      5456  55251512  0.000  0.000 3291.453  471.347    0    0  (Gen:  0)
 25420480      5032  55284280  0.000  0.000 3291.656  471.379    0    0  (Gen:  0)
 27442328      4384  55251320  0.000  0.000 3291.906  471.412    0    0  (Gen:  0)
 22987368      5384  55252704  0.000  0.000 3292.156  471.440    0    0  (Gen:  0)
 25257576      5440  55286000  0.000  0.000 3292.375  471.472    0    0  (Gen:  0)
 26757208      5112  55286200  0.000  0.000 3292.516  471.505    0    0  (Gen:  0)
 23261576      4496  55286032  0.000  0.000 3292.625  471.534    0    0  (Gen:  0)
 23772552      4552  55286504  0.000  0.000 3292.797  471.563    0    0  (Gen:  0)
 27501136      4776  55287144  0.000  0.000 3293.016  471.598    0    0  (Gen:  0)
 25543096      5368  55288232  0.000  0.000 3293.203  471.629    0    0  (Gen:  0)
 23859544      4992  55288320  0.000  0.000 3293.406  471.656    0    0  (Gen:  0)
 22720744      5728  55289984  0.000  0.000 3293.469  471.682    0    0  (Gen:  0)
 29159376      6288  55291440  0.000  0.000 3293.781  471.718    0    0  (Gen:  0)
 25759712      4264  55289896  0.000  0.000 3293.906  471.751    0    0  (Gen:  0)
 27326400      4696  55290744  0.000  0.000 3294.141  471.784    0    0  (Gen:  0)
 24015712      5136  55291632  0.000  0.000 3294.359  471.815    0    0  (Gen:  0)
 22782336      6112  55293064  0.000  0.000 3294.484  471.842    0    0  (Gen:  0)
 27765376      4736  55292104  0.000  0.000 3294.719  471.876    0    0  (Gen:  0)
 29429384      6096  55293912  0.000  0.000 3294.969  471.912    0    0  (Gen:  0)
 21229712      5488  55293752  0.000  0.000 3295.172  471.937    0    0  (Gen:  0)
 23860536      4152  55293760  0.000  0.000 3295.234  471.966    0    0  (Gen:  0)
 22965912      4536  55294800  0.000  0.000 3295.375  471.994    0    0  (Gen:  0)
 26916336      5488  55296088  0.000  0.000 3295.562  472.027    0    0  (Gen:  0)
 29667832      4224  55295272  0.000  0.000 3295.938  472.063    0    0  (Gen:  0)
 23534368      5840  55297448  0.000  0.000 3296.031  472.091    0    0  (Gen:  0)
 22664072      5680  55297768  0.000  0.000 3296.250  472.118    0    0  (Gen:  0)
 24100568      5080  55297600  0.000  0.000 3296.484  472.147    0    0  (Gen:  0)
 27896520      5472  55298456  0.000  0.000 3296.734  472.180    0    0  (Gen:  0)
 26688736      6272  55299784  0.000  0.000 3296.984  472.212    0    0  (Gen:  0)
 25504432      5640  55299568  0.000  0.000 3297.188  472.242    0    0  (Gen:  0)
 26934920      6112  55300440  0.000  0.001 3297.297  472.275    0    0  (Gen:  0)
 25590952      4664  55299440  0.000  0.000 3297.531  472.306    0    0  (Gen:  0)
 26318248      4888  55300112  0.000  0.000 3297.750  472.335    0    0  (Gen:  0)
 25016120      5568  55302184  0.000  0.000 3297.969  472.365    0    0  (Gen:  0)
 27466704      4464  55301592  0.000  0.000 3298.203  472.398    0    0  (Gen:  0)
 28269920      4448  55302168  0.000  0.000 3298.438  472.433    0    0  (Gen:  0)
 26109024  48268104  55223200  0.125  0.027 3298.781  472.491    0    0  (Gen:  1)
 28825776      4528  55222728  0.000  0.000 3298.922  472.526    0    0  (Gen:  0)
 22451632      5040  55223624  0.000  0.000 3299.172  472.553    0    0  (Gen:  0)
 29387944      4976  55223944  0.000  0.000 3299.422  472.588    0    0  (Gen:  0)
 26880232      4384  55223832  0.000  0.000 3299.656  472.620    0    0  (Gen:  0)
 25614656      4176  55224040  0.000  0.000 3299.906  472.651    0    0  (Gen:  0)
 21461416      4224  55224504  0.000  0.001 3300.125  472.677    0    0  (Gen:  0)
 24273088      3656  55224320  0.000  0.000 3300.172  472.717    0    0  (Gen:  0)
 24627456      4616  55225728  0.000  0.000 3300.297  472.746    0    0  (Gen:  0)
 18210544      5640  55227152  0.000  0.000 3300.469  472.768    0    0  (Gen:  0)
 25230336      4832  55226792  0.000  0.000 3300.719  472.798    0    0  (Gen:  0)
 21329896      6184  55228576  0.000  0.000 3300.828  472.823    0    0  (Gen:  0)
 19191736      4592  55227368  0.000  0.000 3300.969  472.848    0    0  (Gen:  0)
 24200512      5464  55228624  0.000  0.000 3301.156  472.877    0    0  (Gen:  0)
 28963032      5280  55228840  0.000  0.000 3301.406  472.912    0    0  (Gen:  0)
 25420016      5104  55229112  0.000  0.000 3301.656  472.942    0    0  (Gen:  0)
 25706760      4768  55229256  0.000  0.000 3301.906  472.973    0    0  (Gen:  0)
 23535376      4760  55229664  0.000  0.000 3302.062  473.001    0    0  (Gen:  0)
 25964952      6624  55231912  0.000  0.000 3302.266  473.032    0    0  (Gen:  0)
 21862912      4144  55229848  0.000  0.000 3302.328  473.058    0    0  (Gen:  0)
 27242624      5392  55231496  0.000  0.000 3302.578  473.091    0    0  (Gen:  0)
 26223656      6536  55233056  0.000  0.000 3302.812  473.122    0    0  (Gen:  0)
 28677912      6112  55233016  0.000  0.000 3303.188  473.156    0    0  (Gen:  0)
 27651992      5720  55233136  0.000  0.000 3303.406  473.188    0    0  (Gen:  0)
 26331048      4840  55232608  0.000  0.000 3303.625  473.219    0    0  (Gen:  0)
 26444520      5088  55233240  0.000  0.000 3303.797  473.252    0    0  (Gen:  0)
 20788696      5976  55234992  0.000  0.000 3303.859  473.275    0    0  (Gen:  0)
 22627472      5824  55235840  0.000  0.000 3304.078  473.302    0    0  (Gen:  0)
 25677880      5632  55236032  0.000  0.000 3304.266  473.333    0    0  (Gen:  0)
 20738032      4712  55235464  0.000  0.000 3304.453  473.359    0    0  (Gen:  0)
 26154112      5200  55236272  0.000  0.000 3304.672  473.390    0    0  (Gen:  0)
 26902032      4912  55236432  0.000  0.000 3304.906  473.424    0    0  (Gen:  0)
 21935456      4960  55236832  0.000  0.000 3305.000  473.450    0    0  (Gen:  0)
 27917440      5184  55237536  0.000  0.000 3305.250  473.483    0    0  (Gen:  0)
 26903920      5000  55237896  0.000  0.000 3305.438  473.516    0    0  (Gen:  0)
 24804048      5872  55239216  0.000  0.000 3305.688  473.546    0    0  (Gen:  0)
 27929400      5008  55238768  0.000  0.000 3305.891  473.579    0    0  (Gen:  0)
 21905144      6496  55240672  0.000  0.000 3305.969  473.606    0    0  (Gen:  0)
 23817264      5656  55240216  0.000  0.000 3306.156  473.634    0    0  (Gen:  0)
 24680768      7192  55242248  0.000  0.000 3306.406  473.664    0    0  (Gen:  0)
 26902080      5080  55240568  0.000  0.000 3306.656  473.696    0    0  (Gen:  0)
 28973088      4528  55240496  0.000  0.000 3306.906  473.731    0    0  (Gen:  0)
 26285760  48213832  55168928  0.078  0.025 3307.125  473.788    0    0  (Gen:  1)
 28096576      5608  55169824  0.000  0.000 3307.375  473.822    0    0  (Gen:  0)
 23907472      5928  55170592  0.000  0.000 3307.609  473.851    0    0  (Gen:  0)
 23710240      5432  55170512  0.000  0.000 3307.812  473.880    0    0  (Gen:  0)
 23246376      4376  55169840  0.000  0.000 3308.062  473.906    0    0  (Gen:  0)
 24754600      5480  55171328  0.000  0.000 3308.312  473.936    0    0  (Gen:  0)
 27010944      5664  55171928  0.000  0.000 3308.562  473.967    0    0  (Gen:  0)
 27521048      4888  55171600  0.000  0.000 3308.703  474.000    0    0  (Gen:  0)
 26309184      7472  55174696  0.000  0.000 3308.797  474.033    0    0  (Gen:  0)
 20660184      4712  55172432  0.000  0.000 3308.891  474.057    0    0  (Gen:  0)
 26011912      6016  55174152  0.000  0.000 3309.109  474.088    0    0  (Gen:  0)
 25174096      5456  55174120  0.000  0.000 3309.344  474.118    0    0  (Gen:  0)
 25269440      4784  55173864  0.000  0.000 3309.594  474.148    0    0  (Gen:  0)
 25714424      5120  55174680  0.000  0.000 3309.828  474.179    0    0  (Gen:  0)
 25260368      5128  55175072  0.000  0.000 3310.078  474.209    0    0  (Gen:  0)
 29514960      4920  55175248  0.000  0.000 3310.266  474.244    0    0  (Gen:  0)
 23723392      5032  55175872  0.000  0.001 3310.391  474.277    0    0  (Gen:  0)
 12933160      7632  55178952  0.000  0.000 3310.484  474.306    0    0  (Gen:  0)
 19083280      5008  55177544  0.000  0.000 3310.656  474.327    0    0  (Gen:  0)
 21979192      4736  55178288  0.000  0.000 3310.734  474.356    0    0  (Gen:  0)
 19956760      4576  55178528  0.000  0.000 3310.891  474.381    0    0  (Gen:  0)
 26567472      5920  55180352  0.000  0.000 3311.094  474.414    0    0  (Gen:  0)
 23919560      4600  55179624  0.000  0.000 3311.312  474.442    0    0  (Gen:  0)
 24857912      4704  55180160  0.000  0.000 3311.547  474.472    0    0  (Gen:  0)
 24124880      5016  55180824  0.000  0.000 3311.688  474.501    0    0  (Gen:  0)
 25713680      5152  55181408  0.000  0.000 3311.891  474.532    0    0  (Gen:  0)
 26322504      5032  55181704  0.000  0.000 3312.141  474.564    0    0  (Gen:  0)
 24818312      6048  55183104  0.000  0.000 3312.297  474.594    0    0  (Gen:  0)
 28221560      5400  55182936  0.000  0.000 3312.531  474.628    0    0  (Gen:  0)
 25659248      5944  55184056  0.000  0.000 3312.766  474.659    0    0  (Gen:  0)
 26642384      5008  55183536  0.000  0.000 3313.016  474.691    0    0  (Gen:  0)
 24421288      5320  55184264  0.000  0.000 3313.234  474.720    0    0  (Gen:  0)
 24970024      5520  55184880  0.000  0.000 3313.406  474.750    0    0  (Gen:  0)
 24075080      5440  55185248  0.000  0.000 3313.547  474.780    0    0  (Gen:  0)
 26470736      5352  55185576  0.000  0.000 3313.797  474.812    0    0  (Gen:  0)
 23898408      5216  55185856  0.000  0.000 3313.875  474.839    0    0  (Gen:  0)
 23816648      5720  55187480  0.000  0.000 3314.094  474.867    0    0  (Gen:  0)
 26196184      5168  55187872  0.000  0.000 3314.234  474.900    0    0  (Gen:  0)
 25785752      5216  55188560  0.000  0.000 3314.469  474.931    0    0  (Gen:  0)
 25344808      4688  55188448  0.000  0.000 3314.594  474.963    0    0  (Gen:  0)
 24321160      5160  55189336  0.000  0.000 3314.781  474.992    0    0  (Gen:  0)
 26772128  48156096  55111192  0.141  0.025 3315.078  475.049    0    0  (Gen:  1)
 26248400      3888  55110072  0.000  0.000 3315.328  475.081    0    0  (Gen:  0)
 27650304      5248  55111944  0.000  0.000 3315.547  475.115    0    0  (Gen:  0)
 22443736      4360  55111504  0.000  0.000 3315.781  475.143    0    0  (Gen:  0)
 22598424      4568  55112224  0.000  0.000 3315.906  475.170    0    0  (Gen:  0)
 23830944      5648  55113720  0.000  0.000 3316.109  475.198    0    0  (Gen:  0)
 26878872      4232  55112784  0.000  0.000 3316.312  475.231    0    0  (Gen:  0)
 26290352      4560  55113592  0.000  0.000 3316.453  475.263    0    0  (Gen:  0)
 27693840      4240  55113720  0.000  0.000 3316.812  475.296    0    0  (Gen:  0)
 26932240      4384  55114344  0.000  0.000 3317.016  475.329    0    0  (Gen:  0)
 29702408      5376  55115784  0.000  0.000 3317.250  475.365    0    0  (Gen:  0)
 27654712      5256  55116176  0.000  0.000 3317.484  475.398    0    0  (Gen:  0)
 25015688      4136  55115600  0.000  0.000 3317.734  475.427    0    0  (Gen:  0)
 26503808      4864  55116840  0.000  0.000 3317.984  475.458    0    0  (Gen:  0)
 28730728      4864  55117352  0.000  0.000 3318.188  475.491    0    0  (Gen:  0)
 24505056      4880  55117944  0.000  0.000 3318.375  475.519    0    0  (Gen:  0)
 27768600      5608  55119184  0.000  0.000 3318.625  475.551    0    0  (Gen:  0)
 27412648      4696  55118816  0.000  0.000 3318.875  475.583    0    0  (Gen:  0)
 25606544      4896  55119496  0.000  0.000 3319.125  475.614    0    0  (Gen:  0)
 23626456      5632  55120712  0.000  0.000 3319.375  475.641    0    0  (Gen:  0)
 27259256      6176  55121800  0.000  0.000 3319.562  475.673    0    0  (Gen:  0)
 28550096      5248  55121416  0.000  0.000 3319.812  475.707    0    0  (Gen:  0)
 23528112      5200  55121816  0.000  0.000 3319.906  475.736    0    0  (Gen:  0)
 25258616      4480  55121656  0.000  0.000 3320.016  475.766    0    0  (Gen:  0)
  9359288      6336  55124024  0.000  0.001 3320.016  475.840    0    0  (Gen:  0)
 17969896      7328  55126216  0.000  0.001 3320.141  475.874    0    0  (Gen:  0)
 20924568      4608  55125536  0.000  0.000 3320.266  475.902    0    0  (Gen:  0)
 19122336      5616  55126960  0.000  0.003 3320.453  475.937    0    0  (Gen:  0)
 15613664      3936  55125744  0.000  0.000 3320.500  475.967    0    0  (Gen:  0)
 25298544      5344  55128032  0.000  0.000 3320.641  475.996    0    0  (Gen:  0)
 21653408      4168  55128168  0.000  0.000 3320.828  476.025    0    0  (Gen:  0)
 19187568      4280  55129048  0.000  0.000 3321.016  476.048    0    0  (Gen:  0)
 23793112      4384  55130216  0.000  0.000 3321.219  476.078    0    0  (Gen:  0)
 22818904      5024  55131272  0.000  0.000 3321.328  476.106    0    0  (Gen:  0)
 27323664      4344  55131104  0.000  0.000 3321.594  476.139    0    0  (Gen:  0)
 21032856      7272  55134736  0.000  0.000 3321.656  476.165    0    0  (Gen:  0)
 21086448      4032  55131912  0.000  0.000 3321.828  476.191    0    0  (Gen:  0)
 25790776      4872  55133232  0.000  0.000 3322.047  476.222    0    0  (Gen:  0)
 26997040      4408  55133312  0.000  0.000 3322.172  476.255    0    0  (Gen:  0)
 26749048      6128  55168384  0.000  0.000 3322.375  476.288    0    0  (Gen:  0)
 25177848      7112  55169912  0.000  0.000 3322.578  476.317    0    0  (Gen:  0)
 24040120      4992  55200936  0.000  0.000 3322.750  476.345    0    0  (Gen:  0)
 26297224      6456  55203232  0.000  0.000 3322.922  476.376    0    0  (Gen:  0)
 27755088      5456  55203264  0.000  0.000 3323.156  476.409    0    0  (Gen:  0)
 24820536  48090560  55111176  0.016  0.028 3323.359  476.466    0    0  (Gen:  1)
 28573440      5808  55113352  0.000  0.000 3323.641  476.499    0    0  (Gen:  0)
 24250640      5312  55113400  0.000  0.000 3323.688  476.529    0    0  (Gen:  0)
 22065296      6568  55115104  0.000  0.000 3323.906  476.555    0    0  (Gen:  0)
 25514824      4832  55113880  0.000  0.000 3324.141  476.586    0    0  (Gen:  0)
 28491112      4656  55114224  0.000  0.000 3324.391  476.620    0    0  (Gen:  0)
 25779944      5808  55115912  0.000  0.000 3324.609  476.651    0    0  (Gen:  0)
 25586744      6000  55116584  0.000  0.000 3324.844  476.681    0    0  (Gen:  0)
 25571512      5072  55116104  0.000  0.000 3325.094  476.712    0    0  (Gen:  0)
 22442696      5536  55117176  0.000  0.000 3325.281  476.740    0    0  (Gen:  0)
 26171720      5960  55118048  0.000  0.000 3325.453  476.771    0    0  (Gen:  0)
 28037512      5040  55117720  0.000  0.000 3325.703  476.805    0    0  (Gen:  0)
 27054152      4776  55118000  0.000  0.000 3325.938  476.836    0    0  (Gen:  0)
 22092168      5200  55119512  0.000  0.000 3326.109  476.861    0    0  (Gen:  0)
 23349704      4032  55119208  0.000  0.000 3326.297  476.890    0    0  (Gen:  0)
 26940112      5448  55121136  0.000  0.000 3326.438  476.922    0    0  (Gen:  0)
 25432864      4672  55121016  0.000  0.000 3326.609  476.952    0    0  (Gen:  0)
 24896264      6000  55122888  0.000  0.000 3326.828  476.983    0    0  (Gen:  0)
 25812624      4712  55122080  0.000  0.000 3326.953  477.015    0    0  (Gen:  0)
 27123976      4432  55122312  0.000  0.000 3327.203  477.047    0    0  (Gen:  0)
 28840184      5568  55123992  0.000  0.000 3327.453  477.082    0    0  (Gen:  0)
 20768416      4736  55123736  0.000  0.000 3327.562  477.106    0    0  (Gen:  0)
 23253440      5120  55124696  0.000  0.000 3327.766  477.134    0    0  (Gen:  0)
 24979584      4456  55124704  0.000  0.000 3328.000  477.164    0    0  (Gen:  0)
 23943392      4584  55125344  0.000  0.000 3328.250  477.193    0    0  (Gen:  0)
 24456200      4472  55125904  0.000  0.000 3328.484  477.221    0    0  (Gen:  0)
 28807096      4512  55126552  0.000  0.000 3328.641  477.255    0    0  (Gen:  0)
 23244568      4696  55127408  0.000  0.000 3328.859  477.283    0    0  (Gen:  0)
 25311632      4576  55127768  0.000  0.000 3329.094  477.314    0    0  (Gen:  0)
 22686688      5656  55129392  0.000  0.000 3329.219  477.340    0    0  (Gen:  0)
 19976296      4584  55129664  0.000  0.000 3329.422  477.364    0    0  (Gen:  0)
 28526904      4336  55129960  0.000  0.000 3329.656  477.398    0    0  (Gen:  0)
 24907696      4728  55130864  0.000  0.000 3329.828  477.430    0    0  (Gen:  0)
 28642672      4112  55130728  0.000  0.000 3330.078  477.466    0    0  (Gen:  0)
 29921872      4088  55131280  0.000  0.000 3330.344  477.504    0    0  (Gen:  0)
 28979648      5480  55133184  0.000  0.000 3330.484  477.541    0    0  (Gen:  0)
 21437488      4728  55133040  0.000  0.000 3330.688  477.567    0    0  (Gen:  0)
 25715872      4080  55132840  0.000  0.000 3330.922  477.598    0    0  (Gen:  0)
 23891120      4120  55133456  0.000  0.000 3331.078  477.628    0    0  (Gen:  0)
 25770416      6144  55135864  0.000  0.000 3331.328  477.659    0    0  (Gen:  0)
 25886848      4216  55134384  0.000  0.000 3331.562  477.691    0    0  (Gen:  0)
 28140968      4560  55135112  0.000  0.000 3331.750  477.727    0    0  (Gen:  0)
 24747832      5472  55136504  0.000  0.000 3331.922  477.785    0    0  (Gen:  0)
 22799048      4184  55135696  0.000  0.000 3332.125  477.815    0    0  (Gen:  0)
 14585176      3632  55135680  0.000  0.000 3332.172  477.836    0    0  (Gen:  0)
 27271008      6016  55138728  0.000  0.000 3332.422  477.869    0    0  (Gen:  0)
 26741224      4624  55138496  0.000  0.000 3332.594  477.903    0    0  (Gen:  0)
 26401056      4776  55139096  0.000  0.000 3332.812  477.935    0    0  (Gen:  0)
 24953208  48006432  55027064  0.141  0.026 3333.156  477.990    0    0  (Gen:  1)
 22188800      6048  55028416  0.000  0.000 3333.297  478.015    0    0  (Gen:  0)
 25785320      4384  55028320  0.000  0.000 3333.547  478.047    0    0  (Gen:  0)
 26837104      3672  55028408  0.000  0.000 3333.781  478.080    0    0  (Gen:  0)
 25589616      3728  55028944  0.000  0.000 3333.953  478.112    0    0  (Gen:  0)
 24808616      4848  55030544  0.000  0.000 3334.172  478.144    0    0  (Gen:  0)
 29151624      4336  55030448  0.000  0.000 3334.406  478.180    0    0  (Gen:  0)
 24966784      4720  55031248  0.000  0.000 3334.656  478.212    0    0  (Gen:  0)
 28863184      4152  55031096  0.000  0.000 3334.906  478.249    0    0  (Gen:  0)
 22641752      5544  55032968  0.000  0.000 3334.938  478.277    0    0  (Gen:  0)
 26812904      5472  55033312  0.000  0.000 3335.219  478.312    0    0  (Gen:  0)
 26987928      4056  55032360  0.000  0.000 3335.422  478.345    0    0  (Gen:  0)
 26579272      4088  55032840  0.000  0.000 3335.625  478.378    0    0  (Gen:  0)
 29196248      4816  55033952  0.000  0.000 3335.859  478.414    0    0  (Gen:  0)
 26859840      4008  55033720  0.000  0.000 3336.094  478.448    0    0  (Gen:  0)
 22162944      5464  55035664  0.000  0.000 3336.312  478.476    0    0  (Gen:  0)
 25639552      5960  55037008  0.000  0.000 3336.484  478.508    0    0  (Gen:  0)
 26642008      5760  55037936  0.000  0.000 3336.719  478.541    0    0  (Gen:  0)
 25832128      4288  55036848  0.000  0.000 3336.969  478.573    0    0  (Gen:  0)
 26986352      4376  55037352  0.000  0.000 3337.297  478.608    0    0  (Gen:  0)
 25518360      4544  55038000  0.000  0.000 3337.484  478.641    0    0  (Gen:  0)
 24176408      4424  55038328  0.000  0.000 3337.594  478.670    0    0  (Gen:  0)
 27682872      5376  55039760  0.000  0.000 3337.906  478.704    0    0  (Gen:  0)
 24137568      4056  55038888  0.000  0.000 3338.094  478.734    0    0  (Gen:  0)
 26464880      6600  55041944  0.000  0.000 3338.203  478.768    0    0  (Gen:  0)
 25789880      4104  55039864  0.000  0.000 3338.422  478.800    0    0  (Gen:  0)
 26830576      4776  55041016  0.000  0.000 3338.641  478.834    0    0  (Gen:  0)
 26712536      4944  55041696  0.000  0.000 3338.875  478.867    0    0  (Gen:  0)
 25780056      4792  55042168  0.000  0.000 3339.125  478.899    0    0  (Gen:  0)
 25365056      4760  55042552  0.000  0.000 3339.266  478.931    0    0  (Gen:  0)
 21667920      4296  55042680  0.000  0.000 3339.500  478.957    0    0  (Gen:  0)
 23764120      4336  55043136  0.000  0.000 3339.609  478.987    0    0  (Gen:  0)
 23872240      5048  55044264  0.000  0.000 3339.750  479.017    0    0  (Gen:  0)
 24683568      4264  55043960  0.000  0.000 3340.000  479.047    0    0  (Gen:  0)
 27906312      6088  55046312  0.000  0.000 3340.250  479.081    0    0  (Gen:  0)
 22343624      4080  55044816  0.000  0.000 3340.500  479.108    0    0  (Gen:  0)
 27707992      4752  55045936  0.000  0.000 3340.734  479.143    0    0  (Gen:  0)
 28170504      4376  55046120  0.000  0.000 3340.969  479.177    0    0  (Gen:  0)
 23317120  47945832  54966464  0.016  0.024 3341.172  479.229    0    0  (Gen:  1)
 26591672      4616  54967152  0.000  0.000 3341.375  479.262    0    0  (Gen:  0)
 23707984      3488  54966552  0.000  0.000 3341.594  479.291    0    0  (Gen:  0)
 24187568      4920  54968400  0.000  0.000 3341.766  479.321    0    0  (Gen:  0)
 18335840      4464  54968424  0.000  0.001 3341.953  479.343    0    0  (Gen:  0)
 22296584      6000  54970648  0.000  0.000 3342.047  479.384    0    0  (Gen:  0)
 24192920      4032  54969648  0.000  0.000 3342.281  479.415    0    0  (Gen:  0)
 20442872      6704  54972736  0.000  0.000 3342.484  479.442    0    0  (Gen:  0)
 23293200      4016  54970400  0.000  0.000 3342.734  479.471    0    0  (Gen:  0)
 21521816      5120  54971968  0.000  0.000 3342.812  479.498    0    0  (Gen:  0)
 22148184      4704  54972000  0.000  0.000 3342.953  479.527    0    0  (Gen:  0)
 22475736      5016  54972744  0.000  0.000 3343.188  479.554    0    0  (Gen:  0)
 26982776      5008  54973216  0.000  0.000 3343.422  479.587    0    0  (Gen:  0)
 24500568      5824  54974544  0.000  0.000 3343.641  479.616    0    0  (Gen:  0)
 26727728      5656  54974872  0.000  0.000 3343.859  479.649    0    0  (Gen:  0)
 24150496      4544  54974208  0.000  0.000 3344.062  479.678    0    0  (Gen:  0)
 24189296      5120  54975200  0.000  0.000 3344.297  479.707    0    0  (Gen:  0)
 26988824      4304  54974912  0.000  0.000 3344.406  479.740    0    0  (Gen:  0)
 27939784      4656  54975744  0.000  0.000 3344.594  479.774    0    0  (Gen:  0)
 27257944      4016  54975632  0.000  0.000 3344.844  479.807    0    0  (Gen:  0)
 26863352      4832  54976800  0.000  0.000 3345.094  479.841    0    0  (Gen:  0)
 25862008      4360  54976776  0.000  0.000 3345.297  479.873    0    0  (Gen:  0)
 21853576      4528  54977392  0.000  0.000 3345.484  479.899    0    0  (Gen:  0)
 23310248      6112  54979584  0.000  0.000 3345.703  479.927    0    0  (Gen:  0)
 27504512      6192  54980536  0.000  0.000 3345.953  479.961    0    0  (Gen:  0)
 29286440      6008  54980768  0.000  0.000 3346.109  479.995    0    0  (Gen:  0)
 28179696      4760  54980480  0.000  0.000 3346.328  480.027    0    0  (Gen:  0)
 27439224      5064  54981808  0.000  0.000 3346.578  480.060    0    0  (Gen:  0)
 24282992      6440  54983712  0.000  0.000 3346.781  480.090    0    0  (Gen:  0)
 24782400      6576  54984296  0.000  0.000 3347.000  480.119    0    0  (Gen:  0)
 28452944      6120  54984336  0.000  0.000 3347.234  480.154    0    0  (Gen:  0)
 24174952      4640  54983352  0.000  0.000 3347.438  480.182    0    0  (Gen:  0)
 26232288      5400  54984496  0.000  0.000 3347.688  480.214    0    0  (Gen:  0)
 27006680      6480  54986088  0.000  0.000 3347.859  480.247    0    0  (Gen:  0)
 21075712      4656  54984728  0.000  0.000 3347.984  480.272    0    0  (Gen:  0)
 22501200      4080  54984504  0.000  0.000 3348.219  480.299    0    0  (Gen:  0)
 25639080      6776  54987616  0.000  0.000 3348.469  480.329    0    0  (Gen:  0)
 27586440      5280  54986552  0.000  0.000 3348.703  480.362    0    0  (Gen:  0)
 24566528      6480  54988264  0.000  0.000 3348.906  480.390    0    0  (Gen:  0)
 26549632      6640  54988888  0.000  0.000 3349.125  480.421    0    0  (Gen:  0)
 26347744  47891064  54911696  0.016  0.024 3349.391  480.477    0    0  (Gen:  1)
 25838760      4528  54910832  0.000  0.000 3349.531  480.508    0    0  (Gen:  0)
 25950560      4744  54911432  0.000  0.000 3349.734  480.539    0    0  (Gen:  0)
 24864984      5496  54912600  0.000  0.000 3349.953  480.568    0    0  (Gen:  0)
 25558160      5120  54912672  0.000  0.000 3350.156  480.598    0    0  (Gen:  0)
 26737704      4240  54912288  0.000  0.000 3350.359  480.631    0    0  (Gen:  0)
 19521888      7088  54915648  0.000  0.000 3350.469  480.653    0    0  (Gen:  0)
 29070096      5368  54914920  0.000  0.000 3350.812  480.687    0    0  (Gen:  0)
 25971928      4672  54915312  0.000  0.000 3351.000  480.718    0    0  (Gen:  0)
 27944784      4464  54915584  0.000  0.000 3351.156  480.752    0    0  (Gen:  0)
 17465400      4160  54915728  0.000  0.000 3351.188  480.775    0    0  (Gen:  0)
 26057880      5136  54917152  0.000  0.000 3351.438  480.806    0    0  (Gen:  0)
 28508592      4112  54916752  0.000  0.000 3351.609  480.841    0    0  (Gen:  0)
 25847528      5016  54918072  0.000  0.000 3351.828  480.873    0    0  (Gen:  0)
 27267744      4432  54917968  0.000  0.000 3352.094  480.906    0    0  (Gen:  0)
 24646456      5656  54919704  0.000  0.000 3352.312  480.936    0    0  (Gen:  0)
 16020264      4800  54919296  0.000  0.013 3352.375  480.976    0    0  (Gen:  0)
 18630752      4984  54919912  0.000  0.000 3352.531  481.001    0    0  (Gen:  0)
 25015624      4248  54919544  0.000  0.000 3352.719  481.030    0    0  (Gen:  0)
 18613864      5128  54920896  0.000  0.000 3352.812  481.054    0    0  (Gen:  0)
 23612320      5016  54921432  0.000  0.000 3353.031  481.083    0    0  (Gen:  0)
 24714048      4448  54921648  0.000  0.000 3353.266  481.114    0    0  (Gen:  0)
 18576024      4776  54922392  0.000  0.000 3353.344  481.138    0    0  (Gen:  0)
 23129816      5224  54923128  0.000  0.000 3353.484  481.165    0    0  (Gen:  0)
 22598440      5080  54924424  0.000  0.000 3353.688  481.191    0    0  (Gen:  0)
 28213968      4176  54923936  0.000  0.000 3353.891  481.225    0    0  (Gen:  0)
 25005784      4560  54924768  0.000  0.000 3354.047  481.255    0    0  (Gen:  0)
 25177424      4840  54925496  0.000  0.000 3354.266  481.286    0    0  (Gen:  0)
 25859368      5160  54926200  0.000  0.000 3354.500  481.318    0    0  (Gen:  0)
 24170264      6776  54928296  0.000  0.000 3354.656  481.348    0    0  (Gen:  0)
 25608216      5848  54927720  0.000  0.000 3354.891  481.378    0    0  (Gen:  0)
 24363408      5464  54927688  0.000  0.000 3355.078  481.407    0    0  (Gen:  0)
 26599824      5912  54928424  0.000  0.000 3355.328  481.439    0    0  (Gen:  0)
 28695072      5312  54928336  0.000  0.000 3355.562  481.473    0    0  (Gen:  0)
 24763800      5176  54928584  0.000  0.000 3355.688  481.505    0    0  (Gen:  0)
 24015264      5064  54928888  0.000  0.000 3355.859  481.534    0    0  (Gen:  0)
 28699720      6024  54930168  0.000  0.000 3356.109  481.568    0    0  (Gen:  0)
 27545824      5432  54930056  0.000  0.000 3356.359  481.601    0    0  (Gen:  0)
 24269944      4464  54929408  0.000  0.000 3356.531  481.630    0    0  (Gen:  0)
 28702752      4784  54930112  0.000  0.000 3356.781  481.664    0    0  (Gen:  0)
 26476776      4400  54930240  0.000  0.000 3356.984  481.696    0    0  (Gen:  0)
 25009480  47830368  54851000  0.109  0.024 3357.297  481.751    0    0  (Gen:  1)
 26601616      5216  54850856  0.000  0.000 3357.516  481.783    0    0  (Gen:  0)
 28454008      5912  54852016  0.000  0.000 3357.766  481.817    0    0  (Gen:  0)
 22435832      4984  54851600  0.000  0.000 3357.969  481.843    0    0  (Gen:  0)
 24323448      4752  54851880  0.000  0.000 3358.031  481.873    0    0  (Gen:  0)
 26912440      5312  54852952  0.000  0.000 3358.266  481.904    0    0  (Gen:  0)
 23462000      5208  54853232  0.000  0.000 3358.406  481.932    0    0  (Gen:  0)
 27381272      4920  54853328  0.000  0.000 3358.641  481.965    0    0  (Gen:  0)
 20455928      4072  54853024  0.000  0.000 3358.812  481.989    0    0  (Gen:  0)
 23434544      4728  54854064  0.000  0.000 3358.969  482.017    0    0  (Gen:  0)
 23972440      4848  54854616  0.000  0.000 3359.172  482.046    0    0  (Gen:  0)
 25377968      4488  54854656  0.000  0.000 3359.297  482.076    0    0  (Gen:  0)
 30065952      5128  54855744  0.000  0.000 3359.656  482.112    0    0  (Gen:  0)
 25884512      4632  54855728  0.000  0.000 3359.859  482.142    0    0  (Gen:  0)
 21423728      3536  54855080  0.000  0.000 3359.922  482.167    0    0  (Gen:  0)
 23972040      5640  54857568  0.000  0.000 3360.156  482.196    0    0  (Gen:  0)
 24480464      4592  54856952  0.000  0.000 3360.344  482.226    0    0  (Gen:  0)
 25745768      5208  54857920  0.000  0.000 3360.562  482.256    0    0  (Gen:  0)
 24325296      5056  54858216  0.000  0.000 3360.797  482.285    0    0  (Gen:  0)
 25556456      4384  54857928  0.000  0.000 3361.047  482.315    0    0  (Gen:  0)
 24059848      3976  54890664  0.000  0.000 3361.203  482.344    0    0  (Gen:  0)
 24771576      4440  54891480  0.000  0.000 3361.328  482.373    0    0  (Gen:  0)
 20356632      5920  54893344  0.000  0.000 3361.547  482.399    0    0  (Gen:  0)
 25381448      5768  54893608  0.000  0.000 3361.766  482.430    0    0  (Gen:  0)
 24797200      5560  54893768  0.000  0.000 3362.000  482.460    0    0  (Gen:  0)
 28879056      5176  54893768  0.000  0.000 3362.219  482.494    0    0  (Gen:  0)
 24932328      4768  54893808  0.000  0.000 3362.359  482.524    0    0  (Gen:  0)
 28884040      4288  54893744  0.000  0.000 3362.609  482.559    0    0  (Gen:  0)
 27130304      4848  54894784  0.000  0.000 3362.859  482.592    0    0  (Gen:  0)
 22587320      4504  54894904  0.000  0.000 3363.062  482.655    0    0  (Gen:  0)
 21144904      4832  54895648  0.000  0.002 3363.156  482.684    0    0  (Gen:  0)
 23331024      5992  54897344  0.000  0.000 3363.328  482.713    0    0  (Gen:  0)
 25535200      5440  54897288  0.000  0.000 3363.547  482.743    0    0  (Gen:  0)
 20665072      5072  54897416  0.000  0.000 3363.703  482.768    0    0  (Gen:  0)
 24920352      6544  54899320  0.000  0.000 3363.938  482.799    0    0  (Gen:  0)
 24981656      4896  54898200  0.000  0.000 3364.156  482.829    0    0  (Gen:  0)
 22242752      4072  54897888  0.000  0.000 3364.266  482.856    0    0  (Gen:  0)
 23519584  47781264  54834664  0.125  0.027 3364.578  482.912    0    0  (Gen:  1)
 23205008      5080  54836064  0.000  0.000 3364.812  482.940    0    0  (Gen:  0)
 24431632      4200  54835744  0.000  0.000 3365.031  482.969    0    0  (Gen:  0)
 23777544      5448  54837376  0.000  0.000 3365.078  482.998    0    0  (Gen:  0)
 28386488      5752  54838096  0.000  0.000 3365.391  483.031    0    0  (Gen:  0)
 26575384      4488  54837360  0.000  0.000 3365.609  483.064    0    0  (Gen:  0)
 23300912      4696  54838048  0.000  0.000 3365.734  483.090    0    0  (Gen:  0)
 27424616      5744  54840248  0.000  0.000 3366.062  483.124    0    0  (Gen:  0)
 25292168      4200  54839472  0.000  0.000 3366.172  483.154    0    0  (Gen:  0)
 21973928      5768  54841488  0.000  0.000 3366.375  483.180    0    0  (Gen:  0)
 27464864      5256  54841472  0.000  0.000 3366.594  483.214    0    0  (Gen:  0)
 25003832      4920  54841600  0.000  0.000 3366.812  483.244    0    0  (Gen:  0)
 22982760      5168  54842264  0.000  0.000 3366.922  483.272    0    0  (Gen:  0)
 28063904      5912  54843424  0.000  0.000 3367.172  483.306    0    0  (Gen:  0)
 26139856      5392  54843512  0.000  0.000 3367.406  483.338    0    0  (Gen:  0)
 23981608      4648  54843184  0.000  0.000 3367.656  483.366    0    0  (Gen:  0)
 22053888      4048  54843000  0.000  0.000 3367.875  483.392    0    0  (Gen:  0)
 22673376      4848  54844328  0.000  0.000 3367.984  483.419    0    0  (Gen:  0)
 23512704      5136  54845048  0.000  0.000 3368.188  483.448    0    0  (Gen:  0)
 22692904      6304  54846696  0.000  0.000 3368.391  483.475    0    0  (Gen:  0)
 24546240      4528  54845480  0.000  0.000 3368.547  483.504    0    0  (Gen:  0)
 22430488      5672  54847216  0.000  0.000 3368.719  483.531    0    0  (Gen:  0)
 25174920      4792  54846768  0.031  0.000 3368.859  483.561    0    0  (Gen:  0)
 25008536      4400  54846872  0.000  0.000 3368.969  483.591    0    0  (Gen:  0)
 18444136      4344  54847296  0.000  0.000 3369.141  483.615    0    0  (Gen:  0)
 24294240      4680  54848144  0.000  0.000 3369.312  483.644    0    0  (Gen:  0)
 23358008      5392  54849320  0.000  0.000 3369.484  483.672    0    0  (Gen:  0)
 22499400      4600  54849072  0.000  0.000 3369.562  483.699    0    0  (Gen:  0)
 23636816      4040  54849056  0.000  0.000 3369.781  483.727    0    0  (Gen:  0)
 21965032      5176  54850704  0.000  0.000 3369.906  483.753    0    0  (Gen:  0)
 24720400  47737248  54790648  0.031  0.034 3370.094  483.817    0    0  (Gen:  1)
 26143216      4256  54790776  0.000  0.000 3370.312  483.849    0    0  (Gen:  0)
 25328752      4632  54791632  0.000  0.000 3370.547  483.880    0    0  (Gen:  0)
 26343248      5352  54792768  0.000  0.000 3370.781  483.912    0    0  (Gen:  0)
 28002160      4008  54791872  0.000  0.000 3371.031  483.946    0    0  (Gen:  0)
 26242016      6176  54794520  0.000  0.000 3371.234  483.977    0    0  (Gen:  0)
 27529424      4232  54792992  0.000  0.000 3371.453  484.010    0    0  (Gen:  0)
 23671000      4952  54794160  0.000  0.000 3371.641  484.040    0    0  (Gen:  0)
 27091208      4872  54794560  0.000  0.000 3371.859  484.072    0    0  (Gen:  0)
 27110256      4096  54794232  0.000  0.000 3372.109  484.105    0    0  (Gen:  0)
 27554624      5192  54795840  0.000  0.000 3372.328  484.138    0    0  (Gen:  0)
 25623264      5944  54797168  0.000  0.000 3372.562  484.169    0    0  (Gen:  0)
 25003272      4880  54796632  0.000  0.000 3372.797  484.200    0    0  (Gen:  0)
 23523640      4240  54796472  0.000  0.003 3373.016  484.239    0    0  (Gen:  0)
 12787016      5840  54831392  0.000  0.000 3373.047  484.264    0    0  (Gen:  0)
 25789640      5048  54798400  0.000  0.000 3373.281  484.296    0    0  (Gen:  0)
 23926904      4712  54798848  0.000  0.000 3373.375  484.324    0    0  (Gen:  0)
 19626568      5112  54832584  0.000  0.000 3373.578  484.349    0    0  (Gen:  0)
 25423720      5184  54800424  0.000  0.000 3373.812  484.380    0    0  (Gen:  0)
 22435088      5024  54800872  0.000  0.000 3374.047  484.408    0    0  (Gen:  0)
 28099296      6064  54835120  0.000  0.000 3374.281  484.441    0    0  (Gen:  0)
 28150368      5504  54802392  0.000  0.000 3374.516  484.475    0    0  (Gen:  0)
 24793256      5184  54802520  0.000  0.000 3374.719  484.505    0    0  (Gen:  0)
 28467400      4944  54802856  0.000  0.000 3374.891  484.540    0    0  (Gen:  0)
 26074568      6296  54837528  0.000  0.000 3375.141  484.571    0    0  (Gen:  0)
 24950832      4216  54803136  0.000  0.000 3375.375  484.601    0    0  (Gen:  0)
 26938320      5096  54837160  0.000  0.000 3375.594  484.633    0    0  (Gen:  0)
 25154608      4512  54837056  0.000  0.000 3375.797  484.662    0    0  (Gen:  0)
 26343936      6200  54839160  0.000  0.000 3376.016  484.693    0    0  (Gen:  0)
 28272800      5744  54839312  0.000  0.000 3376.234  484.727    0    0  (Gen:  0)
 24918976      5168  54839280  0.000  0.000 3376.438  484.757    0    0  (Gen:  0)
 25171328      4560  54839120  0.000  0.000 3376.609  484.786    0    0  (Gen:  0)
 23735248      4336  54839440  0.000  0.000 3376.844  484.814    0    0  (Gen:  0)
 26290088      4712  54840472  0.000  0.000 3377.000  484.846    0    0  (Gen:  0)
 25919784      4512  54840808  0.000  0.000 3377.234  484.876    0    0  (Gen:  0)
 24988344      5080  54841856  0.000  0.000 3377.484  484.907    0    0  (Gen:  0)
 27821664      4832  54842120  0.000  0.000 3377.734  484.940    0    0  (Gen:  0)
 26923432      4496  54842392  0.000  0.000 3377.891  484.972    0    0  (Gen:  0)
 25373560      4640  54843112  0.000  0.000 3378.094  485.004    0    0  (Gen:  0)
 17686008      4496  54843512  0.000  0.000 3378.141  485.026    0    0  (Gen:  0)
 24086848      6096  54845768  0.000  0.000 3378.328  485.053    0    0  (Gen:  0)
 24620488      5816  54846584  0.000  0.000 3378.578  485.081    0    0  (Gen:  0)
 23100848      5736  54847544  0.000  0.000 3378.703  485.106    0    0  (Gen:  0)
 21581968      5264  54848288  0.000  0.000 3378.922  485.131    0    0  (Gen:  0)
 25898248      4432  54848000  0.000  0.000 3379.141  485.162    0    0  (Gen:  0)
 23017696      6400  54850512  0.000  0.000 3379.359  485.188    0    0  (Gen:  0)
 22543776      4528  54849248  0.000  0.000 3379.469  485.214    0    0  (Gen:  0)
 23479632      4976  54850320  0.000  0.000 3379.688  485.242    0    0  (Gen:  0)
 25138664      5240  54851192  0.000  0.000 3379.859  485.271    0    0  (Gen:  0)
 27815960  47655728  54741896  0.141  0.024 3380.250  485.327    0    0  (Gen:  1)
 25258672      4312  54742064  0.000  0.000 3380.375  485.357    0    0  (Gen:  0)
 24337264      5568  54743928  0.000  0.000 3380.516  485.385    0    0  (Gen:  0)
 23923384      5360  54744472  0.000  0.000 3380.734  485.414    0    0  (Gen:  0)
 27511584      4776  54744856  0.000  0.000 3380.984  485.446    0    0  (Gen:  0)
 24400328      5640  54746792  0.000  0.000 3381.188  485.473    0    0  (Gen:  0)
 24014720      5288  54748424  0.000  0.000 3381.375  485.502    0    0  (Gen:  0)
 26650064      4520  54748136  0.000  0.000 3381.562  485.535    0    0  (Gen:  0)
 25254784      5656  54749720  0.000  0.000 3381.797  485.566    0    0  (Gen:  0)
 20133720      4472  54748952  0.047  0.000 3381.891  485.592    0    0  (Gen:  0)
 25613440      4632  54749496  0.000  0.000 3381.953  485.626    0    0  (Gen:  0)
 25481704      3984  54749280  0.000  0.000 3382.156  485.658    0    0  (Gen:  0)
 25160864      3944  54749688  0.000  0.000 3382.375  485.688    0    0  (Gen:  0)
 20521408      4224  54750352  0.000  0.000 3382.469  485.751    0    0  (Gen:  0)
 26864424      4200  54750648  0.000  0.000 3382.656  485.785    0    0  (Gen:  0)
 17186432      4768  54751664  0.000  0.000 3382.719  485.808    0    0  (Gen:  0)
 27105336      5496  54753080  0.000  0.000 3383.047  485.842    0    0  (Gen:  0)
 24299896      3560  54752064  0.000  0.000 3383.125  485.873    0    0  (Gen:  0)
 20429784      3960  54752880  0.000  0.000 3383.281  485.899    0    0  (Gen:  0)
 25430552      3912  54753216  0.000  0.000 3383.531  485.931    0    0  (Gen:  0)
 28071920      4064  54753976  0.000  0.000 3383.750  485.966    0    0  (Gen:  0)
 24786760      4992  54755320  0.000  0.000 3383.922  485.996    0    0  (Gen:  0)
 24198496      4424  54755040  0.000  0.000 3384.062  486.025    0    0  (Gen:  0)
 23625360      4368  54755496  0.000  0.000 3384.250  486.054    0    0  (Gen:  0)
 25120616      4752  54756328  0.000  0.000 3384.484  486.085    0    0  (Gen:  0)
 26311872      3880  54755936  0.000  0.000 3384.734  486.118    0    0  (Gen:  0)
 24560896      3784  54756288  0.000  0.000 3384.984  486.148    0    0  (Gen:  0)
 24583024      4136  54757024  0.000  0.000 3385.203  486.178    0    0  (Gen:  0)
 23748656      3640  54757040  0.000  0.000 3385.422  486.207    0    0  (Gen:  0)
 19803208      3704  54757504  0.000  0.000 3385.438  486.232    0    0  (Gen:  0)
 26527000      4328  54758576  0.000  0.000 3385.703  486.264    0    0  (Gen:  0)
 23156680      4416  54759160  0.000  0.000 3385.828  486.292    0    0  (Gen:  0)
 24051688      4376  54759536  0.000  0.000 3386.016  486.322    0    0  (Gen:  0)
 26604320      4168  54759808  0.000  0.000 3386.203  486.354    0    0  (Gen:  0)
 27198872      5272  54761360  0.000  0.000 3386.453  486.388    0    0  (Gen:  0)
 27464152      4296  54760768  0.000  0.000 3386.797  486.423    0    0  (Gen:  0)
 27383376      4192  54761176  0.000  0.000 3387.047  486.457    0    0  (Gen:  0)
 26865856      3640  54761072  0.000  0.000 3387.266  486.490    0    0  (Gen:  0)
 30798032  47596272  54682440  0.125  0.026 3387.609  486.555    0    0  (Gen:  1)
 27829328      3696  54682232  0.000  0.000 3387.859  486.589    0    0  (Gen:  0)
 25453024      4992  54683992  0.000  0.000 3388.109  486.619    0    0  (Gen:  0)
 30280032      4960  54684344  0.000  0.000 3388.469  486.656    0    0  (Gen:  0)
 23600768      4032  54683928  0.000  0.000 3388.594  486.685    0    0  (Gen:  0)
 20426656      5000  54685632  0.000  0.000 3388.812  486.709    0    0  (Gen:  0)
 25420376      4976  54686296  0.000  0.000 3389.031  486.740    0    0  (Gen:  0)
 26048664      4744  54686992  0.000  0.000 3389.141  486.772    0    0  (Gen:  0)
 30851536      4544  54687240  0.000  0.000 3389.391  486.810    0    0  (Gen:  0)
 23356928      4120  54687360  0.000  0.000 3389.500  486.839    0    0  (Gen:  0)
 29503488      3896  54687584  0.000  0.000 3389.828  486.876    0    0  (Gen:  0)
 24496896      4144  54688280  0.000  0.000 3390.078  486.907    0    0  (Gen:  0)
 25743208      3840  54688424  0.000  0.000 3390.297  486.938    0    0  (Gen:  0)
 26909440      5744  54690776  0.000  0.000 3390.469  486.972    0    0  (Gen:  0)
 26150072      4944  54690520  0.000  0.000 3390.656  487.003    0    0  (Gen:  0)
 28836880      5656  54691760  0.000  0.000 3390.875  487.038    0    0  (Gen:  0)
 26601952      3944  54690592  0.000  0.000 3391.109  487.070    0    0  (Gen:  0)
 19394656      4352  54691512  0.000  0.000 3391.234  487.120    0    0  (Gen:  0)
 22163624      5176  54692752  0.000  0.000 3391.391  487.147    0    0  (Gen:  0)
 18741640      4632  54692704  0.000  0.000 3391.578  487.171    0    0  (Gen:  0)
 23101112      3848  54692416  0.000  0.000 3391.688  487.200    0    0  (Gen:  0)
 25708920      4016  54693080  0.000  0.000 3391.906  487.231    0    0  (Gen:  0)
 23145888      4840  54694384  0.000  0.000 3392.094  487.259    0    0  (Gen:  0)
 23142936      4144  54694104  0.000  0.000 3392.203  487.287    0    0  (Gen:  0)
 24700208      4880  54695288  0.000  0.000 3392.422  487.317    0    0  (Gen:  0)
 29105656      4504  54695360  0.000  0.000 3392.578  487.352    0    0  (Gen:  0)
 24996648      5344  54696680  0.000  0.000 3392.812  487.382    0    0  (Gen:  0)
 24583904      4648  54696560  0.000  0.000 3393.062  487.411    0    0  (Gen:  0)
 27609472      5808  54698168  0.000  0.000 3393.266  487.444    0    0  (Gen:  0)
 26786008      4904  54697840  0.000  0.000 3393.453  487.476    0    0  (Gen:  0)
 28717936      4456  54697872  0.000  0.000 3393.703  487.510    0    0  (Gen:  0)
 26177440      4600  54698560  0.000  0.000 3393.859  487.540    0    0  (Gen:  0)
 21193192      5592  54700064  0.000  0.000 3394.109  487.566    0    0  (Gen:  0)
 26759272      4464  54699416  0.000  0.000 3394.281  487.597    0    0  (Gen:  0)
 27139656      4272  54699832  0.000  0.000 3394.500  487.630    0    0  (Gen:  0)
 23013000      6624  54702664  0.000  0.000 3394.719  487.657    0    0  (Gen:  0)
 26832680      5816  54702240  0.000  0.000 3394.953  487.691    0    0  (Gen:  0)
 25855304      5376  54702216  0.000  0.000 3395.203  487.722    0    0  (Gen:  0)
 22134392      4272  54701496  0.000  0.000 3395.312  487.748    0    0  (Gen:  0)
 26611856      4472  54702080  0.000  0.000 3395.609  487.780    0    0  (Gen:  0)
 25140672      4776  54702736  0.000  0.000 3395.734  487.811    0    0  (Gen:  0)
 28482064      5216  54703592  0.000  0.000 3396.078  487.845    0    0  (Gen:  0)
 19103336      5096  54703920  0.000  0.000 3396.188  487.867    0    0  (Gen:  0)
 28759184  47530888  54617056  0.141  0.024 3396.562  487.925    0    0  (Gen:  1)
 26518712      5448  54617216  0.000  0.000 3396.812  487.957    0    0  (Gen:  0)
 22148088      5112  54617296  0.000  0.000 3397.000  487.984    0    0  (Gen:  0)
 25046128      4200  54616736  0.000  0.000 3397.156  488.014    0    0  (Gen:  0)
 23295440      5056  54618072  0.000  0.000 3397.266  488.042    0    0  (Gen:  0)
 22804568      5648  54619112  0.000  0.000 3397.500  488.069    0    0  (Gen:  0)
 28552272      6016  54652704  0.000  0.000 3397.734  488.102    0    0  (Gen:  0)
 28532688      4456  54651640  0.000  0.000 3397.969  488.136    0    0  (Gen:  0)
 28865944      5232  54652928  0.000  0.000 3398.344  488.171    0    0  (Gen:  0)
 25963880      5376  54653552  0.000  0.000 3398.469  488.201    0    0  (Gen:  0)
 30299640      6912  54655792  0.000  0.000 3398.719  488.235    0    0  (Gen:  0)
 25891920      6216  54656456  0.000  0.000 3398.844  488.268    0    0  (Gen:  0)
 24829984      5144  54655896  0.000  0.000 3399.094  488.297    0    0  (Gen:  0)
 30020112      4992  54656152  0.000  0.000 3399.219  488.333    0    0  (Gen:  0)
 24858736      5488  54657128  0.000  0.000 3399.422  488.362    0    0  (Gen:  0)
 24876288      4688  54656808  0.000  0.000 3399.562  488.391    0    0  (Gen:  0)
 25003048      5616  54658312  0.000  0.000 3399.672  488.420    0    0  (Gen:  0)
 22299368      5896  54659248  0.000  0.000 3399.781  488.447    0    0  (Gen:  0)
 24004968      6480  54660312  0.000  0.000 3400.000  488.476    0    0  (Gen:  0)
 29336712      4072  54658384  0.000  0.000 3400.141  488.511    0    0  (Gen:  0)
 22401776      4944  54659768  0.000  0.000 3400.328  488.537    0    0  (Gen:  0)
 23737336      4776  54659984  0.000  0.000 3400.516  488.566    0    0  (Gen:  0)
 20941792      4760  54660352  0.000  0.000 3400.594  488.592    0    0  (Gen:  0)
 22581168      5096  54661168  0.000  0.000 3400.812  488.619    0    0  (Gen:  0)
 21457232      4888  54661440  0.000  0.000 3401.016  488.646    0    0  (Gen:  0)
 17455848      3968  54661048  0.000  0.000 3401.078  488.668    0    0  (Gen:  0)
 26013504      4240  54661688  0.000  0.000 3401.281  488.699    0    0  (Gen:  0)
 23302272      5176  54663040  0.000  0.000 3401.469  488.727    0    0  (Gen:  0)
 25896320      6096  54664440  0.000  0.000 3401.609  488.758    0    0  (Gen:  0)
 18658736      6056  54664928  0.000  0.006 3401.688  488.804    0    0  (Gen:  0)
 15071272      4672  54664792  0.000  0.000 3401.703  488.823    0    0  (Gen:  0)
 24237320      5344  54666224  0.000  0.000 3401.875  488.854    0    0  (Gen:  0)
 18539696      4720  54666208  0.000  0.000 3402.062  488.877    0    0  (Gen:  0)
 25210272      6000  54668128  0.000  0.000 3402.281  488.908    0    0  (Gen:  0)
 22230864      4872  54668016  0.000  0.000 3402.391  488.935    0    0  (Gen:  0)
 19627024      4792  54668480  0.000  0.000 3402.547  488.958    0    0  (Gen:  0)
 23740616      5536  54669624  0.000  0.000 3402.750  488.988    0    0  (Gen:  0)
 23117080      5608  54670080  0.000  0.000 3402.938  489.015    0    0  (Gen:  0)
 25751720  47476208  54595144  0.031  0.034 3403.219  489.079    0    0  (Gen:  1)
 26296864      4992  54596336  0.000  0.000 3403.438  489.110    0    0  (Gen:  0)
 21283000      7096  54599296  0.000  0.000 3403.547  489.136    0    0  (Gen:  0)
 26979416      6304  54599792  0.000  0.000 3403.781  489.168    0    0  (Gen:  0)
 22720216      5864  54599816  0.000  0.000 3403.922  489.194    0    0  (Gen:  0)
 21723744      5136  54599568  0.000  0.000 3404.141  489.219    0    0  (Gen:  0)
 27575600      4904  54600168  0.000  0.000 3404.266  489.251    0    0  (Gen:  0)
 23846200      4208  54600432  0.000  0.000 3404.344  489.278    0    0  (Gen:  0)
 21044320      4064  54600736  0.000  0.000 3404.531  489.304    0    0  (Gen:  0)
 18944736      5208  54602264  0.000  0.000 3404.641  489.328    0    0  (Gen:  0)
 22507680      4096  54601600  0.000  0.000 3404.734  489.354    0    0  (Gen:  0)
 28190568      4232  54602200  0.000  0.000 3404.984  489.388    0    0  (Gen:  0)
 23216936      4192  54602816  0.000  0.000 3405.156  489.416    0    0  (Gen:  0)
 24929832      4240  54603216  0.000  0.000 3405.359  489.446    0    0  (Gen:  0)
 26669432      4600  54603928  0.000  0.000 3405.578  489.478    0    0  (Gen:  0)
 21927848      5360  54605072  0.000  0.000 3405.734  489.505    0    0  (Gen:  0)
 25588792      3864  54603960  0.000  0.000 3405.891  489.536    0    0  (Gen:  0)
 23172864      4136  54604584  0.000  0.000 3406.109  489.564    0    0  (Gen:  0)
 26582136      4848  54605680  0.000  0.000 3406.359  489.596    0    0  (Gen:  0)
 26468568      5968  54607152  0.000  0.000 3406.609  489.629    0    0  (Gen:  0)
 22109152      5080  54606808  0.000  0.000 3406.812  489.657    0    0  (Gen:  0)
 22521672      4800  54606912  0.000  0.000 3406.891  489.683    0    0  (Gen:  0)
 25831160      5648  54608224  0.000  0.000 3407.109  489.715    0    0  (Gen:  0)
 23412904      5264  54608384  0.000  0.000 3407.328  489.743    0    0  (Gen:  0)
 24570808      5016  54608520  0.000  0.000 3407.500  489.771    0    0  (Gen:  0)
 24640800      4520  54608440  0.000  0.000 3407.719  489.800    0    0  (Gen:  0)
 25958000      4592  54609072  0.000  0.000 3407.891  489.833    0    0  (Gen:  0)
 22671232      3976  54609000  0.000  0.000 3408.109  489.862    0    0  (Gen:  0)
 24357544      5208  54610664  0.000  0.000 3408.359  489.892    0    0  (Gen:  0)
 24571328      5264  54611104  0.000  0.000 3408.609  489.920    0    0  (Gen:  0)
 25741304      4616  54610904  0.000  0.000 3408.734  489.951    0    0  (Gen:  0)
 26437384      4888  54611800  0.000  0.000 3409.031  489.984    0    0  (Gen:  0)
 23218512      4568  54612008  0.000  0.000 3409.141  490.012    0    0  (Gen:  0)
 27335552      5152  54613056  0.000  0.000 3409.391  490.047    0    0  (Gen:  0)
 21896880      5376  54613728  0.000  0.000 3409.484  490.073    0    0  (Gen:  0)
 20106288      4248  54613048  0.000  0.000 3409.703  490.097    0    0  (Gen:  0)
 22696168      5096  54614424  0.000  0.000 3409.922  490.125    0    0  (Gen:  0)
 26994992      4416  54614272  0.000  0.000 3410.094  490.158    0    0  (Gen:  0)
 22941968      5072  54615376  0.000  0.000 3410.203  490.186    0    0  (Gen:  0)
 21137512      4320  54614976  0.000  0.000 3410.297  490.212    0    0  (Gen:  0)
 26690912  47421376  54540312  0.094  0.025 3410.609  490.270    0    0  (Gen:  1)
 28645032      4176  54540544  0.000  0.000 3410.859  490.305    0    0  (Gen:  0)
 26292672      5000  54541800  0.000  0.000 3411.109  490.336    0    0  (Gen:  0)
 24939792      5616  54542864  0.000  0.002 3411.328  490.398    0    0  (Gen:  0)
 23007136      3704  54541496  0.000  0.000 3411.484  490.426    0    0  (Gen:  0)
 17674872      4656  54542976  0.000  0.000 3411.531  490.449    0    0  (Gen:  0)
 21972696      3560  54542248  0.000  0.000 3411.734  490.475    0    0  (Gen:  0)
 22250824      3360  54542432  0.000  0.000 3411.844  490.506    0    0  (Gen:  0)
 25177016      4288  54543744  0.000  0.000 3412.016  490.537    0    0  (Gen:  0)
 24010112      4136  54544040  0.000  0.000 3412.250  490.569    0    0  (Gen:  0)
 20491232      4872  54545192  0.000  0.000 3412.484  490.594    0    0  (Gen:  0)
 27767352      5504  54578968  0.000  0.000 3412.734  490.627    0    0  (Gen:  0)
 25151272      5400  54579360  0.000  0.000 3412.953  490.656    0    0  (Gen:  0)
 26770800      4232  54545880  0.000  0.000 3413.203  490.687    0    0  (Gen:  0)
 24927368      6120  54580976  0.000  0.000 3413.453  490.717    0    0  (Gen:  0)
 28763728      4280  54546824  0.000  0.000 3413.656  490.752    0    0  (Gen:  0)
 23332008      5624  54548680  0.000  0.000 3413.703  490.779    0    0  (Gen:  0)
 23166304      6720  54583080  0.000  0.000 3413.906  490.806    0    0  (Gen:  0)
 26755504      5272  54582880  0.000  0.000 3414.094  490.838    0    0  (Gen:  0)
 23393264      4680  54582640  0.000  0.000 3414.344  490.866    0    0  (Gen:  0)
 23634456      4544  54582824  0.000  0.000 3414.578  490.894    0    0  (Gen:  0)
 26765584      4920  54583584  0.000  0.000 3414.781  490.927    0    0  (Gen:  0)
 23242856      6336  54585448  0.000  0.000 3415.016  490.954    0    0  (Gen:  0)
 22662216      6648  54586048  0.031  0.000 3415.156  490.982    0    0  (Gen:  0)
 26044232      5656  54585472  0.000  0.000 3415.266  491.014    0    0  (Gen:  0)
 26638864      4456  54584816  0.000  0.000 3415.516  491.047    0    0  (Gen:  0)
 24302952      5728  54586440  0.000  0.000 3415.750  491.077    0    0  (Gen:  0)
 23229640      5168  54586328  0.000  0.000 3415.875  491.105    0    0  (Gen:  0)
 28885344      6840  54588368  0.000  0.000 3416.172  491.141    0    0  (Gen:  0)
 22870304      6552  54588592  0.000  0.000 3416.250  491.168    0    0  (Gen:  0)
 29586904      6088  54589408  0.000  0.000 3416.609  491.205    0    0  (Gen:  0)
 27571096      4040  54587872  0.000  0.000 3416.828  491.238    0    0  (Gen:  0)
 27843504      5232  54589552  0.000  0.000 3417.031  491.272    0    0  (Gen:  0)
 26133104      6144  54590912  0.000  0.000 3417.250  491.304    0    0  (Gen:  0)
 22954592      5056  54590176  0.000  0.000 3417.469  491.332    0    0  (Gen:  0)
 25333848      4408  54589880  0.000  0.000 3417.703  491.364    0    0  (Gen:  0)
 24975528      4608  54590528  0.000  0.000 3417.953  491.394    0    0  (Gen:  0)
 25182848      4960  54591264  0.000  0.000 3418.156  491.424    0    0  (Gen:  0)
 29475424      4216  54590872  0.000  0.000 3418.406  491.460    0    0  (Gen:  0)
 28009344      4664  54591800  0.000  0.000 3418.578  491.494    0    0  (Gen:  0)
 29292168      6472  54594088  0.000  0.000 3418.891  491.530    0    0  (Gen:  0)
 28070088      5272  54593400  0.000  0.000 3419.125  491.564    0    0  (Gen:  0)
 26593968  47359616  54511320  0.047  0.025 3419.391  491.622    0    0  (Gen:  1)
 24406112      4424  54511312  0.000  0.000 3419.625  491.651    0    0  (Gen:  0)
 25473800      4144  54511512  0.000  0.000 3419.766  491.683    0    0  (Gen:  0)
 25241456      4664  54512480  0.000  0.000 3420.000  491.714    0    0  (Gen:  0)
 27177104      4688  54512952  0.000  0.000 3420.250  491.748    0    0  (Gen:  0)
 25125632      5144  54513920  0.000  0.000 3420.406  491.777    0    0  (Gen:  0)
 22596968      4184  54513472  0.000  0.000 3420.641  491.804    0    0  (Gen:  0)
 19857848      4624  54514328  0.000  0.000 3420.781  491.831    0    0  (Gen:  0)
 24788136      4480  54514664  0.000  0.000 3421.000  491.860    0    0  (Gen:  0)
 24013096      4912  54515784  0.000  0.000 3421.250  491.889    0    0  (Gen:  0)
 28310296      4480  54515800  0.000  0.000 3421.422  491.923    0    0  (Gen:  0)
 28766664      4280  54516176  0.000  0.000 3421.625  491.958    0    0  (Gen:  0)
 27265304      6408  54518816  0.000  0.000 3421.844  491.991    0    0  (Gen:  0)
 25144416      4568  54517488  0.000  0.001 3422.000  492.054    0    0  (Gen:  0)
 23576464      4128  54517592  0.000  0.000 3422.203  492.086    0    0  (Gen:  0)
 20633632      5168  54519872  0.000  0.000 3422.391  492.113    0    0  (Gen:  0)
 25834192      5040  54520824  0.000  0.000 3422.641  492.144    0    0  (Gen:  0)
 24456760      5912  54522320  0.000  0.000 3422.875  492.173    0    0  (Gen:  0)
 27682072      6328  54523184  0.000  0.000 3423.125  492.207    0    0  (Gen:  0)
 22200320      3760  54521192  0.000  0.000 3423.328  492.233    0    0  (Gen:  0)
 26522120      6320  54524232  0.000  0.000 3423.516  492.265    0    0  (Gen:  0)
 24954448      5288  54524288  0.000  0.000 3423.625  492.294    0    0  (Gen:  0)
 23709552      4768  54524568  0.000  0.000 3423.844  492.322    0    0  (Gen:  0)
 27397600      4048  54524328  0.000  0.000 3424.094  492.356    0    0  (Gen:  0)
 27640040      4800  54525528  0.000  0.000 3424.453  492.390    0    0  (Gen:  0)
 28940224      5272  54526448  0.000  0.000 3424.688  492.426    0    0  (Gen:  0)
 27695152      5280  54527032  0.000  0.000 3424.906  492.460    0    0  (Gen:  0)
 24424784      4192  54526488  0.000  0.000 3425.141  492.491    0    0  (Gen:  0)
 27527192      5184  54528040  0.000  0.000 3425.312  492.524    0    0  (Gen:  0)
 29337168      6680  54530064  0.000  0.000 3425.547  492.561    0    0  (Gen:  0)
 26073272      4192  54528056  0.000  0.000 3425.812  492.592    0    0  (Gen:  0)
 30029016      4496  54528808  0.000  0.000 3426.016  492.630    0    0  (Gen:  0)
 22548256      4968  54529824  0.000  0.000 3426.156  492.658    0    0  (Gen:  0)
 23526888      6512  54531784  0.000  0.000 3426.359  492.687    0    0  (Gen:  0)
 28082392      4816  54530536  0.000  0.000 3426.578  492.721    0    0  (Gen:  0)
 21808592      4816  54531080  0.000  0.000 3426.672  492.748    0    0  (Gen:  0)
 25747520      4552  54531136  0.000  0.000 3426.719  492.779    0    0  (Gen:  0)
 19447712      5488  54532488  0.000  0.000 3426.922  492.804    0    0  (Gen:  0)
 27494688      5368  54532784  0.000  0.000 3427.109  492.836    0    0  (Gen:  0)
 28866632      5016  54532928  0.000  0.000 3427.359  492.872    0    0  (Gen:  0)
 24372752      6160  54534584  0.000  0.000 3427.547  492.901    0    0  (Gen:  0)
 25695952      5648  54534552  0.000  0.000 3427.766  492.932    0    0  (Gen:  0)
 26349856  47292776  54444480  0.125  0.028 3428.141  492.993    0    0  (Gen:  1)
 25239024      6632  54446360  0.000  0.000 3428.344  493.023    0    0  (Gen:  0)
 25096472      6640  54447248  0.000  0.000 3428.562  493.053    0    0  (Gen:  0)
 28602776      4384  54446128  0.000  0.000 3428.812  493.088    0    0  (Gen:  0)
 29139120      4864  54447120  0.000  0.000 3429.141  493.124    0    0  (Gen:  0)
 26133848      5016  54447816  0.000  0.000 3429.266  493.158    0    0  (Gen:  0)
 22564672      4984  54448328  0.000  0.000 3429.375  493.186    0    0  (Gen:  0)
 26121936      5528  54449256  0.000  0.000 3429.625  493.218    0    0  (Gen:  0)
 27653696      4728  54448968  0.000  0.000 3429.828  493.252    0    0  (Gen:  0)
 26399176      4560  54449312  0.000  0.000 3430.047  493.284    0    0  (Gen:  0)
 24867720      5008  54450176  0.000  0.000 3430.297  493.315    0    0  (Gen:  0)
 21849920      5080  54450824  0.000  0.000 3430.422  493.341    0    0  (Gen:  0)
 25000928      5328  54484312  0.000  0.000 3430.625  493.371    0    0  (Gen:  0)
 26127304      5392  54484968  0.000  0.000 3430.859  493.401    0    0  (Gen:  0)
 25316936      5680  54485816  0.000  0.000 3431.094  493.431    0    0  (Gen:  0)
 28000096      4424  54485040  0.000  0.000 3431.344  493.464    0    0  (Gen:  0)
 28140512      5488  54486712  0.000  0.000 3431.562  493.498    0    0  (Gen:  0)
 24309528      6936  54521528  0.000  0.000 3431.656  493.528    0    0  (Gen:  0)
 27968576      5416  54487672  0.000  0.000 3431.969  493.562    0    0  (Gen:  0)
 28429872      4616  54487256  0.000  0.000 3432.219  493.597    0    0  (Gen:  0)
 25079272      4536  54487656  0.000  0.000 3432.453  493.628    0    0  (Gen:  0)
 25944376      6192  54490048  0.000  0.000 3432.688  493.659    0    0  (Gen:  0)
 27428736      4944  54490064  0.000  0.000 3432.922  493.693    0    0  (Gen:  0)
 24828848      4584  54490136  0.000  0.000 3433.109  493.724    0    0  (Gen:  0)
 25267184      4128  54490096  0.000  0.000 3433.281  493.756    0    0  (Gen:  0)
 16335456      4624  54491040  0.000  0.001 3433.312  493.801    0    0  (Gen:  0)
 20925720      4888  54491896  0.000  0.000 3433.484  493.828    0    0  (Gen:  0)
 25200384      4392  54491896  0.000  0.000 3433.625  493.860    0    0  (Gen:  0)
 28259160      4480  54492512  0.000  0.000 3433.875  493.895    0    0  (Gen:  0)
 26162712      4704  54493152  0.000  0.001 3434.078  493.928    0    0  (Gen:  0)
 21443920      6440  54528176  0.000  0.000 3434.297  493.954    0    0  (Gen:  0)
 25830048      4584  54526736  0.000  0.000 3434.531  493.985    0    0  (Gen:  0)
 24882320      4272  54526904  0.000  0.000 3434.656  494.015    0    0  (Gen:  0)
 24494256      5488  54528600  0.000  0.000 3434.781  494.045    0    0  (Gen:  0)
 23225768      5336  54528896  0.000  0.000 3435.016  494.073    0    0  (Gen:  0)
 23647056      4368  54528296  0.000  0.000 3435.219  494.101    0    0  (Gen:  0)
 27374104      5176  54529488  0.000  0.000 3435.422  494.135    0    0  (Gen:  0)
 29713360      4680  54529536  0.000  0.000 3435.766  494.171    0    0  (Gen:  0)
 24681160      3896  54529344  0.000  0.000 3436.000  494.201    0    0  (Gen:  0)
 21595472  47229184  54446424  0.125  0.026 3436.250  494.253    0    0  (Gen:  1)
 29103408      4464  54447336  0.000  0.000 3436.453  494.287    0    0  (Gen:  0)
 26183608      5392  54448824  0.000  0.000 3436.672  494.319    0    0  (Gen:  0)
 21892880      3848  54447696  0.000  0.000 3436.891  494.346    0    0  (Gen:  0)
 25855832      4816  54449048  0.000  0.000 3437.141  494.377    0    0  (Gen:  0)
 24809328      4792  54449552  0.000  0.000 3437.359  494.407    0    0  (Gen:  0)
 26209712      3896  54449136  0.000  0.000 3437.609  494.438    0    0  (Gen:  0)
 25135480      5584  54451272  0.000  0.000 3437.859  494.469    0    0  (Gen:  0)
 24671512      4440  54450576  0.000  0.000 3437.984  494.498    0    0  (Gen:  0)
 22421248      4024  54450576  0.000  0.001 3438.125  494.525    0    0  (Gen:  0)
 21969016      4120  54451024  0.000  0.000 3438.312  494.552    0    0  (Gen:  0)
 24167720      4136  54451392  0.000  0.000 3438.562  494.581    0    0  (Gen:  0)
 25576768      4608  54452248  0.000  0.000 3438.812  494.611    0    0  (Gen:  0)
 28442784      5896  54454080  0.000  0.000 3439.062  494.644    0    0  (Gen:  0)
 25587520      5016  54453744  0.000  0.000 3439.266  494.673    0    0  (Gen:  0)
 26690168      4824  54454096  0.000  0.000 3439.484  494.705    0    0  (Gen:  0)
 24699624      4704  54454568  0.000  0.000 3439.672  494.734    0    0  (Gen:  0)
 21304584      5432  54455712  0.000  0.000 3439.781  494.758    0    0  (Gen:  0)
 24314344      4208  54455000  0.000  0.000 3439.938  494.786    0    0  (Gen:  0)
 27455920      4168  54455440  0.000  0.000 3440.109  494.819    0    0  (Gen:  0)
 28382920      3968  54455848  0.000  0.000 3440.328  494.851    0    0  (Gen:  0)
 27700384      4856  54457312  0.000  0.000 3440.547  494.883    0    0  (Gen:  0)
 25411368      4624  54457624  0.000  0.000 3440.719  494.914    0    0  (Gen:  0)
 22694560      4104  54457616  0.000  0.000 3440.891  494.941    0    0  (Gen:  0)
 28389632      4184  54458112  0.000  0.000 3441.141  494.975    0    0  (Gen:  0)
 27812528      4392  54458864  0.000  0.000 3441.297  495.008    0    0  (Gen:  0)
 23869512      5000  54459952  0.000  0.000 3441.453  495.036    0    0  (Gen:  0)
 25104328      5080  54460416  0.000  0.000 3441.609  495.067    0    0  (Gen:  0)
 25309504      4368  54460184  0.000  0.000 3441.797  495.098    0    0  (Gen:  0)
 27405568      4408  54460704  0.000  0.000 3442.047  495.130    0    0  (Gen:  0)
 24315560      4208  54461096  0.000  0.000 3442.297  495.159    0    0  (Gen:  0)
 24855456      4960  54462296  0.000  0.000 3442.500  495.189    0    0  (Gen:  0)
 24704424      4616  54462528  0.000  0.000 3442.750  495.218    0    0  (Gen:  0)
 22406408      5208  54463584  0.000  0.000 3442.875  495.244    0    0  (Gen:  0)
 23036056      5064  54463824  0.000  0.000 3443.031  495.271    0    0  (Gen:  0)
 26169376      5248  54464488  0.000  0.000 3443.281  495.302    0    0  (Gen:  0)
 26384424      4848  54464472  0.000  0.000 3443.500  495.333    0    0  (Gen:  0)
 27534184      5360  54465496  0.000  0.000 3443.656  495.366    0    0  (Gen:  0)
 25448232      5136  54465784  0.000  0.000 3443.906  495.396    0    0  (Gen:  0)
 20568600      5752  54466816  0.000  0.000 3444.016  495.420    0    0  (Gen:  0)
 21548320      5136  54466584  0.000  0.002 3444.219  495.452    0    0  (Gen:  0)
 14868256      5232  54467128  0.000  0.000 3444.266  495.478    0    0  (Gen:  0)
 20378544      6432  54469032  0.000  0.000 3444.422  495.501    0    0  (Gen:  0)
 19840816  47166360  54383600  0.078  0.028 3444.516  495.554    0    0  (Gen:  1)
 25571528      5992  54386208  0.000  0.000 3444.766  495.584    0    0  (Gen:  0)
 22995584      4616  54386136  0.000  0.000 3444.938  495.611    0    0  (Gen:  0)
 27695384      4120  54386152  0.000  0.000 3445.188  495.644    0    0  (Gen:  0)
 25329688      5024  54387632  0.000  0.000 3445.375  495.674    0    0  (Gen:  0)
 26961168      5528  54388648  0.000  0.000 3445.547  495.705    0    0  (Gen:  0)
 26831112      4536  54388232  0.000  0.000 3445.797  495.735    0    0  (Gen:  0)
 24635304      4888  54389096  0.000  0.000 3445.938  495.764    0    0  (Gen:  0)
 19322696      5856  54390576  0.000  0.000 3446.031  495.788    0    0  (Gen:  0)
 26541680      5000  54390168  0.000  0.000 3446.250  495.819    0    0  (Gen:  0)
 23996800      4880  54390544  0.000  0.000 3446.484  495.848    0    0  (Gen:  0)
 26653152      5424  54391408  0.000  0.000 3446.734  495.879    0    0  (Gen:  0)
 26533960      8432  54394928  0.000  0.000 3446.953  495.910    0    0  (Gen:  0)
 24361552      6200  54393144  0.000  0.000 3447.156  495.940    0    0  (Gen:  0)
 21734504      6032  54393472  0.000  0.000 3447.266  495.966    0    0  (Gen:  0)
 22789328      6672  54394528  0.000  0.000 3447.469  495.993    0    0  (Gen:  0)
 28420160      8128  54396400  0.000  0.000 3447.641  496.026    0    0  (Gen:  0)
 23881696      4968  54393784  0.000  0.000 3447.812  496.054    0    0  (Gen:  0)
 25337280      5112  54394376  0.000  0.000 3448.047  496.085    0    0  (Gen:  0)
 26831872      5528  54395208  0.000  0.000 3448.297  496.117    0    0  (Gen:  0)
 22679840      6184  54396360  0.000  0.000 3448.500  496.144    0    0  (Gen:  0)
 25072464      6312  54396936  0.000  0.000 3448.734  496.174    0    0  (Gen:  0)
 25420368      6048  54397072  0.000  0.000 3448.969  496.204    0    0  (Gen:  0)
 27627880      5528  54396968  0.000  0.000 3449.156  496.237    0    0  (Gen:  0)
 24388560      4320  54396272  0.000  0.000 3449.266  496.266    0    0  (Gen:  0)
 26759432      6656  54399040  0.000  0.000 3449.500  496.298    0    0  (Gen:  0)
 25269392      5808  54398656  0.000  0.000 3449.734  496.328    0    0  (Gen:  0)
 27411632      5912  54399976  0.000  0.000 3449.984  496.359    0    0  (Gen:  0)
 26968640      4968  54399880  0.000  0.000 3450.234  496.392    0    0  (Gen:  0)
 26916688      5152  54400512  0.000  0.000 3450.453  496.424    0    0  (Gen:  0)
 24300256      4120  54399976  0.000  0.000 3450.688  496.453    0    0  (Gen:  0)
 24798888      4760  54401032  0.000  0.000 3450.891  496.484    0    0  (Gen:  0)
 22398928      4864  54401520  0.000  0.000 3450.953  496.511    0    0  (Gen:  0)
 30303800      4904  54402264  0.000  0.000 3451.203  496.547    0    0  (Gen:  0)
 29056024      5128  54403912  0.000  0.000 3451.453  496.582    0    0  (Gen:  0)
 27532032      5520  54404848  0.000  0.000 3451.703  496.617    0    0  (Gen:  0)
 29059624      5840  54405680  0.000  0.000 3451.922  496.652    0    0  (Gen:  0)
 24979496      4360  54404744  0.000  0.000 3452.172  496.682    0    0  (Gen:  0)
 21530240      4688  54405552  0.000  0.000 3452.359  496.709    0    0  (Gen:  0)
 19966384      3840  54405216  0.000  0.000 3452.453  496.733    0    0  (Gen:  0)
 24395072  47101888  54319128  0.062  0.028 3452.688  496.790    0    0  (Gen:  1)
 27695208      5440  54319720  0.000  0.000 3452.922  496.824    0    0  (Gen:  0)
 27640720      4536  54319440  0.000  0.000 3453.156  496.857    0    0  (Gen:  0)
 22189784      4792  54320144  0.000  0.000 3453.359  496.884    0    0  (Gen:  0)
 26054504      4584  54320448  0.000  0.000 3453.547  496.916    0    0  (Gen:  0)
 24238992      5744  54322792  0.000  0.000 3453.797  496.945    0    0  (Gen:  0)
 27535592      5264  54323664  0.000  0.000 3454.047  496.978    0    0  (Gen:  0)
 27768136      4888  54323832  0.000  0.000 3454.250  497.011    0    0  (Gen:  0)
 24580184      4896  54324320  0.000  0.000 3454.438  497.041    0    0  (Gen:  0)
 22404688      5032  54324872  0.000  0.000 3454.609  497.068    0    0  (Gen:  0)
 20251344      4000  54324416  0.000  0.005 3454.719  497.106    0    0  (Gen:  0)
 21666416      6696  54327640  0.000  0.000 3454.797  497.137    0    0  (Gen:  0)
 21043336      5648  54327088  0.000  0.000 3455.000  497.161    0    0  (Gen:  0)
 22746528      4432  54326336  0.000  0.000 3455.156  497.189    0    0  (Gen:  0)
 22739680      4936  54327336  0.000  0.000 3455.250  497.216    0    0  (Gen:  0)
 26644608      6088  54328968  0.000  0.000 3455.594  497.249    0    0  (Gen:  0)
 26180264      5744  54329008  0.000  0.000 3455.797  497.281    0    0  (Gen:  0)
 25228280      4608  54328352  0.000  0.000 3456.031  497.312    0    0  (Gen:  0)
 25556448      5112  54329304  0.000  0.000 3456.109  497.342    0    0  (Gen:  0)
 24341168      4528  54329136  0.000  0.000 3456.344  497.371    0    0  (Gen:  0)
 26950984      5792  54330880  0.000  0.000 3456.531  497.403    0    0  (Gen:  0)
 31575288      3920  54329456  0.000  0.000 3456.859  497.441    0    0  (Gen:  0)
 25170632      6768  54332816  0.000  0.000 3457.078  497.472    0    0  (Gen:  0)
 23634808      5784  54332344  0.000  0.000 3457.250  497.500    0    0  (Gen:  0)
 25455688      8120  54335144  0.000  0.000 3457.422  497.531    0    0  (Gen:  0)
 26842080      4976  54332352  0.000  0.000 3457.672  497.564    0    0  (Gen:  0)
 29227560      4960  54332784  0.000  0.000 3457.922  497.599    0    0  (Gen:  0)
 25513312      4848  54333088  0.000  0.000 3458.125  497.631    0    0  (Gen:  0)
 27097864      4608  54333264  0.000  0.000 3458.359  497.664    0    0  (Gen:  0)
 26642208      4896  54334032  0.000  0.000 3458.609  497.696    0    0  (Gen:  0)
 29076104      5384  54334968  0.000  0.000 3458.797  497.730    0    0  (Gen:  0)
 25072344      4328  54335320  0.000  0.000 3458.969  497.761    0    0  (Gen:  0)
 22373920      4760  54336360  0.000  0.000 3459.141  497.789    0    0  (Gen:  0)
 27138528      4800  54336896  0.000  0.000 3459.391  497.821    0    0  (Gen:  0)
 24685640      4272  54336864  0.000  0.000 3459.641  497.851    0    0  (Gen:  0)
 27799176      5568  54338544  0.000  0.000 3459.891  497.885    0    0  (Gen:  0)
 25140568      5632  54339056  0.000  0.000 3460.047  497.917    0    0  (Gen:  0)
 26529840  47045256  54262496  0.125  0.029 3460.406  497.979    0    0  (Gen:  1)
 25098096      4720  54261600  0.000  0.000 3460.562  498.010    0    0  (Gen:  0)
 25969144      4320  54261616  0.000  0.000 3460.766  498.042    0    0  (Gen:  0)
 28406664      4304  54262048  0.000  0.000 3461.000  498.077    0    0  (Gen:  0)
 26608432      6048  54264272  0.000  0.000 3461.266  498.110    0    0  (Gen:  0)
 23906128      4928  54263632  0.000  0.000 3461.359  498.139    0    0  (Gen:  0)
 22075448      6344  54265512  0.000  0.000 3461.406  498.167    0    0  (Gen:  0)
 26088832      4240  54263808  0.000  0.000 3461.562  498.198    0    0  (Gen:  0)
 26628064      7248  54267232  0.000  0.000 3461.781  498.232    0    0  (Gen:  0)
 25293120      4680  54265128  0.000  0.000 3462.000  498.263    0    0  (Gen:  0)
 25920112      5512  54266392  0.000  0.000 3462.281  498.295    0    0  (Gen:  0)
 23234416      5296  54266672  0.000  0.000 3462.391  498.323    0    0  (Gen:  0)
 19452768      4344  54266184  0.000  0.000 3462.578  498.348    0    0  (Gen:  0)
 24713760      5848  54268152  0.000  0.000 3462.766  498.379    0    0  (Gen:  0)
 26684216      4928  54267744  0.000  0.000 3462.938  498.412    0    0  (Gen:  0)
 27310272      4784  54268096  0.000  0.000 3463.188  498.446    0    0  (Gen:  0)
 28152880      5008  54268768  0.000  0.000 3463.406  498.481    0    0  (Gen:  0)
 25067296      4384  54268560  0.000  0.000 3463.578  498.511    0    0  (Gen:  0)
 24875160      4528  54269120  0.000  0.000 3463.781  498.542    0    0  (Gen:  0)
 23204232      4464  54269552  0.000  0.000 3464.031  498.570    0    0  (Gen:  0)
 24855704      5856  54304232  0.000  0.000 3464.203  498.599    0    0  (Gen:  0)
 26769360      4072  54270120  0.000  0.000 3464.453  498.633    0    0  (Gen:  0)
 24017536      4416  54270848  0.000  0.000 3464.703  498.662    0    0  (Gen:  0)
 18927680      4624  54271440  0.000  0.000 3464.828  498.685    0    0  (Gen:  0)
 20571152      4344  54271592  0.000  0.000 3464.984  498.743    0    0  (Gen:  0)
 24796320      5248  54305656  0.000  0.000 3465.141  498.773    0    0  (Gen:  0)
 20969064      4800  54305704  0.000  0.000 3465.328  498.800    0    0  (Gen:  0)
 23723704      4720  54306088  0.000  0.000 3465.516  498.829    0    0  (Gen:  0)
 27516384      6384  54308136  0.000  0.000 3465.703  498.861    0    0  (Gen:  0)
 26335336      4320  54306568  0.000  0.000 3465.891  498.893    0    0  (Gen:  0)
 26779440      4544  54307368  0.000  0.000 3466.078  498.925    0    0  (Gen:  0)
 23676104      4112  54307448  0.000  0.000 3466.219  498.953    0    0  (Gen:  0)
 26588464      4680  54308528  0.000  0.000 3466.344  498.985    0    0  (Gen:  0)
 26783928      3664  54308040  0.000  0.000 3466.516  499.018    0    0  (Gen:  0)
 28386480      4784  54309608  0.000  0.000 3466.734  499.053    0    0  (Gen:  0)
 25019680      4424  54309768  0.000  0.000 3466.953  499.083    0    0  (Gen:  0)
 25553528  46998864  54248872  0.125  0.026 3467.266  499.140    0    0  (Gen:  1)
 23050992      4696  54248688  0.000  0.000 3467.359  499.168    0    0  (Gen:  0)
 24513920      5400  54249840  0.000  0.000 3467.562  499.198    0    0  (Gen:  0)
 22445560      5480  54250480  0.000  0.000 3467.734  499.223    0    0  (Gen:  0)
 26214600      4160  54250360  0.000  0.000 3467.906  499.255    0    0  (Gen:  0)
 26822312      3928  54251088  0.000  0.000 3468.125  499.288    0    0  (Gen:  0)
 28037080      4680  54252256  0.000  0.000 3468.375  499.323    0    0  (Gen:  0)
 23320608      4888  54253104  0.000  0.000 3468.594  499.349    0    0  (Gen:  0)
 22579896      3328  54252824  0.000  0.000 3468.828  499.378    0    0  (Gen:  0)
 21642360      4712  54254656  0.000  0.000 3469.016  499.405    0    0  (Gen:  0)
 28950336      4672  54255000  0.000  0.000 3469.266  499.441    0    0  (Gen:  0)
 27073920      4152  54254960  0.000  0.000 3469.469  499.475    0    0  (Gen:  0)
 28804496      4376  54255664  0.000  0.000 3469.703  499.511    0    0  (Gen:  0)
 26799336      5664  54257464  0.000  0.000 3469.938  499.545    0    0  (Gen:  0)
 26378792      4384  54256568  0.000  0.000 3470.172  499.578    0    0  (Gen:  0)
 26124288      4824  54257520  0.000  0.000 3470.391  499.612    0    0  (Gen:  0)
 28445960      4216  54257360  0.000  0.000 3470.641  499.648    0    0  (Gen:  0)
 27094760      4416  54258008  0.000  0.000 3470.891  499.682    0    0  (Gen:  0)
 28450416      5016  54259088  0.000  0.000 3471.156  499.717    0    0  (Gen:  0)
 28841864      6304  54260824  0.000  0.000 3471.391  499.753    0    0  (Gen:  0)
 28166912      3840  54258840  0.000  0.000 3471.594  499.788    0    0  (Gen:  0)
 28224280      4272  54259752  0.000  0.000 3471.844  499.825    0    0  (Gen:  0)
 24126536      4400  54260360  0.000  0.000 3472.016  499.855    0    0  (Gen:  0)
 24310824      4712  54261120  0.000  0.000 3472.203  499.885    0    0  (Gen:  0)
 28455496      3584  54260312  0.078  0.000 3472.562  499.920    0    0  (Gen:  0)
 23948480      3936  54261176  0.000  0.000 3472.594  499.949    0    0  (Gen:  0)
 23892552      5032  54262784  0.000  0.000 3472.797  499.978    0    0  (Gen:  0)
 25759792      4120  54262352  0.000  0.000 3473.000  500.011    0    0  (Gen:  0)
 29507840      4480  54263224  0.000  0.000 3473.328  500.047    0    0  (Gen:  0)
 25158648      3944  54263232  0.000  0.000 3473.578  500.079    0    0  (Gen:  0)
 23810232      4400  54264200  0.000  0.000 3473.828  500.109    0    0  (Gen:  0)
 27911096      4208  54264488  0.000  0.000 3474.078  500.143    0    0  (Gen:  0)
 28037376      4856  54265744  0.000  0.000 3474.328  500.178    0    0  (Gen:  0)
 24578896      4208  54265672  0.000  0.000 3474.547  500.208    0    0  (Gen:  0)
 21632200      4080  54265960  0.000  0.000 3474.750  500.234    0    0  (Gen:  0)
 24940104      4760  54267088  0.000  0.000 3474.906  500.265    0    0  (Gen:  0)
 25203952  46936224  54186232  0.141  0.027 3475.109  500.321    0    0  (Gen:  1)
 27046696      5496  54187344  0.000  0.000 3475.328  500.353    0    0  (Gen:  0)
 23128624      3632  54186888  0.000  0.000 3475.500  500.381    0    0  (Gen:  0)
 19526000      4320  54188088  0.000  0.003 3475.609  500.424    0    0  (Gen:  0)
 19440312      6416  54190688  0.000  0.000 3475.625  500.449    0    0  (Gen:  0)
 25142424      7880  54193296  0.000  0.000 3475.812  500.480    0    0  (Gen:  0)
 24559296      4000  54191448  0.000  0.000 3476.000  500.509    0    0  (Gen:  0)
 23353368      4624  54192632  0.000  0.000 3476.234  500.538    0    0  (Gen:  0)
 25566928      4976  54193432  0.000  0.000 3476.438  500.569    0    0  (Gen:  0)
 27143040      5232  54194200  0.000  0.000 3476.656  500.602    0    0  (Gen:  0)
 27458872      5640  54195088  0.000  0.000 3476.891  500.636    0    0  (Gen:  0)
 30042776      5584  54195448  0.000  0.000 3477.266  500.673    0    0  (Gen:  0)
 28885912      4936  54195312  0.000  0.000 3477.484  500.708    0    0  (Gen:  0)
 24597584      5072  54195960  0.000  0.000 3477.703  500.738    0    0  (Gen:  0)
 27844992      5344  54196712  0.000  0.000 3477.906  500.773    0    0  (Gen:  0)
 26896568      6248  54198368  0.000  0.000 3478.156  500.804    0    0  (Gen:  0)
 27229392      5440  54198808  0.000  0.000 3478.375  500.838    0    0  (Gen:  0)
 26906480      4704  54198632  0.000  0.000 3478.625  500.871    0    0  (Gen:  0)
 26470512      6056  54200432  0.000  0.000 3478.875  500.904    0    0  (Gen:  0)
 25257688      4656  54199512  0.000  0.000 3479.031  500.935    0    0  (Gen:  0)
 26758728      4912  54200152  0.000  0.000 3479.344  500.968    0    0  (Gen:  0)
 29370032      5416  54201072  0.000  0.000 3479.516  501.004    0    0  (Gen:  0)
 24515864      4824  54200992  0.000  0.000 3479.688  501.033    0    0  (Gen:  0)
 25414208      5064  54201616  0.000  0.000 3479.891  501.065    0    0  (Gen:  0)
 25598968      5088  54202056  0.000  0.000 3480.062  501.098    0    0  (Gen:  0)
 26542320      5496  54202880  0.000  0.000 3480.312  501.130    0    0  (Gen:  0)
 26204464      4608  54202472  0.000  0.000 3480.469  501.163    0    0  (Gen:  0)
 28242768      4704  54202920  0.000  0.000 3480.625  501.197    0    0  (Gen:  0)
 26893592      5024  54203784  0.000  0.000 3480.844  501.230    0    0  (Gen:  0)
 24731096      4784  54204088  0.000  0.000 3481.047  501.261    0    0  (Gen:  0)
 21687992      4320  54204040  0.000  0.000 3481.203  501.288    0    0  (Gen:  0)
 25845304      4512  54204664  0.000  0.000 3481.438  501.319    0    0  (Gen:  0)
 27353280      5776  54206376  0.000  0.000 3481.672  501.351    0    0  (Gen:  0)
 27703184      5904  54206984  0.000  0.000 3481.891  501.386    0    0  (Gen:  0)
 29799576      4848  54206440  0.000  0.000 3482.203  501.421    0    0  (Gen:  0)
 27800088  46879160  54129168  0.016  0.027 3482.406  501.481    0    0  (Gen:  1)
 27081952      5240  54129944  0.000  0.000 3482.625  501.513    0    0  (Gen:  0)
 27112208      5024  54130272  0.000  0.000 3482.969  501.545    0    0  (Gen:  0)
 27275720      4824  54130520  0.000  0.000 3483.219  501.578    0    0  (Gen:  0)
 24584040      3872  54130080  0.016  0.000 3483.359  501.608    0    0  (Gen:  0)
 24509144      5120  54131840  0.000  0.000 3483.453  501.637    0    0  (Gen:  0)
 24428656      4208  54131440  0.000  0.000 3483.656  501.665    0    0  (Gen:  0)
 26478224      5544  54133224  0.000  0.000 3483.875  501.697    0    0  (Gen:  0)
 24053232      5128  54133368  0.000  0.000 3484.109  501.724    0    0  (Gen:  0)
 10129496      5712  54135136  0.000  0.000 3484.125  501.809    0    0  (Gen:  0)
 18738440      5832  54136776  0.000  0.000 3484.250  501.834    0    0  (Gen:  0)
 13472960      5240  54137600  0.000  0.000 3484.297  501.853    0    0  (Gen:  0)
 20234784      5488  54140016  0.000  0.000 3484.469  501.880    0    0  (Gen:  0)
 26147192      4480  54140600  0.000  0.000 3484.641  501.912    0    0  (Gen:  0)
 25508664      5216  54142096  0.000  0.003 3484.828  501.949    0    0  (Gen:  0)
 11189648      4120  54141480  0.031  0.001 3484.906  501.983    0    0  (Gen:  0)
 21380200      6480  54145032  0.000  0.000 3485.000  502.008    0    0  (Gen:  0)
 18231048      5328  54146216  0.000  0.000 3485.094  502.034    0    0  (Gen:  0)
 21450040      5856  54147712  0.000  0.000 3485.203  502.060    0    0  (Gen:  0)
 22911720      5056  54147328  0.000  0.000 3485.297  502.087    0    0  (Gen:  0)
 20185752      4232  54146888  0.000  0.000 3485.406  502.114    0    0  (Gen:  0)
 24852392      4816  54147824  0.000  0.000 3485.625  502.143    0    0  (Gen:  0)
 22123328      4560  54148000  0.000  0.000 3485.859  502.171    0    0  (Gen:  0)
 27187512      5624  54149528  0.000  0.000 3486.109  502.204    0    0  (Gen:  0)
 27930600      5272  54149624  0.000  0.000 3486.234  502.238    0    0  (Gen:  0)
 28666120      5000  54149800  0.000  0.000 3486.375  502.273    0    0  (Gen:  0)
 28626520      4008  54149192  0.000  0.000 3486.562  502.308    0    0  (Gen:  0)
 27824272      3984  54149680  0.000  0.000 3486.797  502.341    0    0  (Gen:  0)
 29470648      4648  54150760  0.000  0.000 3487.172  502.376    0    0  (Gen:  0)
 25154912      5880  54152504  0.000  0.000 3487.422  502.407    0    0  (Gen:  0)
 24389520      5544  54152616  0.000  0.000 3487.516  502.435    0    0  (Gen:  0)
 24687672      4616  54184832  0.000  0.000 3487.766  502.464    0    0  (Gen:  0)
 27293232      4944  54185608  0.000  0.000 3487.938  502.498    0    0  (Gen:  0)
 23549144      4496  54185640  0.000  0.000 3488.016  502.527    0    0  (Gen:  0)
 24757984      4560  54186120  0.000  0.000 3488.219  502.556    0    0  (Gen:  0)
 25318344      5136  54187112  0.000  0.000 3488.453  502.585    0    0  (Gen:  0)
 24811184      4944  54187336  0.000  0.000 3488.688  502.615    0    0  (Gen:  0)
 26009880      5160  54188032  0.000  0.000 3488.938  502.645    0    0  (Gen:  0)
 23723792      5696  54189064  0.000  0.000 3489.188  502.673    0    0  (Gen:  0)
 24968672      4720  54188568  0.000  0.000 3489.406  502.703    0    0  (Gen:  0)
 24132144      5352  54189664  0.000  0.000 3489.484  502.731    0    0  (Gen:  0)
 27855600      4408  54189104  0.000  0.000 3489.781  502.764    0    0  (Gen:  0)
 18783672  46821264  54104032  0.062  0.024 3489.969  502.810    0    0  (Gen:  1)
 27105568      6264  54106496  0.000  0.000 3490.328  502.842    0    0  (Gen:  0)
 20520112      5192  54105952  0.000  0.000 3490.438  502.867    0    0  (Gen:  0)
 25442328      4928  54106104  0.000  0.000 3490.625  502.898    0    0  (Gen:  0)
 24348072      5072  54106792  0.000  0.000 3490.859  502.928    0    0  (Gen:  0)
 28701888      5072  54107176  0.000  0.000 3491.031  502.962    0    0  (Gen:  0)
 25521536      4224  54106808  0.000  0.000 3491.250  502.992    0    0  (Gen:  0)
 25493800      4120  54107120  0.000  0.000 3491.422  503.023    0    0  (Gen:  0)
 25751616      4840  54108360  0.000  0.000 3491.641  503.054    0    0  (Gen:  0)
 25189848      4376  54108312  0.000  0.000 3491.875  503.083    0    0  (Gen:  0)
 26527720      4960  54109376  0.000  0.000 3492.109  503.115    0    0  (Gen:  0)
 23040256      5304  54110200  0.000  0.000 3492.328  503.141    0    0  (Gen:  0)
 27783560      5136  54110512  0.000  0.000 3492.562  503.174    0    0  (Gen:  0)
 24507336      4856  54110728  0.000  0.000 3492.797  503.203    0    0  (Gen:  0)
 23951840      4392  54110712  0.000  0.000 3492.906  503.232    0    0  (Gen:  0)
 22177872      4752  54111488  0.000  0.000 3493.109  503.257    0    0  (Gen:  0)
 27487840      4680  54111928  0.000  0.000 3493.312  503.290    0    0  (Gen:  0)
 22152128      6808  54114552  0.000  0.000 3493.562  503.315    0    0  (Gen:  0)
 27332104      4896  54113056  0.000  0.000 3493.797  503.347    0    0  (Gen:  0)
 27906136      5744  54114320  0.000  0.000 3494.047  503.381    0    0  (Gen:  0)
 20813856      4416  54113440  0.000  0.000 3494.266  503.406    0    0  (Gen:  0)
 21622792      5264  54114800  0.000  0.000 3494.359  503.432    0    0  (Gen:  0)
 28455608      5464  54115528  0.000  0.000 3494.594  503.466    0    0  (Gen:  0)
 27812080      5240  54115912  0.000  0.000 3494.812  503.499    0    0  (Gen:  0)
 22106384      5328  54116544  0.000  0.000 3494.844  503.527    0    0  (Gen:  0)
 25216768      5856  54117392  0.000  0.000 3495.078  503.556    0    0  (Gen:  0)
 27698608      5128  54117080  0.000  0.000 3495.312  503.589    0    0  (Gen:  0)
 25340896      5256  54117752  0.000  0.000 3495.547  503.618    0    0  (Gen:  0)
 17288864      5288  54118232  0.000  0.005 3495.688  503.653    0    0  (Gen:  0)
 19976976      5760  54119088  0.000  0.000 3495.766  503.679    0    0  (Gen:  0)
 22888200      5264  54119184  0.000  0.000 3495.969  503.706    0    0  (Gen:  0)
 20358608      6280  54120696  0.000  0.000 3496.062  503.732    0    0  (Gen:  0)
 22860536      4912  54119776  0.000  0.000 3496.250  503.758    0    0  (Gen:  0)
 24609432      4704  54119984  0.000  0.000 3496.406  503.787    0    0  (Gen:  0)
 24727632      6544  54122208  0.000  0.000 3496.625  503.816    0    0  (Gen:  0)
 24358056      4888  54121064  0.000  0.000 3496.844  503.845    0    0  (Gen:  0)
 25358120      5096  54121656  0.000  0.000 3496.984  503.874    0    0  (Gen:  0)
 26924392      4472  54121512  0.000  0.000 3497.234  503.906    0    0  (Gen:  0)
 29058880      5136  54122752  0.000  0.000 3497.484  503.939    0    0  (Gen:  0)
 26506376      4648  54122776  0.000  0.000 3497.703  503.970    0    0  (Gen:  0)
 26344328      5600  54124272  0.000  0.000 3497.922  504.002    0    0  (Gen:  0)
 27206480      5168  54124256  0.000  0.000 3498.125  504.034    0    0  (Gen:  0)
 26556976      5448  54124920  0.000  0.000 3498.375  504.066    0    0  (Gen:  0)
 25466384      4304  54124288  0.000  0.000 3498.609  504.096    0    0  (Gen:  0)
 26130112      4736  54125104  0.000  0.000 3498.844  504.127    0    0  (Gen:  0)
 24549896  46757744  54040520  0.016  0.025 3499.062  504.181    0    0  (Gen:  1)
 28179880      5352  54041976  0.000  0.000 3499.219  504.214    0    0  (Gen:  0)
 25637648      5080  54042312  0.000  0.000 3499.422  504.244    0    0  (Gen:  0)
 28358832      5976  54043688  0.000  0.000 3499.641  504.277    0    0  (Gen:  0)
 25639760      4888  54043112  0.000  0.000 3499.859  504.307    0    0  (Gen:  0)
 24647624      5584  54044416  0.000  0.000 3500.062  504.336    0    0  (Gen:  0)
 29104080      5240  54044680  0.000  0.000 3500.297  504.370    0    0  (Gen:  0)
 23930776      4584  54044616  0.000  0.000 3500.484  504.397    0    0  (Gen:  0)
 26216136      4064  54044640  0.000  0.000 3500.734  504.427    0    0  (Gen:  0)
 23371440      5704  54046792  0.000  0.000 3500.969  504.454    0    0  (Gen:  0)
 23668056      6784  54048384  0.000  0.000 3501.078  504.482    0    0  (Gen:  0)
 23454632      4624  54046672  0.000  0.000 3501.250  504.510    0    0  (Gen:  0)
 27635280      5920  54048480  0.000  0.000 3501.469  504.544    0    0  (Gen:  0)
 26605200      4880  54048032  0.000  0.000 3501.656  504.575    0    0  (Gen:  0)
 23107408      4544  54048176  0.000  0.000 3501.891  504.602    0    0  (Gen:  0)
 27327000      5848  54049896  0.000  0.000 3502.141  504.634    0    0  (Gen:  0)
 26828232      7272  54051832  0.000  0.000 3502.391  504.664    0    0  (Gen:  0)
 26935384      7072  54052832  0.000  0.000 3502.625  504.695    0    0  (Gen:  0)
 17329176      5048  54051736  0.000  0.000 3502.719  504.717    0    0  (Gen:  0)
 23729752      4960  54052032  0.000  0.000 3502.812  504.745    0    0  (Gen:  0)
 15438024      5392  54053024  0.000  0.000 3502.922  504.764    0    0  (Gen:  0)
 22586760      6720  54054752  0.000  0.000 3503.047  504.790    0    0  (Gen:  0)
 23832176      5328  54053792  0.000  0.000 3503.297  504.818    0    0  (Gen:  0)
 26323080      4568  54053576  0.000  0.000 3503.516  504.849    0    0  (Gen:  0)
 24906384      4960  54054480  0.000  0.000 3503.750  504.881    0    0  (Gen:  0)
 22154024      5168  54055200  0.000  0.000 3503.984  504.906    0    0  (Gen:  0)
 24223304      5840  54056320  0.000  0.000 3504.109  504.935    0    0  (Gen:  0)
 27543664      4080  54054944  0.000  0.000 3504.312  504.967    0    0  (Gen:  0)
 28132512      4856  54056264  0.000  0.000 3504.500  505.001    0    0  (Gen:  0)
 25667672      6104  54058056  0.000  0.000 3504.750  505.032    0    0  (Gen:  0)
 28827584      5008  54057344  0.000  0.000 3504.969  505.067    0    0  (Gen:  0)
 24864992      5360  54058144  0.000  0.000 3505.203  505.097    0    0  (Gen:  0)
 24110640      4160  54057488  0.000  0.000 3505.438  505.125    0    0  (Gen:  0)
 26636168      5192  54059000  0.000  0.000 3505.688  505.157    0    0  (Gen:  0)
 25379808      7432  54061752  0.000  0.000 3505.922  505.187    0    0  (Gen:  0)
 24244800      4232  54058968  0.000  0.000 3506.047  505.215    0    0  (Gen:  0)
 27886248      6112  54061296  0.000  0.000 3506.250  505.247    0    0  (Gen:  0)
 18274088      5096  54060792  0.000  0.000 3506.391  505.299    0    0  (Gen:  0)
 26973392      4968  54061080  0.000  0.000 3506.484  505.335    0    0  (Gen:  0)
 22842224      4928  54061712  0.000  0.000 3506.688  505.362    0    0  (Gen:  0)
 28064584      5336  54062552  0.000  0.000 3506.922  505.396    0    0  (Gen:  0)
 28976480  46690776  53973552  0.109  0.028 3507.266  505.458    0    0  (Gen:  1)
 25445016      5432  53975120  0.000  0.000 3507.484  505.488    0    0  (Gen:  0)
 27115640      6184  53976448  0.000  0.000 3507.719  505.520    0    0  (Gen:  0)
 25375384      4744  53975424  0.000  0.000 3507.953  505.548    0    0  (Gen:  0)
 28878952      4904  53976096  0.000  0.000 3508.156  505.583    0    0  (Gen:  0)
 24259504      5024  53976728  0.000  0.000 3508.344  505.612    0    0  (Gen:  0)
 25538992      5432  53977520  0.000  0.000 3508.562  505.642    0    0  (Gen:  0)
 24723032      6528  54011920  0.000  0.000 3508.812  505.671    0    0  (Gen:  0)
 28428544      4832  54010608  0.000  0.000 3509.062  505.704    0    0  (Gen:  0)
 27319296      5360  54011648  0.000  0.000 3509.297  505.736    0    0  (Gen:  0)
 24092920      6480  54013280  0.000  0.000 3509.453  505.764    0    0  (Gen:  0)
 27684840      6680  54013864  0.000  0.000 3509.672  505.797    0    0  (Gen:  0)
 25053592      7048  54014680  0.000  0.000 3509.781  505.826    0    0  (Gen:  0)
 25241616      5560  54013704  0.000  0.000 3509.969  505.855    0    0  (Gen:  0)
 23183672      4432  54013040  0.000  0.000 3510.156  505.882    0    0  (Gen:  0)
 26392136      5120  54014176  0.000  0.000 3510.406  505.914    0    0  (Gen:  0)
 27479120      6408  54015976  0.000  0.000 3510.562  505.946    0    0  (Gen:  0)
 23005120      4848  54014944  0.000  0.000 3510.766  505.974    0    0  (Gen:  0)
 25705904      5792  54016312  0.000  0.000 3510.969  506.005    0    0  (Gen:  0)
 23805648      4144  54015192  0.000  0.000 3511.203  506.034    0    0  (Gen:  0)
 24684344      6560  54018024  0.000  0.000 3511.453  506.062    0    0  (Gen:  0)
 29483768      5520  54018440  0.000  0.000 3511.656  506.097    0    0  (Gen:  0)
 26056736      4920  54018448  0.000  0.000 3511.859  506.128    0    0  (Gen:  0)
 26612456      6576  54020552  0.000  0.000 3512.078  506.158    0    0  (Gen:  0)
 22244320      4168  54019392  0.000  0.000 3512.188  506.185    0    0  (Gen:  0)
 27202472      4128  54020088  0.000  0.000 3512.547  506.218    0    0  (Gen:  0)
 25107072      5792  54022296  0.000  0.000 3512.672  506.250    0    0  (Gen:  0)
 23730320      5232  54022120  0.000  0.000 3512.766  506.278    0    0  (Gen:  0)
 24063560      5408  54022680  0.000  0.000 3512.984  506.309    0    0  (Gen:  0)
 23528432      6400  54024136  0.000  0.000 3513.203  506.338    0    0  (Gen:  0)
 22665560      4240  54022408  0.000  0.000 3513.422  506.366    0    0  (Gen:  0)
 23735960      5592  54024256  0.000  0.000 3513.594  506.396    0    0  (Gen:  0)
 22930408      4288  54023352  0.000  0.000 3513.828  506.423    0    0  (Gen:  0)
 25406288      5048  54024464  0.000  0.000 3514.078  506.454    0    0  (Gen:  0)
 22018920      5136  54024936  0.000  0.000 3514.141  506.481    0    0  (Gen:  0)
 27575360  46635944  53951488  0.016  0.023 3514.359  506.541    0    0  (Gen:  1)
 27003832      5280  53952376  0.000  0.000 3514.594  506.575    0    0  (Gen:  0)
 25828680      4216  53951664  0.000  0.000 3514.844  506.606    0    0  (Gen:  0)
 24668632      4472  53952400  0.000  0.000 3514.984  506.636    0    0  (Gen:  0)
 21877352      3536  53951816  0.000  0.000 3515.203  506.662    0    0  (Gen:  0)
 17595072      4888  53953520  0.000  0.000 3515.266  506.683    0    0  (Gen:  0)
 25922064      5648  53955496  0.000  0.000 3515.484  506.715    0    0  (Gen:  0)
 25013168      5648  53956440  0.000  0.000 3515.625  506.747    0    0  (Gen:  0)
 25290608      5768  53957072  0.000  0.000 3515.797  506.779    0    0  (Gen:  0)
 28470824      4120  53955824  0.000  0.000 3516.141  506.815    0    0  (Gen:  0)
 27315688      3792  53956008  0.000  0.000 3516.391  506.849    0    0  (Gen:  0)
 28926952      4160  53956888  0.000  0.000 3516.641  506.885    0    0  (Gen:  0)
 22640040      3976  53957152  0.000  0.026 3516.828  506.944    0    0  (Gen:  0)
 22698832      4080  53957704  0.000  0.000 3517.016  506.972    0    0  (Gen:  0)
 22267760      3728  53957832  0.000  0.000 3517.172  507.001    0    0  (Gen:  0)
 28789280      4752  53959352  0.000  0.000 3517.391  507.036    0    0  (Gen:  0)
 24071480      4776  53959920  0.000  0.000 3517.625  507.065    0    0  (Gen:  0)
 26725384      4656  53960184  0.000  0.000 3517.859  507.098    0    0  (Gen:  0)
 28266168      4016  53960024  0.000  0.000 3518.094  507.133    0    0  (Gen:  0)
 26265400      4912  53961512  0.000  0.000 3518.250  507.166    0    0  (Gen:  0)
 25417328      5264  53962344  0.000  0.000 3518.500  507.198    0    0  (Gen:  0)
 26633432      4432  53961976  0.000  0.000 3518.703  507.231    0    0  (Gen:  0)
 27206704      5288  53963312  0.000  0.000 3518.984  507.266    0    0  (Gen:  0)
 25353584      5696  53996864  0.000  0.000 3519.234  507.298    0    0  (Gen:  0)
 25140424      4824  53996472  0.000  0.000 3519.453  507.328    0    0  (Gen:  0)
 28932176      5408  53997488  0.000  0.000 3519.688  507.363    0    0  (Gen:  0)
 27681168      4360  53996888  0.000  0.000 3519.906  507.398    0    0  (Gen:  0)
 24676312      3528  53996536  0.000  0.000 3520.156  507.429    0    0  (Gen:  0)
 19842960      4048  53997472  0.000  0.000 3520.344  507.453    0    0  (Gen:  0)
 24893816      5704  53999928  0.000  0.000 3520.547  507.483    0    0  (Gen:  0)
 28202648      4616  53999928  0.000  0.000 3520.734  507.519    0    0  (Gen:  0)
 26318400      4160  53999920  0.000  0.000 3520.953  507.554    0    0  (Gen:  0)
 22477384      4344  54000584  0.000  0.000 3521.172  507.582    0    0  (Gen:  0)
 25375816      4128  54000760  0.000  0.000 3521.391  507.615    0    0  (Gen:  0)
 26618632      4896  54002024  0.000  0.000 3521.625  507.649    0    0  (Gen:  0)
 21226648      4432  54001944  0.000  0.000 3521.797  507.676    0    0  (Gen:  0)
 25799176  46580088  53928400  0.109  0.027 3522.109  507.735    0    0  (Gen:  1)
 25186936      4104  53927424  0.000  0.000 3522.234  507.766    0    0  (Gen:  0)
 22949248      4440  53928144  0.000  0.000 3522.359  507.794    0    0  (Gen:  0)
 25465528      3888  53927976  0.000  0.000 3522.578  507.826    0    0  (Gen:  0)
 28723744      4088  53928528  0.000  0.000 3522.797  507.862    0    0  (Gen:  0)
 25244104      6352  53931272  0.000  0.000 3523.047  507.893    0    0  (Gen:  0)
 23233400      4296  53929728  0.000  0.000 3523.281  507.922    0    0  (Gen:  0)
 28485488      4392  53930288  0.000  0.000 3523.516  507.958    0    0  (Gen:  0)
 22291064      3656  53930016  0.000  0.000 3523.734  507.987    0    0  (Gen:  0)
 20432848      4080  53930824  0.078  0.000 3523.828  508.014    0    0  (Gen:  0)
 26396304      3904  53931064  0.000  0.000 3524.078  508.047    0    0  (Gen:  0)
 23625280      4272  53931960  0.000  0.000 3524.312  508.077    0    0  (Gen:  0)
 24815040      4136  53932176  0.000  0.000 3524.531  508.108    0    0  (Gen:  0)
 27449880      5568  53934056  0.000  0.000 3524.781  508.143    0    0  (Gen:  0)
 22184128      4448  53933320  0.000  0.000 3524.938  508.171    0    0  (Gen:  0)
 24837768      4096  53933320  0.000  0.000 3525.188  508.202    0    0  (Gen:  0)
 23412808      4304  53934008  0.000  0.000 3525.281  508.231    0    0  (Gen:  0)
 24959016      4800  53935064  0.000  0.000 3525.422  508.262    0    0  (Gen:  0)
 28749840      4720  53935448  0.000  0.000 3525.641  508.298    0    0  (Gen:  0)
 28066920      4056  53935264  0.000  0.000 3525.797  508.333    0    0  (Gen:  0)
 26860656      4256  53935880  0.000  0.000 3526.031  508.367    0    0  (Gen:  0)
 25186992      4632  53936736  0.000  0.000 3526.281  508.398    0    0  (Gen:  0)
 24702800      4048  53936664  0.000  0.000 3526.531  508.429    0    0  (Gen:  0)
 26667800      4976  53938104  0.000  0.000 3526.766  508.460    0    0  (Gen:  0)
 22885304      4896  53939400  0.000  0.000 3526.938  508.489    0    0  (Gen:  0)
 23890640      3608  53938592  0.000  0.000 3527.109  508.557    0    0  (Gen:  0)
 23993024      4488  53939888  0.000  0.000 3527.250  508.587    0    0  (Gen:  0)
 22828440      3816  53939696  0.000  0.000 3527.375  508.617    0    0  (Gen:  0)
 26929840      4440  53940704  0.000  0.000 3527.625  508.651    0    0  (Gen:  0)
 23554816      4840  53941648  0.000  0.000 3527.875  508.680    0    0  (Gen:  0)
 26186752      4000  53941272  0.000  0.000 3528.094  508.713    0    0  (Gen:  0)
 25878176      3896  53941712  0.000  0.000 3528.312  508.745    0    0  (Gen:  0)
 27198680      4984  53943280  0.000  0.000 3528.531  508.779    0    0  (Gen:  0)
 24107448      4528  53943336  0.000  0.000 3528.719  508.809    0    0  (Gen:  0)
 22140288      4560  53943880  0.000  0.000 3528.922  508.836    0    0  (Gen:  0)
 29336808      4728  53944400  0.000  0.000 3529.156  508.873    0    0  (Gen:  0)
 26078752  46524624  53872936  0.016  0.027 3529.453  508.932    0    0  (Gen:  1)
 28396752      4024  53873520  0.000  0.000 3529.656  508.967    0    0  (Gen:  0)
 27584608      5264  53875304  0.000  0.000 3529.797  509.001    0    0  (Gen:  0)
 25110240      5248  53875896  0.000  0.000 3529.969  509.031    0    0  (Gen:  0)
 25879960      4280  53875520  0.000  0.000 3530.203  509.064    0    0  (Gen:  0)
 22941472      4728  53876448  0.000  0.000 3530.375  509.093    0    0  (Gen:  0)
 27242720      4432  53876568  0.000  0.000 3530.594  509.127    0    0  (Gen:  0)
 26404160      5408  53878024  0.000  0.000 3530.828  509.160    0    0  (Gen:  0)
 27843600      5368  53878368  0.000  0.000 3531.062  509.194    0    0  (Gen:  0)
 27091040      4592  53878072  0.000  0.000 3531.297  509.227    0    0  (Gen:  0)
 24698640      4576  53878504  0.000  0.000 3531.547  509.257    0    0  (Gen:  0)
 24075096      5120  53879400  0.000  0.000 3531.641  509.287    0    0  (Gen:  0)
 18901032      4256  53878984  0.000  0.000 3531.828  509.311    0    0  (Gen:  0)
 28375904      5456  53880616  0.000  0.000 3532.062  509.346    0    0  (Gen:  0)
 24897016      5016  53880752  0.000  0.000 3532.312  509.377    0    0  (Gen:  0)
 26053920      5816  53881904  0.000  0.000 3532.516  509.409    0    0  (Gen:  0)
 24240536      4864  53881400  0.000  0.000 3532.672  509.438    0    0  (Gen:  0)
 25366072      4552  53881472  0.000  0.000 3532.891  509.469    0    0  (Gen:  0)
 25319616      4312  53881616  0.000  0.000 3533.062  509.501    0    0  (Gen:  0)
 21224320      4920  53882640  0.000  0.000 3533.156  509.528    0    0  (Gen:  0)
 25500560      5944  53884176  0.000  0.000 3533.344  509.559    0    0  (Gen:  0)
 24125984      6384  53885112  0.000  0.000 3533.578  509.589    0    0  (Gen:  0)
 28744704      4904  53884080  0.000  0.000 3533.797  509.624    0    0  (Gen:  0)
 25464456      5520  53885144  0.000  0.000 3534.047  509.655    0    0  (Gen:  0)
 28404616      5496  53885568  0.000  0.000 3534.234  509.689    0    0  (Gen:  0)
 24694744      4288  53884952  0.000  0.000 3534.438  509.720    0    0  (Gen:  0)
 25754552      4792  53886000  0.000  0.000 3534.625  509.751    0    0  (Gen:  0)
 24714296      6048  53887784  0.000  0.000 3534.781  509.781    0    0  (Gen:  0)
 26431608      4552  53886816  0.000  0.000 3535.016  509.813    0    0  (Gen:  0)
 21368816      5304  53888208  0.000  0.000 3535.109  509.839    0    0  (Gen:  0)
 26815488      4496  53887848  0.000  0.000 3535.328  509.872    0    0  (Gen:  0)
 22589528      4904  53888800  0.000  0.000 3535.531  509.899    0    0  (Gen:  0)
 27752192      5248  53889656  0.000  0.000 3535.781  509.931    0    0  (Gen:  0)
 27778552      5200  53890824  0.000  0.000 3535.953  509.964    0    0  (Gen:  0)
 24890272      5216  53891800  0.000  0.000 3536.172  509.993    0    0  (Gen:  0)
 26601880      4352  53891448  0.000  0.000 3536.328  510.025    0    0  (Gen:  0)
 20109568      6128  53893640  0.000  0.000 3536.500  510.049    0    0  (Gen:  0)
 24884216      5568  53893528  0.000  0.000 3536.719  510.078    0    0  (Gen:  0)
 22714920      5080  53894496  0.000  0.000 3536.844  510.106    0    0  (Gen:  0)
 26733128      4896  53894760  0.000  0.000 3537.078  510.139    0    0  (Gen:  0)
 25549784  46459072  53807384  0.016  0.024 3537.406  510.194    0    0  (Gen:  1)
 25978072      5448  53808888  0.000  0.000 3537.656  510.225    0    0  (Gen:  0)
 25923536      5728  53809648  0.000  0.000 3537.828  510.257    0    0  (Gen:  0)
 23241496      4368  53808704  0.000  0.000 3537.969  510.285    0    0  (Gen:  0)
 20787400      4896  53809648  0.031  0.007 3538.109  510.330    0    0  (Gen:  0)
 21193104      4456  53809608  0.000  0.001 3538.203  510.360    0    0  (Gen:  0)
 17829856      4080  53809712  0.000  0.001 3538.312  510.385    0    0  (Gen:  0)
 19692928      5136  53811152  0.000  0.000 3538.500  510.411    0    0  (Gen:  0)
 28383552      4384  53810832  0.000  0.000 3538.734  510.445    0    0  (Gen:  0)
 21607368      5128  53811960  0.000  0.000 3538.969  510.471    0    0  (Gen:  0)
 27446736      4720  53811936  0.000  0.000 3539.141  510.506    0    0  (Gen:  0)
 21898280      5216  53812880  0.000  0.000 3539.344  510.533    0    0  (Gen:  0)
 22003464      5640  53813656  0.000  0.000 3539.469  510.559    0    0  (Gen:  0)
 24522256      5480  53813960  0.000  0.000 3539.672  510.589    0    0  (Gen:  0)
 27410008      6592  53815504  0.000  0.000 3539.891  510.622    0    0  (Gen:  0)
 26256208      4776  53814184  0.000  0.000 3540.141  510.653    0    0  (Gen:  0)
 18337256      4568  53814424  0.000  0.000 3540.297  510.675    0    0  (Gen:  0)
 21731752      5752  53816024  0.000  0.000 3540.312  510.701    0    0  (Gen:  0)
 20801912      4968  53815752  0.000  0.000 3540.406  510.727    0    0  (Gen:  0)
 26168272      5208  53816360  0.000  0.000 3540.562  510.758    0    0  (Gen:  0)
 25340232      5824  53817504  0.000  0.000 3540.766  510.788    0    0  (Gen:  0)
 26020304      5608  53817736  0.000  0.000 3541.000  510.819    0    0  (Gen:  0)
 26779272      5288  53817832  0.000  0.000 3541.203  510.851    0    0  (Gen:  0)
 23353736      6176  53819168  0.000  0.000 3541.438  510.879    0    0  (Gen:  0)
 28052328      5160  53818504  0.000  0.000 3541.672  510.913    0    0  (Gen:  0)
 23982840      4896  53818688  0.000  0.000 3541.859  510.941    0    0  (Gen:  0)
 26335208      5024  53819264  0.000  0.000 3542.094  510.972    0    0  (Gen:  0)
 23901448      4168  53818856  0.000  0.000 3542.297  511.001    0    0  (Gen:  0)
 28122280      4432  53819536  0.000  0.000 3542.531  511.034    0    0  (Gen:  0)
 26620792      4800  53820432  0.000  0.000 3542.766  511.067    0    0  (Gen:  0)
 25160808      7304  53823320  0.000  0.000 3542.984  511.097    0    0  (Gen:  0)
 24509512      6328  53822792  0.000  0.000 3543.203  511.126    0    0  (Gen:  0)
 25599024      4432  53821280  0.000  0.000 3543.453  511.157    0    0  (Gen:  0)
 22405896      4488  53821784  0.000  0.000 3543.578  511.183    0    0  (Gen:  0)
 26137776      7384  53825032  0.000  0.000 3543.812  511.215    0    0  (Gen:  0)
 24989880      6592  53824656  0.000  0.000 3544.047  511.244    0    0  (Gen:  0)
 25429568      4192  53822640  0.000  0.000 3544.188  511.276    0    0  (Gen:  0)
 23344864      5808  53857464  0.000  0.000 3544.422  511.303    0    0  (Gen:  0)
 23833960      5136  53824416  0.000  0.000 3544.625  511.332    0    0  (Gen:  0)
 27242184      5480  53825176  0.000  0.000 3544.859  511.365    0    0  (Gen:  0)
 26856552      5872  53858776  0.000  0.000 3545.094  511.397    0    0  (Gen:  0)
 11836008  46407344  53788416  0.047  0.028 3545.266  511.438    0    0  (Gen:  1)
 24562920      5552  53789808  0.000  0.000 3545.391  511.467    0    0  (Gen:  0)
 25518544      5624  53790456  0.000  0.000 3545.594  511.497    0    0  (Gen:  0)
 27572224      6072  53791352  0.000  0.000 3545.766  511.530    0    0  (Gen:  0)
 28835912      5688  53824144  0.000  0.000 3545.938  511.564    0    0  (Gen:  0)
 29956168      4968  53791112  0.000  0.000 3546.141  511.600    0    0  (Gen:  0)
 25325176      4704  53791360  0.000  0.000 3546.328  511.630    0    0  (Gen:  0)
 26440936      5368  53792568  0.000  0.000 3546.562  511.662    0    0  (Gen:  0)
 26663384      4640  53792288  0.000  0.000 3546.812  511.693    0    0  (Gen:  0)
 24477872      5672  53826560  0.000  0.000 3547.062  511.722    0    0  (Gen:  0)
 26293224      6704  53828008  0.000  0.000 3547.219  511.753    0    0  (Gen:  0)
 30826616      5640  53827368  0.000  0.000 3547.406  511.790    0    0  (Gen:  0)
 24028560      3944  53826280  0.000  0.000 3547.562  511.819    0    0  (Gen:  0)
 21142968      4600  53827352  0.000  0.000 3547.734  511.844    0    0  (Gen:  0)
 28421672      4192  53827392  0.000  0.000 3547.984  511.877    0    0  (Gen:  0)
 26688216      7568  53831280  0.000  0.000 3548.219  511.909    0    0  (Gen:  0)
 28923240      5144  53829448  0.000  0.000 3548.391  511.943    0    0  (Gen:  0)
 21278056      5240  53830168  0.000  0.000 3548.594  511.968    0    0  (Gen:  0)
 24204408      4528  53829904  0.000  0.013 3548.719  512.033    0    0  (Gen:  0)
 25494248      5216  53831160  0.000  0.000 3548.875  512.064    0    0  (Gen:  0)
 24131872      5296  53831896  0.000  0.000 3549.047  512.094    0    0  (Gen:  0)
 26920744      4856  53831920  0.000  0.000 3549.297  512.125    0    0  (Gen:  0)
 21916944      4264  53831936  0.000  0.000 3549.422  512.150    0    0  (Gen:  0)
 23059880      5272  53833424  0.000  0.000 3549.594  512.179    0    0  (Gen:  0)
 23979696      4896  53833560  0.000  0.000 3549.812  512.208    0    0  (Gen:  0)
 23395640      4344  53833472  0.000  0.000 3550.031  512.236    0    0  (Gen:  0)
 23095872      5840  53835464  0.000  0.000 3550.156  512.264    0    0  (Gen:  0)
 23909496      5280  53835288  0.000  0.000 3550.266  512.292    0    0  (Gen:  0)
 24991120      5248  53835640  0.000  0.000 3550.500  512.323    0    0  (Gen:  0)
 24918712      4888  53835696  0.000  0.000 3550.719  512.353    0    0  (Gen:  0)
 25235760      6736  53838120  0.000  0.000 3550.906  512.383    0    0  (Gen:  0)
 26833544      5712  53837624  0.000  0.000 3551.156  512.415    0    0  (Gen:  0)
 26031232      5808  53838296  0.000  0.000 3551.391  512.446    0    0  (Gen:  0)
 28259176      4896  53837800  0.000  0.000 3551.562  512.480    0    0  (Gen:  0)
 22408008      5384  53838800  0.000  0.000 3551.797  512.506    0    0  (Gen:  0)
 24513560      5408  53839240  0.000  0.000 3552.000  512.536    0    0  (Gen:  0)
 25394728      5984  53840312  0.000  0.000 3552.234  512.566    0    0  (Gen:  0)
 25996632      4720  53839464  0.000  0.000 3552.453  512.597    0    0  (Gen:  0)
 26321832      5304  53840496  0.000  0.000 3552.688  512.628    0    0  (Gen:  0)
 23940472      4896  53840568  0.000  0.000 3552.891  512.656    0    0  (Gen:  0)
 23902720      6352  53842376  0.016  0.000 3553.031  512.685    0    0  (Gen:  0)
 25511824  46344576  53758424  0.109  0.024 3553.266  512.738    0    0  (Gen:  1)
 24671152      5368  53759424  0.000  0.000 3553.422  512.767    0    0  (Gen:  0)
 26545000      6576  53761176  0.000  0.000 3553.656  512.799    0    0  (Gen:  0)
 23520344      5680  53760728  0.000  0.000 3553.781  512.826    0    0  (Gen:  0)
 22011712      4792  53760224  0.000  0.000 3553.984  512.853    0    0  (Gen:  0)
 22407568      7808  53763816  0.000  0.000 3554.125  512.879    0    0  (Gen:  0)
 24562640      6176  53763488  0.000  0.000 3554.375  512.908    0    0  (Gen:  0)
 23898144      5568  53763328  0.000  0.000 3554.609  512.937    0    0  (Gen:  0)
 26633704      6048  53764272  0.000  0.000 3554.844  512.968    0    0  (Gen:  0)
 24105216      5760  53764400  0.000  0.000 3554.969  512.997    0    0  (Gen:  0)
 23205152      4504  53763560  0.000  0.000 3555.156  513.024    0    0  (Gen:  0)
 22361976      4968  53764440  0.000  0.000 3555.391  513.051    0    0  (Gen:  0)
 25209160      5128  53765128  0.000  0.000 3555.625  513.081    0    0  (Gen:  0)
 25417536      4624  53765008  0.000  0.000 3555.875  513.111    0    0  (Gen:  0)
 23683312      4600  53765496  0.031  0.000 3556.031  513.139    0    0  (Gen:  0)
 26469592      6496  53767904  0.000  0.000 3556.266  513.170    0    0  (Gen:  0)
 25575952      5344  53767200  0.000  0.000 3556.375  513.201    0    0  (Gen:  0)
 20036560      6000  53768400  0.000  0.000 3556.562  513.224    0    0  (Gen:  0)
 26154288      6368  53769184  0.000  0.000 3556.781  513.255    0    0  (Gen:  0)
 23868312      4840  53768216  0.000  0.000 3557.000  513.284    0    0  (Gen:  0)
 28089960      5344  53769168  0.000  0.000 3557.188  513.318    0    0  (Gen:  0)
 23780568      5936  53770256  0.000  0.000 3557.422  513.346    0    0  (Gen:  0)
 27632344      5600  53770304  0.000  0.000 3557.625  513.379    0    0  (Gen:  0)
 28648752      5016  53770200  0.000  0.000 3557.875  513.412    0    0  (Gen:  0)
 24234152      4280  53770040  0.000  0.000 3558.109  513.440    0    0  (Gen:  0)
 21411504      6200  53772376  0.000  0.000 3558.219  513.466    0    0  (Gen:  0)
 24694056      3816  53770408  0.000  0.000 3558.422  513.496    0    0  (Gen:  0)
 25507920      5544  53772632  0.000  0.000 3558.609  513.526    0    0  (Gen:  0)
 28194600      5224  53772824  0.000  0.000 3558.828  513.560    0    0  (Gen:  0)
 28089032      4456  53772568  0.000  0.000 3559.188  513.593    0    0  (Gen:  0)
 21845336      4448  53773072  0.000  0.000 3559.266  513.619    0    0  (Gen:  0)
 23790792      4680  53773688  0.000  0.000 3559.500  513.647    0    0  (Gen:  0)
 19042072      6872  53776328  0.000  0.000 3559.641  513.704    0    0  (Gen:  0)
 25998776      4536  53774440  0.000  0.000 3559.828  513.739    0    0  (Gen:  0)
 19275352      4752  53775264  0.000  0.000 3560.000  513.764    0    0  (Gen:  0)
 25170728      4952  53775912  0.000  0.000 3560.109  513.794    0    0  (Gen:  0)
 26639088      5232  53776640  0.000  0.000 3560.312  513.826    0    0  (Gen:  0)
 20133504      5880  53777816  0.000  0.000 3560.516  513.849    0    0  (Gen:  0)
 23461736      5448  53777864  0.000  0.000 3560.703  513.877    0    0  (Gen:  0)
 19061872      6000  53778880  0.000  0.000 3560.750  513.899    0    0  (Gen:  0)
 24101328      6296  53779560  0.000  0.000 3560.969  513.927    0    0  (Gen:  0)
 23767624  46288320  53702168  0.031  0.032 3561.219  513.986    0    0  (Gen:  1)
 18794136      5408  53701616  0.000  0.000 3561.281  514.008    0    0  (Gen:  0)
 22727336      6768  53704408  0.000  0.000 3561.469  514.032    0    0  (Gen:  0)
 24720232      4384  53703728  0.000  0.000 3561.719  514.061    0    0  (Gen:  0)
 26910456      6464  53706400  0.000  0.000 3561.891  514.093    0    0  (Gen:  0)
 29515168      6064  53706480  0.000  0.000 3562.125  514.127    0    0  (Gen:  0)
 27132056      5848  53706840  0.000  0.000 3562.359  514.159    0    0  (Gen:  0)
 24909736      4224  53705824  0.000  0.000 3562.609  514.187    0    0  (Gen:  0)
 21780680      5312  53707424  0.000  0.000 3562.719  514.213    0    0  (Gen:  0)
 24780064      4720  53707296  0.000  0.000 3562.875  514.243    0    0  (Gen:  0)
 27257952      5688  53708712  0.000  0.000 3563.062  514.275    0    0  (Gen:  0)
 24428320      5440  53708976  0.000  0.000 3563.250  514.304    0    0  (Gen:  0)
 20668568      5088  53709200  0.000  0.000 3563.469  514.329    0    0  (Gen:  0)
 21703136      4664  53709160  0.000  0.000 3563.594  514.355    0    0  (Gen:  0)
 26307736      5464  53710408  0.000  0.000 3563.781  514.386    0    0  (Gen:  0)
 23451832      4136  53709512  0.000  0.000 3563.984  514.415    0    0  (Gen:  0)
 24509368      4832  53710624  0.000  0.000 3564.219  514.446    0    0  (Gen:  0)
 23255360      4944  53711152  0.000  0.000 3564.438  514.474    0    0  (Gen:  0)
 25002664      4080  53710720  0.000  0.000 3564.609  514.505    0    0  (Gen:  0)
 28247112      5816  53712840  0.000  0.000 3564.812  514.540    0    0  (Gen:  0)
 29769560      5104  53712544  0.000  0.000 3565.141  514.576    0    0  (Gen:  0)
 23996120      5144  53713064  0.000  0.000 3565.266  514.605    0    0  (Gen:  0)
 27581432      4896  53714192  0.000  0.000 3565.469  514.638    0    0  (Gen:  0)
 25457368      4600  53714504  0.000  0.000 3565.672  514.670    0    0  (Gen:  0)
 25726208      5056  53715408  0.000  0.000 3566.016  514.702    0    0  (Gen:  0)
 28724928      4304  53715040  0.000  0.000 3566.266  514.738    0    0  (Gen:  0)
 25526192      5600  53716784  0.000  0.000 3566.406  514.769    0    0  (Gen:  0)
 24646224      4144  53715776  0.000  0.000 3566.641  514.801    0    0  (Gen:  0)
 26491048      5120  53717168  0.000  0.000 3566.875  514.833    0    0  (Gen:  0)
 25398144      5008  53717472  0.000  0.000 3567.000  514.865    0    0  (Gen:  0)
 28064864      4008  53716920  0.000  0.000 3567.234  514.900    0    0  (Gen:  0)
 26448632      4320  53717712  0.000  0.000 3567.484  514.933    0    0  (Gen:  0)
 26283456      4016  53717824  0.000  0.000 3567.703  514.966    0    0  (Gen:  0)
 25563288      5248  53719600  0.000  0.000 3567.906  514.998    0    0  (Gen:  0)
 28202008      5200  53719984  0.000  0.000 3568.172  515.032    0    0  (Gen:  0)
 24909176      4880  53720176  0.000  0.000 3568.422  515.063    0    0  (Gen:  0)
 26001024      6136  53721944  0.000  0.000 3568.672  515.095    0    0  (Gen:  0)
 25797368  46227584  53641432  0.016  0.026 3568.922  515.152    0    0  (Gen:  1)
 24136696      4968  53641728  0.000  0.000 3569.156  515.182    0    0  (Gen:  0)
 26450752      5800  53643008  0.000  0.000 3569.406  515.215    0    0  (Gen:  0)
 27220680      5264  53642920  0.000  0.000 3569.641  515.247    0    0  (Gen:  0)
 25458912      4112  53642312  0.000  0.000 3569.781  515.278    0    0  (Gen:  0)
 23820512      5696  53677104  0.000  0.000 3570.016  515.307    0    0  (Gen:  0)
 19123072      4088  53643216  0.000  0.000 3570.219  515.333    0    0  (Gen:  0)
 22516280      6416  53678768  0.000  0.022 3570.406  515.393    0    0  (Gen:  0)
 23682384      5024  53645048  0.000  0.000 3570.609  515.423    0    0  (Gen:  0)
 20053840      5760  53646328  0.000  0.000 3570.656  515.451    0    0  (Gen:  0)
 27117248      4640  53645688  0.000  0.000 3570.984  515.485    0    0  (Gen:  0)
 26419896      5200  53646744  0.000  0.000 3571.188  515.518    0    0  (Gen:  0)
 26447056      4936  53679656  0.000  0.000 3571.422  515.549    0    0  (Gen:  0)
 25254696      4216  53646656  0.000  0.000 3571.641  515.580    0    0  (Gen:  0)
 21315648      5552  53681168  0.000  0.000 3571.766  515.606    0    0  (Gen:  0)
 21624856      5360  53681856  0.000  0.000 3572.000  515.631    0    0  (Gen:  0)
 28107472      4176  53681632  0.000  0.000 3572.234  515.665    0    0  (Gen:  0)
 22358352      4128  53682128  0.000  0.000 3572.406  515.692    0    0  (Gen:  0)
 22677616      3984  53649640  0.000  0.000 3572.594  515.720    0    0  (Gen:  0)
 24774200      5048  53683928  0.000  0.000 3572.797  515.748    0    0  (Gen:  0)
 28320392      4448  53684416  0.000  0.000 3572.906  515.782    0    0  (Gen:  0)
 25607888      3720  53717344  0.000  0.000 3573.156  515.813    0    0  (Gen:  0)
 23799720      3976  53718144  0.000  0.000 3573.234  515.842    0    0  (Gen:  0)
 24355384      3768  53685608  0.000  0.000 3573.391  515.871    0    0  (Gen:  0)
 21649488      3792  53718808  0.000  0.000 3573.562  515.897    0    0  (Gen:  0)
 26663112      4544  53719944  0.000  0.000 3573.812  515.930    0    0  (Gen:  0)
 25839696      4664  53720448  0.000  0.000 3574.000  515.960    0    0  (Gen:  0)
 24233928      4632  53720800  0.000  0.000 3574.234  515.990    0    0  (Gen:  0)
 24178656      4312  53720896  0.000  0.000 3574.438  516.018    0    0  (Gen:  0)
 28117248      4920  53721920  0.000  0.000 3574.672  516.053    0    0  (Gen:  0)
 26755792      6120  53723648  0.000  0.000 3574.859  516.086    0    0  (Gen:  0)
 24087416      4984  53722928  0.000  0.000 3575.062  516.114    0    0  (Gen:  0)
 27108136      4520  53723264  0.000  0.000 3575.312  516.147    0    0  (Gen:  0)
 23350424      4496  53724264  0.000  0.000 3575.547  516.176    0    0  (Gen:  0)
 10861800  46170064  53649440  0.016  0.024 3575.688  516.214    0    0  (Gen:  1)
 26412704      3920  53650608  0.000  0.000 3575.922  516.247    0    0  (Gen:  0)
 21683232      3880  53651120  0.000  0.000 3576.062  516.275    0    0  (Gen:  0)
 25320208      3696  53651288  0.000  0.000 3576.297  516.307    0    0  (Gen:  0)
 27926864      3784  53651760  0.000  0.000 3576.531  516.342    0    0  (Gen:  0)
 27435080      4744  53653168  0.000  0.000 3576.766  516.377    0    0  (Gen:  0)
 26028960      5184  53654056  0.000  0.000 3577.016  516.410    0    0  (Gen:  0)
 22897040      3440  53652808  0.000  0.000 3577.203  516.439    0    0  (Gen:  0)
 22626360      4792  53654576  0.000  0.000 3577.422  516.468    0    0  (Gen:  0)
 25877216      5000  53655184  0.000  0.000 3577.656  516.500    0    0  (Gen:  0)
 27164824      4032  53654696  0.000  0.000 3577.781  516.534    0    0  (Gen:  0)
 23267280      4792  53655872  0.000  0.000 3578.031  516.563    0    0  (Gen:  0)
 28109424      3992  53655456  0.000  0.000 3578.250  516.598    0    0  (Gen:  0)
 25578040      4488  53656432  0.000  0.000 3578.469  516.632    0    0  (Gen:  0)
 21956112      4992  53657384  0.000  0.000 3578.688  516.659    0    0  (Gen:  0)
 27480872      4528  53657272  0.000  0.000 3578.906  516.694    0    0  (Gen:  0)
 25605480      4872  53658128  0.000  0.000 3579.141  516.726    0    0  (Gen:  0)
 25749720      4208  53657848  0.000  0.000 3579.375  516.759    0    0  (Gen:  0)
 28982840      4024  53658112  0.000  0.000 3579.641  516.796    0    0  (Gen:  0)
 29243080      4656  53659320  0.000  0.000 3579.875  516.833    0    0  (Gen:  0)
 21962664      3504  53658648  0.000  0.000 3580.078  516.859    0    0  (Gen:  0)
 22186752      3664  53659504  0.000  0.000 3580.141  516.888    0    0  (Gen:  0)
 26718584      3696  53660440  0.000  0.000 3580.438  516.922    0    0  (Gen:  0)
 23001088      5232  53662456  0.000  0.000 3580.562  516.950    0    0  (Gen:  0)
 23320824      4048  53661656  0.000  0.000 3580.781  516.979    0    0  (Gen:  0)
 22773088      4320  53662312  0.000  0.000 3580.953  517.008    0    0  (Gen:  0)
 13280176      4240  53662744  0.000  0.000 3581.031  517.055    0    0  (Gen:  0)
 28168152      5024  53663944  0.000  0.000 3581.266  517.090    0    0  (Gen:  0)
 21651016      4728  53664336  0.000  0.000 3581.406  517.118    0    0  (Gen:  0)
 26253296      4488  53664480  0.000  0.000 3581.609  517.151    0    0  (Gen:  0)
 23506800      4112  53664680  0.000  0.000 3581.828  517.181    0    0  (Gen:  0)
 23175968      5528  53666608  0.000  0.000 3582.062  517.209    0    0  (Gen:  0)
 25082936      4704  53666168  0.000  0.000 3582.297  517.240    0    0  (Gen:  0)
 22782112      4392  53666336  0.000  0.000 3582.453  517.267    0    0  (Gen:  0)
 25979560      4552  53666976  0.000  0.000 3582.703  517.299    0    0  (Gen:  0)
 27964144      4976  53667880  0.000  0.000 3582.906  517.334    0    0  (Gen:  0)
 24252392  46120048  53599432  0.125  0.024 3583.266  517.388    0    0  (Gen:  1)
 27884704      4928  53600256  0.000  0.000 3583.641  517.423    0    0  (Gen:  0)
 22124256      5560  53601496  0.000  0.000 3583.766  517.450    0    0  (Gen:  0)
 25159592      4328  53600680  0.000  0.000 3584.000  517.480    0    0  (Gen:  0)
 22372408      4064  53600896  0.000  0.000 3584.219  517.507    0    0  (Gen:  0)
 26664400      5168  53602448  0.000  0.000 3584.422  517.540    0    0  (Gen:  0)
 22988984      4312  53602184  0.000  0.000 3584.656  517.569    0    0  (Gen:  0)
 23162624      4920  53603272  0.000  0.000 3584.891  517.598    0    0  (Gen:  0)
 25493880      4720  53603536  0.000  0.000 3585.062  517.630    0    0  (Gen:  0)
 23681992      4816  53604048  0.000  0.000 3585.297  517.659    0    0  (Gen:  0)
 25702312      4720  53604368  0.000  0.000 3585.547  517.690    0    0  (Gen:  0)
 27900288      5056  53605152  0.000  0.000 3585.750  517.724    0    0  (Gen:  0)
 25492152      7280  53607792  0.000  0.000 3585.953  517.756    0    0  (Gen:  0)
 22736144      5248  53606208  0.000  0.000 3586.156  517.784    0    0  (Gen:  0)
 24261112      5160  53606536  0.000  0.000 3586.406  517.814    0    0  (Gen:  0)
 27079880      6152  53607960  0.000  0.000 3586.641  517.847    0    0  (Gen:  0)
 24831448      5480  53607768  0.000  0.000 3586.812  517.877    0    0  (Gen:  0)
 24344040      5328  53608000  0.000  0.000 3587.047  517.906    0    0  (Gen:  0)
 23367240      4936  53608088  0.000  0.000 3587.141  517.934    0    0  (Gen:  0)
 18387392      4040  53607768  0.000  0.000 3587.328  517.957    0    0  (Gen:  0)
 25833728      5680  53610048  0.000  0.000 3587.516  517.988    0    0  (Gen:  0)
 21230256      5544  53610552  0.000  0.000 3587.609  518.013    0    0  (Gen:  0)
 25833096      5712  53611216  0.000  0.000 3587.703  518.045    0    0  (Gen:  0)
 24900000      4912  53610832  0.000  0.000 3587.906  518.075    0    0  (Gen:  0)
 28479720      4952  53611384  0.000  0.000 3588.234  518.110    0    0  (Gen:  0)
 26965072      4496  53611344  0.000  0.000 3588.406  518.144    0    0  (Gen:  0)
 25989472      4576  53611968  0.000  0.000 3588.641  518.176    0    0  (Gen:  0)
 24544680      4800  53612704  0.000  0.000 3588.875  518.205    0    0  (Gen:  0)
 25182576      5512  53613880  0.000  0.000 3589.094  518.235    0    0  (Gen:  0)
 23881984      4648  53613432  0.000  0.000 3589.266  518.264    0    0  (Gen:  0)
 27752480      4240  53613440  0.000  0.000 3589.453  518.298    0    0  (Gen:  0)
 27820904      7048  53616776  0.000  0.000 3589.656  518.331    0    0  (Gen:  0)
 24907680      4688  53614832  0.000  0.000 3589.828  518.361    0    0  (Gen:  0)
 21821888      4696  53615256  0.000  0.000 3589.906  518.386    0    0  (Gen:  0)
 23394096      5144  53616120  0.000  0.000 3590.125  518.416    0    0  (Gen:  0)
 29064136      4736  53616128  0.000  0.000 3590.500  518.452    0    0  (Gen:  0)
 27958192      5616  53617584  0.000  0.000 3590.703  518.483    0    0  (Gen:  0)
 30890992  46063888  53543272  0.125  0.023 3590.969  518.545    0    0  (Gen:  1)
 23458688      5208  53543928  0.000  0.000 3591.094  518.574    0    0  (Gen:  0)
 25921824      4120  53543192  0.000  0.000 3591.344  518.606    0    0  (Gen:  0)
 28351280      4576  53544064  0.000  0.000 3591.703  518.642    0    0  (Gen:  0)
 20285944      3920  53543856  0.000  0.000 3591.812  518.665    0    0  (Gen:  0)
 21594184      5080  53545432  0.000  0.000 3591.953  518.692    0    0  (Gen:  0)
 18802664      4368  53545120  0.000  0.001 3592.031  518.716    0    0  (Gen:  0)
 15498408      5184  53546384  0.000  0.000 3592.109  518.743    0    0  (Gen:  0)
 15128896      4128  53545840  0.000  0.000 3592.156  518.762    0    0  (Gen:  0)
 26389024      5672  53547880  0.000  0.000 3592.312  518.794    0    0  (Gen:  0)
 19464568      4600  53548224  0.000  0.000 3592.469  518.821    0    0  (Gen:  0)
 22483176      5208  53549328  0.000  0.000 3592.641  518.848    0    0  (Gen:  0)
 26249168      4240  53548840  0.000  0.000 3592.859  518.881    0    0  (Gen:  0)
 24724864      5480  53550640  0.000  0.000 3593.062  518.910    0    0  (Gen:  0)
 28122368      4448  53550024  0.000  0.000 3593.312  518.944    0    0  (Gen:  0)
 24106896      5136  53551128  0.000  0.000 3593.500  518.973    0    0  (Gen:  0)
 27770032      6264  53552704  0.000  0.000 3593.672  519.007    0    0  (Gen:  0)
 23352760      4360  53551184  0.000  0.000 3593.859  519.035    0    0  (Gen:  0)
 23873344      4864  53552104  0.000  0.000 3594.094  519.064    0    0  (Gen:  0)
 24061912      4448  53552136  0.000  0.000 3594.328  519.092    0    0  (Gen:  0)
 28488968      7032  53555104  0.000  0.000 3594.531  519.127    0    0  (Gen:  0)
 26459688      4848  53553304  0.000  0.000 3594.750  519.158    0    0  (Gen:  0)
 28542048      5296  53554168  0.000  0.000 3594.922  519.193    0    0  (Gen:  0)
 23364736      5072  53554488  0.000  0.000 3595.156  519.221    0    0  (Gen:  0)
 25724952      4504  53554400  0.000  0.000 3595.297  519.253    0    0  (Gen:  0)
 24969608      4768  53555128  0.000  0.000 3595.500  519.282    0    0  (Gen:  0)
 24669224      4024  53554896  0.000  0.000 3595.750  519.312    0    0  (Gen:  0)
 25208016      4968  53556400  0.062  0.000 3595.875  519.342    0    0  (Gen:  0)
 24718408      4520  53556400  0.000  0.000 3595.984  519.372    0    0  (Gen:  0)
 29944208      4800  53557160  0.000  0.000 3596.328  519.408    0    0  (Gen:  0)
 28155368      4128  53557032  0.000  0.000 3596.562  519.441    0    0  (Gen:  0)
 24055688      4384  53557800  0.000  0.000 3596.766  519.470    0    0  (Gen:  0)
 27757360      5232  53559128  0.000  0.000 3596.984  519.501    0    0  (Gen:  0)
 26554976  46015512  53494896  0.016  0.024 3597.172  519.557    0    0  (Gen:  1)
 24072776      4312  53494568  0.000  0.000 3597.359  519.586    0    0  (Gen:  0)
 27681208      6104  53496840  0.000  0.000 3597.594  519.619    0    0  (Gen:  0)
 23519952      4336  53495584  0.000  0.000 3597.812  519.648    0    0  (Gen:  0)
 25809640      5000  53496632  0.000  0.000 3598.047  519.679    0    0  (Gen:  0)
 28157888      6024  53498136  0.000  0.000 3598.266  519.713    0    0  (Gen:  0)
 23743776      6424  53499016  0.000  0.000 3598.500  519.742    0    0  (Gen:  0)
 27235992      4640  53497648  0.000  0.000 3598.656  519.774    0    0  (Gen:  0)
 27287808      4432  53497856  0.000  0.000 3598.828  519.806    0    0  (Gen:  0)
 22024896      4664  53498568  0.000  0.000 3599.031  519.834    0    0  (Gen:  0)
 25866376      5472  53499824  0.000  0.000 3599.250  519.864    0    0  (Gen:  0)
 25908272      5944  53500888  0.000  0.000 3599.438  519.895    0    0  (Gen:  0)
 25082608      4464  53499856  0.000  0.000 3599.688  519.925    0    0  (Gen:  0)
 25225360      4824  53500632  0.000  0.000 3599.922  519.957    0    0  (Gen:  0)
 26397472      4720  53501008  0.000  0.000 3600.125  519.988    0    0  (Gen:  0)
 22420272      5296  53502176  0.000  0.000 3600.234  520.014    0    0  (Gen:  0)
 28534536      6512  53503872  0.000  0.000 3600.484  520.048    0    0  (Gen:  0)
 26308424      5256  53503336  0.000  0.000 3600.734  520.080    0    0  (Gen:  0)
 26491296      6792  53505320  0.000  0.000 3600.953  520.111    0    0  (Gen:  0)
 27808832      5264  53504336  0.000  0.000 3601.203  520.143    0    0  (Gen:  0)
 27043480      5304  53504952  0.000  0.000 3601.438  520.175    0    0  (Gen:  0)
 23724808      4800  53504928  0.000  0.000 3601.656  520.203    0    0  (Gen:  0)
 22327704      6080  53506704  0.000  0.000 3601.734  520.231    0    0  (Gen:  0)
 27699520      4544  53505616  0.000  0.000 3601.922  520.264    0    0  (Gen:  0)
 28905920      6856  53508520  0.000  0.000 3602.172  520.298    0    0  (Gen:  0)
 29766720      6080  53508256  0.000  0.000 3602.344  520.333    0    0  (Gen:  0)
 26543776      5816  53508536  0.000  0.000 3602.578  520.363    0    0  (Gen:  0)
 20461032      4392  53507560  0.000  0.000 3602.688  520.388    0    0  (Gen:  0)
 22846936      5696  53509216  0.000  0.017 3602.875  520.441    0    0  (Gen:  0)
 25962952      6104  53510008  0.000  0.000 3603.094  520.472    0    0  (Gen:  0)
 16603488      6016  53543160  0.000  0.000 3603.141  520.492    0    0  (Gen:  0)
 24793576      6392  53511320  0.000  0.000 3603.344  520.522    0    0  (Gen:  0)
 20781544      6224  53544632  0.000  0.000 3603.500  520.548    0    0  (Gen:  0)
 24361128      5384  53511432  0.000  0.000 3603.672  520.577    0    0  (Gen:  0)
 23102472      5112  53511624  0.000  0.000 3603.797  520.604    0    0  (Gen:  0)
 18744800  45964552  53476696  0.016  0.024 3604.031  520.650    0    0  (Gen:  1)
 26903552      6088  53445280  0.000  0.000 3604.281  520.682    0    0  (Gen:  0)
 27794824      4480  53476784  0.000  0.000 3604.531  520.715    0    0  (Gen:  0)
 24317336      6144  53478768  0.000  0.000 3604.734  520.744    0    0  (Gen:  0)
 22216208      5296  53478336  0.000  0.000 3604.922  520.770    0    0  (Gen:  0)
 23524904      4272  53477728  0.000  0.000 3605.125  520.799    0    0  (Gen:  0)
 28792312      6552  53480456  0.000  0.000 3605.328  520.833    0    0  (Gen:  0)
 26338560      4656  53446248  0.000  0.000 3605.547  520.864    0    0  (Gen:  0)
 26477704      6072  53480808  0.000  0.000 3605.766  520.896    0    0  (Gen:  0)
 22016320      5640  53480824  0.000  0.000 3605.953  520.924    0    0  (Gen:  0)
 23503056      6032  53481632  0.000  0.000 3606.203  520.952    0    0  (Gen:  0)
 28354536      4424  53480456  0.000  0.000 3606.438  520.985    0    0  (Gen:  0)
 25882872      6520  53483064  0.000  0.000 3606.609  521.015    0    0  (Gen:  0)
 30297248      4952  53482264  0.000  0.000 3606.828  521.050    0    0  (Gen:  0)
 26304488      4376  53482936  0.000  0.000 3607.062  521.083    0    0  (Gen:  0)
 21266376      5088  53484128  0.000  0.000 3607.266  521.108    0    0  (Gen:  0)
 27965072      5488  53485008  0.000  0.000 3607.500  521.141    0    0  (Gen:  0)
 25691832      5360  53485448  0.000  0.000 3607.688  521.171    0    0  (Gen:  0)
 25887424      4912  53485544  0.000  0.000 3607.812  521.201    0    0  (Gen:  0)
 26082528      5000  53486528  0.000  0.000 3608.047  521.230    0    0  (Gen:  0)
 22731376      4248  53486992  0.000  0.000 3608.266  521.258    0    0  (Gen:  0)
 23718664      4400  53487608  0.000  0.000 3608.422  521.286    0    0  (Gen:  0)
 26662984      4704  53488424  0.000  0.000 3608.656  521.318    0    0  (Gen:  0)
 25218664      5064  53489264  0.000  0.000 3608.906  521.348    0    0  (Gen:  0)
 26623912      4992  53489784  0.000  0.000 3609.125  521.380    0    0  (Gen:  0)
 25070104      5064  53490272  0.000  0.000 3609.344  521.410    0    0  (Gen:  0)
 27963288      6992  53492728  0.000  0.000 3609.594  521.443    0    0  (Gen:  0)
 27426616      6632  53492880  0.000  0.000 3609.797  521.478    0    0  (Gen:  0)
 24164720      5376  53492008  0.000  0.000 3609.984  521.508    0    0  (Gen:  0)
 21945032      4456  53491536  0.000  0.000 3610.172  521.535    0    0  (Gen:  0)
 24793416      4624  53492056  0.000  0.000 3610.391  521.565    0    0  (Gen:  0)
 24977480      5568  53493448  0.000  0.000 3610.609  521.595    0    0  (Gen:  0)
 28023064      5480  53493856  0.000  0.000 3610.812  521.629    0    0  (Gen:  0)
 20443576      5248  53494008  0.000  0.000 3610.922  521.653    0    0  (Gen:  0)
 25898072      4944  53494024  0.000  0.000 3611.172  521.685    0    0  (Gen:  0)
 26244472  45909560  53421712  0.094  0.024 3611.484  521.740    0    0  (Gen:  1)
 24208880      4456  53421096  0.000  0.000 3611.688  521.769    0    0  (Gen:  0)
 26800200      4840  53421896  0.000  0.000 3611.938  521.802    0    0  (Gen:  0)
 27288536      5136  53422656  0.000  0.000 3612.172  521.834    0    0  (Gen:  0)
 22172304      5880  53423816  0.000  0.000 3612.312  521.861    0    0  (Gen:  0)
 24249176      5968  53424368  0.000  0.000 3612.469  521.891    0    0  (Gen:  0)
 25208224      6160  53424976  0.000  0.000 3612.703  521.921    0    0  (Gen:  0)
 28793792      4656  53424000  0.000  0.000 3612.938  521.956    0    0  (Gen:  0)
 25571784      4696  53424632  0.000  0.000 3613.172  521.987    0    0  (Gen:  0)
 26932784      6512  53426896  0.000  0.000 3613.359  522.020    0    0  (Gen:  0)
 28613256      5416  53426152  0.000  0.000 3613.594  522.055    0    0  (Gen:  0)
 18351320      6128  53427376  0.000  0.011 3613.766  522.106    0    0  (Gen:  0)
 24452624      6328  53428296  0.000  0.000 3613.969  522.136    0    0  (Gen:  0)
 22318472      4648  53427808  0.000  0.000 3614.141  522.164    0    0  (Gen:  0)
 23274152      4920  53428576  0.000  0.000 3614.359  522.192    0    0  (Gen:  0)
 25775800      5944  53430048  0.000  0.000 3614.547  522.222    0    0  (Gen:  0)
 21923448      4464  53429000  0.000  0.000 3614.734  522.249    0    0  (Gen:  0)
 25673328      5856  53430776  0.000  0.000 3614.812  522.280    0    0  (Gen:  0)
 28208864      4584  53429984  0.000  0.000 3615.062  522.314    0    0  (Gen:  0)
 27238024      4968  53430784  0.000  0.000 3615.312  522.347    0    0  (Gen:  0)
 29127584      4568  53430832  0.000  0.000 3615.516  522.382    0    0  (Gen:  0)
 22290864      5480  53432256  0.000  0.000 3615.672  522.410    0    0  (Gen:  0)
 23151696      5064  53432320  0.000  0.000 3615.906  522.437    0    0  (Gen:  0)
 25587000      5528  53433216  0.000  0.000 3616.141  522.468    0    0  (Gen:  0)
 25447760      4864  53433000  0.000  0.000 3616.219  522.499    0    0  (Gen:  0)
 26436816      5424  53434008  0.000  0.000 3616.406  522.531    0    0  (Gen:  0)
 25691552      5304  53434336  0.000  0.000 3616.547  522.562    0    0  (Gen:  0)
 22739520      5648  53435128  0.000  0.000 3616.656  522.589    0    0  (Gen:  0)
 20361208      5152  53435048  0.000  0.000 3616.859  522.614    0    0  (Gen:  0)
 25084912      5096  53435472  0.000  0.000 3617.109  522.644    0    0  (Gen:  0)
 26300848      4840  53435760  0.000  0.000 3617.359  522.676    0    0  (Gen:  0)
 28555328      5192  53436560  0.000  0.000 3617.609  522.709    0    0  (Gen:  0)
 26261608      5256  53437168  0.000  0.000 3617.828  522.741    0    0  (Gen:  0)
 23450936      4952  53437248  0.000  0.000 3617.953  522.768    0    0  (Gen:  0)
 22341048      4672  53437384  0.000  0.000 3618.156  522.796    0    0  (Gen:  0)
 27918136      5432  53438464  0.000  0.000 3618.391  522.829    0    0  (Gen:  0)
 25499072      4704  53438216  0.000  0.000 3618.594  522.861    0    0  (Gen:  0)
 27798608      4888  53438752  0.000  0.000 3618.797  522.894    0    0  (Gen:  0)
 19634768      5952  53440328  0.000  0.000 3618.891  522.918    0    0  (Gen:  0)
 25298640      6328  53441568  0.000  0.000 3619.141  522.949    0    0  (Gen:  0)
 26428328      4624  53441200  0.000  0.000 3619.359  522.981    0    0  (Gen:  0)
 26295144      4032  53441104  0.000  0.000 3619.562  523.013    0    0  (Gen:  0)
 24002656      4800  53442320  0.000  0.000 3619.781  523.041    0    0  (Gen:  0)
 22026168      5448  53443976  0.000  0.000 3620.000  523.067    0    0  (Gen:  0)
 26007968  45845984  53358136  0.125  0.023 3620.375  523.123    0    0  (Gen:  1)
 23764280      4576  53358352  0.000  0.000 3620.500  523.151    0    0  (Gen:  0)
 24302712      4664  53358968  0.000  0.000 3620.719  523.181    0    0  (Gen:  0)
 27879032      4808  53359624  0.000  0.000 3620.906  523.215    0    0  (Gen:  0)
 26646776      4760  53360136  0.000  0.001 3621.141  523.247    0    0  (Gen:  0)
 25232472      4968  53360792  0.000  0.000 3621.297  523.278    0    0  (Gen:  0)
 24563472      4520  53360872  0.000  0.000 3621.406  523.308    0    0  (Gen:  0)
 25837168      4472  53361304  0.000  0.000 3621.641  523.339    0    0  (Gen:  0)
 24015528      4704  53362016  0.000  0.000 3621.875  523.367    0    0  (Gen:  0)
 26089992      8464  53366304  0.000  0.000 3622.109  523.398    0    0  (Gen:  0)
 24607472      5272  53363528  0.000  0.000 3622.281  523.427    0    0  (Gen:  0)
 25074160      5056  53363824  0.000  0.000 3622.516  523.456    0    0  (Gen:  0)
 23899304      4096  53363440  0.000  0.000 3622.578  523.484    0    0  (Gen:  0)
 25634168      7728  53367488  0.000  0.000 3622.688  523.512    0    0  (Gen:  0)
 24805136      4784  53365728  0.000  0.000 3622.812  523.540    0    0  (Gen:  0)
 24352144      4296  53366200  0.000  0.000 3623.062  523.568    0    0  (Gen:  0)
 19463872      4960  53367488  0.000  0.000 3623.125  523.621    0    0  (Gen:  0)
 23758416      5768  53368680  0.000  0.000 3623.344  523.649    0    0  (Gen:  0)
 20648472      5152  53369744  0.000  0.000 3623.531  523.674    0    0  (Gen:  0)
 24910640      3888  53369448  0.000  0.000 3623.750  523.705    0    0  (Gen:  0)
 24435968      5856  53371928  0.000  0.000 3623.859  523.735    0    0  (Gen:  0)
 22860896      5712  53372216  0.000  0.000 3623.938  523.763    0    0  (Gen:  0)
 22045832      3440  53370296  0.000  0.000 3624.156  523.789    0    0  (Gen:  0)
 28273704      4568  53371808  0.000  0.000 3624.375  523.823    0    0  (Gen:  0)
 21886992      4816  53372584  0.000  0.000 3624.594  523.851    0    0  (Gen:  0)
 22932344      4176  53372392  0.000  0.000 3624.828  523.878    0    0  (Gen:  0)
 26398352      5288  53374032  0.000  0.000 3625.047  523.908    0    0  (Gen:  0)
 26867448      3704  53373760  0.000  0.000 3625.234  523.942    0    0  (Gen:  0)
 21229088      4776  53375408  0.000  0.000 3625.406  523.969    0    0  (Gen:  0)
 29322472      4968  53376112  0.000  0.000 3625.547  524.005    0    0  (Gen:  0)
 27395528      4632  53377208  0.000  0.000 3625.672  524.039    0    0  (Gen:  0)
 30430200      5056  53378016  0.000  0.000 3626.031  524.077    0    0  (Gen:  0)
 28266512      3880  53377352  0.000  0.000 3626.250  524.113    0    0  (Gen:  0)
 21489096      4248  53378200  0.000  0.000 3626.484  524.139    0    0  (Gen:  0)
 26237032      3984  53378288  0.000  0.000 3626.609  524.172    0    0  (Gen:  0)
 26948920      5808  53380560  0.000  0.000 3626.859  524.205    0    0  (Gen:  0)
 26767440      5272  53380472  0.000  0.000 3627.094  524.238    0    0  (Gen:  0)
 27670120      4032  53379584  0.000  0.000 3627.219  524.272    0    0  (Gen:  0)
 25699960      3664  53379632  0.000  0.000 3627.422  524.305    0    0  (Gen:  0)
 25488664      4416  53380864  0.000  0.000 3627.656  524.337    0    0  (Gen:  0)
 28890280      4080  53380976  0.000  0.000 3627.828  524.373    0    0  (Gen:  0)
 24842016      4360  53381704  0.000  0.000 3628.000  524.404    0    0  (Gen:  0)
 21846216      4080  53381872  0.000  0.000 3628.203  524.431    0    0  (Gen:  0)
 26734856      3800  53382008  0.000  0.000 3628.406  524.464    0    0  (Gen:  0)
 20657992      3880  53382648  0.000  0.000 3628.594  524.491    0    0  (Gen:  0)
 21110480  45774776  53286928  0.016  0.024 3628.781  524.542    0    0  (Gen:  1)
 24087072      5096  53288104  0.000  0.000 3628.969  524.571    0    0  (Gen:  0)
 28427840      4928  53288368  0.000  0.000 3629.172  524.607    0    0  (Gen:  0)
 23236824      5168  53289056  0.000  0.000 3629.375  524.636    0    0  (Gen:  0)
 24535544      3576  53287848  0.000  0.000 3629.625  524.666    0    0  (Gen:  0)
 22454808      4792  53289448  0.000  0.000 3629.844  524.694    0    0  (Gen:  0)
 23378360      6648  53291752  0.000  0.000 3630.062  524.723    0    0  (Gen:  0)
 26372328      5136  53290560  0.000  0.000 3630.234  524.756    0    0  (Gen:  0)
 25417000      4464  53290368  0.000  0.000 3630.453  524.787    0    0  (Gen:  0)
 28838456      4224  53290592  0.000  0.000 3630.703  524.823    0    0  (Gen:  0)
 24458432      4072  53290920  0.000  0.000 3630.844  524.855    0    0  (Gen:  0)
 22045376      4776  53292008  0.000  0.010 3631.031  524.907    0    0  (Gen:  0)
 23707544      4880  53292560  0.000  0.000 3631.203  524.939    0    0  (Gen:  0)
 19335152      3944  53292152  0.000  0.000 3631.281  524.964    0    0  (Gen:  0)
 24637792      4736  53293360  0.000  0.000 3631.500  524.994    0    0  (Gen:  0)
 25536360      5184  53294304  0.000  0.000 3631.703  525.026    0    0  (Gen:  0)
 22002360      5600  53295136  0.000  0.000 3631.906  525.054    0    0  (Gen:  0)
 26290104      4888  53294776  0.000  0.000 3632.156  525.088    0    0  (Gen:  0)
 23811152      4016  53294352  0.000  0.000 3632.359  525.118    0    0  (Gen:  0)
 25299216      4328  53295144  0.000  0.000 3632.594  525.149    0    0  (Gen:  0)
 25571680      4216  53295480  0.000  0.000 3632.781  525.180    0    0  (Gen:  0)
 27303008      4400  53296144  0.000  0.000 3633.000  525.215    0    0  (Gen:  0)
 27013456      4952  53297144  0.000  0.000 3633.250  525.249    0    0  (Gen:  0)
 28735232      4936  53297640  0.000  0.000 3633.469  525.284    0    0  (Gen:  0)
 24567800      5336  53298584  0.000  0.000 3633.719  525.314    0    0  (Gen:  0)
 29464248      5000  53298760  0.000  0.000 3633.953  525.350    0    0  (Gen:  0)
 25382312      4624  53298896  0.000  0.000 3634.188  525.381    0    0  (Gen:  0)
 20940008      4064  53298816  0.000  0.000 3634.359  525.406    0    0  (Gen:  0)
 26032080      6560  53301792  0.000  0.000 3634.609  525.439    0    0  (Gen:  0)
 26720992      5416  53301144  0.000  0.000 3634.812  525.471    0    0  (Gen:  0)
 26883760      4344  53300552  0.000  0.000 3634.953  525.504    0    0  (Gen:  0)
 23476880      3688  53300440  0.000  0.000 3635.109  525.531    0    0  (Gen:  0)
 25255240      4960  53302192  0.000  0.000 3635.312  525.561    0    0  (Gen:  0)
 23484856      5400  53303208  0.000  0.000 3635.406  525.589    0    0  (Gen:  0)
 24057664      4528  53302752  0.000  0.000 3635.609  525.619    0    0  (Gen:  0)
 25691112      5480  53304184  0.000  0.000 3635.859  525.648    0    0  (Gen:  0)
 23196000      5488  53305440  0.000  0.000 3636.109  525.674    0    0  (Gen:  0)
 25064776      6744  53307496  0.000  0.000 3636.359  525.704    0    0  (Gen:  0)
 24265496      5712  53306944  0.000  0.000 3636.609  525.733    0    0  (Gen:  0)
 25491672      4536  53306216  0.000  0.000 3636.719  525.763    0    0  (Gen:  0)
 21259840  45712400  53224552  0.109  0.029 3637.016  525.818    0    0  (Gen:  1)
 24903464      5536  53226072  0.000  0.000 3637.266  525.848    0    0  (Gen:  0)
 23806720      5056  53226152  0.000  0.000 3637.500  525.876    0    0  (Gen:  0)
 24480648      4840  53226512  0.000  0.000 3637.719  525.906    0    0  (Gen:  0)
 27554096      4584  53226784  0.000  0.000 3637.953  525.939    0    0  (Gen:  0)
 24227176      4808  53227616  0.000  0.000 3638.203  525.969    0    0  (Gen:  0)
 25394120      4144  53227400  0.000  0.000 3638.328  526.001    0    0  (Gen:  0)
 26478432      4344  53228064  0.000  0.000 3638.484  526.034    0    0  (Gen:  0)
 28489544      4304  53228504  0.000  0.000 3638.734  526.069    0    0  (Gen:  0)
 27647480      5448  53230032  0.000  0.000 3638.984  526.104    0    0  (Gen:  0)
 26109992      5912  53231040  0.000  0.000 3639.219  526.135    0    0  (Gen:  0)
 25628752      4480  53230024  0.000  0.000 3639.453  526.166    0    0  (Gen:  0)
 23187776      4792  53230752  0.000  0.000 3639.641  526.197    0    0  (Gen:  0)
 25799976      4800  53231240  0.000  0.000 3639.859  526.228    0    0  (Gen:  0)
 24129568      4704  53231672  0.000  0.000 3640.047  526.257    0    0  (Gen:  0)
 23511840      4264  53231648  0.000  0.000 3640.188  526.286    0    0  (Gen:  0)
 22978352      4296  53232160  0.000  0.000 3640.438  526.314    0    0  (Gen:  0)
 24443448      4024  53232416  0.000  0.000 3640.672  526.343    0    0  (Gen:  0)
 23513912      4928  53233752  0.000  0.000 3640.750  526.373    0    0  (Gen:  0)
 25632960      5208  53234480  0.000  0.000 3640.906  526.403    0    0  (Gen:  0)
 27949288      5048  53234768  0.000  0.000 3641.234  526.437    0    0  (Gen:  0)
 25256880      4488  53234656  0.000  0.000 3641.422  526.467    0    0  (Gen:  0)
 25388528      4296  53234912  0.000  0.000 3641.547  526.498    0    0  (Gen:  0)
 26793520      4528  53235624  0.000  0.000 3641.750  526.532    0    0  (Gen:  0)
 21430864      5440  53237080  0.000  0.000 3641.828  526.579    0    0  (Gen:  0)
 20254664      4592  53237016  0.000  0.000 3641.938  526.603    0    0  (Gen:  0)
 21923128      4168  53237808  0.000  0.000 3642.109  526.629    0    0  (Gen:  0)
 25286192      5280  53239544  0.000  0.000 3642.328  526.661    0    0  (Gen:  0)
 22633256      5400  53240112  0.000  0.000 3642.516  526.689    0    0  (Gen:  0)
 28974752      3952  53239048  0.000  0.000 3642.734  526.726    0    0  (Gen:  0)
 23082192      4984  53240560  0.000  0.000 3642.875  526.754    0    0  (Gen:  0)
 26578592      4528  53240424  0.000  0.000 3643.109  526.787    0    0  (Gen:  0)
 22998984      5808  53242120  0.000  0.000 3643.359  526.815    0    0  (Gen:  0)
 26474256      5248  53241976  0.000  0.000 3643.594  526.848    0    0  (Gen:  0)
 24452872      4640  53241832  0.000  0.000 3643.828  526.878    0    0  (Gen:  0)
 27264832      5288  53242832  0.000  0.000 3644.047  526.912    0    0  (Gen:  0)
 26164888      5360  53243320  0.000  0.000 3644.297  526.944    0    0  (Gen:  0)
 24533264      6712  53245088  0.000  0.000 3644.547  526.974    0    0  (Gen:  0)
 24585280      5784  53244512  0.000  0.000 3644.766  527.003    0    0  (Gen:  0)
 26448584  45654504  53166656  0.125  0.030 3645.047  527.066    0    0  (Gen:  1)
 28569704      5672  53168256  0.000  0.000 3645.281  527.102    0    0  (Gen:  0)
 26364264      5200  53168296  0.000  0.000 3645.469  527.134    0    0  (Gen:  0)
 25512168      4568  53168192  0.000  0.000 3645.688  527.164    0    0  (Gen:  0)
 24057344      4664  53168784  0.000  0.000 3645.922  527.194    0    0  (Gen:  0)
 26143184      4392  53168992  0.000  0.000 3646.125  527.226    0    0  (Gen:  0)
 26867752      4368  53169416  0.000  0.000 3646.359  527.259    0    0  (Gen:  0)
 26952104      4272  53169864  0.000  0.000 3646.578  527.292    0    0  (Gen:  0)
 26063504      3896  53169936  0.000  0.000 3646.828  527.323    0    0  (Gen:  0)
 21577344      3984  53170568  0.000  0.000 3647.016  527.350    0    0  (Gen:  0)
 26113608      4496  53171496  0.000  0.000 3647.219  527.381    0    0  (Gen:  0)
 19257424      3496  53171088  0.000  0.000 3647.312  527.403    0    0  (Gen:  0)
 24562904      4960  53205664  0.000  0.000 3647.500  527.433    0    0  (Gen:  0)
 22263560      4568  53205864  0.000  0.000 3647.672  527.460    0    0  (Gen:  0)
 25649560      4512  53206192  0.000  0.000 3647.922  527.490    0    0  (Gen:  0)
 28800504      4888  53207080  0.000  0.000 3648.094  527.524    0    0  (Gen:  0)
 27410320      6440  53209112  0.000  0.000 3648.344  527.558    0    0  (Gen:  0)
 24007528      4480  53207568  0.000  0.000 3648.594  527.587    0    0  (Gen:  0)
 24520912      4520  53208184  0.000  0.000 3648.828  527.616    0    0  (Gen:  0)
 25887896      4760  53208912  0.000  0.000 3649.047  527.647    0    0  (Gen:  0)
 26905144      5072  53209816  0.000  0.000 3649.234  527.679    0    0  (Gen:  0)
 22704368      3776  53209032  0.000  0.000 3649.344  527.705    0    0  (Gen:  0)
 22623688      3880  53209616  0.000  0.000 3649.453  527.734    0    0  (Gen:  0)
 23939136      4224  53210504  0.000  0.000 3649.516  527.763    0    0  (Gen:  0)
 22396080      4896  53211816  0.000  0.000 3649.641  527.790    0    0  (Gen:  0)
 22729176      5976  53213344  0.000  0.000 3649.891  527.817    0    0  (Gen:  0)
 19537984      3768  53211760  0.000  0.000 3650.078  527.842    0    0  (Gen:  0)
 23297704      4288  53212696  0.000  0.000 3650.141  527.870    0    0  (Gen:  0)
 24325760      4712  53213696  0.000  0.000 3650.328  527.899    0    0  (Gen:  0)
 27397696      6048  53215496  0.000  0.000 3650.562  527.933    0    0  (Gen:  0)
 25512624      4432  53214360  0.000  0.000 3650.812  527.964    0    0  (Gen:  0)
 24821736      4624  53215000  0.000  0.000 3651.047  527.995    0    0  (Gen:  0)
 29228848      5072  53215864  0.000  0.000 3651.266  528.031    0    0  (Gen:  0)
 29491096      4232  53215568  0.000  0.000 3651.500  528.068    0    0  (Gen:  0)
 29062104      5544  53217424  0.000  0.000 3651.750  528.103    0    0  (Gen:  0)
 20519832      5112  53217504  0.000  0.000 3651.906  528.128    0    0  (Gen:  0)
 28474112      4192  53217000  0.000  0.000 3652.156  528.162    0    0  (Gen:  0)
 27465248      5920  53219192  0.000  0.000 3652.406  528.194    0    0  (Gen:  0)
 24531616      4744  53218496  0.000  0.000 3652.609  528.224    0    0  (Gen:  0)
 23810920      4576  53218776  0.000  0.000 3652.797  528.285    0    0  (Gen:  0)
 24017224      5208  53220104  0.000  0.001 3653.016  528.317    0    0  (Gen:  0)
 23639512      5792  53221720  0.000  0.000 3653.234  528.349    0    0  (Gen:  0)
 29176936      4848  53221384  0.000  0.000 3653.469  528.383    0    0  (Gen:  0)
 28055168      5464  53222560  0.000  0.000 3653.672  528.417    0    0  (Gen:  0)
 28528136      5240  53222816  0.000  0.000 3653.906  528.451    0    0  (Gen:  0)
 24273000      5056  53223272  0.000  0.000 3654.016  528.478    0    0  (Gen:  0)
 23828416      4408  53223776  0.000  0.000 3654.156  528.506    0    0  (Gen:  0)
 21196712  45582768  53160448  0.016  0.024 3654.312  528.555    0    0  (Gen:  1)
 25372560      5320  53127536  0.000  0.000 3654.547  528.585    0    0  (Gen:  0)
 23742784      4032  53126808  0.000  0.000 3654.688  528.614    0    0  (Gen:  0)
 25352968      3656  53127040  0.000  0.000 3654.938  528.645    0    0  (Gen:  0)
 27185680      5200  53161856  0.000  0.000 3655.141  528.678    0    0  (Gen:  0)
 27191472      4176  53161376  0.000  0.000 3655.375  528.712    0    0  (Gen:  0)
 31678400      4672  53162368  0.000  0.000 3655.688  528.752    0    0  (Gen:  0)
 26158480      7216  53198120  0.000  0.000 3655.906  528.783    0    0  (Gen:  0)
 25688856      3792  53162384  0.000  0.000 3656.156  528.814    0    0  (Gen:  0)
 29128544      4760  53163784  0.000  0.000 3656.406  528.850    0    0  (Gen:  0)
 25755792      5216  53197480  0.000  0.000 3656.625  528.881    0    0  (Gen:  0)
 24907728      5368  53198048  0.000  0.000 3656.781  528.912    0    0  (Gen:  0)
 26414520      5376  53198376  0.000  0.000 3657.016  528.944    0    0  (Gen:  0)
 24997648      5616  53199144  0.000  0.000 3657.234  528.975    0    0  (Gen:  0)
 25995424      5392  53199440  0.000  0.000 3657.391  529.006    0    0  (Gen:  0)
 26074968      4400  53198944  0.000  0.000 3657.547  529.038    0    0  (Gen:  0)
 23593320      4728  53199720  0.000  0.000 3657.797  529.066    0    0  (Gen:  0)
 28446712      5248  53200656  0.000  0.000 3658.047  529.100    0    0  (Gen:  0)
 22307816      4424  53201080  0.000  0.000 3658.250  529.127    0    0  (Gen:  0)
 25858896      4552  53201848  0.000  0.000 3658.359  529.158    0    0  (Gen:  0)
 22620016      5696  53204176  0.000  0.000 3658.422  529.185    0    0  (Gen:  0)
 26255912      6376  53205464  0.016  0.000 3658.688  529.217    0    0  (Gen:  0)
 22761776      4224  53203696  0.000  0.000 3658.766  529.244    0    0  (Gen:  0)
 23130736      4864  53204752  0.000  0.000 3658.938  529.272    0    0  (Gen:  0)
 19514784      4672  53204976  0.000  0.000 3658.984  529.295    0    0  (Gen:  0)
 23519624      4008  53204752  0.000  0.000 3659.203  529.325    0    0  (Gen:  0)
 26672192      4744  53205872  0.000  0.000 3659.453  529.358    0    0  (Gen:  0)
 25718640      3808  53205384  0.000  0.000 3659.828  529.389    0    0  (Gen:  0)
 28269936      4424  53206448  0.000  0.000 3660.062  529.424    0    0  (Gen:  0)
 25917512      4424  53206960  0.000  0.000 3660.312  529.455    0    0  (Gen:  0)
 20818376      4480  53207496  0.000  0.000 3660.391  529.480    0    0  (Gen:  0)
 18336424      4816  53208312  0.000  0.001 3660.531  529.503    0    0  (Gen:  0)
 20374376      4424  53208448  0.000  0.000 3660.609  529.528    0    0  (Gen:  0)
 27076736      6056  53210592  0.000  0.000 3660.922  529.562    0    0  (Gen:  0)
 26269656      5464  53210528  0.000  0.000 3661.172  529.593    0    0  (Gen:  0)
 22006816      4864  53210344  0.000  0.000 3661.219  529.620    0    0  (Gen:  0)
 25722128      4288  53210248  0.000  0.000 3661.438  529.652    0    0  (Gen:  0)
 26745800      5248  53211736  0.000  0.000 3661.625  529.685    0    0  (Gen:  0)
 25450144  45524280  53134736  0.109  0.022 3661.984  529.737    0    0  (Gen:  1)
 26446400      4688  53133264  0.000  0.000 3662.094  529.769    0    0  (Gen:  0)
 27836856      4952  53134040  0.000  0.000 3662.328  529.803    0    0  (Gen:  0)
 19329752      3848  53133368  0.000  0.009 3662.484  529.843    0    0  (Gen:  0)
 11797552      4000  53133920  0.000  0.000 3662.531  529.862    0    0  (Gen:  0)
 23479912      8168  53139352  0.000  0.000 3662.734  529.890    0    0  (Gen:  0)
 20988816      5104  53138072  0.000  0.000 3662.828  529.914    0    0  (Gen:  0)
 21125576      4776  53138680  0.000  0.000 3663.000  529.940    0    0  (Gen:  0)
 17106200      5368  53139688  0.000  0.000 3663.078  529.961    0    0  (Gen:  0)
 24228200      4272  53139304  0.000  0.000 3663.281  529.990    0    0  (Gen:  0)
 20703872      4544  53140056  0.000  0.000 3663.438  530.014    0    0  (Gen:  0)
 28572544      5776  53141736  0.000  0.000 3663.688  530.048    0    0  (Gen:  0)
 27069496      5800  53142368  0.000  0.000 3663.938  530.081    0    0  (Gen:  0)
 26532184      4968  53141920  0.000  0.000 3664.156  530.112    0    0  (Gen:  0)
 29894416      6088  53143488  0.000  0.000 3664.359  530.148    0    0  (Gen:  0)
 25210320      4648  53142496  0.000  0.000 3664.578  530.178    0    0  (Gen:  0)
 25540096      5896  53144224  0.000  0.000 3664.828  530.208    0    0  (Gen:  0)
 30472448      5936  53144696  0.000  0.000 3665.062  530.244    0    0  (Gen:  0)
 27539696      5224  53144592  0.000  0.000 3665.219  530.276    0    0  (Gen:  0)
 22761504      5584  53145400  0.000  0.000 3665.469  530.302    0    0  (Gen:  0)
 22693896      6896  53147128  0.000  0.000 3665.688  530.328    0    0  (Gen:  0)
 21812816      5768  53147376  0.000  0.000 3665.797  530.355    0    0  (Gen:  0)
 24496224      4440  53147400  0.000  0.000 3666.031  530.383    0    0  (Gen:  0)
 29075192      6256  53149712  0.000  0.000 3666.266  530.418    0    0  (Gen:  0)
 28452888      4984  53148920  0.000  0.000 3666.516  530.450    0    0  (Gen:  0)
 27982616      6984  53151432  0.000  0.000 3666.781  530.484    0    0  (Gen:  0)
 25004656      4656  53149584  0.000  0.000 3666.875  530.513    0    0  (Gen:  0)
 23362112      4800  53150208  0.000  0.000 3667.062  530.541    0    0  (Gen:  0)
 23141120      5680  53151616  0.000  0.000 3667.250  530.568    0    0  (Gen:  0)
 27325616      5528  53152024  0.000  0.000 3667.500  530.601    0    0  (Gen:  0)
 28912448      4792  53151784  0.000  0.000 3667.734  530.634    0    0  (Gen:  0)
 24167792      4776  53152312  0.000  0.000 3667.984  530.663    0    0  (Gen:  0)
 23604032      5328  53153248  0.000  0.000 3668.203  530.691    0    0  (Gen:  0)
 19867448      5608  53153992  0.000  0.000 3668.312  530.716    0    0  (Gen:  0)
 21245424      5504  53154272  0.000  0.000 3668.469  530.742    0    0  (Gen:  0)
 21831872      6880  53156064  0.000  0.000 3668.609  530.768    0    0  (Gen:  0)
 26655232      4848  53154480  0.000  0.000 3668.781  530.799    0    0  (Gen:  0)
 21529464      4152  53154232  0.000  0.000 3668.891  530.824    0    0  (Gen:  0)
 24691600      5488  53155984  0.000  0.000 3669.109  530.855    0    0  (Gen:  0)
 23858680      4952  53155848  0.000  0.000 3669.312  530.881    0    0  (Gen:  0)
 25244704      6824  53158232  0.000  0.000 3669.438  530.911    0    0  (Gen:  0)
 23799520  45469240  53079696  0.016  0.024 3669.688  530.961    0    0  (Gen:  1)
 25498008      5040  53080056  0.000  0.000 3669.875  530.991    0    0  (Gen:  0)
 29535232      6200  53081664  0.000  0.000 3670.000  531.027    0    0  (Gen:  0)
 26958648      5256  53081152  0.000  0.000 3670.188  531.059    0    0  (Gen:  0)
 24444976      5112  53081424  0.000  0.000 3670.406  531.088    0    0  (Gen:  0)
 23116280      6632  53083328  0.000  0.000 3670.594  531.115    0    0  (Gen:  0)
 27795512      5552  53082712  0.000  0.000 3670.844  531.148    0    0  (Gen:  0)
 26175192      5240  53082880  0.000  0.000 3671.078  531.179    0    0  (Gen:  0)
 28060160      5088  53083080  0.000  0.000 3671.328  531.212    0    0  (Gen:  0)
 24468064      4304  53082776  0.000  0.000 3671.516  531.240    0    0  (Gen:  0)
 21254840      4024  53082848  0.000  0.000 3671.688  531.266    0    0  (Gen:  0)
 25867448      5840  53085128  0.000  0.000 3671.922  531.298    0    0  (Gen:  0)
 26018304      5024  53084776  0.000  0.000 3672.172  531.330    0    0  (Gen:  0)
 27830464      5624  53085792  0.000  0.000 3672.344  531.363    0    0  (Gen:  0)
 26233560      5600  53086264  0.000  0.000 3672.516  531.394    0    0  (Gen:  0)
 25920040      5936  53087016  0.000  0.000 3672.766  531.425    0    0  (Gen:  0)
 24610376      5184  53086744  0.000  0.000 3672.984  531.455    0    0  (Gen:  0)
 17850648      6216  53088400  0.000  0.000 3673.031  531.495    0    0  (Gen:  0)
 12745776      6072  53089744  0.000  0.000 3673.047  531.513    0    0  (Gen:  0)
 21287968      5920  53090632  0.000  0.001 3673.188  531.538    0    0  (Gen:  0)
 22580944      6104  53092888  0.000  0.000 3673.406  531.567    0    0  (Gen:  0)
 26255144      5352  53092824  0.000  0.000 3673.656  531.598    0    0  (Gen:  0)
 22480624      4096  53092096  0.000  0.000 3673.875  531.625    0    0  (Gen:  0)
 25195528      4816  53093232  0.000  0.000 3674.094  531.655    0    0  (Gen:  0)
 23811296      5208  53094072  0.000  0.000 3674.219  531.684    0    0  (Gen:  0)
 29434936      4840  53094120  0.000  0.000 3674.594  531.720    0    0  (Gen:  0)
 28711008      4432  53094224  0.000  0.000 3674.812  531.756    0    0  (Gen:  0)
 26735680      4024  53094264  0.000  0.000 3674.938  531.788    0    0  (Gen:  0)
 23287680      4792  53095416  0.000  0.000 3675.156  531.817    0    0  (Gen:  0)
 25518288      5168  53096208  0.000  0.000 3675.359  531.850    0    0  (Gen:  0)
 27863320      4072  53095640  0.000  0.000 3675.484  531.883    0    0  (Gen:  0)
 24443904      4232  53096248  0.000  0.000 3675.609  531.914    0    0  (Gen:  0)
 25116624      5488  53097856  0.000  0.000 3675.812  531.945    0    0  (Gen:  0)
 29131872      4096  53096816  0.000  0.000 3676.031  531.981    0    0  (Gen:  0)
 27620048      4960  53098128  0.000  0.000 3676.297  532.016    0    0  (Gen:  0)
 23793744      4304  53097856  0.000  0.000 3676.469  532.045    0    0  (Gen:  0)
 21642280      3888  53097888  0.000  0.000 3676.578  532.073    0    0  (Gen:  0)
 25863432      5168  53132360  0.000  0.000 3676.812  532.105    0    0  (Gen:  0)
 27456112      4320  53131976  0.000  0.000 3677.031  532.139    0    0  (Gen:  0)
 25734984      4344  53132384  0.000  0.000 3677.328  532.171    0    0  (Gen:  0)
 25020776      4792  53133216  0.000  0.000 3677.453  532.201    0    0  (Gen:  0)
 26471032  45406680  53049896  0.016  0.027 3677.734  532.261    0    0  (Gen:  1)
 28187864      3904  53049320  0.000  0.000 3678.078  532.296    0    0  (Gen:  0)
 27179200      4792  53050592  0.000  0.000 3678.328  532.330    0    0  (Gen:  0)
 29629280      4496  53050648  0.000  0.000 3678.562  532.367    0    0  (Gen:  0)
 25335864      4096  53050760  0.000  0.000 3678.781  532.399    0    0  (Gen:  0)
 25019880      4264  53051376  0.000  0.000 3678.953  532.430    0    0  (Gen:  0)
 23252896      3880  53051456  0.000  0.000 3679.203  532.459    0    0  (Gen:  0)
 27973168      4528  53052544  0.000  0.000 3679.453  532.493    0    0  (Gen:  0)
 26896264      5088  53053584  0.000  0.000 3679.578  532.526    0    0  (Gen:  0)
 28514720      4280  53053192  0.000  0.000 3679.828  532.562    0    0  (Gen:  0)
 23763752      4104  53053464  0.000  0.000 3679.953  532.591    0    0  (Gen:  0)
 22484072      3976  53053656  0.000  0.000 3680.156  532.618    0    0  (Gen:  0)
 24358800      4544  53054640  0.000  0.000 3680.406  532.649    0    0  (Gen:  0)
 27251368      4888  53055464  0.000  0.000 3680.641  532.682    0    0  (Gen:  0)
 26970600      4296  53055288  0.000  0.000 3680.844  532.715    0    0  (Gen:  0)
 26270160      4072  53055512  0.000  0.000 3681.000  532.746    0    0  (Gen:  0)
 23332192      4048  53055936  0.000  0.000 3681.125  532.774    0    0  (Gen:  0)
 25598528      6456  53058824  0.000  0.000 3681.281  532.806    0    0  (Gen:  0)
 26448024      4584  53057448  0.000  0.000 3681.469  532.837    0    0  (Gen:  0)
 25712984      4032  53057408  0.000  0.000 3681.672  532.868    0    0  (Gen:  0)
 25893384      4712  53058536  0.000  0.000 3681.906  532.899    0    0  (Gen:  0)
 28111328      4720  53059088  0.000  0.000 3682.156  532.934    0    0  (Gen:  0)
 27407064      5968  53060880  0.000  0.000 3682.484  532.967    0    0  (Gen:  0)
 25109152      5184  53060640  0.000  0.000 3682.562  532.997    0    0  (Gen:  0)
 26493624      4856  53060760  0.000  0.000 3682.719  533.029    0    0  (Gen:  0)
 27191464      4560  53061072  0.000  0.000 3682.953  533.060    0    0  (Gen:  0)
 26158248      4056  53061016  0.000  0.000 3683.188  533.091    0    0  (Gen:  0)
 23674080      6336  53063840  0.000  0.000 3683.406  533.119    0    0  (Gen:  0)
 22796664      4304  53062352  0.000  0.000 3683.625  533.147    0    0  (Gen:  0)
 21274856      4696  53063256  0.000  0.001 3683.781  533.196    0    0  (Gen:  0)
 25658016      4736  53063792  0.000  0.000 3683.906  533.230    0    0  (Gen:  0)
 19988520      4400  53063984  0.000  0.000 3684.094  533.255    0    0  (Gen:  0)
 20562880      4608  53064544  0.000  0.000 3684.156  533.280    0    0  (Gen:  0)
 25890848      4392  53064744  0.000  0.000 3684.406  533.312    0    0  (Gen:  0)
 28514896      4000  53064896  0.000  0.000 3684.594  533.346    0    0  (Gen:  0)
 21463224      3880  53065352  0.000  0.000 3684.719  533.372    0    0  (Gen:  0)
 22702960      4840  53066824  0.000  0.000 3684.906  533.399    0    0  (Gen:  0)
 25257856      5000  53067512  0.000  0.000 3685.125  533.431    0    0  (Gen:  0)
 26344560      4984  53067944  0.000  0.000 3685.375  533.463    0    0  (Gen:  0)
 24919824      4496  53068000  0.000  0.000 3685.594  533.494    0    0  (Gen:  0)
 26849688      4624  53068640  0.000  0.000 3685.750  533.526    0    0  (Gen:  0)
 26201624  45344504  52987728  0.125  0.029 3686.047  533.588    0    0  (Gen:  1)
 29143336      4944  52988632  0.000  0.000 3686.281  533.623    0    0  (Gen:  0)
 24159536      4448  52988776  0.000  0.000 3686.422  533.653    0    0  (Gen:  0)
 26562136      5328  52990040  0.000  0.000 3686.656  533.685    0    0  (Gen:  0)
 25780272      4560  52989784  0.000  0.000 3686.891  533.716    0    0  (Gen:  0)
 23110840      4768  52990440  0.000  0.000 3687.109  533.744    0    0  (Gen:  0)
 26935888      4792  52991008  0.000  0.000 3687.266  533.775    0    0  (Gen:  0)
 24446648      5336  52992064  0.000  0.000 3687.500  533.803    0    0  (Gen:  0)
 25365328      6016  52993288  0.000  0.000 3687.719  533.833    0    0  (Gen:  0)
 27723432      4704  52992568  0.000  0.000 3687.953  533.866    0    0  (Gen:  0)
 25392416      4440  52992848  0.000  0.000 3688.141  533.897    0    0  (Gen:  0)
 25484584      5320  52994240  0.000  0.000 3688.312  533.926    0    0  (Gen:  0)
 23545520      5088  52994488  0.000  0.000 3688.547  533.954    0    0  (Gen:  0)
 25373888      4936  52994784  0.000  0.000 3688.750  533.985    0    0  (Gen:  0)
 27621544      5368  52995632  0.000  0.000 3688.938  534.018    0    0  (Gen:  0)
 27517624      5408  52996216  0.000  0.000 3689.172  534.050    0    0  (Gen:  0)
 25208160      5512  52996896  0.000  0.000 3689.391  534.081    0    0  (Gen:  0)
 23756088      5384  52997184  0.000  0.000 3689.609  534.110    0    0  (Gen:  0)
 26882752      6000  52998184  0.000  0.000 3689.859  534.142    0    0  (Gen:  0)
 24237736      4192  52996856  0.000  0.000 3690.031  534.170    0    0  (Gen:  0)
 29047600      5856  52999032  0.000  0.000 3690.281  534.206    0    0  (Gen:  0)
 29462744      5728  52999432  0.000  0.000 3690.531  534.241    0    0  (Gen:  0)
 29351944      5408  52999656  0.000  0.000 3690.688  534.276    0    0  (Gen:  0)
 25152816      5568  53000424  0.000  0.000 3690.875  534.306    0    0  (Gen:  0)
 26539720      4664  53000032  0.000  0.000 3691.078  534.337    0    0  (Gen:  0)
 25591496      5704  53001616  0.000  0.000 3691.297  534.367    0    0  (Gen:  0)
 26424352      4928  53001400  0.000  0.000 3691.469  534.398    0    0  (Gen:  0)
 26971048      4416  53001336  0.000  0.000 3691.703  534.431    0    0  (Gen:  0)
 25982848      5392  53002696  0.000  0.000 3691.922  534.462    0    0  (Gen:  0)
 22752744      3864  53001648  0.000  0.000 3692.078  534.489    0    0  (Gen:  0)
 19959256      7696  53005928  0.000  0.000 3692.141  534.512    0    0  (Gen:  0)
 24813840      4112  53002824  0.000  0.000 3692.281  534.542    0    0  (Gen:  0)
 24987072      5112  53004224  0.000  0.000 3692.469  534.572    0    0  (Gen:  0)
 25981632      5592  53005248  0.000  0.000 3692.719  534.604    0    0  (Gen:  0)
 19722056      5840  53005944  0.000  0.000 3692.812  534.629    0    0  (Gen:  0)
 26775336      5312  53005736  0.000  0.000 3693.016  534.661    0    0  (Gen:  0)
 24591200      6232  53007104  0.000  0.000 3693.250  534.691    0    0  (Gen:  0)
 25302152      4976  53006296  0.000  0.000 3693.500  534.721    0    0  (Gen:  0)
 23291696      4896  53006664  0.000  0.000 3693.625  534.747    0    0  (Gen:  0)
 25056824  45283176  52926400  0.109  0.026 3693.906  534.803    0    0  (Gen:  1)
 21449328      4240  52925136  0.000  0.003 3694.078  534.838    0    0  (Gen:  0)
 21358248      4072  52925416  0.000  0.003 3694.266  534.874    0    0  (Gen:  0)
 20037472      3976  52925816  0.000  0.000 3694.359  534.902    0    0  (Gen:  0)
 21864000      5456  52927808  0.000  0.000 3694.547  534.930    0    0  (Gen:  0)
 25407280      4960  52927808  0.000  0.000 3694.797  534.960    0    0  (Gen:  0)
 26512936      4904  52928168  0.000  0.000 3695.031  534.992    0    0  (Gen:  0)
 21133272      4504  52928216  0.000  0.000 3695.188  535.018    0    0  (Gen:  0)
 27025248      4728  52928888  0.000  0.000 3695.422  535.052    0    0  (Gen:  0)
 24489696      6024  52930680  0.000  0.000 3695.672  535.082    0    0  (Gen:  0)
 26540976      4480  52929520  0.000  0.000 3695.922  535.114    0    0  (Gen:  0)
 29494992      4552  52930072  0.000  0.000 3696.141  535.150    0    0  (Gen:  0)
 25944896      4248  52930280  0.000  0.000 3696.359  535.181    0    0  (Gen:  0)
 26043648      4392  52930840  0.000  0.000 3696.609  535.212    0    0  (Gen:  0)
 27349552      4376  52931336  0.000  0.000 3696.844  535.245    0    0  (Gen:  0)
 25702040      5168  52932608  0.000  0.000 3697.031  535.276    0    0  (Gen:  0)
 27691336      5064  52932952  0.000  0.000 3697.203  535.310    0    0  (Gen:  0)
 21560056      5760  52934128  0.000  0.000 3697.375  535.337    0    0  (Gen:  0)
 26117040      4352  52933136  0.000  0.000 3697.609  535.368    0    0  (Gen:  0)
 28540456      5008  52934272  0.000  0.000 3697.844  535.402    0    0  (Gen:  0)
 25181304      4904  52934968  0.000  0.000 3698.094  535.430    0    0  (Gen:  0)
 24247320      4736  52935984  0.000  0.000 3698.328  535.461    0    0  (Gen:  0)
 27221960      5520  52937248  0.000  0.000 3698.547  535.494    0    0  (Gen:  0)
 20805856      4816  52937120  0.000  0.000 3698.656  535.519    0    0  (Gen:  0)
 23756776      4728  52937448  0.000  0.000 3698.875  535.548    0    0  (Gen:  0)
 23415808      5216  52938464  0.000  0.000 3699.000  535.576    0    0  (Gen:  0)
 27825480      4144  52937872  0.000  0.000 3699.297  535.609    0    0  (Gen:  0)
 26441120      5472  52939712  0.000  0.000 3699.516  535.642    0    0  (Gen:  0)
 25151592      5008  52939760  0.000  0.000 3699.734  535.673    0    0  (Gen:  0)
 23314720      4336  52939472  0.000  0.000 3699.859  535.701    0    0  (Gen:  0)
 26435680      5288  52940840  0.000  0.000 3700.109  535.733    0    0  (Gen:  0)
 24526800      5080  52941144  0.000  0.000 3700.172  535.761    0    0  (Gen:  0)
 25807376      6112  52943424  0.000  0.000 3700.359  535.792    0    0  (Gen:  0)
 19916144      5352  52943432  0.000  0.000 3700.594  535.818    0    0  (Gen:  0)
 24354296      4168  52942632  0.000  0.000 3700.797  535.849    0    0  (Gen:  0)
 28478464      4520  52943464  0.000  0.000 3701.031  535.884    0    0  (Gen:  0)
 25828816      5240  52944632  0.000  0.000 3701.234  535.915    0    0  (Gen:  0)
 25418688      5064  52944872  0.000  0.000 3701.484  535.946    0    0  (Gen:  0)
 25999344      4728  52944920  0.000  0.000 3701.734  535.977    0    0  (Gen:  0)
 25504144      5952  52946592  0.000  0.000 3701.906  536.009    0    0  (Gen:  0)
 23823144  45217128  52860352  0.125  0.027 3702.172  536.065    0    0  (Gen:  1)
 27477344      4624  52861312  0.000  0.000 3702.375  536.099    0    0  (Gen:  0)
 25608160      4592  52861904  0.000  0.000 3702.609  536.129    0    0  (Gen:  0)
 23138880      4840  52862680  0.000  0.000 3702.812  536.159    0    0  (Gen:  0)
 24917512      5512  52863736  0.000  0.000 3703.047  536.190    0    0  (Gen:  0)
 22743536      4328  52863032  0.000  0.000 3703.297  536.217    0    0  (Gen:  0)
 27236720      4752  52863856  0.000  0.000 3703.516  536.251    0    0  (Gen:  0)
 25566784      5272  52864920  0.000  0.000 3703.672  536.281    0    0  (Gen:  0)
 25472928      4624  52864784  0.000  0.000 3703.922  536.311    0    0  (Gen:  0)
 19402200      6872  52867448  0.000  0.000 3703.984  536.334    0    0  (Gen:  0)
 27921296      6048  52867008  0.000  0.000 3704.109  536.367    0    0  (Gen:  0)
 20104224      3640  52865080  0.000  0.001 3704.281  536.423    0    0  (Gen:  0)
 24805320      5976  52867832  0.000  0.000 3704.453  536.453    0    0  (Gen:  0)
 21880608      6656  52869424  0.000  0.000 3704.484  536.482    0    0  (Gen:  0)
 25066392      4496  52868280  0.000  0.000 3704.578  536.512    0    0  (Gen:  0)
 23841488      5576  52869824  0.000  0.000 3704.688  536.541    0    0  (Gen:  0)
 16907568      4848  52869576  0.000  0.000 3704.859  536.562    0    0  (Gen:  0)
 20862960      4664  52870704  0.000  0.000 3704.953  536.587    0    0  (Gen:  0)
 25724528      4744  52871848  0.000  0.000 3705.125  536.618    0    0  (Gen:  0)
 26434248      4760  52872344  0.000  0.000 3705.375  536.650    0    0  (Gen:  0)
 26106200      4880  52872944  0.000  0.000 3705.609  536.682    0    0  (Gen:  0)
 25774416      4200  52872776  0.000  0.000 3705.812  536.713    0    0  (Gen:  0)
 22357408      4520  52873688  0.000  0.000 3706.031  536.739    0    0  (Gen:  0)
 21326968      4296  52874008  0.000  0.000 3706.094  536.765    0    0  (Gen:  0)
 27076024      5400  52875544  0.000  0.000 3706.297  536.799    0    0  (Gen:  0)
 24632736      6816  52877472  0.000  0.000 3706.516  536.828    0    0  (Gen:  0)
 24678304      5040  52876176  0.000  0.000 3706.719  536.859    0    0  (Gen:  0)
 26865360      6024  52910320  0.000  0.000 3706.938  536.892    0    0  (Gen:  0)
 24803288      4816  52909528  0.000  0.000 3707.172  536.922    0    0  (Gen:  0)
 24714112      4944  52877296  0.000  0.000 3707.344  536.954    0    0  (Gen:  0)
 25227792      4056  52876888  0.000  0.000 3707.531  536.985    0    0  (Gen:  0)
 22456264      4064  52877312  0.000  0.000 3707.594  537.012    0    0  (Gen:  0)
 28217216      4968  52878680  0.000  0.000 3707.828  537.047    0    0  (Gen:  0)
 27237504      4192  52911080  0.000  0.000 3708.078  537.081    0    0  (Gen:  0)
 26412936      4136  52944232  0.000  0.000 3708.312  537.114    0    0  (Gen:  0)
 27594640      6264  52946776  0.000  0.000 3708.516  537.147    0    0  (Gen:  0)
 22175416      6784  52947792  0.000  0.000 3708.734  537.174    0    0  (Gen:  0)
 24503160      4968  52946360  0.000  0.000 3708.984  537.203    0    0  (Gen:  0)
 17722976  45167752  52876496  0.109  0.025 3709.219  537.249    0    0  (Gen:  1)
 22843536      4784  52874920  0.000  0.000 3709.250  537.276    0    0  (Gen:  0)
 25823920      6832  52877560  0.000  0.000 3709.500  537.305    0    0  (Gen:  0)
 24611544      4440  52876384  0.000  0.000 3709.734  537.334    0    0  (Gen:  0)
 22988168      4136  52876464  0.000  0.000 3709.906  537.363    0    0  (Gen:  0)
 22315304      4080  52876824  0.000  0.000 3710.125  537.391    0    0  (Gen:  0)
 26885056      4424  52877632  0.000  0.000 3710.312  537.423    0    0  (Gen:  0)
 26397952      6112  52879800  0.000  0.000 3710.484  537.455    0    0  (Gen:  0)
 23923952      3928  52878168  0.016  0.000 3710.625  537.483    0    0  (Gen:  0)
 21852608      4064  52878808  0.000  0.000 3710.734  537.509    0    0  (Gen:  0)
 21480432      4664  52912552  0.000  0.000 3710.875  537.535    0    0  (Gen:  0)
 23212528      4512  52912896  0.000  0.000 3711.078  537.564    0    0  (Gen:  0)
 23325320      4536  52913416  0.000  0.000 3711.281  537.593    0    0  (Gen:  0)
 23513784      5296  52947384  0.000  0.000 3711.406  537.621    0    0  (Gen:  0)
 22437648      6952  52949560  0.000  0.000 3711.641  537.648    0    0  (Gen:  0)
 26517384      4816  52947840  0.000  0.000 3711.875  537.680    0    0  (Gen:  0)
 23124600      4752  52948464  0.000  0.000 3712.078  537.706    0    0  (Gen:  0)
 22722480      5368  52949464  0.000  0.000 3712.297  537.733    0    0  (Gen:  0)
 27018352      6096  52950720  0.000  0.000 3712.391  537.766    0    0  (Gen:  0)
 28258648      4448  52949488  0.000  0.000 3712.547  537.801    0    0  (Gen:  0)
 26386880      3992  52949480  0.000  0.000 3712.766  537.832    0    0  (Gen:  0)
 26127264      4752  52950752  0.000  0.000 3712.922  537.863    0    0  (Gen:  0)
 25428704      4936  52951384  0.000  0.000 3713.125  537.893    0    0  (Gen:  0)
 21367272      3696  52950632  0.000  0.000 3713.219  537.919    0    0  (Gen:  0)
 23898296      4584  52952032  0.000  0.000 3713.438  537.949    0    0  (Gen:  0)
 26992456      4160  52952088  0.000  0.000 3713.656  537.981    0    0  (Gen:  0)
 20623368      4616  52953056  0.000  0.003 3713.781  538.031    0    0  (Gen:  0)
 24351216      4784  52953784  0.000  0.000 3713.891  538.062    0    0  (Gen:  0)
 19785952      5432  52955040  0.000  0.000 3713.984  538.087    0    0  (Gen:  0)
 22386560      5784  52955808  0.000  0.000 3714.203  538.117    0    0  (Gen:  0)
 24735592      5488  52956136  0.000  0.000 3714.406  538.147    0    0  (Gen:  0)
 21712872      5224  52956352  0.000  0.000 3714.594  538.173    0    0  (Gen:  0)
 28048032      5096  52956672  0.000  0.000 3714.844  538.207    0    0  (Gen:  0)
 24674392      5928  52958112  0.000  0.000 3715.078  538.236    0    0  (Gen:  0)
 25221232      5448  52957984  0.000  0.000 3715.234  538.266    0    0  (Gen:  0)
 25844080      4880  52957800  0.000  0.000 3715.438  538.297    0    0  (Gen:  0)
 28253248      6288  52959656  0.000  0.000 3715.688  538.331    0    0  (Gen:  0)
 27134848      5008  52958936  0.000  0.000 3715.891  538.363    0    0  (Gen:  0)
 21476632      4648  52958992  0.000  0.000 3716.000  538.387    0    0  (Gen:  0)
 26122016      5376  52960232  0.000  0.000 3716.078  538.417    0    0  (Gen:  0)
 25400144      5256  52960688  0.000  0.000 3716.312  538.447    0    0  (Gen:  0)
 25983440      5032  52960992  0.000  0.000 3716.562  538.478    0    0  (Gen:  0)
 23771808      5080  52961456  0.000  0.000 3716.781  538.506    0    0  (Gen:  0)
 28291880      4680  52961568  0.000  0.000 3716.891  538.540    0    0  (Gen:  0)
 23201664  45101920  52843448  0.062  0.026 3717.141  538.594    0    0  (Gen:  1)
 26551112      6488  52845832  0.000  0.000 3717.375  538.624    0    0  (Gen:  0)
 25076368      5088  52845760  0.000  0.000 3717.422  538.653    0    0  (Gen:  0)
 26813480      5968  52847376  0.000  0.000 3717.531  538.685    0    0  (Gen:  0)
 27346904      4336  52846288  0.000  0.000 3717.844  538.718    0    0  (Gen:  0)
 24180104      4560  52847040  0.000  0.000 3717.875  538.747    0    0  (Gen:  0)
 22965976      6984  52850184  0.000  0.000 3718.016  538.774    0    0  (Gen:  0)
 21583768      5920  52850120  0.000  0.000 3718.266  538.799    0    0  (Gen:  0)
 25449792      6008  52850592  0.000  0.000 3718.516  538.830    0    0  (Gen:  0)
 25210408      4536  52849504  0.000  0.000 3718.750  538.860    0    0  (Gen:  0)
 20859080      5088  52850440  0.000  0.000 3718.859  538.885    0    0  (Gen:  0)
 19704808      4104  52849776  0.000  0.000 3719.031  538.908    0    0  (Gen:  0)
 24705088      4648  52850768  0.000  0.000 3719.266  538.938    0    0  (Gen:  0)
 24419472      5072  52851656  0.000  0.000 3719.391  538.967    0    0  (Gen:  0)
 25837328      7560  52854624  0.000  0.000 3719.469  538.997    0    0  (Gen:  0)
 21674784      5552  52853160  0.000  0.000 3719.578  539.022    0    0  (Gen:  0)
 22387736      5712  52853704  0.000  0.000 3719.750  539.049    0    0  (Gen:  0)
 26202112      5392  52853816  0.000  0.000 3719.969  539.081    0    0  (Gen:  0)
 22262832      4376  52853184  0.000  0.000 3720.125  539.109    0    0  (Gen:  0)
 24271360      4336  52853656  0.000  0.000 3720.219  539.138    0    0  (Gen:  0)
 21750880      5720  52855440  0.000  0.000 3720.406  539.164    0    0  (Gen:  0)
 24189688      5640  52855744  0.000  0.000 3720.609  539.193    0    0  (Gen:  0)
 23283224      4344  52854832  0.000  0.000 3720.828  539.222    0    0  (Gen:  0)
 22606528      4984  52855904  0.000  0.001 3720.922  539.248    0    0  (Gen:  0)
 25132888      5984  52857736  0.000  0.000 3721.016  539.277    0    0  (Gen:  0)
 22489208      5912  52858976  0.000  0.000 3721.188  539.304    0    0  (Gen:  0)
 24129608      5184  52858728  0.000  0.000 3721.422  539.334    0    0  (Gen:  0)
 22725440      4280  52858304  0.000  0.000 3721.641  539.362    0    0  (Gen:  0)
 22262704      4944  52859448  0.000  0.000 3721.797  539.389    0    0  (Gen:  0)
 23491880      4984  52859808  0.000  0.000 3721.875  539.419    0    0  (Gen:  0)
 21650280      6072  52861344  0.000  0.000 3722.062  539.447    0    0  (Gen:  0)
 25220256      6104  52861824  0.000  0.001 3722.250  539.549    0    0  (Gen:  0)
 18054232      7072  52863208  0.000  0.000 3722.359  539.578    0    0  (Gen:  0)
 25783912      4272  52860808  0.000  0.000 3722.484  539.616    0    0  (Gen:  0)
 24146560      5744  52862840  0.000  0.005 3722.656  539.684    0    0  (Gen:  0)
 23998232      4680  52862208  0.000  0.000 3722.875  539.712    0    0  (Gen:  0)
 16400136      5152  52863176  0.000  0.000 3722.984  539.734    0    0  (Gen:  0)
 19474376      5736  52864096  0.000  0.000 3723.078  539.757    0    0  (Gen:  0)
 26244168      5472  52865000  0.000  0.000 3723.219  539.788    0    0  (Gen:  0)
 21336728      4416  52864664  0.000  0.001 3723.469  539.814    0    0  (Gen:  0)
 24687040      5000  52865696  0.000  0.000 3723.688  539.844    0    0  (Gen:  0)
 30903888      4408  52865664  0.000  0.000 3723.938  539.881    0    0  (Gen:  0)
 26484872      4664  52866432  0.000  0.000 3724.141  539.912    0    0  (Gen:  0)
 29266112      6328  52868512  0.000  0.000 3724.375  539.945    0    0  (Gen:  0)
 30371920      5472  52869096  0.000  0.000 3724.594  539.981    0    0  (Gen:  0)
 23635120      4792  52869024  0.000  0.000 3724.812  540.009    0    0  (Gen:  0)
 26886400      5704  52870352  0.000  0.000 3725.031  540.042    0    0  (Gen:  0)
 17792200      4328  52869392  0.000  0.000 3725.188  540.066    0    0  (Gen:  0)
 23808616      3976  52869536  0.000  0.000 3725.422  540.096    0    0  (Gen:  0)
 23966208      4360  52870480  0.000  0.000 3725.656  540.127    0    0  (Gen:  0)
 24767312  45026784  52768312  0.016  0.025 3725.844  540.183    0    0  (Gen:  1)
 24418856      3616  52766664  0.000  0.000 3726.031  540.214    0    0  (Gen:  0)
 22576016      5064  52768464  0.000  0.000 3726.266  540.242    0    0  (Gen:  0)
 23672800      3800  52767600  0.000  0.000 3726.422  540.271    0    0  (Gen:  0)
 23247840      3768  52767984  0.000  0.000 3726.594  540.299    0    0  (Gen:  0)
 27381376      5296  52769800  0.000  0.000 3726.844  540.333    0    0  (Gen:  0)
 26815080      4848  52769768  0.000  0.000 3727.094  540.366    0    0  (Gen:  0)
 28300264      5368  52770688  0.000  0.000 3727.281  540.401    0    0  (Gen:  0)
 25164296      4512  52770280  0.000  0.000 3727.500  540.433    0    0  (Gen:  0)
 23871928      4536  52770688  0.000  0.000 3727.719  540.462    0    0  (Gen:  0)
 25327944      5128  52771712  0.000  0.000 3727.891  540.493    0    0  (Gen:  0)
 27514312      4136  52771104  0.000  0.000 3728.047  540.527    0    0  (Gen:  0)
 23800912      5184  52772536  0.000  0.000 3728.266  540.557    0    0  (Gen:  0)
 26997288      5144  52772880  0.000  0.000 3728.516  540.590    0    0  (Gen:  0)
 26701880      4344  52772432  0.000  0.000 3728.734  540.622    0    0  (Gen:  0)
 25341664      3960  52772528  0.000  0.000 3728.891  540.654    0    0  (Gen:  0)
 25694488      4984  52774048  0.000  0.000 3729.125  540.685    0    0  (Gen:  0)
 26619624      4336  52774720  0.000  0.000 3729.500  540.719    0    0  (Gen:  0)
 28393192      5504  52776336  0.000  0.000 3729.656  540.754    0    0  (Gen:  0)
 24866104      4736  52776064  0.000  0.000 3729.781  540.785    0    0  (Gen:  0)
 27762968      5768  52777544  0.000  0.000 3730.000  540.820    0    0  (Gen:  0)
 28832200      5744  52778000  0.000  0.000 3730.234  540.855    0    0  (Gen:  0)
 26758128      4888  52777592  0.000  0.000 3730.484  540.888    0    0  (Gen:  0)
 25343456      5248  52778368  0.000  0.000 3730.703  540.918    0    0  (Gen:  0)
 29749584      5128  52778664  0.000  0.000 3731.062  540.955    0    0  (Gen:  0)
 23354592      4472  52778424  0.000  0.000 3731.172  540.982    0    0  (Gen:  0)
 26845296      3944  52778376  0.000  0.000 3731.375  541.015    0    0  (Gen:  0)
 28950392      4112  52778960  0.000  0.000 3731.594  541.051    0    0  (Gen:  0)
 23797680      4624  52779920  0.000  0.000 3731.828  541.081    0    0  (Gen:  0)
 23105232      4424  52780104  0.000  0.000 3732.078  541.109    0    0  (Gen:  0)
 27312168      4880  52780944  0.000  0.000 3732.188  541.143    0    0  (Gen:  0)
 25373560      4712  52781128  0.000  0.000 3732.406  541.173    0    0  (Gen:  0)
 22886104      4496  52781360  0.000  0.000 3732.562  541.202    0    0  (Gen:  0)
 18290096      4304  52781680  0.000  0.000 3732.641  541.242    0    0  (Gen:  0)
 18451112      4232  52782136  0.000  0.000 3732.719  541.271    0    0  (Gen:  0)
 21151544      4888  52783872  0.000  0.000 3732.844  541.299    0    0  (Gen:  0)
 27838112      4592  52784560  0.000  0.000 3733.094  541.333    0    0  (Gen:  0)
 25988904      4976  52785392  0.000  0.000 3733.344  541.366    0    0  (Gen:  0)
 24101864      5008  52785936  0.000  0.000 3733.516  541.397    0    0  (Gen:  0)
 25273720      5744  52787120  0.000  0.000 3733.750  541.428    0    0  (Gen:  0)
 20475272      5296  52787200  0.000  0.000 3734.000  541.453    0    0  (Gen:  0)
 24867336      4288  52786608  0.000  0.000 3734.219  541.483    0    0  (Gen:  0)
 25246840      4568  52787432  0.016  0.000 3734.312  541.514    0    0  (Gen:  0)
 28176064      4056  52787304  0.000  0.000 3734.516  541.550    0    0  (Gen:  0)
 26351664      5968  52789728  0.000  0.000 3734.734  541.583    0    0  (Gen:  0)
 26717920  44966832  52708360  0.125  0.029 3735.109  541.644    0    0  (Gen:  1)
 26776152      4736  52709040  0.000  0.000 3735.359  541.676    0    0  (Gen:  0)
 22674624      3792  52708544  0.000  0.000 3735.578  541.703    0    0  (Gen:  0)
 25402056      4776  52709944  0.000  0.000 3735.766  541.734    0    0  (Gen:  0)
 23893320      5128  52710808  0.000  0.000 3735.812  541.763    0    0  (Gen:  0)
 25359824      5496  52711576  0.000  0.000 3735.984  541.794    0    0  (Gen:  0)
 26807232      4424  52710984  0.000  0.000 3736.297  541.827    0    0  (Gen:  0)
 28137656      4904  52712008  0.000  0.000 3736.500  541.861    0    0  (Gen:  0)
 27521760      4872  52712520  0.000  0.000 3736.703  541.894    0    0  (Gen:  0)
 24104312      6200  52714416  0.000  0.000 3736.891  541.923    0    0  (Gen:  0)
 25647864      5240  52714440  0.000  0.000 3737.141  541.955    0    0  (Gen:  0)
 28328552      5000  52715568  0.000  0.000 3737.375  541.989    0    0  (Gen:  0)
 25407456      5632  52716776  0.000  0.000 3737.516  542.019    0    0  (Gen:  0)
 26339208      5368  52717040  0.000  0.000 3737.734  542.050    0    0  (Gen:  0)
 27504568      5200  52717384  0.000  0.000 3737.984  542.082    0    0  (Gen:  0)
 19600520      4224  52716952  0.000  0.000 3738.078  542.105    0    0  (Gen:  0)
 24036984      4592  52717800  0.000  0.000 3738.281  542.134    0    0  (Gen:  0)
 25343648      5304  52719072  0.000  0.000 3738.500  542.163    0    0  (Gen:  0)
 25492776      5416  52719696  0.000  0.000 3738.750  542.194    0    0  (Gen:  0)
 14874096      5712  52720504  0.000  0.001 3738.844  542.216    0    0  (Gen:  0)
 15689856      7576  52723120  0.000  0.000 3738.938  542.238    0    0  (Gen:  0)
 19133480      5392  52721496  0.000  0.000 3739.031  542.263    0    0  (Gen:  0)
 21365408      4896  52754520  0.000  0.000 3739.203  542.290    0    0  (Gen:  0)
 19307416      4224  52754312  0.000  0.002 3739.375  542.315    0    0  (Gen:  0)
 19011760      4648  52755024  0.000  0.000 3739.375  542.340    0    0  (Gen:  0)
 21407464      4872  52755664  0.000  0.000 3739.578  542.366    0    0  (Gen:  0)
 23520592      4448  52755720  0.000  0.000 3739.766  542.394    0    0  (Gen:  0)
 29415296      5120  52756952  0.000  0.000 3740.000  542.428    0    0  (Gen:  0)
 26643128      4416  52756808  0.000  0.000 3740.250  542.458    0    0  (Gen:  0)
 28368496      5928  52758848  0.000  0.000 3740.438  542.493    0    0  (Gen:  0)
 20709008      5792  52759288  0.000  0.000 3740.578  542.517    0    0  (Gen:  0)
 21410384      4376  52758320  0.000  0.000 3740.641  542.542    0    0  (Gen:  0)
 21886624      5384  52759808  0.000  0.000 3740.891  542.567    0    0  (Gen:  0)
 26418504      4648  52759488  0.000  0.000 3741.094  542.598    0    0  (Gen:  0)
 23915624      4432  52759984  0.000  0.000 3741.328  542.625    0    0  (Gen:  0)
 25939240      4800  52760912  0.000  0.000 3741.531  542.655    0    0  (Gen:  0)
 24634984      5128  52761848  0.000  0.000 3741.641  542.685    0    0  (Gen:  0)
 25540504      4584  52761880  0.000  0.000 3741.875  542.714    0    0  (Gen:  0)
 26801784      4344  52762312  0.000  0.000 3742.016  542.745    0    0  (Gen:  0)
 24948016      4160  52762768  0.000  0.000 3742.219  542.774    0    0  (Gen:  0)
 27454360      4856  52764104  0.000  0.000 3742.359  542.805    0    0  (Gen:  0)
 22763080      5192  52765080  0.000  0.000 3742.594  542.831    0    0  (Gen:  0)
 13235656      5112  52765480  0.000  0.000 3742.641  542.868    0    0  (Gen:  0)
 22192712      5120  52765872  0.000  0.000 3742.828  542.897    0    0  (Gen:  0)
 24425672      5576  52767080  0.000  0.000 3743.031  542.926    0    0  (Gen:  0)
 18631336  44899176  52673472  0.062  0.022 3743.172  542.971    0    0  (Gen:  1)
 25057416      5920  52675448  0.000  0.000 3743.328  543.001    0    0  (Gen:  0)
 24149056      4840  52674912  0.000  0.000 3743.484  543.032    0    0  (Gen:  0)
 24011288      5728  52676184  0.000  0.000 3743.594  543.058    0    0  (Gen:  0)
 28507232      5032  52676928  0.062  0.000 3743.922  543.092    0    0  (Gen:  0)
 25856880      4632  52677184  0.000  0.000 3744.156  543.123    0    0  (Gen:  0)
 23970832      3728  52676728  0.000  0.000 3744.266  543.152    0    0  (Gen:  0)
 21242880      3648  52677128  0.000  0.000 3744.469  543.180    0    0  (Gen:  0)
 26920552      4512  52678552  0.000  0.000 3744.719  543.212    0    0  (Gen:  0)
 24888984      4512  52679112  0.000  0.000 3744.938  543.243    0    0  (Gen:  0)
 27093736      4632  52679680  0.000  0.000 3745.109  543.276    0    0  (Gen:  0)
 25743104      5208  52680768  0.000  0.000 3745.297  543.308    0    0  (Gen:  0)
 22688560      4712  52680752  0.000  0.000 3745.484  543.336    0    0  (Gen:  0)
 27639528      5080  52681504  0.000  0.000 3745.734  543.369    0    0  (Gen:  0)
 26000896      5608  52682656  0.000  0.000 3745.953  543.399    0    0  (Gen:  0)
 24300728      5432  52683376  0.000  0.000 3746.172  543.428    0    0  (Gen:  0)
 27231152      4912  52683848  0.000  0.000 3746.422  543.461    0    0  (Gen:  0)
 26593616      4344  52683696  0.000  0.000 3746.672  543.494    0    0  (Gen:  0)
 22327832      4104  52684000  0.000  0.000 3746.828  543.522    0    0  (Gen:  0)
 24346152      4608  52684920  0.000  0.000 3747.031  543.552    0    0  (Gen:  0)
 29692856      4792  52685504  0.000  0.000 3747.281  543.588    0    0  (Gen:  0)
 26773736      4312  52685536  0.000  0.000 3747.516  543.621    0    0  (Gen:  0)
 27910016      4640  52686376  0.000  0.000 3747.797  543.655    0    0  (Gen:  0)
 26843848      5664  52687912  0.000  0.000 3747.984  543.688    0    0  (Gen:  0)
 23995464      4856  52687520  0.000  0.000 3748.172  543.718    0    0  (Gen:  0)
 24697696      4312  52687488  0.000  0.000 3748.250  543.748    0    0  (Gen:  0)
 24981648      4648  52688256  0.000  0.000 3748.312  543.779    0    0  (Gen:  0)
 23720304      4624  52688584  0.000  0.000 3748.516  543.807    0    0  (Gen:  0)
 22606352      5072  52689416  0.000  0.000 3748.766  543.835    0    0  (Gen:  0)
 24051432      4216  52689008  0.000  0.000 3748.984  543.865    0    0  (Gen:  0)
 23283264      5432  52690864  0.000  0.000 3749.203  543.892    0    0  (Gen:  0)
 22516288      5104  52690936  0.000  0.000 3749.328  543.919    0    0  (Gen:  0)
 23769464      4784  52691032  0.000  0.000 3749.547  543.948    0    0  (Gen:  0)
 22891312      4344  52691040  0.000  0.000 3749.781  543.976    0    0  (Gen:  0)
 22249624      4408  52691456  0.000  0.000 3749.922  544.003    0    0  (Gen:  0)
 23655848      4008  52691568  0.000  0.000 3750.094  544.032    0    0  (Gen:  0)
 24294688      4536  52692512  0.000  0.000 3750.344  544.062    0    0  (Gen:  0)
 20831760      5344  52693880  0.000  0.000 3750.469  544.087    0    0  (Gen:  0)
 26294584      3816  52692752  0.000  0.000 3750.719  544.118    0    0  (Gen:  0)
 26955568  44837880  52612176  0.094  0.023 3751.047  544.175    0    0  (Gen:  1)
 21799856      4288  52611720  0.000  0.000 3751.141  544.201    0    0  (Gen:  0)
 28369448      5184  52613048  0.000  0.000 3751.453  544.235    0    0  (Gen:  0)
 26378672      4600  52613008  0.000  0.000 3751.531  544.267    0    0  (Gen:  0)
 27080328      5504  52614424  0.000  0.000 3751.703  544.299    0    0  (Gen:  0)
 25499776      4424  52613888  0.000  0.000 3751.922  544.331    0    0  (Gen:  0)
 21395304      5040  52614968  0.000  0.008 3752.031  544.377    0    0  (Gen:  0)
 19148416      5440  52615848  0.000  0.000 3752.078  544.403    0    0  (Gen:  0)
 21048776      3808  52614680  0.000  0.000 3752.281  544.431    0    0  (Gen:  0)
 24694896      4928  52616200  0.000  0.000 3752.484  544.463    0    0  (Gen:  0)
 26315488      4272  52615960  0.000  0.000 3752.641  544.495    0    0  (Gen:  0)
 22152872      4920  52616992  0.000  0.000 3752.812  544.522    0    0  (Gen:  0)
 26855800      5016  52617536  0.000  0.000 3753.016  544.554    0    0  (Gen:  0)
 24271768      4808  52617712  0.000  0.000 3753.266  544.583    0    0  (Gen:  0)
 28258152      4984  52618304  0.000  0.000 3753.516  544.617    0    0  (Gen:  0)
 23754312      5352  52619152  0.000  0.000 3753.672  544.645    0    0  (Gen:  0)
 25019232      4888  52619232  0.000  0.000 3753.859  544.675    0    0  (Gen:  0)
 22598208      4248  52619120  0.000  0.000 3754.078  544.702    0    0  (Gen:  0)
 23700536      4232  52619520  0.000  0.000 3754.188  544.732    0    0  (Gen:  0)
 27186872      5056  52620728  0.000  0.000 3754.438  544.765    0    0  (Gen:  0)
 27830672      5152  52621304  0.000  0.000 3754.672  544.798    0    0  (Gen:  0)
 26194920      6488  52623120  0.000  0.000 3754.922  544.830    0    0  (Gen:  0)
 26482800      4944  52622088  0.000  0.000 3755.141  544.862    0    0  (Gen:  0)
 23350128      4896  52622456  0.000  0.000 3755.359  544.891    0    0  (Gen:  0)
 23596120      5664  52623640  0.000  0.000 3755.484  544.919    0    0  (Gen:  0)
 25190632      7136  52625464  0.000  0.000 3755.688  544.949    0    0  (Gen:  0)
 26603576      4344  52623088  0.000  0.000 3755.938  544.981    0    0  (Gen:  0)
 30518640      4336  52623560  0.000  0.000 3756.219  545.018    0    0  (Gen:  0)
 27661608      4872  52624736  0.000  0.000 3756.453  545.051    0    0  (Gen:  0)
 24197640      4472  52625008  0.000  0.000 3756.703  545.080    0    0  (Gen:  0)
 27278384      4952  52625936  0.000  0.000 3756.953  545.112    0    0  (Gen:  0)
 28933312      5200  52626696  0.000  0.000 3757.109  545.147    0    0  (Gen:  0)
 19204896      4984  52627120  0.000  0.000 3757.328  545.172    0    0  (Gen:  0)
 22928848      4552  52627616  0.000  0.000 3757.406  545.199    0    0  (Gen:  0)
 26582248      4016  52627992  0.000  0.000 3757.656  545.232    0    0  (Gen:  0)
 28709200      5256  52629648  0.000  0.000 3757.938  545.268    0    0  (Gen:  0)
 27331432      3896  52628896  0.000  0.000 3758.172  545.301    0    0  (Gen:  0)
 26767432  44779600  52553896  0.141  0.024 3758.547  545.359    0    0  (Gen:  1)
 24103688      5528  52555072  0.000  0.000 3758.797  545.389    0    0  (Gen:  0)
 26189048      5280  52555272  0.000  0.000 3759.031  545.421    0    0  (Gen:  0)
 24402520      5808  52556216  0.000  0.000 3759.156  545.450    0    0  (Gen:  0)
 25701752      3752  52554672  0.000  0.000 3759.406  545.481    0    0  (Gen:  0)
 22800328      5344  52557144  0.000  0.000 3759.562  545.508    0    0  (Gen:  0)
 28390064      5592  52558512  0.000  0.000 3759.672  545.543    0    0  (Gen:  0)
 24265992      5136  52558568  0.000  0.000 3759.906  545.572    0    0  (Gen:  0)
 27089032      5064  52558880  0.000  0.000 3760.125  545.604    0    0  (Gen:  0)
 25830416      5464  52559824  0.000  0.000 3760.281  545.637    0    0  (Gen:  0)
 20499024      4000  52558888  0.000  0.000 3760.453  545.662    0    0  (Gen:  0)
 28019392      4432  52559672  0.000  0.000 3760.688  545.696    0    0  (Gen:  0)
 25129384      4856  52560720  0.000  0.000 3760.922  545.726    0    0  (Gen:  0)
 24546984      5664  52561976  0.000  0.000 3761.125  545.755    0    0  (Gen:  0)
 27853944      5520  52562344  0.000  0.000 3761.312  545.789    0    0  (Gen:  0)
 22189216      4424  52561776  0.000  0.000 3761.500  545.831    0    0  (Gen:  0)
 16493240      4480  52562248  0.000  0.000 3761.531  545.855    0    0  (Gen:  0)
 23765600      5568  52563816  0.000  0.000 3761.703  545.884    0    0  (Gen:  0)
 19957560      5464  52564512  0.000  0.000 3761.844  545.909    0    0  (Gen:  0)
 25585576      5256  52565240  0.000  0.000 3762.062  545.939    0    0  (Gen:  0)
 24340744      6128  52566688  0.000  0.000 3762.312  545.969    0    0  (Gen:  0)
 21404696      4656  52565600  0.000  0.000 3762.359  545.996    0    0  (Gen:  0)
 23533120      5376  52566704  0.000  0.000 3762.531  546.024    0    0  (Gen:  0)
 28302296      4712  52566600  0.000  0.000 3762.734  546.058    0    0  (Gen:  0)
 23706944      4056  52566392  0.000  0.000 3762.938  546.087    0    0  (Gen:  0)
 27214992      6448  52569376  0.000  0.000 3763.188  546.119    0    0  (Gen:  0)
 25163080      5744  52569232  0.000  0.000 3763.406  546.149    0    0  (Gen:  0)
 25094656      4040  52567976  0.000  0.000 3763.562  546.181    0    0  (Gen:  0)
 25188856      4256  52568720  0.000  0.000 3763.797  546.213    0    0  (Gen:  0)
 21246704      5640  52570568  0.000  0.000 3764.031  546.238    0    0  (Gen:  0)
 25683528      5704  52570984  0.000  0.000 3764.203  546.270    0    0  (Gen:  0)
 26563960      4408  52570200  0.000  0.000 3764.375  546.302    0    0  (Gen:  0)
 25847032      4536  52570920  0.000  0.000 3764.625  546.333    0    0  (Gen:  0)
 29345696      4624  52571456  0.000  0.000 3764.859  546.370    0    0  (Gen:  0)
 23633656      4352  52571696  0.000  0.000 3765.078  546.398    0    0  (Gen:  0)
 25826952      4672  52572464  0.000  0.000 3765.312  546.428    0    0  (Gen:  0)
 24324384      6480  52574784  0.000  0.000 3765.500  546.457    0    0  (Gen:  0)
 26785208  44723240  52497536  0.125  0.026 3765.781  546.516    0    0  (Gen:  1)
 24391512      4528  52498120  0.000  0.000 3766.016  546.546    0    0  (Gen:  0)
 28357792      5920  52499896  0.000  0.000 3766.266  546.580    0    0  (Gen:  0)
 25669024      4832  52499288  0.000  0.000 3766.516  546.611    0    0  (Gen:  0)
 26104352      6648  52501552  0.000  0.000 3766.719  546.642    0    0  (Gen:  0)
 28761000      4880  52500264  0.000  0.000 3766.812  546.677    0    0  (Gen:  0)
 22162512      4360  52500224  0.000  0.000 3767.016  546.703    0    0  (Gen:  0)
 22144288      4144  52500456  0.000  0.000 3767.141  546.730    0    0  (Gen:  0)
 26227400      5296  52502056  0.000  0.000 3767.344  546.762    0    0  (Gen:  0)
 25236440      4280  52501472  0.000  0.000 3767.531  546.792    0    0  (Gen:  0)
 25708088      4672  52502312  0.000  0.001 3767.766  546.824    0    0  (Gen:  0)
 21474976      5296  52503416  0.000  0.000 3767.922  546.849    0    0  (Gen:  0)
 25429856      4888  52504096  0.000  0.000 3768.156  546.880    0    0  (Gen:  0)
 27934208      5576  52505568  0.000  0.000 3768.391  546.914    0    0  (Gen:  0)
 27112856      4488  52504960  0.000  0.000 3768.562  546.948    0    0  (Gen:  0)
 23348600      5624  52506608  0.000  0.000 3768.797  546.976    0    0  (Gen:  0)
 29614816      4800  52506136  0.000  0.000 3768.984  547.012    0    0  (Gen:  0)
 21326808      5920  52507800  0.000  0.000 3769.109  547.039    0    0  (Gen:  0)
 22500680      4328  52506656  0.000  0.000 3769.359  547.066    0    0  (Gen:  0)
 24509984      5240  52507968  0.000  0.000 3769.594  547.097    0    0  (Gen:  0)
 23579832      4704  52507816  0.000  0.000 3769.766  547.125    0    0  (Gen:  0)
 20982072      4192  52507752  0.000  0.000 3769.812  547.150    0    0  (Gen:  0)
 22201760      4256  52508200  0.000  0.000 3770.000  547.178    0    0  (Gen:  0)
 27813392      4352  52508696  0.000  0.000 3770.250  547.212    0    0  (Gen:  0)
 25100976      4632  52509456  0.000  0.000 3770.500  547.243    0    0  (Gen:  0)
 25845040      4664  52509936  0.000  0.000 3770.750  547.275    0    0  (Gen:  0)
 23414576      5152  52510872  0.000  0.000 3770.984  547.303    0    0  (Gen:  0)
 25666728      4024  52510160  0.000  0.000 3771.203  547.336    0    0  (Gen:  0)
 19628616      5040  52511640  0.000  0.001 3771.375  547.384    0    0  (Gen:  0)
 17678832      5424  52512472  0.000  0.000 3771.547  547.405    0    0  (Gen:  0)
 21444296      3928  52511456  0.000  0.000 3771.578  547.435    0    0  (Gen:  0)
 25166176      4568  52512576  0.000  0.000 3771.812  547.466    0    0  (Gen:  0)
 26285656      4904  52513328  0.000  0.000 3772.094  547.499    0    0  (Gen:  0)
 23036256      5224  52514176  0.000  0.000 3772.172  547.528    0    0  (Gen:  0)
 26984464      4800  52514168  0.000  0.000 3772.406  547.561    0    0  (Gen:  0)
 26626544      5616  52548208  0.000  0.000 3772.656  547.594    0    0  (Gen:  0)
 27662200      5872  52516088  0.000  0.000 3772.859  547.629    0    0  (Gen:  0)
 26197768      4624  52515288  0.000  0.000 3773.078  547.661    0    0  (Gen:  0)
 11095160      4224  52515312  0.000  0.000 3773.172  547.749    0    0  (Gen:  0)
 14623008      5424  52517200  0.000  0.000 3773.203  547.766    0    0  (Gen:  0)
 10442064      3968  52518008  0.000  0.000 3773.203  547.789    0    0  (Gen:  0)
 15116928      5176  52520016  0.000  0.000 3773.250  547.809    0    0  (Gen:  0)
 19324280      4408  52520608  0.000  0.000 3773.344  547.834    0    0  (Gen:  0)
 22630968      4040  52521112  0.000  0.000 3773.547  547.864    0    0  (Gen:  0)
 25026064      4688  52554936  0.000  0.000 3773.734  547.896    0    0  (Gen:  0)
 13638176  44661296  52468352  0.109  0.029 3773.922  547.941    0    0  (Gen:  1)
 25669128      4400  52468312  0.000  0.000 3774.156  547.972    0    0  (Gen:  0)
 23295368      3824  52468200  0.000  0.000 3774.375  548.000    0    0  (Gen:  0)
 28001888      4904  52469600  0.000  0.000 3774.469  548.034    0    0  (Gen:  0)
 26896840      6008  52471120  0.000  0.000 3774.703  548.067    0    0  (Gen:  0)
 29589488      4968  52470496  0.000  0.000 3774.953  548.103    0    0  (Gen:  0)
 27656448      3800  52469872  0.000  0.000 3775.188  548.137    0    0  (Gen:  0)
 29558568      5112  52471600  0.000  0.000 3775.516  548.173    0    0  (Gen:  0)
 26725768      4056  52471088  0.000  0.000 3775.734  548.205    0    0  (Gen:  0)
 28286200      3912  52471464  0.000  0.000 3775.984  548.240    0    0  (Gen:  0)
 27708672      4032  52472096  0.000  0.000 3776.234  548.274    0    0  (Gen:  0)
 29095464      3792  52472336  0.000  0.000 3776.469  548.310    0    0  (Gen:  0)
 26961064      4072  52473096  0.000  0.000 3776.812  548.343    0    0  (Gen:  0)
 27544920      5328  52474864  0.000  0.000 3776.984  548.445    0    0  (Gen:  0)
 18787448      4440  52474424  0.000  0.000 3777.156  548.471    0    0  (Gen:  0)
 12834624      4224  52474712  0.000  0.000 3777.172  548.488    0    0  (Gen:  0)
 17975488      5760  52477080  0.000  0.000 3777.203  548.512    0    0  (Gen:  0)
 21581728      4984  52477320  0.000  0.000 3777.312  548.539    0    0  (Gen:  0)
 23702624      4528  52477960  0.000  0.000 3777.531  548.569    0    0  (Gen:  0)
 23612624      3640  52477504  0.000  0.000 3777.766  548.598    0    0  (Gen:  0)
 24131976      4528  52478776  0.000  0.000 3777.922  548.627    0    0  (Gen:  0)
 24925576      5904  52480616  0.000  0.000 3778.172  548.657    0    0  (Gen:  0)
 25009312      4832  52480072  0.000  0.000 3778.391  548.688    0    0  (Gen:  0)
 21245080      4784  52480568  0.000  0.000 3778.500  548.712    0    0  (Gen:  0)
 26176280      6128  52483192  0.000  0.000 3778.719  548.743    0    0  (Gen:  0)
 24758384      4640  52483144  0.000  0.000 3778.875  548.774    0    0  (Gen:  0)
 29128624      5760  52484680  0.000  0.000 3779.094  548.809    0    0  (Gen:  0)
 26454256      4768  52484168  0.000  0.000 3779.406  548.843    0    0  (Gen:  0)
 22606368      4392  52484144  0.000  0.000 3779.500  548.873    0    0  (Gen:  0)
 19268128      5104  52485240  0.000  0.014 3779.656  548.910    0    0  (Gen:  0)
 18731640      4472  52485056  0.000  0.000 3779.766  548.938    0    0  (Gen:  0)
 24138488      4152  52485360  0.000  0.000 3779.969  548.969    0    0  (Gen:  0)
 23913936      4760  52486480  0.000  0.000 3780.062  549.000    0    0  (Gen:  0)
 26242888      5080  52487168  0.000  0.000 3780.188  549.033    0    0  (Gen:  0)
 25749584      4808  52487312  0.000  0.000 3780.406  549.065    0    0  (Gen:  0)
 25985896      4000  52486888  0.000  0.000 3780.641  549.097    0    0  (Gen:  0)
 23437152      4784  52488024  0.000  0.000 3780.859  549.125    0    0  (Gen:  0)
 28037192      3680  52487336  0.000  0.000 3781.109  549.160    0    0  (Gen:  0)
 23405976      4328  52488400  0.000  0.000 3781.328  549.189    0    0  (Gen:  0)
 20700512      4096  52488552  0.000  0.000 3781.438  549.215    0    0  (Gen:  0)
 27546896  44602424  52409488  0.016  0.023 3781.781  549.273    0    0  (Gen:  1)
 25150136      4080  52409432  0.000  0.000 3782.000  549.304    0    0  (Gen:  0)
 24201584      6824  52412592  0.000  0.000 3782.234  549.334    0    0  (Gen:  0)
 24407312      4488  52410608  0.000  0.000 3782.438  549.366    0    0  (Gen:  0)
 25451648      4152  52410752  0.000  0.000 3782.688  549.397    0    0  (Gen:  0)
 26877256      4904  52411968  0.000  0.000 3782.906  549.430    0    0  (Gen:  0)
 24656336      4672  52412152  0.000  0.000 3783.094  549.462    0    0  (Gen:  0)
 26895280      5488  52413384  0.000  0.000 3783.328  549.495    0    0  (Gen:  0)
 24693648      4888  52413136  0.000  0.000 3783.500  549.525    0    0  (Gen:  0)
 22391336      4632  52413264  0.000  0.000 3783.656  549.553    0    0  (Gen:  0)
 25273744      5520  52414568  0.000  0.000 3783.859  549.584    0    0  (Gen:  0)
 25205320      4400  52413944  0.000  0.000 3784.109  549.615    0    0  (Gen:  0)
 27941096      5144  52415104  0.000  0.000 3784.359  549.648    0    0  (Gen:  0)
 26339592      5424  52415864  0.000  0.000 3784.531  549.680    0    0  (Gen:  0)
 19980968      4616  52415536  0.000  0.000 3784.719  549.706    0    0  (Gen:  0)
 19662032      5704  52417040  0.000  0.000 3784.828  549.730    0    0  (Gen:  0)
 26818016      4744  52416576  0.016  0.000 3785.078  549.763    0    0  (Gen:  0)
 27097840      4408  52416880  0.000  0.000 3785.297  549.796    0    0  (Gen:  0)
 27299416      5600  52418584  0.000  0.000 3785.516  549.829    0    0  (Gen:  0)
 22543624      6384  52419784  0.000  0.000 3785.625  549.856    0    0  (Gen:  0)
 20169736      5648  52419440  0.000  0.000 3785.828  549.880    0    0  (Gen:  0)
 28339720      6016  52420728  0.000  0.001 3786.078  549.916    0    0  (Gen:  0)
 22469784      4592  52420288  0.000  0.000 3786.281  549.943    0    0  (Gen:  0)
 27182832      6240  52422384  0.000  0.000 3786.531  549.975    0    0  (Gen:  0)
 25409576      5040  52421696  0.000  0.000 3786.766  550.006    0    0  (Gen:  0)
 22806696      4944  52422048  0.000  0.000 3786.906  550.034    0    0  (Gen:  0)
 25724712      7232  52424848  0.000  0.000 3787.141  550.065    0    0  (Gen:  0)
 26663152      5432  52423576  0.000  0.000 3787.375  550.097    0    0  (Gen:  0)
 28743200      5408  52424096  0.000  0.000 3787.609  550.131    0    0  (Gen:  0)
 26431168      4992  52424224  0.000  0.000 3787.859  550.162    0    0  (Gen:  0)
 22002840      5560  52425368  0.000  0.000 3788.016  550.189    0    0  (Gen:  0)
 19066904      5576  52425944  0.000  0.000 3788.078  550.213    0    0  (Gen:  0)
 26961384      4960  52425856  0.000  0.000 3788.297  550.245    0    0  (Gen:  0)
 25722560      4712  52426104  0.000  0.000 3788.438  550.276    0    0  (Gen:  0)
 24750440      5368  52427208  0.000  0.000 3788.672  550.306    0    0  (Gen:  0)
 25551920      4288  52426640  0.000  0.000 3788.875  550.337    0    0  (Gen:  0)
 23018384      4712  52427512  0.000  0.000 3789.078  550.366    0    0  (Gen:  0)
 19492896      6200  52429520  0.000  0.009 3789.172  550.412    0    0  (Gen:  0)
 18245648      5408  52430528  0.000  0.000 3789.266  550.434    0    0  (Gen:  0)
 20873904      5792  52431816  0.000  0.000 3789.453  550.461    0    0  (Gen:  0)
 20252616      6528  52433112  0.000  0.000 3789.656  550.485    0    0  (Gen:  0)
 25944808  44547472  52354536  0.016  0.026 3789.859  550.541    0    0  (Gen:  1)
 25129168      4848  52353632  0.000  0.000 3790.094  550.572    0    0  (Gen:  0)
 25866840      5656  52354824  0.000  0.000 3790.344  550.602    0    0  (Gen:  0)
 27401640      5008  52354624  0.000  0.000 3790.578  550.636    0    0  (Gen:  0)
 29971416      4512  52354544  0.000  0.000 3790.828  550.672    0    0  (Gen:  0)
 24833704      5864  52356408  0.000  0.000 3791.047  550.703    0    0  (Gen:  0)
 28459840      6944  52357968  0.000  0.000 3791.297  550.737    0    0  (Gen:  0)
 26425312      4296  52355848  0.000  0.000 3791.484  550.769    0    0  (Gen:  0)
 23162768      4352  52356384  0.000  0.000 3791.719  550.797    0    0  (Gen:  0)
 27898192      5768  52358216  0.000  0.000 3791.906  550.831    0    0  (Gen:  0)
 21532504      5680  52358512  0.000  0.000 3792.016  550.857    0    0  (Gen:  0)
 26635592      5136  52358448  0.000  0.000 3792.281  550.890    0    0  (Gen:  0)
 23167496      5560  52359272  0.000  0.000 3792.312  550.917    0    0  (Gen:  0)
 22109368      6072  52360136  0.000  0.000 3792.531  550.942    0    0  (Gen:  0)
 24520968      5096  52360280  0.000  0.000 3792.766  550.972    0    0  (Gen:  0)
 17088960      4632  52360520  0.000  0.000 3792.828  550.994    0    0  (Gen:  0)
 23025264      6304  52362992  0.000  0.000 3792.938  551.023    0    0  (Gen:  0)
 26813280      4632  52362400  0.000  0.000 3793.156  551.056    0    0  (Gen:  0)
 27696536      5624  52363856  0.000  0.000 3793.406  551.090    0    0  (Gen:  0)
 26956000      5480  52364128  0.000  0.000 3793.750  551.123    0    0  (Gen:  0)
 24658336      4320  52363384  0.000  0.000 3793.859  551.154    0    0  (Gen:  0)
 24414488      5576  52365024  0.000  0.000 3794.047  551.183    0    0  (Gen:  0)
 28029144      6432  52366264  0.000  0.000 3794.297  551.216    0    0  (Gen:  0)
 26650344      8240  52368648  0.000  0.000 3794.578  551.248    0    0  (Gen:  0)
 26776120      5400  52366224  0.000  0.000 3794.719  551.281    0    0  (Gen:  0)
 24243376      5840  52367128  0.000  0.000 3794.781  551.310    0    0  (Gen:  0)
 23169520      5312  52367048  0.000  0.000 3795.016  551.339    0    0  (Gen:  0)
 28359648      4824  52367088  0.000  0.000 3795.234  551.373    0    0  (Gen:  0)
 26603248      4544  52367352  0.000  0.000 3795.422  551.406    0    0  (Gen:  0)
 25812840      4520  52367776  0.000  0.000 3795.656  551.437    0    0  (Gen:  0)
 25479432      4888  52368688  0.000  0.000 3795.781  551.467    0    0  (Gen:  0)
 22897192      5480  52369856  0.000  0.000 3795.938  551.495    0    0  (Gen:  0)
 29292384      4024  52368912  0.000  0.000 3796.297  551.531    0    0  (Gen:  0)
 26727024      5728  52371208  0.000  0.000 3796.547  551.563    0    0  (Gen:  0)
 23644104      4168  52370160  0.000  0.000 3796.797  551.592    0    0  (Gen:  0)
 25726000  44490656  52297720  0.094  0.024 3797.016  551.646    0    0  (Gen:  1)
 24767296      4288  52297232  0.000  0.000 3797.219  551.677    0    0  (Gen:  0)
 22641568      4384  52297968  0.000  0.000 3797.469  551.705    0    0  (Gen:  0)
 27461272      4216  52330976  0.000  0.000 3797.719  551.738    0    0  (Gen:  0)
 28333968      5240  52332480  0.000  0.000 3797.969  551.773    0    0  (Gen:  0)
 26493776      4512  52332248  0.000  0.000 3798.203  551.806    0    0  (Gen:  0)
 25569880      5264  52333496  0.000  0.000 3798.438  551.838    0    0  (Gen:  0)
 21923648      5160  52333776  0.000  0.002 3798.656  551.878    0    0  (Gen:  0)
  9692912      4584  52333688  0.000  0.000 3798.672  551.901    0    0  (Gen:  0)
 21563784      6200  52336648  0.000  0.000 3798.859  551.927    0    0  (Gen:  0)
 18572256      4680  52336872  0.000  0.000 3798.953  551.950    0    0  (Gen:  0)
 26831576      5688  52338232  0.000  0.000 3799.188  551.983    0    0  (Gen:  0)
 24209048      4696  52337816  0.000  0.000 3799.312  552.012    0    0  (Gen:  0)
 19852040      4760  52338344  0.000  0.000 3799.484  552.036    0    0  (Gen:  0)
 24052880      4784  52338832  0.000  0.000 3799.703  552.065    0    0  (Gen:  0)
 27598760      5896  52340472  0.000  0.000 3799.953  552.099    0    0  (Gen:  0)
 27796880      5752  52340712  0.000  0.000 3800.188  552.133    0    0  (Gen:  0)
 27289376      4592  52339904  0.000  0.000 3800.422  552.166    0    0  (Gen:  0)
 28298040      5544  52341304  0.000  0.000 3800.656  552.200    0    0  (Gen:  0)
 24627312      4304  52340552  0.000  0.000 3800.875  552.231    0    0  (Gen:  0)
 23484264      5424  52342680  0.000  0.000 3801.109  552.260    0    0  (Gen:  0)
 29319928      4056  52342672  0.000  0.000 3801.422  552.296    0    0  (Gen:  0)
 27638192      5960  52345024  0.000  0.000 3801.656  552.329    0    0  (Gen:  0)
 27397032      4848  52344296  0.000  0.000 3801.891  552.363    0    0  (Gen:  0)
 23302608      7208  52347200  0.000  0.000 3802.062  552.391    0    0  (Gen:  0)
 28050400      4536  52344848  0.000  0.000 3802.266  552.424    0    0  (Gen:  0)
 28418344      3872  52344664  0.000  0.000 3802.516  552.458    0    0  (Gen:  0)
 23871120      5544  52346816  0.000  0.000 3802.672  552.486    0    0  (Gen:  0)
 21721536      6000  52347784  0.000  0.000 3802.781  552.513    0    0  (Gen:  0)
 25247720      4752  52346856  0.000  0.000 3802.953  552.544    0    0  (Gen:  0)
 27684392      4240  52346888  0.000  0.000 3803.188  552.576    0    0  (Gen:  0)
 29113720      5592  52348704  0.000  0.000 3803.422  552.610    0    0  (Gen:  0)
 24730040      5952  52349640  0.000  0.000 3803.641  552.639    0    0  (Gen:  0)
 26630344      6088  52350256  0.000  0.000 3803.688  552.670    0    0  (Gen:  0)
 26581760      7712  52352360  0.000  0.000 3803.875  552.700    0    0  (Gen:  0)
 24952944      5584  52350808  0.000  0.000 3804.078  552.729    0    0  (Gen:  0)
 24385432      6072  52351776  0.000  0.000 3804.297  552.757    0    0  (Gen:  0)
 26148120      4320  52350552  0.000  0.000 3804.453  552.788    0    0  (Gen:  0)
 26403888      5192  52351968  0.000  0.000 3804.703  552.819    0    0  (Gen:  0)
 29079192      4984  52352272  0.000  0.000 3804.953  552.852    0    0  (Gen:  0)
 24304704      6112  52354072  0.000  0.000 3805.188  552.880    0    0  (Gen:  0)
 24911448      4592  52353064  0.000  0.000 3805.391  552.909    0    0  (Gen:  0)
 28831672      4680  52353600  0.000  0.000 3805.516  552.943    0    0  (Gen:  0)
 29318296      6000  52355528  0.000  0.000 3805.703  552.978    0    0  (Gen:  0)
 28996192      4760  52354928  0.000  0.000 3805.891  553.013    0    0  (Gen:  0)
 11613712  44426456  52266288  0.078  0.026 3806.078  553.053    0    0  (Gen:  1)
 22498344      4520  52266640  0.000  0.000 3806.234  553.080    0    0  (Gen:  0)
 24984400      4672  52267368  0.000  0.000 3806.453  553.112    0    0  (Gen:  0)
 24681648      4792  52267968  0.000  0.000 3806.688  553.141    0    0  (Gen:  0)
 25881336      5080  52268768  0.000  0.000 3806.891  553.171    0    0  (Gen:  0)
 26666720      5544  52269776  0.000  0.000 3807.125  553.203    0    0  (Gen:  0)
 26895168      4216  52269024  0.000  0.000 3807.344  553.236    0    0  (Gen:  0)
 25774816      4360  52269744  0.000  0.000 3807.516  553.266    0    0  (Gen:  0)
 27803312      5072  52270968  0.000  0.000 3807.672  553.299    0    0  (Gen:  0)
 26145624      4808  52271312  0.000  0.000 3807.922  553.329    0    0  (Gen:  0)
 27057488      4888  52271872  0.000  0.000 3808.172  553.360    0    0  (Gen:  0)
 23879824      5040  52272600  0.000  0.000 3808.297  553.388    0    0  (Gen:  0)
 20031128      4312  52272448  0.000  0.000 3808.469  553.441    0    0  (Gen:  0)
 21513040      4776  52273392  0.000  0.000 3808.578  553.466    0    0  (Gen:  0)
 25380952      5064  52274208  0.000  0.000 3808.703  553.496    0    0  (Gen:  0)
 26923208      5808  52308336  0.000  0.000 3808.938  553.528    0    0  (Gen:  0)
 26801736      6568  52309640  0.000  0.000 3809.141  553.557    0    0  (Gen:  0)
 26321056      5312  52308896  0.000  0.000 3809.359  553.588    0    0  (Gen:  0)
 23811560      4832  52309024  0.000  0.000 3809.562  553.617    0    0  (Gen:  0)
 26745528      5320  52310056  0.000  0.000 3809.781  553.648    0    0  (Gen:  0)
 25285704      4720  52310096  0.000  0.000 3810.000  553.676    0    0  (Gen:  0)
 26291120      5456  52311384  0.000  0.000 3810.250  553.707    0    0  (Gen:  0)
 25865296      4784  52311256  0.000  0.000 3810.469  553.738    0    0  (Gen:  0)
 25965944      5104  52312600  0.000  0.000 3810.672  553.768    0    0  (Gen:  0)
 28956536      4704  52313224  0.000  0.000 3810.906  553.803    0    0  (Gen:  0)
 27032712      6856  52315888  0.000  0.000 3811.109  553.835    0    0  (Gen:  0)
 25318368      5112  52314688  0.000  0.000 3811.359  553.865    0    0  (Gen:  0)
 28303944      4544  52314600  0.000  0.000 3811.609  553.899    0    0  (Gen:  0)
 25714224      4504  52315136  0.000  0.000 3811.781  553.930    0    0  (Gen:  0)
 23015944      4528  52315672  0.000  0.000 3811.984  553.959    0    0  (Gen:  0)
 23346256      3984  52315544  0.000  0.000 3812.188  553.986    0    0  (Gen:  0)
 24405712      4736  52316856  0.000  0.000 3812.406  554.015    0    0  (Gen:  0)
 23440336      4504  52317216  0.000  0.000 3812.516  554.043    0    0  (Gen:  0)
 24164152      4808  52317904  0.000  0.000 3812.719  554.072    0    0  (Gen:  0)
 24284968      5072  52318616  0.000  0.000 3812.969  554.101    0    0  (Gen:  0)
 26355520      4360  52318320  0.000  0.000 3813.203  554.133    0    0  (Gen:  0)
 23232264      6784  52321224  0.000  0.000 3813.406  554.161    0    0  (Gen:  0)
 24827360      4856  52319696  0.000  0.000 3813.641  554.190    0    0  (Gen:  0)
 27548192      5480  52320800  0.000  0.000 3813.859  554.223    0    0  (Gen:  0)
 22935200      5488  52321368  0.000  0.000 3814.062  554.249    0    0  (Gen:  0)
 28147264      5024  52321832  0.000  0.000 3814.203  554.281    0    0  (Gen:  0)
 22992072      5944  52323792  0.000  0.000 3814.297  554.310    0    0  (Gen:  0)
 24328448  44351288  52223888  0.141  0.024 3814.656  554.365    0    0  (Gen:  1)
 26848320      4136  52224744  0.000  0.000 3814.906  554.398    0    0  (Gen:  0)
 27710192      3824  52224944  0.000  0.000 3815.047  554.432    0    0  (Gen:  0)
 26017904      5144  52226808  0.000  0.000 3815.250  554.465    0    0  (Gen:  0)
 28714400      4872  52227000  0.000  0.000 3815.594  554.500    0    0  (Gen:  0)
 27387232      4240  52226880  0.000  0.000 3815.797  554.534    0    0  (Gen:  0)
 26844920      5184  52228272  0.000  0.000 3816.047  554.566    0    0  (Gen:  0)
 24581264      3440  52227040  0.000  0.000 3816.297  554.595    0    0  (Gen:  0)
 23652088      4072  52228056  0.000  0.000 3816.469  554.624    0    0  (Gen:  0)
 25000016      4464  52228864  0.000  0.000 3816.594  554.654    0    0  (Gen:  0)
 23936008      5040  52229824  0.000  0.000 3816.703  554.682    0    0  (Gen:  0)
 22775264      4408  52229576  0.000  0.000 3816.922  554.708    0    0  (Gen:  0)
 28209448      5528  52231048  0.000  0.000 3817.141  554.743    0    0  (Gen:  0)
 22800272      4768  52230736  0.000  0.000 3817.250  554.772    0    0  (Gen:  0)
 26594584      4936  52231320  0.000  0.000 3817.375  554.803    0    0  (Gen:  0)
 25385848      6024  52232728  0.000  0.000 3817.562  554.834    0    0  (Gen:  0)
 26070240      6328  52233512  0.000  0.000 3817.766  554.865    0    0  (Gen:  0)
 26773512      5808  52233440  0.000  0.000 3818.016  554.897    0    0  (Gen:  0)
 28315056      4744  52232760  0.000  0.000 3818.234  554.933    0    0  (Gen:  0)
 26082128      5328  52233792  0.000  0.000 3818.469  554.994    0    0  (Gen:  0)
 15540112      5104  52266896  0.000  0.000 3818.516  555.014    0    0  (Gen:  0)
 28566168      5728  52235720  0.000  0.000 3818.703  555.048    0    0  (Gen:  0)
 22300688      5256  52236392  0.000  0.001 3818.797  555.075    0    0  (Gen:  0)
 20751840      4576  52236128  0.000  0.000 3818.984  555.101    0    0  (Gen:  0)
 29196232      6408  52238328  0.000  0.000 3819.203  555.136    0    0  (Gen:  0)
 24302008      4904  52237400  0.000  0.000 3819.422  555.165    0    0  (Gen:  0)
 25943616      4400  52237280  0.000  0.000 3819.625  555.196    0    0  (Gen:  0)
 25645904      4344  52270432  0.000  0.000 3819.875  555.227    0    0  (Gen:  0)
 27264584      4240  52238016  0.000  0.000 3820.125  555.260    0    0  (Gen:  0)
 27354584      4600  52271584  0.000  0.000 3820.328  555.294    0    0  (Gen:  0)
 27277376      4656  52272056  0.000  0.000 3820.672  555.327    0    0  (Gen:  0)
 23940856      5552  52273368  0.000  0.000 3820.797  555.354    0    0  (Gen:  0)
 27311696      6344  52275120  0.000  0.000 3821.031  555.387    0    0  (Gen:  0)
 28640792      4472  52274208  0.000  0.000 3821.312  555.422    0    0  (Gen:  0)
 26014864      5032  52275280  0.000  0.000 3821.484  555.454    0    0  (Gen:  0)
 26053624      4712  52275312  0.000  0.000 3821.625  555.485    0    0  (Gen:  0)
 27968512      4944  52275960  0.000  0.000 3821.703  555.519    0    0  (Gen:  0)
 23071072  44297592  52202952  0.016  0.027 3821.938  555.575    0    0  (Gen:  1)
 24147792      4904  52203608  0.000  0.000 3822.188  555.607    0    0  (Gen:  0)
 23449800      3968  52203056  0.000  0.000 3822.344  555.636    0    0  (Gen:  0)
 26327144      4328  52203832  0.000  0.000 3822.469  555.668    0    0  (Gen:  0)
 26993272      4752  52204680  0.000  0.000 3822.688  555.701    0    0  (Gen:  0)
 27797296      5504  52205912  0.000  0.000 3823.047  555.734    0    0  (Gen:  0)
 25247560      5888  52206712  0.000  0.000 3823.188  555.766    0    0  (Gen:  0)
 25836160      5472  52206680  0.000  0.000 3823.406  555.798    0    0  (Gen:  0)
 25790000      4344  52205936  0.000  0.000 3823.656  555.830    0    0  (Gen:  0)
 24953720      5344  52207352  0.000  0.000 3823.906  555.860    0    0  (Gen:  0)
 22282000      6240  52208632  0.000  0.000 3824.031  555.886    0    0  (Gen:  0)
 27842416      4344  52208048  0.000  0.000 3824.250  555.919    0    0  (Gen:  0)
 26644976      4960  52209176  0.000  0.000 3824.547  555.953    0    0  (Gen:  0)
 26252840      4560  52209256  0.000  0.000 3824.781  555.985    0    0  (Gen:  0)
 23648408      3968  52209048  0.000  0.000 3824.844  556.014    0    0  (Gen:  0)
 25800656      5624  52211152  0.000  0.000 3825.125  556.045    0    0  (Gen:  0)
 23139224      5032  52211088  0.000  0.000 3825.219  556.073    0    0  (Gen:  0)
 27264008      4000  52210488  0.000  0.000 3825.469  556.106    0    0  (Gen:  0)
 24775840      4824  52211792  0.000  0.000 3825.688  556.137    0    0  (Gen:  0)
 20917520      3864  52211248  0.000  0.000 3825.844  556.163    0    0  (Gen:  0)
 29726128      4528  52212296  0.000  0.000 3826.062  556.199    0    0  (Gen:  0)
 27646384      5584  52213880  0.000  0.000 3826.438  556.233    0    0  (Gen:  0)
 26452232      4496  52213208  0.000  0.000 3826.594  556.266    0    0  (Gen:  0)
 28379208      5048  52214272  0.000  0.000 3826.797  556.300    0    0  (Gen:  0)
 28054952      4792  52214528  0.000  0.000 3827.031  556.334    0    0  (Gen:  0)
 25597400      4560  52214744  0.000  0.000 3827.266  556.365    0    0  (Gen:  0)
 27363152      4136  52214832  0.000  0.000 3827.516  556.398    0    0  (Gen:  0)
 21930744      5488  52216776  0.000  0.000 3827.672  556.424    0    0  (Gen:  0)
 24539048      5136  52216904  0.000  0.000 3827.922  556.453    0    0  (Gen:  0)
 26602808      4784  52217016  0.000  0.000 3828.125  556.485    0    0  (Gen:  0)
 23189856      5624  52218368  0.000  0.001 3828.234  556.516    0    0  (Gen:  0)
 16213704      4520  52217808  0.000  0.000 3828.281  556.550    0    0  (Gen:  0)
 24519128      4552  52218304  0.000  0.000 3828.453  556.578    0    0  (Gen:  0)
 18367304      4792  52219200  0.000  0.002 3828.547  556.602    0    0  (Gen:  0)
 22730872      4440  52219312  0.000  0.000 3828.719  556.631    0    0  (Gen:  0)
 27792448      4280  52219712  0.000  0.000 3828.875  556.665    0    0  (Gen:  0)
 18218616      5760  52221688  0.000  0.000 3829.031  556.688    0    0  (Gen:  0)
 25308520      6304  52223232  0.000  0.000 3829.281  556.721    0    0  (Gen:  0)
 27534624      4680  52222768  0.000  0.000 3829.438  556.755    0    0  (Gen:  0)
 28816840      5192  52223824  0.000  0.000 3829.641  556.790    0    0  (Gen:  0)
 28630832      4480  52223496  0.000  0.000 3829.875  556.825    0    0  (Gen:  0)
 28409536      4320  52223880  0.000  0.000 3830.188  556.861    0    0  (Gen:  0)
 27413312      4256  52224264  0.000  0.000 3830.406  556.894    0    0  (Gen:  0)
 26833152  44234696  52140064  0.141  0.025 3830.719  556.952    0    0  (Gen:  1)
 23554656      5320  52141360  0.000  0.000 3830.844  556.982    0    0  (Gen:  0)
 29683760      4920  52141440  0.000  0.000 3831.141  557.019    0    0  (Gen:  0)
 27572528      3992  52140928  0.000  0.000 3831.250  557.052    0    0  (Gen:  0)
 25906224      5680  52143640  0.000  0.000 3831.469  557.083    0    0  (Gen:  0)
 24533488      3896  52142912  0.000  0.000 3831.688  557.115    0    0  (Gen:  0)
 24954176      5048  52144592  0.000  0.000 3831.922  557.146    0    0  (Gen:  0)
 25218200      4064  52144136  0.000  0.000 3832.094  557.177    0    0  (Gen:  0)
 23260504      4432  52145000  0.000  0.000 3832.328  557.206    0    0  (Gen:  0)
 25674952      4496  52145496  0.000  0.000 3832.547  557.238    0    0  (Gen:  0)
 27068024      5384  52146864  0.000  0.000 3832.703  557.272    0    0  (Gen:  0)
 25832720      4592  52146632  0.000  0.000 3832.906  557.304    0    0  (Gen:  0)
 27990592      4312  52146704  0.000  0.000 3833.141  557.339    0    0  (Gen:  0)
 19691160      4976  52147944  0.000  0.000 3833.297  557.365    0    0  (Gen:  0)
 26160496      3904  52147160  0.000  0.000 3833.469  557.397    0    0  (Gen:  0)
 25732392      4656  52148392  0.000  0.000 3833.609  557.429    0    0  (Gen:  0)
 28156920      4344  52148464  0.000  0.000 3833.859  557.464    0    0  (Gen:  0)
 27156304      4576  52149112  0.031  0.000 3834.125  557.498    0    0  (Gen:  0)
 29091552      4984  52150032  0.000  0.000 3834.234  557.534    0    0  (Gen:  0)
 26804944      4664  52150224  0.000  0.000 3834.469  557.568    0    0  (Gen:  0)
 23364568      4576  52150648  0.000  0.000 3834.719  557.597    0    0  (Gen:  0)
 28029152      6488  52152912  0.000  0.000 3834.938  557.632    0    0  (Gen:  0)
 24677672      3944  52150816  0.000  0.000 3835.125  557.663    0    0  (Gen:  0)
 25740832      4472  52151792  0.000  0.000 3835.328  557.696    0    0  (Gen:  0)
 23412096      4520  52152320  0.000  0.000 3835.531  557.725    0    0  (Gen:  0)
 23826904      3912  52152288  0.000  0.000 3835.766  557.754    0    0  (Gen:  0)
 27327240      4304  52153112  0.000  0.000 3835.922  557.789    0    0  (Gen:  0)
 25459320      5120  52154440  0.000  0.000 3836.172  557.820    0    0  (Gen:  0)
 26642608      5064  52154768  0.000  0.000 3836.406  557.854    0    0  (Gen:  0)
 26151464      3616  52153800  0.000  0.000 3836.641  557.887    0    0  (Gen:  0)
 24857864      4576  52155240  0.000  0.000 3836.891  557.918    0    0  (Gen:  0)
 24663088      5096  52156208  0.000  0.000 3837.109  557.948    0    0  (Gen:  0)
 27031656      4728  52156320  0.000  0.000 3837.359  557.982    0    0  (Gen:  0)
 27822720      4712  52156960  0.000  0.000 3837.594  558.016    0    0  (Gen:  0)
 23200040      3600  52156328  0.000  0.022 3837.672  558.068    0    0  (Gen:  0)
 21679576      3816  52157056  0.000  0.000 3837.844  558.096    0    0  (Gen:  0)
 22267280      4576  52158296  0.000  0.000 3837.984  558.124    0    0  (Gen:  0)
 26537816      3880  52158096  0.000  0.000 3838.188  558.156    0    0  (Gen:  0)
 22261024      3872  52158664  0.000  0.000 3838.266  558.183    0    0  (Gen:  0)
 20579712      4392  52159792  0.000  0.000 3838.469  558.209    0    0  (Gen:  0)
 26005176  44171200  52076568  0.094  0.024 3838.766  558.264    0    0  (Gen:  1)
 25123376      4880  52077544  0.000  0.000 3838.969  558.293    0    0  (Gen:  0)
 23444560      4600  52078256  0.000  0.000 3839.203  558.320    0    0  (Gen:  0)
 23754952      4040  52078752  0.000  0.000 3839.406  558.348    0    0  (Gen:  0)
 25222040      5336  52080720  0.000  0.000 3839.641  558.379    0    0  (Gen:  0)
 23303848      3808  52080376  0.000  0.000 3839.781  558.410    0    0  (Gen:  0)
 28495496      4848  52081832  0.000  0.000 3840.016  558.444    0    0  (Gen:  0)
 26692760      5584  52083048  0.000  0.000 3840.266  558.477    0    0  (Gen:  0)
 22982776      4640  52082520  0.000  0.000 3840.516  558.505    0    0  (Gen:  0)
 30582360      4608  52082872  0.000  0.000 3840.766  558.542    0    0  (Gen:  0)
 25266064      5248  52084008  0.000  0.000 3840.922  558.573    0    0  (Gen:  0)
 24570128      5000  52084176  0.000  0.000 3841.172  558.602    0    0  (Gen:  0)
 22180720      4672  52084216  0.000  0.000 3841.406  558.630    0    0  (Gen:  0)
 23379720      5680  52085576  0.000  0.000 3841.562  558.659    0    0  (Gen:  0)
 23998776      5784  52086112  0.000  0.000 3841.797  558.688    0    0  (Gen:  0)
 26750736      4696  52085456  0.000  0.000 3841.969  558.721    0    0  (Gen:  0)
 26329448      4368  52085560  0.000  0.000 3842.219  558.753    0    0  (Gen:  0)
 23265144      5568  52087208  0.000  0.000 3842.453  558.782    0    0  (Gen:  0)
 26584248      5760  52087752  0.000  0.000 3842.688  558.814    0    0  (Gen:  0)
 27800752      5088  52087576  0.000  0.000 3842.922  558.848    0    0  (Gen:  0)
 28610688      5776  52088616  0.000  0.000 3843.172  558.883    0    0  (Gen:  0)
 27767360      4640  52087960  0.000  0.000 3843.328  558.918    0    0  (Gen:  0)
 28445112      4856  52088656  0.000  0.000 3843.641  558.953    0    0  (Gen:  0)
 30704672      5048  52089344  0.000  0.000 3843.891  558.991    0    0  (Gen:  0)
 25869344      5208  52089920  0.000  0.000 3844.125  559.023    0    0  (Gen:  0)
 25769016      4760  52089888  0.000  0.000 3844.328  559.055    0    0  (Gen:  0)
 20066992      6608  52092136  0.000  0.000 3844.547  559.080    0    0  (Gen:  0)
 26036672      4952  52091552  0.000  0.000 3844.734  559.112    0    0  (Gen:  0)
 28365664      5016  52092568  0.000  0.000 3844.906  559.147    0    0  (Gen:  0)
 27419752      4680  52092648  0.000  0.000 3845.125  559.180    0    0  (Gen:  0)
 27852344      4728  52093112  0.000  0.000 3845.266  559.214    0    0  (Gen:  0)
 24134032      5832  52094696  0.000  0.000 3845.500  559.245    0    0  (Gen:  0)
 25968912      4864  52094112  0.000  0.000 3845.688  559.276    0    0  (Gen:  0)
 26939216      4424  52094088  0.000  0.000 3845.938  559.309    0    0  (Gen:  0)
 26409384      5296  52095408  0.000  0.000 3846.172  559.341    0    0  (Gen:  0)
 24960936      4984  52095544  0.000  0.000 3846.422  559.371    0    0  (Gen:  0)
 22447752      6472  52097512  0.000  0.000 3846.562  559.399    0    0  (Gen:  0)
 26152376      6032  52097800  0.000  0.000 3846.750  559.431    0    0  (Gen:  0)
 24741768      5376  52098112  0.000  0.000 3846.969  559.461    0    0  (Gen:  0)
 27669192      6344  52099528  0.000  0.000 3847.219  559.494    0    0  (Gen:  0)
 25212632      4728  52098360  0.000  0.000 3847.359  559.525    0    0  (Gen:  0)
 27946960  44111440  52016808  0.109  0.030 3847.609  559.589    0    0  (Gen:  1)
  4111784      4920  52016408  0.000  0.001 3847.625  559.614    0    0  (Gen:  0)
 27268856      8912  52024864  0.000  0.000 3847.812  559.647    0    0  (Gen:  0)
 20564984      4632  52025584  0.000  0.000 3847.938  559.673    0    0  (Gen:  0)
 23773288      4520  52025856  0.000  0.000 3848.047  559.701    0    0  (Gen:  0)
 23690336      4992  52026856  0.000  0.000 3848.156  559.731    0    0  (Gen:  0)
 24680144      5064  52027248  0.000  0.000 3848.359  559.760    0    0  (Gen:  0)
 25870968      5232  52028312  0.000  0.000 3848.609  559.789    0    0  (Gen:  0)
 28241240      4544  52028712  0.000  0.000 3848.859  559.823    0    0  (Gen:  0)
 26358080      5288  52030000  0.000  0.000 3849.094  559.854    0    0  (Gen:  0)
 27860032      5288  52030480  0.000  0.000 3849.250  559.888    0    0  (Gen:  0)
 25601080      5592  52031264  0.000  0.000 3849.422  559.918    0    0  (Gen:  0)
 27151352      4728  52030848  0.000  0.000 3849.672  559.950    0    0  (Gen:  0)
 24320928      5064  52031728  0.000  0.000 3849.891  559.980    0    0  (Gen:  0)
 27219944      4168  52031248  0.000  0.000 3850.125  560.012    0    0  (Gen:  0)
 24989720      5976  52033616  0.000  0.000 3850.344  560.043    0    0  (Gen:  0)
 25143720      6280  52034304  0.000  0.000 3850.547  560.073    0    0  (Gen:  0)
 25799400      4760  52033200  0.000  0.000 3850.797  560.105    0    0  (Gen:  0)
 25490304      6320  52035112  0.000  0.000 3851.016  560.135    0    0  (Gen:  0)
 23004368      4016  52033224  0.000  0.000 3851.234  560.164    0    0  (Gen:  0)
 24337448      4696  52034288  0.000  0.000 3851.406  560.193    0    0  (Gen:  0)
 23511984      6840  52036848  0.000  0.000 3851.656  560.221    0    0  (Gen:  0)
 21633016      4272  52034632  0.000  0.000 3851.781  560.249    0    0  (Gen:  0)
 26922688      6432  52037192  0.000  0.000 3852.000  560.281    0    0  (Gen:  0)
 23325632      4696  52035872  0.000  0.000 3852.125  560.309    0    0  (Gen:  0)
 26456880      4696  52036192  0.000  0.000 3852.375  560.340    0    0  (Gen:  0)
 27137816      4968  52036912  0.000  0.000 3852.625  560.373    0    0  (Gen:  0)
 28202000      6120  52071304  0.000  0.000 3852.906  560.407    0    0  (Gen:  0)
 24481760      4280  52069976  0.000  0.000 3853.094  560.436    0    0  (Gen:  0)
 25858256      4520  52070712  0.000  0.000 3853.219  560.467    0    0  (Gen:  0)
 25396216      4968  52071576  0.000  0.000 3853.375  560.497    0    0  (Gen:  0)
 23716792      5768  52072792  0.000  0.000 3853.562  560.524    0    0  (Gen:  0)
 26044024      4432  52071840  0.000  0.000 3853.797  560.554    0    0  (Gen:  0)
 24247096      4720  52072656  0.000  0.000 3854.047  560.584    0    0  (Gen:  0)
 22111376      4032  52072384  0.000  0.000 3854.250  560.611    0    0  (Gen:  0)
 27419168      6360  52075168  0.000  0.000 3854.422  560.642    0    0  (Gen:  0)
 24658472      4920  52074256  0.000  0.000 3854.672  560.671    0    0  (Gen:  0)
 23090296      5400  52075088  0.000  0.000 3854.797  560.698    0    0  (Gen:  0)
 28698984      7064  52077200  0.000  0.000 3855.000  560.733    0    0  (Gen:  0)
 26398224  44055808  51993944  0.031  0.028 3855.141  560.791    0    0  (Gen:  1)
 26531352      5640  51993936  0.000  0.000 3855.375  560.823    0    0  (Gen:  0)
 26781112      5504  51994312  0.000  0.000 3855.594  560.855    0    0  (Gen:  0)
 25354672      5224  51994528  0.000  0.000 3855.828  560.884    0    0  (Gen:  0)
 26558440      6104  51995824  0.000  0.000 3856.047  560.916    0    0  (Gen:  0)
 23944520      6112  52029104  0.000  0.000 3856.250  560.944    0    0  (Gen:  0)
 24314640      5536  52028928  0.000  0.000 3856.469  560.973    0    0  (Gen:  0)
 27375448      4840  52028680  0.000  0.000 3856.656  561.005    0    0  (Gen:  0)
 28061616      5480  52029848  0.000  0.000 3856.875  561.038    0    0  (Gen:  0)
 25528896      4368  52029216  0.000  0.000 3857.094  561.068    0    0  (Gen:  0)
 27157616      5144  52030472  0.000  0.000 3857.250  561.100    0    0  (Gen:  0)
 20626520      4640  52030512  0.000  0.001 3857.422  561.151    0    0  (Gen:  0)
 22677688      5136  52031520  0.000  0.000 3857.609  561.178    0    0  (Gen:  0)
 25299080      4840  52031816  0.000  0.000 3857.812  561.208    0    0  (Gen:  0)
 27330984      4552  52032096  0.000  0.000 3858.062  561.241    0    0  (Gen:  0)
 27136904      4480  52032600  0.000  0.000 3858.266  561.274    0    0  (Gen:  0)
 23325984      5080  52033648  0.000  0.000 3858.500  561.301    0    0  (Gen:  0)
 27789472      4272  52033352  0.000  0.000 3858.750  561.334    0    0  (Gen:  0)
 29451744      5008  52034600  0.000  0.000 3858.984  561.369    0    0  (Gen:  0)
 29879232      4952  52035152  0.000  0.000 3859.281  561.405    0    0  (Gen:  0)
 27643608      4352  52035128  0.000  0.000 3859.516  561.437    0    0  (Gen:  0)
 23192984      4616  52035936  0.000  0.000 3859.625  561.464    0    0  (Gen:  0)
 25038752      4376  52036176  0.000  0.000 3859.734  561.493    0    0  (Gen:  0)
 24830744      5632  52037976  0.000  0.000 3859.922  561.523    0    0  (Gen:  0)
 27985688      4576  52037512  0.000  0.000 3860.172  561.556    0    0  (Gen:  0)
 28399216      6144  52039656  0.000  0.000 3860.391  561.589    0    0  (Gen:  0)
 26986568      4488  52038512  0.000  0.000 3860.562  561.621    0    0  (Gen:  0)
 25473776      5064  52039600  0.000  0.000 3860.781  561.651    0    0  (Gen:  0)
 28090120      5408  52040552  0.000  0.000 3861.016  561.682    0    0  (Gen:  0)
 25603632      5272  52041840  0.000  0.000 3861.234  561.713    0    0  (Gen:  0)
 24371800      5856  52043224  0.000  0.000 3861.375  561.742    0    0  (Gen:  0)
 23892792      4120  52041968  0.000  0.000 3861.531  561.771    0    0  (Gen:  0)
 25882872      4192  52042552  0.000  0.000 3861.766  561.801    0    0  (Gen:  0)
 22217072      4424  52043328  0.000  0.000 3862.016  561.828    0    0  (Gen:  0)
 22289264      4936  52044352  0.000  0.000 3862.125  561.854    0    0  (Gen:  0)
 25758624      4232  52044096  0.000  0.000 3862.344  561.885    0    0  (Gen:  0)
 22803752      4928  52045144  0.000  0.000 3862.531  561.913    0    0  (Gen:  0)
 23117432      4416  52045080  0.000  0.000 3862.781  561.940    0    0  (Gen:  0)
 27106424      4888  52046016  0.000  0.000 3862.938  561.973    0    0  (Gen:  0)
 27817072      4600  52046144  0.000  0.000 3863.062  562.007    0    0  (Gen:  0)
 25572784      6784  52048776  0.000  0.000 3863.297  562.038    0    0  (Gen:  0)
 26839376  43986352  51957256  0.109  0.031 3863.656  562.101    0    0  (Gen:  1)
 27312808      5640  51958464  0.000  0.000 3863.891  562.133    0    0  (Gen:  0)
 28889152      4488  51958560  0.000  0.000 3864.125  562.167    0    0  (Gen:  0)
 29575656      4656  51959336  0.062  0.000 3864.469  562.202    0    0  (Gen:  0)
 25166472      4008  51959264  0.000  0.000 3864.594  562.232    0    0  (Gen:  0)
 23893296      4976  51960744  0.000  0.000 3864.781  562.262    0    0  (Gen:  0)
 22742320      5280  51961592  0.000  0.000 3865.016  562.289    0    0  (Gen:  0)
 20702352      5096  51961968  0.000  0.000 3865.203  562.313    0    0  (Gen:  0)
 27760024      4384  51961848  0.000  0.000 3865.453  562.345    0    0  (Gen:  0)
 26498904      4296  51962464  0.000  0.000 3865.641  562.377    0    0  (Gen:  0)
 24487920      3800  51962480  0.000  0.000 3865.859  562.405    0    0  (Gen:  0)
 25795960      3792  51963048  0.000  0.000 3865.969  562.436    0    0  (Gen:  0)
 28243936      4224  51964152  0.000  0.000 3866.344  562.470    0    0  (Gen:  0)
 25711176      4720  51965160  0.000  0.000 3866.531  562.500    0    0  (Gen:  0)
 28316536      4000  51964888  0.000  0.000 3866.734  562.535    0    0  (Gen:  0)
 25708656      4032  51965432  0.000  0.000 3866.922  562.566    0    0  (Gen:  0)
 22117976      4128  51966008  0.000  0.000 3867.094  562.622    0    0  (Gen:  0)
 20045624      4976  51967240  0.000  0.000 3867.219  562.647    0    0  (Gen:  0)
 24812400      6048  51968840  0.000  0.000 3867.375  562.677    0    0  (Gen:  0)
 23391368      4432  51967752  0.000  0.000 3867.562  562.706    0    0  (Gen:  0)
 28460152      4224  51967976  0.000  0.000 3867.766  562.741    0    0  (Gen:  0)
 29056128      5520  51969784  0.000  0.000 3867.906  562.776    0    0  (Gen:  0)
 29168216      4648  51969360  0.078  0.000 3868.203  562.811    0    0  (Gen:  0)
 27134688      4368  51969624  0.000  0.000 3868.422  562.844    0    0  (Gen:  0)
 26642088      5176  51970944  0.000  0.000 3868.625  562.876    0    0  (Gen:  0)
 24824088      4488  51970704  0.000  0.000 3868.812  562.905    0    0  (Gen:  0)
 28052816      5680  51972312  0.000  0.000 3869.062  562.939    0    0  (Gen:  0)
 26833480      5752  51972928  0.000  0.001 3869.281  562.973    0    0  (Gen:  0)
 26238600      6592  51974216  0.000  0.000 3869.500  563.005    0    0  (Gen:  0)
 25782728      5144  51973264  0.000  0.000 3869.734  563.036    0    0  (Gen:  0)
 24972440      6344  51974880  0.000  0.000 3869.984  563.067    0    0  (Gen:  0)
 28501600      5096  51974048  0.000  0.000 3870.234  563.102    0    0  (Gen:  0)
 27873720      5968  51975448  0.000  0.000 3870.422  563.136    0    0  (Gen:  0)
 20896736      4832  51974728  0.000  0.000 3870.625  563.162    0    0  (Gen:  0)
 27799008      4000  51974312  0.000  0.000 3870.828  563.196    0    0  (Gen:  0)
 26835392      4368  51975192  0.000  0.000 3871.062  563.228    0    0  (Gen:  0)
 22769936      5944  51977216  0.000  0.000 3871.203  563.255    0    0  (Gen:  0)
 22238256      5256  51977040  0.000  0.000 3871.391  563.282    0    0  (Gen:  0)
 26290968      4480  51976808  0.000  0.000 3871.625  563.314    0    0  (Gen:  0)
 23959872      4904  51977648  0.000  0.000 3871.812  563.343    0    0  (Gen:  0)
 26601328      4624  51977752  0.000  0.000 3872.047  563.375    0    0  (Gen:  0)
 26473744  43921352  51892256  0.016  0.025 3872.297  563.432    0    0  (Gen:  1)
 22868984      4432  51892392  0.000  0.000 3872.547  563.458    0    0  (Gen:  0)
 23993536      6176  51894584  0.000  0.000 3872.766  563.487    0    0  (Gen:  0)
 25636864      4056  51892912  0.000  0.000 3872.969  563.518    0    0  (Gen:  0)
 27663368      5336  51894640  0.000  0.000 3873.219  563.551    0    0  (Gen:  0)
 26426264      4304  51894200  0.000  0.000 3873.406  563.583    0    0  (Gen:  0)
 24091128      4856  51895168  0.000  0.000 3873.609  563.612    0    0  (Gen:  0)
 26377072      5136  51895832  0.000  0.000 3873.828  563.643    0    0  (Gen:  0)
 28318320      5000  51896208  0.000  0.000 3874.062  563.676    0    0  (Gen:  0)
 28404992      5040  51896664  0.000  0.000 3874.266  563.711    0    0  (Gen:  0)
 19718752      5600  51897896  0.000  0.000 3874.359  563.733    0    0  (Gen:  0)
 26908528      4704  51898280  0.000  0.000 3874.609  563.765    0    0  (Gen:  0)
 25955352      4016  51898152  0.000  0.000 3874.812  563.796    0    0  (Gen:  0)
 28843456      4632  51899248  0.000  0.000 3874.984  563.831    0    0  (Gen:  0)
 23681216      4504  51899600  0.000  0.000 3875.141  563.861    0    0  (Gen:  0)
 24919776      4120  51899632  0.000  0.000 3875.328  563.893    0    0  (Gen:  0)
 26025624      5688  51901648  0.000  0.000 3875.453  563.924    0    0  (Gen:  0)
 28562608      6016  51902440  0.000  0.000 3875.656  563.959    0    0  (Gen:  0)
 28261832      4680  51901552  0.000  0.000 3875.891  563.993    0    0  (Gen:  0)
 24128136      5928  51903312  0.000  0.000 3876.047  564.023    0    0  (Gen:  0)
 23635168      4488  51902336  0.000  0.000 3876.219  564.052    0    0  (Gen:  0)
 23647640      3880  51902160  0.000  0.000 3876.438  564.081    0    0  (Gen:  0)
 25430936      4368  51903064  0.000  0.000 3876.688  564.112    0    0  (Gen:  0)
 27123704      5360  51904472  0.000  0.000 3876.938  564.144    0    0  (Gen:  0)
 28759720      4592  51904120  0.000  0.000 3877.031  564.179    0    0  (Gen:  0)
 21742432      4632  51904704  0.000  0.013 3877.188  564.218    0    0  (Gen:  0)
 12349784      4928  51905352  0.000  0.000 3877.219  564.239    0    0  (Gen:  0)
 24124376      5968  51907224  0.000  0.001 3877.391  564.270    0    0  (Gen:  0)
 26598944      4072  51939232  0.000  0.000 3877.594  564.303    0    0  (Gen:  0)
 29239784      5960  51941584  0.000  0.000 3877.844  564.337    0    0  (Gen:  0)
 26832560      4328  51940528  0.000  0.000 3878.047  564.370    0    0  (Gen:  0)
 25620416      4656  51941208  0.000  0.000 3878.281  564.401    0    0  (Gen:  0)
 27219648      5160  51942128  0.000  0.000 3878.500  564.433    0    0  (Gen:  0)
 26367768      4584  51942000  0.000  0.000 3878.734  564.464    0    0  (Gen:  0)
 26635656      4512  51942376  0.000  0.000 3878.938  564.496    0    0  (Gen:  0)
 29160640      4960  51943240  0.000  0.000 3879.266  564.532    0    0  (Gen:  0)
 25780800      5688  51944512  0.000  0.000 3879.453  564.563    0    0  (Gen:  0)
 28995048      5240  51944552  0.000  0.000 3879.703  564.598    0    0  (Gen:  0)
 25823720      4888  51944664  0.000  0.000 3879.938  564.629    0    0  (Gen:  0)
 25647880  43864776  51868448  0.016  0.026 3880.188  564.685    0    0  (Gen:  1)
 25802616      4584  51867400  0.000  0.000 3880.297  564.715    0    0  (Gen:  0)
 22521856      5088  51868384  0.000  0.000 3880.516  564.742    0    0  (Gen:  0)
 23182768      5536  51869344  0.000  0.000 3880.703  564.768    0    0  (Gen:  0)
 24112176      4608  51868912  0.000  0.000 3880.875  564.798    0    0  (Gen:  0)
 26981272      5888  51870736  0.000  0.000 3881.125  564.830    0    0  (Gen:  0)
 22442344      6320  51871664  0.000  0.000 3881.250  564.856    0    0  (Gen:  0)
 25357744      4520  51903072  0.000  0.000 3881.469  564.886    0    0  (Gen:  0)
 24238232      5840  51904936  0.000  0.000 3881.609  564.917    0    0  (Gen:  0)
 29770504      5264  51904824  0.000  0.000 3881.953  564.952    0    0  (Gen:  0)
 30390248      5264  51905368  0.000  0.000 3882.203  564.988    0    0  (Gen:  0)
 28091400      6424  51907136  0.000  0.000 3882.406  565.021    0    0  (Gen:  0)
 28324576      4784  51905944  0.000  0.000 3882.656  565.056    0    0  (Gen:  0)
 29304584      6040  51907712  0.000  0.000 3882.906  565.092    0    0  (Gen:  0)
 23873680      4584  51906888  0.000  0.000 3883.109  565.120    0    0  (Gen:  0)
 24492048      4304  51939784  0.000  0.000 3883.359  565.150    0    0  (Gen:  0)
 26976352      5056  51940968  0.000  0.000 3883.594  565.184    0    0  (Gen:  0)
 27290496      5944  51942376  0.000  0.000 3883.828  565.216    0    0  (Gen:  0)
 25730056      6184  51943400  0.000  0.000 3884.016  565.246    0    0  (Gen:  0)
 24883208      4280  51942680  0.000  0.000 3884.172  565.276    0    0  (Gen:  0)
 24227136      4640  51943488  0.000  0.000 3884.391  565.305    0    0  (Gen:  0)
 21689360      5176  51945112  0.000  0.000 3884.594  565.331    0    0  (Gen:  0)
 28486448      5032  51945864  0.000  0.000 3884.844  565.368    0    0  (Gen:  0)
 24499592      4672  51946000  0.000  0.000 3885.094  565.398    0    0  (Gen:  0)
 27519056      4808  51946488  0.000  0.000 3885.328  565.433    0    0  (Gen:  0)
 24808896      4128  51946256  0.000  0.000 3885.562  565.464    0    0  (Gen:  0)
 25572448      5016  51947592  0.000  0.000 3885.812  565.496    0    0  (Gen:  0)
 27006504      4264  51947320  0.000  0.000 3886.109  565.530    0    0  (Gen:  0)
 26790768      4776  51948280  0.000  0.000 3886.359  565.562    0    0  (Gen:  0)
 27996024      3704  51947720  0.000  0.000 3886.594  565.598    0    0  (Gen:  0)
 25797904      4184  51948680  0.000  0.000 3886.812  565.629    0    0  (Gen:  0)
 27496968      4568  51949448  0.000  0.000 3887.047  565.663    0    0  (Gen:  0)
 25401592      4968  51950360  0.000  0.000 3887.266  565.695    0    0  (Gen:  0)
 24136616      4608  51950384  0.000  0.000 3887.516  565.725    0    0  (Gen:  0)
 23855032      4576  51950768  0.000  0.000 3887.656  565.754    0    0  (Gen:  0)
 22993928      3720  51950328  0.000  0.000 3887.781  565.784    0    0  (Gen:  0)
 20757360      4928  51951920  0.000  0.000 3887.875  565.835    0    0  (Gen:  0)
 23824872      5576  51952952  0.000  0.000 3888.062  565.864    0    0  (Gen:  0)
 23023416  43797712  51834152  0.016  0.026 3888.219  565.919    0    0  (Gen:  1)
 20663872      4344  51834664  0.000  0.000 3888.391  565.947    0    0  (Gen:  0)
 24241592      4472  51835304  0.000  0.000 3888.609  565.976    0    0  (Gen:  0)
 28259888      4144  51835552  0.000  0.000 3888.781  566.012    0    0  (Gen:  0)
 26621968      4120  51836040  0.000  0.000 3888.984  566.045    0    0  (Gen:  0)
 24917752      4688  51837056  0.000  0.000 3889.203  566.076    0    0  (Gen:  0)
 25551304      3984  51836832  0.000  0.000 3889.375  566.107    0    0  (Gen:  0)
 25059152      5192  51838456  0.000  0.000 3889.578  566.139    0    0  (Gen:  0)
 22159328      4776  51838616  0.000  0.000 3889.812  566.166    0    0  (Gen:  0)
 25523304      4008  51838248  0.000  0.000 3890.047  566.197    0    0  (Gen:  0)
 24693440      3944  51838664  0.000  0.000 3890.266  566.228    0    0  (Gen:  0)
 29959648      3944  51839112  0.000  0.000 3890.500  566.267    0    0  (Gen:  0)
 21157528      3992  51839640  0.000  0.000 3890.562  566.293    0    0  (Gen:  0)
 22781984      4448  51840448  0.000  0.000 3890.750  566.321    0    0  (Gen:  0)
 19490464      4128  51840480  0.000  0.000 3890.938  566.347    0    0  (Gen:  0)
 23594296      4568  51841304  0.000  0.000 3891.125  566.377    0    0  (Gen:  0)
 26585352      4504  51841656  0.000  0.000 3891.312  566.410    0    0  (Gen:  0)
 23998888      4464  51842064  0.000  0.000 3891.547  566.441    0    0  (Gen:  0)
 26625896      3928  51841944  0.000  0.000 3891.797  566.475    0    0  (Gen:  0)
 26460976      3720  51842216  0.000  0.000 3891.938  566.509    0    0  (Gen:  0)
 25954344      4384  51843392  0.000  0.000 3892.109  566.540    0    0  (Gen:  0)
 26848312      4224  51843744  0.000  0.000 3892.297  566.575    0    0  (Gen:  0)
 27481944      3968  51843904  0.000  0.000 3892.609  566.609    0    0  (Gen:  0)
 21519248      4520  51845000  0.000  0.000 3892.719  566.636    0    0  (Gen:  0)
 23653040      4520  51845448  0.000  0.000 3892.969  566.665    0    0  (Gen:  0)
 23343352      4136  51845480  0.000  0.000 3893.188  566.694    0    0  (Gen:  0)
 26166768      4104  51845864  0.000  0.000 3893.359  566.727    0    0  (Gen:  0)
 22313952      4232  51846416  0.000  0.000 3893.531  566.754    0    0  (Gen:  0)
 25864496      4808  51847768  0.000  0.000 3893.672  566.786    0    0  (Gen:  0)
 26902920      4216  51847912  0.000  0.000 3893.906  566.819    0    0  (Gen:  0)
 25732040      5112  51849288  0.000  0.000 3894.156  566.851    0    0  (Gen:  0)
 25414456      5048  51849672  0.000  0.000 3894.375  566.883    0    0  (Gen:  0)
 20816840      3984  51849024  0.000  0.000 3894.547  566.909    0    0  (Gen:  0)
 24477648      5056  51850512  0.000  0.000 3894.797  566.939    0    0  (Gen:  0)
 26684704      4688  51850512  0.000  0.000 3895.047  566.972    0    0  (Gen:  0)
 22305144      4840  51851144  0.000  0.000 3895.250  566.999    0    0  (Gen:  0)
 25594072      7400  51854024  0.000  0.000 3895.391  567.030    0    0  (Gen:  0)
 26469760      5000  51851976  0.000  0.000 3895.641  567.063    0    0  (Gen:  0)
 23818288      4952  51852376  0.000  0.000 3895.797  567.093    0    0  (Gen:  0)
 28267208      5480  51853288  0.000  0.000 3895.984  567.128    0    0  (Gen:  0)
 24132704  43742496  51778936  0.016  0.023 3896.234  567.181    0    0  (Gen:  1)
 25805312      6104  51780296  0.000  0.000 3896.484  567.214    0    0  (Gen:  0)
 26990560      5416  51779992  0.000  0.000 3896.625  567.247    0    0  (Gen:  0)
 24545248      6096  51781216  0.000  0.001 3896.719  567.281    0    0  (Gen:  0)
 20103888      3728  51779264  0.000  0.000 3896.781  567.311    0    0  (Gen:  0)
 15230192      5944  51781920  0.000  0.000 3896.859  567.332    0    0  (Gen:  0)
 23461560      5256  51782184  0.000  0.000 3897.094  567.362    0    0  (Gen:  0)
 20107400      4976  51783336  0.000  0.000 3897.156  567.389    0    0  (Gen:  0)
 25335000      5168  51784088  0.000  0.000 3897.469  567.420    0    0  (Gen:  0)
 27763488      4848  51784280  0.000  0.000 3897.609  567.454    0    0  (Gen:  0)
 26153096      4776  51784656  0.000  0.000 3897.766  567.487    0    0  (Gen:  0)
 25664336      3872  51784264  0.000  0.000 3897.922  567.518    0    0  (Gen:  0)
 25822512      4632  51785472  0.000  0.000 3898.125  567.550    0    0  (Gen:  0)
 26326608      4792  51786144  0.000  0.000 3898.375  567.583    0    0  (Gen:  0)
 26286944      3864  51785632  0.000  0.000 3898.609  567.615    0    0  (Gen:  0)
 22239688      4168  51786480  0.000  0.000 3898.766  567.642    0    0  (Gen:  0)
 25344936      4440  51787296  0.000  0.000 3899.016  567.674    0    0  (Gen:  0)
 24966984      4920  51788272  0.000  0.000 3899.203  567.703    0    0  (Gen:  0)
 23202936      4320  51788184  0.000  0.000 3899.328  567.731    0    0  (Gen:  0)
 25821136      4896  51789272  0.000  0.000 3899.516  567.763    0    0  (Gen:  0)
 20160256      5488  51790376  0.000  0.000 3899.703  567.786    0    0  (Gen:  0)
 23107120      5520  51791768  0.000  0.000 3899.938  567.814    0    0  (Gen:  0)
 28066016      5776  51792744  0.000  0.000 3900.188  567.847    0    0  (Gen:  0)
 26797808      4344  51791920  0.000  0.000 3900.422  567.880    0    0  (Gen:  0)
 25962400      5576  51793696  0.000  0.000 3900.641  567.912    0    0  (Gen:  0)
 23165920      4368  51793000  0.000  0.000 3900.875  567.939    0    0  (Gen:  0)
 25514760      4840  51793952  0.000  0.000 3901.094  567.971    0    0  (Gen:  0)
 26106624      4768  51794456  0.000  0.000 3901.188  568.005    0    0  (Gen:  0)
 24527456      4232  51794336  0.000  0.000 3901.344  568.034    0    0  (Gen:  0)
 27138432      5144  51795728  0.000  0.000 3901.594  568.065    0    0  (Gen:  0)
 27799176      5432  51829992  0.000  0.000 3901.844  568.097    0    0  (Gen:  0)
 27473232      5824  51831184  0.000  0.000 3902.062  568.130    0    0  (Gen:  0)
 22861248      4376  51830216  0.000  0.000 3902.281  568.157    0    0  (Gen:  0)
 27355832      4424  51830680  0.000  0.000 3902.453  568.191    0    0  (Gen:  0)
 26124136      4808  51831624  0.000  0.000 3902.688  568.223    0    0  (Gen:  0)
 24449240      4504  51831704  0.000  0.000 3902.828  568.253    0    0  (Gen:  0)
 25652032      4296  51832040  0.000  0.000 3902.953  568.284    0    0  (Gen:  0)
 30021248      6688  51834720  0.000  0.000 3903.172  568.321    0    0  (Gen:  0)
 22585720      5488  51834000  0.000  0.000 3903.391  568.348    0    0  (Gen:  0)
 25412744      5656  51834552  0.000  0.000 3903.625  568.380    0    0  (Gen:  0)
 27403640      4312  51833624  0.000  0.000 3903.875  568.412    0    0  (Gen:  0)
 27906312      5864  51835640  0.000  0.000 3904.125  568.446    0    0  (Gen:  0)
 27482368  43677696  51746896  0.094  0.025 3904.453  568.504    0    0  (Gen:  1)
 29067496      5888  51746560  0.000  0.000 3904.672  568.539    0    0  (Gen:  0)
 29929544      6584  51747736  0.000  0.000 3904.906  568.575    0    0  (Gen:  0)
 28959056      6616  51748216  0.000  0.000 3905.266  568.610    0    0  (Gen:  0)
 28442792      6232  51748312  0.000  0.000 3905.453  568.644    0    0  (Gen:  0)
 24007008      4264  51746856  0.000  0.000 3905.688  568.673    0    0  (Gen:  0)
 25168048      4344  51747464  0.000  0.000 3905.906  568.703    0    0  (Gen:  0)
 25844976      5752  51749272  0.000  0.000 3906.156  568.735    0    0  (Gen:  0)
 27646416      5672  51749672  0.000  0.000 3906.359  568.767    0    0  (Gen:  0)
 26265776      4352  51748848  0.000  0.000 3906.547  568.798    0    0  (Gen:  0)
 26349280      4408  51749320  0.000  0.001 3906.734  568.838    0    0  (Gen:  0)
 21536032      5392  51750784  0.000  0.000 3906.812  568.868    0    0  (Gen:  0)
 21518696      5688  51751528  0.000  0.000 3906.969  568.895    0    0  (Gen:  0)
 19633256      6496  51752800  0.000  0.000 3907.031  568.920    0    0  (Gen:  0)
 22908592      6096  51753968  0.000  0.000 3907.234  568.948    0    0  (Gen:  0)
 26753576      4128  51753128  0.000  0.000 3907.469  568.981    0    0  (Gen:  0)
 17495200      4872  51754368  0.000  0.000 3907.594  569.004    0    0  (Gen:  0)
 21485048      4416  51754504  0.000  0.000 3907.766  569.030    0    0  (Gen:  0)
 25698680      5752  51756584  0.000  0.000 3907.875  569.060    0    0  (Gen:  0)
 26777352      5008  51756704  0.000  0.000 3908.125  569.091    0    0  (Gen:  0)
 26220128      4424  51757240  0.000  0.000 3908.359  569.123    0    0  (Gen:  0)
 24853192      5408  51758768  0.000  0.000 3908.609  569.153    0    0  (Gen:  0)
 26760160      4488  51758392  0.000  0.000 3908.891  569.187    0    0  (Gen:  0)
 26899168      4096  51758416  0.000  0.000 3909.125  569.219    0    0  (Gen:  0)
 24863784      4984  51759816  0.000  0.000 3909.328  569.250    0    0  (Gen:  0)
 22173752      5768  51761080  0.000  0.000 3909.438  569.276    0    0  (Gen:  0)
 25231248      4336  51760112  0.000  0.000 3909.641  569.307    0    0  (Gen:  0)
 25091328      4832  51761024  0.000  0.000 3909.859  569.337    0    0  (Gen:  0)
 23238104      5120  51761824  0.000  0.000 3910.062  569.365    0    0  (Gen:  0)
 25195656      5712  51762800  0.000  0.000 3910.312  569.395    0    0  (Gen:  0)
 26187696      5040  51762576  0.000  0.000 3910.562  569.426    0    0  (Gen:  0)
 28759080      4768  51762784  0.000  0.000 3910.750  569.462    0    0  (Gen:  0)
 30788928      4448  51762944  0.000  0.000 3911.094  569.499    0    0  (Gen:  0)
 25553840      3920  51763104  0.000  0.000 3911.250  569.530    0    0  (Gen:  0)
 25055200      5008  51764672  0.000  0.000 3911.359  569.560    0    0  (Gen:  0)
 24815328      7200  51767328  0.000  0.000 3911.578  569.590    0    0  (Gen:  0)
 27393752      4904  51765480  0.000  0.000 3911.828  569.623    0    0  (Gen:  0)
 28631816      4584  51765672  0.000  0.000 3912.047  569.658    0    0  (Gen:  0)
 21830456      4800  51766416  0.000  0.000 3912.141  569.686    0    0  (Gen:  0)
 28529152      7448  51769512  0.000  0.000 3912.328  569.720    0    0  (Gen:  0)
 26256360      5328  51767888  0.000  0.000 3912.562  569.751    0    0  (Gen:  0)
 27227744  43617080  51686288  0.016  0.024 3912.766  569.807    0    0  (Gen:  1)
 24940256      6304  51685856  0.000  0.000 3912.984  569.836    0    0  (Gen:  0)
 24406984      5496  51685432  0.000  0.000 3913.203  569.867    0    0  (Gen:  0)
 26338152      6448  51686768  0.000  0.000 3913.438  569.898    0    0  (Gen:  0)
 22071944      6368  51687104  0.000  0.000 3913.656  569.924    0    0  (Gen:  0)
 26379816      5232  51686352  0.000  0.000 3913.891  569.955    0    0  (Gen:  0)
 26029632      5920  51687632  0.000  0.000 3914.141  569.986    0    0  (Gen:  0)
 30192104      5376  51687472  0.000  0.000 3914.344  570.022    0    0  (Gen:  0)
 26169824      4672  51687312  0.000  0.000 3914.484  570.054    0    0  (Gen:  0)
 25739728      5112  51688264  0.000  0.000 3914.703  570.086    0    0  (Gen:  0)
 24445160      5296  51689072  0.000  0.000 3914.953  570.114    0    0  (Gen:  0)
 26468768      4344  51688600  0.000  0.000 3915.172  570.146    0    0  (Gen:  0)
 27571944      7216  51691888  0.000  0.000 3915.391  570.178    0    0  (Gen:  0)
 29019080      5264  51690352  0.000  0.000 3915.625  570.214    0    0  (Gen:  0)
 27096616      4736  51690272  0.000  0.000 3915.812  570.247    0    0  (Gen:  0)
 27904720      5112  51691448  0.000  0.000 3916.047  570.280    0    0  (Gen:  0)
 26289256      3912  51691272  0.000  0.000 3916.375  570.312    0    0  (Gen:  0)
 24229784      4408  51692248  0.000  0.000 3916.500  570.341    0    0  (Gen:  0)
 27152296      5248  51693504  0.000  0.000 3916.844  570.374    0    0  (Gen:  0)
 28476592      4504  51693144  0.000  0.000 3917.016  570.408    0    0  (Gen:  0)
 22503712      4872  51694056  0.000  0.000 3917.125  570.464    0    0  (Gen:  0)
 23005696      4456  51693960  0.000  0.000 3917.312  570.492    0    0  (Gen:  0)
 18630080      4104  51694024  0.000  0.000 3917.438  570.514    0    0  (Gen:  0)
 26693520      4112  51694512  0.000  0.000 3917.641  570.546    0    0  (Gen:  0)
 25066024      4152  51695112  0.000  0.000 3917.859  570.577    0    0  (Gen:  0)
 25253776      4496  51696000  0.000  0.000 3917.984  570.607    0    0  (Gen:  0)
 23845704      4840  51696840  0.000  0.000 3918.156  570.635    0    0  (Gen:  0)
 27862032      5000  51697416  0.000  0.000 3918.406  570.667    0    0  (Gen:  0)
 24730720      4664  51697672  0.000  0.000 3918.656  570.696    0    0  (Gen:  0)
 20612832      4072  51697576  0.000  0.000 3918.875  570.722    0    0  (Gen:  0)
 28794296      4032  51697936  0.000  0.000 3918.969  570.757    0    0  (Gen:  0)
 26131784      4056  51698472  0.000  0.000 3919.141  570.788    0    0  (Gen:  0)
 23750152      4712  51699544  0.000  0.000 3919.375  570.816    0    0  (Gen:  0)
 24384752      5416  51700728  0.000  0.000 3919.594  570.845    0    0  (Gen:  0)
 24332536      4672  51700368  0.000  0.000 3919.812  570.875    0    0  (Gen:  0)
 24335736      4016  51700160  0.000  0.000 3919.938  570.903    0    0  (Gen:  0)
 26499192      5304  51701864  0.000  0.000 3920.172  570.935    0    0  (Gen:  0)
 23215480  43560416  51629624  0.109  0.024 3920.484  570.986    0    0  (Gen:  1)
 27802144      5176  51630000  0.000  0.000 3920.625  571.019    0    0  (Gen:  0)
 23799448      4296  51629568  0.000  0.000 3920.766  571.047    0    0  (Gen:  0)
 20676512      5016  51630704  0.000  0.000 3920.875  571.073    0    0  (Gen:  0)
 25836672      5240  51631344  0.000  0.000 3921.125  571.104    0    0  (Gen:  0)
 24848192      4408  51631056  0.000  0.000 3921.375  571.133    0    0  (Gen:  0)
 26075640      4728  51631760  0.000  0.000 3921.625  571.164    0    0  (Gen:  0)
 25524392      5520  51633096  0.000  0.000 3921.859  571.193    0    0  (Gen:  0)
 21324192      5152  51633112  0.000  0.000 3922.078  571.219    0    0  (Gen:  0)
 22288352      4088  51632432  0.000  0.000 3922.188  571.247    0    0  (Gen:  0)
 25803624      4320  51632984  0.000  0.000 3922.359  571.278    0    0  (Gen:  0)
 29401792      6152  51635264  0.000  0.000 3922.688  571.311    0    0  (Gen:  0)
 26253480      4152  51633776  0.000  0.000 3922.812  571.342    0    0  (Gen:  0)
 24467576      4608  51634680  0.000  0.000 3923.062  571.371    0    0  (Gen:  0)
 22471728      4864  51635432  0.000  0.000 3923.281  571.397    0    0  (Gen:  0)
 23888136      4872  51635792  0.000  0.000 3923.453  571.427    0    0  (Gen:  0)
 27693304      5080  51636352  0.000  0.000 3923.688  571.460    0    0  (Gen:  0)
 26270456      5304  51637088  0.000  0.000 3923.891  571.491    0    0  (Gen:  0)
 26183496      5768  51638032  0.000  0.000 3924.062  571.522    0    0  (Gen:  0)
 25306528      6088  51638976  0.000  0.000 3924.281  571.551    0    0  (Gen:  0)
 24845944      4520  51637952  0.000  0.000 3924.516  571.579    0    0  (Gen:  0)
 26809240      6536  51640480  0.000  0.000 3924.703  571.611    0    0  (Gen:  0)
 21856992      4072  51638656  0.000  0.000 3924.828  571.636    0    0  (Gen:  0)
 27949920      5576  51640656  0.000  0.000 3925.047  571.668    0    0  (Gen:  0)
 27114912      4856  51640592  0.000  0.000 3925.234  571.700    0    0  (Gen:  0)
 27623864      5752  51642000  0.000  0.000 3925.469  571.733    0    0  (Gen:  0)
 22353632      4832  51641592  0.000  0.000 3925.672  571.758    0    0  (Gen:  0)
 22614112      4880  51642984  0.000  0.000 3925.828  571.786    0    0  (Gen:  0)
 25516672      5088  51643672  0.000  0.000 3926.078  571.817    0    0  (Gen:  0)
 26166608      4424  51643520  0.000  0.000 3926.312  571.848    0    0  (Gen:  0)
 28938552      5488  51645064  0.000  0.000 3926.531  571.883    0    0  (Gen:  0)
 28564040      4928  51644984  0.000  0.000 3926.766  571.917    0    0  (Gen:  0)
 27031576      4744  51645344  0.000  0.000 3927.000  571.950    0    0  (Gen:  0)
 25281160      3752  51644896  0.000  0.007 3927.203  572.010    0    0  (Gen:  0)
 27485264      7016  51648672  0.000  0.000 3927.391  572.045    0    0  (Gen:  0)
 22525888      4888  51647104  0.000  0.000 3927.516  572.074    0    0  (Gen:  0)
 29023952      4536  51647280  0.000  0.000 3927.859  572.109    0    0  (Gen:  0)
 21517992      5272  51648432  0.000  0.000 3927.953  572.135    0    0  (Gen:  0)
 29032664      4944  51648520  0.000  0.000 3928.125  572.170    0    0  (Gen:  0)
 22761096      4752  51648808  0.000  0.000 3928.344  572.198    0    0  (Gen:  0)
 28561808      4656  51649128  0.000  0.000 3928.578  572.232    0    0  (Gen:  0)
 27580224  43495560  51564768  0.016  0.023 3928.797  572.288    0    0  (Gen:  1)
 26968736      4608  51565336  0.000  0.000 3929.031  572.321    0    0  (Gen:  0)
 25888952      5496  51566640  0.000  0.000 3929.266  572.352    0    0  (Gen:  0)
 26310384      4608  51566232  0.000  0.000 3929.484  572.384    0    0  (Gen:  0)
 25088816      5632  51567704  0.000  0.000 3929.734  572.414    0    0  (Gen:  0)
 28101776      4560  51567144  0.000  0.000 3929.969  572.448    0    0  (Gen:  0)
 19105544      4616  51567696  0.000  0.000 3930.156  572.471    0    0  (Gen:  0)
 22634696      5416  51568816  0.000  0.000 3930.312  572.498    0    0  (Gen:  0)
 24384424      5208  51568992  0.000  0.000 3930.359  572.528    0    0  (Gen:  0)
 25845904      5528  51569824  0.000  0.000 3930.578  572.559    0    0  (Gen:  0)
 26786464      5240  51570000  0.000  0.000 3930.844  572.593    0    0  (Gen:  0)
 23736192      4192  51569336  0.000  0.000 3930.906  572.621    0    0  (Gen:  0)
 22036376      4552  51570112  0.000  0.000 3931.078  572.648    0    0  (Gen:  0)
 28482688      4544  51570616  0.000  0.000 3931.266  572.683    0    0  (Gen:  0)
 26640160      5160  51571824  0.000  0.000 3931.484  572.715    0    0  (Gen:  0)
 24902688      6664  51573776  0.000  0.000 3931.734  572.744    0    0  (Gen:  0)
 28294824      5648  51573208  0.000  0.000 3931.938  572.779    0    0  (Gen:  0)
 24238200      5080  51573152  0.000  0.000 3932.094  572.808    0    0  (Gen:  0)
 24547432      5264  51573912  0.000  0.000 3932.344  572.838    0    0  (Gen:  0)
 26618680      5760  51574872  0.000  0.000 3932.547  572.870    0    0  (Gen:  0)
 22244360      5264  51574824  0.000  0.000 3932.703  572.896    0    0  (Gen:  0)
 29203512      6896  51576904  0.000  0.000 3932.938  572.931    0    0  (Gen:  0)
 24451384      4872  51575472  0.000  0.000 3933.094  572.961    0    0  (Gen:  0)
 22857512      5864  51576976  0.000  0.000 3933.297  572.987    0    0  (Gen:  0)
 27798120      4936  51576544  0.000  0.000 3933.516  573.020    0    0  (Gen:  0)
 28340864      4624  51576728  0.000  0.000 3933.703  573.053    0    0  (Gen:  0)
 28303272      5584  51578200  0.000  0.000 3933.953  573.086    0    0  (Gen:  0)
 27471648      5328  51578456  0.000  0.000 3934.172  573.120    0    0  (Gen:  0)
 21652736      4568  51578208  0.000  0.000 3934.391  573.145    0    0  (Gen:  0)
 24920880      5512  51579536  0.000  0.000 3934.625  573.175    0    0  (Gen:  0)
 22713888      5872  51580376  0.000  0.000 3934.703  573.200    0    0  (Gen:  0)
 24472184      5696  51581576  0.000  0.000 3934.938  573.229    0    0  (Gen:  0)
 26689560      6424  51583040  0.000  0.000 3935.125  573.261    0    0  (Gen:  0)
 26639408      4104  51581136  0.000  0.000 3935.281  573.294    0    0  (Gen:  0)
 25984472      4840  51582288  0.000  0.000 3935.641  573.326    0    0  (Gen:  0)
 25691760      4880  51582824  0.000  0.000 3935.766  573.357    0    0  (Gen:  0)
 23962928      4776  51583104  0.000  0.000 3935.906  573.386    0    0  (Gen:  0)
 21705040  43441464  51543432  0.094  0.024 3936.250  573.437    0    0  (Gen:  1)
 20751320      4120  51508808  0.000  0.000 3936.344  573.475    0    0  (Gen:  0)
 21843624      4672  51509776  0.000  0.000 3936.453  573.508    0    0  (Gen:  0)
 20285968      4200  51509736  0.000  0.000 3936.547  573.534    0    0  (Gen:  0)
 23554992      4568  51510584  0.000  0.000 3936.750  573.564    0    0  (Gen:  0)
 26621808      5856  51512384  0.000  0.000 3937.000  573.597    0    0  (Gen:  0)
 24494496      3952  51510944  0.000  0.000 3937.250  573.627    0    0  (Gen:  0)
 23778168      5208  51545376  0.000  0.000 3937.375  573.655    0    0  (Gen:  0)
 25737344      5160  51513624  0.000  0.000 3937.594  573.686    0    0  (Gen:  0)
 27204688      4952  51547136  0.000  0.000 3937.828  573.720    0    0  (Gen:  0)
 28804120      4832  51547576  0.000  0.000 3938.047  573.756    0    0  (Gen:  0)
 28318184      4272  51547512  0.000  0.000 3938.234  573.790    0    0  (Gen:  0)
 27540112      4568  51548320  0.000  0.000 3938.484  573.824    0    0  (Gen:  0)
 28243848      4144  51548376  0.000  0.000 3938.781  573.860    0    0  (Gen:  0)
 25019584      4120  51548800  0.000  0.000 3939.031  573.891    0    0  (Gen:  0)
 28103800      5304  51550440  0.000  0.000 3939.203  573.926    0    0  (Gen:  0)
 26767608      5568  51551184  0.000  0.000 3939.453  573.958    0    0  (Gen:  0)
 25564800      5280  51551344  0.000  0.000 3939.688  573.990    0    0  (Gen:  0)
 21026048      4656  51551296  0.000  0.000 3939.844  574.016    0    0  (Gen:  0)
 24195808      4984  51552008  0.000  0.000 3940.047  574.046    0    0  (Gen:  0)
 20565856      4336  51551936  0.000  0.000 3940.156  574.072    0    0  (Gen:  0)
 27851040      5208  51553224  0.000  0.000 3940.406  574.106    0    0  (Gen:  0)
 26949536      4944  51553408  0.000  0.000 3940.734  574.139    0    0  (Gen:  0)
 29412704      4384  51553456  0.000  0.000 3940.984  574.175    0    0  (Gen:  0)
 23044000      3776  51553392  0.000  0.000 3941.172  574.205    0    0  (Gen:  0)
 21909328      4456  51554552  0.000  0.000 3941.391  574.233    0    0  (Gen:  0)
 23916296      4616  51555128  0.000  0.000 3941.516  574.264    0    0  (Gen:  0)
 24671496      4272  51555136  0.000  0.000 3941.766  574.294    0    0  (Gen:  0)
 25444368      4960  51556240  0.000  0.000 3942.016  574.325    0    0  (Gen:  0)
 23961568      4552  51588976  0.000  0.000 3942.266  574.356    0    0  (Gen:  0)
 24789672      5360  51590168  0.000  0.000 3942.406  574.387    0    0  (Gen:  0)
 26231160      4224  51589384  0.000  0.000 3942.625  574.419    0    0  (Gen:  0)
 24016696      5576  51591152  0.000  0.000 3942.859  574.448    0    0  (Gen:  0)
 26122160      5032  51591024  0.000  0.000 3943.062  574.480    0    0  (Gen:  0)
 28106240      4976  51591384  0.000  0.000 3943.391  574.516    0    0  (Gen:  0)
 26462784      5776  51592600  0.000  0.000 3943.578  574.549    0    0  (Gen:  0)
 25389128      4536  51591920  0.000  0.000 3943.828  574.580    0    0  (Gen:  0)
 27031176      4696  51592464  0.000  0.000 3944.078  574.613    0    0  (Gen:  0)
 22723760      4088  51592336  0.000  0.000 3944.266  574.640    0    0  (Gen:  0)
 24451912      4208  51592816  0.000  0.000 3944.375  574.670    0    0  (Gen:  0)
 21675536      5488  51594576  0.000  0.000 3944.531  574.698    0    0  (Gen:  0)
 27529280      4184  51593720  0.000  0.000 3944.766  574.731    0    0  (Gen:  0)
 26340992      4624  51594736  0.000  0.000 3944.938  574.762    0    0  (Gen:  0)
 24800248  43377696  51512440  0.141  0.023 3945.297  574.814    0    0  (Gen:  1)
 25173160      5384  51512832  0.000  0.000 3945.531  574.844    0    0  (Gen:  0)
 27350640      4352  51512216  0.000  0.000 3945.750  574.879    0    0  (Gen:  0)
 26977984      5384  51513792  0.000  0.000 3945.938  574.911    0    0  (Gen:  0)
 27750752      4816  51513704  0.000  0.000 3946.172  574.945    0    0  (Gen:  0)
 25087568      4512  51513880  0.000  0.000 3946.406  574.976    0    0  (Gen:  0)
 25807560      4232  51514048  0.000  0.000 3946.578  575.007    0    0  (Gen:  0)
 23614840      5832  51516064  0.000  0.000 3946.734  575.036    0    0  (Gen:  0)
 19725256      5400  51516144  0.000  0.000 3946.812  575.088    0    0  (Gen:  0)
 25938600      4880  51516120  0.000  0.001 3947.016  575.120    0    0  (Gen:  0)
 26143840      4488  51516304  0.000  0.000 3947.172  575.153    0    0  (Gen:  0)
 25159992      4856  51517136  0.000  0.000 3947.391  575.184    0    0  (Gen:  0)
 28061272      4536  51517264  0.000  0.000 3947.609  575.219    0    0  (Gen:  0)
 24271216      4616  51517888  0.000  0.000 3947.719  575.248    0    0  (Gen:  0)
 25979800      4288  51518072  0.000  0.000 3947.875  575.279    0    0  (Gen:  0)
 27371496      5096  51519376  0.000  0.000 3948.172  575.312    0    0  (Gen:  0)
 25133680      4152  51518912  0.000  0.000 3948.406  575.342    0    0  (Gen:  0)
 26428608      5184  51520424  0.000  0.000 3948.656  575.374    0    0  (Gen:  0)
 25441808      5192  51520880  0.000  0.000 3948.844  575.405    0    0  (Gen:  0)
 22278104      6584  51522720  0.000  0.000 3948.969  575.431    0    0  (Gen:  0)
 26793000      4608  51521192  0.000  0.000 3949.172  575.464    0    0  (Gen:  0)
 25524336      5640  51522704  0.000  0.000 3949.359  575.494    0    0  (Gen:  0)
 27493888      4792  51522352  0.000  0.000 3949.578  575.525    0    0  (Gen:  0)
 27716416      4552  51523264  0.000  0.000 3949.719  575.558    0    0  (Gen:  0)
 23099920      5136  51524680  0.000  0.000 3949.906  575.588    0    0  (Gen:  0)
 24968072      5312  51525368  0.000  0.000 3950.125  575.620    0    0  (Gen:  0)
 23215976      4144  51524712  0.000  0.000 3950.359  575.648    0    0  (Gen:  0)
 23018304      4072  51525088  0.000  0.000 3950.578  575.676    0    0  (Gen:  0)
 28073136      4808  51526272  0.000  0.000 3950.750  575.711    0    0  (Gen:  0)
 26868912      6064  51528040  0.000  0.000 3950.969  575.744    0    0  (Gen:  0)
 20726160      4856  51527312  0.000  0.000 3951.172  575.769    0    0  (Gen:  0)
 24481608      4728  51527600  0.000  0.000 3951.344  575.798    0    0  (Gen:  0)
 24834024      4184  51527552  0.000  0.000 3951.594  575.829    0    0  (Gen:  0)
 25934168      4320  51528168  0.000  0.000 3951.797  575.860    0    0  (Gen:  0)
 23093672      4552  51528880  0.000  0.000 3951.922  575.888    0    0  (Gen:  0)
 28556032      6104  51530912  0.000  0.000 3952.141  575.924    0    0  (Gen:  0)
 24537352      5920  51531240  0.000  0.000 3952.344  575.954    0    0  (Gen:  0)
 23137104      4320  51530184  0.000  0.000 3952.469  575.982    0    0  (Gen:  0)
 24529928      4144  51530488  0.000  0.000 3952.641  576.012    0    0  (Gen:  0)
 24244184  43315368  51450112  0.141  0.025 3952.906  576.067    0    0  (Gen:  1)
 27396160      4288  51450584  0.000  0.000 3953.125  576.102    0    0  (Gen:  0)
 27259672      4760  51451536  0.000  0.000 3953.359  576.135    0    0  (Gen:  0)
 27536896      4496  51451848  0.000  0.000 3953.547  576.168    0    0  (Gen:  0)
 24841712      5368  51453264  0.000  0.000 3953.781  576.199    0    0  (Gen:  0)
 24154320      4392  51452736  0.000  0.000 3954.000  576.228    0    0  (Gen:  0)
 20906136      4544  51453336  0.000  0.000 3954.141  576.255    0    0  (Gen:  0)
 26138224      4400  51453608  0.000  0.000 3954.328  576.287    0    0  (Gen:  0)
 27127904      5832  51455632  0.000  0.000 3954.578  576.320    0    0  (Gen:  0)
 23724872      5200  51455576  0.000  0.000 3954.750  576.348    0    0  (Gen:  0)
 26423336      5696  51456552  0.000  0.000 3954.922  576.380    0    0  (Gen:  0)
 30490112      5520  51456952  0.000  0.000 3955.156  576.418    0    0  (Gen:  0)
 22325056      5824  51457832  0.000  0.000 3955.391  576.443    0    0  (Gen:  0)
 27870528      6992  51460248  0.000  0.000 3955.562  576.475    0    0  (Gen:  0)
 24013736      5016  51459600  0.000  0.000 3955.766  576.503    0    0  (Gen:  0)
 24506192      4128  51459768  0.000  0.000 3956.000  576.533    0    0  (Gen:  0)
 25780688      3888  51459976  0.000  0.000 3956.234  576.567    0    0  (Gen:  0)
 21671608      4136  51460672  0.000  0.003 3956.391  576.601    0    0  (Gen:  0)
 14332448      5016  51461984  0.000  0.000 3956.516  576.629    0    0  (Gen:  0)
 24762784      4072  51461464  0.000  0.000 3956.719  576.661    0    0  (Gen:  0)
 26328456      5784  51464000  0.000  0.000 3956.953  576.694    0    0  (Gen:  0)
 20950744      4320  51463760  0.000  0.000 3957.156  576.721    0    0  (Gen:  0)
 26233752      5080  51464872  0.000  0.000 3957.328  576.754    0    0  (Gen:  0)
 26005376      5088  51465376  0.000  0.000 3957.516  576.786    0    0  (Gen:  0)
 28027608      4272  51464912  0.000  0.000 3957.766  576.821    0    0  (Gen:  0)
 23972424      4096  51465152  0.000  0.000 3957.906  576.851    0    0  (Gen:  0)
 27730488      4184  51465720  0.000  0.000 3958.141  576.886    0    0  (Gen:  0)
 22248040      3872  51465920  0.000  0.000 3958.359  576.914    0    0  (Gen:  0)
 28479912      4808  51467240  0.000  0.000 3958.609  576.949    0    0  (Gen:  0)
 26747264      3920  51466880  0.000  0.000 3958.938  576.982    0    0  (Gen:  0)
 25875304      3920  51467360  0.000  0.000 3959.094  577.014    0    0  (Gen:  0)
 26092576      4296  51468216  0.000  0.000 3959.328  577.047    0    0  (Gen:  0)
 26322944      4896  51469232  0.000  0.000 3959.562  577.080    0    0  (Gen:  0)
 28319840      4392  51469240  0.000  0.000 3959.797  577.115    0    0  (Gen:  0)
 24925320      3872  51469136  0.000  0.000 3960.016  577.146    0    0  (Gen:  0)
 28344576      5768  51471544  0.000  0.000 3960.234  577.181    0    0  (Gen:  0)
 24201072      4584  51471352  0.000  0.002 3960.422  577.213    0    0  (Gen:  0)
 23833304      4032  51471696  0.000  0.000 3960.625  577.243    0    0  (Gen:  0)
 26624504      4120  51472232  0.000  0.000 3960.812  577.277    0    0  (Gen:  0)
 23308504      5208  51473736  0.000  0.000 3961.016  577.305    0    0  (Gen:  0)
 25759808      5752  51474824  0.000  0.000 3961.172  577.336    0    0  (Gen:  0)
 28239656      6608  51476256  0.000  0.000 3961.422  577.370    0    0  (Gen:  0)
 25245280      4328  51474392  0.000  0.000 3961.625  577.401    0    0  (Gen:  0)
 24901680      4144  51474592  0.000  0.000 3961.812  577.432    0    0  (Gen:  0)
 26591200      4312  51475208  0.000  0.000 3962.031  577.465    0    0  (Gen:  0)
 26669784      4008  51475320  0.000  0.000 3962.234  577.498    0    0  (Gen:  0)
 27796528  43239128  51373872  0.016  0.027 3962.547  577.559    0    0  (Gen:  1)
 23716848      3904  51373616  0.000  0.000 3962.781  577.588    0    0  (Gen:  0)
 30674224      4176  51374352  0.000  0.000 3963.125  577.627    0    0  (Gen:  0)
 26647912      5952  51376608  0.000  0.000 3963.328  577.660    0    0  (Gen:  0)
 27067696      4392  51375496  0.000  0.000 3963.562  577.694    0    0  (Gen:  0)
 28223768      4808  51376392  0.000  0.000 3963.797  577.729    0    0  (Gen:  0)
 24502528      5384  51377480  0.000  0.000 3963.969  577.760    0    0  (Gen:  0)
 26630048      4488  51377064  0.000  0.000 3964.188  577.792    0    0  (Gen:  0)
 26252048      6208  51379280  0.000  0.000 3964.438  577.824    0    0  (Gen:  0)
 25596952      4032  51377488  0.000  0.000 3964.688  577.856    0    0  (Gen:  0)
 24192112      5240  51379080  0.000  0.000 3964.922  577.885    0    0  (Gen:  0)
 24345856      5088  51379376  0.000  0.000 3965.094  577.915    0    0  (Gen:  0)
 25513280      5984  51380688  0.000  0.000 3965.328  577.947    0    0  (Gen:  0)
 24307792      5864  51381016  0.000  0.000 3965.578  577.975    0    0  (Gen:  0)
 25039400      5392  51380896  0.000  0.000 3965.766  578.005    0    0  (Gen:  0)
 26369912      4696  51380648  0.000  0.000 3965.922  578.036    0    0  (Gen:  0)
 18689944      4248  51380616  0.000  0.012 3966.031  578.081    0    0  (Gen:  0)
 24256248      4568  51381480  0.000  0.000 3966.219  578.112    0    0  (Gen:  0)
 15994544      5032  51382536  0.000  0.000 3966.266  578.134    0    0  (Gen:  0)
 27734720      4416  51382368  0.000  0.000 3966.438  578.167    0    0  (Gen:  0)
 25034752      4680  51383256  0.000  0.000 3966.688  578.197    0    0  (Gen:  0)
 21273456      4472  51383496  0.000  0.000 3966.844  578.225    0    0  (Gen:  0)
 24399400      4728  51384264  0.000  0.000 3966.984  578.253    0    0  (Gen:  0)
 24174712      4840  51384968  0.000  0.000 3967.219  578.282    0    0  (Gen:  0)
 25691864      4408  51385000  0.000  0.000 3967.469  578.313    0    0  (Gen:  0)
 28754480      5184  51386320  0.000  0.000 3967.703  578.348    0    0  (Gen:  0)
 26216120      4120  51385704  0.000  0.000 3967.891  578.379    0    0  (Gen:  0)
 23706024      5688  51387848  0.000  0.000 3968.109  578.408    0    0  (Gen:  0)
 26245912      6352  51388976  0.000  0.000 3968.359  578.440    0    0  (Gen:  0)
 27033096      4888  51387992  0.000  0.000 3968.594  578.472    0    0  (Gen:  0)
 26728672      4928  51388512  0.000  0.000 3968.797  578.504    0    0  (Gen:  0)
 29403992      4352  51388512  0.000  0.000 3968.938  578.538    0    0  (Gen:  0)
 22671512      5768  51390408  0.000  0.000 3969.156  578.566    0    0  (Gen:  0)
 25636200      4656  51389808  0.000  0.000 3969.359  578.596    0    0  (Gen:  0)
 25592152      4264  51389912  0.000  0.000 3969.531  578.626    0    0  (Gen:  0)
 27547960      6688  51392784  0.000  0.000 3969.781  578.658    0    0  (Gen:  0)
 29254360      6472  51393880  0.000  0.000 3969.984  578.694    0    0  (Gen:  0)
 23668400      4776  51392760  0.000  0.000 3970.203  578.723    0    0  (Gen:  0)
 23160048      5248  51393872  0.000  0.000 3970.375  578.751    0    0  (Gen:  0)
 25621472      5192  51394704  0.000  0.000 3970.484  578.782    0    0  (Gen:  0)
 28927120      4128  51394168  0.000  0.000 3970.734  578.817    0    0  (Gen:  0)
 27976616      5928  51396448  0.000  0.000 3970.984  578.850    0    0  (Gen:  0)
 26551952      3784  51394816  0.000  0.000 3971.188  578.883    0    0  (Gen:  0)
 23706424      4704  51396184  0.000  0.000 3971.328  578.912    0    0  (Gen:  0)
 21088920      4632  51396528  0.000  0.000 3971.562  578.937    0    0  (Gen:  0)
 27472168  43171576  51306320  0.000  0.023 3971.781  578.992    0    0  (Gen:  1)
 24814520      4144  51305880  0.000  0.000 3971.984  579.023    0    0  (Gen:  0)
 27352408      3976  51306192  0.000  0.000 3972.219  579.055    0    0  (Gen:  0)
 25494360      4272  51307000  0.000  0.000 3972.453  579.086    0    0  (Gen:  0)
 22196360      5560  51308640  0.000  0.000 3972.688  579.113    0    0  (Gen:  0)
 27799928      5312  51308872  0.000  0.000 3972.922  579.146    0    0  (Gen:  0)
 25676648      4936  51308992  0.000  0.000 3973.172  579.178    0    0  (Gen:  0)
 24275176      4432  51308936  0.000  0.000 3973.422  579.207    0    0  (Gen:  0)
 24281952      5096  51310048  0.000  0.000 3973.625  579.237    0    0  (Gen:  0)
 22381448      5120  51310568  0.000  0.000 3973.688  579.264    0    0  (Gen:  0)
 26398512      5344  51311272  0.000  0.000 3973.891  579.295    0    0  (Gen:  0)
 26502784      3712  51310136  0.000  0.000 3974.266  579.327    0    0  (Gen:  0)
 28015624      6280  51313088  0.000  0.000 3974.500  579.360    0    0  (Gen:  0)
 25631440      8480  51315736  0.000  0.000 3974.719  579.391    0    0  (Gen:  0)
 29435368      5424  51313160  0.000  0.000 3974.891  579.426    0    0  (Gen:  0)
 25424656      5632  51313752  0.000  0.000 3975.125  579.456    0    0  (Gen:  0)
 23891400      5592  51314160  0.000  0.000 3975.344  579.483    0    0  (Gen:  0)
 24524792      5304  51314192  0.000  0.000 3975.453  579.512    0    0  (Gen:  0)
 24076376      5416  51314720  0.000  0.000 3975.562  579.539    0    0  (Gen:  0)
 25589512      5568  51315608  0.000  0.000 3975.797  579.568    0    0  (Gen:  0)
 23729336      5040  51316168  0.000  0.000 3975.984  579.596    0    0  (Gen:  0)
 20325384      4584  51316240  0.000  0.000 3976.094  579.621    0    0  (Gen:  0)
 24604576      5192  51317280  0.000  0.000 3976.281  579.667    0    0  (Gen:  0)
 16770352      5224  51317728  0.000  0.000 3976.453  579.686    0    0  (Gen:  0)
 22277848      6408  51319936  0.000  0.000 3976.547  579.711    0    0  (Gen:  0)
 25482104      6872  51321400  0.000  0.000 3976.719  579.742    0    0  (Gen:  0)
 24847912      4720  51319664  0.000  0.000 3976.906  579.772    0    0  (Gen:  0)
 25330560      4648  51320040  0.000  0.000 3977.078  579.803    0    0  (Gen:  0)
 23774848      5848  51321688  0.000  0.000 3977.328  579.832    0    0  (Gen:  0)
 23321280      4632  51320904  0.000  0.000 3977.531  579.859    0    0  (Gen:  0)
 25372680      4672  51321296  0.000  0.000 3977.734  579.889    0    0  (Gen:  0)
 26108896      4488  51321496  0.000  0.000 3977.859  579.920    0    0  (Gen:  0)
 30781568      5016  51322504  0.000  0.000 3978.141  579.957    0    0  (Gen:  0)
 25492128      5280  51323216  0.000  0.000 3978.344  579.988    0    0  (Gen:  0)
 26688256      4552  51322968  0.000  0.000 3978.578  580.019    0    0  (Gen:  0)
 21812696      4576  51323488  0.000  0.000 3978.766  580.046    0    0  (Gen:  0)
 24641384      5096  51324424  0.000  0.000 3978.891  580.075    0    0  (Gen:  0)
 27473176      5000  51324808  0.000  0.000 3979.219  580.108    0    0  (Gen:  0)
 24873552      4472  51324824  0.000  0.000 3979.297  580.138    0    0  (Gen:  0)
 25483848      4312  51325192  0.000  0.000 3979.516  580.168    0    0  (Gen:  0)
 29782824      5240  51326600  0.000  0.000 3979.812  580.203    0    0  (Gen:  0)
  9452592  43115576  51250320  0.094  0.025 3979.906  580.240    0    0  (Gen:  1)
 22663848      6216  51250728  0.000  0.000 3980.078  580.268    0    0  (Gen:  0)
 27134968      4608  51249696  0.000  0.000 3980.250  580.301    0    0  (Gen:  0)
 24043536      4728  51250344  0.000  0.000 3980.406  580.329    0    0  (Gen:  0)
 22243784      4928  51250896  0.000  0.000 3980.516  580.355    0    0  (Gen:  0)
 29236216      5600  51251968  0.000  0.000 3980.828  580.390    0    0  (Gen:  0)
 25729384      5712  51252528  0.000  0.000 3981.078  580.421    0    0  (Gen:  0)
 26047872      5200  51252432  0.000  0.000 3981.297  580.452    0    0  (Gen:  0)
 24344696      5920  51253600  0.000  0.000 3981.422  580.482    0    0  (Gen:  0)
 22648072      5152  51253184  0.000  0.000 3981.578  580.509    0    0  (Gen:  0)
 25081336      6792  51255160  0.000  0.000 3981.766  580.539    0    0  (Gen:  0)
 27942656      5016  51253768  0.000  0.000 3982.016  580.572    0    0  (Gen:  0)
 27370792      4376  51253544  0.000  0.000 3982.219  580.606    0    0  (Gen:  0)
 29488152      5896  51255416  0.000  0.000 3982.531  580.641    0    0  (Gen:  0)
 20208088      6224  51256352  0.000  0.000 3982.578  580.663    0    0  (Gen:  0)
 27913456      4792  51256872  0.000  0.000 3982.781  580.698    0    0  (Gen:  0)
 27256928      6512  51259368  0.000  0.000 3983.031  580.731    0    0  (Gen:  0)
 26377552      6040  51259344  0.000  0.000 3983.234  580.763    0    0  (Gen:  0)
 25896496      4216  51257904  0.000  0.000 3983.453  580.794    0    0  (Gen:  0)
 23039384      4312  51258416  0.000  0.000 3983.656  580.824    0    0  (Gen:  0)
 26180992      5792  51260344  0.000  0.000 3983.891  580.855    0    0  (Gen:  0)
 27776216      4064  51259080  0.000  0.000 3984.062  580.889    0    0  (Gen:  0)
 28666520      4800  51260264  0.000  0.000 3984.406  580.924    0    0  (Gen:  0)
 29144984      4296  51260208  0.000  0.000 3984.594  580.958    0    0  (Gen:  0)
 27084256      3920  51260440  0.000  0.000 3984.797  580.991    0    0  (Gen:  0)
 24083472      4368  51261368  0.000  0.000 3985.031  581.020    0    0  (Gen:  0)
 24715584      4720  51262232  0.000  0.000 3985.156  581.049    0    0  (Gen:  0)
 28552000      4936  51262896  0.000  0.000 3985.391  581.083    0    0  (Gen:  0)
 27641032      4712  51263184  0.000  0.000 3985.641  581.115    0    0  (Gen:  0)
 25701752      4664  51263648  0.000  0.000 3985.781  581.146    0    0  (Gen:  0)
 24467824      4776  51297128  0.000  0.013 3985.969  581.194    0    0  (Gen:  0)
  6589752      4360  51297312  0.000  0.000 3985.984  581.206    0    0  (Gen:  0)
 21228768      7328  51301200  0.000  0.000 3986.094  581.232    0    0  (Gen:  0)
 26749304      4952  51300176  0.000  0.000 3986.344  581.265    0    0  (Gen:  0)
 27960688  43063552  51231056  0.016  0.028 3986.547  581.327    0    0  (Gen:  1)
 25589656      5032  51232064  0.000  0.000 3986.797  581.356    0    0  (Gen:  0)
 26351912      4448  51231992  0.000  0.000 3986.969  581.387    0    0  (Gen:  0)
 25357808      5272  51233296  0.000  0.000 3987.219  581.416    0    0  (Gen:  0)
 25016144      5416  51233920  0.000  0.000 3987.438  581.446    0    0  (Gen:  0)
 26538568      5040  51234056  0.000  0.000 3987.625  581.477    0    0  (Gen:  0)
 28144136      5368  51234896  0.000  0.000 3987.844  581.510    0    0  (Gen:  0)
 25426056      5544  51235616  0.000  0.000 3988.016  581.540    0    0  (Gen:  0)
 26539816      5464  51236048  0.000  0.000 3988.266  581.572    0    0  (Gen:  0)
 24493096      4352  51235464  0.000  0.000 3988.469  581.601    0    0  (Gen:  0)
 26759960      4448  51235944  0.000  0.000 3988.719  581.633    0    0  (Gen:  0)
 24383864      4040  51236048  0.000  0.000 3988.922  581.663    0    0  (Gen:  0)
 24729432      5344  51237832  0.000  0.000 3989.109  581.694    0    0  (Gen:  0)
 29513848      4136  51237120  0.000  0.000 3989.359  581.731    0    0  (Gen:  0)
 30113320      5928  51239424  0.000  0.000 3989.609  581.767    0    0  (Gen:  0)
 24443328      4408  51238384  0.000  0.000 3989.797  581.798    0    0  (Gen:  0)
 27615440      5056  51239544  0.000  0.000 3990.031  581.832    0    0  (Gen:  0)
 24352992      4704  51239672  0.000  0.000 3990.281  581.862    0    0  (Gen:  0)
 26899528      5664  51241192  0.000  0.000 3990.516  581.895    0    0  (Gen:  0)
 23425640      5016  51241088  0.000  0.000 3990.734  581.923    0    0  (Gen:  0)
 22005528      5272  51241792  0.000  0.000 3990.844  581.948    0    0  (Gen:  0)
 23964624      4976  51242088  0.000  0.000 3991.078  581.976    0    0  (Gen:  0)
 24442904      4592  51242200  0.000  0.000 3991.297  582.006    0    0  (Gen:  0)
 25006120      4432  51242552  0.000  0.000 3991.469  582.035    0    0  (Gen:  0)
 25937440      4896  51243432  0.000  0.000 3991.719  582.065    0    0  (Gen:  0)
 25107856      4104  51243120  0.000  0.000 3991.922  582.096    0    0  (Gen:  0)
 24630672      5840  51245304  0.000  0.000 3992.125  582.125    0    0  (Gen:  0)
 24986448      4928  51245608  0.000  0.000 3992.234  582.154    0    0  (Gen:  0)
 27424416      4184  51245680  0.000  0.000 3992.594  582.187    0    0  (Gen:  0)
 27357496      4496  51246440  0.000  0.000 3992.844  582.221    0    0  (Gen:  0)
 27503000      4088  51246624  0.000  0.000 3993.016  582.255    0    0  (Gen:  0)
 24115176      4376  51247360  0.000  0.000 3993.188  582.285    0    0  (Gen:  0)
 27004584      4720  51248184  0.000  0.000 3993.422  582.319    0    0  (Gen:  0)
 26930936      4264  51248256  0.000  0.000 3993.672  582.351    0    0  (Gen:  0)
 25227784      4680  51249088  0.000  0.000 3993.891  582.381    0    0  (Gen:  0)
 29093032      3784  51248672  0.000  0.000 3994.125  582.417    0    0  (Gen:  0)
 25784960      5040  51250488  0.000  0.000 3994.297  582.449    0    0  (Gen:  0)
 27887224      4512  51250408  0.016  0.000 3994.578  582.483    0    0  (Gen:  0)
 24010128      4288  51250792  0.000  0.000 3994.703  582.512    0    0  (Gen:  0)
 23351984  43001208  51168720  0.141  0.023 3994.984  582.563    0    0  (Gen:  1)
 26967600      4920  51169520  0.000  0.000 3995.203  582.596    0    0  (Gen:  0)
 26809968      3800  51168944  0.000  0.000 3995.375  582.630    0    0  (Gen:  0)
 22576176      5192  51170752  0.000  0.000 3995.562  582.659    0    0  (Gen:  0)
 14593304      4480  51170592  0.000  0.000 3995.609  582.688    0    0  (Gen:  0)
 21879824      5136  51172256  0.000  0.000 3995.719  582.713    0    0  (Gen:  0)
 21204840      4408  51172592  0.000  0.000 3995.875  582.739    0    0  (Gen:  0)
 25620600      4616  51173264  0.000  0.000 3996.062  582.770    0    0  (Gen:  0)
 26266048      6112  51175320  0.000  0.000 3996.250  582.802    0    0  (Gen:  0)
 25920344      5208  51174960  0.000  0.000 3996.469  582.833    0    0  (Gen:  0)
 27291744      4440  51174640  0.000  0.000 3996.703  582.866    0    0  (Gen:  0)
 25567880      5224  51208640  0.000  0.000 3996.906  582.897    0    0  (Gen:  0)
 24092384      5680  51177088  0.000  0.000 3997.141  582.925    0    0  (Gen:  0)
 23723032      4480  51177048  0.000  0.000 3997.391  582.954    0    0  (Gen:  0)
 25030040      4128  51177112  0.000  0.000 3997.594  582.983    0    0  (Gen:  0)
 23696112      4000  51210288  0.000  0.000 3997.641  583.012    0    0  (Gen:  0)
 22162328      4376  51178320  0.000  0.000 3997.859  583.038    0    0  (Gen:  0)
 26656808      6064  51180424  0.000  0.000 3998.109  583.070    0    0  (Gen:  0)
 28759376      4960  51212592  0.000  0.000 3998.328  583.104    0    0  (Gen:  0)
 28994624      4216  51179568  0.000  0.000 3998.578  583.138    0    0  (Gen:  0)
 28030328      4552  51213176  0.000  0.000 3998.812  583.170    0    0  (Gen:  0)
 23732648      4680  51213880  0.000  0.000 3998.953  583.199    0    0  (Gen:  0)
 24341944      3992  51180912  0.000  0.000 3999.203  583.228    0    0  (Gen:  0)
 25087176      4680  51214888  0.000  0.000 3999.453  583.257    0    0  (Gen:  0)
 24413904      4752  51215408  0.000  0.000 3999.703  583.285    0    0  (Gen:  0)
 28606800      5496  51216664  0.000  0.000 3999.953  583.319    0    0  (Gen:  0)
 29193976      3816  51215464  0.000  0.000 4000.156  583.355    0    0  (Gen:  0)
 23372272      4560  51216784  0.000  0.000 4000.297  583.385    0    0  (Gen:  0)
 26423152      4104  51216752  0.000  0.000 4000.516  583.417    0    0  (Gen:  0)
 26650200      5112  51218336  0.000  0.000 4000.672  583.448    0    0  (Gen:  0)
 25678136      4920  51218560  0.000  0.000 4000.859  583.479    0    0  (Gen:  0)
 22365136      4736  51218856  0.000  0.000 4001.094  583.506    0    0  (Gen:  0)
 25797448      5432  51219968  0.000  0.000 4001.234  583.536    0    0  (Gen:  0)
 28852776      5280  51220232  0.000  0.000 4001.453  583.571    0    0  (Gen:  0)
 20414168      6064  51221496  0.000  0.000 4001.672  583.596    0    0  (Gen:  0)
 26099008      5704  51221584  0.000  0.000 4001.906  583.627    0    0  (Gen:  0)
 22137608      4400  51220808  0.000  0.000 4002.016  583.654    0    0  (Gen:  0)
 23459328      6472  51223280  0.000  0.000 4002.250  583.681    0    0  (Gen:  0)
 27495208      4480  51222376  0.000  0.000 4002.484  583.714    0    0  (Gen:  0)
 23984504      4440  51223312  0.000  0.000 4002.672  583.744    0    0  (Gen:  0)
 18923376  42938824  51171864  0.016  0.024 4002.906  583.790    0    0  (Gen:  1)
 25596632      4280  51139552  0.000  0.000 4003.156  583.822    0    0  (Gen:  0)
 25754112      5088  51140776  0.000  0.000 4003.406  583.853    0    0  (Gen:  0)
 22321040      4784  51140856  0.000  0.000 4003.594  583.881    0    0  (Gen:  0)
 26384864      4368  51173584  0.000  0.000 4003.844  583.913    0    0  (Gen:  0)
 28439720      4632  51141568  0.000  0.000 4004.062  583.947    0    0  (Gen:  0)
 24556280      5720  51175864  0.000  0.000 4004.297  583.977    0    0  (Gen:  0)
 26387464      5248  51175744  0.000  0.000 4004.516  584.009    0    0  (Gen:  0)
 26660128      4464  51175408  0.000  0.000 4004.641  584.042    0    0  (Gen:  0)
 22815640      5248  51176608  0.000  0.000 4004.797  584.070    0    0  (Gen:  0)
 27573560      4888  51176664  0.000  0.000 4004.969  584.103    0    0  (Gen:  0)
 26402888      4576  51176880  0.000  0.000 4005.172  584.136    0    0  (Gen:  0)
 26930784      5488  51178176  0.000  0.000 4005.344  584.168    0    0  (Gen:  0)
 25512952      5448  51178584  0.000  0.000 4005.562  584.199    0    0  (Gen:  0)
 28771336      4440  51177960  0.000  0.000 4005.891  584.234    0    0  (Gen:  0)
 22532368      5488  51179496  0.000  0.007 4006.000  584.271    0    0  (Gen:  0)
 18694232      4736  51179064  0.000  0.000 4006.078  584.300    0    0  (Gen:  0)
 24145752      4624  51179320  0.000  0.000 4006.297  584.330    0    0  (Gen:  0)
 23005792      5040  51180152  0.000  0.000 4006.469  584.360    0    0  (Gen:  0)
 27766368      5920  51181512  0.000  0.000 4006.656  584.394    0    0  (Gen:  0)
 28181136      5152  51181208  0.000  0.000 4006.828  584.429    0    0  (Gen:  0)
 24717808      4632  51181184  0.000  0.000 4007.047  584.459    0    0  (Gen:  0)
 24288608      4360  51181296  0.000  0.000 4007.250  584.488    0    0  (Gen:  0)
 29412048      5544  51182928  0.000  0.000 4007.422  584.524    0    0  (Gen:  0)
 23317896      5264  51183160  0.000  0.000 4007.609  584.617    0    0  (Gen:  0)
 23674552      4272  51182616  0.000  0.000 4007.719  584.652    0    0  (Gen:  0)
 26512576      3944  51182880  0.000  0.000 4007.922  584.685    0    0  (Gen:  0)
 27789304      5584  51185192  0.000  0.000 4008.156  584.719    0    0  (Gen:  0)
 25024024      4288  51184408  0.000  0.000 4008.375  584.749    0    0  (Gen:  0)
 24778320      4784  51185448  0.000  0.000 4008.500  584.779    0    0  (Gen:  0)
 24977176      4536  51185680  0.000  0.000 4008.625  584.810    0    0  (Gen:  0)
 25114704      4576  51186168  0.000  0.000 4008.797  584.841    0    0  (Gen:  0)
 24137712      6368  51188472  0.000  0.000 4009.047  584.870    0    0  (Gen:  0)
 25323312      4528  51187112  0.000  0.000 4009.250  584.901    0    0  (Gen:  0)
 24239824      4296  51187424  0.000  0.000 4009.438  584.931    0    0  (Gen:  0)
 26969304      5944  51189552  0.000  0.000 4009.656  584.964    0    0  (Gen:  0)
 21335904      5688  51189936  0.000  0.000 4009.781  584.988    0    0  (Gen:  0)
 29078920      4216  51189872  0.000  0.000 4009.953  585.024    0    0  (Gen:  0)
 23349072      4304  51190616  0.000  0.000 4010.172  585.053    0    0  (Gen:  0)
 24341000      4360  51191088  0.000  0.000 4010.391  585.083    0    0  (Gen:  0)
 22112216      3448  51190688  0.000  0.000 4010.609  585.111    0    0  (Gen:  0)
 29007856      5072  51192696  0.000  0.000 4010.750  585.147    0    0  (Gen:  0)
 23036712      4272  51192280  0.000  0.000 4010.969  585.177    0    0  (Gen:  0)
 27828344      4888  51193344  0.000  0.000 4011.219  585.212    0    0  (Gen:  0)
 22846016      4792  51193728  0.000  0.000 4011.469  585.240    0    0  (Gen:  0)
 25764432  42871592  51104640  0.109  0.023 4011.828  585.294    0    0  (Gen:  1)
 25279352      5048  51105424  0.000  0.000 4012.078  585.325    0    0  (Gen:  0)
 20680512      4288  51105160  0.000  0.000 4012.312  585.352    0    0  (Gen:  0)
 27510016      3832  51105056  0.000  0.000 4012.531  585.386    0    0  (Gen:  0)
 29040960      4104  51105856  0.000  0.000 4012.828  585.421    0    0  (Gen:  0)
 26476656      4944  51107272  0.000  0.000 4013.078  585.453    0    0  (Gen:  0)
 28175128      4664  51107920  0.000  0.000 4013.266  585.487    0    0  (Gen:  0)
 22026376      3952  51108232  0.000  0.000 4013.422  585.515    0    0  (Gen:  0)
 18428592      4392  51109088  0.000  0.000 4013.484  585.548    0    0  (Gen:  0)
 20569896      3960  51109160  0.000  0.000 4013.547  585.573    0    0  (Gen:  0)
 18587736      4968  51110984  0.000  0.001 4013.734  585.598    0    0  (Gen:  0)
 27543088      5168  51112312  0.000  0.000 4013.953  585.631    0    0  (Gen:  0)
 24870248      3792  51111480  0.000  0.000 4014.094  585.663    0    0  (Gen:  0)
 23734112      4616  51112784  0.000  0.000 4014.219  585.693    0    0  (Gen:  0)
 27707616      5024  51113656  0.000  0.000 4014.453  585.727    0    0  (Gen:  0)
 25240440      4080  51113192  0.000  0.000 4014.656  585.757    0    0  (Gen:  0)
 26137208      6112  51115640  0.000  0.000 4014.844  585.789    0    0  (Gen:  0)
 30030736      3672  51113616  0.000  0.000 4015.094  585.825    0    0  (Gen:  0)
 29955576      4560  51115016  0.000  0.000 4015.391  585.862    0    0  (Gen:  0)
 19714928      4736  51115640  0.000  0.000 4015.469  585.886    0    0  (Gen:  0)
 25497832      4272  51115592  0.000  0.000 4015.719  585.917    0    0  (Gen:  0)
 26559248      5088  51116872  0.000  0.000 4015.969  585.950    0    0  (Gen:  0)
 29469872      5008  51117240  0.000  0.000 4016.312  585.986    0    0  (Gen:  0)
 28297312      4024  51116800  0.000  0.000 4016.453  586.022    0    0  (Gen:  0)
 22555256      3576  51116832  0.000  0.000 4016.672  586.049    0    0  (Gen:  0)
 25449640      5072  51118744  0.000  0.000 4016.922  586.081    0    0  (Gen:  0)
 26689200      4016  51118216  0.000  0.000 4017.156  586.114    0    0  (Gen:  0)
 27119760      4536  51119216  0.000  0.000 4017.391  586.147    0    0  (Gen:  0)
 27585736      5032  51120256  0.000  0.000 4017.609  586.182    0    0  (Gen:  0)
 24586896      4352  51120088  0.000  0.000 4017.844  586.213    0    0  (Gen:  0)
 27927208      5168  51121352  0.000  0.000 4018.078  586.247    0    0  (Gen:  0)
 25513528      4840  51154296  0.000  0.000 4018.281  586.279    0    0  (Gen:  0)
 28062064      4120  51154024  0.000  0.000 4018.625  586.312    0    0  (Gen:  0)
 29513072      4240  51154688  0.000  0.000 4018.828  586.347    0    0  (Gen:  0)
 27131408      4432  51155424  0.000  0.000 4019.047  586.381    0    0  (Gen:  0)
 26684904      4288  51155888  0.000  0.000 4019.281  586.413    0    0  (Gen:  0)
 22751432      6256  51158368  0.000  0.000 4019.531  586.440    0    0  (Gen:  0)
 28414984      4056  51156584  0.000  0.000 4019.781  586.474    0    0  (Gen:  0)
 27501224      4768  51157920  0.000  0.000 4019.969  586.509    0    0  (Gen:  0)
 26367248      5096  51158824  0.000  0.000 4020.078  586.542    0    0  (Gen:  0)
 26623768      4728  51159000  0.000  0.000 4020.312  586.574    0    0  (Gen:  0)
 26061144      4384  51159208  0.000  0.000 4020.547  586.605    0    0  (Gen:  0)
 27417376  42800736  51066552  0.109  0.023 4020.906  586.661    0    0  (Gen:  1)
 21243272      5944  51069024  0.000  0.000 4021.141  586.686    0    0  (Gen:  0)
 27424472      4960  51068520  0.000  0.000 4021.375  586.719    0    0  (Gen:  0)
 24544856      3776  51067848  0.000  0.000 4021.484  586.748    0    0  (Gen:  0)
 24364160      5224  51069840  0.000  0.000 4021.672  586.777    0    0  (Gen:  0)
 23584928      4536  51069600  0.000  0.000 4021.828  586.805    0    0  (Gen:  0)
 24990000      4776  51070384  0.000  0.000 4022.047  586.836    0    0  (Gen:  0)
 26793480      6024  51072112  0.000  0.000 4022.297  586.868    0    0  (Gen:  0)
 25306336      5248  51071896  0.000  0.000 4022.531  586.898    0    0  (Gen:  0)
 28103832      5072  51072264  0.000  0.000 4022.781  586.930    0    0  (Gen:  0)
 25839616      5448  51074176  0.000  0.000 4023.031  586.961    0    0  (Gen:  0)
 26042384      4280  51073744  0.000  0.000 4023.281  586.992    0    0  (Gen:  0)
 24566840      5040  51075112  0.000  0.002 4023.469  587.025    0    0  (Gen:  0)
 19611072      4952  51075600  0.000  0.001 4023.547  587.066    0    0  (Gen:  0)
 24090008      4472  51075760  0.000  0.000 4023.719  587.100    0    0  (Gen:  0)
 20988936      4400  51076624  0.000  0.000 4023.859  587.128    0    0  (Gen:  0)
 25550232      5680  51078352  0.000  0.000 4024.047  587.159    0    0  (Gen:  0)
 24132088      4888  51078072  0.000  0.000 4024.297  587.188    0    0  (Gen:  0)
 24436752      4440  51078136  0.000  0.000 4024.484  587.218    0    0  (Gen:  0)
 21975216      4688  51078832  0.000  0.000 4024.578  587.245    0    0  (Gen:  0)
 23167120      4712  51079272  0.000  0.000 4024.734  587.273    0    0  (Gen:  0)
 24168480      4064  51079056  0.000  0.000 4024.984  587.303    0    0  (Gen:  0)
 27900880      3736  51079224  0.000  0.000 4025.234  587.336    0    0  (Gen:  0)
 26930736      4816  51080816  0.000  0.000 4025.484  587.370    0    0  (Gen:  0)
 24618952      5080  51081528  0.000  0.000 4025.641  587.400    0    0  (Gen:  0)
 28771520      4944  51081920  0.000  0.000 4025.891  587.435    0    0  (Gen:  0)
 24274888      6648  51084184  0.000  0.000 4026.047  587.464    0    0  (Gen:  0)
 27851816      4568  51083448  0.000  0.000 4026.281  587.498    0    0  (Gen:  0)
 25207520      5104  51084672  0.000  0.000 4026.516  587.528    0    0  (Gen:  0)
 22894832      4160  51084240  0.000  0.000 4026.688  587.556    0    0  (Gen:  0)
 22389520      4304  51084768  0.000  0.000 4026.844  587.584    0    0  (Gen:  0)
 25627144      4344  51085192  0.000  0.000 4027.078  587.616    0    0  (Gen:  0)
 22790168      5720  51086984  0.000  0.000 4027.266  587.643    0    0  (Gen:  0)
 23125960      4536  51086216  0.000  0.000 4027.484  587.670    0    0  (Gen:  0)
 26175864      5968  51088064  0.000  0.000 4027.625  587.702    0    0  (Gen:  0)
 26540944      5880  51088408  0.000  0.000 4027.844  587.734    0    0  (Gen:  0)
 24357728      4976  51087984  0.000  0.000 4028.016  587.765    0    0  (Gen:  0)
 25799880      4336  51087776  0.000  0.000 4028.219  587.797    0    0  (Gen:  0)
 26948200      5008  51088944  0.000  0.000 4028.391  587.830    0    0  (Gen:  0)
 23624248      4664  51089064  0.000  0.000 4028.609  587.858    0    0  (Gen:  0)
 28996992      4184  51088936  0.000  0.000 4028.859  587.893    0    0  (Gen:  0)
 23918000      5136  51123400  0.000  0.000 4029.109  587.921    0    0  (Gen:  0)
 26534728      5888  51125216  0.000  0.000 4029.328  587.953    0    0  (Gen:  0)
 25539712      5440  51125248  0.000  0.000 4029.484  587.985    0    0  (Gen:  0)
 24177424      4504  51124712  0.000  0.000 4029.688  588.015    0    0  (Gen:  0)
 25456480      5352  51126024  0.000  0.000 4029.906  588.047    0    0  (Gen:  0)
 24885128      5448  51126408  0.000  0.000 4030.141  588.077    0    0  (Gen:  0)
 22862304      3688  51125064  0.000  0.000 4030.266  588.105    0    0  (Gen:  0)
 22170600      4072  51125816  0.000  0.000 4030.453  588.135    0    0  (Gen:  0)
 24707304      5880  51127976  0.000  0.000 4030.625  588.166    0    0  (Gen:  0)
 24135200  42723856  51022440  0.141  0.023 4031.016  588.217    0    0  (Gen:  1)
 25169720      4840  51021584  0.000  0.000 4031.141  588.248    0    0  (Gen:  0)
 23378120      4832  51021928  0.000  0.000 4031.328  588.275    0    0  (Gen:  0)
 22586736      4456  51021904  0.000  0.000 4031.469  588.303    0    0  (Gen:  0)
 26053920      4752  51022552  0.000  0.000 4031.703  588.335    0    0  (Gen:  0)
 28784720      4448  51022616  0.000  0.000 4031.953  588.370    0    0  (Gen:  0)
 28733712      4144  51022760  0.000  0.000 4032.312  588.406    0    0  (Gen:  0)
 28619928      4352  51023384  0.000  0.000 4032.469  588.441    0    0  (Gen:  0)
 26627528      4488  51023968  0.000  0.000 4032.641  588.474    0    0  (Gen:  0)
 22054832      5152  51025048  0.000  0.000 4032.875  588.501    0    0  (Gen:  0)
 24741688      7392  51027640  0.000  0.000 4032.969  588.532    0    0  (Gen:  0)
 27644592      4864  51025528  0.000  0.000 4033.219  588.565    0    0  (Gen:  0)
 26291040      4856  51026128  0.000  0.000 4033.469  588.598    0    0  (Gen:  0)
 27183440      4448  51026168  0.000  0.000 4033.703  588.633    0    0  (Gen:  0)
 23938904      6192  51028232  0.000  0.003 4033.891  588.681    0    0  (Gen:  0)
 15440696      4968  51027360  0.000  0.000 4033.984  588.705    0    0  (Gen:  0)
 24235648      6048  51028888  0.000  0.001 4034.203  588.735    0    0  (Gen:  0)
 19645016      4704  51027976  0.000  0.000 4034.266  588.761    0    0  (Gen:  0)
 28096416      5296  51028952  0.000  0.000 4034.484  588.795    0    0  (Gen:  0)
 27191728      6040  51030080  0.000  0.000 4034.703  588.829    0    0  (Gen:  0)
 25334016      6144  51030568  0.000  0.000 4034.906  588.860    0    0  (Gen:  0)
 22770712      5624  51030432  0.000  0.000 4035.000  588.888    0    0  (Gen:  0)
 28422208      5920  51031208  0.000  0.000 4035.375  588.924    0    0  (Gen:  0)
 27122616      5448  51031152  0.000  0.000 4035.625  588.957    0    0  (Gen:  0)
 28102360      5584  51031736  0.000  0.000 4035.844  588.991    0    0  (Gen:  0)
 28817776      5344  51031880  0.000  0.000 4036.016  589.027    0    0  (Gen:  0)
 26912920      5496  51032448  0.000  0.000 4036.250  589.059    0    0  (Gen:  0)
 27324920      5512  51032912  0.000  0.000 4036.484  589.092    0    0  (Gen:  0)
 28470656      6696  51034448  0.000  0.000 4036.688  589.127    0    0  (Gen:  0)
 24367720      5800  51034000  0.000  0.000 4036.891  589.158    0    0  (Gen:  0)
 26171936      5672  51034336  0.000  0.000 4037.141  589.190    0    0  (Gen:  0)
 25023192      5056  51034184  0.000  0.000 4037.375  589.220    0    0  (Gen:  0)
 26852816      6128  51035688  0.000  0.000 4037.578  589.253    0    0  (Gen:  0)
 24727592      4488  51034464  0.000  0.000 4037.703  589.283    0    0  (Gen:  0)
 25524592      5416  51035744  0.000  0.000 4037.891  589.315    0    0  (Gen:  0)
 24822336      5816  51036496  0.000  0.000 4038.125  589.345    0    0  (Gen:  0)
 29919288      4968  51036064  0.000  0.000 4038.359  589.381    0    0  (Gen:  0)
 27764992      4272  51035816  0.000  0.000 4038.609  589.415    0    0  (Gen:  0)
 28131176      5664  51037656  0.000  0.000 4038.859  589.449    0    0  (Gen:  0)
 27075696      4408  51036848  0.000  0.000 4039.109  589.482    0    0  (Gen:  0)
 25430256      4664  51037488  0.000  0.000 4039.188  589.512    0    0  (Gen:  0)
 26306280  42671200  50969784  0.141  0.025 4039.484  589.568    0    0  (Gen:  1)
 26983352      4832  50970304  0.000  0.000 4039.734  589.599    0    0  (Gen:  0)
 29147912      5104  50971024  0.000  0.000 4039.984  589.633    0    0  (Gen:  0)
 24633688      5864  50972392  0.000  0.000 4040.203  589.661    0    0  (Gen:  0)
 21440728      4832  50971904  0.000  0.000 4040.422  589.687    0    0  (Gen:  0)
 27753648      6000  50973584  0.000  0.000 4040.672  589.719    0    0  (Gen:  0)
 24748768      6040  50974216  0.000  0.000 4040.797  589.746    0    0  (Gen:  0)
 22098104      6872  50975528  0.000  0.000 4040.922  589.771    0    0  (Gen:  0)
 29353416      5696  50975040  0.000  0.000 4041.094  589.805    0    0  (Gen:  0)
 25296944      4352  50974272  0.000  0.000 4041.312  589.834    0    0  (Gen:  0)
 22478760      4728  50975224  0.000  0.000 4041.531  589.861    0    0  (Gen:  0)
 22862864      6000  50977040  0.000  0.000 4041.578  589.888    0    0  (Gen:  0)
 24500928      4952  50976536  0.000  0.000 4041.812  589.917    0    0  (Gen:  0)
 28358752      6600  50978632  0.000  0.000 4042.031  589.951    0    0  (Gen:  0)
 27287480      4840  50977464  0.000  0.000 4042.328  589.983    0    0  (Gen:  0)
 22773056      5800  50978872  0.000  0.000 4042.438  590.011    0    0  (Gen:  0)
 26994144      6512  50980032  0.000  0.000 4042.547  590.043    0    0  (Gen:  0)
 24027208      5704  50979800  0.000  0.000 4042.750  590.071    0    0  (Gen:  0)
 28083192      5216  50979728  0.000  0.000 4043.000  590.103    0    0  (Gen:  0)
 23693080      4288  50979280  0.000  0.000 4043.250  590.131    0    0  (Gen:  0)
 25378024      4768  50980240  0.000  0.000 4043.453  590.161    0    0  (Gen:  0)
 23702976      6400  50982320  0.000  0.010 4043.641  590.205    0    0  (Gen:  0)
 13585248      6072  50982416  0.000  0.000 4043.672  590.227    0    0  (Gen:  0)
 21719496      6744  50985216  0.000  0.000 4043.828  590.254    0    0  (Gen:  0)
 21585272      5016  50984552  0.000  0.000 4043.984  590.281    0    0  (Gen:  0)
 27124744      4904  50984824  0.000  0.000 4044.219  590.312    0    0  (Gen:  0)
 15265656      4576  50985144  0.000  0.000 4044.266  590.331    0    0  (Gen:  0)
 23874656      5872  50987304  0.000  0.000 4044.484  590.360    0    0  (Gen:  0)
 25046904      6312  50988568  0.000  0.000 4044.594  590.388    0    0  (Gen:  0)
 24366576      6400  50989136  0.000  0.000 4044.734  590.416    0    0  (Gen:  0)
 27005400      5240  50988552  0.000  0.000 4044.969  590.447    0    0  (Gen:  0)
 25417136      6584  50990376  0.000  0.000 4045.219  590.477    0    0  (Gen:  0)
 22659960      5752  50989928  0.000  0.000 4045.391  590.504    0    0  (Gen:  0)
 26165328      4888  50989448  0.000  0.000 4045.516  590.534    0    0  (Gen:  0)
 26696696      5984  50991072  0.000  0.000 4045.766  590.566    0    0  (Gen:  0)
 26977976      5464  50990968  0.000  0.000 4046.016  590.596    0    0  (Gen:  0)
 26439528      7400  50994216  0.000  0.000 4046.203  590.626    0    0  (Gen:  0)
 26864112      4584  50992136  0.000  0.000 4046.344  590.659    0    0  (Gen:  0)
 24993832      6744  50994744  0.000  0.000 4046.578  590.689    0    0  (Gen:  0)
 24892304      5168  50993584  0.000  0.000 4046.828  590.719    0    0  (Gen:  0)
 26950872      5184  50994096  0.000  0.000 4046.969  590.751    0    0  (Gen:  0)
 26472824      5936  50995296  0.000  0.000 4047.188  590.783    0    0  (Gen:  0)
 24045416  42607616  50906200  0.031  0.023 4047.344  590.834    0    0  (Gen:  1)
 25564424      4656  50906496  0.000  0.000 4047.594  590.865    0    0  (Gen:  0)
 26791184      4720  50906976  0.000  0.000 4047.828  590.896    0    0  (Gen:  0)
 25297704      5224  50907992  0.000  0.000 4048.062  590.926    0    0  (Gen:  0)
 23039512      4736  50908048  0.000  0.000 4048.312  590.953    0    0  (Gen:  0)
 26274408      5616  50909344  0.000  0.000 4048.516  590.983    0    0  (Gen:  0)
 20261288      3984  50908256  0.000  0.000 4048.609  591.008    0    0  (Gen:  0)
 21955952      5720  50910456  0.000  0.000 4048.797  591.033    0    0  (Gen:  0)
 24153624      4840  50909928  0.000  0.000 4048.984  591.062    0    0  (Gen:  0)
 22331792      4928  50910464  0.000  0.000 4049.109  591.089    0    0  (Gen:  0)
 26211104      4456  50910408  0.000  0.000 4049.328  591.122    0    0  (Gen:  0)
 26693752      5864  50912792  0.000  0.000 4049.562  591.153    0    0  (Gen:  0)
 23688616      4856  50912776  0.000  0.000 4049.781  591.182    0    0  (Gen:  0)
 26709136      4024  50912456  0.000  0.000 4050.016  591.217    0    0  (Gen:  0)
 25970096      3872  50912784  0.000  0.000 4050.141  591.248    0    0  (Gen:  0)
 29760544      4000  50913392  0.000  0.000 4050.312  591.286    0    0  (Gen:  0)
 27020480      4056  50913960  0.000  0.000 4050.562  591.319    0    0  (Gen:  0)
 26377720      4448  50914800  0.000  0.001 4050.719  591.355    0    0  (Gen:  0)
 20612320      6488  50917224  0.000  0.003 4050.828  591.383    0    0  (Gen:  0)
 23628096      4440  50915560  0.000  0.000 4050.938  591.422    0    0  (Gen:  0)
 25512936      3976  50915624  0.000  0.001 4051.156  591.454    0    0  (Gen:  0)
 22318528      5808  50917904  0.000  0.000 4051.281  591.483    0    0  (Gen:  0)
 25247888      4960  50917584  0.000  0.000 4051.391  591.513    0    0  (Gen:  0)
 23230048      4176  50917232  0.000  0.000 4051.516  591.543    0    0  (Gen:  0)
 23486432      4768  50918208  0.000  0.000 4051.734  591.571    0    0  (Gen:  0)
 29382296      6688  50920576  0.000  0.000 4051.984  591.606    0    0  (Gen:  0)
 25915584      5256  50919528  0.000  0.000 4052.141  591.638    0    0  (Gen:  0)
 26687848      4896  50919616  0.000  0.000 4052.422  591.670    0    0  (Gen:  0)
 27930864      5240  50920488  0.000  0.000 4052.656  591.705    0    0  (Gen:  0)
 26380072      3968  50919664  0.000  0.000 4052.875  591.737    0    0  (Gen:  0)
 27104480      4576  50920720  0.000  0.000 4053.047  591.771    0    0  (Gen:  0)
 27769640      5912  50922504  0.000  0.000 4053.250  591.805    0    0  (Gen:  0)
 29105112      5784  50922792  0.000  0.000 4053.500  591.841    0    0  (Gen:  0)
 26386928      5496  50923048  0.000  0.000 4053.672  591.873    0    0  (Gen:  0)
 23863776      4912  50922944  0.000  0.000 4053.859  591.902    0    0  (Gen:  0)
 23935800      5208  50923704  0.000  0.000 4054.094  591.931    0    0  (Gen:  0)
 22644984      5472  50924400  0.000  0.000 4054.250  591.959    0    0  (Gen:  0)
 27597856      4608  50923920  0.000  0.000 4054.453  591.993    0    0  (Gen:  0)
 23850064      5352  50925112  0.000  0.000 4054.578  592.021    0    0  (Gen:  0)
 26321152      4688  50924928  0.000  0.000 4054.828  592.054    0    0  (Gen:  0)
 24333008      4128  50924768  0.000  0.000 4055.047  592.085    0    0  (Gen:  0)
 26600224      5360  50926480  0.000  0.000 4055.281  592.118    0    0  (Gen:  0)
 28382464      4944  50926560  0.000  0.000 4055.531  592.153    0    0  (Gen:  0)
 26464880  42544552  50843136  0.141  0.022 4055.812  592.207    0    0  (Gen:  1)
 24771424      5272  50843888  0.000  0.000 4055.984  592.238    0    0  (Gen:  0)
 22670968      4064  50843064  0.000  0.000 4056.109  592.267    0    0  (Gen:  0)
 29885584      4112  50843432  0.000  0.000 4056.297  592.304    0    0  (Gen:  0)
 27392264      4848  50844744  0.000  0.000 4056.531  592.337    0    0  (Gen:  0)
 26533304      5264  50878448  0.000  0.000 4056.750  592.370    0    0  (Gen:  0)
 23960640      4056  50844896  0.000  0.000 4056.984  592.401    0    0  (Gen:  0)
 24565632      4760  50846048  0.000  0.000 4057.219  592.431    0    0  (Gen:  0)
 28871832      4352  50846120  0.000  0.000 4057.516  592.468    0    0  (Gen:  0)
 25227760      4560  50879536  0.000  0.000 4057.703  592.499    0    0  (Gen:  0)
 27751336      5000  50847728  0.000  0.000 4057.859  592.532    0    0  (Gen:  0)
 29645560      4296  50880232  0.000  0.000 4058.109  592.569    0    0  (Gen:  0)
 28596344      4056  50880504  0.000  0.000 4058.266  592.604    0    0  (Gen:  0)
 25498864      4704  50881760  0.000  0.000 4058.453  592.666    0    0  (Gen:  0)
 24966744      3920  50848696  0.000  0.001 4058.672  592.698    0    0  (Gen:  0)
 19791872      5336  50883432  0.000  0.000 4058.828  592.724    0    0  (Gen:  0)
 29905688      4608  50883168  0.000  0.000 4059.078  592.761    0    0  (Gen:  0)
 29274168      5432  50884584  0.000  0.000 4059.375  592.797    0    0  (Gen:  0)
 28299656      4040  50883768  0.000  0.000 4059.609  592.832    0    0  (Gen:  0)
 24710312      6008  50886216  0.000  0.000 4059.844  592.862    0    0  (Gen:  0)
 26367296      4920  50885576  0.000  0.000 4060.094  592.893    0    0  (Gen:  0)
 26253200      4224  50885400  0.000  0.000 4060.344  592.926    0    0  (Gen:  0)
 26387784      4000  50885688  0.000  0.000 4060.531  592.957    0    0  (Gen:  0)
 28636488      4592  50886792  0.000  0.000 4060.688  592.992    0    0  (Gen:  0)
 24244072      4800  50887576  0.000  0.000 4060.875  593.021    0    0  (Gen:  0)
 26022600      4584  50887776  0.000  0.000 4061.125  593.053    0    0  (Gen:  0)
 23770240      4760  50888464  0.000  0.000 4061.359  593.081    0    0  (Gen:  0)
 24095712      5488  50889608  0.000  0.000 4061.609  593.110    0    0  (Gen:  0)
 28869328      4056  50888656  0.000  0.000 4061.766  593.144    0    0  (Gen:  0)
 22600184      5760  50890912  0.000  0.000 4061.891  593.172    0    0  (Gen:  0)
 24910576      7416  50893672  0.000  0.000 4062.141  593.201    0    0  (Gen:  0)
 26931968      4456  50891512  0.000  0.000 4062.375  593.234    0    0  (Gen:  0)
 24973400      4888  50892424  0.000  0.000 4062.500  593.264    0    0  (Gen:  0)
 26105728      5840  50893856  0.000  0.000 4062.688  593.295    0    0  (Gen:  0)
 22562736      4440  50893000  0.000  0.000 4062.781  593.322    0    0  (Gen:  0)
 21875496      4024  50893064  0.000  0.000 4062.984  593.348    0    0  (Gen:  0)
 23796912      4624  50894032  0.000  0.000 4063.234  593.377    0    0  (Gen:  0)
 29008680      5504  50895488  0.000  0.000 4063.453  593.410    0    0  (Gen:  0)
 28721568  42481376  50812728  0.141  0.030 4063.844  593.475    0    0  (Gen:  1)
 28593448      4272  50845992  0.000  0.000 4064.016  593.510    0    0  (Gen:  0)
 24065096      4120  50813560  0.000  0.000 4064.109  593.540    0    0  (Gen:  0)
 26564216      4904  50814824  0.000  0.000 4064.359  593.572    0    0  (Gen:  0)
 27246448      5112  50848176  0.000  0.000 4064.609  593.605    0    0  (Gen:  0)
 23685744      5344  50848856  0.000  0.000 4064.750  593.635    0    0  (Gen:  0)
 24464272      3944  50847872  0.000  0.000 4064.906  593.665    0    0  (Gen:  0)
 26331488      5088  50849592  0.000  0.000 4065.141  593.696    0    0  (Gen:  0)
 28247136      4160  50816384  0.000  0.000 4065.391  593.731    0    0  (Gen:  0)
 25042720      5064  50850464  0.000  0.000 4065.641  593.760    0    0  (Gen:  0)
 27658392      6088  50851776  0.000  0.000 4065.812  593.793    0    0  (Gen:  0)
 20167816      3952  50850120  0.000  0.026 4066.000  593.845    0    0  (Gen:  0)
 22145240      6488  50853072  0.000  0.000 4066.062  593.872    0    0  (Gen:  0)
 17533256      4360  50851488  0.000  0.000 4066.250  593.894    0    0  (Gen:  0)
 25112928      4168  50851688  0.000  0.000 4066.453  593.925    0    0  (Gen:  0)
 28646944      4496  50852496  0.000  0.000 4066.703  593.960    0    0  (Gen:  0)
 23373432      4752  50853264  0.000  0.000 4066.906  593.989    0    0  (Gen:  0)
 23003344      4528  50853456  0.000  0.000 4067.078  594.017    0    0  (Gen:  0)
 28383968      4320  50853728  0.000  0.000 4067.266  594.050    0    0  (Gen:  0)
 24679616      4696  50854584  0.000  0.000 4067.484  594.079    0    0  (Gen:  0)
 25655600      4072  50854440  0.000  0.000 4067.734  594.110    0    0  (Gen:  0)
 22876512      5216  50856144  0.000  0.000 4067.828  594.138    0    0  (Gen:  0)
 26417808      5344  50856720  0.000  0.000 4068.000  594.170    0    0  (Gen:  0)
 22370856      4728  50856664  0.000  0.000 4068.219  594.197    0    0  (Gen:  0)
 24602616      5728  50858144  0.000  0.000 4068.453  594.227    0    0  (Gen:  0)
 23609960      5520  50858496  0.000  0.000 4068.703  594.256    0    0  (Gen:  0)
 23113928      4352  50857776  0.000  0.000 4068.906  594.284    0    0  (Gen:  0)
 30535992      5376  50859296  0.000  0.000 4069.141  594.321    0    0  (Gen:  0)
 26161192      6136  50860568  0.000  0.000 4069.359  594.352    0    0  (Gen:  0)
 23698776      4648  50859560  0.000  0.000 4069.562  594.381    0    0  (Gen:  0)
 24298680      5152  50860512  0.000  0.000 4069.734  594.409    0    0  (Gen:  0)
 24207992      5264  50861040  0.000  0.000 4069.906  594.439    0    0  (Gen:  0)
 29259608      4296  50860520  0.000  0.000 4070.109  594.475    0    0  (Gen:  0)
 22990704      3936  50860672  0.000  0.000 4070.281  594.503    0    0  (Gen:  0)
 24875768      4160  50861376  0.000  0.000 4070.391  594.533    0    0  (Gen:  0)
 26326120      4656  50862368  0.000  0.000 4070.641  594.565    0    0  (Gen:  0)
 27924664      5800  50863992  0.000  0.000 4070.891  594.598    0    0  (Gen:  0)
 25301512      5632  50864368  0.000  0.000 4071.141  594.628    0    0  (Gen:  0)
 25577520  42427952  50792072  0.062  0.022 4071.328  594.683    0    0  (Gen:  1)
 25513968      5344  50793416  0.000  0.000 4071.547  594.713    0    0  (Gen:  0)
 26495128      5032  50793584  0.000  0.000 4071.797  594.745    0    0  (Gen:  0)
 25292264      3784  50792784  0.000  0.000 4071.938  594.777    0    0  (Gen:  0)
 25386240      5360  50794744  0.000  0.000 4072.094  594.808    0    0  (Gen:  0)
 24823992      5400  50795328  0.000  0.000 4072.328  594.837    0    0  (Gen:  0)
 23078856      7416  50797760  0.000  0.000 4072.516  594.865    0    0  (Gen:  0)
 27223056      4176  50794968  0.000  0.000 4072.734  594.898    0    0  (Gen:  0)
 26093992      5112  50796496  0.000  0.000 4072.953  594.930    0    0  (Gen:  0)
 26221288      4216  50796208  0.000  0.000 4073.141  594.962    0    0  (Gen:  0)
 24579712      4328  50796832  0.000  0.000 4073.344  594.993    0    0  (Gen:  0)
 19800776      4424  50797504  0.000  0.000 4073.531  595.016    0    0  (Gen:  0)
 28445616      4992  50798456  0.000  0.000 4073.781  595.050    0    0  (Gen:  0)
 22974552      4720  50798728  0.000  0.000 4074.000  595.078    0    0  (Gen:  0)
 25097336      4168  50798688  0.000  0.000 4074.125  595.107    0    0  (Gen:  0)
 27998536      4576  50799544  0.000  0.000 4074.484  595.140    0    0  (Gen:  0)
 21514256      4712  50800256  0.000  0.000 4074.531  595.167    0    0  (Gen:  0)
 25957680      5328  50801288  0.000  0.000 4074.766  595.197    0    0  (Gen:  0)
 24809576      4496  50801032  0.000  0.000 4074.984  595.225    0    0  (Gen:  0)
 26850576   3077872  53875240  0.000  0.002 4075.188  595.251    0    0  (Gen:  0)
 24559784      4768  53875936  0.000  0.000 4075.359  595.280    0    0  (Gen:  0)
 22666312      3392  53875792  0.000  0.000 4075.469  595.307    0    0  (Gen:  0)
 22340248      4728  53877672  0.000  0.007 4075.688  595.352    0    0  (Gen:  0)
 11584968      4512  53877976  0.000  0.000 4075.719  595.373    0    0  (Gen:  0)
 19515536      5512  53880336  0.000  0.000 4075.797  595.396    0    0  (Gen:  0)
 21551200      5192  53881808  0.000  0.000 4076.000  595.423    0    0  (Gen:  0)
 26103184      5544  53882608  0.000  0.000 4076.188  595.455    0    0  (Gen:  0)
 25149512      5616  53883256  0.000  0.000 4076.406  595.484    0    0  (Gen:  0)
 20816576      4824  53883456  0.000  0.000 4076.500  595.509    0    0  (Gen:  0)
 23734768      3696  53883384  0.000  0.000 4076.703  595.539    0    0  (Gen:  0)
 26134904      3952  53884072  0.000  0.000 4076.922  595.572    0    0  (Gen:  0)
 23113512      3624  53884160  0.000  0.000 4077.141  595.601    0    0  (Gen:  0)
 21470744      4056  53884976  0.000  0.000 4077.359  595.628    0    0  (Gen:  0)
 20346832      3368  53884704  0.000  0.000 4077.547  595.655    0    0  (Gen:  0)
 24737136      3792  53885448  0.000  0.000 4077.656  595.686    0    0  (Gen:  0)
 22225744      3600  53885704  0.000  0.000 4077.859  595.714    0    0  (Gen:  0)
 21941384      3600  53886056  0.000  0.000 4078.078  595.742    0    0  (Gen:  0)
 23479064      3144  53885984  0.000  0.000 4078.250  595.770    0    0  (Gen:  0)
 16018552  37486008  44867096  0.109  0.020 4078.422  595.811    0    0  (Gen:  1)
 24827928      3480  44867032  0.000  0.000 4078.641  595.841    0    0  (Gen:  0)
 23043664      4856  44868824  0.000  0.000 4078.859  595.870    0    0  (Gen:  0)
 23096056      3776  44868160  0.000  0.000 4079.078  595.900    0    0  (Gen:  0)
 21297752      3640  44868312  0.000  0.000 4079.281  595.927    0    0  (Gen:  0)
 22806824      3728  44868784  0.000  0.000 4079.453  595.956    0    0  (Gen:  0)
 22990000      3352  44868824  0.000  0.000 4079.672  595.986    0    0  (Gen:  0)
 22518568      3640  44869400  0.000  0.000 4079.766  596.014    0    0  (Gen:  0)
 23588208      5624  44871832  0.000  0.000 4079.875  596.044    0    0  (Gen:  0)
 24704616      3840  44870400  0.000  0.000 4080.094  596.075    0    0  (Gen:  0)
 23022928      3384  44870328  0.000  0.000 4080.312  596.104    0    0  (Gen:  0)
 23749280      3656  44870984  0.000  0.000 4080.531  596.134    0    0  (Gen:  0)
 23327936      4112  44871792  0.000  0.000 4080.734  596.163    0    0  (Gen:  0)
 24104664      4232  44872360  0.000  0.000 4080.906  596.194    0    0  (Gen:  0)
 19077272      3616  44872096  0.000  0.000 4081.000  596.216    0    0  (Gen:  0)
 18864656      4720  44873488  0.000  0.000 4081.172  596.239    0    0  (Gen:  0)
 26419840      4240  44874176  0.000  0.000 4081.328  596.272    0    0  (Gen:  0)
 23617144      5328  44875936  0.000  0.000 4081.531  596.302    0    0  (Gen:  0)
 24254032      6840  44877800  0.000  0.000 4081.750  596.333    0    0  (Gen:  0)
 22047424      4704  44876016  0.000  0.000 4081.891  596.361    0    0  (Gen:  0)
 25275640      3600  44875360  0.000  0.000 4082.109  596.393    0    0  (Gen:  0)
 22872720      4456  44876584  0.000  0.000 4082.312  596.422    0    0  (Gen:  0)
 24203856      3624  44876168  0.000  0.000 4082.469  596.452    0    0  (Gen:  0)
 24097656      4072  44876936  0.000  0.000 4082.562  596.482    0    0  (Gen:  0)
 25598568      6120  44879368  0.000  0.000 4082.766  596.514    0    0  (Gen:  0)
 25289560      3824  44877424  0.000  0.000 4083.016  596.547    0    0  (Gen:  0)
 23756184      4648  44878600  0.000  0.000 4083.125  596.576    0    0  (Gen:  0)
 26467352      4304  44878608  0.000  0.000 4083.453  596.610    0    0  (Gen:  0)
 26046128      4696  44879352  0.000  0.000 4083.641  596.642    0    0  (Gen:  0)
 22631928      4168  44879144  0.000  0.009 4083.719  596.695    0    0  (Gen:  0)
 15284392      4848  44880208  0.000  0.000 4083.781  596.714    0    0  (Gen:  0)
 21118656      4064  44879776  0.000  0.000 4083.984  596.740    0    0  (Gen:  0)
 19903784      3488  44879504  0.000  0.000 4084.141  596.767    0    0  (Gen:  0)
  8529456  37445696  44826784  0.109  0.022 4084.250  596.800    0    0  (Gen:  1)
 22753088      4616  44827328  0.000  0.000 4084.469  596.828    0    0  (Gen:  0)
 24124040      3880  44827168  0.000  0.000 4084.672  596.859    0    0  (Gen:  0)
 24498392      3880  44827488  0.000  0.000 4084.875  596.889    0    0  (Gen:  0)
 24878376      5168  44829192  0.000  0.000 4084.969  596.920    0    0  (Gen:  0)
 26341032      5040  44829576  0.000  0.000 4085.297  596.952    0    0  (Gen:  0)
 21646000      3888  44828840  0.000  0.000 4085.391  596.979    0    0  (Gen:  0)
 20245344      4040  44829344  0.000  0.000 4085.562  597.002    0    0  (Gen:  0)
 24602024      4200  44829856  0.000  0.000 4085.719  597.034    0    0  (Gen:  0)
 24438584      4112  44830184  0.000  0.000 4085.938  597.063    0    0  (Gen:  0)
 24658536      5024  44831512  0.000  0.000 4086.156  597.093    0    0  (Gen:  0)
 24102768      4568  44831504  0.000  0.000 4086.375  597.123    0    0  (Gen:  0)
 23957416      5144  44832608  0.000  0.000 4086.438  597.153    0    0  (Gen:  0)
 23757016      4008  44831824  0.000  0.000 4086.641  597.182    0    0  (Gen:  0)
 24941720      4696  44832928  0.000  0.000 4086.859  597.214    0    0  (Gen:  0)
 25375600      4000  44832680  0.000  0.000 4087.062  597.246    0    0  (Gen:  0)
 24584696      4664  44833792  0.000  0.000 4087.234  597.277    0    0  (Gen:  0)
 22871680      4280  44833856  0.000  0.000 4087.438  597.305    0    0  (Gen:  0)
 22473176      4824  44834752  0.000  0.000 4087.641  597.333    0    0  (Gen:  0)
 25097480      4272  44834616  0.000  0.000 4087.781  597.363    0    0  (Gen:  0)
 26434984      3968  44834792  0.000  0.000 4088.000  597.396    0    0  (Gen:  0)
 25625128      4496  44835768  0.000  0.000 4088.172  597.427    0    0  (Gen:  0)
 24389384      5000  44869512  0.000  0.000 4088.312  597.456    0    0  (Gen:  0)
 25409736      3560  44835792  0.000  0.000 4088.500  597.486    0    0  (Gen:  0)
 24912696      3880  44836560  0.000  0.000 4088.500  597.517    0    0  (Gen:  0)
 25159584      4280  44837440  0.000  0.000 4088.703  597.548    0    0  (Gen:  0)
 24697760      4672  44838216  0.000  0.000 4088.812  597.577    0    0  (Gen:  0)
 26410488      4896  44871584  0.000  0.000 4089.031  597.607    0    0  (Gen:  0)
 22708992      4480  44838984  0.000  0.000 4089.250  597.634    0    0  (Gen:  0)
 24572960      5560  44873240  0.000  0.000 4089.469  597.663    0    0  (Gen:  0)
 23928512  37403136  44816984  0.016  0.020 4089.656  597.712    0    0  (Gen:  1)
 21492984      4088  44817984  0.000  0.000 4089.875  597.737    0    0  (Gen:  0)
 24801440      4672  44818952  0.000  0.000 4090.078  597.766    0    0  (Gen:  0)
 26160048      4504  44819296  0.000  0.000 4090.297  597.797    0    0  (Gen:  0)
 21643304      4544  44819816  0.000  0.000 4090.391  597.853    0    0  (Gen:  0)
 22504800      3928  44819680  0.000  0.000 4090.609  597.879    0    0  (Gen:  0)
 19459344      6112  44822368  0.000  0.000 4090.672  597.904    0    0  (Gen:  0)
 24382216      5072  44821680  0.000  0.000 4090.828  597.933    0    0  (Gen:  0)
 21988048      4600  44821656  0.000  0.000 4090.984  597.960    0    0  (Gen:  0)
 22789776      5368  44822792  0.000  0.000 4091.203  597.988    0    0  (Gen:  0)
 26302624      4128  44821936  0.000  0.000 4091.406  598.021    0    0  (Gen:  0)
 24500224      4440  44822632  0.000  0.000 4091.594  598.050    0    0  (Gen:  0)
 24738752      5128  44823736  0.000  0.000 4091.812  598.080    0    0  (Gen:  0)
 23031512      5560  44824552  0.000  0.000 4092.000  598.108    0    0  (Gen:  0)
 23824448      4432  44823840  0.000  0.000 4092.109  598.136    0    0  (Gen:  0)
 24920848      4824  44824584  0.000  0.000 4092.328  598.166    0    0  (Gen:  0)
 24558136      6768  44826912  0.000  0.000 4092.547  598.196    0    0  (Gen:  0)
 23469736      4448  44825008  0.000  0.000 4092.734  598.224    0    0  (Gen:  0)
 23571520      4728  44825624  0.000  0.000 4092.938  598.252    0    0  (Gen:  0)
 24150736      3912  44825192  0.000  0.000 4093.078  598.282    0    0  (Gen:  0)
 22293720      5232  44826864  0.000  0.000 4093.156  598.310    0    0  (Gen:  0)
 24465232      5496  44827512  0.000  0.000 4093.375  598.340    0    0  (Gen:  0)
 25016656      3992  44826328  0.000  0.000 4093.594  598.370    0    0  (Gen:  0)
 23805272      6800  44829488  0.000  0.000 4093.812  598.398    0    0  (Gen:  0)
 21791560      5384  44829400  0.000  0.000 4093.969  598.424    0    0  (Gen:  0)
 25025280      5264  44829904  0.000  0.000 4094.188  598.455    0    0  (Gen:  0)
 24423792      5256  44830296  0.000  0.000 4094.391  598.486    0    0  (Gen:  0)
 26689520      5416  44830808  0.000  0.000 4094.562  598.519    0    0  (Gen:  0)
 24896440      5328  44831072  0.000  0.000 4094.766  598.551    0    0  (Gen:  0)
 25508056      5184  44831248  0.000  0.000 4094.984  598.583    0    0  (Gen:  0)
 21996168      4760  44831176  0.000  0.000 4095.188  598.610    0    0  (Gen:  0)
 22457672  37364376  44778232  0.141  0.022 4095.438  598.659    0    0  (Gen:  1)
 23166904      4800  44778176  0.000  0.000 4095.547  598.685    0    0  (Gen:  0)
 21522712      4032  44778768  0.000  0.000 4095.703  598.713    0    0  (Gen:  0)
 19204600      4384  44779536  0.000  0.000 4095.906  598.736    0    0  (Gen:  0)
 23164304      4376  44779896  0.000  0.000 4096.109  598.766    0    0  (Gen:  0)
 25633688      3560  44779432  0.000  0.000 4096.297  598.798    0    0  (Gen:  0)
 20117528      4184  44780376  0.000  0.000 4096.406  598.824    0    0  (Gen:  0)
 22492256      4472  44780984  0.000  0.000 4096.625  598.853    0    0  (Gen:  0)
 23197472      5072  44781936  0.000  0.000 4096.844  598.882    0    0  (Gen:  0)
 18377120      3864  44781144  0.000  0.000 4096.906  598.906    0    0  (Gen:  0)
 24246472      3856  44781520  0.000  0.000 4097.094  598.938    0    0  (Gen:  0)
 20503472      4488  44782584  0.000  0.000 4097.188  599.029    0    0  (Gen:  0)
 25266536      4544  44782992  0.000  0.000 4097.391  599.064    0    0  (Gen:  0)
 24814904      5312  44784208  0.000  0.000 4097.578  599.095    0    0  (Gen:  0)
 25501328      6056  44785384  0.000  0.000 4097.797  599.126    0    0  (Gen:  0)
 19391776      5616  44785264  0.000  0.000 4097.906  599.151    0    0  (Gen:  0)
 24957200      4120  44784024  0.000  0.000 4098.125  599.182    0    0  (Gen:  0)
 26558520      4360  44784680  0.000  0.000 4098.344  599.217    0    0  (Gen:  0)
 24426448      3952  44784688  0.000  0.000 4098.562  599.247    0    0  (Gen:  0)
 26512608      4872  44786040  0.000  0.000 4098.766  599.279    0    0  (Gen:  0)
 25690232      5088  44786608  0.000  0.000 4098.969  599.311    0    0  (Gen:  0)
 12984688      4208  44786208  0.000  0.025 4098.969  599.352    0    0  (Gen:  0)
 21080440      5000  44787688  0.000  0.000 4099.141  599.377    0    0  (Gen:  0)
 18525360      3680  44787384  0.000  0.000 4099.219  599.402    0    0  (Gen:  0)
 21610144      5368  44789328  0.000  0.000 4099.406  599.429    0    0  (Gen:  0)
 26408896      4576  44788856  0.000  0.000 4099.562  599.463    0    0  (Gen:  0)
 19695448      3648  44788344  0.000  0.000 4099.781  599.487    0    0  (Gen:  0)
 25733768      5552  44790568  0.000  0.000 4100.000  599.520    0    0  (Gen:  0)
 26179312      4480  44789960  0.000  0.000 4100.188  599.552    0    0  (Gen:  0)
 22449840      4320  44790216  0.000  0.000 4100.406  599.580    0    0  (Gen:  0)
 27391016      4392  44790608  0.000  0.000 4100.625  599.614    0    0  (Gen:  0)
 21659128      5600  44792200  0.000  0.000 4100.844  599.641    0    0  (Gen:  0)
 23341008      6344  44793232  0.000  0.000 4100.953  599.669    0    0  (Gen:  0)
 23963584      3632  44790872  0.000  0.000 4101.125  599.698    0    0  (Gen:  0)
 25994304  37323296  44737152  0.141  0.022 4101.484  599.754    0    0  (Gen:  1)
 22395424      4288  44737072  0.000  0.000 4101.672  599.781    0    0  (Gen:  0)
 20896056      4720  44737824  0.000  0.000 4101.781  599.807    0    0  (Gen:  0)
 24616048      4240  44737600  0.000  0.000 4102.000  599.838    0    0  (Gen:  0)
 24891152      5144  44738856  0.000  0.000 4102.219  599.869    0    0  (Gen:  0)
 26118736      4112  44738144  0.000  0.000 4102.438  599.901    0    0  (Gen:  0)
 24167280      4232  44738632  0.000  0.000 4102.609  599.932    0    0  (Gen:  0)
 19289168      4552  44739400  0.000  0.000 4102.719  599.956    0    0  (Gen:  0)
 24874816      4272  44739424  0.000  0.000 4102.938  599.987    0    0  (Gen:  0)
 24710208      4128  44739696  0.000  0.000 4103.000  600.018    0    0  (Gen:  0)
 24335032      3304  44739256  0.000  0.000 4103.172  600.047    0    0  (Gen:  0)
 24776824      4040  44740408  0.000  0.000 4103.375  600.078    0    0  (Gen:  0)
 22373792      3760  44740576  0.000  0.000 4103.453  600.105    0    0  (Gen:  0)
 23495624      4520  44741720  0.000  0.000 4103.672  600.134    0    0  (Gen:  0)
 21494440      4096  44741712  0.000  0.000 4103.875  600.161    0    0  (Gen:  0)
 23455264      3624  44741592  0.000  0.000 4104.047  600.191    0    0  (Gen:  0)
 24156296      3968  44742384  0.000  0.000 4104.234  600.221    0    0  (Gen:  0)
 22207776      4976  44743776  0.000  0.000 4104.406  600.249    0    0  (Gen:  0)
 24508768      4704  44743920  0.000  0.000 4104.531  600.280    0    0  (Gen:  0)
 21614584      4560  44744224  0.000  0.000 4104.625  600.307    0    0  (Gen:  0)
 23081192      5464  44745448  0.000  0.000 4104.844  600.335    0    0  (Gen:  0)
 23145136      4064  44744528  0.000  0.000 4105.031  600.363    0    0  (Gen:  0)
 22581288      4320  44745136  0.000  0.000 4105.250  600.392    0    0  (Gen:  0)
 24752472      4000  44745168  0.000  0.000 4105.469  600.423    0    0  (Gen:  0)
 23229000      4080  44745792  0.000  0.000 4105.625  600.452    0    0  (Gen:  0)
 23602176      3848  44745912  0.000  0.000 4105.734  600.480    0    0  (Gen:  0)
 23287792      5176  44747656  0.000  0.000 4105.922  600.507    0    0  (Gen:  0)
 20857304      4400  44747360  0.000  0.000 4106.078  600.533    0    0  (Gen:  0)
 24771264      3736  44747176  0.000  0.000 4106.297  600.565    0    0  (Gen:  0)
 25493080  37286048  44699904  0.016  0.020 4106.531  600.617    0    0  (Gen:  1)
 24645032      3888  44699824  0.000  0.000 4106.750  600.648    0    0  (Gen:  0)
 18484624      3736  44700088  0.000  0.003 4106.828  600.681    0    0  (Gen:  0)
 17023512      4000  44700704  0.000  0.000 4106.906  600.706    0    0  (Gen:  0)
 21596544      3392  44700496  0.000  0.000 4107.016  600.732    0    0  (Gen:  0)
 16731432      4040  44701640  0.000  0.000 4107.156  600.753    0    0  (Gen:  0)
 22690496      4312  44702232  0.000  0.000 4107.312  600.781    0    0  (Gen:  0)
 21665744      4240  44702656  0.000  0.000 4107.344  600.808    0    0  (Gen:  0)
 21224912      3904  44702672  0.000  0.000 4107.547  600.834    0    0  (Gen:  0)
 23149256      3672  44702824  0.000  0.000 4107.766  600.863    0    0  (Gen:  0)
 26263704      4024  44703560  0.000  0.000 4107.984  600.896    0    0  (Gen:  0)
 23329352      4152  44704232  0.000  0.000 4108.203  600.925    0    0  (Gen:  0)
 23193512      4456  44704920  0.078  0.000 4108.391  600.951    0    0  (Gen:  0)
 23325856      4816  44705792  0.000  0.000 4108.500  600.981    0    0  (Gen:  0)
 25321320      3912  44705272  0.000  0.000 4108.719  601.013    0    0  (Gen:  0)
 20856584      4784  44706688  0.000  0.000 4108.844  601.038    0    0  (Gen:  0)
 22255608      4576  44706864  0.000  0.000 4109.047  601.064    0    0  (Gen:  0)
 25166504      4936  44707784  0.000  0.000 4109.266  601.095    0    0  (Gen:  0)
 22654088      5112  44708472  0.000  0.000 4109.484  601.124    0    0  (Gen:  0)
 26081024      4096  44707904  0.000  0.000 4109.594  601.154    0    0  (Gen:  0)
 24806880      4568  44708952  0.000  0.000 4109.703  601.184    0    0  (Gen:  0)
 23042424      3576  44708408  0.000  0.000 4109.922  601.212    0    0  (Gen:  0)
 17777496      3816  44709160  0.000  0.000 4110.031  601.232    0    0  (Gen:  0)
 21267664      4368  44710992  0.000  0.000 4110.234  601.259    0    0  (Gen:  0)
 22835680      4504  44711688  0.000  0.000 4110.422  601.287    0    0  (Gen:  0)
 23661336      4512  44712080  0.000  0.000 4110.641  601.317    0    0  (Gen:  0)
 26219632      3832  44711784  0.000  0.000 4110.859  601.351    0    0  (Gen:  0)
 23631232      3880  44712248  0.000  0.000 4111.078  601.381    0    0  (Gen:  0)
 22606768      3240  44712024  0.000  0.000 4111.141  601.408    0    0  (Gen:  0)
 22823104      4016  44713248  0.000  0.000 4111.250  601.435    0    0  (Gen:  0)
 24243904      3240  44712856  0.000  0.000 4111.453  601.465    0    0  (Gen:  0)
 24096416      3880  44713944  0.000  0.000 4111.656  601.496    0    0  (Gen:  0)
 24178616  37239104  44652960  0.078  0.020 4111.875  601.545    0    0  (Gen:  1)
 22906520      6376  44655304  0.000  0.000 4111.984  601.573    0    0  (Gen:  0)
 23531424      3760  44653072  0.000  0.000 4112.203  601.603    0    0  (Gen:  0)
 25162064      4136  44653896  0.000  0.000 4112.422  601.635    0    0  (Gen:  0)
 21959856      3976  44654120  0.000  0.000 4112.609  601.663    0    0  (Gen:  0)
 21736712      4696  44655256  0.000  0.000 4112.828  601.691    0    0  (Gen:  0)
 19617312      3400  44654312  0.000  0.017 4112.922  601.739    0    0  (Gen:  0)
 15525992      3792  44655120  0.000  0.000 4113.000  601.759    0    0  (Gen:  0)
 19641296      4200  44655992  0.000  0.000 4113.109  601.784    0    0  (Gen:  0)
 19740952      3808  44656064  0.000  0.000 4113.172  601.810    0    0  (Gen:  0)
 21358208      3520  44656272  0.000  0.000 4113.344  601.837    0    0  (Gen:  0)
 22979792      3936  44657168  0.000  0.000 4113.531  601.865    0    0  (Gen:  0)
 23944480      4384  44658064  0.000  0.000 4113.703  601.896    0    0  (Gen:  0)
 23291024      4296  44658360  0.000  0.000 4113.922  601.925    0    0  (Gen:  0)
 25129032      4776  44659320  0.000  0.000 4114.094  601.957    0    0  (Gen:  0)
 24529240      3368  44658424  0.000  0.000 4114.297  601.986    0    0  (Gen:  0)
 23873544      4616  44660056  0.000  0.000 4114.484  602.016    0    0  (Gen:  0)
 23202752      3536  44659424  0.031  0.000 4114.578  602.045    0    0  (Gen:  0)
 23143944      3944  44660312  0.000  0.000 4114.688  602.073    0    0  (Gen:  0)
 21987320      4352  44661200  0.000  0.000 4114.906  602.100    0    0  (Gen:  0)
 24469160      3680  44660880  0.000  0.000 4115.125  602.130    0    0  (Gen:  0)
 26086192      3872  44661552  0.000  0.000 4115.328  602.163    0    0  (Gen:  0)
 24571816      4016  44662176  0.000  0.000 4115.547  602.193    0    0  (Gen:  0)
 22058416      3808  44662480  0.000  0.000 4115.750  602.220    0    0  (Gen:  0)
 23272128      3840  44662896  0.000  0.000 4115.938  602.249    0    0  (Gen:  0)
 21837720      4616  44664088  0.000  0.000 4116.016  602.276    0    0  (Gen:  0)
 22696160      4856  44664712  0.000  0.000 4116.219  602.303    0    0  (Gen:  0)
 24985872      4096  44664368  0.000  0.000 4116.438  602.334    0    0  (Gen:  0)
 24006120      3784  44664504  0.000  0.000 4116.641  602.362    0    0  (Gen:  0)
 25117360      4840  44666008  0.000  0.000 4116.812  602.393    0    0  (Gen:  0)
 25100544      5112  44666760  0.000  0.000 4117.000  602.425    0    0  (Gen:  0)
 24937968      4704  44666672  0.000  0.000 4117.188  602.455    0    0  (Gen:  0)
 22178824      5048  44667464  0.000  0.000 4117.281  602.482    0    0  (Gen:  0)
 22062648      3640  44666440  0.000  0.000 4117.484  602.510    0    0  (Gen:  0)
 21970440  37192328  44606184  0.016  0.019 4117.656  602.555    0    0  (Gen:  1)
 22895912      4256  44606488  0.000  0.000 4117.875  602.582    0    0  (Gen:  0)
 24629280      4432  44607784  0.000  0.000 4118.078  602.614    0    0  (Gen:  0)
 18416848      5128  44609024  0.000  0.000 4118.188  602.635    0    0  (Gen:  0)
 22991392      3928  44608944  0.000  0.000 4118.406  602.663    0    0  (Gen:  0)
 25841120      3888  44609672  0.000  0.000 4118.578  602.696    0    0  (Gen:  0)
 22881320      3448  44609808  0.000  0.000 4118.797  602.724    0    0  (Gen:  0)
 21162472      3888  44610728  0.000  0.000 4118.984  602.750    0    0  (Gen:  0)
 24383416      3656  44611008  0.000  0.000 4119.141  602.780    0    0  (Gen:  0)
 26029960      4224  44612088  0.000  0.000 4119.344  602.813    0    0  (Gen:  0)
 25611576      4184  44612560  0.000  0.000 4119.562  602.844    0    0  (Gen:  0)
 22513168      4184  44613072  0.000  0.000 4119.672  602.872    0    0  (Gen:  0)
 22573144      4776  44614144  0.000  0.000 4119.891  602.900    0    0  (Gen:  0)
 23069368      3592  44613440  0.000  0.000 4120.078  602.927    0    0  (Gen:  0)
 21506360      4128  44614424  0.000  0.000 4120.219  602.953    0    0  (Gen:  0)
 22709192      4112  44614824  0.000  0.000 4120.297  602.981    0    0  (Gen:  0)
 25602368      4536  44615696  0.000  0.000 4120.453  603.012    0    0  (Gen:  0)
 22505824      3480  44615120  0.000  0.000 4120.656  603.040    0    0  (Gen:  0)
 23838008      4960  44617080  0.000  0.000 4120.875  603.068    0    0  (Gen:  0)
 22388704      4728  44617360  0.000  0.007 4121.016  603.109    0    0  (Gen:  0)
 16926120      4776  44617888  0.000  0.000 4121.047  603.138    0    0  (Gen:  0)
 19042136      3640  44617136  0.000  0.000 4121.234  603.161    0    0  (Gen:  0)
 14106800      4368  44618376  0.000  0.000 4121.297  603.178    0    0  (Gen:  0)
 24995600      5464  44620080  0.000  0.000 4121.516  603.209    0    0  (Gen:  0)
 22907256      3928  44619976  0.000  0.000 4121.734  603.238    0    0  (Gen:  0)
 21672888      3656  44620024  0.000  0.000 4121.875  603.264    0    0  (Gen:  0)
 24501696      4384  44621136  0.000  0.000 4121.953  603.295    0    0  (Gen:  0)
 24671440      4024  44621128  0.000  0.000 4122.078  603.325    0    0  (Gen:  0)
 25446928      4648  44622200  0.000  0.000 4122.297  603.357    0    0  (Gen:  0)
 21877608      3152  44621088  0.000  0.000 4122.484  603.384    0    0  (Gen:  0)
 21719896      4168  44622456  0.000  0.000 4122.609  603.413    0    0  (Gen:  0)
 22730816      4296  44622936  0.000  0.000 4122.812  603.441    0    0  (Gen:  0)
 22331288  37141224  44555080  0.016  0.019 4123.016  603.487    0    0  (Gen:  1)
 24732400      3384  44555488  0.000  0.000 4123.109  603.518    0    0  (Gen:  0)
 22039424      3520  44556040  0.000  0.000 4123.266  603.546    0    0  (Gen:  0)
 23312320      5824  44558632  0.000  0.000 4123.375  603.575    0    0  (Gen:  0)
 24777160      5304  44558464  0.000  0.000 4123.594  603.606    0    0  (Gen:  0)
 23670856      5088  44558664  0.000  0.000 4123.812  603.636    0    0  (Gen:  0)
 25442896      4584  44558544  0.000  0.000 4124.031  603.667    0    0  (Gen:  0)
 23100144      4008  44558320  0.000  0.000 4124.219  603.696    0    0  (Gen:  0)
 23602648      3896  44558592  0.000  0.000 4124.438  603.725    0    0  (Gen:  0)
 24659128      4160  44559304  0.000  0.000 4124.656  603.755    0    0  (Gen:  0)
 24084984      4600  44560320  0.000  0.000 4124.844  603.785    0    0  (Gen:  0)
 26029688      4312  44561312  0.000  0.000 4125.062  603.817    0    0  (Gen:  0)
 23157264      3912  44561392  0.000  0.000 4125.266  603.847    0    0  (Gen:  0)
 22255912      3792  44561656  0.000  0.000 4125.484  603.875    0    0  (Gen:  0)
 23891400      3728  44561944  0.000  0.000 4125.688  603.905    0    0  (Gen:  0)
 23564176      4992  44563656  0.000  0.000 4125.781  603.935    0    0  (Gen:  0)
 24581072      3608  44562688  0.000  0.000 4126.078  603.967    0    0  (Gen:  0)
 25706048      4216  44563648  0.000  0.000 4126.297  603.999    0    0  (Gen:  0)
 24644648      5792  44565672  0.016  0.000 4126.406  604.030    0    0  (Gen:  0)
 21550520      3632  44563896  0.000  0.000 4126.500  604.057    0    0  (Gen:  0)
 24999552      3856  44564504  0.000  0.000 4126.703  604.089    0    0  (Gen:  0)
 23682552      3792  44564856  0.000  0.000 4126.922  604.119    0    0  (Gen:  0)
 23117808      4384  44565896  0.000  0.000 4127.125  604.148    0    0  (Gen:  0)
 21318800      4360  44566224  0.000  0.000 4127.312  604.174    0    0  (Gen:  0)
 23870080      5344  44567656  0.000  0.000 4127.531  604.204    0    0  (Gen:  0)
 22772144      3992  44566736  0.000  0.000 4127.750  604.233    0    0  (Gen:  0)
 25869168      4720  44567848  0.000  0.000 4127.875  604.266    0    0  (Gen:  0)
 25642320      4376  44567984  0.000  0.000 4128.047  604.298    0    0  (Gen:  0)
 21363176      4472  44568528  0.000  0.000 4128.156  604.326    0    0  (Gen:  0)
 24832864  37100672  44514528  0.016  0.019 4128.500  604.376    0    0  (Gen:  1)
 24713976      3640  44514816  0.000  0.000 4128.703  604.408    0    0  (Gen:  0)
 25839496      4032  44515624  0.000  0.000 4128.922  604.440    0    0  (Gen:  0)
 24324136      4640  44516712  0.000  0.000 4129.094  604.471    0    0  (Gen:  0)
 20804512      4616  44517200  0.000  0.003 4129.172  604.503    0    0  (Gen:  0)
 12530064      5352  44518416  0.000  0.000 4129.250  604.530    0    0  (Gen:  0)
 20262336      3856  44517432  0.000  0.000 4129.328  604.554    0    0  (Gen:  0)
 18507784      4096  44518120  0.000  0.000 4129.484  604.579    0    0  (Gen:  0)
 24910488      5264  44519752  0.000  0.000 4129.703  604.609    0    0  (Gen:  0)
 24895896      5248  44520248  0.000  0.000 4129.906  604.641    0    0  (Gen:  0)
 23796464      4176  44519736  0.047  0.000 4130.062  604.670    0    0  (Gen:  0)
 22608112      4120  44520064  0.000  0.000 4130.125  604.697    0    0  (Gen:  0)
 24385040      3864  44520320  0.000  0.000 4130.219  604.726    0    0  (Gen:  0)
 23638696      3600  44520472  0.000  0.000 4130.406  604.755    0    0  (Gen:  0)
 24375000      4248  44521632  0.000  0.000 4130.578  604.785    0    0  (Gen:  0)
 22602592      5368  44556024  0.000  0.000 4130.766  604.811    0    0  (Gen:  0)
 23258496      5736  44524080  0.000  0.000 4130.875  604.840    0    0  (Gen:  0)
 23573072      4560  44556080  0.000  0.000 4131.094  604.868    0    0  (Gen:  0)
 24918800      4288  44589080  0.000  0.000 4131.312  604.898    0    0  (Gen:  0)
 25416112      4552  44589888  0.000  0.000 4131.500  604.928    0    0  (Gen:  0)
 23255480      4912  44558096  0.000  0.000 4131.719  604.954    0    0  (Gen:  0)
 24341984      4936  44591392  0.000  0.000 4131.891  604.983    0    0  (Gen:  0)
 24416472      4480  44591416  0.000  0.000 4132.000  605.011    0    0  (Gen:  0)
 26951088      4648  44592488  0.000  0.000 4132.141  605.042    0    0  (Gen:  0)
 24030800      4248  44593272  0.000  0.000 4132.281  605.069    0    0  (Gen:  0)
 21306448      4816  44594352  0.000  0.000 4132.406  605.094    0    0  (Gen:  0)
 25024240      5376  44595296  0.000  0.000 4132.625  605.124    0    0  (Gen:  0)
 24915120      4704  44595072  0.000  0.000 4132.734  605.152    0    0  (Gen:  0)
 26359608      5472  44596256  0.000  0.000 4132.891  605.184    0    0  (Gen:  0)
 22771448      4624  44595856  0.000  0.000 4133.109  605.211    0    0  (Gen:  0)
 22383440      4848  44596528  0.000  0.000 4133.297  605.240    0    0  (Gen:  0)
 25890824      4256  44596320  0.000  0.000 4133.516  605.271    0    0  (Gen:  0)
 23437416      5112  44597672  0.000  0.000 4133.734  605.298    0    0  (Gen:  0)
 25176512      4440  44597992  0.000  0.000 4133.953  605.329    0    0  (Gen:  0)
 16728696  37044240  44523632  0.062  0.019 4134.125  605.369    0    0  (Gen:  1)
 22506328      3528  44524240  0.000  0.000 4134.344  605.398    0    0  (Gen:  0)
 23902096      4416  44525512  0.000  0.000 4134.531  605.429    0    0  (Gen:  0)
 24908648      4120  44525680  0.000  0.000 4134.703  605.460    0    0  (Gen:  0)
 26652128      4416  44526328  0.000  0.000 4134.922  605.493    0    0  (Gen:  0)
 23756440      6152  44528512  0.000  0.000 4135.125  605.523    0    0  (Gen:  0)
 25764632      5352  44528064  0.000  0.000 4135.297  605.556    0    0  (Gen:  0)
 25688952      4536  44560504  0.000  0.000 4135.500  605.588    0    0  (Gen:  0)
 24956040      4800  44528424  0.000  0.000 4135.703  605.619    0    0  (Gen:  0)
 21738664      4528  44528440  0.000  0.000 4135.922  605.646    0    0  (Gen:  0)
 25100584      5104  44562160  0.000  0.000 4136.094  605.678    0    0  (Gen:  0)
 24896656      3696  44528392  0.000  0.000 4136.203  605.710    0    0  (Gen:  0)
 21455904      4360  44562104  0.000  0.000 4136.422  605.736    0    0  (Gen:  0)
 24791120      4112  44562176  0.000  0.000 4136.578  605.768    0    0  (Gen:  0)
 26426488      4544  44562928  0.000  0.000 4136.734  605.801    0    0  (Gen:  0)
 22390104      5536  44564304  0.000  0.002 4136.906  605.831    0    0  (Gen:  0)
 15496464      4088  44563208  0.000  0.000 4136.953  605.862    0    0  (Gen:  0)
 23436872      4568  44564056  0.000  0.000 4137.156  605.893    0    0  (Gen:  0)
 18414912      3504  44563392  0.000  0.000 4137.219  605.918    0    0  (Gen:  0)
 24174200      4136  44564360  0.000  0.000 4137.391  605.947    0    0  (Gen:  0)
 23657904      5040  44565616  0.000  0.000 4137.609  605.977    0    0  (Gen:  0)
 24323216      4032  44564960  0.000  0.000 4137.766  606.008    0    0  (Gen:  0)
 22608928      3560  44564888  0.000  0.000 4137.922  606.036    0    0  (Gen:  0)
 24966280      3912  44565592  0.000  0.000 4138.141  606.068    0    0  (Gen:  0)
 24939536      5912  44567976  0.000  0.000 4138.359  606.099    0    0  (Gen:  0)
 23351384      5664  44568048  0.000  0.000 4138.578  606.128    0    0  (Gen:  0)
 17723768      4456  44567160  0.000  0.001 4138.672  606.149    0    0  (Gen:  0)
 21652480      4152  44568048  0.000  0.000 4138.891  606.176    0    0  (Gen:  0)
 25113888      3920  44568376  0.000  0.000 4139.062  606.207    0    0  (Gen:  0)
 25913616      4352  44569128  0.000  0.000 4139.266  606.241    0    0  (Gen:  0)
 24836560      3792  44568920  0.000  0.000 4139.484  606.272    0    0  (Gen:  0)
 24593368  37007576  44519736  0.109  0.022 4139.781  606.325    0    0  (Gen:  1)
 24548024      4768  44521072  0.000  0.000 4140.000  606.356    0    0  (Gen:  0)
 23325320      3496  44520152  0.000  0.000 4140.219  606.386    0    0  (Gen:  0)
 24305448      3768  44520744  0.000  0.000 4140.438  606.417    0    0  (Gen:  0)
 26364808      5160  44555312  0.000  0.000 4140.578  606.450    0    0  (Gen:  0)
 22292992      4800  44555336  0.000  0.000 4140.766  606.480    0    0  (Gen:  0)
 24341232      3848  44554704  0.000  0.000 4140.922  606.510    0    0  (Gen:  0)
 24805136      3952  44555304  0.000  0.000 4141.125  606.541    0    0  (Gen:  0)
 21699848      4336  44556008  0.000  0.000 4141.312  606.569    0    0  (Gen:  0)
 22049984      3120  44555112  0.000  0.000 4141.438  606.594    0    0  (Gen:  0)
 21932456      4920  44557296  0.000  0.000 4141.547  606.621    0    0  (Gen:  0)
 23027312      4896  44557560  0.000  0.000 4141.719  606.650    0    0  (Gen:  0)
 25379152      4344  44557328  0.000  0.000 4141.922  606.682    0    0  (Gen:  0)
 24318448      4416  44557784  0.000  0.000 4142.109  606.713    0    0  (Gen:  0)
 23782240      4544  44558232  0.000  0.000 4142.266  606.743    0    0  (Gen:  0)
 22156696      3120  44557160  0.000  0.000 4142.438  606.771    0    0  (Gen:  0)
 23215512      3360  44557720  0.000  0.000 4142.578  606.799    0    0  (Gen:  0)
 24445512      4040  44558728  0.000  0.000 4142.797  606.831    0    0  (Gen:  0)
 22476728      4248  44559320  0.000  0.000 4143.016  606.859    0    0  (Gen:  0)
 21893520      5400  44560728  0.000  0.000 4143.125  606.886    0    0  (Gen:  0)
 21980496      4592  44560208  0.000  0.000 4143.297  606.933    0    0  (Gen:  0)
 19031768      4600  44560568  0.000  0.000 4143.375  606.960    0    0  (Gen:  0)
 19659656      4344  44560680  0.000  0.000 4143.578  606.985    0    0  (Gen:  0)
 22077120      4848  44561504  0.000  0.000 4143.688  607.013    0    0  (Gen:  0)
 24114272      6000  44562960  0.000  0.000 4143.844  607.044    0    0  (Gen:  0)
 18168608      4968  44562344  0.000  0.000 4143.984  607.065    0    0  (Gen:  0)
 22726000      5680  44563408  0.000  0.000 4144.172  607.093    0    0  (Gen:  0)
 25195312      5112  44563336  0.000  0.000 4144.391  607.124    0    0  (Gen:  0)
 25121160      5200  44563792  0.000  0.000 4144.594  607.155    0    0  (Gen:  0)
 24227856      5752  44564728  0.000  0.000 4144.703  607.186    0    0  (Gen:  0)
 24599296  36978248  44523176  0.031  0.024 4144.938  607.241    0    0  (Gen:  1)
 23581736      4016  44521560  0.000  0.000 4145.078  607.270    0    0  (Gen:  0)
 23834744      4496  44522360  0.000  0.000 4145.266  607.299    0    0  (Gen:  0)
 23629824      5320  44523536  0.000  0.000 4145.453  607.328    0    0  (Gen:  0)
 22357560      5136  44523736  0.000  0.000 4145.562  607.356    0    0  (Gen:  0)
 24543304      5544  44524512  0.000  0.000 4145.719  607.385    0    0  (Gen:  0)
 22273040      4208  44523592  0.000  0.000 4145.875  607.414    0    0  (Gen:  0)
 24955136      5792  44525560  0.000  0.000 4146.062  607.445    0    0  (Gen:  0)
 21575792      4088  44524272  0.000  0.000 4146.281  607.471    0    0  (Gen:  0)
 22687504      3832  44524480  0.000  0.000 4146.453  607.501    0    0  (Gen:  0)
 26070816      4000  44525000  0.000  0.000 4146.594  607.533    0    0  (Gen:  0)
 22596104      4408  44525856  0.000  0.000 4146.797  607.562    0    0  (Gen:  0)
 23269368      4584  44526352  0.000  0.000 4146.906  607.591    0    0  (Gen:  0)
 24188360      4752  44526904  0.000  0.000 4147.125  607.621    0    0  (Gen:  0)
 24732976      4672  44527240  0.000  0.000 4147.328  607.651    0    0  (Gen:  0)
 23269616      4592  44527512  0.000  0.000 4147.500  607.680    0    0  (Gen:  0)
 25163064      4944  44528280  0.000  0.000 4147.719  607.711    0    0  (Gen:  0)
 22437136      4680  44528496  0.000  0.000 4147.891  607.739    0    0  (Gen:  0)
 23478952      3472  44527608  0.000  0.000 4148.094  607.768    0    0  (Gen:  0)
 23797648      4400  44528952  0.000  0.000 4148.281  607.799    0    0  (Gen:  0)
 23686040      4056  44529088  0.000  0.000 4148.438  607.829    0    0  (Gen:  0)
 22714416      4328  44529648  0.000  0.000 4148.547  607.856    0    0  (Gen:  0)
 24306872      5952  44531656  0.000  0.000 4148.766  607.888    0    0  (Gen:  0)
 22750808      4608  44530696  0.000  0.000 4148.984  607.917    0    0  (Gen:  0)
 24645984      5448  44531888  0.000  0.000 4149.172  607.948    0    0  (Gen:  0)
 16307232      3792  44530680  0.000  0.000 4149.359  607.968    0    0  (Gen:  0)
 21653536      4480  44531688  0.000  0.001 4149.438  608.028    0    0  (Gen:  0)
 24151376      4344  44532000  0.000  0.000 4149.594  608.058    0    0  (Gen:  0)
 17971984      3720  44531792  0.000  0.000 4149.703  608.083    0    0  (Gen:  0)
 19276888      4432  44532920  0.000  0.000 4149.812  608.107    0    0  (Gen:  0)
 19104960      3744  44532648  0.000  0.000 4150.000  608.130    0    0  (Gen:  0)
 20962416      3960  44533248  0.000  0.000 4150.203  608.156    0    0  (Gen:  0)
 22422584  36938752  44483680  0.125  0.019 4150.422  608.203    0    0  (Gen:  1)
 23655096      3816  44483056  0.000  0.000 4150.500  608.232    0    0  (Gen:  0)
 24105448      3704  44483360  0.000  0.000 4150.703  608.262    0    0  (Gen:  0)
 24045352      3704  44483840  0.000  0.000 4150.906  608.291    0    0  (Gen:  0)
 21916736      4040  44484560  0.000  0.000 4151.078  608.319    0    0  (Gen:  0)
 20980936      4328  44485296  0.000  0.000 4151.297  608.345    0    0  (Gen:  0)
 26404824      4944  44486264  0.000  0.000 4151.516  608.377    0    0  (Gen:  0)
 24402560      3888  44485720  0.000  0.000 4151.734  608.407    0    0  (Gen:  0)
 25592280      4264  44486512  0.000  0.000 4151.844  608.439    0    0  (Gen:  0)
 22062864      3680  44486408  0.000  0.000 4151.922  608.465    0    0  (Gen:  0)
 21750088      3648  44486888  0.000  0.000 4152.125  608.492    0    0  (Gen:  0)
 21315744      4424  44488160  0.000  0.000 4152.266  608.518    0    0  (Gen:  0)
 25843360      4432  44488520  0.000  0.000 4152.453  608.550    0    0  (Gen:  0)
 23659592      5136  44490216  0.000  0.000 4152.641  608.578    0    0  (Gen:  0)
 23626320      3912  44490016  0.000  0.000 4152.719  608.607    0    0  (Gen:  0)
 19946464      3768  44490384  0.000  0.001 4152.859  608.631    0    0  (Gen:  0)
 25742064      3784  44490832  0.000  0.000 4152.938  608.663    0    0  (Gen:  0)
 23177592      4520  44492080  0.000  0.000 4153.094  608.691    0    0  (Gen:  0)
 21538064      3976  44492016  0.000  0.000 4153.297  608.717    0    0  (Gen:  0)
 26215576      3784  44492272  0.000  0.000 4153.516  608.750    0    0  (Gen:  0)
 24267552      4704  44493656  0.000  0.000 4153.688  608.781    0    0  (Gen:  0)
 24079008      4816  44494088  0.000  0.000 4153.828  608.811    0    0  (Gen:  0)
 24667192      4624  44494312  0.000  0.000 4153.938  608.842    0    0  (Gen:  0)
 26078392      3888  44493960  0.000  0.000 4154.266  608.874    0    0  (Gen:  0)
 23517224      3624  44494144  0.000  0.000 4154.375  608.904    0    0  (Gen:  0)
 22359936      3368  44494304  0.000  0.028 4154.578  608.962    0    0  (Gen:  0)
 23872800      4288  44495576  0.000  0.000 4154.797  608.990    0    0  (Gen:  0)
 19835432      4128  44495800  0.000  0.000 4154.953  609.016    0    0  (Gen:  0)
 23794544      3928  44495984  0.000  0.000 4155.141  609.046    0    0  (Gen:  0)
 25033336      4960  44497432  0.000  0.000 4155.250  609.076    0    0  (Gen:  0)
 21968864      3536  44496424  0.000  0.000 4155.438  609.103    0    0  (Gen:  0)
 23023048      3624  44496928  0.000  0.000 4155.656  609.132    0    0  (Gen:  0)
 24558496  36890712  44435640  0.125  0.020 4156.000  609.183    0    0  (Gen:  1)
 23629112      4768  44436744  0.000  0.000 4156.141  609.213    0    0  (Gen:  0)
 24366288      4040  44436464  0.000  0.000 4156.344  609.244    0    0  (Gen:  0)
 23992776      4176  44437048  0.000  0.000 4156.547  609.273    0    0  (Gen:  0)
 25204960      4600  44437888  0.000  0.000 4156.750  609.304    0    0  (Gen:  0)
 23519672      4176  44437944  0.000  0.000 4156.969  609.332    0    0  (Gen:  0)
 23591048      3584  44437800  0.000  0.000 4157.188  609.361    0    0  (Gen:  0)
 24870680      4320  44438984  0.000  0.000 4157.375  609.392    0    0  (Gen:  0)
 24223272      4136  44439280  0.000  0.000 4157.578  609.421    0    0  (Gen:  0)
 24041288      4856  44440416  0.000  0.000 4157.625  609.451    0    0  (Gen:  0)
 22914744      3008  44439048  0.000  0.000 4157.844  609.480    0    0  (Gen:  0)
 24743608      5064  44441456  0.000  0.000 4158.062  609.511    0    0  (Gen:  0)
 24097048      3624  44440432  0.000  0.000 4158.250  609.540    0    0  (Gen:  0)
 22981896      3616  44440968  0.000  0.000 4158.469  609.569    0    0  (Gen:  0)
 25254432      3936  44441640  0.000  0.000 4158.688  609.601    0    0  (Gen:  0)
 23952608      5256  44443376  0.000  0.000 4158.906  609.630    0    0  (Gen:  0)
 21383416      3896  44442464  0.000  0.000 4159.031  609.656    0    0  (Gen:  0)
 25694392      4944  44443944  0.000  0.000 4159.250  609.688    0    0  (Gen:  0)
 21229472      4848  44444328  0.000  0.000 4159.359  609.713    0    0  (Gen:  0)
 23275832      4600  44444496  0.000  0.000 4159.562  609.742    0    0  (Gen:  0)
 23208344      4368  44444648  0.000  0.000 4159.734  609.771    0    0  (Gen:  0)
 24950528      4056  44444816  0.000  0.000 4159.938  609.802    0    0  (Gen:  0)
 23539752      3992  44445200  0.000  0.000 4160.156  609.832    0    0  (Gen:  0)
 25323648      4952  44446512  0.000  0.000 4160.344  609.863    0    0  (Gen:  0)
 23616472      4944  44447048  0.000  0.000 4160.516  609.890    0    0  (Gen:  0)
 26319224      5304  44448688  0.000  0.000 4160.688  609.923    0    0  (Gen:  0)
 24078832      4424  44448416  0.000  0.000 4160.797  609.951    0    0  (Gen:  0)
 18094624      4464  44449384  0.000  0.020 4160.906  610.010    0    0  (Gen:  0)
 19672120      3912  44449920  0.000  0.000 4161.031  610.035    0    0  (Gen:  0)
 19117408      3648  44450072  0.000  0.000 4161.109  610.059    0    0  (Gen:  0)
 18155200      3664  44450536  0.000  0.000 4161.281  610.083    0    0  (Gen:  0)
 24049984      3632  44450856  0.000  0.000 4161.500  610.113    0    0  (Gen:  0)
 20063656  36838464  44383392  0.109  0.020 4161.719  610.157    0    0  (Gen:  1)
 22711808      4656  44384600  0.000  0.000 4161.828  610.185    0    0  (Gen:  0)
 24884264      4432  44384792  0.000  0.000 4161.938  610.216    0    0  (Gen:  0)
 23758704      3920  44384920  0.000  0.000 4162.141  610.246    0    0  (Gen:  0)
 24915224      3696  44385048  0.000  0.000 4162.281  610.276    0    0  (Gen:  0)
 25402872      3656  44385552  0.000  0.000 4162.438  610.307    0    0  (Gen:  0)
 24694760      4328  44386768  0.000  0.000 4162.656  610.338    0    0  (Gen:  0)
 20683192      5328  44388280  0.000  0.000 4162.875  610.363    0    0  (Gen:  0)
 24975432      3760  44387192  0.000  0.000 4163.094  610.393    0    0  (Gen:  0)
 27614824      4104  44388080  0.000  0.000 4163.312  610.426    0    0  (Gen:  0)
 22753352      5040  44389656  0.000  0.000 4163.531  610.453    0    0  (Gen:  0)
 22081480      4608  44389736  0.000  0.000 4163.641  610.481    0    0  (Gen:  0)
 23636104      4248  44389760  0.000  0.000 4163.859  610.510    0    0  (Gen:  0)
 24848808      6352  44392216  0.000  0.000 4164.047  610.541    0    0  (Gen:  0)
 24205112      5592  44391808  0.000  0.000 4164.266  610.571    0    0  (Gen:  0)
 21891856      4632  44391296  0.000  0.000 4164.469  610.599    0    0  (Gen:  0)
 22576464      4536  44391520  0.000  0.000 4164.641  610.627    0    0  (Gen:  0)
 24135016      4152  44391520  0.000  0.000 4164.859  610.656    0    0  (Gen:  0)
 22494184      3872  44391592  0.000  0.000 4164.969  610.684    0    0  (Gen:  0)
 23421800      3872  44391944  0.000  0.000 4165.141  610.713    0    0  (Gen:  0)
 24723280      5032  44393392  0.000  0.000 4165.328  610.745    0    0  (Gen:  0)
 21979256      4040  44392784  0.000  0.000 4165.531  610.772    0    0  (Gen:  0)
 21255544      3768  44392896  0.000  0.000 4165.656  610.798    0    0  (Gen:  0)
 22167376      4120  44393568  0.000  0.000 4165.766  610.825    0    0  (Gen:  0)
 20861640      4232  44394064  0.000  0.000 4165.984  610.851    0    0  (Gen:  0)
 23750352      4176  44394360  0.000  0.000 4166.203  610.880    0    0  (Gen:  0)
 25650576      3736  44394336  0.000  0.000 4166.422  610.911    0    0  (Gen:  0)
 20011320      4280  44395296  0.000  0.000 4166.609  610.935    0    0  (Gen:  0)
 25320472      3992  44395360  0.000  0.000 4166.812  610.967    0    0  (Gen:  0)
 27935488  36799800  44344728  0.016  0.020 4167.031  611.022    0    0  (Gen:  1)
 21700568      4472  44344480  0.000  0.001 4167.203  611.069    0    0  (Gen:  0)
 11543088      4688  44345016  0.000  0.000 4167.234  611.091    0    0  (Gen:  0)
 20572312      4136  44344880  0.000  0.000 4167.438  611.118    0    0  (Gen:  0)
 22441000      4656  44345912  0.000  0.000 4167.625  611.148    0    0  (Gen:  0)
 20884504      4576  44346216  0.000  0.000 4167.828  611.173    0    0  (Gen:  0)
 20199744      5056  44347048  0.000  0.000 4167.906  611.199    0    0  (Gen:  0)
 23796176      4648  44347056  0.000  0.000 4168.125  611.228    0    0  (Gen:  0)
 22466384      3632  44346440  0.000  0.000 4168.344  611.256    0    0  (Gen:  0)
 25736584      4720  44347912  0.000  0.000 4168.500  611.287    0    0  (Gen:  0)
 23604960      4888  44348496  0.000  0.000 4168.719  611.317    0    0  (Gen:  0)
 22679656      4816  44348808  0.000  0.000 4168.891  611.346    0    0  (Gen:  0)
 19943808      3456  44347832  0.000  0.000 4168.969  611.370    0    0  (Gen:  0)
 23930600      4488  44349216  0.000  0.000 4169.188  611.400    0    0  (Gen:  0)
 25853928      4392  44349616  0.000  0.000 4169.359  611.432    0    0  (Gen:  0)
 24400072      5088  44350760  0.000  0.000 4169.484  611.463    0    0  (Gen:  0)
 22705064      4504  44350528  0.000  0.000 4169.703  611.491    0    0  (Gen:  0)
 24963904      4664  44351136  0.000  0.000 4169.828  611.523    0    0  (Gen:  0)
 21113880      3864  44350800  0.000  0.000 4170.031  611.549    0    0  (Gen:  0)
 24793056      5096  44352384  0.000  0.000 4170.234  611.580    0    0  (Gen:  0)
 25443128      4064  44351704  0.000  0.000 4170.453  611.610    0    0  (Gen:  0)
 21972560      4784  44352840  0.000  0.000 4170.562  611.637    0    0  (Gen:  0)
 21521792      4544  44352952  0.000  0.000 4170.750  611.663    0    0  (Gen:  0)
 21753928      4408  44353232  0.000  0.000 4170.891  611.690    0    0  (Gen:  0)
 25263944      4472  44353648  0.000  0.000 4171.094  611.721    0    0  (Gen:  0)
 24440864      5576  44355168  0.000  0.000 4171.312  611.750    0    0  (Gen:  0)
 22915704      4568  44354640  0.000  0.000 4171.406  611.778    0    0  (Gen:  0)
 18609544      5656  44356176  0.000  0.000 4171.594  611.803    0    0  (Gen:  0)
 23204000      3880  44354784  0.000  0.000 4171.766  611.832    0    0  (Gen:  0)
 22668728  36763080  44308008  0.016  0.022 4172.000  611.879    0    0  (Gen:  1)
 20639536      4792  44309168  0.031  0.000 4172.094  611.904    0    0  (Gen:  0)
 24281664      4664  44309424  0.000  0.000 4172.203  611.934    0    0  (Gen:  0)
 21743376      4128  44309336  0.000  0.000 4172.344  611.961    0    0  (Gen:  0)
 22926856      4656  44310312  0.000  0.000 4172.500  611.988    0    0  (Gen:  0)
 22758816      3344  44309488  0.000  0.000 4172.688  612.016    0    0  (Gen:  0)
 24610264      3608  44310192  0.000  0.000 4172.891  612.047    0    0  (Gen:  0)
 23203168      4176  44311240  0.000  0.000 4173.000  612.075    0    0  (Gen:  0)
 23039048      4224  44311768  0.000  0.000 4173.203  612.103    0    0  (Gen:  0)
 20766144      3880  44311840  0.000  0.022 4173.406  612.158    0    0  (Gen:  0)
 10427008      5144  44313552  0.000  0.000 4173.406  612.170    0    0  (Gen:  0)
 24437008      4288  44313880  0.000  0.000 4173.594  612.199    0    0  (Gen:  0)
 22087040      4400  44314712  0.000  0.000 4173.734  612.226    0    0  (Gen:  0)
 22138056      4424  44315248  0.000  0.000 4173.953  612.253    0    0  (Gen:  0)
 24894544      3920  44315304  0.000  0.000 4174.156  612.282    0    0  (Gen:  0)
 28082440      4416  44316344  0.000  0.000 4174.359  612.316    0    0  (Gen:  0)
 24019560      4488  44317056  0.000  0.000 4174.578  612.345    0    0  (Gen:  0)
 23076864      4584  44317600  0.000  0.000 4174.672  612.372    0    0  (Gen:  0)
 22176552      4288  44317816  0.000  0.000 4174.891  612.399    0    0  (Gen:  0)
 25091712      4960  44318952  0.000  0.000 4175.109  612.430    0    0  (Gen:  0)
 25579816      3800  44318272  0.000  0.000 4175.297  612.461    0    0  (Gen:  0)
 22193776      4576  44319528  0.000  0.000 4175.500  612.487    0    0  (Gen:  0)
 24541488      5224  44353864  0.000  0.000 4175.672  612.516    0    0  (Gen:  0)
 25997240      4136  44353872  0.000  0.000 4175.891  612.548    0    0  (Gen:  0)
 27093008      4088  44354448  0.000  0.000 4176.094  612.581    0    0  (Gen:  0)
 23409416      3744  44354616  0.000  0.000 4176.297  612.611    0    0  (Gen:  0)
 22112712      4256  44355576  0.000  0.000 4176.516  612.639    0    0  (Gen:  0)
 21673176      4088  44355696  0.000  0.000 4176.625  612.666    0    0  (Gen:  0)
 24473640      4624  44356616  0.000  0.000 4176.781  612.697    0    0  (Gen:  0)
 23851688      4016  44356392  0.000  0.000 4176.953  612.727    0    0  (Gen:  0)
 22305296      5176  44357968  0.000  0.000 4177.047  612.755    0    0  (Gen:  0)
 23565520      4560  44357752  0.000  0.000 4177.219  612.784    0    0  (Gen:  0)
 19843608  36711288  44288984  0.125  0.018 4177.453  612.827    0    0  (Gen:  1)
 23151792      3544  44287816  0.000  0.000 4177.562  612.856    0    0  (Gen:  0)
 22553928      4256  44288944  0.000  0.000 4177.766  612.886    0    0  (Gen:  0)
 23152560      4544  44289552  0.000  0.000 4177.984  612.916    0    0  (Gen:  0)
 25600920      3832  44289288  0.000  0.000 4178.078  612.949    0    0  (Gen:  0)
 25543544      4104  44289944  0.000  0.000 4178.281  612.981    0    0  (Gen:  0)
 25492080      4704  44290992  0.000  0.000 4178.500  613.014    0    0  (Gen:  0)
 26686064      3240  44289944  0.000  0.000 4178.781  613.046    0    0  (Gen:  0)
 23300448      5056  44292208  0.000  0.000 4178.891  613.075    0    0  (Gen:  0)
 24332872      3536  44291072  0.000  0.000 4179.078  613.105    0    0  (Gen:  0)
 23516088      4200  44292120  0.000  0.000 4179.297  613.136    0    0  (Gen:  0)
 24950240      4448  44292784  0.000  0.000 4179.500  613.168    0    0  (Gen:  0)
 26192120      5648  44294400  0.000  0.000 4179.797  613.202    0    0  (Gen:  0)
 19050976      5144  44294312  0.000  0.005 4179.891  613.237    0    0  (Gen:  0)
 11680368      4184  44293640  0.000  0.000 4179.938  613.261    0    0  (Gen:  0)
 23079648      3840  44293680  0.000  0.000 4180.078  613.289    0    0  (Gen:  0)
 19239840      3904  44294240  0.000  0.000 4180.250  613.313    0    0  (Gen:  0)
 24162016      5096  44295816  0.000  0.000 4180.438  613.344    0    0  (Gen:  0)
 25066912      4312  44295496  0.000  0.000 4180.625  613.375    0    0  (Gen:  0)
 22924168      4688  44296288  0.000  0.000 4180.828  613.404    0    0  (Gen:  0)
 23211864      3440  44295392  0.000  0.000 4180.938  613.434    0    0  (Gen:  0)
 25974856      4432  44296736  0.000  0.000 4181.219  613.468    0    0  (Gen:  0)
 25807976      4088  44296840  0.000  0.000 4181.359  613.501    0    0  (Gen:  0)
 25843344      3528  44296664  0.000  0.000 4181.562  613.534    0    0  (Gen:  0)
 22922104      3432  44297016  0.000  0.000 4181.781  613.564    0    0  (Gen:  0)
 24025560      4464  44298368  0.000  0.000 4182.000  613.595    0    0  (Gen:  0)
 24085376      4504  44298856  0.000  0.000 4182.219  613.626    0    0  (Gen:  0)
 22023304      3904  44298784  0.000  0.000 4182.328  613.653    0    0  (Gen:  0)
 23993112      3664  44298832  0.000  0.000 4182.547  613.685    0    0  (Gen:  0)
 21923712      3760  44299376  0.000  0.000 4182.703  613.713    0    0  (Gen:  0)
 23067184      4360  44300328  0.000  0.000 4182.891  613.742    0    0  (Gen:  0)
 24932176  36670128  44247824  0.078  0.020 4183.172  613.792    0    0  (Gen:  1)
 23656384      4352  44248760  0.000  0.000 4183.391  613.821    0    0  (Gen:  0)
 21663712      3928  44249392  0.000  0.000 4183.594  613.848    0    0  (Gen:  0)
 23281304      4376  44250352  0.000  0.000 4183.812  613.876    0    0  (Gen:  0)
 25237496      3504  44250696  0.000  0.000 4183.922  613.908    0    0  (Gen:  0)
 22647480      3496  44251136  0.000  0.000 4184.125  613.937    0    0  (Gen:  0)
 25959128      4536  44252528  0.000  0.000 4184.344  613.971    0    0  (Gen:  0)
 21832720      4568  44252944  0.000  0.000 4184.500  613.999    0    0  (Gen:  0)
 23486632      4144  44252840  0.000  0.000 4184.594  614.028    0    0  (Gen:  0)
 21405888      4088  44253104  0.000  0.000 4184.797  614.055    0    0  (Gen:  0)
 22116696      3928  44253264  0.000  0.000 4185.016  614.083    0    0  (Gen:  0)
 23202248      7680  44257336  0.000  0.000 4185.219  614.113    0    0  (Gen:  0)
 24205808      4040  44254096  0.000  0.000 4185.422  614.144    0    0  (Gen:  0)
 19052160      5728  44256168  0.000  0.000 4185.500  614.168    0    0  (Gen:  0)
 23576664      4000  44254728  0.000  0.000 4185.656  614.198    0    0  (Gen:  0)
 24522224      4288  44255448  0.000  0.000 4185.844  614.230    0    0  (Gen:  0)
 24146560      4512  44255992  0.000  0.000 4186.047  614.261    0    0  (Gen:  0)
 23143984      3888  44255720  0.000  0.000 4186.156  614.292    0    0  (Gen:  0)
 18401056      5624  44257840  0.000  0.012 4186.344  614.333    0    0  (Gen:  0)
 14238016      4832  44257544  0.000  0.000 4186.422  614.355    0    0  (Gen:  0)
 21039536      4640  44257784  0.000  0.001 4186.609  614.383    0    0  (Gen:  0)
 21633688      5408  44259192  0.000  0.000 4186.781  614.412    0    0  (Gen:  0)
 26900456      4216  44259288  0.000  0.000 4186.938  614.445    0    0  (Gen:  0)
 21427792      5304  44260712  0.000  0.000 4187.141  614.472    0    0  (Gen:  0)
 23995680      3760  44259488  0.000  0.000 4187.359  614.502    0    0  (Gen:  0)
 22245192      4456  44260552  0.000  0.000 4187.578  614.530    0    0  (Gen:  0)
 23695880      3352  44259816  0.000  0.000 4187.734  614.561    0    0  (Gen:  0)
 25868664      4008  44260792  0.000  0.000 4187.938  614.593    0    0  (Gen:  0)
 22980008      3648  44260816  0.000  0.000 4188.047  614.622    0    0  (Gen:  0)
 22718640      3184  44260768  0.000  0.000 4188.266  614.651    0    0  (Gen:  0)
 25952448  36633480  44211176  0.094  0.019 4188.578  614.702    0    0  (Gen:  1)
 24317960      5176  44212160  0.000  0.000 4188.766  614.733    0    0  (Gen:  0)
 23641536      5104  44212408  0.000  0.000 4188.875  614.763    0    0  (Gen:  0)
 27134480      4464  44212152  0.000  0.000 4189.141  614.796    0    0  (Gen:  0)
 23620000      4840  44213008  0.000  0.000 4189.250  614.826    0    0  (Gen:  0)
 23619464      4296  44212848  0.000  0.000 4189.469  614.856    0    0  (Gen:  0)
 24089256      4320  44213256  0.000  0.000 4189.688  614.886    0    0  (Gen:  0)
 26106472      4184  44213504  0.000  0.000 4189.906  614.920    0    0  (Gen:  0)
 24371720      3992  44213760  0.000  0.000 4190.094  614.951    0    0  (Gen:  0)
 24698880      3856  44213976  0.000  0.000 4190.266  614.981    0    0  (Gen:  0)
 23460992      3704  44214240  0.000  0.000 4190.469  615.010    0    0  (Gen:  0)
 26980168      4536  44215424  0.000  0.000 4190.578  615.043    0    0  (Gen:  0)
 21845840      4048  44215320  0.000  0.000 4190.797  615.070    0    0  (Gen:  0)
 21631592      3896  44215520  0.000  0.001 4190.953  615.097    0    0  (Gen:  0)
 21989248      6192  44218136  0.000  0.000 4191.172  615.125    0    0  (Gen:  0)
 23512512      4192  44216456  0.000  0.000 4191.391  615.155    0    0  (Gen:  0)
 21097256      4624  44217272  0.000  0.000 4191.500  615.181    0    0  (Gen:  0)
 23991304      3736  44216704  0.000  0.000 4191.656  615.211    0    0  (Gen:  0)
 24767552      4688  44218008  0.000  0.000 4191.812  615.242    0    0  (Gen:  0)
 24065192      4512  44218216  0.000  0.000 4192.016  615.272    0    0  (Gen:  0)
 27429568      4032  44218120  0.000  0.000 4192.219  615.306    0    0  (Gen:  0)
 23241416      4512  44219080  0.000  0.000 4192.438  615.335    0    0  (Gen:  0)
 24128088      5024  44219944  0.000  0.000 4192.656  615.365    0    0  (Gen:  0)
 20517784      4160  44219496  0.000  0.000 4192.859  615.390    0    0  (Gen:  0)
 23089712      4544  44220200  0.000  0.000 4192.969  615.418    0    0  (Gen:  0)
 22577872      4392  44220512  0.000  0.003 4193.156  615.452    0    0  (Gen:  0)
 15541816      3664  44220104  0.000  0.000 4193.188  615.481    0    0  (Gen:  0)
 23004472      5144  44221968  0.000  0.000 4193.375  615.508    0    0  (Gen:  0)
 19530224      3704  44220944  0.000  0.000 4193.562  615.533    0    0  (Gen:  0)
 25886832      6192  44223784  0.000  0.000 4193.750  615.565    0    0  (Gen:  0)
 22829512      4168  44222112  0.000  0.000 4193.953  615.594    0    0  (Gen:  0)
 22833736      4464  44222760  0.000  0.000 4194.062  615.622    0    0  (Gen:  0)
 23720824      5176  44223888  0.000  0.000 4194.281  615.651    0    0  (Gen:  0)
 26189808      5688  44224752  0.000  0.000 4194.500  615.683    0    0  (Gen:  0)
 18542680  36592728  44203184  0.016  0.019 4194.625  615.724    0    0  (Gen:  1)
 18807528      5880  44172416  0.000  0.000 4194.734  615.747    0    0  (Gen:  0)
 20116208      4552  44171488  0.000  0.000 4194.891  615.771    0    0  (Gen:  0)
 24401896      5016  44172416  0.000  0.000 4195.109  615.801    0    0  (Gen:  0)
 23177488      5648  44206352  0.000  0.000 4195.328  615.829    0    0  (Gen:  0)
 22876496      4696  44205784  0.000  0.000 4195.438  615.857    0    0  (Gen:  0)
 23898064      4304  44173112  0.000  0.000 4195.656  615.886    0    0  (Gen:  0)
 24151632      3864  44173056  0.000  0.000 4195.875  615.915    0    0  (Gen:  0)
 22117648      4312  44173920  0.000  0.000 4196.094  615.941    0    0  (Gen:  0)
 23447424      5280  44208192  0.000  0.000 4196.281  615.967    0    0  (Gen:  0)
 23123392      4256  44208416  0.000  0.000 4196.375  615.996    0    0  (Gen:  0)
 22296472      4432  44208976  0.000  0.000 4196.609  616.023    0    0  (Gen:  0)
 20879960      4552  44209480  0.000  0.000 4196.812  616.049    0    0  (Gen:  0)
 22878200      4816  44210240  0.000  0.000 4197.016  616.077    0    0  (Gen:  0)
 21654688      3808  44209648  0.000  0.000 4197.125  616.103    0    0  (Gen:  0)
 23693368      4240  44210464  0.000  0.000 4197.344  616.132    0    0  (Gen:  0)
 23958496      4832  44211504  0.000  0.000 4197.516  616.162    0    0  (Gen:  0)
 26607768      4488  44211544  0.000  0.000 4197.672  616.195    0    0  (Gen:  0)
 23353216      5872  44213376  0.000  0.000 4197.844  616.223    0    0  (Gen:  0)
 23549632      4952  44212904  0.000  0.000 4198.016  616.252    0    0  (Gen:  0)
 23695464      3712  44212024  0.000  0.000 4198.219  616.281    0    0  (Gen:  0)
 25320040      4208  44212904  0.000  0.000 4198.438  616.313    0    0  (Gen:  0)
 25170864      4568  44213648  0.000  0.000 4198.641  616.344    0    0  (Gen:  0)
 22056016      4720  44214184  0.000  0.000 4198.734  616.370    0    0  (Gen:  0)
 21638320      4872  44214688  0.000  0.000 4198.906  616.397    0    0  (Gen:  0)
 24036272      3664  44213800  0.000  0.000 4199.125  616.427    0    0  (Gen:  0)
 23916056      4104  44214560  0.000  0.000 4199.281  616.457    0    0  (Gen:  0)
 25626648      4280  44215088  0.000  0.000 4199.500  616.488    0    0  (Gen:  0)
 22912032      4424  44215552  0.000  0.005 4199.672  616.531    0    0  (Gen:  0)
 14393360      4432  44215920  0.000  0.000 4199.719  616.553    0    0  (Gen:  0)
 19917784      6208  44218248  0.000  0.000 4199.812  616.575    0    0  (Gen:  0)
 19226968      5632  44218784  0.000  0.000 4199.953  616.600    0    0  (Gen:  0)
 24537512      5096  44219216  0.000  0.000 4200.172  616.629    0    0  (Gen:  0)
 24221176  36549872  44160336  0.016  0.025 4200.406  616.684    0    0  (Gen:  1)
 24934976      4336  44161160  0.000  0.000 4200.547  616.715    0    0  (Gen:  0)
 23932160      4216  44161456  0.000  0.000 4200.750  616.745    0    0  (Gen:  0)
 24124120      3848  44161440  0.000  0.000 4200.969  616.775    0    0  (Gen:  0)
 24854184      3528  44161568  0.000  0.000 4201.188  616.805    0    0  (Gen:  0)
 21319952      3784  44162272  0.000  0.000 4201.406  616.831    0    0  (Gen:  0)
 17772592      5360  44164264  0.000  0.000 4201.516  616.852    0    0  (Gen:  0)
 23361512      4064  44163400  0.000  0.000 4201.734  616.881    0    0  (Gen:  0)
 24798704      3480  44163200  0.000  0.000 4201.906  616.912    0    0  (Gen:  0)
 23658808      4312  44164480  0.000  0.000 4202.125  616.941    0    0  (Gen:  0)
 22935240      3792  44164408  0.000  0.000 4202.281  616.969    0    0  (Gen:  0)
 22471680      3768  44164800  0.000  0.000 4202.391  616.997    0    0  (Gen:  0)
 22283264      4800  44166184  0.000  0.000 4202.578  617.025    0    0  (Gen:  0)
 25169376      3928  44165728  0.000  0.000 4202.797  617.056    0    0  (Gen:  0)
 24688552      5024  44167272  0.000  0.000 4203.000  617.087    0    0  (Gen:  0)
 24816872      3792  44166488  0.000  0.000 4203.219  617.118    0    0  (Gen:  0)
 25297680      4232  44167344  0.000  0.000 4203.422  617.150    0    0  (Gen:  0)
 22176504      5784  44169312  0.000  0.000 4203.594  617.175    0    0  (Gen:  0)
 23096400      4336  44169080  0.000  0.000 4203.766  617.203    0    0  (Gen:  0)
 22902656      4592  44170072  0.000  0.000 4203.859  617.231    0    0  (Gen:  0)
 25142496      3656  44169584  0.000  0.000 4204.031  617.263    0    0  (Gen:  0)
 23305712      3776  44170152  0.000  0.000 4204.219  617.293    0    0  (Gen:  0)
 22437536      3664  44170488  0.000  0.000 4204.406  617.321    0    0  (Gen:  0)
 23091328      3464  44170672  0.000  0.000 4204.609  617.350    0    0  (Gen:  0)
 26990664      6056  44173808  0.000  0.000 4204.828  617.381    0    0  (Gen:  0)
 26345600      3936  44173032  0.000  0.000 4205.047  617.413    0    0  (Gen:  0)
 26574672      3944  44173680  0.000  0.000 4205.188  617.445    0    0  (Gen:  0)
 23096224      4160  44174440  0.000  0.000 4205.391  617.472    0    0  (Gen:  0)
 23463960      3816  44174544  0.000  0.000 4205.594  617.501    0    0  (Gen:  0)
 25878168      4024  44175200  0.000  0.000 4205.797  617.533    0    0  (Gen:  0)
 24612144  36499736  44110200  0.016  0.022 4206.031  617.584    0    0  (Gen:  1)
 18451880      5400  44112328  0.000  0.018 4206.125  617.637    0    0  (Gen:  0)
 20540992      4312  44111656  0.000  0.000 4206.281  617.661    0    0  (Gen:  0)
 18444408      4200  44111976  0.000  0.000 4206.359  617.685    0    0  (Gen:  0)
 24577112      4664  44112856  0.000  0.000 4206.562  617.715    0    0  (Gen:  0)
 23510568      3888  44112608  0.000  0.000 4206.766  617.744    0    0  (Gen:  0)
 23273984      4296  44113592  0.000  0.000 4206.984  617.772    0    0  (Gen:  0)
 24076000      4320  44114128  0.000  0.000 4207.203  617.800    0    0  (Gen:  0)
 24241616      3952  44114336  0.000  0.000 4207.422  617.829    0    0  (Gen:  0)
 21819888      4008  44114968  0.000  0.000 4207.531  617.855    0    0  (Gen:  0)
 26238704      4176  44115680  0.000  0.000 4207.734  617.886    0    0  (Gen:  0)
 24943488      5592  44117576  0.000  0.000 4207.953  617.916    0    0  (Gen:  0)
 24521304      4952  44117416  0.000  0.000 4208.141  617.947    0    0  (Gen:  0)
 24884632      4632  44150272  0.000  0.000 4208.266  617.976    0    0  (Gen:  0)
 21325080      3992  44150048  0.000  0.000 4208.375  618.001    0    0  (Gen:  0)
 23597440      3624  44150176  0.000  0.000 4208.594  618.030    0    0  (Gen:  0)
 23744008      3792  44150632  0.000  0.000 4208.672  618.058    0    0  (Gen:  0)
 21689568      5328  44152584  0.000  0.000 4208.828  618.082    0    0  (Gen:  0)
 24885344      4304  44151912  0.000  0.000 4209.031  618.112    0    0  (Gen:  0)
 23348760      3656  44151824  0.000  0.000 4209.250  618.140    0    0  (Gen:  0)
 25938112      3992  44152544  0.000  0.000 4209.469  618.171    0    0  (Gen:  0)
 25684592      4248  44153248  0.000  0.000 4209.641  618.204    0    0  (Gen:  0)
 21570408      4136  44153520  0.000  0.000 4209.719  618.230    0    0  (Gen:  0)
 27689920      3784  44153584  0.000  0.000 4209.938  618.264    0    0  (Gen:  0)
 25288720      4416  44154840  0.000  0.000 4210.125  618.295    0    0  (Gen:  0)
 23557992      3632  44154504  0.000  0.000 4210.344  618.324    0    0  (Gen:  0)
 23762424      3864  44155128  0.000  0.000 4210.562  618.352    0    0  (Gen:  0)
 25616952      3848  44155528  0.000  0.000 4210.750  618.384    0    0  (Gen:  0)
 23618632      3896  44156056  0.000  0.000 4210.953  618.413    0    0  (Gen:  0)
 20349400      3912  44156488  0.000  0.000 4211.031  618.439    0    0  (Gen:  0)
 25208592      4744  44157672  0.000  0.000 4211.219  618.470    0    0  (Gen:  0)
 25642720  36456232  44099464  0.016  0.020 4211.453  618.521    0    0  (Gen:  1)
 23551864      3880  44099320  0.000  0.000 4211.609  618.551    0    0  (Gen:  0)
 22168976      5944  44101768  0.000  0.000 4211.828  618.578    0    0  (Gen:  0)
 22754104      4504  44100712  0.000  0.000 4211.938  618.606    0    0  (Gen:  0)
 23718688      4528  44101152  0.000  0.000 4212.156  618.634    0    0  (Gen:  0)
 21863664      5496  44102600  0.000  0.000 4212.375  618.660    0    0  (Gen:  0)
 21339552      3976  44101464  0.000  0.000 4212.578  618.686    0    0  (Gen:  0)
 26927800      5400  44103240  0.000  0.013 4212.750  618.751    0    0  (Gen:  0)
 22404480      4384  44102704  0.000  0.000 4212.844  618.779    0    0  (Gen:  0)
 20635592      4488  44103256  0.000  0.000 4213.016  618.804    0    0  (Gen:  0)
 23149528      4048  44103248  0.000  0.000 4213.234  618.832    0    0  (Gen:  0)
 25804584      4680  44104296  0.000  0.000 4213.406  618.864    0    0  (Gen:  0)
 25103048      4648  44104712  0.000  0.000 4213.625  618.894    0    0  (Gen:  0)
 23237408      4632  44105144  0.000  0.000 4213.797  618.922    0    0  (Gen:  0)
 22750920      3992  44104856  0.000  0.000 4213.859  618.951    0    0  (Gen:  0)
 24025480      4128  44105376  0.000  0.000 4214.062  618.981    0    0  (Gen:  0)
 24454992      4136  44105768  0.000  0.000 4214.250  619.010    0    0  (Gen:  0)
 22793480      4560  44106672  0.000  0.000 4214.453  619.038    0    0  (Gen:  0)
 26048568      4568  44107064  0.000  0.000 4214.672  619.069    0    0  (Gen:  0)
 23409496      4560  44107584  0.000  0.000 4214.891  619.097    0    0  (Gen:  0)
 23436520      4120  44107528  0.000  0.000 4215.109  619.126    0    0  (Gen:  0)
 26594456      4208  44108000  0.000  0.000 4215.312  619.161    0    0  (Gen:  0)
 25535968      5504  44109776  0.000  0.000 4215.531  619.191    0    0  (Gen:  0)
 25834056      5216  44109936  0.000  0.000 4215.719  619.223    0    0  (Gen:  0)
 24470376      4368  44109504  0.000  0.000 4215.938  619.252    0    0  (Gen:  0)
 28456504   3076472  47182024  0.000  0.002 4216.125  619.283    0    0  (Gen:  0)
 20375232      4872  47182944  0.000  0.000 4216.219  619.309    0    0  (Gen:  0)
 19833080      4160  47182728  0.000  0.000 4216.391  619.334    0    0  (Gen:  0)
 20959048      3992  47182912  0.000  0.000 4216.578  619.361    0    0  (Gen:  0)
 19356768      4360  47183696  0.000  0.000 4216.672  619.384    0    0  (Gen:  0)
 22653424      4336  47184056  0.000  0.000 4216.859  619.414    0    0  (Gen:  0)
 20912488  31539032  38199232  0.016  0.017 4217.031  619.457    0    0  (Gen:  1)
 22343272      3792  38200312  0.000  0.000 4217.203  619.485    0    0  (Gen:  0)
 21220080      3464  38200528  0.000  0.000 4217.234  619.512    0    0  (Gen:  0)
 23332104      4048  38201432  0.000  0.000 4217.344  619.542    0    0  (Gen:  0)
 23171088      4912  38202680  0.000  0.000 4217.531  619.571    0    0  (Gen:  0)
 20545664      4608  38202824  0.000  0.000 4217.719  619.596    0    0  (Gen:  0)
 23158816      3704  38202304  0.000  0.000 4217.859  619.625    0    0  (Gen:  0)
 22259712      3352  38202336  0.000  0.000 4217.953  619.652    0    0  (Gen:  0)
 22439624      4032  38203432  0.000  0.000 4218.141  619.681    0    0  (Gen:  0)
 19705920      4600  38204416  0.000  0.000 4218.250  619.705    0    0  (Gen:  0)
 19970048      3384  38203520  0.000  0.001 4218.344  619.731    0    0  (Gen:  0)
 19381480      3288  38203744  0.000  0.000 4218.500  619.790    0    0  (Gen:  0)
 22279920      3664  38204504  0.000  0.000 4218.688  619.817    0    0  (Gen:  0)
 19192464      3960  38205216  0.000  0.000 4218.750  619.840    0    0  (Gen:  0)
 21235456      5824  38207400  0.000  0.000 4218.938  619.866    0    0  (Gen:  0)
 21391560      4624  38206520  0.000  0.000 4219.125  619.893    0    0  (Gen:  0)
 20915608      5256  38207536  0.000  0.000 4219.219  619.917    0    0  (Gen:  0)
 22238984      4616  38207280  0.000  0.000 4219.328  619.944    0    0  (Gen:  0)
 23949480      3976  38207024  0.000  0.000 4219.469  619.974    0    0  (Gen:  0)
 21957920      5480  38209072  0.000  0.000 4219.578  620.000    0    0  (Gen:  0)
 21983288      4672  38208552  0.000  0.000 4219.656  620.028    0    0  (Gen:  0)
 22359088      4400  38208632  0.000  0.000 4219.844  620.056    0    0  (Gen:  0)
 22144088      4144  38208760  0.000  0.000 4220.031  620.085    0    0  (Gen:  0)
 22184880      3304  38208240  0.000  0.000 4220.219  620.114    0    0  (Gen:  0)
 22290640      3208  38208464  0.000  0.000 4220.406  620.143    0    0  (Gen:  0)
 19739848      4064  38209704  0.000  0.000 4220.500  620.168    0    0  (Gen:  0)
 22915800      3720  38209712  0.000  0.000 4220.594  620.199    0    0  (Gen:  0)
 22615976      3728  38210136  0.000  0.000 4220.750  620.228    0    0  (Gen:  0)
 22204800      4000  38210792  0.000  0.000 4220.938  620.255    0    0  (Gen:  0)
 24147216      4496  38211640  0.000  0.000 4221.125  620.285    0    0  (Gen:  0)
 23005552      5592  38213216  0.000  0.000 4221.312  620.316    0    0  (Gen:  0)
 19614232  31502160  38162360  0.062  0.019 4221.438  620.360    0    0  (Gen:  1)
 21702232      3304  38161688  0.000  0.000 4221.531  620.388    0    0  (Gen:  0)
 22031528      4248  38163064  0.000  0.000 4221.719  620.415    0    0  (Gen:  0)
 23325936      4592  38163792  0.000  0.000 4221.875  620.445    0    0  (Gen:  0)
 20469008      4032  38163616  0.000  0.000 4222.047  620.470    0    0  (Gen:  0)
 19168152      4064  38164096  0.000  0.000 4222.109  620.494    0    0  (Gen:  0)
 22086360      3712  38164144  0.000  0.000 4222.297  620.521    0    0  (Gen:  0)
 21703696      4328  38165112  0.000  0.000 4222.484  620.547    0    0  (Gen:  0)
 21381728      4080  38165984  0.000  0.000 4222.578  620.574    0    0  (Gen:  0)
 22430144      3352  38165944  0.000  0.000 4222.750  620.602    0    0  (Gen:  0)
 18917712      3784  38166760  0.000  0.000 4222.922  620.626    0    0  (Gen:  0)
 21624256      3160  38166392  0.000  0.000 4223.094  620.655    0    0  (Gen:  0)
 21107192      3752  38167272  0.000  0.000 4223.172  620.681    0    0  (Gen:  0)
 19886528      3336  38167208  0.000  0.000 4223.312  620.707    0    0  (Gen:  0)
 21736392      3688  38167912  0.000  0.000 4223.484  620.736    0    0  (Gen:  0)
 21726952      4360  38168872  0.000  0.000 4223.672  620.764    0    0  (Gen:  0)
 21426320      3576  38168472  0.000  0.000 4223.750  620.791    0    0  (Gen:  0)
 16051408      4064  38169280  0.000  0.017 4223.844  620.827    0    0  (Gen:  0)
 20664784      3128  38168696  0.000  0.000 4223.891  620.854    0    0  (Gen:  0)
 18063064      3816  38169720  0.000  0.000 4224.016  620.879    0    0  (Gen:  0)
 20216512      3832  38170104  0.000  0.000 4224.188  620.907    0    0  (Gen:  0)
 22378856      3056  38169728  0.000  0.000 4224.344  620.936    0    0  (Gen:  0)
 21270472      3888  38170880  0.000  0.000 4224.422  620.964    0    0  (Gen:  0)
 22481008      3368  38170648  0.000  0.000 4224.609  620.994    0    0  (Gen:  0)
 18253536      4176  38171808  0.000  0.000 4224.719  621.016    0    0  (Gen:  0)
 20762368      4544  38173360  0.000  0.000 4224.750  621.042    0    0  (Gen:  0)
 22706232      4896  38174192  0.000  0.000 4224.938  621.073    0    0  (Gen:  0)
 20089080      2896  38172608  0.000  0.000 4225.125  621.100    0    0  (Gen:  0)
 22950648      4016  38174016  0.000  0.000 4225.312  621.130    0    0  (Gen:  0)
 19591648  31463376  38123576  0.016  0.016 4225.516  621.172    0    0  (Gen:  1)
 20393112      3072  38123336  0.000  0.000 4225.578  621.200    0    0  (Gen:  0)
 16844008      3136  38123720  0.000  0.000 4225.734  621.224    0    0  (Gen:  0)
 23375784      3360  38124328  0.000  0.000 4225.906  621.254    0    0  (Gen:  0)
 20885368      3448  38124784  0.000  0.000 4226.047  621.282    0    0  (Gen:  0)
 22355536      3632  38125352  0.000  0.000 4226.234  621.312    0    0  (Gen:  0)
 21149024      4864  38126904  0.000  0.000 4226.328  621.339    0    0  (Gen:  0)
 19324776      3168  38125560  0.000  0.000 4226.484  621.365    0    0  (Gen:  0)
 20270384      3328  38126008  0.000  0.000 4226.672  621.392    0    0  (Gen:  0)
 22252192      3008  38126072  0.000  0.000 4226.859  621.421    0    0  (Gen:  0)
 21033856      3984  38127480  0.000  0.000 4226.922  621.451    0    0  (Gen:  0)
 22656888      3824  38127608  0.000  0.000 4227.094  621.481    0    0  (Gen:  0)
 20856032      3696  38127864  0.000  0.000 4227.250  621.511    0    0  (Gen:  0)
 20327360      4272  38128760  0.000  0.000 4227.406  621.536    0    0  (Gen:  0)
 22371624      3464  38128240  0.000  0.000 4227.594  621.567    0    0  (Gen:  0)
 20256704      3840  38129000  0.000  0.000 4227.781  621.594    0    0  (Gen:  0)
 21587152      2960  38128440  0.000  0.000 4227.875  621.622    0    0  (Gen:  0)
 21154608      5016  38130848  0.000  0.000 4228.062  621.651    0    0  (Gen:  0)
 21915280      3392  38129576  0.000  0.000 4228.250  621.679    0    0  (Gen:  0)
 22125304      3168  38129704  0.000  0.000 4228.406  621.710    0    0  (Gen:  0)
 21369936      4096  38131016  0.000  0.000 4228.594  621.738    0    0  (Gen:  0)
 22181648      2872  38130176  0.000  0.000 4228.734  621.768    0    0  (Gen:  0)
 16390656      3568  38131256  0.000  0.000 4228.781  621.791    0    0  (Gen:  0)
 16968960      2728  38130768  0.000  0.004 4228.938  621.820    0    0  (Gen:  0)
  9361392      2800  38131256  0.000  0.001 4228.953  621.839    0    0  (Gen:  0)
 18097336      4736  38133696  0.000  0.000 4229.109  621.862    0    0  (Gen:  0)
 17951944      3120  38133160  0.000  0.000 4229.188  621.885    0    0  (Gen:  0)
 20498728      3600  38134056  0.000  0.000 4229.375  621.912    0    0  (Gen:  0)
 21262952      4632  38135600  0.000  0.000 4229.531  621.939    0    0  (Gen:  0)
 22571832      3968  38135224  0.000  0.000 4229.719  621.968    0    0  (Gen:  0)
 23197104      3424  38135096  0.000  0.000 4229.797  621.998    0    0  (Gen:  0)
 22737864  31429560  38089760  0.094  0.017 4230.078  622.046    0    0  (Gen:  1)
 21951616      2704  38089624  0.000  0.000 4230.172  622.075    0    0  (Gen:  0)
 18494656      2744  38090016  0.000  0.000 4230.359  622.099    0    0  (Gen:  0)
 23106664      4288  38091912  0.000  0.000 4230.516  622.131    0    0  (Gen:  0)
 23206480      4496  38092440  0.000  0.000 4230.703  622.164    0    0  (Gen:  0)
 21595760      2912  38091240  0.000  0.000 4230.844  622.193    0    0  (Gen:  0)
 18387528      3184  38091864  0.000  0.000 4231.016  622.218    0    0  (Gen:  0)
 19245072      3040  38092040  0.000  0.000 4231.109  622.242    0    0  (Gen:  0)
 20095664      3488  38092808  0.000  0.000 4231.266  622.269    0    0  (Gen:  0)
 20970096      2912  38092616  0.000  0.000 4231.453  622.297    0    0  (Gen:  0)
 21031336      4432  38094488  0.000  0.000 4231.547  622.323    0    0  (Gen:  0)
 19513272      4160  38095112  0.000  0.000 4231.734  622.348    0    0  (Gen:  0)
 21064640      3792  38095608  0.000  0.000 4231.922  622.377    0    0  (Gen:  0)
 19726800      3056  38095256  0.000  0.000 4232.016  622.403    0    0  (Gen:  0)
 20960536      4616  38097040  0.000  0.000 4232.203  622.432    0    0  (Gen:  0)
 22868864      3152  38095928  0.000  0.000 4232.391  622.461    0    0  (Gen:  0)
 20619960      4312  38097344  0.000  0.000 4232.547  622.487    0    0  (Gen:  0)
 21299088      3752  38097040  0.000  0.000 4232.688  622.516    0    0  (Gen:  0)
 21936440      4696  38098272  0.000  0.000 4232.781  622.544    0    0  (Gen:  0)
 22885360      3376  38097272  0.000  0.000 4232.969  622.574    0    0  (Gen:  0)
 22175136      3696  38097880  0.000  0.000 4233.156  622.603    0    0  (Gen:  0)
 21687104      3392  38097896  0.000  0.000 4233.344  622.631    0    0  (Gen:  0)
 21961144      4000  38098856  0.000  0.000 4233.531  622.660    0    0  (Gen:  0)
 20245112      3048  38098256  0.000  0.000 4233.625  622.685    0    0  (Gen:  0)
 21644832      3848  38099440  0.000  0.000 4233.781  622.714    0    0  (Gen:  0)
 23415912      3248  38099224  0.000  0.000 4233.953  622.745    0    0  (Gen:  0)
 23507392      3864  38100192  0.000  0.000 4234.109  622.776    0    0  (Gen:  0)
 22344528      3616  38100328  0.000  0.000 4234.297  622.806    0    0  (Gen:  0)
 20766584  31395016  38055216  0.031  0.052 4234.500  622.885    0    0  (Gen:  1)
 20540912      3064  38055240  0.000  0.000 4234.656  622.913    0    0  (Gen:  0)
 20358408      4232  38056792  0.000  0.000 4234.844  622.940    0    0  (Gen:  0)
 20117528      3384  38056328  0.000  0.000 4234.938  622.966    0    0  (Gen:  0)
 21022696      4080  38057456  0.000  0.000 4235.125  622.994    0    0  (Gen:  0)
 21540600      4136  38057832  0.000  0.000 4235.297  623.022    0    0  (Gen:  0)
 19317760      4032  38058080  0.000  0.000 4235.469  623.046    0    0  (Gen:  0)
 22760344      3856  38059216  0.000  0.000 4235.656  623.077    0    0  (Gen:  0)
 22297600      4624  38060432  0.000  0.000 4235.750  623.106    0    0  (Gen:  0)
 21620576      3080  38059336  0.000  0.000 4235.891  623.136    0    0  (Gen:  0)
 21883272      3064  38059672  0.000  0.000 4236.078  623.166    0    0  (Gen:  0)
 21422992      3104  38060128  0.000  0.000 4236.234  623.196    0    0  (Gen:  0)
 22156016      3368  38060808  0.000  0.000 4236.375  623.226    0    0  (Gen:  0)
 16902872      3040  38060960  0.000  0.000 4236.469  623.248    0    0  (Gen:  0)
 22273528      2816  38061024  0.000  0.000 4236.562  623.278    0    0  (Gen:  0)
 22202976      3904  38062528  0.000  0.000 4236.719  623.308    0    0  (Gen:  0)
 21238848      4304  38063280  0.000  0.000 4236.906  623.337    0    0  (Gen:  0)
 22676888      2992  38062320  0.000  0.000 4237.094  623.368    0    0  (Gen:  0)
 21947296      3712  38063360  0.000  0.000 4237.281  623.397    0    0  (Gen:  0)
 21366816      4088  38064120  0.000  0.000 4237.469  623.426    0    0  (Gen:  0)
 21825480      3416  38063768  0.000  0.000 4237.625  623.455    0    0  (Gen:  0)
 21374384      3648  38064320  0.000  0.000 4237.781  623.483    0    0  (Gen:  0)
 21536224      3800  38064824  0.000  0.000 4237.875  623.513    0    0  (Gen:  0)
 22219776      3976  38065256  0.000  0.000 4238.016  623.541    0    0  (Gen:  0)
 19316808      3808  38065408  0.000  0.000 4238.203  623.566    0    0  (Gen:  0)
 21420536      3376  38065296  0.000  0.000 4238.391  623.593    0    0  (Gen:  0)
 18749744      2936  38065144  0.000  0.000 4238.484  623.616    0    0  (Gen:  0)
 22350256      2944  38065472  0.000  0.000 4238.672  623.646    0    0  (Gen:  0)
 22057400  31359408  38019608  0.016  0.018 4238.875  623.692    0    0  (Gen:  1)
 23078920      4272  38020864  0.000  0.000 4239.047  623.722    0    0  (Gen:  0)
 21129992      3088  38020096  0.000  0.000 4239.219  623.751    0    0  (Gen:  0)
 20436496      3576  38020936  0.000  0.000 4239.266  623.778    0    0  (Gen:  0)
 18942256      3728  38021408  0.000  0.000 4239.438  623.802    0    0  (Gen:  0)
 22565104      4264  38022264  0.000  0.000 4239.594  623.831    0    0  (Gen:  0)
 17275560      4496  38022816  0.000  0.002 4239.688  623.868    0    0  (Gen:  0)
 10102360      4480  38023120  0.000  0.000 4239.703  623.888    0    0  (Gen:  0)
 18521520      4112  38023136  0.000  0.000 4239.875  623.909    0    0  (Gen:  0)
 19929968      4296  38023832  0.000  0.000 4239.969  623.935    0    0  (Gen:  0)
 20334552      4064  38023952  0.000  0.000 4240.125  623.962    0    0  (Gen:  0)
 20256056      3984  38024192  0.000  0.000 4240.312  623.988    0    0  (Gen:  0)
 20032936      5072  38025568  0.000  0.000 4240.391  624.013    0    0  (Gen:  0)
 21259840      3824  38025600  0.000  0.000 4240.531  624.041    0    0  (Gen:  0)
 20538984      3968  38026256  0.000  0.000 4240.703  624.068    0    0  (Gen:  0)
 22873424      4480  38027120  0.000  0.000 4240.891  624.099    0    0  (Gen:  0)
 21130176      4256  38060104  0.000  0.000 4241.078  624.125    0    0  (Gen:  0)
 18783120      3544  38060704  0.000  0.000 4241.172  624.150    0    0  (Gen:  0)
 22487216      3456  38061008  0.000  0.000 4241.359  624.177    0    0  (Gen:  0)
 22423800      3808  38061808  0.000  0.000 4241.547  624.206    0    0  (Gen:  0)
 19464560      3664  38062048  0.000  0.000 4241.625  624.232    0    0  (Gen:  0)
 19740056      4744  38063512  0.000  0.000 4241.797  624.257    0    0  (Gen:  0)
 20820656      3696  38062848  0.000  0.000 4241.891  624.282    0    0  (Gen:  0)
 20589680      3608  38063192  0.000  0.000 4241.984  624.309    0    0  (Gen:  0)
 23137536      4128  38064064  0.000  0.000 4242.172  624.339    0    0  (Gen:  0)
 20848800      4104  38064488  0.000  0.000 4242.359  624.366    0    0  (Gen:  0)
 21593600      3512  38064312  0.000  0.000 4242.547  624.393    0    0  (Gen:  0)
 20067680      3416  38064600  0.000  0.000 4242.688  624.420    0    0  (Gen:  0)
 20583912      3448  38065048  0.000  0.000 4242.781  624.447    0    0  (Gen:  0)
 22134040      4016  38065984  0.000  0.000 4242.922  624.475    0    0  (Gen:  0)
 18881304  31317784  38043512  0.016  0.017 4243.094  624.516    0    0  (Gen:  1)
 23548512      3688  38044400  0.000  0.000 4243.219  624.545    0    0  (Gen:  0)
 20688888      4184  38045376  0.000  0.000 4243.312  624.570    0    0  (Gen:  0)
 21662704      3624  38045200  0.000  0.000 4243.500  624.595    0    0  (Gen:  0)
 20017008      4600  38046568  0.000  0.000 4243.594  624.619    0    0  (Gen:  0)
 22727696      4952  38047304  0.000  0.000 4243.781  624.648    0    0  (Gen:  0)
 23649552      4072  38046840  0.000  0.000 4243.969  624.677    0    0  (Gen:  0)
 20014736      3888  38047168  0.000  0.000 4244.125  624.702    0    0  (Gen:  0)
 20249712      4056  38047720  0.000  0.000 4244.188  624.729    0    0  (Gen:  0)
 20311832      3168  38047120  0.000  0.000 4244.375  624.757    0    0  (Gen:  0)
 21714736      3288  38047528  0.000  0.000 4244.500  624.785    0    0  (Gen:  0)
 20942488      3768  38048296  0.000  0.000 4244.688  624.812    0    0  (Gen:  0)
 23793312      3648  38048528  0.000  0.000 4244.859  624.843    0    0  (Gen:  0)
 20761672      3168  38048368  0.000  0.017 4244.938  624.899    0    0  (Gen:  0)
 15653992      2840  38048328  0.000  0.000 4244.984  624.918    0    0  (Gen:  0)
 20874896      4416  38050256  0.000  0.000 4245.156  624.945    0    0  (Gen:  0)
 20120664      4744  38050920  0.000  0.000 4245.344  624.971    0    0  (Gen:  0)
 20997560      3048  38049592  0.000  0.000 4245.500  624.999    0    0  (Gen:  0)
 19487400      4504  38051336  0.000  0.000 4245.562  625.024    0    0  (Gen:  0)
 20862240      3464  38050552  0.000  0.000 4245.734  625.051    0    0  (Gen:  0)
 21306696      2888  38050296  0.000  0.000 4245.922  625.079    0    0  (Gen:  0)
 21044776      3256  38050952  0.000  0.000 4246.016  625.107    0    0  (Gen:  0)
 21826232      3496  38051576  0.000  0.000 4246.203  625.136    0    0  (Gen:  0)
 19408096      3016  38051416  0.000  0.000 4246.328  625.160    0    0  (Gen:  0)
 20937768      3224  38051912  0.000  0.000 4246.469  625.187    0    0  (Gen:  0)
 19504272      3936  38052976  0.000  0.000 4246.562  625.213    0    0  (Gen:  0)
 22688368      3944  38053272  0.000  0.000 4246.750  625.243    0    0  (Gen:  0)
 22127096      4392  38054072  0.000  0.000 4246.922  625.272    0    0  (Gen:  0)
 22572704      3392  38053456  0.000  0.000 4247.062  625.300    0    0  (Gen:  0)
 21547528      3688  38054104  0.000  0.000 4247.234  625.328    0    0  (Gen:  0)
 20182976      3112  38053880  0.000  0.000 4247.328  625.355    0    0  (Gen:  0)
 23504232  31284304  38010040  0.125  0.016 4247.641  625.402    0    0  (Gen:  1)
 21310544      4840  38011960  0.000  0.000 4247.828  625.429    0    0  (Gen:  0)
 22436296      5376  38012816  0.000  0.000 4248.016  625.458    0    0  (Gen:  0)
 21000624      4304  38012032  0.000  0.000 4248.203  625.484    0    0  (Gen:  0)
 19761624      4352  38012432  0.000  0.000 4248.281  625.510    0    0  (Gen:  0)
 21457776      4176  38012608  0.000  0.000 4248.422  625.538    0    0  (Gen:  0)
 21433368      3424  38012112  0.000  0.000 4248.609  625.565    0    0  (Gen:  0)
 20157240      4712  38013720  0.000  0.000 4248.703  625.590    0    0  (Gen:  0)
 19540376      4656  38013920  0.000  0.000 4248.891  625.613    0    0  (Gen:  0)
 20926072      3840  38013424  0.000  0.000 4249.078  625.640    0    0  (Gen:  0)
 22507040      3720  38013624  0.000  0.000 4249.172  625.669    0    0  (Gen:  0)
 22056976      3992  38014312  0.000  0.000 4249.359  625.696    0    0  (Gen:  0)
 20141152      4592  38015232  0.000  0.000 4249.484  625.722    0    0  (Gen:  0)
 22452808      4840  38015768  0.000  0.000 4249.656  625.751    0    0  (Gen:  0)
 23255784      4608  38015920  0.000  0.000 4249.844  625.780    0    0  (Gen:  0)
 23098616      5264  38049720  0.000  0.000 4249.938  625.810    0    0  (Gen:  0)
 23258168      3328  38048168  0.000  0.000 4250.125  625.839    0    0  (Gen:  0)
 17783336      4728  38050016  0.000  0.000 4250.297  625.863    0    0  (Gen:  0)
 12653952      3888  38049544  0.000  0.003 4250.312  625.899    0    0  (Gen:  0)
 14897032      4136  38050112  0.000  0.000 4250.344  625.917    0    0  (Gen:  0)
 20154304      4192  38050528  0.000  0.000 4250.516  625.943    0    0  (Gen:  0)
 21315440      3360  38050144  0.000  0.000 4250.672  625.968    0    0  (Gen:  0)
 20790976      4496  38051776  0.000  0.000 4250.766  625.993    0    0  (Gen:  0)
 21229072      4160  38051888  0.000  0.000 4250.891  626.018    0    0  (Gen:  0)
 21241056      3480  38051688  0.000  0.000 4251.062  626.046    0    0  (Gen:  0)
 19440016      3928  38052584  0.000  0.000 4251.156  626.069    0    0  (Gen:  0)
 21806800      3568  38052608  0.000  0.000 4251.344  626.098    0    0  (Gen:  0)
 19647400      3584  38053040  0.000  0.000 4251.438  626.122    0    0  (Gen:  0)
 21468736      3608  38053384  0.000  0.000 4251.625  626.148    0    0  (Gen:  0)
 20473344      3704  38053832  0.000  0.000 4251.812  626.174    0    0  (Gen:  0)
 21432232      3952  38054432  0.000  0.000 4251.953  626.202    0    0  (Gen:  0)
 20070664  31250080  38008584  0.109  0.017 4252.156  626.243    0    0  (Gen:  1)
 20220528      3872  38008320  0.000  0.000 4252.281  626.268    0    0  (Gen:  0)
 23385408      3288  38008120  0.000  0.000 4252.422  626.297    0    0  (Gen:  0)
 19117040      4368  38009616  0.000  0.000 4252.516  626.322    0    0  (Gen:  0)
 22565696      3776  38009376  0.000  0.000 4252.703  626.350    0    0  (Gen:  0)
 21064024      3624  38009672  0.000  0.000 4252.891  626.376    0    0  (Gen:  0)
 21119816      3768  38010232  0.000  0.000 4252.984  626.403    0    0  (Gen:  0)
 20141464      4784  38011696  0.000  0.000 4253.172  626.427    0    0  (Gen:  0)
 21671096      4104  38011512  0.000  0.000 4253.297  626.453    0    0  (Gen:  0)
 22897920      3672  38011496  0.016  0.000 4253.375  626.482    0    0  (Gen:  0)
 18993848      3768  38012072  0.000  0.000 4253.438  626.505    0    0  (Gen:  0)
 19392040      4104  38012760  0.000  0.000 4253.500  626.527    0    0  (Gen:  0)
 20531224      3792  38012800  0.000  0.000 4253.625  626.552    0    0  (Gen:  0)
 22686472      6160  38015584  0.000  0.000 4253.812  626.581    0    0  (Gen:  0)
 18985848      3576  38013384  0.000  0.000 4253.906  626.604    0    0  (Gen:  0)
 21129864      4424  38014552  0.000  0.000 4254.094  626.631    0    0  (Gen:  0)
 18919352      3736  38014120  0.000  0.000 4254.188  626.654    0    0  (Gen:  0)
 21837080      3696  38014400  0.000  0.000 4254.375  626.681    0    0  (Gen:  0)
 20351216      3584  38014672  0.000  0.000 4254.531  626.708    0    0  (Gen:  0)
 22379232      4112  38015520  0.000  0.000 4254.719  626.736    0    0  (Gen:  0)
 21864928      3976  38015736  0.000  0.000 4254.812  626.764    0    0  (Gen:  0)
 21876776      5024  38017136  0.000  0.000 4254.938  626.791    0    0  (Gen:  0)
 20317088      4224  38016688  0.000  0.000 4255.125  626.818    0    0  (Gen:  0)
 21052160      4536  38017224  0.000  0.000 4255.312  626.845    0    0  (Gen:  0)
 20796656      4648  38017720  0.000  0.000 4255.406  626.870    0    0  (Gen:  0)
 22227312      4424  38017880  0.000  0.000 4255.594  626.897    0    0  (Gen:  0)
 14880096      4368  38018208  0.000  0.000 4255.688  626.919    0    0  (Gen:  0)
 12207096      5064  38019160  0.000  0.000 4255.719  626.944    0    0  (Gen:  0)
 19937320      6104  38021920  0.000  0.000 4255.859  626.972    0    0  (Gen:  0)
 20549256      4112  38021208  0.000  0.000 4255.938  626.998    0    0  (Gen:  0)
 21871416      4368  38021784  0.000  0.000 4256.109  627.025    0    0  (Gen:  0)
 20491520      4568  38022304  0.000  0.000 4256.281  627.050    0    0  (Gen:  0)
 20574776      5072  38023128  0.000  0.000 4256.469  627.077    0    0  (Gen:  0)
 19049368  31211584  37970088  0.016  0.016 4256.578  627.116    0    0  (Gen:  1)
 23449392      5536  37972592  0.000  0.000 4256.766  627.147    0    0  (Gen:  0)
 21434256      4672  37972112  0.000  0.000 4256.953  627.175    0    0  (Gen:  0)
 17918216      3032  37970856  0.000  0.000 4257.047  627.198    0    0  (Gen:  0)
 20945704      3656  37971800  0.000  0.000 4257.234  627.226    0    0  (Gen:  0)
 22963824      3312  37971888  0.000  0.000 4257.422  627.254    0    0  (Gen:  0)
 22290424      3808  37972704  0.000  0.000 4257.516  627.283    0    0  (Gen:  0)
 21939128      4088  37973400  0.000  0.000 4257.609  627.310    0    0  (Gen:  0)
 21967960      2920  37972584  0.000  0.000 4257.797  627.339    0    0  (Gen:  0)
 23121392      3840  37973856  0.000  0.000 4257.984  627.368    0    0  (Gen:  0)
 21193008      3824  37974192  0.000  0.000 4258.172  627.396    0    0  (Gen:  0)
 18867944      3712  37974432  0.000  0.000 4258.359  627.421    0    0  (Gen:  0)
 20516872      3704  37974744  0.000  0.000 4258.422  627.448    0    0  (Gen:  0)
 18333384      3760  37975168  0.000  0.000 4258.531  627.469    0    0  (Gen:  0)
 21285728      5472  37977200  0.000  0.000 4258.594  627.496    0    0  (Gen:  0)
 19250888      2856  37974872  0.000  0.000 4258.703  627.520    0    0  (Gen:  0)
 21862856      4408  37976712  0.000  0.000 4258.859  627.549    0    0  (Gen:  0)
 21185888      4832  37977456  0.000  0.000 4259.047  627.577    0    0  (Gen:  0)
 21201840      3952  37976928  0.000  0.000 4259.141  627.602    0    0  (Gen:  0)
 18520320      4944  37978720  0.000  0.000 4259.328  627.625    0    0  (Gen:  0)
 21645920      4736  37979344  0.000  0.000 4259.422  627.653    0    0  (Gen:  0)
 22069688      3224  37978152  0.000  0.000 4259.609  627.683    0    0  (Gen:  0)
 19608152      3808  37979056  0.000  0.000 4259.766  627.710    0    0  (Gen:  0)
 21293184      4856  37980424  0.000  0.000 4259.953  627.738    0    0  (Gen:  0)
 19441320      3264  37979152  0.000  0.000 4260.047  627.762    0    0  (Gen:  0)
 20368000      3896  37980072  0.000  0.000 4260.172  627.788    0    0  (Gen:  0)
 21209184      6000  37982464  0.000  0.000 4260.359  627.817    0    0  (Gen:  0)
 22058360      4064  37980816  0.000  0.000 4260.547  627.845    0    0  (Gen:  0)
 22086384      4072  37981144  0.000  0.000 4260.734  627.874    0    0  (Gen:  0)
 20951800      4352  37981776  0.000  0.000 4260.828  627.901    0    0  (Gen:  0)
 20849824  31176784  37935288  0.016  0.017 4261.031  627.944    0    0  (Gen:  1)
 21189040      3464  37935480  0.000  0.000 4261.203  627.971    0    0  (Gen:  0)
 17615024      3440  37935776  0.000  0.012 4261.281  628.014    0    0  (Gen:  0)
 16241568      2624  37935280  0.000  0.000 4261.312  628.035    0    0  (Gen:  0)
 20102248      4248  37937240  0.000  0.000 4261.453  628.061    0    0  (Gen:  0)
 20896048      3080  37936472  0.000  0.000 4261.547  628.089    0    0  (Gen:  0)
 19222304      5216  37938960  0.000  0.000 4261.734  628.116    0    0  (Gen:  0)
 20827368      4448  37938544  0.000  0.000 4261.891  628.143    0    0  (Gen:  0)
 22075176      3304  37937752  0.000  0.000 4262.078  628.173    0    0  (Gen:  0)
 21425888      2656  37937568  0.000  0.000 4262.172  628.201    0    0  (Gen:  0)
 21039832      5504  37940896  0.000  0.000 4262.359  628.226    0    0  (Gen:  0)
 20930000      3632  37940272  0.000  0.000 4262.531  628.255    0    0  (Gen:  0)
 22402792      4744  37941784  0.000  0.000 4262.688  628.285    0    0  (Gen:  0)
 20207056      3400  37940824  0.000  0.000 4262.875  628.311    0    0  (Gen:  0)
 21962560      2712  37940424  0.000  0.000 4262.969  628.341    0    0  (Gen:  0)
 20073504      2928  37940992  0.000  0.000 4263.156  628.368    0    0  (Gen:  0)
 22938448      2968  37941448  0.000  0.000 4263.344  628.399    0    0  (Gen:  0)
 20103016      3600  37942368  0.000  0.000 4263.531  628.426    0    0  (Gen:  0)
 22591192      3776  37942960  0.000  0.000 4263.656  628.457    0    0  (Gen:  0)
 20732264      3192  37942760  0.000  0.000 4263.828  628.486    0    0  (Gen:  0)
 23025176      3696  37943616  0.000  0.000 4263.984  628.517    0    0  (Gen:  0)
 21456856      3232  37943568  0.000  0.000 4264.172  628.546    0    0  (Gen:  0)
 21314872      3328  37944080  0.000  0.000 4264.266  628.573    0    0  (Gen:  0)
 21075472      4520  37945656  0.000  0.000 4264.453  628.600    0    0  (Gen:  0)
 21566368      3280  37944800  0.000  0.000 4264.625  628.629    0    0  (Gen:  0)
 19676976      4384  37946224  0.000  0.000 4264.719  628.654    0    0  (Gen:  0)
 23219360      3568  37945696  0.000  0.000 4264.906  628.685    0    0  (Gen:  0)
 22357800      5384  37947896  0.000  0.000 4265.031  628.716    0    0  (Gen:  0)
 22336672      3072  37945968  0.000  0.000 4265.172  628.746    0    0  (Gen:  0)
 21986144  31140320  37898824  0.078  0.017 4265.391  628.792    0    0  (Gen:  1)
 19165312      2864  37898856  0.000  0.000 4265.578  628.818    0    0  (Gen:  0)
 21808568      2880  37899224  0.000  0.000 4265.766  628.849    0    0  (Gen:  0)
 21970480      3344  37900008  0.000  0.000 4265.938  628.879    0    0  (Gen:  0)
 21789392      3608  37900656  0.000  0.000 4266.125  628.908    0    0  (Gen:  0)
 21265224      3216  37900648  0.000  0.000 4266.312  628.937    0    0  (Gen:  0)
 22099328      4160  37901944  0.000  0.000 4266.438  628.967    0    0  (Gen:  0)
 20735368      3288  37901456  0.000  0.000 4266.531  628.995    0    0  (Gen:  0)
 17689696      2632  37901152  0.000  0.022 4266.672  629.039    0    0  (Gen:  0)
 10405936      3072  37901944  0.000  0.000 4266.719  629.054    0    0  (Gen:  0)
 19209552      3104  37902312  0.000  0.000 4266.891  629.078    0    0  (Gen:  0)
 20406312      3824  37903400  0.000  0.000 4266.984  629.107    0    0  (Gen:  0)
 21514864      2912  37902840  0.000  0.000 4267.172  629.134    0    0  (Gen:  0)
 22473792      3336  37903616  0.000  0.000 4267.297  629.163    0    0  (Gen:  0)
 19606968      2848  37903480  0.000  0.000 4267.453  629.188    0    0  (Gen:  0)
 19446432      3288  37904272  0.000  0.000 4267.547  629.215    0    0  (Gen:  0)
 21725024      3728  37905000  0.000  0.000 4267.734  629.245    0    0  (Gen:  0)
 22587448      3528  37905184  0.000  0.000 4267.891  629.275    0    0  (Gen:  0)
 22111224      3192  37938024  0.000  0.000 4268.078  629.304    0    0  (Gen:  0)
 23411864      3016  37938200  0.000  0.000 4268.266  629.333    0    0  (Gen:  0)
 20751464      3424  37938992  0.000  0.000 4268.453  629.358    0    0  (Gen:  0)
 22322032      3272  37939224  0.000  0.000 4268.547  629.388    0    0  (Gen:  0)
 19734704      2928  37939296  0.000  0.000 4268.719  629.414    0    0  (Gen:  0)
 20127392      2808  37939592  0.000  0.000 4268.906  629.441    0    0  (Gen:  0)
 19557992      2896  37940096  0.000  0.000 4269.078  629.467    0    0  (Gen:  0)
 19395080      3336  37940920  0.000  0.000 4269.172  629.493    0    0  (Gen:  0)
 21354752      3408  37941352  0.000  0.000 4269.328  629.521    0    0  (Gen:  0)
 21549704      3048  37941472  0.000  0.000 4269.500  629.549    0    0  (Gen:  0)
 20666888      3376  37942184  0.000  0.000 4269.688  629.577    0    0  (Gen:  0)
 19836936      3056  37942248  0.000  0.000 4269.781  629.604    0    0  (Gen:  0)
 20894080  31104792  37896064  0.016  0.017 4269.984  629.647    0    0  (Gen:  1)
 21723408      3104  37896392  0.000  0.000 4270.172  629.675    0    0  (Gen:  0)
 20742016      3304  37897072  0.000  0.000 4270.250  629.700    0    0  (Gen:  0)
 18877272      3376  37897560  0.000  0.000 4270.344  629.724    0    0  (Gen:  0)
 18590392      3520  37898088  0.000  0.000 4270.438  629.747    0    0  (Gen:  0)
 22647520      4168  37899376  0.000  0.000 4270.562  629.775    0    0  (Gen:  0)
 20699504      3752  37900176  0.000  0.000 4270.734  629.802    0    0  (Gen:  0)
 22687632      3768  37900640  0.000  0.000 4270.922  629.832    0    0  (Gen:  0)
 20215768      3064  37900384  0.000  0.000 4271.094  629.859    0    0  (Gen:  0)
 19598024      3312  37901016  0.000  0.000 4271.188  629.884    0    0  (Gen:  0)
 23149496      3304  37901360  0.000  0.000 4271.375  629.916    0    0  (Gen:  0)
 20411112      2432  37900920  0.000  0.000 4271.531  629.945    0    0  (Gen:  0)
 21252144      3512  37902352  0.000  0.000 4271.688  629.974    0    0  (Gen:  0)
 20172608      2808  37902064  0.000  0.000 4271.812  630.002    0    0  (Gen:  0)
 17823512      3040  37902616  0.000  0.017 4271.906  630.061    0    0  (Gen:  0)
 16865336      4336  37904136  0.000  0.000 4272.000  630.082    0    0  (Gen:  0)
 18963872      3272  37903424  0.000  0.000 4272.172  630.108    0    0  (Gen:  0)
 22988688      3400  37903840  0.000  0.000 4272.234  630.138    0    0  (Gen:  0)
 20658336      3504  37904328  0.000  0.000 4272.406  630.165    0    0  (Gen:  0)
 21359680      3696  37904872  0.000  0.000 4272.594  630.194    0    0  (Gen:  0)
 21305136      3808  37905368  0.000  0.000 4272.781  630.219    0    0  (Gen:  0)
 19042000      3224  37906032  0.000  0.000 4272.875  630.243    0    0  (Gen:  0)
 20088488      2952  37906112  0.000  0.000 4273.047  630.270    0    0  (Gen:  0)
 22120216      2952  37906432  0.000  0.000 4273.234  630.300    0    0  (Gen:  0)
 20551136      3192  37907056  0.000  0.000 4273.422  630.328    0    0  (Gen:  0)
 21450344      3088  37907240  0.000  0.000 4273.500  630.356    0    0  (Gen:  0)
 22359472      3712  37908216  0.000  0.000 4273.656  630.386    0    0  (Gen:  0)
 22027912      3064  37907920  0.000  0.000 4273.844  630.415    0    0  (Gen:  0)
 22464168      3632  37908808  0.000  0.000 4274.031  630.444    0    0  (Gen:  0)
 20391344  31064008  37855280  0.016  0.017 4274.234  630.488    0    0  (Gen:  1)
 19161272      3392  37855856  0.000  0.000 4274.375  630.514    0    0  (Gen:  0)
 22071528      3720  37856472  0.000  0.000 4274.469  630.542    0    0  (Gen:  0)
 20851448      3560  37856664  0.000  0.000 4274.656  630.571    0    0  (Gen:  0)
 20252504      3408  37856896  0.000  0.000 4274.812  630.598    0    0  (Gen:  0)
 19867416      4216  37857992  0.000  0.000 4274.906  630.622    0    0  (Gen:  0)
 21899608      3592  37858264  0.000  0.000 4275.078  630.650    0    0  (Gen:  0)
 26089368   3075344  40930816  0.000  0.001 4275.250  630.679    0    0  (Gen:  0)
 18170504      2800  40930760  0.000  0.000 4275.406  630.704    0    0  (Gen:  0)
 17767680      2336  40930760  0.000  0.000 4275.484  630.730    0    0  (Gen:  0)
 19035712      2256  40930968  0.000  0.000 4275.625  630.754    0    0  (Gen:  0)
 17999248      2200  40931232  0.000  0.000 4275.719  630.780    0    0  (Gen:  0)
 17946064      3136  40932456  0.000  0.000 4275.797  630.803    0    0  (Gen:  0)
 18687184      3224  40932864  0.000  0.000 4275.953  630.829    0    0  (Gen:  0)
 18685904      2536  40932496  0.000  0.000 4276.031  630.855    0    0  (Gen:  0)
 19230168      2688  40932904  0.000  0.000 4276.188  630.883    0    0  (Gen:  0)
 18612072      2896  40933464  0.000  0.000 4276.344  630.909    0    0  (Gen:  0)
 18125488      3104  40933992  0.000  0.000 4276.422  630.934    0    0  (Gen:  0)
  9965824      2352  40933592  0.000  0.003 4276.500  630.962    0    0  (Gen:  0)
 12471512      3184  40934680  0.000  0.000 4276.531  631.025    0    0  (Gen:  0)
 10004824      2360  40934240  0.000  0.001 4276.531  631.043    0    0  (Gen:  0)
 10989736      3024  40935272  0.000  0.011 4276.594  631.084    0    0  (Gen:  0)
  7161456      2528  40935128  0.000  0.001 4276.625  631.096    0    0  (Gen:  0)
 14186928      4368  40937640  0.000  0.000 4276.703  631.114    0    0  (Gen:  0)
 18067464      3520  40938080  0.000  0.000 4276.781  631.139    0    0  (Gen:  0)
 19148576      2784  40937664  0.000  0.000 4276.859  631.165    0    0  (Gen:  0)
 19554792      2752  40937984  0.000  0.000 4277.016  631.191    0    0  (Gen:  0)
 18815264      3032  40938616  0.000  0.000 4277.094  631.216    0    0  (Gen:  0)
 19334800      3392  40939296  0.000  0.000 4277.234  631.242    0    0  (Gen:  0)
 17862520      3512  40939736  0.000  0.000 4277.375  631.265    0    0  (Gen:  0)
 19424576      2712  40939288  0.000  0.000 4277.406  631.290    0    0  (Gen:  0)
 17801688      4000  40940928  0.000  0.000 4277.562  631.314    0    0  (Gen:  0)
 17937072      3440  40940624  0.000  0.000 4277.641  631.336    0    0  (Gen:  0)
 19367376      3736  40941272  0.000  0.000 4277.797  631.364    0    0  (Gen:  0)
 17706704  26152432  31960672  0.125  0.014 4278.000  631.402    0    0  (Gen:  1)
 18305528      3616  31962088  0.000  0.000 4278.156  631.426    0    0  (Gen:  0)
 19548968      3256  31962080  0.000  0.000 4278.312  631.453    0    0  (Gen:  0)
 17935624      3120  31962328  0.000  0.000 4278.391  631.477    0    0  (Gen:  0)
 17207232      2632  31962128  0.000  0.000 4278.500  631.501    0    0  (Gen:  0)
 18705304      2376  31962128  0.000  0.000 4278.547  631.526    0    0  (Gen:  0)
 17807408      3152  31963224  0.000  0.000 4278.688  631.549    0    0  (Gen:  0)
 18501544      3504  31963736  0.000  0.000 4278.766  631.574    0    0  (Gen:  0)
 19220768      4080  31964600  0.000  0.000 4278.922  631.600    0    0  (Gen:  0)
 16893872      3176  31963952  0.000  0.000 4279.078  631.624    0    0  (Gen:  0)
 18750656      2384  31963384  0.000  0.000 4279.094  631.650    0    0  (Gen:  0)
 18769768      3760  31965048  0.000  0.000 4279.250  631.677    0    0  (Gen:  0)
 18627624      2952  31964528  0.000  0.000 4279.359  631.702    0    0  (Gen:  0)
 19105096      3472  31965336  0.000  0.000 4279.438  631.728    0    0  (Gen:  0)
 18163160      4000  31966120  0.000  0.000 4279.594  631.753    0    0  (Gen:  0)
 17133920      2864  31965272  0.000  0.000 4279.641  631.776    0    0  (Gen:  0)
 19513808      3632  31966296  0.000  0.000 4279.797  631.804    0    0  (Gen:  0)
 19882920      3616  31966616  0.000  0.000 4279.953  631.832    0    0  (Gen:  0)
 18814944      4152  31967408  0.000  0.000 4280.109  631.857    0    0  (Gen:  0)
 17969672      3576  31967120  0.000  0.000 4280.188  631.883    0    0  (Gen:  0)
 18416272      3848  31967648  0.000  0.000 4280.344  631.908    0    0  (Gen:  0)
 18313304      4392  31968384  0.000  0.000 4280.422  631.931    0    0  (Gen:  0)
 18336168      4344  31968592  0.000  0.000 4280.578  631.957    0    0  (Gen:  0)
 17711816      2640  31967080  0.000  0.000 4280.656  631.982    0    0  (Gen:  0)
 18558352      4184  31968880  0.000  0.000 4280.797  632.007    0    0  (Gen:  0)
 19049864      4160  31969144  0.000  0.000 4280.828  632.033    0    0  (Gen:  0)
 15636032      3040  31968280  0.000  0.000 4280.906  632.053    0    0  (Gen:  0)
 14748984      3232  31968632  0.000  0.008 4280.984  632.085    0    0  (Gen:  0)
 10034664      3824  31969520  0.000  0.000 4281.000  632.107    0    0  (Gen:  0)
 18375056      3872  31970480  0.000  0.000 4281.156  632.131    0    0  (Gen:  0)
 17824592      3304  31970800  0.000  0.000 4281.266  632.154    0    0  (Gen:  0)
 19719256      3088  31970904  0.000  0.000 4281.344  632.183    0    0  (Gen:  0)
 19551512  26125112  31933352  0.000  0.016 4281.500  632.223    0    0  (Gen:  1)
 17436952      3384  31934032  0.000  0.000 4281.578  632.246    0    0  (Gen:  0)
 16874776      2936  31933808  0.000  0.000 4281.719  632.269    0    0  (Gen:  0)
 19439336      3368  31934528  0.000  0.000 4281.859  632.298    0    0  (Gen:  0)
 18670640      4136  31935584  0.000  0.000 4281.938  632.324    0    0  (Gen:  0)
 18278584      3416  31935216  0.000  0.000 4282.094  632.347    0    0  (Gen:  0)
 18529112      3560  31935680  0.000  0.000 4282.172  632.372    0    0  (Gen:  0)
 18863864      3152  31935736  0.000  0.000 4282.328  632.399    0    0  (Gen:  0)
 16307224      2936  31935808  0.000  0.000 4282.484  632.421    0    0  (Gen:  0)
 18865504      2952  31936208  0.000  0.000 4282.547  632.448    0    0  (Gen:  0)
 19042728      3616  31937288  0.000  0.000 4282.688  632.472    0    0  (Gen:  0)
 16932576      3488  31937512  0.000  0.000 4282.766  632.493    0    0  (Gen:  0)
 17782064      3544  31937952  0.000  0.000 4282.875  632.516    0    0  (Gen:  0)
 18666368      3368  31938128  0.000  0.000 4282.938  632.542    0    0  (Gen:  0)
 17630416      3456  31938584  0.000  0.000 4283.094  632.564    0    0  (Gen:  0)
 17376968      3704  31939184  0.000  0.000 4283.172  632.587    0    0  (Gen:  0)
 19014792      4064  31939832  0.000  0.000 4283.328  632.613    0    0  (Gen:  0)
 19101224      6200  31942288  0.000  0.000 4283.406  632.638    0    0  (Gen:  0)
 16619560      3992  31940400  0.000  0.000 4283.547  632.657    0    0  (Gen:  0)
 17849992      3496  31940128  0.000  0.000 4283.625  632.682    0    0  (Gen:  0)
 18894464      2952  31939968  0.000  0.000 4283.781  632.706    0    0  (Gen:  0)
 18155856      3248  31940552  0.000  0.000 4283.844  632.730    0    0  (Gen:  0)
 18827984      3760  31941416  0.000  0.000 4284.000  632.754    0    0  (Gen:  0)
 17768328      2824  31940800  0.000  0.000 4284.078  632.777    0    0  (Gen:  0)
 18391528      2712  31941008  0.000  0.000 4284.219  632.802    0    0  (Gen:  0)
 18549464      3376  31941960  0.000  0.000 4284.375  632.829    0    0  (Gen:  0)
 18735944      5112  31943984  0.000  0.000 4284.453  632.852    0    0  (Gen:  0)
 18739008      2736  31941928  0.000  0.000 4284.609  632.879    0    0  (Gen:  0)
 17877856      3040  31942552  0.000  0.000 4284.688  632.904    0    0  (Gen:  0)
 15727224      2976  31942680  0.000  0.000 4284.828  632.925    0    0  (Gen:  0)
 18254800      3744  31943736  0.000  0.000 4284.906  632.948    0    0  (Gen:  0)
 17799672      4480  31944792  0.000  0.000 4285.047  632.972    0    0  (Gen:  0)
 18630968  26092784  31901024  0.078  0.014 4285.203  633.011    0    0  (Gen:  1)
 17595184      3400  31901944  0.000  0.000 4285.328  633.034    0    0  (Gen:  0)
 18464872      3000  31901800  0.000  0.000 4285.406  633.058    0    0  (Gen:  0)
 17621464      3536  31902592  0.000  0.003 4285.562  633.101    0    0  (Gen:  0)
  8816096      3952  31903264  0.000  0.000 4285.594  633.121    0    0  (Gen:  0)
 16242432      4000  31903600  0.000  0.000 4285.750  633.141    0    0  (Gen:  0)
 19123176      2952  31902952  0.000  0.000 4285.828  633.164    0    0  (Gen:  0)
 17422288      3400  31903656  0.000  0.000 4285.906  633.185    0    0  (Gen:  0)
 19362784      3952  31904528  0.000  0.000 4286.031  633.212    0    0  (Gen:  0)
 19705152      3136  31904032  0.000  0.000 4286.156  633.237    0    0  (Gen:  0)
 19362200      4112  31905264  0.000  0.000 4286.234  633.264    0    0  (Gen:  0)
 19094416      3968  31905440  0.000  0.000 4286.328  633.288    0    0  (Gen:  0)
 19570880      4296  31906056  0.000  0.000 4286.484  633.315    0    0  (Gen:  0)
 18714088      3544  31905656  0.000  0.000 4286.562  633.339    0    0  (Gen:  0)
 17709744      2952  31905320  0.000  0.000 4286.719  633.361    0    0  (Gen:  0)
 17951376      3512  31906232  0.000  0.000 4286.797  633.383    0    0  (Gen:  0)
 18722952      2768  31905712  0.000  0.000 4286.953  633.406    0    0  (Gen:  0)
 19823400      3696  31906992  0.000  0.000 4287.031  633.432    0    0  (Gen:  0)
 18860576      3568  31907184  0.000  0.000 4287.141  633.457    0    0  (Gen:  0)
 18547992      3328  31907264  0.000  0.000 4287.188  633.481    0    0  (Gen:  0)
 18021064      4616  31908872  0.000  0.000 4287.312  633.503    0    0  (Gen:  0)
 17342128      3536  31908080  0.000  0.000 4287.359  633.526    0    0  (Gen:  0)
 18564312      3168  31907936  0.000  0.000 4287.500  633.551    0    0  (Gen:  0)
 18783080      3472  31908560  0.000  0.000 4287.578  633.574    0    0  (Gen:  0)
 18393384      3200  31908608  0.000  0.000 4287.734  633.598    0    0  (Gen:  0)
 18242864      2856  31908584  0.000  0.000 4287.812  633.621    0    0  (Gen:  0)
 19089200      4040  31910136  0.000  0.000 4287.969  633.647    0    0  (Gen:  0)
 19508312      3376  31909792  0.000  0.000 4288.109  633.672    0    0  (Gen:  0)
 17563336      2840  31909544  0.000  0.000 4288.188  633.696    0    0  (Gen:  0)
 19682520      3160  31910120  0.000  0.000 4288.344  633.721    0    0  (Gen:  0)
 19468328      3864  31911144  0.000  0.000 4288.422  633.747    0    0  (Gen:  0)
 18420240      2888  31910424  0.000  0.000 4288.578  633.772    0    0  (Gen:  0)
 19011544      3432  31911256  0.000  0.000 4288.734  633.798    0    0  (Gen:  0)
 18201992      4152  31912296  0.000  0.000 4288.812  633.822    0    0  (Gen:  0)
 18067312      2496  31910896  0.000  0.000 4288.969  633.848    0    0  (Gen:  0)
 18669432  26060984  31869224  0.000  0.013 4289.125  633.886    0    0  (Gen:  1)
 18424600      3152  31869184  0.000  0.000 4289.266  633.913    0    0  (Gen:  0)
 18465496      4136  31870424  0.000  0.000 4289.344  633.934    0    0  (Gen:  0)
 19013264      3968  31871120  0.000  0.000 4289.500  633.959    0    0  (Gen:  0)
 18978872      3128  31871016  0.000  0.000 4289.656  633.986    0    0  (Gen:  0)
 18266048      3640  31871816  0.000  0.000 4289.734  634.009    0    0  (Gen:  0)
 19195920      2464  31870864  0.000  0.000 4289.875  634.036    0    0  (Gen:  0)
 16876184      4232  31872888  0.000  0.000 4289.953  634.060    0    0  (Gen:  0)
 19497608      2856  31871800  0.000  0.000 4290.109  634.085    0    0  (Gen:  0)
 18641760      2848  31872048  0.000  0.001 4290.250  634.110    0    0  (Gen:  0)
 13528752      2904  31872360  0.000  0.000 4290.297  634.140    0    0  (Gen:  0)
 15338832      4104  31873784  0.000  0.000 4290.359  634.160    0    0  (Gen:  0)
 18627064      2920  31872872  0.000  0.000 4290.438  634.185    0    0  (Gen:  0)
 18808112      3432  31873672  0.000  0.000 4290.594  634.212    0    0  (Gen:  0)
 17575064      2728  31873192  0.000  0.000 4290.750  634.236    0    0  (Gen:  0)
 17984336      3192  31873912  0.000  0.000 4290.828  634.261    0    0  (Gen:  0)
 17931616      2744  31873752  0.000  0.000 4290.922  634.284    0    0  (Gen:  0)
 19305808      2936  31874232  0.000  0.000 4291.078  634.313    0    0  (Gen:  0)
 18418464      2792  31874408  0.000  0.000 4291.156  634.338    0    0  (Gen:  0)
 18875032      3480  31875384  0.000  0.000 4291.312  634.364    0    0  (Gen:  0)
 18370632      2504  31874792  0.000  0.000 4291.438  634.389    0    0  (Gen:  0)
 18571664      2448  31875024  0.000  0.000 4291.516  634.416    0    0  (Gen:  0)
 17448944      3056  31875984  0.000  0.000 4291.672  634.442    0    0  (Gen:  0)
 19048064      3152  31876400  0.000  0.000 4291.828  634.469    0    0  (Gen:  0)
 19613360      2688  31876224  0.000  0.000 4291.906  634.497    0    0  (Gen:  0)
 17984048      4320  31878240  0.000  0.000 4292.031  634.521    0    0  (Gen:  0)
 19272904      2616  31876824  0.000  0.000 4292.188  634.547    0    0  (Gen:  0)
 17047344      2288  31876848  0.000  0.000 4292.266  634.570    0    0  (Gen:  0)
 17544064      3480  31878296  0.000  0.000 4292.422  634.594    0    0  (Gen:  0)
 17847472      3864  31878968  0.000  0.000 4292.500  634.619    0    0  (Gen:  0)
 19443864      3672  31879064  0.000  0.000 4292.656  634.646    0    0  (Gen:  0)
 19482192      3896  31879640  0.000  0.000 4292.797  634.673    0    0  (Gen:  0)
 17099624  26027336  31835576  0.125  0.014 4293.000  634.711    0    0  (Gen:  1)
 19111928      3064  31836000  0.000  0.000 4293.141  634.737    0    0  (Gen:  0)
 16659864      2264  31835520  0.000  0.000 4293.203  634.760    0    0  (Gen:  0)
 19032336      2328  31835872  0.000  0.000 4293.328  634.784    0    0  (Gen:  0)
 18086784      3720  31837520  0.000  0.000 4293.406  634.808    0    0  (Gen:  0)
 18670880      2472  31836528  0.000  0.000 4293.562  634.833    0    0  (Gen:  0)
 19432072      3176  31837520  0.000  0.000 4293.719  634.860    0    0  (Gen:  0)
 19175784      3040  31837704  0.000  0.000 4293.797  634.885    0    0  (Gen:  0)
 18757896      2536  31837520  0.000  0.000 4293.953  634.912    0    0  (Gen:  0)
 18633904      2536  31837840  0.000  0.000 4294.109  634.937    0    0  (Gen:  0)
 17820168      2872  31838464  0.000  0.000 4294.156  634.961    0    0  (Gen:  0)
 18930280      3280  31839192  0.000  0.000 4294.312  634.986    0    0  (Gen:  0)
 19756464      3080  31839312  0.000  0.000 4294.391  635.013    0    0  (Gen:  0)
 18930048      4648  31841200  0.000  0.000 4294.500  635.038    0    0  (Gen:  0)
 18818528      2656  31839528  0.000  0.000 4294.656  635.064    0    0  (Gen:  0)
 18365128      2536  31839664  0.000  0.000 4294.734  635.092    0    0  (Gen:  0)
 14831880      3240  31840688  0.000  0.000 4294.844  635.140    0    0  (Gen:  0)
 15961104      2696  31840480  0.000  0.000 4294.906  635.162    0    0  (Gen:  0)
 19019056      2880  31840920  0.000  0.000 4295.062  635.188    0    0  (Gen:  0)
 18671776      3736  31842064  0.000  0.000 4295.141  635.213    0    0  (Gen:  0)
 18211128      3056  31841672  0.000  0.000 4295.297  635.236    0    0  (Gen:  0)
 15885128      4200  31843168  0.000  0.000 4295.344  635.260    0    0  (Gen:  0)
 18709536      3536  31842808  0.000  0.000 4295.438  635.285    0    0  (Gen:  0)
 18000168      4304  31843896  0.000  0.000 4295.578  635.311    0    0  (Gen:  0)
 19578664      3888  31843768  0.000  0.000 4295.641  635.338    0    0  (Gen:  0)
 18418368      3704  31843904  0.000  0.000 4295.797  635.363    0    0  (Gen:  0)
 16314520      3344  31843832  0.000  0.000 4295.875  635.382    0    0  (Gen:  0)
 18214488      3192  31844768  0.000  0.000 4296.031  635.406    0    0  (Gen:  0)
 17391888      2728  31844816  0.000  0.000 4296.109  635.431    0    0  (Gen:  0)
 18427152      2752  31845160  0.000  0.000 4296.266  635.457    0    0  (Gen:  0)
 17205872      2528  31845224  0.000  0.000 4296.422  635.483    0    0  (Gen:  0)
 18834368  25993912  31802152  0.094  0.014 4296.594  635.523    0    0  (Gen:  1)
 18474576      2456  31802136  0.000  0.000 4296.719  635.549    0    0  (Gen:  0)
 17247512      2880  31802912  0.000  0.000 4296.797  635.573    0    0  (Gen:  0)
 18605680      3080  31803432  0.000  0.000 4296.953  635.598    0    0  (Gen:  0)
 18396208      3040  31803808  0.000  0.000 4297.016  635.623    0    0  (Gen:  0)
 19550472      2728  31803816  0.000  0.000 4297.125  635.650    0    0  (Gen:  0)
 20122400      2680  31836912  0.000  0.000 4297.281  635.677    0    0  (Gen:  0)
 19901336      3112  31837760  0.000  0.000 4297.438  635.701    0    0  (Gen:  0)
 17701784      2984  31838048  0.000  0.000 4297.516  635.725    0    0  (Gen:  0)
 17626392      3432  31838816  0.000  0.000 4297.672  635.749    0    0  (Gen:  0)
 18310528      3040  31838784  0.000  0.000 4297.734  635.773    0    0  (Gen:  0)
 19721032      2864  31838960  0.000  0.000 4297.891  635.800    0    0  (Gen:  0)
 19273944      4016  31840528  0.000  0.000 4297.969  635.825    0    0  (Gen:  0)
 17730280      3472  31840720  0.000  0.000 4298.094  635.849    0    0  (Gen:  0)
 18127080      3216  31874248  0.000  0.000 4298.250  635.874    0    0  (Gen:  0)
 19883280      3896  31842488  0.000  0.000 4298.312  635.902    0    0  (Gen:  0)
 19343184      2760  31874496  0.000  0.000 4298.438  635.930    0    0  (Gen:  0)
 18747464      2400  31874424  0.000  0.000 4298.594  635.954    0    0  (Gen:  0)
 19932920      2720  31875112  0.000  0.000 4298.672  635.982    0    0  (Gen:  0)
 19397200      2840  31875456  0.000  0.000 4298.812  636.010    0    0  (Gen:  0)
 17904792      3200  31876136  0.000  0.000 4298.953  636.035    0    0  (Gen:  0)
 18106872      2800  31875992  0.000  0.000 4299.109  636.061    0    0  (Gen:  0)
 17212128      2592  31876040  0.000  0.000 4299.188  636.084    0    0  (Gen:  0)
 17938728      2752  31876464  0.000  0.000 4299.328  636.110    0    0  (Gen:  0)
 18210152      3856  31877856  0.000  0.000 4299.406  636.157    0    0  (Gen:  0)
 14602496      3680  31878032  0.000  0.000 4299.469  636.177    0    0  (Gen:  0)
 16601296      2400  31877008  0.000  0.000 4299.547  636.198    0    0  (Gen:  0)
 17527136      2432  31877408  0.000  0.000 4299.703  636.221    0    0  (Gen:  0)
 19176080      2752  31878016  0.000  0.000 4299.781  636.249    0    0  (Gen:  0)
 18344160      2544  31878128  0.000  0.000 4299.812  636.275    0    0  (Gen:  0)
 15987560      2976  31878848  0.000  0.000 4299.953  636.296    0    0  (Gen:  0)
 18021376      2376  31878504  0.000  0.000 4300.031  636.322    0    0  (Gen:  0)
 18528224  25956840  31830616  0.016  0.013 4300.203  636.363    0    0  (Gen:  1)
 19218072      2488  31830784  0.000  0.000 4300.281  636.389    0    0  (Gen:  0)
 19529088      3480  31832032  0.000  0.000 4300.438  636.418    0    0  (Gen:  0)
 18476544      3152  31832056  0.000  0.000 4300.594  636.444    0    0  (Gen:  0)
 18662688      2688  31831944  0.000  0.000 4300.719  636.471    0    0  (Gen:  0)
 15583048      3000  31832608  0.000  0.000 4300.797  636.491    0    0  (Gen:  0)
 19643720      2744  31833376  0.000  0.000 4300.922  636.519    0    0  (Gen:  0)
 17984600      2776  31834048  0.000  0.000 4301.000  636.543    0    0  (Gen:  0)
 20024976      2576  31834136  0.000  0.000 4301.156  636.573    0    0  (Gen:  0)
 18213368      2648  31834624  0.000  0.000 4301.312  636.597    0    0  (Gen:  0)
 17490792      2504  31834800  0.000  0.000 4301.391  636.622    0    0  (Gen:  0)
 17771696      2560  31835144  0.000  0.000 4301.547  636.648    0    0  (Gen:  0)
 18996832      2440  31835312  0.000  0.000 4301.703  636.674    0    0  (Gen:  0)
 15121272      2648  31835840  0.000  0.000 4301.750  636.694    0    0  (Gen:  0)
 19490552      2952  31836432  0.000  0.000 4301.906  636.719    0    0  (Gen:  0)
 19520104      2552  31836352  0.000  0.000 4301.984  636.748    0    0  (Gen:  0)
 19945528      2888  31837040  0.000  0.000 4302.125  636.776    0    0  (Gen:  0)
 18029576      2744  31837248  0.000  0.000 4302.281  636.801    0    0  (Gen:  0)
 17963376      2520  31837344  0.000  0.000 4302.359  636.826    0    0  (Gen:  0)
 16288440      2584  31837728  0.000  0.000 4302.500  636.845    0    0  (Gen:  0)
 19017088      3600  31839000  0.000  0.000 4302.578  636.871    0    0  (Gen:  0)
 18699888      2680  31838400  0.000  0.000 4302.734  636.898    0    0  (Gen:  0)
 17453192      2544  31838616  0.000  0.000 4302.891  636.921    0    0  (Gen:  0)
 18939040      2384  31838776  0.000  0.000 4302.969  636.947    0    0  (Gen:  0)
 17931880      2880  31839592  0.000  0.000 4303.109  636.973    0    0  (Gen:  0)
 18363784      3000  31840032  0.000  0.000 4303.266  636.999    0    0  (Gen:  0)
 18845960      3192  31840544  0.000  0.000 4303.328  637.025    0    0  (Gen:  0)
 19309232      2688  31840392  0.000  0.000 4303.484  637.052    0    0  (Gen:  0)
 19662352      2928  31840984  0.000  0.000 4303.641  637.078    0    0  (Gen:  0)
 18808728      2824  31841264  0.000  0.000 4303.719  637.103    0    0  (Gen:  0)
 19918752      2792  31841616  0.000  0.000 4303.875  637.129    0    0  (Gen:  0)
 14926424  25922072  31795848  0.031  0.030 4303.984  637.178    0    0  (Gen:  1)
 17695736      4168  31796104  0.000  0.000 4304.031  637.202    0    0  (Gen:  0)
 18309536      2856  31795128  0.000  0.000 4304.141  637.225    0    0  (Gen:  0)
 18052864      2792  31795448  0.000  0.000 4304.219  637.249    0    0  (Gen:  0)
 16898456      3208  31796568  0.000  0.000 4304.375  637.271    0    0  (Gen:  0)
 17864000      2464  31796928  0.000  0.000 4304.422  637.293    0    0  (Gen:  0)
 18891200      3936  31798880  0.000  0.000 4304.578  637.318    0    0  (Gen:  0)
 18124480      3064  31798424  0.000  0.000 4304.703  637.343    0    0  (Gen:  0)
 19467056      2840  31798456  0.000  0.000 4304.781  637.369    0    0  (Gen:  0)
 18854512      2472  31798376  0.000  0.000 4304.938  637.395    0    0  (Gen:  0)
 19527080      2720  31798880  0.000  0.000 4305.078  637.421    0    0  (Gen:  0)
 15064664      2144  31798592  0.000  0.000 4305.156  637.442    0    0  (Gen:  0)
 19353088      3296  31800000  0.000  0.000 4305.312  637.470    0    0  (Gen:  0)
 18910376      3216  31800192  0.000  0.000 4305.391  637.497    0    0  (Gen:  0)
 19179856      2808  31800072  0.000  0.000 4305.531  637.523    0    0  (Gen:  0)
 19225680      3376  31800928  0.000  0.000 4305.688  637.551    0    0  (Gen:  0)
 18086440      2808  31800616  0.000  0.000 4305.766  637.575    0    0  (Gen:  0)
 17916944      2448  31800512  0.000  0.000 4305.922  637.599    0    0  (Gen:  0)
 19513072      2728  31801016  0.000  0.000 4306.078  637.625    0    0  (Gen:  0)
 18872704      3552  31802160  0.000  0.000 4306.156  637.652    0    0  (Gen:  0)
 19636456      2816  31801680  0.000  0.000 4306.312  637.679    0    0  (Gen:  0)
 18872600      3544  31802664  0.000  0.000 4306.469  637.706    0    0  (Gen:  0)
 19032024      3504  31802848  0.000  0.000 4306.547  637.732    0    0  (Gen:  0)
 15734032      3384  31803080  0.000  0.000 4306.703  637.752    0    0  (Gen:  0)
 19268312      4064  31803984  0.000  0.000 4306.781  637.779    0    0  (Gen:  0)
 18748088      3616  31803904  0.000  0.000 4306.891  637.802    0    0  (Gen:  0)
 18462544      3752  31804264  0.000  0.000 4307.047  637.828    0    0  (Gen:  0)
 17893280      5192  31805992  0.000  0.000 4307.125  637.851    0    0  (Gen:  0)
 18841160      4152  31805240  0.000  0.000 4307.281  637.876    0    0  (Gen:  0)
 18466824      3560  31804872  0.000  0.000 4307.359  637.900    0    0  (Gen:  0)
 19245672      3008  31804576  0.000  0.000 4307.516  637.926    0    0  (Gen:  0)
 19253616      3376  31805264  0.000  0.000 4307.594  637.951    0    0  (Gen:  0)
 17401040  25887976  31761752  0.016  0.015 4307.750  637.989    0    0  (Gen:  1)
 17621576      4088  31763384  0.000  0.000 4307.828  638.011    0    0  (Gen:  0)
 17812592      3056  31762608  0.000  0.000 4307.969  638.033    0    0  (Gen:  0)
 18882104      3896  31763768  0.000  0.000 4308.047  638.059    0    0  (Gen:  0)
 17850480      4384  31764544  0.000  0.000 4308.203  638.082    0    0  (Gen:  0)
 19735968      3832  31764216  0.000  0.000 4308.359  638.109    0    0  (Gen:  0)
 17920944      3600  31764272  0.000  0.000 4308.438  638.132    0    0  (Gen:  0)
 18888832      4264  31765256  0.000  0.000 4308.562  638.158    0    0  (Gen:  0)
 18519016      3576  31764888  0.000  0.000 4308.641  638.182    0    0  (Gen:  0)
  9704256      3520  31765216  0.000  0.000 4308.703  638.220    0    0  (Gen:  0)
 16100128      4080  31766064  0.000  0.000 4308.781  638.239    0    0  (Gen:  0)
 17490536      3360  31765824  0.000  0.000 4308.844  638.260    0    0  (Gen:  0)
 18691816      3064  31765880  0.000  0.000 4308.969  638.285    0    0  (Gen:  0)
 17482840      3208  31766344  0.000  0.000 4309.047  638.309    0    0  (Gen:  0)
 17996256      3552  31766976  0.000  0.000 4309.203  638.333    0    0  (Gen:  0)
 20344168      4760  31768536  0.000  0.000 4309.359  638.358    0    0  (Gen:  0)
 18545040      4384  31768448  0.000  0.000 4309.438  638.383    0    0  (Gen:  0)
 18567528      4632  31768984  0.000  0.000 4309.562  638.408    0    0  (Gen:  0)
 18476312      3344  31768016  0.000  0.000 4309.625  638.434    0    0  (Gen:  0)
 17472664      3432  31768424  0.000  0.000 4309.781  638.457    0    0  (Gen:  0)
 18733136      4240  31769456  0.000  0.000 4309.938  638.483    0    0  (Gen:  0)
 18932168      3176  31768648  0.000  0.000 4310.016  638.509    0    0  (Gen:  0)
 18254568      4040  31769768  0.000  0.000 4310.109  638.533    0    0  (Gen:  0)
 18208160      4360  31770376  0.000  0.000 4310.188  638.556    0    0  (Gen:  0)
 19633672      3440  31769712  0.000  0.000 4310.344  638.582    0    0  (Gen:  0)
 18777008      2968  31769528  0.000  0.000 4310.422  638.606    0    0  (Gen:  0)
 19029320      3928  31770744  0.000  0.000 4310.562  638.630    0    0  (Gen:  0)
 17544064      3664  31770768  0.000  0.000 4310.641  638.651    0    0  (Gen:  0)
 17179456      3496  31770824  0.000  0.000 4310.781  638.672    0    0  (Gen:  0)
 18763176      3312  31770928  0.000  0.000 4310.859  638.698    0    0  (Gen:  0)
 18308264      3208  31771048  0.000  0.000 4311.000  638.722    0    0  (Gen:  0)
 18562528      4032  31772128  0.000  0.000 4311.078  638.746    0    0  (Gen:  0)
 15264216      5296  31773648  0.000  0.000 4311.094  638.763    0    0  (Gen:  0)
 17354216      4576  31773120  0.000  0.000 4311.219  638.787    0    0  (Gen:  0)
 18646448  25859584  31733360  0.016  0.020 4311.391  638.832    0    0  (Gen:  1)
 19085744      3816  31732336  0.000  0.000 4311.547  638.858    0    0  (Gen:  0)
 18196232      3480  31732256  0.000  0.000 4311.625  638.883    0    0  (Gen:  0)
 17009480      4344  31733376  0.000  0.000 4311.703  638.904    0    0  (Gen:  0)
 18208784      4064  31733320  0.000  0.000 4311.859  638.927    0    0  (Gen:  0)
 17813192      3392  31732936  0.000  0.000 4311.938  638.950    0    0  (Gen:  0)
 18135352      3912  31733744  0.000  0.000 4312.062  638.976    0    0  (Gen:  0)
 18776424      3736  31733792  0.000  0.000 4312.219  639.001    0    0  (Gen:  0)
 19452104      3624  31733968  0.031  0.000 4312.328  639.030    0    0  (Gen:  0)
 18435296      3496  31734096  0.000  0.000 4312.406  639.052    0    0  (Gen:  0)
 19179384      3064  31733920  0.000  0.000 4312.562  639.077    0    0  (Gen:  0)
 19464120      3288  31734464  0.000  0.000 4312.641  639.102    0    0  (Gen:  0)
 18835736      3032  31734432  0.000  0.000 4312.797  639.127    0    0  (Gen:  0)
 10523008      4096  31735784  0.000  0.001 4312.812  639.206    0    0  (Gen:  0)
 13705024      3648  31735592  0.000  0.000 4312.891  639.224    0    0  (Gen:  0)
 11171712      4536  31736776  0.000  0.001 4312.891  639.244    0    0  (Gen:  0)
  8353304      2864  31735576  0.000  0.000 4312.906  639.262    0    0  (Gen:  0)
 14136520      4608  31737536  0.000  0.000 4312.953  639.312    0    0  (Gen:  0)
 17966560      4712  31738088  0.000  0.000 4313.031  639.335    0    0  (Gen:  0)
 16821728      4656  31738368  0.000  0.000 4313.109  639.356    0    0  (Gen:  0)
 19030272      3888  31737824  0.000  0.000 4313.266  639.380    0    0  (Gen:  0)
 19193392      4432  31738624  0.000  0.000 4313.344  639.403    0    0  (Gen:  0)
 20137776      3304  31737816  0.000  0.000 4313.500  639.431    0    0  (Gen:  0)
 19311832      2840  31737608  0.000  0.000 4313.625  639.455    0    0  (Gen:  0)
 18752248      3648  31738704  0.000  0.000 4313.703  639.481    0    0  (Gen:  0)
 18615080      3048  31738520  0.000  0.000 4313.859  639.503    0    0  (Gen:  0)
 19263000      4368  31740224  0.000  0.000 4313.922  639.528    0    0  (Gen:  0)
 17036136      2952  31739192  0.000  0.000 4314.047  639.550    0    0  (Gen:  0)
 18601696      3904  31740432  0.000  0.000 4314.047  639.574    0    0  (Gen:  0)
 19600568      4480  31741424  0.000  0.000 4314.203  639.601    0    0  (Gen:  0)
 19025248      3008  31740320  0.000  0.000 4314.359  639.625    0    0  (Gen:  0)
 19493008      2840  31740472  0.000  0.000 4314.438  639.652    0    0  (Gen:  0)
 19851392      3136  31741120  0.000  0.000 4314.594  639.678    0    0  (Gen:  0)
 18482192      2792  31741128  0.000  0.000 4314.750  639.702    0    0  (Gen:  0)
 18523920      2912  31741504  0.000  0.000 4314.828  639.729    0    0  (Gen:  0)
 17927720      3120  31742048  0.000  0.000 4314.984  639.751    0    0  (Gen:  0)
 18826488  25827448  31701224  0.078  0.014 4315.141  639.790    0    0  (Gen:  1)
 18967184      3432  31700136  0.000  0.000 4315.297  639.818    0    0  (Gen:  0)
 13804376      4624  31701584  0.000  0.000 4315.375  639.901    0    0  (Gen:  0)
 16388696      5248  31702432  0.000  0.000 4315.516  639.921    0    0  (Gen:  0)
 11713392      3248  31700672  0.000  0.001 4315.516  639.937    0    0  (Gen:  0)
 14413936      3640  31701320  0.000  0.000 4315.562  639.961    0    0  (Gen:  0)
 15410832      3880  31701832  0.000  0.000 4315.641  639.981    0    0  (Gen:  0)
 18816344      3496  31702552  0.000  0.000 4315.797  640.006    0    0  (Gen:  0)
 17574080      3448  31703128  0.000  0.000 4315.938  640.031    0    0  (Gen:  0)
 18952008      2720  31702656  0.000  0.000 4316.016  640.058    0    0  (Gen:  0)
 18694304      3576  31703704  0.000  0.000 4316.172  640.084    0    0  (Gen:  0)
 18306952      4624  31705008  0.000  0.000 4316.328  640.109    0    0  (Gen:  0)
 17605528      3392  31704096  0.000  0.000 4316.406  640.131    0    0  (Gen:  0)
 17927872      3392  31704352  0.000  0.000 4316.516  640.156    0    0  (Gen:  0)
 18271360      5200  31706416  0.000  0.000 4316.594  640.182    0    0  (Gen:  0)
 19033512      3064  31704504  0.000  0.000 4316.750  640.209    0    0  (Gen:  0)
 19776464      3264  31705024  0.000  0.000 4316.906  640.235    0    0  (Gen:  0)
 17516888      2520  31704568  0.000  0.000 4316.984  640.257    0    0  (Gen:  0)
 15947728      3544  31705880  0.000  0.000 4317.094  640.280    0    0  (Gen:  0)
 12140456      2760  31705320  0.000  0.000 4317.125  640.321    0    0  (Gen:  0)
 16271976      2280  31705032  0.016  0.000 4317.234  640.342    0    0  (Gen:  0)
 14729968      2544  31705584  0.000  0.000 4317.297  640.360    0    0  (Gen:  0)
 17896744      3744  31707072  0.000  0.000 4317.375  640.386    0    0  (Gen:  0)
 18745496      2712  31706392  0.000  0.000 4317.531  640.411    0    0  (Gen:  0)
 19126832      3392  31707392  0.000  0.000 4317.688  640.436    0    0  (Gen:  0)
 19879440      2608  31706960  0.000  0.000 4317.750  640.461    0    0  (Gen:  0)
 18284080      2672  31707408  0.000  0.000 4317.891  640.488    0    0  (Gen:  0)
 18664504      2432  31707552  0.000  0.000 4318.047  640.514    0    0  (Gen:  0)
 18131888      2872  31708312  0.000  0.000 4318.125  640.539    0    0  (Gen:  0)
 17870520      2512  31708272  0.000  0.000 4318.281  640.563    0    0  (Gen:  0)
 17103120      2952  31709032  0.000  0.000 4318.359  640.585    0    0  (Gen:  0)
 17426520      2984  31709352  0.000  0.000 4318.438  640.607    0    0  (Gen:  0)
 17470088      2760  31709480  0.000  0.000 4318.594  640.631    0    0  (Gen:  0)
 17956744      2648  31709720  0.000  0.000 4318.672  640.654    0    0  (Gen:  0)
 18505224      3000  31710360  0.000  0.000 4318.781  640.680    0    0  (Gen:  0)
 19948112      2584  31710296  0.000  0.000 4318.938  640.707    0    0  (Gen:  0)
 18730160      2232  31710328  0.000  0.000 4319.016  640.731    0    0  (Gen:  0)
 17875064  25787512  31661288  0.016  0.014 4319.172  640.771    0    0  (Gen:  1)
 17790664      2752  31661872  0.000  0.000 4319.234  640.794    0    0  (Gen:  0)
 19502160      3280  31662784  0.000  0.000 4319.391  640.820    0    0  (Gen:  0)
 17797024      2760  31662552  0.000  0.000 4319.531  640.844    0    0  (Gen:  0)
 17955736      2376  31662424  0.000  0.000 4319.609  640.867    0    0  (Gen:  0)
 18411464      3232  31663664  0.000  0.000 4319.766  640.894    0    0  (Gen:  0)
 19139616      2264  31662952  0.000  0.000 4319.906  640.921    0    0  (Gen:  0)
 18267016      2376  31663384  0.000  0.000 4319.984  640.946    0    0  (Gen:  0)
 19255624      2824  31664120  0.000  0.000 4320.141  640.971    0    0  (Gen:  0)
 18003352      2696  31664344  0.000  0.000 4320.219  640.994    0    0  (Gen:  0)
 16131936      3496  31665432  0.000  0.000 4320.328  641.015    0    0  (Gen:  0)
 18665104      5808  31667968  0.000  0.000 4320.375  641.042    0    0  (Gen:  0)
 19436824      3376  31665792  0.000  0.000 4320.531  641.067    0    0  (Gen:  0)
 17817776      3176  31665944  0.000  0.000 4320.688  641.093    0    0  (Gen:  0)
 18944952      3256  31666280  0.000  0.000 4320.766  641.120    0    0  (Gen:  0)
 18057032      2824  31666216  0.000  0.000 4320.922  641.146    0    0  (Gen:  0)
 18317896      3744  31667488  0.000  0.000 4321.031  641.172    0    0  (Gen:  0)
 19613720      3000  31666968  0.000  0.000 4321.109  641.200    0    0  (Gen:  0)
 18632216      2664  31667016  0.000  0.000 4321.266  641.225    0    0  (Gen:  0)
 18419896      3096  31667768  0.000  0.000 4321.406  641.251    0    0  (Gen:  0)
 18222352      2168  31667064  0.000  0.000 4321.469  641.277    0    0  (Gen:  0)
 19411368      2360  31667576  0.000  0.000 4321.594  641.304    0    0  (Gen:  0)
 13809984      2360  31667864  0.000  0.002 4321.656  641.349    0    0  (Gen:  0)
 18096616      3040  31668800  0.000  0.000 4321.734  641.371    0    0  (Gen:  0)
 19294344      2872  31668952  0.000  0.000 4321.859  641.397    0    0  (Gen:  0)
 19004904      2976  31669408  0.000  0.000 4322.000  641.425    0    0  (Gen:  0)
 17342480      3280  31670032  0.000  0.000 4322.078  641.447    0    0  (Gen:  0)
 18766800      2824  31669896  0.000  0.000 4322.234  641.472    0    0  (Gen:  0)
 17906944      2568  31669992  0.000  0.000 4322.312  641.498    0    0  (Gen:  0)
 19445776      3096  31670872  0.000  0.000 4322.469  641.524    0    0  (Gen:  0)
 19107944      2472  31670664  0.000  0.000 4322.594  641.549    0    0  (Gen:  0)
 18956536      3192  31671768  0.000  0.000 4322.672  641.575    0    0  (Gen:  0)
 18775184      2328  31671288  0.000  0.000 4322.828  641.599    0    0  (Gen:  0)
 19588904  25754728  31628504  0.016  0.016 4323.000  641.641    0    0  (Gen:  1)
 18563872      3464  31628576  0.000  0.000 4323.062  641.665    0    0  (Gen:  0)
 19822160      2432  31627992  0.000  0.000 4323.172  641.693    0    0  (Gen:  0)
 19832320      2808  31628688  0.000  0.000 4323.328  641.720    0    0  (Gen:  0)
 17818576      3168  31629496  0.000  0.000 4323.406  641.743    0    0  (Gen:  0)
 20054408      3048  31662808  0.000  0.000 4323.516  641.768    0    0  (Gen:  0)
 19226936      3040  31663888  0.000  0.000 4323.562  641.794    0    0  (Gen:  0)
 17077816      3216  31664520  0.000  0.000 4323.719  641.818    0    0  (Gen:  0)
 18126920      3336  31664928  0.000  0.000 4323.797  641.841    0    0  (Gen:  0)
 17727912      3064  31665072  0.000  0.000 4323.953  641.866    0    0  (Gen:  0)
 16115456      2344  31664672  0.000  0.000 4324.031  641.888    0    0  (Gen:  0)
 18644464      2880  31665624  0.000  0.000 4324.172  641.914    0    0  (Gen:  0)
 18588888      2248  31665376  0.000  0.000 4324.312  641.939    0    0  (Gen:  0)
 19309656      2560  31665976  0.000  0.000 4324.391  641.964    0    0  (Gen:  0)
 19267248      3000  31666704  0.000  0.000 4324.547  641.990    0    0  (Gen:  0)
 17580096      3368  31667392  0.000  0.000 4324.609  642.013    0    0  (Gen:  0)
 18387368      3312  31667592  0.000  0.000 4324.734  642.039    0    0  (Gen:  0)
 17203520      2392  31667056  0.000  0.000 4324.891  642.063    0    0  (Gen:  0)
 19143480      2840  31667728  0.000  0.000 4324.969  642.089    0    0  (Gen:  0)
 18343016      2744  31667952  0.000  0.000 4325.125  642.115    0    0  (Gen:  0)
 18716928      3144  31668672  0.000  0.000 4325.281  642.141    0    0  (Gen:  0)
 18530952      2544  31668392  0.000  0.000 4325.328  642.165    0    0  (Gen:  0)
 18873696      3152  31669480  0.000  0.000 4325.469  642.189    0    0  (Gen:  0)
 19473440      2688  31670168  0.000  0.000 4325.547  642.216    0    0  (Gen:  0)
 18148800      2768  31670536  0.000  0.000 4325.703  642.242    0    0  (Gen:  0)
 16789896      2632  31670720  0.000  0.000 4325.781  642.268    0    0  (Gen:  0)
 16502216      2256  31670632  0.000  0.002 4325.859  642.303    0    0  (Gen:  0)
 10712528      2512  31671144  0.000  0.000 4325.906  642.326    0    0  (Gen:  0)
 16513336      4280  31706264  0.000  0.000 4325.984  642.345    0    0  (Gen:  0)
 15748880      2384  31706352  0.000  0.000 4326.062  642.367    0    0  (Gen:  0)
 18929688      2728  31707048  0.000  0.000 4326.219  642.392    0    0  (Gen:  0)
 18516648      2824  31707400  0.000  0.000 4326.266  642.416    0    0  (Gen:  0)
 17076824      2800  31707664  0.000  0.000 4326.422  642.441    0    0  (Gen:  0)
 16630512  25710224  31649536  0.125  0.013 4326.625  642.476    0    0  (Gen:  1)
 17210808      2408  31648312  0.000  0.000 4326.781  642.501    0    0  (Gen:  0)
 18964272      2448  31648640  0.000  0.000 4326.844  642.529    0    0  (Gen:  0)
 19000232      3000  31649512  0.000  0.000 4327.000  642.555    0    0  (Gen:  0)
 18072488      2824  31649624  0.000  0.000 4327.156  642.581    0    0  (Gen:  0)
 19045584      2432  31649456  0.000  0.000 4327.234  642.607    0    0  (Gen:  0)
 18750088      2680  31650024  0.000  0.000 4327.391  642.633    0    0  (Gen:  0)
 17773888      2408  31650104  0.000  0.000 4327.547  642.657    0    0  (Gen:  0)
 19378912      3944  31651928  0.000  0.000 4327.594  642.684    0    0  (Gen:  0)
 18858176      2904  31651208  0.000  0.000 4327.750  642.711    0    0  (Gen:  0)
 18506936      2776  31651464  0.000  0.000 4327.906  642.736    0    0  (Gen:  0)
 18428880      2640  31651616  0.000  0.000 4327.969  642.760    0    0  (Gen:  0)
 18447192      2520  31651816  0.000  0.000 4328.109  642.787    0    0  (Gen:  0)
 17909088      2792  31652440  0.000  0.000 4328.266  642.811    0    0  (Gen:  0)
 18290952      2248  31652216  0.000  0.000 4328.344  642.837    0    0  (Gen:  0)
 17450216      3160  31653448  0.000  0.000 4328.500  642.862    0    0  (Gen:  0)
 18491280      2552  31653128  0.000  0.000 4328.578  642.887    0    0  (Gen:  0)
 17702768      3096  31654056  0.000  0.000 4328.734  642.912    0    0  (Gen:  0)
 19294024      2616  31653960  0.000  0.000 4328.891  642.938    0    0  (Gen:  0)
 17904408      2384  31654080  0.000  0.000 4328.969  642.964    0    0  (Gen:  0)
 17268952      2544  31654592  0.000  0.000 4329.125  642.988    0    0  (Gen:  0)
 17764608      2568  31655000  0.000  0.000 4329.188  643.012    0    0  (Gen:  0)
 18438000      2568  31655384  0.000  0.000 4329.297  643.039    0    0  (Gen:  0)
 18881832      3320  31656488  0.000  0.000 4329.438  643.063    0    0  (Gen:  0)
 19102584      2624  31656176  0.000  0.000 4329.516  643.089    0    0  (Gen:  0)
 18254048      2728  31656664  0.000  0.000 4329.672  643.114    0    0  (Gen:  0)
 16061920      3096  31657448  0.000  0.000 4329.750  643.135    0    0  (Gen:  0)
 15789584      2648  31657384  0.000  0.000 4329.828  643.154    0    0  (Gen:  0)
 17930824      3328  31658448  0.000  0.000 4329.984  643.178    0    0  (Gen:  0)
 14693728      3256  31658728  0.000  0.000 4330.062  643.197    0    0  (Gen:  0)
 17494528      3648  31659568  0.000  0.000 4330.219  643.221    0    0  (Gen:  0)
 17985536  25674264  31613576  0.094  0.014 4330.391  643.260    0    0  (Gen:  1)
 17946040      2320  31613752  0.000  0.000 4330.500  643.284    0    0  (Gen:  0)
 17267480      2248  31614000  0.000  0.000 4330.578  643.306    0    0  (Gen:  0)
 17419648      2880  31614888  0.000  0.000 4330.734  643.331    0    0  (Gen:  0)
 15698200      2480  31614776  0.000  0.007 4330.812  643.373    0    0  (Gen:  0)
 12171240      2712  31615168  0.000  0.000 4330.844  643.391    0    0  (Gen:  0)
 16573856      2648  31615328  0.000  0.000 4330.922  643.414    0    0  (Gen:  0)
 17100272      2520  31615424  0.000  0.000 4331.078  643.439    0    0  (Gen:  0)
 16073920      3240  31616368  0.000  0.000 4331.141  643.461    0    0  (Gen:  0)
 18599384      3000  31616352  0.000  0.000 4331.297  643.487    0    0  (Gen:  0)
 19596336      4192  31617800  0.000  0.000 4331.422  643.514    0    0  (Gen:  0)
 19648600      3472  31617400  0.000  0.000 4331.484  643.543    0    0  (Gen:  0)
 19334240      2760  31617008  0.000  0.000 4331.641  643.570    0    0  (Gen:  0)
 18829960      2600  31617136  0.000  0.000 4331.797  643.596    0    0  (Gen:  0)
 17218048      3216  31618072  0.000  0.000 4331.875  643.619    0    0  (Gen:  0)
 17946432      3000  31618176  0.000  0.000 4332.031  643.645    0    0  (Gen:  0)
 19344464      3992  31619456  0.000  0.000 4332.109  643.669    0    0  (Gen:  0)
 17470656      3184  31618936  0.000  0.000 4332.219  643.693    0    0  (Gen:  0)
 19172328      4192  31620200  0.000  0.000 4332.375  643.720    0    0  (Gen:  0)
 18488992      3656  31619920  0.000  0.000 4332.453  643.747    0    0  (Gen:  0)
 17978016      4184  31620768  0.000  0.000 4332.578  643.770    0    0  (Gen:  0)
 19263784      3024  31619896  0.000  0.000 4332.719  643.798    0    0  (Gen:  0)
 18745488      3304  31620464  0.000  0.000 4332.797  643.823    0    0  (Gen:  0)
 20126024      3032  31620512  0.000  0.000 4332.953  643.852    0    0  (Gen:  0)
 19614664      3184  31621016  0.000  0.000 4333.109  643.879    0    0  (Gen:  0)
 18497848      2720  31620840  0.000  0.000 4333.188  643.904    0    0  (Gen:  0)
 17006120      2520  31620992  0.000  0.000 4333.328  643.926    0    0  (Gen:  0)
 19273728      3120  31621912  0.000  0.000 4333.422  643.952    0    0  (Gen:  0)
 19514664      3960  31623200  0.000  0.000 4333.500  643.976    0    0  (Gen:  0)
 16072912      3152  31623672  0.000  0.000 4333.578  643.996    0    0  (Gen:  0)
 19214368      4088  31624976  0.000  0.000 4333.734  644.020    0    0  (Gen:  0)
 18895744      3312  31624520  0.000  0.000 4333.875  644.046    0    0  (Gen:  0)
 19698744      3072  31624568  0.000  0.000 4333.953  644.071    0    0  (Gen:  0)
 17954872      3592  31625504  0.000  0.000 4334.109  644.093    0    0  (Gen:  0)
 19247192  25638128  31577440  0.109  0.015 4334.297  644.133    0    0  (Gen:  1)
 19412992      3712  31578912  0.000  0.000 4334.406  644.158    0    0  (Gen:  0)
 19057536      2720  31578272  0.000  0.000 4334.469  644.183    0    0  (Gen:  0)
 17517456      3016  31578888  0.000  0.000 4334.578  644.205    0    0  (Gen:  0)
 17020904      2984  31579080  0.000  0.000 4334.656  644.228    0    0  (Gen:  0)
 19025968      3544  31579864  0.000  0.000 4334.812  644.253    0    0  (Gen:  0)
 18356968      3608  31580248  0.000  0.000 4334.875  644.279    0    0  (Gen:  0)
 18762112      3216  31580176  0.000  0.000 4335.031  644.304    0    0  (Gen:  0)
 15741104      3264  31580512  0.000  0.000 4335.109  644.324    0    0  (Gen:  0)
 16771576      3712  31581184  0.000  0.000 4335.234  644.346    0    0  (Gen:  0)
  9345128      2696  31580456  0.000  0.019 4335.250  644.385    0    0  (Gen:  0)
 16186224      3464  31581480  0.000  0.000 4335.328  644.403    0    0  (Gen:  0)
 18307880      3232  31581600  0.000  0.000 4335.484  644.428    0    0  (Gen:  0)
 19091704      4552  31583240  0.000  0.000 4335.641  644.453    0    0  (Gen:  0)
 17310904      3168  31582144  0.000  0.000 4335.719  644.477    0    0  (Gen:  0)
 19460928      3784  31583016  0.000  0.000 4335.844  644.501    0    0  (Gen:  0)
 16627448      3336  31582920  0.000  0.000 4335.875  644.520    0    0  (Gen:  0)
 19421456      2728  31582600  0.000  0.000 4335.938  644.545    0    0  (Gen:  0)
 17868056      3192  31583352  0.000  0.000 4336.078  644.568    0    0  (Gen:  0)
 18241648      3440  31583824  0.000  0.000 4336.156  644.591    0    0  (Gen:  0)
 18196776      3680  31584352  0.000  0.000 4336.312  644.614    0    0  (Gen:  0)
 18869304      5080  31585976  0.000  0.000 4336.391  644.639    0    0  (Gen:  0)
 17223616      5000  31586152  0.000  0.000 4336.531  644.663    0    0  (Gen:  0)
 16019232      3296  31584704  0.000  0.000 4336.594  644.681    0    0  (Gen:  0)
 18252888      2792  31584488  0.000  0.000 4336.719  644.706    0    0  (Gen:  0)
 18836256      3744  31585664  0.000  0.000 4336.797  644.731    0    0  (Gen:  0)
 19002216      3088  31585296  0.000  0.000 4336.938  644.755    0    0  (Gen:  0)
 17000112      3528  31585960  0.000  0.000 4336.969  644.777    0    0  (Gen:  0)
 16723216      3568  31586224  0.000  0.000 4337.094  644.798    0    0  (Gen:  0)
 18477400      3520  31586368  0.000  0.000 4337.172  644.821    0    0  (Gen:  0)
 19448832      3432  31586600  0.000  0.000 4337.328  644.847    0    0  (Gen:  0)
 18885992      3664  31587056  0.000  0.000 4337.406  644.872    0    0  (Gen:  0)
 18666448      3088  31586704  0.000  0.000 4337.562  644.897    0    0  (Gen:  0)
 16935296      3616  31587552  0.000  0.000 4337.609  644.918    0    0  (Gen:  0)
 19578088  25609408  31548720  0.016  0.014 4337.766  644.958    0    0  (Gen:  1)
 18967848      4640  31550888  0.000  0.000 4337.922  644.983    0    0  (Gen:  0)
 18868496      3968  31550472  0.000  0.000 4338.000  645.008    0    0  (Gen:  0)
 19477968      2696  31549424  0.000  0.000 4338.125  645.033    0    0  (Gen:  0)
 15644720      3304  31550256  0.000  0.000 4338.203  645.055    0    0  (Gen:  0)
 17734792      4376  31551584  0.000  0.000 4338.359  645.079    0    0  (Gen:  0)
 19016464      4296  31551760  0.000  0.000 4338.438  645.105    0    0  (Gen:  0)
 18978936      3856  31551544  0.000  0.000 4338.594  645.128    0    0  (Gen:  0)
 17937280      3752  31551696  0.000  0.000 4338.672  645.152    0    0  (Gen:  0)
 19379208      3528  31551728  0.000  0.000 4338.766  645.177    0    0  (Gen:  0)
 17160800      3720  31552144  0.000  0.000 4338.844  645.200    0    0  (Gen:  0)
 18973840      3008  31551656  0.000  0.000 4339.000  645.226    0    0  (Gen:  0)
 19524976      2976  31551912  0.000  0.000 4339.141  645.252    0    0  (Gen:  0)
 19067440      4088  31553248  0.000  0.000 4339.203  645.278    0    0  (Gen:  0)
 18759032      4512  31554008  0.000  0.000 4339.359  645.303    0    0  (Gen:  0)
 17423312      4256  31554040  0.000  0.000 4339.438  645.325    0    0  (Gen:  0)
 17408928      4960  31555048  0.000  0.020 4339.594  645.371    0    0  (Gen:  0)
 15025536      3808  31554120  0.000  0.000 4339.656  645.392    0    0  (Gen:  0)
 18638208      3520  31554056  0.000  0.000 4339.734  645.415    0    0  (Gen:  0)
 18550088      4200  31554928  0.000  0.000 4339.891  645.439    0    0  (Gen:  0)
 18242264      4448  31555464  0.000  0.000 4339.969  645.463    0    0  (Gen:  0)
 19025368      3544  31554832  0.000  0.000 4340.109  645.486    0    0  (Gen:  0)
 19067616      4896  31556408  0.000  0.000 4340.188  645.512    0    0  (Gen:  0)
 19828160      4184  31555920  0.000  0.000 4340.344  645.538    0    0  (Gen:  0)
 18741080      3840  31555864  0.000  0.000 4340.500  645.563    0    0  (Gen:  0)
 18737440      4144  31556360  0.000  0.000 4340.578  645.587    0    0  (Gen:  0)
 19029568      3584  31556056  0.000  0.000 4340.734  645.612    0    0  (Gen:  0)
 16846856      3016  31555776  0.000  0.000 4340.812  645.634    0    0  (Gen:  0)
 19198224      2688  31555640  0.000  0.000 4340.969  645.659    0    0  (Gen:  0)
 18806056      3920  31557128  0.000  0.000 4341.047  645.683    0    0  (Gen:  0)
 18813320      4208  31557672  0.000  0.000 4341.188  645.709    0    0  (Gen:  0)
 18388600      3464  31557152  0.000  0.000 4341.344  645.734    0    0  (Gen:  0)
 18268008      2792  31556768  0.000  0.000 4341.422  645.759    0    0  (Gen:  0)
 18945872  25584488  31523800  0.016  0.013 4341.531  645.799    0    0  (Gen:  1)
 19375920      3424  31524240  0.000  0.000 4341.688  645.827    0    0  (Gen:  0)
 17673968      4672  31525712  0.000  0.000 4341.766  645.850    0    0  (Gen:  0)
 17724192      3904  31525232  0.000  0.000 4341.844  645.872    0    0  (Gen:  0)
 18643424      3184  31525728  0.000  0.000 4342.000  645.897    0    0  (Gen:  0)
 19567200      5400  31528360  0.000  0.000 4342.125  645.923    0    0  (Gen:  0)
 18006264      3328  31526544  0.000  0.000 4342.203  645.947    0    0  (Gen:  0)
 17469760      4408  31527848  0.000  0.000 4342.359  645.968    0    0  (Gen:  0)
 18691712      3288  31527048  0.000  0.000 4342.438  645.995    0    0  (Gen:  0)
 19869864      2848  31526960  0.000  0.000 4342.578  646.021    0    0  (Gen:  0)
 18272536      2648  31527176  0.000  0.000 4342.734  646.046    0    0  (Gen:  0)
 17568608      3096  31528008  0.000  0.000 4342.812  646.069    0    0  (Gen:  0)
 19060704      3096  31528392  0.000  0.000 4342.969  646.096    0    0  (Gen:  0)
 19027112      2232  31527944  0.000  0.000 4343.047  646.122    0    0  (Gen:  0)
 18577688      2528  31528656  0.000  0.000 4343.203  646.146    0    0  (Gen:  0)
 17593376      3000  31529512  0.000  0.000 4343.281  646.169    0    0  (Gen:  0)
 18291368      2496  31529296  0.000  0.000 4343.391  646.193    0    0  (Gen:  0)
 18189224      2232  31529384  0.000  0.000 4343.547  646.219    0    0  (Gen:  0)
 19151088      2592  31530064  0.000  0.000 4343.625  646.246    0    0  (Gen:  0)
 18145344      2464  31530320  0.000  0.000 4343.781  646.271    0    0  (Gen:  0)
 19409984      3280  31531520  0.000  0.000 4343.922  646.300    0    0  (Gen:  0)
 20144656      2808  31531368  0.000  0.000 4344.078  646.329    0    0  (Gen:  0)
 15533992      3064  31531976  0.000  0.030 4344.156  646.381    0    0  (Gen:  0)
 14979968      3568  31532736  0.000  0.000 4344.188  646.400    0    0  (Gen:  0)
 18712400      2968  31532392  0.000  0.000 4344.328  646.426    0    0  (Gen:  0)
 16454032      3048  31532840  0.000  0.000 4344.391  646.448    0    0  (Gen:  0)
 19157376      3784  31533864  0.000  0.000 4344.547  646.476    0    0  (Gen:  0)
 17044456      2600  31533032  0.000  0.000 4344.703  646.500    0    0  (Gen:  0)
 17017456      4168  31534888  0.000  0.000 4344.766  646.522    0    0  (Gen:  0)
 17597064      2880  31533920  0.000  0.000 4344.906  646.548    0    0  (Gen:  0)
 17566816      2448  31533744  0.000  0.000 4344.984  646.570    0    0  (Gen:  0)
 18083544  25547840  31487152  0.000  0.013 4345.141  646.607    0    0  (Gen:  1)
 17604040      2560  31487328  0.000  0.000 4345.297  646.630    0    0  (Gen:  0)
 18637008      3232  31488288  0.000  0.000 4345.453  646.656    0    0  (Gen:  0)
 18405576      2744  31488088  0.000  0.000 4345.500  646.680    0    0  (Gen:  0)
 18362232      4184  31489848  0.000  0.000 4345.656  646.706    0    0  (Gen:  0)
 16591696      3320  31489304  0.000  0.000 4345.734  646.727    0    0  (Gen:  0)
 17499360      3984  31490192  0.000  0.000 4345.891  646.750    0    0  (Gen:  0)
 18197912      4032  31490496  0.000  0.000 4345.969  646.774    0    0  (Gen:  0)
 19312536      3264  31490048  0.000  0.000 4346.109  646.800    0    0  (Gen:  0)
 18862896      2480  31489520  0.000  0.000 4346.266  646.827    0    0  (Gen:  0)
 17879760      2616  31489976  0.000  0.000 4346.344  646.851    0    0  (Gen:  0)
 19010320      2944  31490592  0.000  0.000 4346.484  646.876    0    0  (Gen:  0)
 16809920      2720  31490624  0.000  0.000 4346.562  646.899    0    0  (Gen:  0)
 18978784      3480  31491672  0.000  0.000 4346.719  646.925    0    0  (Gen:  0)
 18180448      3624  31492136  0.000  0.000 4346.797  646.950    0    0  (Gen:  0)
 19299944      3992  31492872  0.000  0.000 4346.953  646.975    0    0  (Gen:  0)
 19445352      2264  31491496  0.000  0.000 4347.109  647.003    0    0  (Gen:  0)
 19507368      4264  31493816  0.000  0.000 4347.266  647.030    0    0  (Gen:  0)
 18392696      2784  31492688  0.000  0.000 4347.344  647.055    0    0  (Gen:  0)
 20328912      2976  31493168  0.000  0.000 4347.500  647.085    0    0  (Gen:  0)
 19245752      2664  31493144  0.000  0.000 4347.656  647.112    0    0  (Gen:  0)
 18563608      2496  31493360  0.000  0.000 4347.734  647.138    0    0  (Gen:  0)
 19093296      2944  31494160  0.000  0.000 4347.891  647.164    0    0  (Gen:  0)
 18702344      2912  31494512  0.000  0.000 4348.016  647.190    0    0  (Gen:  0)
 16981480      3080  31495000  0.000  0.000 4348.094  647.214    0    0  (Gen:  0)
 18572736      2920  31495192  0.000  0.000 4348.250  647.242    0    0  (Gen:  0)
 17232216      2536  31495128  0.000  0.000 4348.375  647.265    0    0  (Gen:  0)
 17427192      2576  31495552  0.000  0.000 4348.438  647.290    0    0  (Gen:  0)
 16924936      2848  31496112  0.000  0.000 4348.594  647.311    0    0  (Gen:  0)
 19850704      3064  31496648  0.000  0.000 4348.672  647.339    0    0  (Gen:  0)
 18692104      3192  31497128  0.000  0.000 4348.828  647.363    0    0  (Gen:  0)
 11922328      2552  31496936  0.000  0.000 4348.875  647.401    0    0  (Gen:  0)
 16350544      3392  31498064  0.000  0.000 4348.984  647.422    0    0  (Gen:  0)
 17103088  25514416  31453728  0.016  0.015 4349.078  647.458    0    0  (Gen:  1)
 16895288      2976  31454328  0.000  0.000 4349.156  647.481    0    0  (Gen:  0)
 18882368   1538896  32990608  0.000  0.001 4349.297  647.505    0    0  (Gen:  0)
 15613088      2912  32991008  0.000  0.000 4349.328  647.524    0    0  (Gen:  0)
 15726352      3440  32991856  0.000  0.000 4349.453  647.549    0    0  (Gen:  0)
 15151104      2192  32990864  0.000  0.000 4349.516  647.571    0    0  (Gen:  0)
 16129896      2688  32991648  0.000  0.000 4349.641  647.594    0    0  (Gen:  0)
 14340400      3904  32993184  0.000  0.000 4349.703  647.614    0    0  (Gen:  0)
 15637808      2448  32992016  0.000  0.000 4349.766  647.636    0    0  (Gen:  0)
 15681744      2520  32992344  0.000  0.000 4349.891  647.656    0    0  (Gen:  0)
 14948912      2400  32992544  0.000  0.000 4349.953  647.679    0    0  (Gen:  0)
 15582344      2400  32992832  0.000  0.000 4350.016  647.698    0    0  (Gen:  0)
 15695632      3168  32993952  0.000  0.000 4350.141  647.718    0    0  (Gen:  0)
 15249200      2688  32993728  0.000  0.000 4350.203  647.733    0    0  (Gen:  0)
 15431224      2112  32993536  0.000  0.000 4350.250  647.754    0    0  (Gen:  0)
 15549416      2512  33026952  0.000  0.000 4350.312  647.775    0    0  (Gen:  0)
 15238064      2152  33026912  0.000  0.000 4350.438  647.797    0    0  (Gen:  0)
 15114056      2584  33027600  0.000  0.000 4350.500  647.815    0    0  (Gen:  0)
 16282440      2720  33027960  0.000  0.000 4350.562  647.838    0    0  (Gen:  0)
 15678664      4232  33029728  0.000  0.000 4350.688  647.859    0    0  (Gen:  0)
 16352280      2688  33028504  0.000  0.000 4350.750  647.883    0    0  (Gen:  0)
 15211480      2320  33028440  0.000  0.000 4350.812  647.904    0    0  (Gen:  0)
 14913208      2504  33028848  0.000  0.000 4350.891  647.925    0    0  (Gen:  0)
 11803120   1539016  34565656  0.000  0.001 4350.938  647.941    0    0  (Gen:  0)
 11518760      2960  34565768  0.000  0.000 4350.984  647.955    0    0  (Gen:  0)
 11886800      1632  34564600  0.000  0.000 4351.031  647.973    0    0  (Gen:  0)
 11626552      1888  34565016  0.000  0.000 4351.078  647.988    0    0  (Gen:  0)
 11292696      1760  34565112  0.000  0.000 4351.125  648.003    0    0  (Gen:  0)
 11593240      1824  34565272  0.000  0.000 4351.172  648.021    0    0  (Gen:  0)
 11704672      2352  34565992  0.000  0.000 4351.219  648.034    0    0  (Gen:  0)
 11200904      2288  34566088  0.000  0.000 4351.266  648.049    0    0  (Gen:  0)
 12050464      1520  34565480  0.000  0.000 4351.312  648.070    0    0  (Gen:  0)
 11195976      1840  34565960  0.000  0.000 4351.359  648.083    0    0  (Gen:  0)
 11784512      1600  34565880  0.000  0.000 4351.406  648.100    0    0  (Gen:  0)
 11621576      1608  34566080  0.000  0.000 4351.453  648.114    0    0  (Gen:  0)
 11818696      1496  34566192  0.000  0.000 4351.500  648.128    0    0  (Gen:  0)
 11774048      2352  34567176  0.000  0.000 4351.547  648.143    0    0  (Gen:  0)
 11711656      1792  34566776  0.000  0.000 4351.594  648.164    0    0  (Gen:  0)
 11368896      1440  34566616  0.000  0.000 4351.625  648.178    0    0  (Gen:  0)
 12011768      2016  34567352  0.000  0.000 4351.672  648.195    0    0  (Gen:  0)
 12270704      1520  34567048  0.000  0.000 4351.719  648.211    0    0  (Gen:  0)
 11164152      1456  34567176  0.000  0.000 4351.766  648.223    0    0  (Gen:  0)
 11005800      1520  34567432  0.000  0.000 4351.812  648.240    0    0  (Gen:  0)
 11463744      1640  34567744  0.000  0.000 4351.859  648.253    0    0  (Gen:  0)
 11954472  28552408  32558424  0.016  0.019 4351.922  648.287    0    0  (Gen:  1)
 11525200      1928  32558632  0.000  0.000 4351.953  648.300    0    0  (Gen:  0)
 11716632      1848  32558776  0.000  0.000 4352.000  648.318    0    0  (Gen:  0)
 12018896      1712  32558832  0.000  0.000 4352.047  648.332    0    0  (Gen:  0)
 11947896      1920  32559264  0.000  0.000 4352.094  648.350    0    0  (Gen:  0)
 11926776      1728  32559328  0.000  0.000 4352.141  648.371    0    0  (Gen:  0)
 11629440      2040  32559864  0.000  0.000 4352.234  648.389    0    0  (Gen:  0)
 10517184      2904  32560952  0.000  0.003 4352.234  648.406    0    0  (Gen:  0)
  7213808      2480  32560720  0.000  0.000 4352.234  648.428    0    0  (Gen:  0)
 11259664      1960  32560360  0.000  0.000 4352.281  648.444    0    0  (Gen:  0)
  9017608      2600  32561464  0.000  0.000 4352.328  648.452    0    0  (Gen:  0)
 10815256      2072  32561960  0.000  0.000 4352.328  648.466    0    0  (Gen:  0)
 12220656      1656  32561848  0.000  0.000 4352.422  648.486    0    0  (Gen:  0)
 11597904      1680  32562064  0.000  0.000 4352.469  648.499    0    0  (Gen:  0)
 11850376      1872  32562480  0.000  0.000 4352.500  648.518    0    0  (Gen:  0)
 10907368      2816  32563584  0.000  0.000 4352.516  648.536    0    0  (Gen:  0)
 11636424      1624  32562552  0.000  0.000 4352.562  648.550    0    0  (Gen:  0)
 11652176      2128  32563216  0.000  0.000 4352.609  648.564    0    0  (Gen:  0)
 11966008      1648  32562896  0.000  0.000 4352.656  648.581    0    0  (Gen:  0)
 11802048      1528  32562968  0.000  0.000 4352.703  648.600    0    0  (Gen:  0)
 12129552      2952  32564552  0.000  0.000 4352.750  648.615    0    0  (Gen:  0)
 11892680      1416  32563176  0.000  0.000 4352.797  648.635    0    0  (Gen:  0)
 12047040      2192  32564144  0.000  0.000 4352.844  648.652    0    0  (Gen:  0)
 11596848      2504  32564648  0.000  0.000 4352.891  648.666    0    0  (Gen:  0)
 11893624      1424  32563760  0.000  0.000 4352.984  648.686    0    0  (Gen:  0)
 11701440      1880  32564408  0.000  0.000 4353.031  648.702    0    0  (Gen:  0)
 11090064      1960  32564648  0.000  0.000 4353.031  648.715    0    0  (Gen:  0)
 11390480      1792  32564640  0.000  0.000 4353.125  648.733    0    0  (Gen:  0)
 11902232      1272  32564280  0.000  0.000 4353.172  648.753    0    0  (Gen:  0)
 11707168      1616  32564784  0.000  0.000 4353.219  648.767    0    0  (Gen:  0)
 11848696      1432  32564824  0.000  0.000 4353.250  648.782    0    0  (Gen:  0)
 11736064      1320  32564936  0.000  0.000 4353.297  648.800    0    0  (Gen:  0)
 11855888      1424  32565296  0.000  0.000 4353.344  648.818    0    0  (Gen:  0)
 11570560      1600  32565664  0.000  0.000 4353.391  648.833    0    0  (Gen:  0)
 11618248      2896  32567184  0.000  0.000 4353.438  648.847    0    0  (Gen:  0)
 11778912      1320  32565768  0.000  0.000 4353.484  648.864    0    0  (Gen:  0)
 11644992      1744  32566448  0.000  0.000 4353.531  648.878    0    0  (Gen:  0)
 11233936      1808  32566672  0.000  0.000 4353.578  648.894    0    0  (Gen:  0)
 11908200      1448  32566504  0.000  0.000 4353.609  648.915    0    0  (Gen:  0)
 11921920      1288  32566504  0.000  0.000 4353.656  648.935    0    0  (Gen:  0)
 10955216      2312  32567752  0.000  0.000 4353.672  648.950    0    0  (Gen:  0)
 11226080      1368  32567000  0.000  0.000 4353.766  648.970    0    0  (Gen:  0)
 12032680      2376  32568136  0.000  0.000 4353.812  648.988    0    0  (Gen:  0)
 12086152      1528  32567512  0.000  0.000 4353.859  649.007    0    0  (Gen:  0)
 12027904      1352  32567528  0.000  0.000 4353.906  649.027    0    0  (Gen:  0)
 11018304      2296  32568664  0.000  0.000 4353.953  649.045    0    0  (Gen:  0)
 11676912      1432  32567992  0.000  0.000 4354.000  649.059    0    0  (Gen:  0)
 12173088      1832  32568584  0.000  0.000 4354.094  649.077    0    0  (Gen:  0)
 11481200      2712  32569656  0.000  0.000 4354.141  649.093    0    0  (Gen:  0)
 11941960      1480  32568584  0.000  0.000 4354.188  649.108    0    0  (Gen:  0)
  8763656  28518168  32524184  0.125  0.018 4354.312  649.138    0    0  (Gen:  1)
 11250376      1472  32524032  0.000  0.000 4354.406  649.156    0    0  (Gen:  0)
 11307576      1952  32524704  0.000  0.000 4354.453  649.175    0    0  (Gen:  0)
 11593936      1832  32524744  0.000  0.000 4354.500  649.192    0    0  (Gen:  0)
 11856824      1656  32524728  0.000  0.000 4354.547  649.212    0    0  (Gen:  0)
 11834064      1880  32525176  0.000  0.000 4354.594  649.229    0    0  (Gen:  0)
 12053848      1816  32525272  0.000  0.000 4354.641  649.248    0    0  (Gen:  0)
 11819528      2984  32526632  0.000  0.000 4354.734  649.265    0    0  (Gen:  0)
 11904136      2888  32526664  0.000  0.000 4354.781  649.283    0    0  (Gen:  0)
 11720480      1680  32525616  0.000  0.000 4354.828  649.300    0    0  (Gen:  0)
 12205952      1448  32525576  0.000  0.000 4354.875  649.320    0    0  (Gen:  0)
 11968240      1424  32525776  0.000  0.000 4354.922  649.338    0    0  (Gen:  0)
 11504104      1576  32526152  0.000  0.000 4354.969  649.355    0    0  (Gen:  0)
 11609880      1648  32526480  0.000  0.000 4355.016  649.373    0    0  (Gen:  0)
 11201648      1840  32526896  0.000  0.000 4355.062  649.388    0    0  (Gen:  0)
 11112944      2040  32527320  0.000  0.000 4355.109  649.403    0    0  (Gen:  0)
 10039776      2016  32528000  0.000  0.024 4355.156  649.441    0    0  (Gen:  0)
 11376192      1776  32528464  0.000  0.000 4355.203  649.457    0    0  (Gen:  0)
 11291296      2688  32529648  0.000  0.000 4355.250  649.474    0    0  (Gen:  0)
 10903664      1272  32528424  0.000  0.000 4355.281  649.486    0    0  (Gen:  0)
 11742120      2000  32529312  0.000  0.000 4355.328  649.500    0    0  (Gen:  0)
 11481408      2280  32529784  0.016  0.000 4355.344  649.514    0    0  (Gen:  0)
 11427872      2464  32530128  0.000  0.000 4355.391  649.530    0    0  (Gen:  0)
 11819304      2576  32530400  0.000  0.000 4355.391  649.544    0    0  (Gen:  0)
 11633400      1400  32529352  0.000  0.000 4355.484  649.562    0    0  (Gen:  0)
 12291208      3096  32531208  0.000  0.000 4355.531  649.579    0    0  (Gen:  0)
 11162376      1576  32529880  0.000  0.000 4355.531  649.591    0    0  (Gen:  0)
 11706864      1664  32530096  0.000  0.000 4355.578  649.606    0    0  (Gen:  0)
 12233888      1840  32530432  0.000  0.000 4355.672  649.624    0    0  (Gen:  0)
 11210368      1400  32530152  0.000  0.000 4355.719  649.639    0    0  (Gen:  0)
 11755768      2200  32531112  0.000  0.000 4355.719  649.653    0    0  (Gen:  0)
 11405864      2904  32531976  0.000  0.000 4355.766  649.669    0    0  (Gen:  0)
 11377720      2880  32532080  0.000  0.000 4355.812  649.685    0    0  (Gen:  0)
 11429960      1928  32531256  0.000  0.000 4355.906  649.703    0    0  (Gen:  0)
 12139568      1912  32531368  0.000  0.000 4355.953  649.720    0    0  (Gen:  0)
 11333784      1400  32531016  0.000  0.000 4356.000  649.734    0    0  (Gen:  0)
 11533400      1960  32531768  0.000  0.000 4356.000  649.748    0    0  (Gen:  0)
 12138568      1808  32531744  0.000  0.000 4356.047  649.762    0    0  (Gen:  0)
 11720736      2152  32532248  0.000  0.000 4356.094  649.775    0    0  (Gen:  0)
 11372160      2000  32532224  0.000  0.000 4356.141  649.789    0    0  (Gen:  0)
 12196496      1432  32531784  0.000  0.000 4356.188  649.804    0    0  (Gen:  0)
 12227304      2152  32532664  0.000  0.000 4356.234  649.819    0    0  (Gen:  0)
 12024896      2888  32533528  0.000  0.000 4356.281  649.834    0    0  (Gen:  0)
 11667304      1784  32532584  0.000  0.000 4356.328  649.848    0    0  (Gen:  0)
 11825976      1336  32532296  0.000  0.000 4356.375  649.861    0    0  (Gen:  0)
 11853912      2192  32533280  0.000  0.000 4356.422  649.875    0    0  (Gen:  0)
 11816424      2448  32533696  0.000  0.000 4356.469  649.893    0    0  (Gen:  0)
 11277648      1984  32533424  0.000  0.000 4356.516  649.909    0    0  (Gen:  0)
 11915000      2552  32534120  0.000  0.000 4356.562  649.925    0    0  (Gen:  0)
 11432096  28487736  32493752  0.016  0.020 4356.625  649.958    0    0  (Gen:  1)
 10754408      2184  32494696  0.000  0.000 4356.672  649.973    0    0  (Gen:  0)
 11475584      1760  32494432  0.000  0.000 4356.719  649.993    0    0  (Gen:  0)
 12268720      1600  32494432  0.000  0.000 4356.766  650.011    0    0  (Gen:  0)
 11975560      2712  32495736  0.000  0.000 4356.812  650.026    0    0  (Gen:  0)
 11230640      2808  32495960  0.000  0.000 4356.859  650.043    0    0  (Gen:  0)
 11013632      1912  32495192  0.000  0.000 4356.906  650.060    0    0  (Gen:  0)
 11822992      2976  32496448  0.000  0.000 4357.000  650.078    0    0  (Gen:  0)
 11444952      2504  32496104  0.000  0.000 4357.047  650.093    0    0  (Gen:  0)
 11990720      1824  32495584  0.000  0.000 4357.094  650.113    0    0  (Gen:  0)
 11604528      1968  32495920  0.000  0.000 4357.141  650.127    0    0  (Gen:  0)
 12319336      1472  32495552  0.000  0.000 4357.188  650.143    0    0  (Gen:  0)
 12027944      1552  32495824  0.000  0.000 4357.234  650.157    0    0  (Gen:  0)
 12274664      2304  32496736  0.000  0.000 4357.281  650.172    0    0  (Gen:  0)
 12127808      1992  32496616  0.000  0.000 4357.328  650.188    0    0  (Gen:  0)
 11784760      3792  32498608  0.000  0.000 4357.375  650.205    0    0  (Gen:  0)
 11884880      1656  32496568  0.000  0.000 4357.422  650.220    0    0  (Gen:  0)
 11990560      2304  32497408  0.000  0.000 4357.469  650.237    0    0  (Gen:  0)
 11195104      2040  32497336  0.000  0.000 4357.516  650.255    0    0  (Gen:  0)
 11559000      2152  32497608  0.000  0.000 4357.562  650.270    0    0  (Gen:  0)
 11030296      2824  32498408  0.000  0.000 4357.609  650.285    0    0  (Gen:  0)
 12234960      2408  32531424  0.000  0.000 4357.656  650.302    0    0  (Gen:  0)
 11582024      2408  32532168  0.000  0.000 4357.703  650.316    0    0  (Gen:  0)
 11801008      1824  32531776  0.000  0.000 4357.750  650.332    0    0  (Gen:  0)
 11690968      2328  32532408  0.000  0.000 4357.797  650.353    0    0  (Gen:  0)
 11219616      1904  32532144  0.000  0.000 4357.844  650.366    0    0  (Gen:  0)
 12240632      1784  32532184  0.000  0.000 4357.891  650.382    0    0  (Gen:  0)
 11747064      1584  32532144  0.000  0.000 4357.938  650.401    0    0  (Gen:  0)
 10659616      1984  32532704  0.000  0.000 4357.969  650.418    0    0  (Gen:  0)
  9636536      1816  32532632  0.000  0.000 4358.016  650.462    0    0  (Gen:  0)
 10077768      2144  32533088  0.000  0.000 4358.062  650.476    0    0  (Gen:  0)
 11491368      2384  32533488  0.000  0.000 4358.109  650.491    0    0  (Gen:  0)
 11962976      1584  32532880  0.000  0.000 4358.156  650.507    0    0  (Gen:  0)
 11374848      1648  32533040  0.000  0.000 4358.203  650.526    0    0  (Gen:  0)
 12096232      1976  32533528  0.000  0.000 4358.250  650.542    0    0  (Gen:  0)
 11765856      1672  32533384  0.000  0.000 4358.297  650.559    0    0  (Gen:  0)
 11305432      1720  32533560  0.016  0.000 4358.359  650.576    0    0  (Gen:  0)
 12133616      1608  32533608  0.000  0.000 4358.359  650.591    0    0  (Gen:  0)
 11535680      1648  32533808  0.000  0.000 4358.406  650.606    0    0  (Gen:  0)
 10481664      1448  32533736  0.000  0.000 4358.453  650.617    0    0  (Gen:  0)
 11181456      1616  32534160  0.000  0.000 4358.500  650.636    0    0  (Gen:  0)
 11252608      1488  32534256  0.000  0.000 4358.547  650.652    0    0  (Gen:  0)
 11508808      2024  32535048  0.000  0.000 4358.594  650.664    0    0  (Gen:  0)
 11923792      1688  32534968  0.000  0.000 4358.641  650.683    0    0  (Gen:  0)
 11489520      1488  32535056  0.000  0.000 4358.672  650.699    0    0  (Gen:  0)
 11724560      1304  32535128  0.000  0.000 4358.719  650.713    0    0  (Gen:  0)
 11959848      1496  32535512  0.000  0.000 4358.812  650.733    0    0  (Gen:  0)
 11793368  28457832  32496616  0.016  0.020 4358.859  650.774    0    0  (Gen:  1)
 11369776      1256  32496760  0.000  0.000 4358.906  650.792    0    0  (Gen:  0)
 12167320      1632  32497328  0.000  0.000 4359.000  650.813    0    0  (Gen:  0)
 11615752      1560  32497480  0.000  0.000 4359.047  650.826    0    0  (Gen:  0)
 11779264      1704  32497752  0.000  0.000 4359.094  650.844    0    0  (Gen:  0)
 11032104      1672  32497912  0.000  0.000 4359.094  650.856    0    0  (Gen:  0)
 12150776      1400  32497768  0.000  0.000 4359.188  650.874    0    0  (Gen:  0)
 11750328      1464  32497992  0.000  0.000 4359.234  650.895    0    0  (Gen:  0)
 10642584      1808  32498528  0.000  0.000 4359.281  650.907    0    0  (Gen:  0)
 12241936      1536  32498416  0.000  0.000 4359.328  650.925    0    0  (Gen:  0)
 11437136      1832  32498904  0.000  0.000 4359.375  650.940    0    0  (Gen:  0)
 11456760      1512  32498744  0.000  0.000 4359.422  650.955    0    0  (Gen:  0)
 11897600      1592  32499016  0.000  0.000 4359.469  650.974    0    0  (Gen:  0)
 11434496      1424  32499072  0.000  0.000 4359.500  650.989    0    0  (Gen:  0)
 11319952      1864  32499704  0.000  0.000 4359.547  651.003    0    0  (Gen:  0)
 12012400      1480  32499544  0.000  0.000 4359.578  651.025    0    0  (Gen:  0)
 11926592      2168  32500392  0.000  0.000 4359.625  651.043    0    0  (Gen:  0)
 12178896      1672  32500056  0.000  0.000 4359.719  651.064    0    0  (Gen:  0)
 11459600      1640  32500248  0.000  0.000 4359.719  651.076    0    0  (Gen:  0)
 11922312      1816  32500616  0.000  0.000 4359.812  651.094    0    0  (Gen:  0)
 11619272      1720  32500680  0.000  0.000 4359.859  651.108    0    0  (Gen:  0)
 10495440      2104  32501288  0.000  0.000 4359.859  651.123    0    0  (Gen:  0)
 11110480      2040  32501384  0.000  0.000 4359.906  651.138    0    0  (Gen:  0)
 11656488      2016  32501552  0.000  0.000 4359.953  651.151    0    0  (Gen:  0)
 12050672      1944  32501608  0.000  0.000 4360.047  651.171    0    0  (Gen:  0)
 12007592      2008  32501896  0.000  0.000 4360.094  651.188    0    0  (Gen:  0)
 11212416      1816  32501864  0.000  0.000 4360.141  651.202    0    0  (Gen:  0)
 12299784      1720  32501960  0.000  0.000 4360.141  651.215    0    0  (Gen:  0)
 11793312      1664  32502128  0.000  0.000 4360.234  651.235    0    0  (Gen:  0)
 11936416      2328  32502984  0.000  0.000 4360.281  651.250    0    0  (Gen:  0)
 11227976      1640  32502552  0.000  0.000 4360.281  651.262    0    0  (Gen:  0)
 11131392      2040  32503144  0.000  0.000 4360.312  651.276    0    0  (Gen:  0)
 11773232      2296  32503592  0.000  0.000 4360.359  651.295    0    0  (Gen:  0)
 11602664      1640  32503160  0.000  0.000 4360.406  651.310    0    0  (Gen:  0)
 11220384      2712  32504424  0.000  0.000 4360.453  651.324    0    0  (Gen:  0)
 11153368      2272  32504208  0.000  0.000 4360.500  651.337    0    0  (Gen:  0)
 11482456      1832  32503960  0.000  0.000 4360.547  651.353    0    0  (Gen:  0)
 12190328      1624  32503944  0.000  0.000 4360.641  651.373    0    0  (Gen:  0)
 11950936      1792  32504368  0.000  0.000 4360.641  651.389    0    0  (Gen:  0)
 11626856      2368  32505200  0.000  0.000 4360.641  651.401    0    0  (Gen:  0)
 11554464      2416  32505504  0.000  0.000 4360.672  651.418    0    0  (Gen:  0)
 11770040      2936  32506280  0.000  0.002 4360.719  651.435    0    0  (Gen:  0)
 10597768      1528  32505128  0.000  0.001 4360.734  651.465    0    0  (Gen:  0)
 11613848      2616  32506472  0.000  0.000 4360.781  651.480    0    0  (Gen:  0)
 10878112      2416  32506496  0.000  0.000 4360.828  651.495    0    0  (Gen:  0)
 11612088      2208  32506512  0.000  0.000 4360.875  651.511    0    0  (Gen:  0)
 12269592      2088  32506584  0.000  0.000 4360.953  651.531    0    0  (Gen:  0)
 11768976      1952  32506672  0.000  0.000 4361.000  651.551    0    0  (Gen:  0)
 11917080      1616  32506496  0.000  0.000 4361.047  651.569    0    0  (Gen:  0)
 12231344      2016  32507056  0.000  0.000 4361.094  651.586    0    0  (Gen:  0)
 11986304  28426712  32465496  0.016  0.018 4361.156  651.618    0    0  (Gen:  1)
 11826120      2008  32465464  0.000  0.000 4361.203  651.632    0    0  (Gen:  0)
 11831744      1800  32465416  0.000  0.000 4361.250  651.653    0    0  (Gen:  0)
 12000896      2400  32466208  0.000  0.000 4361.344  651.675    0    0  (Gen:  0)
 11738456      1616  32465648  0.000  0.000 4361.391  651.691    0    0  (Gen:  0)
 11439728      2088  32466344  0.000  0.000 4361.438  651.706    0    0  (Gen:  0)
 12155400      2136  32466552  0.000  0.000 4361.484  651.724    0    0  (Gen:  0)
 11445448      3264  32467904  0.000  0.000 4361.531  651.741    0    0  (Gen:  0)
 12000512      2344  32467176  0.000  0.000 4361.578  651.759    0    0  (Gen:  0)
 11800896      2080  32467104  0.000  0.000 4361.625  651.774    0    0  (Gen:  0)
 11765688      1680  32466928  0.000  0.000 4361.672  651.790    0    0  (Gen:  0)
 12144088      2104  32467544  0.000  0.000 4361.703  651.807    0    0  (Gen:  0)
 11025016      2272  32467936  0.000  0.000 4361.750  651.822    0    0  (Gen:  0)
 11493896      2208  32468000  0.000  0.000 4361.797  651.840    0    0  (Gen:  0)
 10570136      1712  32467696  0.000  0.000 4361.844  651.857    0    0  (Gen:  0)
 12105496      2104  32468248  0.000  0.000 4361.891  651.873    0    0  (Gen:  0)
 11393664      2576  32468912  0.000  0.000 4361.938  651.888    0    0  (Gen:  0)
 11800184      2056  32468552  0.000  0.000 4362.031  651.905    0    0  (Gen:  0)
 11763400      1904  32468560  0.000  0.000 4362.078  651.921    0    0  (Gen:  0)
 11766312      1816  32468696  0.000  0.000 4362.125  651.937    0    0  (Gen:  0)
 11228648      2056  32469096  0.000  0.000 4362.172  651.952    0    0  (Gen:  0)
 12191776      1936  32469200  0.000  0.000 4362.172  651.967    0    0  (Gen:  0)
 12013344      1672  32469160  0.000  0.000 4362.234  651.984    0    0  (Gen:  0)
 11965528      2328  32470040  0.000  0.000 4362.281  652.003    0    0  (Gen:  0)
 11429960      1648  32469584  0.000  0.000 4362.328  652.017    0    0  (Gen:  0)
 11561328      1568  32469664  0.000  0.000 4362.375  652.031    0    0  (Gen:  0)
 12461616      2216  32470504  0.000  0.000 4362.422  652.050    0    0  (Gen:  0)
 12049440      2440  32503680  0.000  0.000 4362.469  652.065    0    0  (Gen:  0)
 11732696      1656  32503088  0.000  0.000 4362.516  652.080    0    0  (Gen:  0)
 10869544      2888  32504544  0.000  0.000 4362.516  652.091    0    0  (Gen:  0)
 11906952      1784  32503632  0.000  0.000 4362.562  652.107    0    0  (Gen:  0)
 12376936      2600  32504640  0.000  0.000 4362.656  652.128    0    0  (Gen:  0)
 11450904      2352  32504616  0.000  0.000 4362.703  652.141    0    0  (Gen:  0)
 11897016      1432  32503856  0.000  0.000 4362.750  652.161    0    0  (Gen:  0)
 12021264      1512  32504128  0.000  0.000 4362.797  652.179    0    0  (Gen:  0)
 11855296      1624  32504432  0.000  0.000 4362.844  652.194    0    0  (Gen:  0)
 11473176      1648  32504680  0.000  0.000 4362.891  652.210    0    0  (Gen:  0)
 11848576      3056  32506288  0.000  0.000 4362.938  652.225    0    0  (Gen:  0)
 11981792      1944  32505336  0.000  0.000 4362.984  652.240    0    0  (Gen:  0)
 11799320      2104  32505720  0.000  0.000 4363.031  652.258    0    0  (Gen:  0)
 11866512      1744  32505616  0.000  0.000 4363.078  652.277    0    0  (Gen:  0)
 11146432      1904  32505936  0.000  0.000 4363.125  652.290    0    0  (Gen:  0)
 11569128      2720  32506944  0.000  0.000 4363.172  652.308    0    0  (Gen:  0)
 11249040      1480  32505864  0.000  0.000 4363.188  652.324    0    0  (Gen:  0)
 11828696      2984  32507528  0.000  0.000 4363.234  652.339    0    0  (Gen:  0)
 11659992      2464  32507200  0.000  0.000 4363.281  652.357    0    0  (Gen:  0)
 11972128      2832  32507696  0.000  0.000 4363.375  652.376    0    0  (Gen:  0)
 11402592      1520  32506576  0.000  0.000 4363.422  652.389    0    0  (Gen:  0)
 11443248  28396272  32467824  0.016  0.017 4363.484  652.424    0    0  (Gen:  1)
 11468024      1904  32468224  0.000  0.000 4363.531  652.437    0    0  (Gen:  0)
 11609800      1680  32468224  0.000  0.000 4363.531  652.451    0    0  (Gen:  0)
 10565856      3728  32470432  0.016  0.001 4363.594  652.467    0    0  (Gen:  0)
 12318904      2176  32469040  0.000  0.000 4363.609  652.501    0    0  (Gen:  0)
  9840040      2080  32469072  0.000  0.000 4363.641  652.515    0    0  (Gen:  0)
 10690360      2272  32469424  0.000  0.000 4363.641  652.526    0    0  (Gen:  0)
 11928416      1600  32468912  0.000  0.000 4363.688  652.542    0    0  (Gen:  0)
 11519384      1312  32468848  0.000  0.000 4363.781  652.562    0    0  (Gen:  0)
 11981304      1768  32469464  0.000  0.000 4363.828  652.580    0    0  (Gen:  0)
 11348232      2256  32470144  0.000  0.000 4363.875  652.592    0    0  (Gen:  0)
 11578312      1584  32469664  0.000  0.000 4363.875  652.606    0    0  (Gen:  0)
 11767760      2216  32470488  0.000  0.000 4363.922  652.621    0    0  (Gen:  0)
 11812464      1768  32470232  0.000  0.000 4364.016  652.639    0    0  (Gen:  0)
 11228896      1752  32470920  0.000  0.000 4364.016  652.653    0    0  (Gen:  0)
 11710528      1784  32471688  0.000  0.000 4364.062  652.668    0    0  (Gen:  0)
 11330688      2152  32472216  0.000  0.000 4364.156  652.689    0    0  (Gen:  0)
 11703432      1704  32471960  0.000  0.000 4364.203  652.705    0    0  (Gen:  0)
 11924288      1624  32472040  0.000  0.000 4364.250  652.718    0    0  (Gen:  0)
 11767936      1960  32472600  0.000  0.000 4364.297  652.734    0    0  (Gen:  0)
 12294288      3368  32474200  0.000  0.000 4364.344  652.751    0    0  (Gen:  0)
 12149424      2248  32473272  0.000  0.000 4364.391  652.771    0    0  (Gen:  0)
 12173464      1672  32472888  0.000  0.000 4364.438  652.787    0    0  (Gen:  0)
 11623368      2088  32473528  0.000  0.000 4364.484  652.803    0    0  (Gen:  0)
 12184304      1760  32473392  0.000  0.000 4364.531  652.818    0    0  (Gen:  0)
 11625432      1584  32473440  0.000  0.000 4364.578  652.838    0    0  (Gen:  0)
 12051800      1512  32473560  0.000  0.000 4364.672  652.860    0    0  (Gen:  0)
 11580696      1432  32473672  0.000  0.000 4364.719  652.875    0    0  (Gen:  0)
 10926512      1368  32473800  0.000  0.000 4364.719  652.888    0    0  (Gen:  0)
 11127792      1616  32474240  0.000  0.000 4364.766  652.901    0    0  (Gen:  0)
 12061464      2080  32474928  0.000  0.000 4364.859  652.921    0    0  (Gen:  0)
 12020392      2072  32475080  0.000  0.000 4364.906  652.943    0    0  (Gen:  0)
 11898728      1456  32474688  0.000  0.000 4364.953  652.959    0    0  (Gen:  0)
 11907824      1496  32474952  0.000  0.000 4365.000  652.976    0    0  (Gen:  0)
 12101784      1600  32475280  0.000  0.000 4365.047  652.992    0    0  (Gen:  0)
 11351616      1400  32475240  0.000  0.000 4365.094  653.008    0    0  (Gen:  0)
 11479720      1576  32475640  0.000  0.000 4365.141  653.024    0    0  (Gen:  0)
 11532968      1864  32476184  0.000  0.000 4365.188  653.038    0    0  (Gen:  0)
 11629632      1856  32476400  0.000  0.000 4365.234  653.054    0    0  (Gen:  0)
 11511488      2056  32476760  0.000  0.000 4365.281  653.075    0    0  (Gen:  0)
 11816680      1288  32476248  0.000  0.000 4365.375  653.092    0    0  (Gen:  0)
 12005688      1960  32477144  0.000  0.000 4365.422  653.115    0    0  (Gen:  0)
 11688272      1616  32476992  0.000  0.000 4365.469  653.134    0    0  (Gen:  0)
 11462400      1760  32477360  0.000  0.000 4365.516  653.153    0    0  (Gen:  0)
 11383248      1888  32477712  0.000  0.000 4365.562  653.167    0    0  (Gen:  0)
 11194464      2504  32478520  0.000  0.000 4365.609  653.180    0    0  (Gen:  0)
 11783720      1568  32477776  0.000  0.000 4365.656  653.198    0    0  (Gen:  0)
 11758344      1392  32477824  0.000  0.000 4365.688  653.213    0    0  (Gen:  0)
 11346904      1912  32478568  0.000  0.000 4365.734  653.226    0    0  (Gen:  0)
 11887304      1432  32478248  0.000  0.000 4365.781  653.246    0    0  (Gen:  0)
 11603280      1592  32478664  0.000  0.000 4365.875  653.265    0    0  (Gen:  0)
 11274856  28359872  32431424  0.094  0.019 4365.969  653.297    0    0  (Gen:  1)
 10500152      1752  32431776  0.000  0.000 4366.016  653.314    0    0  (Gen:  0)
 12030504      1480  32431664  0.000  0.000 4366.062  653.328    0    0  (Gen:  0)
 11959560      1688  32432064  0.000  0.000 4366.109  653.347    0    0  (Gen:  0)
 11909008      1944  32432512  0.000  0.000 4366.156  653.364    0    0  (Gen:  0)
 11580008      1608  32432336  0.000  0.000 4366.203  653.377    0    0  (Gen:  0)
 11911056      1800  32432720  0.000  0.000 4366.250  653.393    0    0  (Gen:  0)
 10446512      2416  32433528  0.000  0.000 4366.297  653.405    0    0  (Gen:  0)
 11760312      1928  32433968  0.000  0.000 4366.344  653.426    0    0  (Gen:  0)
 12212272      1704  32434224  0.000  0.000 4366.391  653.444    0    0  (Gen:  0)
 12142680      2048  32434760  0.000  0.008 4366.438  653.482    0    0  (Gen:  0)
 10183600      2136  32434976  0.000  0.000 4366.469  653.500    0    0  (Gen:  0)
 11471336      1936  32434936  0.000  0.000 4366.516  653.518    0    0  (Gen:  0)
 11575160      2576  32435704  0.000  0.000 4366.562  653.533    0    0  (Gen:  0)
 11351480      1984  32435240  0.000  0.000 4366.609  653.550    0    0  (Gen:  0)
 11358608      1440  32434824  0.000  0.000 4366.656  653.564    0    0  (Gen:  0)
 11579776      1376  32434920  0.000  0.000 4366.703  653.579    0    0  (Gen:  0)
 10997024      1520  32435160  0.000  0.000 4366.750  653.593    0    0  (Gen:  0)
 11371536      2840  32436608  0.000  0.000 4366.797  653.612    0    0  (Gen:  0)
 11930576      1720  32435616  0.000  0.000 4366.844  653.626    0    0  (Gen:  0)
 11879856      2496  32436552  0.000  0.000 4366.891  653.645    0    0  (Gen:  0)
 11627840      1584  32435768  0.000  0.000 4366.938  653.662    0    0  (Gen:  0)
 11493304      1992  32436304  0.000  0.000 4366.984  653.677    0    0  (Gen:  0)
 11846000      2184  32436656  0.000  0.000 4367.016  653.691    0    0  (Gen:  0)
 11524912      2400  32437032  0.000  0.000 4367.062  653.710    0    0  (Gen:  0)
 11135640      1832  32436592  0.000  0.000 4367.109  653.724    0    0  (Gen:  0)
 11262120      1472  32436392  0.000  0.000 4367.156  653.741    0    0  (Gen:  0)
 11997776      1504  32436616  0.000  0.000 4367.203  653.762    0    0  (Gen:  0)
 11883592      1472  32436744  0.000  0.000 4367.250  653.775    0    0  (Gen:  0)
 11752272      1440  32436840  0.000  0.000 4367.297  653.792    0    0  (Gen:  0)
 11554440      2024  32437680  0.000  0.000 4367.391  653.811    0    0  (Gen:  0)
 11522544      2088  32437872  0.000  0.000 4367.438  653.830    0    0  (Gen:  0)
 11497040      1600  32437480  0.000  0.000 4367.484  653.847    0    0  (Gen:  0)
 12148488      1632  32437704  0.000  0.000 4367.531  653.865    0    0  (Gen:  0)
 10880456      1752  32437952  0.000  0.000 4367.578  653.878    0    0  (Gen:  0)
 11804432      1968  32438296  0.000  0.000 4367.625  653.894    0    0  (Gen:  0)
 11634304      2168  32438656  0.000  0.000 4367.672  653.908    0    0  (Gen:  0)
 11743024      2072  32438752  0.000  0.000 4367.719  653.929    0    0  (Gen:  0)
 11786368      1784  32438592  0.000  0.000 4367.766  653.944    0    0  (Gen:  0)
 12042192      1424  32438392  0.000  0.000 4367.812  653.960    0    0  (Gen:  0)
 12091464      1312  32438472  0.000  0.000 4367.859  653.977    0    0  (Gen:  0)
 11631648      2088  32439376  0.000  0.000 4367.906  653.992    0    0  (Gen:  0)
 11773384      1520  32438936  0.000  0.000 4367.953  654.007    0    0  (Gen:  0)
 10668104    540248  32977824  0.000  0.000 4368.000  654.021    0    0  (Gen:  0)
  8685920   1537280  33975056  0.000  0.001 4368.031  654.033    0    0  (Gen:  0)
  8234000      2032  33975936  0.000  0.000 4368.031  654.045    0    0  (Gen:  0)
  7770112       792  33974760  0.000  0.000 4368.062  654.055    0    0  (Gen:  0)
  8118296      1776  33975872  0.000  0.000 4368.094  654.066    0    0  (Gen:  0)
  7607064      1784  33975976  0.000  0.000 4368.125  654.077    0    0  (Gen:  0)
  7720384       896  33975152  0.000  0.000 4368.125  654.088    0    0  (Gen:  0)
  8129344      1056  33975440  0.000  0.000 4368.156  654.099    0    0  (Gen:  0)
  8029248      1472  33975920  0.000  0.000 4368.156  654.108    0    0  (Gen:  0)
  7822576      1368  33975912  0.000  0.000 4368.188  654.119    0    0  (Gen:  0)
  7984920      1416  33976056  0.000  0.000 4368.219  654.130    0    0  (Gen:  0)
  8078952      1712  33976448  0.000  0.000 4368.250  654.141    0    0  (Gen:  0)
  8097768  29867024  32955544  0.031  0.025 4368.281  654.176    0    0  (Gen:  1)
  8081640      1552  32955648  0.000  0.000 4368.312  654.186    0    0  (Gen:  0)
  8186688      1296  32955520  0.000  0.000 4368.312  654.194    0    0  (Gen:  0)
  7906080      1512  32955832  0.000  0.000 4368.344  654.205    0    0  (Gen:  0)
  8189176      1424  32955808  0.000  0.000 4368.344  654.215    0    0  (Gen:  0)
  8077256      1984  32956496  0.000  0.000 4368.375  654.223    0    0  (Gen:  0)
  8229824      1512  32956088  0.000  0.000 4368.406  654.235    0    0  (Gen:  0)
  7861776      2240  32956944  0.000  0.000 4368.406  654.246    0    0  (Gen:  0)
  8156512      2648  32957416  0.000  0.000 4368.438  654.256    0    0  (Gen:  0)
  7985264      2464  32957360  0.000  0.000 4368.469  654.267    0    0  (Gen:  0)
  7895040      1440  32956400  0.000  0.000 4368.469  654.279    0    0  (Gen:  0)
  8043080      2072  32957128  0.000  0.000 4368.500  654.288    0    0  (Gen:  0)
  7906048      1664  32956848  0.000  0.000 4368.516  654.298    0    0  (Gen:  0)
  7653096      1232  32956512  0.000  0.000 4368.516  654.309    0    0  (Gen:  0)
  7973336      1528  32956904  0.000  0.000 4368.547  654.321    0    0  (Gen:  0)
  7150896      1936  32957408  0.000  0.000 4368.578  654.332    0    0  (Gen:  0)
  8045168      1176  32956744  0.000  0.000 4368.609  654.343    0    0  (Gen:  0)
  8171360      1632  32957296  0.000  0.000 4368.609  654.354    0    0  (Gen:  0)
  8177528      1856  32957616  0.000  0.000 4368.641  654.365    0    0  (Gen:  0)
  7953576       984  32956840  0.000  0.000 4368.672  654.377    0    0  (Gen:  0)
  7569896      1752  32957736  0.000  0.000 4368.672  654.387    0    0  (Gen:  0)
  7950016      2144  32958224  0.000  0.000 4368.703  654.398    0    0  (Gen:  0)
  7965992      1288  32957528  0.000  0.000 4368.734  654.408    0    0  (Gen:  0)
  7519656      1336  32957768  0.000  0.000 4368.734  654.419    0    0  (Gen:  0)
  7891688      1288  32957880  0.000  0.000 4368.766  654.429    0    0  (Gen:  0)
  7831280      1392  32958176  0.000  0.000 4368.797  654.438    0    0  (Gen:  0)
  7569104      1240  32958216  0.000  0.000 4368.797  654.449    0    0  (Gen:  0)
  8063216      1400  32958568  0.000  0.000 4368.828  654.461    0    0  (Gen:  0)
  5679640      1032  32958360  0.000  0.000 4368.828  654.495    0    0  (Gen:  0)
  8140792      1296  32958784  0.000  0.000 4368.859  654.508    0    0  (Gen:  0)
  8083304      1376  32958960  0.000  0.000 4368.875  654.519    0    0  (Gen:  0)
  7869160       896  32958608  0.000  0.000 4368.906  654.530    0    0  (Gen:  0)
  7683128      1264  32959072  0.000  0.000 4368.906  654.542    0    0  (Gen:  0)
  8170552      1280  32959184  0.000  0.000 4368.938  654.552    0    0  (Gen:  0)
  7917304      1456  32959488  0.000  0.000 4368.969  654.564    0    0  (Gen:  0)
  8232120      1432  32959528  0.000  0.000 4368.969  654.573    0    0  (Gen:  0)
  8181864      1728  32959888  0.000  0.000 4369.000  654.580    0    0  (Gen:  0)
  6814072      1184  32959440  0.000  0.000 4369.000  654.590    0    0  (Gen:  0)
  7438880      1016  32959368  0.000  0.000 4369.031  654.602    0    0  (Gen:  0)
  7786032      1056  32959504  0.000  0.000 4369.062  654.612    0    0  (Gen:  0)
  7893720      1200  32959776  0.000  0.000 4369.062  654.623    0    0  (Gen:  0)
  7587000      1296  32959968  0.000  0.000 4369.094  654.634    0    0  (Gen:  0)
  8137808      1128  32959928  0.000  0.000 4369.125  654.645    0    0  (Gen:  0)
  7410784      1096  32959992  0.000  0.000 4369.156  654.656    0    0  (Gen:  0)
  8205552      1448  32960472  0.000  0.000 4369.156  654.666    0    0  (Gen:  0)
  7713920      1024  32960208  0.000  0.000 4369.188  654.677    0    0  (Gen:  0)
  8160248      1512  32960792  0.000  0.000 4369.219  654.688    0    0  (Gen:  0)
  8226160      1664  32961104  0.000  0.000 4369.219  654.699    0    0  (Gen:  0)
  7968536      1624  32961128  0.000  0.000 4369.250  654.710    0    0  (Gen:  0)
  8025344      2272  32961904  0.000  0.000 4369.281  654.722    0    0  (Gen:  0)
  7453864      1328  32961024  0.000  0.000 4369.281  654.732    0    0  (Gen:  0)
  8191872      1168  32960960  0.000  0.000 4369.312  654.744    0    0  (Gen:  0)
  8005048      1408  32961328  0.000  0.000 4369.344  654.756    0    0  (Gen:  0)
  7625880      1184  32961264  0.000  0.000 4369.375  654.767    0    0  (Gen:  0)
  7796912      1448  32961624  0.000  0.000 4369.375  654.778    0    0  (Gen:  0)
  7928808      1216  32961552  0.000  0.000 4369.406  654.789    0    0  (Gen:  0)
  8230744      1432  32961896  0.000  0.000 4369.438  654.801    0    0  (Gen:  0)
  8066800       888  32961512  0.000  0.000 4369.469  654.812    0    0  (Gen:  0)
  7212464      1824  32962576  0.000  0.000 4369.469  654.822    0    0  (Gen:  0)
  7627416      2336  32963184  0.000  0.000 4369.500  654.833    0    0  (Gen:  0)
  8205416      1264  32962240  0.000  0.000 4369.531  654.844    0    0  (Gen:  0)
  8208592      1112  32962248  0.000  0.000 4369.531  654.854    0    0  (Gen:  0)
  7675640      1416  32962680  0.000  0.000 4369.562  654.865    0    0  (Gen:  0)
  8136112      1208  32962632  0.000  0.000 4369.594  654.874    0    0  (Gen:  0)
  7998680      1488  32963040  0.000  0.000 4369.594  654.886    0    0  (Gen:  0)
  7585560      1224  32962936  0.000  0.000 4369.625  654.898    0    0  (Gen:  0)
  7854096      1248  32963088  0.000  0.000 4369.656  654.909    0    0  (Gen:  0)
  8041464      1000  32963000  0.000  0.000 4369.656  654.917    0    0  (Gen:  0)
  8046224      1072  32963200  0.000  0.000 4369.688  654.927    0    0  (Gen:  0)
  7099472      1056  32963344  0.000  0.000 4369.719  654.938    0    0  (Gen:  0)
  8132072      1208  32963624  0.000  0.000 4369.719  654.949    0    0  (Gen:  0)
  7833592      1464  32964040  0.000  0.000 4369.750  654.960    0    0  (Gen:  0)
  8128184      1240  32963912  0.000  0.000 4369.781  654.972    0    0  (Gen:  0)
  8112368  29838120  32926640  0.031  0.023 4369.812  655.006    0    0  (Gen:  1)
  8234648      1176  32926400  0.000  0.000 4369.844  655.018    0    0  (Gen:  0)
  8050352      2448  32927768  0.000  0.000 4369.844  655.028    0    0  (Gen:  0)
  7939968      1024  32926504  0.000  0.000 4369.875  655.039    0    0  (Gen:  0)
  7914016      1376  32926952  0.000  0.000 4369.906  655.052    0    0  (Gen:  0)
  7562080      1136  32926872  0.000  0.000 4369.938  655.063    0    0  (Gen:  0)
  7957408      1208  32927072  0.000  0.000 4369.938  655.074    0    0  (Gen:  0)
  8205776      1240  32927232  0.000  0.000 4369.969  655.083    0    0  (Gen:  0)
  8048792      1216  32927368  0.000  0.000 4370.000  655.095    0    0  (Gen:  0)
  7716800       936  32927216  0.000  0.000 4370.000  655.107    0    0  (Gen:  0)
  8010104      1240  32927680  0.000  0.000 4370.031  655.117    0    0  (Gen:  0)
  7925184      1032  32927600  0.000  0.000 4370.062  655.128    0    0  (Gen:  0)
  7979720      1224  32927952  0.000  0.000 4370.062  655.137    0    0  (Gen:  0)
  8094488      1424  32928280  0.000  0.000 4370.094  655.149    0    0  (Gen:  0)
  8220072       952  32928000  0.000  0.000 4370.125  655.161    0    0  (Gen:  0)
  8120776      2112  32929288  0.000  0.000 4370.141  655.172    0    0  (Gen:  0)
  8219856       832  32928136  0.000  0.000 4370.141  655.180    0    0  (Gen:  0)
  7846760      1504  32928936  0.000  0.000 4370.172  655.190    0    0  (Gen:  0)
  7351688      1240  32928800  0.000  0.000 4370.172  655.201    0    0  (Gen:  0)
  8199392       928  32928648  0.000  0.000 4370.203  655.209    0    0  (Gen:  0)
  8182696      1128  32928976  0.000  0.000 4370.234  655.222    0    0  (Gen:  0)
  8217832       864  32928872  0.000  0.000 4370.234  655.229    0    0  (Gen:  0)
  7957656       960  32929128  0.000  0.000 4370.266  655.237    0    0  (Gen:  0)
  7966696      1208  32929536  0.000  0.000 4370.297  655.249    0    0  (Gen:  0)
  7728656       832  32929288  0.000  0.000 4370.297  655.260    0    0  (Gen:  0)
  7990664      1872  32930456  0.000  0.000 4370.328  655.271    0    0  (Gen:  0)
  8066392      1816  32930560  0.000  0.000 4370.359  655.283    0    0  (Gen:  0)
  7860320      1336  32930208  0.000  0.000 4370.359  655.295    0    0  (Gen:  0)
  8224600      1472  32930504  0.000  0.000 4370.391  655.304    0    0  (Gen:  0)
  8071400       912  32930072  0.000  0.000 4370.422  655.316    0    0  (Gen:  0)
  8179336      1080  32930400  0.000  0.000 4370.422  655.325    0    0  (Gen:  0)
  7816664      1368  32930848  0.000  0.000 4370.453  655.337    0    0  (Gen:  0)
  7079464      1008  32930616  0.000  0.000 4370.484  655.348    0    0  (Gen:  0)
  7959496      1168  32930904  0.000  0.000 4370.484  655.357    0    0  (Gen:  0)
  8041032       832  32930696  0.000  0.000 4370.516  655.368    0    0  (Gen:  0)
  8188120      1304  32931296  0.000  0.000 4370.547  655.380    0    0  (Gen:  0)
  8025144       864  32930984  0.000  0.000 4370.578  655.390    0    0  (Gen:  0)
  8068784      1056  32931336  0.000  0.000 4370.578  655.397    0    0  (Gen:  0)
  8210408      1096  32931504  0.000  0.000 4370.609  655.409    0    0  (Gen:  0)
  7950240      1392  32931928  0.000  0.000 4370.641  655.421    0    0  (Gen:  0)
  7805624      1408  32932104  0.000  0.000 4370.641  655.432    0    0  (Gen:  0)
  8042120       880  32931704  0.000  0.000 4370.672  655.444    0    0  (Gen:  0)
  7845760      1288  32932240  0.000  0.000 4370.703  655.455    0    0  (Gen:  0)
  8118080      1040  32932120  0.000  0.000 4370.734  655.468    0    0  (Gen:  0)
  8026648      1840  32933080  0.000  0.000 4370.734  655.479    0    0  (Gen:  0)
  8224280      2528  32933928  0.000  0.000 4370.766  655.488    0    0  (Gen:  0)
  7084496      1488  32933048  0.000  0.001 4370.766  655.500    0    0  (Gen:  0)
  6462024      1752  32933408  0.000  0.003 4370.766  655.516    0    0  (Gen:  0)
  7548616      1152  32932936  0.000  0.000 4370.766  655.534    0    0  (Gen:  0)
  7941240      1008  32932888  0.000  0.000 4370.797  655.547    0    0  (Gen:  0)
  8150816      1264  32933240  0.000  0.000 4370.797  655.560    0    0  (Gen:  0)
  8167168      1568  32933672  0.000  0.000 4370.828  655.572    0    0  (Gen:  0)
  8125784      2480  32934712  0.000  0.000 4370.859  655.580    0    0  (Gen:  0)
  8027840      1688  32934016  0.000  0.000 4370.859  655.592    0    0  (Gen:  0)
  7991560      1544  32934032  0.000  0.000 4370.891  655.603    0    0  (Gen:  0)
  7717616      1040  32933624  0.000  0.000 4370.922  655.614    0    0  (Gen:  0)
  7906552      1040  32933688  0.000  0.000 4370.953  655.625    0    0  (Gen:  0)
  8157912      2176  32934984  0.000  0.000 4370.953  655.635    0    0  (Gen:  0)
  6671112      1968  32934872  0.000  0.000 4370.969  655.646    0    0  (Gen:  0)
  8169928      1200  32934200  0.000  0.000 4371.000  655.658    0    0  (Gen:  0)
  8186136      1288  32934448  0.000  0.000 4371.000  655.667    0    0  (Gen:  0)
  8156440      1664  32934888  0.000  0.000 4371.031  655.678    0    0  (Gen:  0)
  7968568      2096  32935480  0.000  0.000 4371.062  655.689    0    0  (Gen:  0)
  7545488      1872  32935352  0.000  0.000 4371.062  655.700    0    0  (Gen:  0)
  8161000      1280  32934824  0.000  0.000 4371.094  655.712    0    0  (Gen:  0)
  8146392      1200  32934872  0.000  0.000 4371.125  655.721    0    0  (Gen:  0)
  8126624      1952  32935720  0.000  0.000 4371.156  655.733    0    0  (Gen:  0)
  8183736      1344  32935208  0.000  0.000 4371.156  655.745    0    0  (Gen:  0)
  8011768      1152  32935144  0.000  0.000 4371.188  655.756    0    0  (Gen:  0)
  7552616      1360  32935480  0.000  0.000 4371.203  655.767    0    0  (Gen:  0)
  7877960      1232  32935480  0.000  0.000 4371.203  655.778    0    0  (Gen:  0)
  8152720      1104  32935480  0.000  0.000 4371.234  655.790    0    0  (Gen:  0)
  7968360      2392  32936896  0.000  0.000 4371.266  655.801    0    0  (Gen:  0)
  8224336      1088  32935752  0.000  0.000 4371.266  655.810    0    0  (Gen:  0)
  7561256  29805856  32894376  0.016  0.021 4371.312  655.842    0    0  (Gen:  1)
  8127592      1152  32894552  0.000  0.000 4371.344  655.853    0    0  (Gen:  0)
  8020808      1040  32894568  0.000  0.000 4371.375  655.865    0    0  (Gen:  0)
  8133704      1728  32895384  0.000  0.000 4371.406  655.876    0    0  (Gen:  0)
  7648432      1216  32895064  0.000  0.000 4371.406  655.888    0    0  (Gen:  0)
  7917392      1704  32895840  0.000  0.000 4371.438  655.898    0    0  (Gen:  0)
  8187096       936  32896064  0.000  0.000 4371.469  655.909    0    0  (Gen:  0)
  7877152       792  32896144  0.000  0.000 4371.500  655.923    0    0  (Gen:  0)
  7251440       840  32896320  0.000  0.000 4371.500  655.934    0    0  (Gen:  0)
  8020248      1056  32896664  0.000  0.000 4371.531  655.947    0    0  (Gen:  0)
  7868688      1592  32897328  0.000  0.000 4371.562  655.959    0    0  (Gen:  0)
  8025176      1384  32897248  0.000  0.000 4371.594  655.969    0    0  (Gen:  0)
  8222336       824  32896848  0.000  0.000 4371.594  655.978    0    0  (Gen:  0)
  8056816       968  32897152  0.000  0.000 4371.625  655.991    0    0  (Gen:  0)
  7619880       984  32897296  0.000  0.000 4371.656  656.002    0    0  (Gen:  0)
  7781992       824  32897296  0.000  0.000 4371.672  656.015    0    0  (Gen:  0)
  8089576       824  32897456  0.000  0.000 4371.672  656.027    0    0  (Gen:  0)
  8144136       840  32897632  0.000  0.000 4371.703  656.039    0    0  (Gen:  0)
  7627352      1120  32898040  0.000  0.000 4371.734  656.051    0    0  (Gen:  0)
  8139176       920  32897968  0.000  0.000 4371.734  656.061    0    0  (Gen:  0)
  7655016      1288  32898432  0.000  0.000 4371.766  656.070    0    0  (Gen:  0)
  7601864      1168  32898440  0.000  0.000 4371.797  656.083    0    0  (Gen:  0)
  7850072      1240  32898640  0.000  0.000 4371.828  656.095    0    0  (Gen:  0)
  7696872       760  32898288  0.000  0.000 4371.828  656.107    0    0  (Gen:  0)
  7993232       840  32898464  0.000  0.000 4371.859  656.117    0    0  (Gen:  0)
  7974976       920  32898672  0.000  0.000 4371.891  656.127    0    0  (Gen:  0)
  8039824       992  32898840  0.000  0.000 4371.922  656.139    0    0  (Gen:  0)
  8172320       888  32898896  0.000  0.000 4371.922  656.150    0    0  (Gen:  0)
  7745328       824  32898960  0.000  0.000 4371.953  656.159    0    0  (Gen:  0)
  8001472       792  32899088  0.000  0.000 4371.953  656.168    0    0  (Gen:  0)
  8055520       808  32899232  0.000  0.000 4371.984  656.179    0    0  (Gen:  0)
  7843424       840  32899360  0.000  0.000 4372.016  656.190    0    0  (Gen:  0)
  7918656       888  32899536  0.000  0.000 4372.047  656.204    0    0  (Gen:  0)
  8162968      1016  32899792  0.000  0.000 4372.047  656.217    0    0  (Gen:  0)
  8084984       936  32899872  0.000  0.000 4372.078  656.229    0    0  (Gen:  0)
  7212376       824  32899888  0.000  0.000 4372.109  656.240    0    0  (Gen:  0)
  8132344       920  32900144  0.000  0.000 4372.141  656.251    0    0  (Gen:  0)
  7739632       904  32900288  0.000  0.000 4372.141  656.260    0    0  (Gen:  0)
  7511832      1744  32901256  0.000  0.000 4372.172  656.269    0    0  (Gen:  0)
  8010392       944  32901480  0.000  0.000 4372.203  656.281    0    0  (Gen:  0)
  7858048       616  32901472  0.000  0.000 4372.203  656.293    0    0  (Gen:  0)
  8188848       800  32901784  0.000  0.000 4372.234  656.306    0    0  (Gen:  0)
  8214792       768  32901880  0.000  0.000 4372.266  656.318    0    0  (Gen:  0)
  8190048      1008  32902216  0.000  0.000 4372.297  656.331    0    0  (Gen:  0)
  7872320       944  32902280  0.000  0.000 4372.328  656.343    0    0  (Gen:  0)
  7895928       912  32902312  0.000  0.000 4372.328  656.354    0    0  (Gen:  0)
  7762720      1368  32902896  0.000  0.000 4372.359  656.366    0    0  (Gen:  0)
  8049456      2048  32903672  0.000  0.000 4372.391  656.376    0    0  (Gen:  0)
  7805432      1848  32903568  0.000  0.000 4372.391  656.389    0    0  (Gen:  0)
  7743992      1088  32902904  0.000  0.000 4372.406  656.401    0    0  (Gen:  0)
  8189168       856  32902768  0.000  0.000 4372.438  656.414    0    0  (Gen:  0)
  7860864      1368  32903376  0.000  0.000 4372.469  656.423    0    0  (Gen:  0)
  7843440      1200  32903304  0.000  0.000 4372.469  656.433    0    0  (Gen:  0)
  7997048       920  32903120  0.000  0.000 4372.500  656.446    0    0  (Gen:  0)
  7812800      1384  32903680  0.000  0.000 4372.531  656.454    0    0  (Gen:  0)
  8201584      1352  32903712  0.000  0.000 4372.562  656.467    0    0  (Gen:  0)
  8112920      1192  32903680  0.000  0.000 4372.562  656.477    0    0  (Gen:  0)
  7917592      1008  32903560  0.000  0.000 4372.594  656.489    0    0  (Gen:  0)
  8234512      1448  32904128  0.000  0.000 4372.625  656.502    0    0  (Gen:  0)
  7518344      1320  32904064  0.000  0.018 4372.656  656.537    0    0  (Gen:  0)
  6522784      1688  32904528  0.000  0.000 4372.688  656.552    0    0  (Gen:  0)
  8113536      1552  32904456  0.000  0.000 4372.719  656.566    0    0  (Gen:  0)
  7696896      1520  32904488  0.000  0.000 4372.750  656.578    0    0  (Gen:  0)
  8122584      1072  32904136  0.000  0.000 4372.750  656.590    0    0  (Gen:  0)
  7573184      1120  32904280  0.000  0.000 4372.781  656.602    0    0  (Gen:  0)
  7537920      1384  32904608  0.000  0.000 4372.812  656.613    0    0  (Gen:  0)
  7852992      1480  32904800  0.000  0.000 4372.812  656.620    0    0  (Gen:  0)
  8134544  29773048  32861568  0.031  0.026 4372.875  656.657    0    0  (Gen:  1)
  8227672      1136  32861824  0.000  0.000 4372.875  656.669    0    0  (Gen:  0)
  8087584       968  32861720  0.000  0.000 4372.906  656.680    0    0  (Gen:  0)
  8187464      1984  32862832  0.000  0.000 4372.938  656.690    0    0  (Gen:  0)
  7950928      1248  32862192  0.000  0.000 4372.938  656.700    0    0  (Gen:  0)
  8178240      1368  32862376  0.000  0.000 4372.969  656.712    0    0  (Gen:  0)
  8041440       976  32862080  0.000  0.000 4373.000  656.720    0    0  (Gen:  0)
  8165152      1520  32862720  0.000  0.000 4373.000  656.732    0    0  (Gen:  0)
  7729352      1368  32862664  0.000  0.000 4373.031  656.744    0    0  (Gen:  0)
  7829336      1696  32863056  0.000  0.000 4373.062  656.756    0    0  (Gen:  0)
  8114200      1512  32862936  0.000  0.000 4373.094  656.768    0    0  (Gen:  0)
  8233784       936  32862488  0.000  0.000 4373.125  656.780    0    0  (Gen:  0)
  8017784      1472  32863088  0.000  0.000 4373.125  656.792    0    0  (Gen:  0)
  7683568      1680  32863392  0.000  0.000 4373.156  656.802    0    0  (Gen:  0)
  8042872       808  32862616  0.000  0.000 4373.188  656.813    0    0  (Gen:  0)
  8027712      1072  32862976  0.000  0.000 4373.188  656.825    0    0  (Gen:  0)
  8040088      1328  32863328  0.000  0.000 4373.219  656.836    0    0  (Gen:  0)
  8105984       856  32862952  0.000  0.000 4373.250  656.844    0    0  (Gen:  0)
  7699480      1992  32864184  0.000  0.000 4373.250  656.853    0    0  (Gen:  0)
  8099912      1544  32863864  0.000  0.000 4373.281  656.865    0    0  (Gen:  0)
  8128536      1296  32863680  0.000  0.000 4373.312  656.876    0    0  (Gen:  0)
  8056680      1472  32863952  0.000  0.000 4373.312  656.885    0    0  (Gen:  0)
  7958160      1480  32864088  0.000  0.000 4373.344  656.895    0    0  (Gen:  0)
  7381760      1240  32863912  0.000  0.000 4373.344  656.903    0    0  (Gen:  0)
  8114696      1224  32863992  0.000  0.000 4373.375  656.916    0    0  (Gen:  0)
  7677680      1616  32864480  0.000  0.000 4373.391  656.927    0    0  (Gen:  0)
  8121904      1560  32864520  0.000  0.000 4373.422  656.940    0    0  (Gen:  0)
  7764984      1488  32864544  0.000  0.000 4373.453  656.952    0    0  (Gen:  0)
  7986832      1528  32864680  0.000  0.000 4373.453  656.960    0    0  (Gen:  0)
  8169320      1368  32864616  0.000  0.000 4373.484  656.968    0    0  (Gen:  0)
  8034040      1184  32864528  0.000  0.000 4373.484  656.975    0    0  (Gen:  0)
  7991056      1352  32864792  0.000  0.000 4373.516  656.987    0    0  (Gen:  0)
  7893088      2040  32865544  0.000  0.000 4373.516  656.996    0    0  (Gen:  0)
  7911120      2584  32866216  0.000  0.000 4373.547  657.008    0    0  (Gen:  0)
  7830448      2416  32866144  0.000  0.000 4373.562  657.019    0    0  (Gen:  0)
  8113464      2128  32865920  0.000  0.000 4373.594  657.029    0    0  (Gen:  0)
  8086968      1160  32865048  0.000  0.000 4373.594  657.040    0    0  (Gen:  0)
  7867144      1672  32865720  0.000  0.000 4373.625  657.049    0    0  (Gen:  0)
  8155136       944  32865152  0.000  0.000 4373.625  657.058    0    0  (Gen:  0)
  7887864      1568  32865968  0.000  0.000 4373.656  657.066    0    0  (Gen:  0)
  8011296      1488  32866080  0.000  0.000 4373.688  657.077    0    0  (Gen:  0)
  7745104      1232  32866016  0.000  0.000 4373.688  657.085    0    0  (Gen:  0)
  8884696      1576  32899312  0.000  0.000 4373.719  657.095    0    0  (Gen:  0)
  8871952      1288  32899248  0.000  0.000 4373.719  657.106    0    0  (Gen:  0)
  7795224      1216  32899336  0.000  0.000 4373.750  657.116    0    0  (Gen:  0)
  8029520      1048  32899360  0.000  0.000 4373.781  657.126    0    0  (Gen:  0)
  7437712      1384  32899832  0.000  0.000 4373.781  657.137    0    0  (Gen:  0)
  8200040      1024  32899600  0.000  0.000 4373.812  657.150    0    0  (Gen:  0)
  8080216      1264  32899936  0.000  0.000 4373.844  657.161    0    0  (Gen:  0)
  8052656      1272  32900072  0.000  0.000 4373.875  657.172    0    0  (Gen:  0)
  7967352      1296  32900160  0.000  0.000 4373.875  657.184    0    0  (Gen:  0)
  8019608      1664  32900656  0.000  0.000 4373.906  657.194    0    0  (Gen:  0)
  8120880      1272  32900360  0.000  0.000 4373.938  657.205    0    0  (Gen:  0)
  8181960      1728  32900880  0.000  0.000 4373.938  657.214    0    0  (Gen:  0)
  7949864      1608  32900856  0.000  0.000 4373.969  657.225    0    0  (Gen:  0)
  8179112      1232  32900608  0.000  0.000 4374.000  657.237    0    0  (Gen:  0)
  8040960      1168  32900608  0.000  0.000 4374.000  657.244    0    0  (Gen:  0)
  7421536      1192  32900760  0.000  0.000 4374.031  657.255    0    0  (Gen:  0)
  7865688      1136  32900800  0.000  0.000 4374.062  657.266    0    0  (Gen:  0)
  7862120      2016  32901744  0.000  0.000 4374.062  657.276    0    0  (Gen:  0)
  8127504      2024  32901848  0.000  0.000 4374.094  657.287    0    0  (Gen:  0)
  6908200      1488  32901440  0.000  0.000 4374.109  657.298    0    0  (Gen:  0)
  8124336      1696  32901712  0.000  0.000 4374.109  657.309    0    0  (Gen:  0)
  7744064      1224  32901400  0.000  0.000 4374.141  657.321    0    0  (Gen:  0)
  7829776      1576  32901880  0.000  0.000 4374.172  657.333    0    0  (Gen:  0)
  7402512      1512  32901944  0.000  0.000 4374.203  657.345    0    0  (Gen:  0)
  8087536      1184  32901744  0.000  0.000 4374.203  657.353    0    0  (Gen:  0)
  8195808      1168  32901824  0.000  0.000 4374.234  657.361    0    0  (Gen:  0)
  7936624      1168  32901952  0.000  0.000 4374.234  657.372    0    0  (Gen:  0)
  7993920      1200  32902112  0.000  0.000 4374.266  657.379    0    0  (Gen:  0)
  8073640      1008  32902080  0.000  0.000 4374.297  657.391    0    0  (Gen:  0)
  7605648      1512  32902712  0.000  0.000 4374.297  657.399    0    0  (Gen:  0)
  8177960      1712  32903040  0.000  0.000 4374.328  657.410    0    0  (Gen:  0)
  7942576      1168  32902624  0.000  0.000 4374.359  657.420    0    0  (Gen:  0)
  8043336      1144  32902728  0.000  0.000 4374.359  657.428    0    0  (Gen:  0)
  8221696      1232  32902912  0.000  0.000 4374.391  657.439    0    0  (Gen:  0)
  7841840  29745640  32866928  0.016  0.023 4374.438  657.474    0    0  (Gen:  1)
  7388504      2048  32868096  0.000  0.000 4374.469  657.484    0    0  (Gen:  0)
  7757696      1056  32867264  0.000  0.008 4374.469  657.502    0    0  (Gen:  0)
  5288400      1496  32867832  0.000  0.000 4374.469  657.531    0    0  (Gen:  0)
  8053544       992  32867456  0.000  0.000 4374.469  657.540    0    0  (Gen:  0)
  7669608      1352  32867944  0.000  0.000 4374.500  657.550    0    0  (Gen:  0)
  7897280      1720  32868440  0.000  0.000 4374.531  657.562    0    0  (Gen:  0)
  7727704      1672  32868552  0.000  0.000 4374.531  657.571    0    0  (Gen:  0)
  7802768      1088  32868096  0.000  0.000 4374.562  657.582    0    0  (Gen:  0)
  8101464      1056  32868224  0.000  0.000 4374.594  657.593    0    0  (Gen:  0)
  7851776      1624  32868920  0.000  0.000 4374.594  657.601    0    0  (Gen:  0)
  7930440       928  32868352  0.000  0.000 4374.625  657.612    0    0  (Gen:  0)
  8041560      1120  32868672  0.000  0.000 4374.625  657.623    0    0  (Gen:  0)
  8047568      1024  32868736  0.000  0.000 4374.656  657.634    0    0  (Gen:  0)
  8063288      1216  32869024  0.000  0.000 4374.688  657.646    0    0  (Gen:  0)
  7937664      1056  32869056  0.000  0.000 4374.688  657.654    0    0  (Gen:  0)
  7960600       792  32868888  0.000  0.000 4374.719  657.665    0    0  (Gen:  0)
  7937216      2576  32870800  0.000  0.000 4374.750  657.676    0    0  (Gen:  0)
  7909984      1000  32869384  0.000  0.000 4374.781  657.688    0    0  (Gen:  0)
  7852072      1040  32869552  0.000  0.000 4374.781  657.699    0    0  (Gen:  0)
  7943176      1208  32869848  0.000  0.000 4374.812  657.710    0    0  (Gen:  0)
  7624232      1232  32870064  0.000  0.000 4374.844  657.720    0    0  (Gen:  0)
  7984040      1184  32870144  0.000  0.000 4374.844  657.732    0    0  (Gen:  0)
  8190912       792  32869912  0.000  0.000 4374.875  657.743    0    0  (Gen:  0)
  7845024      1216  32870464  0.000  0.000 4374.906  657.756    0    0  (Gen:  0)
  6918872      1048  32870424  0.000  0.000 4374.906  657.768    0    0  (Gen:  0)
  8003016      1080  32870584  0.000  0.000 4374.938  657.781    0    0  (Gen:  0)
  8072200       992  32870656  0.000  0.000 4374.938  657.790    0    0  (Gen:  0)
  8147360      1248  32871040  0.000  0.000 4374.969  657.801    0    0  (Gen:  0)
  8138184      1168  32871120  0.000  0.000 4375.000  657.812    0    0  (Gen:  0)
  8221048       880  32870960  0.000  0.000 4375.000  657.823    0    0  (Gen:  0)
  7576064      1072  32871280  0.000  0.000 4375.031  657.834    0    0  (Gen:  0)
  8175544      1216  32871584  0.000  0.000 4375.062  657.845    0    0  (Gen:  0)
  7871088      1080  32871576  0.000  0.000 4375.062  657.855    0    0  (Gen:  0)
  7773424      1000  32871656  0.000  0.000 4375.094  657.865    0    0  (Gen:  0)
  8118960       896  32871680  0.000  0.000 4375.125  657.876    0    0  (Gen:  0)
  8165928      1392  32872336  0.000  0.000 4375.125  657.887    0    0  (Gen:  0)
  8211592      1520  32872592  0.000  0.000 4375.156  657.899    0    0  (Gen:  0)
  8185408       896  32872096  0.000  0.000 4375.188  657.910    0    0  (Gen:  0)
  8126896      1584  32872976  0.000  0.000 4375.188  657.920    0    0  (Gen:  0)
  8079248      1216  32872736  0.000  0.000 4375.219  657.929    0    0  (Gen:  0)
  7847784       912  32872560  0.000  0.000 4375.250  657.938    0    0  (Gen:  0)
  8094480      1168  32872976  0.000  0.000 4375.250  657.948    0    0  (Gen:  0)
  8228272       832  32872768  0.000  0.000 4375.281  657.958    0    0  (Gen:  0)
  7726968      1120  32873184  0.000  0.000 4375.312  657.969    0    0  (Gen:  0)
  7251072       928  32873152  0.000  0.000 4375.312  657.979    0    0  (Gen:  0)
  7967496       896  32873248  0.000  0.000 4375.344  657.990    0    0  (Gen:  0)
  8157424      1576  32874056  0.000  0.000 4375.359  658.000    0    0  (Gen:  0)
  8216280      1392  32874032  0.000  0.000 4375.359  658.009    0    0  (Gen:  0)
  8157072      1864  32874632  0.000  0.000 4375.375  658.018    0    0  (Gen:  0)
  8121504       880  32873808  0.000  0.000 4375.375  658.029    0    0  (Gen:  0)
  7613808      1408  32874464  0.000  0.000 4375.391  658.040    0    0  (Gen:  0)
  7939848      1304  32874488  0.000  0.000 4375.422  658.050    0    0  (Gen:  0)
  8081200      1288  32874600  0.000  0.000 4375.453  658.062    0    0  (Gen:  0)
  7796760      1056  32874528  0.000  0.000 4375.453  658.072    0    0  (Gen:  0)
  8149960       944  32874544  0.000  0.000 4375.484  658.083    0    0  (Gen:  0)
  8011872      1824  32875616  0.000  0.000 4375.516  658.094    0    0  (Gen:  0)
  7751456      1648  32875632  0.000  0.000 4375.516  658.104    0    0  (Gen:  0)
  8202728      1432  32875608  0.000  0.000 4375.547  658.115    0    0  (Gen:  0)
  8051376      1632  32875936  0.000  0.000 4375.578  658.126    0    0  (Gen:  0)
  8002120      1048  32875480  0.000  0.000 4375.578  658.135    0    0  (Gen:  0)
  8201400      1456  32875984  0.000  0.000 4375.609  658.147    0    0  (Gen:  0)
  8023952      1248  32875904  0.000  0.000 4375.641  658.156    0    0  (Gen:  0)
  8236168      1064  32875848  0.000  0.000 4375.641  658.167    0    0  (Gen:  0)
  7929368      1968  32876848  0.000  0.000 4375.672  658.178    0    0  (Gen:  0)
  8159536      2032  32877072  0.000  0.000 4375.703  658.190    0    0  (Gen:  0)
  8183232      1312  32876448  0.000  0.000 4375.734  658.202    0    0  (Gen:  0)
  8052784      1096  32876328  0.000  0.000 4375.734  658.213    0    0  (Gen:  0)
  7489224      1136  32876496  0.000  0.000 4375.766  658.225    0    0  (Gen:  0)
  7503456      1456  32876912  0.000  0.000 4375.797  658.236    0    0  (Gen:  0)
  8048776      1392  32876976  0.000  0.000 4375.828  658.249    0    0  (Gen:  0)
  7818144      1336  32877048  0.000  0.000 4375.828  658.257    0    0  (Gen:  0)
  7683920      1328  32877168  0.000  0.000 4375.859  658.268    0    0  (Gen:  0)
  7957272       880  32876848  0.000  0.000 4375.891  658.280    0    0  (Gen:  0)
  7990080       960  32877056  0.000  0.000 4375.891  658.292    0    0  (Gen:  0)
  7838608  29712904  32834192  0.016  0.021 4375.938  658.324    0    0  (Gen:  1)
  8164112      1448  32834248  0.000  0.000 4375.969  658.335    0    0  (Gen:  0)
  8192296      1280  32834208  0.000  0.000 4376.000  658.348    0    0  (Gen:  0)
  7552768      1184  32834176  0.000  0.000 4376.031  658.359    0    0  (Gen:  0)
  8232280      1472  32834592  0.000  0.000 4376.031  658.370    0    0  (Gen:  0)
  7967744      2624  32835808  0.000  0.000 4376.062  658.381    0    0  (Gen:  0)
  8205368      1376  32834688  0.000  0.000 4376.094  658.393    0    0  (Gen:  0)
  7793224       848  32834256  0.000  0.000 4376.094  658.403    0    0  (Gen:  0)
  8058048       960  32834464  0.000  0.000 4376.125  658.415    0    0  (Gen:  0)
  8082384      2128  32835728  0.000  0.000 4376.156  658.425    0    0  (Gen:  0)
  8203032       880  32834640  0.000  0.000 4376.188  658.437    0    0  (Gen:  0)
  8223776      1232  32835120  0.000  0.000 4376.188  658.446    0    0  (Gen:  0)
  8038192       912  32834960  0.000  0.000 4376.203  658.455    0    0  (Gen:  0)
  8115696       912  32835120  0.000  0.000 4376.234  658.468    0    0  (Gen:  0)
  8183504      1168  32835536  0.000  0.000 4376.234  658.479    0    0  (Gen:  0)
  7598680      1200  32835728  0.000  0.000 4376.250  658.490    0    0  (Gen:  0)
  8180368      2224  32836848  0.000  0.000 4376.281  658.503    0    0  (Gen:  0)
  6448808       888  32835640  0.000  0.000 4376.281  658.527    0    0  (Gen:  0)
  4321296       968  32835848  0.000  0.001 4376.281  658.540    0    0  (Gen:  0)
  7194032      1600  32836608  0.000  0.000 4376.312  658.553    0    0  (Gen:  0)
  7648432      1248  32836400  0.000  0.000 4376.344  658.562    0    0  (Gen:  0)
  8186072       960  32836304  0.000  0.000 4376.344  658.574    0    0  (Gen:  0)
  7934648      1384  32836888  0.000  0.000 4376.375  658.586    0    0  (Gen:  0)
  7942592      1208  32836872  0.000  0.000 4376.406  658.598    0    0  (Gen:  0)
  7889920      1128  32836920  0.000  0.000 4376.438  658.609    0    0  (Gen:  0)
  7472128      1216  32837168  0.000  0.000 4376.438  658.621    0    0  (Gen:  0)
  8155240      1904  32837984  0.000  0.000 4376.469  658.632    0    0  (Gen:  0)
  6918504      1592  32837832  0.000  0.000 4376.500  658.641    0    0  (Gen:  0)
  7584592      1464  32838632  0.000  0.000 4376.500  658.652    0    0  (Gen:  0)
  7742504      1128  32838712  0.000  0.000 4376.531  658.664    0    0  (Gen:  0)
  8043040       888  32838600  0.000  0.000 4376.562  658.674    0    0  (Gen:  0)
  8113400       792  32838632  0.000  0.000 4376.562  658.684    0    0  (Gen:  0)
  7975696       824  32838792  0.000  0.000 4376.594  658.696    0    0  (Gen:  0)
  7874056       928  32839056  0.000  0.000 4376.625  658.707    0    0  (Gen:  0)
  7988248      1008  32839232  0.000  0.000 4376.656  658.719    0    0  (Gen:  0)
  7868088      1336  32839688  0.000  0.000 4376.656  658.731    0    0  (Gen:  0)
  8196784       872  32839320  0.000  0.000 4376.688  658.744    0    0  (Gen:  0)
  7617200       952  32839560  0.000  0.000 4376.719  658.755    0    0  (Gen:  0)
  7773952       888  32839624  0.000  0.000 4376.750  658.767    0    0  (Gen:  0)
  8176840       792  32839656  0.000  0.000 4376.781  658.780    0    0  (Gen:  0)
  8039336       824  32839816  0.000  0.000 4376.781  658.792    0    0  (Gen:  0)
  7942016       984  32840136  0.000  0.000 4376.812  658.801    0    0  (Gen:  0)
  8188680      1056  32840368  0.000  0.000 4376.844  658.813    0    0  (Gen:  0)
  8197592       840  32840280  0.000  0.000 4376.859  658.826    0    0  (Gen:  0)
  8033024       984  32840552  0.000  0.000 4376.859  658.839    0    0  (Gen:  0)
  8013256       920  32840648  0.000  0.000 4376.891  658.851    0    0  (Gen:  0)
  8147224       888  32840776  0.000  0.000 4376.922  658.858    0    0  (Gen:  0)
  8034624      1032  32841048  0.000  0.000 4376.922  658.870    0    0  (Gen:  0)
  8219144      1064  32841240  0.000  0.000 4376.953  658.882    0    0  (Gen:  0)
  7703376      1488  32841792  0.000  0.000 4376.984  658.893    0    0  (Gen:  0)
  7670096      1640  32842712  0.000  0.000 4376.984  658.904    0    0  (Gen:  0)
  7852704      1192  32842840  0.000  0.000 4377.016  658.916    0    0  (Gen:  0)
  8050856       800  32842576  0.000  0.000 4377.047  658.929    0    0  (Gen:  0)
  6535992       736  32842640  0.000  0.000 4377.062  658.939    0    0  (Gen:  0)
  8189976       800  32842768  0.000  0.000 4377.062  658.948    0    0  (Gen:  0)
  8039752      1208  32843304  0.000  0.000 4377.094  658.960    0    0  (Gen:  0)
  8157032      1240  32843432  0.000  0.000 4377.125  658.974    0    0  (Gen:  0)
  7605776      1112  32843432  0.000  0.000 4377.156  658.985    0    0  (Gen:  0)
  8217856       752  32843168  0.000  0.000 4377.156  658.997    0    0  (Gen:  0)
  8233080      1160  32843704  0.000  0.000 4377.188  659.011    0    0  (Gen:  0)
  7970448      1240  32843880  0.000  0.000 4377.203  659.023    0    0  (Gen:  0)
  8166912      1176  32843944  0.000  0.000 4377.234  659.036    0    0  (Gen:  0)
  7881520       800  32843664  0.000  0.000 4377.266  659.048    0    0  (Gen:  0)
  7957896       944  32843936  0.000  0.000 4377.266  659.057    0    0  (Gen:  0)
  8204600       880  32843936  0.000  0.000 4377.297  659.068    0    0  (Gen:  0)
  7969552      1752  32844904  0.000  0.000 4377.328  659.077    0    0  (Gen:  0)
  8010264      1752  32845032  0.000  0.000 4377.328  659.088    0    0  (Gen:  0)
  8001824       920  32844296  0.000  0.000 4377.359  659.100    0    0  (Gen:  0)
  8167232       928  32844400  0.000  0.000 4377.391  659.113    0    0  (Gen:  0)
  7786456      1664  32845232  0.000  0.000 4377.406  659.123    0    0  (Gen:  0)
  8139096  29677400  32798688  0.031  0.021 4377.438  659.155    0    0  (Gen:  1)
  8225016      1072  32798584  0.000  0.000 4377.438  659.168    0    0  (Gen:  0)
  7993080      1248  32798824  0.000  0.000 4377.469  659.180    0    0  (Gen:  0)
  8133296       960  32798632  0.000  0.000 4377.500  659.193    0    0  (Gen:  0)
  8228616       920  32798688  0.000  0.000 4377.516  659.208    0    0  (Gen:  0)
  7911536      1592  32799456  0.000  0.000 4377.547  659.220    0    0  (Gen:  0)
  6276400      1800  32799760  0.000  0.000 4377.547  659.229    0    0  (Gen:  0)
  7955840      1432  32799456  0.000  0.000 4377.578  659.242    0    0  (Gen:  0)
  8230800       968  32799056  0.000  0.000 4377.609  659.255    0    0  (Gen:  0)
  7974904      1624  32799840  0.000  0.000 4377.625  659.266    0    0  (Gen:  0)
  8168744       976  32799256  0.000  0.000 4377.625  659.279    0    0  (Gen:  0)
  6636456       944  32799320  0.000  0.000 4377.656  659.289    0    0  (Gen:  0)
  7927728      1528  32799968  0.000  0.000 4377.688  659.300    0    0  (Gen:  0)
  7866024      1728  32800264  0.000  0.000 4377.719  659.312    0    0  (Gen:  0)
  7745520      1416  32800016  0.000  0.000 4377.719  659.321    0    0  (Gen:  0)
  8036440      1688  32800352  0.000  0.000 4377.750  659.333    0    0  (Gen:  0)
  8236864      1376  32800104  0.000  0.000 4377.781  659.344    0    0  (Gen:  0)
  7846512      1576  32800400  0.000  0.000 4377.781  659.358    0    0  (Gen:  0)
  7731568      2136  32801056  0.000  0.000 4377.812  659.369    0    0  (Gen:  0)
  8071504      1232  32800216  0.000  0.000 4377.844  659.378    0    0  (Gen:  0)
  7823824      2360  32801440  0.000  0.000 4377.844  659.386    0    0  (Gen:  0)
  8095520      1600  32800744  0.000  0.000 4377.875  659.399    0    0  (Gen:  0)
  8055816      1720  32800960  0.000  0.000 4377.906  659.411    0    0  (Gen:  0)
  7948568      1472  32800808  0.000  0.000 4377.938  659.422    0    0  (Gen:  0)
  7964216      1384  32800784  0.000  0.000 4377.938  659.434    0    0  (Gen:  0)
  7848216      1224  32800720  0.000  0.000 4377.969  659.444    0    0  (Gen:  0)
  7804056       944  32800536  0.000  0.000 4378.000  659.455    0    0  (Gen:  0)
  8149216      1216  32800872  0.000  0.000 4378.031  659.467    0    0  (Gen:  0)
  7898480      1872  32801656  0.000  0.000 4378.031  659.479    0    0  (Gen:  0)
  7667672      1472  32801320  0.000  0.000 4378.062  659.491    0    0  (Gen:  0)
  7084264      1424  32801336  0.000  0.000 4378.078  659.527    0    0  (Gen:  0)
  8178488      1328  32801336  0.000  0.000 4378.109  659.539    0    0  (Gen:  0)
  8030168      1368  32801472  0.000  0.000 4378.141  659.551    0    0  (Gen:  0)
  8106696      2000  32802200  0.000  0.000 4378.172  659.563    0    0  (Gen:  0)
  8023560      1024  32801320  0.000  0.000 4378.172  659.575    0    0  (Gen:  0)
  7904944      1208  32801600  0.000  0.000 4378.203  659.586    0    0  (Gen:  0)
  7712320      1736  32802256  0.000  0.000 4378.234  659.597    0    0  (Gen:  0)
  7986912      1520  32802104  0.000  0.000 4378.266  659.608    0    0  (Gen:  0)
  7679128      1712  32802360  0.000  0.000 4378.266  659.620    0    0  (Gen:  0)
  8112240      1416  32802192  0.000  0.000 4378.297  659.629    0    0  (Gen:  0)
  7797144      1336  32802176  0.000  0.000 4378.297  659.638    0    0  (Gen:  0)
  7893424       928  32801832  0.000  0.000 4378.328  659.650    0    0  (Gen:  0)
  8186608      1024  32802056  0.000  0.000 4378.359  659.661    0    0  (Gen:  0)
  7614608      1160  32802288  0.000  0.000 4378.391  659.671    0    0  (Gen:  0)
  7676816      1360  32802616  0.000  0.000 4378.391  659.678    0    0  (Gen:  0)
  7771600      1296  32802776  0.000  0.000 4378.422  659.688    0    0  (Gen:  0)
  8143080      1256  32802896  0.000  0.000 4378.422  659.698    0    0  (Gen:  0)
  7383344      1288  32803120  0.000  0.000 4378.453  659.708    0    0  (Gen:  0)
  8185584      1808  32803800  0.000  0.000 4378.484  659.719    0    0  (Gen:  0)
  7936096      1368  32803584  0.000  0.000 4378.484  659.729    0    0  (Gen:  0)
  8146776      1168  32803544  0.000  0.000 4378.516  659.740    0    0  (Gen:  0)
  8220608      1200  32803768  0.000  0.000 4378.547  659.751    0    0  (Gen:  0)
  7668320      1512  32804240  0.000  0.000 4378.547  659.761    0    0  (Gen:  0)
  8076936       928  32803848  0.000  0.000 4378.562  659.772    0    0  (Gen:  0)
  8086064      1000  32804048  0.000  0.000 4378.594  659.784    0    0  (Gen:  0)
  8104504      1320  32804496  0.000  0.000 4378.625  659.796    0    0  (Gen:  0)
  7124784      1528  32804832  0.000  0.000 4378.625  659.807    0    0  (Gen:  0)
  8163152      1184  32804584  0.000  0.000 4378.656  659.819    0    0  (Gen:  0)
  8193424      1208  32804704  0.000  0.000 4378.688  659.831    0    0  (Gen:  0)
  7976816      1448  32805040  0.000  0.000 4378.719  659.843    0    0  (Gen:  0)
  7319848      1472  32805128  0.000  0.000 4378.719  659.854    0    0  (Gen:  0)
  7951328      1432  32805184  0.000  0.000 4378.750  659.864    0    0  (Gen:  0)
  8171176      1480  32805360  0.000  0.000 4378.781  659.875    0    0  (Gen:  0)
  8096232      2232  32806208  0.000  0.000 4378.781  659.887    0    0  (Gen:  0)
  8150456      1224  32805296  0.000  0.000 4378.812  659.898    0    0  (Gen:  0)
  7800608      1696  32805896  0.000  0.000 4378.844  659.910    0    0  (Gen:  0)
  7799656      1376  32805672  0.000  0.000 4378.875  659.922    0    0  (Gen:  0)
  8090592      1768  32806192  0.000  0.000 4378.875  659.934    0    0  (Gen:  0)
  8169160      1344  32805864  0.000  0.000 4378.906  659.946    0    0  (Gen:  0)
  7864656      1312  32805896  0.000  0.000 4378.938  659.957    0    0  (Gen:  0)
  8208256      1448  32806160  0.000  0.000 4378.969  659.969    0    0  (Gen:  0)
  3824872  29653288  32774576  0.016  0.019 4378.984  659.993    0    0  (Gen:  1)
  8125168      1616  32775072  0.000  0.000 4379.016  660.002    0    0  (Gen:  0)
  7929640      1304  32774856  0.000  0.000 4379.016  660.012    0    0  (Gen:  0)
  7302112      1400  32775080  0.000  0.000 4379.047  660.023    0    0  (Gen:  0)
  8204360      2120  32775896  0.000  0.000 4379.078  660.034    0    0  (Gen:  0)
  7948488      1288  32775192  0.000  0.000 4379.078  660.045    0    0  (Gen:  0)
  7938248      1504  32775472  0.000  0.000 4379.109  660.056    0    0  (Gen:  0)
  8137368      1136  32775232  0.000  0.000 4379.141  660.068    0    0  (Gen:  0)
  7722984      1688  32775880  0.000  0.000 4379.172  660.080    0    0  (Gen:  0)
  8232224      1064  32775384  0.000  0.000 4379.172  660.091    0    0  (Gen:  0)
  7940648      1480  32775896  0.000  0.000 4379.203  660.102    0    0  (Gen:  0)
  8147968      1432  32775976  0.000  0.000 4379.234  660.114    0    0  (Gen:  0)
  8044808      1752  32776424  0.000  0.000 4379.266  660.124    0    0  (Gen:  0)
  8033264      1344  32776144  0.000  0.000 4379.266  660.136    0    0  (Gen:  0)
  8130320      1424  32776320  0.000  0.000 4379.297  660.145    0    0  (Gen:  0)
  8204952      1416  32776472  0.000  0.000 4379.328  660.157    0    0  (Gen:  0)
  8075952      1424  32776608  0.000  0.000 4379.328  660.164    0    0  (Gen:  0)
  8201496      1216  32776496  0.000  0.000 4379.359  660.176    0    0  (Gen:  0)
  8182656      1088  32776496  0.000  0.000 4379.391  660.189    0    0  (Gen:  0)
  7926680      1232  32776800  0.000  0.000 4379.391  660.198    0    0  (Gen:  0)
  7939032      1616  32777312  0.000  0.000 4379.422  660.206    0    0  (Gen:  0)
  8149656      1232  32777056  0.000  0.000 4379.422  660.214    0    0  (Gen:  0)
  8189480      1224  32777208  0.000  0.000 4379.453  660.226    0    0  (Gen:  0)
  7949800      1840  32777952  0.000  0.000 4379.484  660.237    0    0  (Gen:  0)
  7830344      2480  32778688  0.000  0.000 4379.500  660.249    0    0  (Gen:  0)
  8127888       992  32777296  0.000  0.000 4379.500  660.261    0    0  (Gen:  0)
  8168832      1248  32777680  0.000  0.000 4379.531  660.273    0    0  (Gen:  0)
  8232800      1328  32777856  0.000  0.000 4379.562  660.286    0    0  (Gen:  0)
  7838016      1160  32777816  0.000  0.000 4379.594  660.296    0    0  (Gen:  0)
  8220488       880  32777664  0.000  0.000 4379.594  660.308    0    0  (Gen:  0)
  8150344      1280  32778192  0.000  0.000 4379.625  660.317    0    0  (Gen:  0)
  7879584       928  32778032  0.000  0.000 4379.656  660.329    0    0  (Gen:  0)
  7834208      1080  32778312  0.000  0.000 4379.656  660.342    0    0  (Gen:  0)
  8025928       880  32778272  0.000  0.000 4379.688  660.354    0    0  (Gen:  0)
  7335720       864  32778384  0.000  0.000 4379.719  660.365    0    0  (Gen:  0)
  7719840       912  32778592  0.000  0.000 4379.750  660.376    0    0  (Gen:  0)
  8151968      2552  32813152  0.000  0.000 4379.750  660.387    0    0  (Gen:  0)
  8744184       872  32778808  0.000  0.000 4379.781  660.400    0    0  (Gen:  0)
  8523000      2712  32813568  0.000  0.000 4379.812  660.412    0    0  (Gen:  0)
  8093208       944  32811960  0.000  0.000 4379.844  660.423    0    0  (Gen:  0)
  7962368      1056  32812200  0.000  0.000 4379.844  660.434    0    0  (Gen:  0)
  8016400      1200  32812472  0.000  0.000 4379.875  660.446    0    0  (Gen:  0)
  8188000       840  32812272  0.000  0.000 4379.906  660.456    0    0  (Gen:  0)
  8211968      1464  32813032  0.000  0.000 4379.906  660.466    0    0  (Gen:  0)
  8086816       984  32812744  0.000  0.000 4379.938  660.476    0    0  (Gen:  0)
  8020152       992  32812880  0.000  0.000 4379.938  660.489    0    0  (Gen:  0)
  8158448      1048  32813128  0.000  0.000 4379.969  660.501    0    0  (Gen:  0)
  8064512      1024  32813232  0.000  0.001 4379.969  660.517    0    0  (Gen:  0)
  7324888       880  32813248  0.000  0.002 4379.969  660.542    0    0  (Gen:  0)
  8212480       928  32813424  0.000  0.000 4379.984  660.554    0    0  (Gen:  0)
  8117600      1680  32814304  0.000  0.000 4380.016  660.562    0    0  (Gen:  0)
  7780112      2992  32815744  0.000  0.000 4380.016  660.573    0    0  (Gen:  0)
  7738816      1160  32814072  0.000  0.000 4380.047  660.584    0    0  (Gen:  0)
  8223600       928  32814000  0.000  0.000 4380.078  660.595    0    0  (Gen:  0)
  7661520      1008  32814208  0.000  0.000 4380.078  660.605    0    0  (Gen:  0)
  8121904      1008  32814336  0.000  0.000 4380.109  660.616    0    0  (Gen:  0)
  7997448       880  32814368  0.000  0.000 4380.141  660.627    0    0  (Gen:  0)
  7867096      1192  32814808  0.000  0.000 4380.141  660.639    0    0  (Gen:  0)
  8087496       880  32814656  0.000  0.000 4380.172  660.650    0    0  (Gen:  0)
  8041688      1008  32814912  0.000  0.000 4380.203  660.662    0    0  (Gen:  0)
  8032328      1000  32815064  0.000  0.000 4380.234  660.673    0    0  (Gen:  0)
  8167760      1112  32815304  0.000  0.000 4380.234  660.683    0    0  (Gen:  0)
  7830744      1032  32815416  0.000  0.000 4380.266  660.694    0    0  (Gen:  0)
  8151640      1088  32815632  0.000  0.000 4380.297  660.706    0    0  (Gen:  0)
  7777984      1072  32815744  0.000  0.000 4380.328  660.718    0    0  (Gen:  0)
  7968728      1192  32816024  0.000  0.000 4380.328  660.729    0    0  (Gen:  0)
  8151432      1112  32816104  0.000  0.000 4380.359  660.741    0    0  (Gen:  0)
  8011648       992  32816176  0.000  0.000 4380.391  660.753    0    0  (Gen:  0)
  8019472      1288  32816664  0.000  0.000 4380.391  660.764    0    0  (Gen:  0)
  8162784  29622136  32776192  0.094  0.021 4380.500  660.797    0    0  (Gen:  1)
  8053088      1680  32776816  0.000  0.000 4380.500  660.808    0    0  (Gen:  0)
  8093816      1200  32776432  0.000  0.000 4380.531  660.818    0    0  (Gen:  0)
  8207896      2272  32777664  0.000  0.000 4380.562  660.829    0    0  (Gen:  0)
  7804936      1776  32777296  0.000  0.000 4380.562  660.841    0    0  (Gen:  0)
  8154272      2544  32778160  0.000  0.000 4380.594  660.852    0    0  (Gen:  0)
  8040808      1056  32776832  0.000  0.000 4380.625  660.863    0    0  (Gen:  0)
  8235792      1088  32776992  0.000  0.000 4380.656  660.876    0    0  (Gen:  0)
  7902512      1744  32777808  0.000  0.000 4380.656  660.887    0    0  (Gen:  0)
  8093584      1408  32777600  0.000  0.000 4380.688  660.899    0    0  (Gen:  0)
  8146984      1776  32778096  0.000  0.000 4380.719  660.908    0    0  (Gen:  0)
  7266632      2032  32778512  0.000  0.000 4380.719  660.919    0    0  (Gen:  0)
  7964192      1256  32777864  0.000  0.000 4380.750  660.930    0    0  (Gen:  0)
  7421384      1360  32778096  0.000  0.000 4380.781  660.941    0    0  (Gen:  0)
  7762128      1400  32778232  0.000  0.000 4380.812  660.953    0    0  (Gen:  0)
  8039552      1952  32778880  0.000  0.000 4380.812  660.964    0    0  (Gen:  0)
  8105416      1696  32778752  0.000  0.000 4380.844  660.976    0    0  (Gen:  0)
  8145488      1704  32778888  0.000  0.000 4380.875  660.989    0    0  (Gen:  0)
  7941864      1568  32778880  0.000  0.000 4380.906  661.000    0    0  (Gen:  0)
  7658416      1392  32778832  0.000  0.000 4380.906  661.008    0    0  (Gen:  0)
  7897960      1584  32779088  0.000  0.000 4380.938  661.020    0    0  (Gen:  0)
  8031720      1848  32779448  0.000  0.000 4380.969  661.031    0    0  (Gen:  0)
  8075776      2528  32780256  0.000  0.000 4380.969  661.042    0    0  (Gen:  0)
  8222984      1296  32779152  0.000  0.000 4381.000  661.052    0    0  (Gen:  0)
  7976512       880  32778832  0.000  0.000 4381.031  661.063    0    0  (Gen:  0)
  8150864      1208  32779288  0.000  0.000 4381.031  661.076    0    0  (Gen:  0)
  8014376       864  32779072  0.000  0.000 4381.062  661.088    0    0  (Gen:  0)
  7808960       824  32779192  0.000  0.000 4381.094  661.099    0    0  (Gen:  0)
  7911592      1984  32780512  0.000  0.000 4381.125  661.111    0    0  (Gen:  0)
  7811016       992  32779656  0.000  0.000 4381.125  661.123    0    0  (Gen:  0)
  7685040      1024  32779808  0.000  0.000 4381.156  661.134    0    0  (Gen:  0)
  8063872      2144  32781024  0.000  0.000 4381.188  661.146    0    0  (Gen:  0)
  8234192       800  32779840  0.000  0.000 4381.219  661.155    0    0  (Gen:  0)
  8208808      1296  32780432  0.000  0.000 4381.219  661.167    0    0  (Gen:  0)
  8228048      1040  32780336  0.000  0.000 4381.250  661.178    0    0  (Gen:  0)
  8149048      1304  32780728  0.000  0.000 4381.281  661.188    0    0  (Gen:  0)
  8169104      1952  32781536  0.000  0.000 4381.281  661.199    0    0  (Gen:  0)
  8057984       872  32780552  0.000  0.000 4381.312  661.210    0    0  (Gen:  0)
  8127624      1272  32781112  0.000  0.000 4381.344  661.222    0    0  (Gen:  0)
  8153600      2480  32782448  0.000  0.000 4381.344  661.229    0    0  (Gen:  0)
  7537208      1296  32781360  0.000  0.000 4381.375  661.241    0    0  (Gen:  0)
  7983600      1008  32781232  0.000  0.000 4381.406  661.253    0    0  (Gen:  0)
  8058560       880  32781200  0.000  0.000 4381.438  661.264    0    0  (Gen:  0)
  8178928       832  32781280  0.000  0.000 4381.438  661.274    0    0  (Gen:  0)
  8106184       912  32781488  0.000  0.000 4381.469  661.283    0    0  (Gen:  0)
  8205816       848  32781584  0.000  0.000 4381.469  661.291    0    0  (Gen:  0)
  8209912       944  32781776  0.000  0.000 4381.500  661.302    0    0  (Gen:  0)
  7421968      1696  32782624  0.000  0.000 4381.531  661.312    0    0  (Gen:  0)
  8084584       880  32781936  0.000  0.000 4381.531  661.325    0    0  (Gen:  0)
  8085336      1040  32782224  0.000  0.000 4381.562  661.335    0    0  (Gen:  0)
  7552936       992  32782304  0.000  0.000 4381.594  661.346    0    0  (Gen:  0)
  8150552       912  32782352  0.000  0.000 4381.625  661.359    0    0  (Gen:  0)
  8006360      1248  32782848  0.000  0.000 4381.625  661.371    0    0  (Gen:  0)
  7769232      1392  32783152  0.000  0.000 4381.656  661.383    0    0  (Gen:  0)
  7931048      1160  32783048  0.000  0.000 4381.688  661.394    0    0  (Gen:  0)
  7814000      1120  32783168  0.000  0.000 4381.719  661.406    0    0  (Gen:  0)
  8034760       896  32783104  0.000  0.000 4381.719  661.418    0    0  (Gen:  0)
  8210712       912  32783216  0.000  0.000 4381.750  661.429    0    0  (Gen:  0)
  7775760      1544  32784008  0.000  0.000 4381.781  661.437    0    0  (Gen:  0)
  7986888      1464  32784600  0.000  0.000 4381.781  661.448    0    0  (Gen:  0)
  8045488      1072  32784912  0.000  0.000 4381.812  661.459    0    0  (Gen:  0)
  8180632       872  32784904  0.000  0.000 4381.844  661.470    0    0  (Gen:  0)
  8045424       960  32785152  0.000  0.000 4381.844  661.482    0    0  (Gen:  0)
  7997448       840  32785192  0.000  0.000 4381.875  661.492    0    0  (Gen:  0)
  7219024      1424  32785904  0.000  0.000 4381.906  661.502    0    0  (Gen:  0)
  7754960      1768  32787048  0.000  0.000 4381.906  661.514    0    0  (Gen:  0)
  8041720       888  32786712  0.000  0.000 4381.938  661.543    0    0  (Gen:  0)
  6927712       720  32786672  0.000  0.000 4381.953  661.559    0    0  (Gen:  0)
  6611024       928  32786976  0.000  0.000 4381.984  661.571    0    0  (Gen:  0)
  7855144       752  32786896  0.000  0.000 4382.016  661.584    0    0  (Gen:  0)
  8003872      1320  32787592  0.000  0.000 4382.047  661.596    0    0  (Gen:  0)
  8035368       896  32787264  0.000  0.000 4382.047  661.607    0    0  (Gen:  0)
  7920944       768  32787264  0.000  0.000 4382.078  661.617    0    0  (Gen:  0)
  8016848  29584296  32738352  0.031  0.027 4382.141  661.655    0    0  (Gen:  1)
  7812832       928  32738608  0.000  0.000 4382.141  661.667    0    0  (Gen:  0)
  7970880       848  32738624  0.000  0.000 4382.172  661.678    0    0  (Gen:  0)
  7838248       928  32738832  0.000  0.000 4382.203  661.688    0    0  (Gen:  0)
  7685368      1448  32739448  0.000  0.000 4382.203  661.699    0    0  (Gen:  0)
  8160240      1448  32739544  0.000  0.000 4382.234  661.711    0    0  (Gen:  0)
  7997272       880  32739072  0.000  0.000 4382.266  661.722    0    0  (Gen:  0)
  8127064      1352  32739640  0.000  0.000 4382.297  661.734    0    0  (Gen:  0)
  8146472      1720  32740136  0.000  0.000 4382.297  661.746    0    0  (Gen:  0)
  8235160      1400  32739912  0.000  0.000 4382.328  661.757    0    0  (Gen:  0)
  8003608      1368  32740008  0.000  0.000 4382.359  661.767    0    0  (Gen:  0)
  8033152       800  32739536  0.000  0.000 4382.359  661.779    0    0  (Gen:  0)
  7171008      1320  32740184  0.000  0.000 4382.391  661.790    0    0  (Gen:  0)
  8199480      1192  32740152  0.000  0.000 4382.422  661.803    0    0  (Gen:  0)
  7980936      1304  32740392  0.000  0.000 4382.453  661.815    0    0  (Gen:  0)
  8184744      1064  32740248  0.000  0.000 4382.484  661.828    0    0  (Gen:  0)
  8138048       968  32740248  0.000  0.000 4382.484  661.840    0    0  (Gen:  0)
  8027808      1384  32740792  0.000  0.000 4382.516  661.850    0    0  (Gen:  0)
  8124368      1160  32740664  0.000  0.000 4382.547  661.862    0    0  (Gen:  0)
  8002088      1064  32740664  0.000  0.000 4382.578  661.875    0    0  (Gen:  0)
  8095424       816  32740512  0.000  0.000 4382.578  661.887    0    0  (Gen:  0)
  8116696      1272  32741064  0.000  0.000 4382.609  661.900    0    0  (Gen:  0)
  8026976      1128  32741016  0.000  0.000 4382.641  661.912    0    0  (Gen:  0)
  7846688      2016  32742032  0.000  0.000 4382.672  661.924    0    0  (Gen:  0)
  8111216      1024  32741136  0.000  0.000 4382.703  661.936    0    0  (Gen:  0)
  7896200       760  32740968  0.000  0.000 4382.703  661.948    0    0  (Gen:  0)
  7921272      1224  32741528  0.000  0.000 4382.734  661.960    0    0  (Gen:  0)
  7622232      1864  32742264  0.000  0.000 4382.766  661.972    0    0  (Gen:  0)
  8205936      1800  32742264  0.000  0.000 4382.797  661.985    0    0  (Gen:  0)
  7850640      1672  32742264  0.000  0.000 4382.797  661.992    0    0  (Gen:  0)
  8187376      1744  32742400  0.000  0.000 4382.828  662.003    0    0  (Gen:  0)
  8125352      1056  32741840  0.000  0.000 4382.859  662.016    0    0  (Gen:  0)
  7891464      1304  32742152  0.000  0.000 4382.859  662.023    0    0  (Gen:  0)
  8061328      1416  32742392  0.000  0.000 4382.891  662.036    0    0  (Gen:  0)
  8001576      1704  32742744  0.000  0.000 4382.922  662.047    0    0  (Gen:  0)
  7938016      1200  32742336  0.000  0.000 4382.922  662.059    0    0  (Gen:  0)
  8173920      1384  32742616  0.000  0.000 4382.953  662.070    0    0  (Gen:  0)
  8004760      1024  32742352  0.000  0.000 4382.984  662.078    0    0  (Gen:  0)
  8044624      1168  32742560  0.000  0.000 4382.984  662.153    0    0  (Gen:  0)
  7643576      1336  32742856  0.000  0.000 4382.984  662.166    0    0  (Gen:  0)
  7583224      1448  32743032  0.000  0.000 4382.984  662.176    0    0  (Gen:  0)
  8052568      1584  32743232  0.000  0.000 4383.016  662.191    0    0  (Gen:  0)
  7953408      1232  32743008  0.000  0.000 4383.016  662.201    0    0  (Gen:  0)
  8157040      1184  32743056  0.000  0.000 4383.047  662.213    0    0  (Gen:  0)
  8233632      1232  32743168  0.000  0.000 4383.078  662.224    0    0  (Gen:  0)
  7733576      1544  32743576  0.000  0.000 4383.109  662.235    0    0  (Gen:  0)
  7976496      1024  32743120  0.000  0.000 4383.109  662.246    0    0  (Gen:  0)
  7364648      1192  32743384  0.000  0.000 4383.141  662.257    0    0  (Gen:  0)
  8139096      1240  32743528  0.000  0.000 4383.172  662.269    0    0  (Gen:  0)
  6900752      1192  32743544  0.000  0.000 4383.172  662.278    0    0  (Gen:  0)
  7623696      1080  32743528  0.000  0.000 4383.188  662.289    0    0  (Gen:  0)
  8068672      1752  32744264  0.000  0.000 4383.219  662.299    0    0  (Gen:  0)
  7863424      1376  32743984  0.000  0.000 4383.219  662.310    0    0  (Gen:  0)
  7996264      1248  32743984  0.000  0.000 4383.250  662.321    0    0  (Gen:  0)
  8017936      1128  32744024  0.000  0.000 4383.281  662.332    0    0  (Gen:  0)
  7914680      1176  32744232  0.000  0.000 4383.312  662.344    0    0  (Gen:  0)
  8175032      1424  32744640  0.000  0.000 4383.312  662.355    0    0  (Gen:  0)
  8068736      1408  32744848  0.000  0.000 4383.344  662.367    0    0  (Gen:  0)
  7513824      1240  32744840  0.000  0.000 4383.375  662.378    0    0  (Gen:  0)
  7807368      1032  32744792  0.000  0.000 4383.406  662.389    0    0  (Gen:  0)
  8024960      1272  32745192  0.000  0.000 4383.406  662.402    0    0  (Gen:  0)
  7684760      1568  32745680  0.000  0.000 4383.438  662.409    0    0  (Gen:  0)
  8224528      1120  32745392  0.000  0.000 4383.469  662.421    0    0  (Gen:  0)
  7812400      1448  32745880  0.000  0.000 4383.469  662.431    0    0  (Gen:  0)
  8065408      1016  32745640  0.000  0.000 4383.500  662.443    0    0  (Gen:  0)
  7858480      1568  32746288  0.000  0.000 4383.531  662.455    0    0  (Gen:  0)
  8233448      1272  32746120  0.000  0.000 4383.531  662.465    0    0  (Gen:  0)
  8173312      1184  32746128  0.000  0.000 4383.562  662.478    0    0  (Gen:  0)
  7652336  29560416  32714472  0.000  0.022 4383.594  662.511    0    0  (Gen:  1)
  7761960      1216  32714440  0.000  0.000 4383.625  662.522    0    0  (Gen:  0)
  8033912      1008  32714328  0.000  0.000 4383.656  662.534    0    0  (Gen:  0)
  7562472      1200  32714616  0.000  0.000 4383.688  662.546    0    0  (Gen:  0)
  8022552      1576  32715088  0.000  0.000 4383.688  662.556    0    0  (Gen:  0)
  6892008      2024  32715632  0.000  0.011 4383.703  662.583    0    0  (Gen:  0)
  4450544      2704  32716408  0.000  0.000 4383.703  662.598    0    0  (Gen:  0)
  7963544      1808  32716936  0.000  0.000 4383.734  662.608    0    0  (Gen:  0)
  7825112      1528  32717336  0.000  0.000 4383.734  662.621    0    0  (Gen:  0)
  8221408      1344  32717248  0.000  0.000 4383.766  662.633    0    0  (Gen:  0)
  8080096      1176  32717176  0.000  0.000 4383.797  662.644    0    0  (Gen:  0)
  8062360      2008  32718136  0.000  0.000 4383.828  662.655    0    0  (Gen:  0)
  8097032      1144  32717368  0.000  0.000 4383.828  662.667    0    0  (Gen:  0)
  8086976      1016  32717368  0.000  0.000 4383.859  662.679    0    0  (Gen:  0)
  7679440      1256  32717704  0.000  0.000 4383.891  662.690    0    0  (Gen:  0)
  8104536      1776  32718352  0.000  0.000 4383.891  662.699    0    0  (Gen:  0)
  7394096       968  32717640  0.000  0.000 4383.906  662.709    0    0  (Gen:  0)
  8094712      1760  32718528  0.000  0.000 4383.938  662.721    0    0  (Gen:  0)
  7992408      2608  32719504  0.000  0.000 4383.938  662.728    0    0  (Gen:  0)
  7214488      1264  32718256  0.000  0.000 4383.969  662.738    0    0  (Gen:  0)
  8178088      2776  32719896  0.000  0.000 4384.000  662.749    0    0  (Gen:  0)
  8132800      1368  32718552  0.000  0.000 4384.000  662.760    0    0  (Gen:  0)
  7679496      1280  32718624  0.000  0.000 4384.031  662.771    0    0  (Gen:  0)
  7991712      1768  32719208  0.000  0.000 4384.062  662.782    0    0  (Gen:  0)
  8099528      1488  32719056  0.000  0.000 4384.062  662.790    0    0  (Gen:  0)
  8027696      2048  32719744  0.000  0.000 4384.094  662.802    0    0  (Gen:  0)
  8178224      1480  32719304  0.000  0.000 4384.125  662.813    0    0  (Gen:  0)
  7961072      1408  32719360  0.000  0.000 4384.125  662.822    0    0  (Gen:  0)
  8227752      1504  32719584  0.000  0.000 4384.156  662.833    0    0  (Gen:  0)
  8002592      1720  32719896  0.000  0.000 4384.188  662.845    0    0  (Gen:  0)
  8058112      2416  32720720  0.000  0.000 4384.188  662.856    0    0  (Gen:  0)
  8167480      1472  32719872  0.000  0.000 4384.219  662.868    0    0  (Gen:  0)
  8044848      1296  32719792  0.000  0.000 4384.250  662.879    0    0  (Gen:  0)
  8228600      1352  32720008  0.000  0.000 4384.281  662.891    0    0  (Gen:  0)
  8060624      2528  32721312  0.000  0.000 4384.281  662.903    0    0  (Gen:  0)
  8138688      1160  32720008  0.000  0.000 4384.312  662.915    0    0  (Gen:  0)
  8214512      1488  32720464  0.000  0.000 4384.344  662.927    0    0  (Gen:  0)
  8164832      1168  32720240  0.000  0.000 4384.375  662.936    0    0  (Gen:  0)
  7834664      1200  32720400  0.000  0.000 4384.375  662.948    0    0  (Gen:  0)
  7969272      1712  32721008  0.000  0.000 4384.406  662.960    0    0  (Gen:  0)
  7915528      1504  32720928  0.000  0.000 4384.438  662.971    0    0  (Gen:  0)
  8028432       928  32720480  0.000  0.000 4384.469  662.983    0    0  (Gen:  0)
  7752896      1440  32721120  0.000  0.000 4384.469  662.994    0    0  (Gen:  0)
  7207656       856  32720632  0.000  0.000 4384.500  663.005    0    0  (Gen:  0)
  7792152      1296  32721200  0.000  0.000 4384.531  663.016    0    0  (Gen:  0)
  8140320      1368  32721432  0.000  0.000 4384.531  663.026    0    0  (Gen:  0)
  8182056      1448  32721640  0.000  0.000 4384.562  663.039    0    0  (Gen:  0)
  8038992       968  32721320  0.000  0.000 4384.594  663.050    0    0  (Gen:  0)
  8126904      1120  32721568  0.000  0.000 4384.625  663.062    0    0  (Gen:  0)
  8075776      1072  32721680  0.000  0.000 4384.625  663.073    0    0  (Gen:  0)
  7894224       928  32721696  0.000  0.000 4384.656  663.080    0    0  (Gen:  0)
  8076424      1392  32722288  0.000  0.000 4384.656  663.092    0    0  (Gen:  0)
  8123400      1280  32722304  0.000  0.000 4384.688  663.104    0    0  (Gen:  0)
  8169608      1488  32722640  0.000  0.000 4384.719  663.116    0    0  (Gen:  0)
  8061216      2384  32723632  0.000  0.000 4384.750  663.128    0    0  (Gen:  0)
  8171960      1904  32723280  0.000  0.000 4384.781  663.140    0    0  (Gen:  0)
  7864760      1208  32722712  0.000  0.000 4384.781  663.152    0    0  (Gen:  0)
  8180408       880  32722512  0.000  0.000 4384.812  663.160    0    0  (Gen:  0)
  8162328       880  32722640  0.000  0.000 4384.812  663.170    0    0  (Gen:  0)
  8187456       912  32722800  0.000  0.000 4384.844  663.182    0    0  (Gen:  0)
  7865968      1144  32723192  0.000  0.000 4384.875  663.194    0    0  (Gen:  0)
  7988200       960  32723136  0.000  0.000 4384.906  663.206    0    0  (Gen:  0)
  8025080      1648  32723984  0.000  0.000 4384.938  663.218    0    0  (Gen:  0)
  7928968      1312  32723840  0.000  0.000 4384.938  663.230    0    0  (Gen:  0)
  8138528      1000  32723688  0.000  0.000 4384.969  663.239    0    0  (Gen:  0)
  8146280      1176  32723992  0.000  0.000 4385.000  663.250    0    0  (Gen:  0)
  7504080      1040  32724016  0.000  0.000 4385.000  663.261    0    0  (Gen:  0)
  7788544      1264  32724368  0.000  0.000 4385.031  663.272    0    0  (Gen:  0)
  8170408      1536  32724800  0.000  0.000 4385.031  663.279    0    0  (Gen:  0)
  8087104       880  32724272  0.000  0.000 4385.062  663.288    0    0  (Gen:  0)
  8129192       992  32724512  0.000  0.000 4385.094  663.295    0    0  (Gen:  0)
  8014328      1208  32724856  0.000  0.000 4385.094  663.308    0    0  (Gen:  0)
  8164944      1048  32724856  0.000  0.000 4385.125  663.319    0    0  (Gen:  0)
  8176960      1136  32725072  0.000  0.000 4385.141  663.331    0    0  (Gen:  0)
  8139720  29531096  32685152  0.016  0.018 4385.188  663.362    0    0  (Gen:  1)
  7565064       928  32685000  0.000  0.000 4385.188  663.373    0    0  (Gen:  0)
  7944336      1240  32685440  0.000  0.000 4385.219  663.383    0    0  (Gen:  0)
  8231984      1216  32685576  0.000  0.000 4385.250  663.395    0    0  (Gen:  0)
  8224928       928  32685480  0.000  0.000 4385.281  663.405    0    0  (Gen:  0)
  8037032      1504  32686280  0.000  0.000 4385.281  663.416    0    0  (Gen:  0)
  8185072      1040  32686008  0.000  0.000 4385.312  663.428    0    0  (Gen:  0)
  7619800      1040  32686168  0.000  0.000 4385.344  663.438    0    0  (Gen:  0)
  7556664      1520  32686808  0.000  0.000 4385.344  663.449    0    0  (Gen:  0)
  8093072      1328  32686744  0.000  0.000 4385.375  663.460    0    0  (Gen:  0)
  8070616      1056  32686600  0.000  0.000 4385.406  663.472    0    0  (Gen:  0)
  7343616      1968  32687640  0.016  0.000 4385.422  663.482    0    0  (Gen:  0)
  7990264      1336  32687168  0.000  0.000 4385.422  663.494    0    0  (Gen:  0)
  7971176      1024  32686984  0.000  0.000 4385.453  663.506    0    0  (Gen:  0)
  8047624      1752  32687872  0.000  0.000 4385.484  663.517    0    0  (Gen:  0)
  8081576      1384  32687632  0.000  0.000 4385.484  663.529    0    0  (Gen:  0)
  7930600      1056  32687464  0.000  0.000 4385.516  663.540    0    0  (Gen:  0)
  8199920      2840  32689376  0.000  0.000 4385.547  663.552    0    0  (Gen:  0)
  7256656      1632  32688296  0.000  0.000 4385.578  663.573    0    0  (Gen:  0)
  7506120      1560  32688320  0.000  0.000 4385.609  663.598    0    0  (Gen:  0)
  7875496      1632  32688488  0.000  0.000 4385.641  663.610    0    0  (Gen:  0)
  7781560      1064  32688080  0.000  0.000 4385.641  663.621    0    0  (Gen:  0)
  8083608      1200  32688312  0.000  0.000 4385.656  663.634    0    0  (Gen:  0)
  7947184       800  32688040  0.000  0.000 4385.688  663.645    0    0  (Gen:  0)
  8190096      1776  32689112  0.000  0.000 4385.688  663.653    0    0  (Gen:  0)
  8175336      1032  32688464  0.000  0.000 4385.719  663.664    0    0  (Gen:  0)
  7956424      1824  32689416  0.000  0.000 4385.750  663.675    0    0  (Gen:  0)
  8023480      1888  32689576  0.000  0.000 4385.781  663.687    0    0  (Gen:  0)
  8199784       832  32688648  0.000  0.000 4385.781  663.699    0    0  (Gen:  0)
  7898400      1520  32689464  0.000  0.000 4385.812  663.710    0    0  (Gen:  0)
  7969704       976  32689048  0.000  0.000 4385.844  663.720    0    0  (Gen:  0)
  8194336      1304  32689504  0.000  0.000 4385.844  663.728    0    0  (Gen:  0)
  8090760      1344  32689752  0.000  0.000 4385.875  663.739    0    0  (Gen:  0)
  7974976      1288  32689824  0.000  0.000 4385.906  663.750    0    0  (Gen:  0)
  8005192      1184  32689880  0.000  0.000 4385.906  663.759    0    0  (Gen:  0)
  8090224      1120  32689976  0.000  0.000 4385.938  663.770    0    0  (Gen:  0)
  8012624      1168  32690216  0.000  0.000 4385.969  663.780    0    0  (Gen:  0)
  8222552      1040  32690216  0.000  0.000 4385.969  663.791    0    0  (Gen:  0)
  7919088      1216  32690552  0.000  0.000 4386.000  663.801    0    0  (Gen:  0)
  8214952      1296  32690760  0.000  0.000 4386.000  663.810    0    0  (Gen:  0)
  7996104      1088  32690712  0.000  0.000 4386.031  663.822    0    0  (Gen:  0)
  8111448      1216  32691000  0.000  0.000 4386.062  663.833    0    0  (Gen:  0)
  8204960      1344  32691320  0.000  0.000 4386.094  663.843    0    0  (Gen:  0)
  8204104      1040  32691144  0.000  0.000 4386.094  663.855    0    0  (Gen:  0)
  7766432      1056  32691320  0.000  0.000 4386.125  663.866    0    0  (Gen:  0)
  8024408      1192  32691584  0.000  0.000 4386.156  663.877    0    0  (Gen:  0)
  7250656      1216  32691768  0.000  0.000 4386.156  663.887    0    0  (Gen:  0)
  8158760      1136  32691816  0.000  0.000 4386.188  663.899    0    0  (Gen:  0)
  8195824      1256  32692096  0.000  0.000 4386.219  663.911    0    0  (Gen:  0)
  7750720      1104  32692072  0.000  0.000 4386.250  663.921    0    0  (Gen:  0)
  8220432       952  32692048  0.000  0.000 4386.250  663.933    0    0  (Gen:  0)
  8096944      1280  32692504  0.000  0.000 4386.281  663.946    0    0  (Gen:  0)
  7980088      1520  32692872  0.000  0.000 4386.312  663.955    0    0  (Gen:  0)
  8226056      1904  32693416  0.000  0.000 4386.344  663.968    0    0  (Gen:  0)
  8104880       992  32692600  0.000  0.000 4386.344  663.981    0    0  (Gen:  0)
  7662208      1248  32692984  0.000  0.000 4386.375  663.994    0    0  (Gen:  0)
  8214888      2104  32694000  0.000  0.000 4386.406  664.005    0    0  (Gen:  0)
  8183384      1600  32693624  0.000  0.000 4386.406  664.012    0    0  (Gen:  0)
  8083016      1360  32693480  0.000  0.000 4386.438  664.024    0    0  (Gen:  0)
  8090112      1744  32693960  0.000  0.000 4386.469  664.036    0    0  (Gen:  0)
  8033672      1008  32693352  0.000  0.000 4386.500  664.048    0    0  (Gen:  0)
  8227240      1776  32694216  0.000  0.000 4386.500  664.057    0    0  (Gen:  0)
  7709816      1256  32693824  0.000  0.000 4386.531  664.069    0    0  (Gen:  0)
  8076336       880  32693512  0.000  0.000 4386.562  664.081    0    0  (Gen:  0)
  8151368      1248  32694008  0.000  0.000 4386.562  664.090    0    0  (Gen:  0)
  7845040      1344  32694264  0.000  0.000 4386.594  664.102    0    0  (Gen:  0)
  8108056      1352  32694400  0.000  0.000 4386.625  664.114    0    0  (Gen:  0)
  7999904      1080  32694256  0.000  0.000 4386.656  664.125    0    0  (Gen:  0)
  8173312       992  32694328  0.000  0.000 4386.656  664.138    0    0  (Gen:  0)
  7849168      1136  32694600  0.000  0.000 4386.688  664.150    0    0  (Gen:  0)
  8060008      2336  32695960  0.000  0.000 4386.719  664.162    0    0  (Gen:  0)
  8203816       880  32694632  0.000  0.000 4386.750  664.175    0    0  (Gen:  0)
  7702848  29498240  32652296  0.125  0.020 4386.875  664.205    0    0  (Gen:  1)
  7645616      1488  32684680  0.000  0.000 4386.875  664.215    0    0  (Gen:  0)
  7759520      1320  32685288  0.000  0.000 4386.906  664.226    0    0  (Gen:  0)
  8149456      1392  32685520  0.000  0.000 4386.938  664.237    0    0  (Gen:  0)
  7827272       704  32684960  0.000  0.000 4386.969  664.249    0    0  (Gen:  0)
  7738416       888  32685272  0.000  0.000 4386.969  664.261    0    0  (Gen:  0)
  7971320      1280  32685792  0.000  0.000 4387.000  664.273    0    0  (Gen:  0)
  8059568       856  32685496  0.000  0.000 4387.031  664.285    0    0  (Gen:  0)
  7465832      1424  32686160  0.000  0.000 4387.062  664.297    0    0  (Gen:  0)
  7977104      1232  32686128  0.000  0.000 4387.062  664.305    0    0  (Gen:  0)
  7947136      1624  32686616  0.000  0.000 4387.094  664.316    0    0  (Gen:  0)
  7739912      1248  32686944  0.000  0.000 4387.094  664.326    0    0  (Gen:  0)
  8028616       752  32687024  0.000  0.000 4387.125  664.338    0    0  (Gen:  0)
  7820400      1640  32688040  0.000  0.000 4387.156  664.349    0    0  (Gen:  0)
  8105176       816  32687344  0.000  0.000 4387.188  664.361    0    0  (Gen:  0)
  7827728       800  32687424  0.000  0.000 4387.188  664.372    0    0  (Gen:  0)
  7827352      1040  32687792  0.000  0.000 4387.219  664.382    0    0  (Gen:  0)
  7800816       768  32687616  0.000  0.000 4387.250  664.391    0    0  (Gen:  0)
  8145384      1160  32688104  0.000  0.000 4387.250  664.404    0    0  (Gen:  0)
  8038904       880  32687920  0.000  0.000 4387.281  664.416    0    0  (Gen:  0)
  7537304       896  32688032  0.000  0.000 4387.312  664.428    0    0  (Gen:  0)
  8043488      1368  32688632  0.000  0.000 4387.344  664.439    0    0  (Gen:  0)
  8186040       912  32688272  0.000  0.000 4387.375  664.452    0    0  (Gen:  0)
  8155064       960  32688448  0.000  0.000 4387.375  664.465    0    0  (Gen:  0)
  8046240      1368  32688984  0.000  0.000 4387.406  664.477    0    0  (Gen:  0)
  8229504       768  32688480  0.000  0.000 4387.438  664.489    0    0  (Gen:  0)
  8068464      1104  32688912  0.000  0.000 4387.469  664.500    0    0  (Gen:  0)
  8146672      1560  32689496  0.000  0.000 4387.469  664.512    0    0  (Gen:  0)
  7631168       768  32688800  0.000  0.000 4387.484  664.520    0    0  (Gen:  0)
  7598224      1304  32689432  0.000  0.000 4387.484  664.530    0    0  (Gen:  0)
  7632816       800  32688992  0.000  0.000 4387.516  664.541    0    0  (Gen:  0)
  8224496      2168  32690488  0.000  0.000 4387.547  664.554    0    0  (Gen:  0)
  7931904       824  32689240  0.000  0.000 4387.578  664.566    0    0  (Gen:  0)
  7724288       768  32689280  0.000  0.000 4387.609  664.577    0    0  (Gen:  0)
  7605080      1384  32689992  0.000  0.000 4387.609  664.589    0    0  (Gen:  0)
  7939232      1320  32690024  0.000  0.000 4387.641  664.601    0    0  (Gen:  0)
  7409296      1160  32689960  0.000  0.017 4387.656  664.639    0    0  (Gen:  0)
  7319016      1016  32689912  0.000  0.000 4387.656  664.651    0    0  (Gen:  0)
  7841136       720  32689712  0.000  0.000 4387.688  664.663    0    0  (Gen:  0)
  8020200      1576  32690664  0.000  0.000 4387.719  664.675    0    0  (Gen:  0)
  8231440      1560  32690776  0.000  0.000 4387.750  664.688    0    0  (Gen:  0)
  7495600      1896  32691208  0.000  0.000 4387.750  664.699    0    0  (Gen:  0)
  8205080      1896  32691304  0.000  0.000 4387.766  664.710    0    0  (Gen:  0)
  8222584      2008  32691544  0.000  0.000 4387.797  664.721    0    0  (Gen:  0)
  7680592      1032  32690664  0.000  0.000 4387.797  664.728    0    0  (Gen:  0)
  8229440       720  32690448  0.000  0.000 4387.828  664.740    0    0  (Gen:  0)
  7936728      1272  32691096  0.000  0.000 4387.859  664.749    0    0  (Gen:  0)
  7794368       816  32690736  0.000  0.000 4387.859  664.760    0    0  (Gen:  0)
  7098456       768  32690784  0.000  0.000 4387.875  664.770    0    0  (Gen:  0)
  7957080      1560  32691672  0.000  0.000 4387.906  664.781    0    0  (Gen:  0)
  7739992       936  32691176  0.000  0.000 4387.906  664.792    0    0  (Gen:  0)
  8169960      1416  32691720  0.000  0.000 4387.938  664.804    0    0  (Gen:  0)
  7945376      1384  32691816  0.000  0.000 4387.969  664.816    0    0  (Gen:  0)
  7864056      1800  32692296  0.000  0.000 4388.000  664.827    0    0  (Gen:  0)
  8092800      2424  32693048  0.000  0.000 4388.000  664.839    0    0  (Gen:  0)
  7364704      1464  32692152  0.000  0.000 4388.031  664.851    0    0  (Gen:  0)
  8108232      1352  32692104  0.000  0.000 4388.062  664.863    0    0  (Gen:  0)
  8008976      1104  32691984  0.000  0.000 4388.094  664.875    0    0  (Gen:  0)
  8180672      1040  32691984  0.000  0.000 4388.094  664.887    0    0  (Gen:  0)
  7734776      1496  32692568  0.000  0.000 4388.125  664.894    0    0  (Gen:  0)
  8174912      1168  32692304  0.000  0.000 4388.125  664.904    0    0  (Gen:  0)
  8076200      1872  32693136  0.000  0.000 4388.156  664.916    0    0  (Gen:  0)
  7796680      1400  32692728  0.000  0.000 4388.188  664.927    0    0  (Gen:  0)
  7833712      1272  32692696  0.000  0.000 4388.219  664.937    0    0  (Gen:  0)
  7465392      1360  32692976  0.000  0.000 4388.219  664.947    0    0  (Gen:  0)
  7585984      1360  32693136  0.000  0.000 4388.250  664.956    0    0  (Gen:  0)
  8020448      1360  32693296  0.000  0.000 4388.281  664.968    0    0  (Gen:  0)
  7754040      1128  32693224  0.000  0.000 4388.281  664.979    0    0  (Gen:  0)
  7574936      1312  32693568  0.000  0.000 4388.312  664.989    0    0  (Gen:  0)
  7686368      1296  32693744  0.000  0.000 4388.344  665.000    0    0  (Gen:  0)
  2282912  29466600  32653424  0.016  0.021 4388.359  665.024    0    0  (Gen:  1)
  7970304      1336  32653720  0.000  0.000 4388.391  665.035    0    0  (Gen:  0)
  7838952      1360  32653904  0.000  0.000 4388.422  665.046    0    0  (Gen:  0)
  7923096      1176  32653880  0.000  0.000 4388.422  665.055    0    0  (Gen:  0)
  7874664      1368  32654232  0.000  0.000 4388.453  665.066    0    0  (Gen:  0)
  7961488      1000  32654024  0.000  0.000 4388.484  665.078    0    0  (Gen:  0)
  8079272      1136  32654288  0.000  0.000 4388.484  665.088    0    0  (Gen:  0)
  8161072       976  32654224  0.000  0.000 4388.516  665.099    0    0  (Gen:  0)
  7794256      1376  32654720  0.000  0.000 4388.547  665.111    0    0  (Gen:  0)
  7979520      1176  32654616  0.000  0.000 4388.547  665.121    0    0  (Gen:  0)
  7960200       896  32654464  0.000  0.000 4388.578  665.131    0    0  (Gen:  0)
  8089680      1224  32654856  0.000  0.000 4388.609  665.143    0    0  (Gen:  0)
  8182848      1232  32654992  0.000  0.000 4388.609  665.153    0    0  (Gen:  0)
  8116448      1024  32654880  0.000  0.000 4388.641  665.165    0    0  (Gen:  0)
  7978896      1424  32655344  0.000  0.000 4388.672  665.177    0    0  (Gen:  0)
  8038384      1232  32655280  0.000  0.000 4388.703  665.188    0    0  (Gen:  0)
  7971680      1520  32655664  0.000  0.000 4388.703  665.195    0    0  (Gen:  0)
  7218008      1488  32655760  0.000  0.000 4388.734  665.206    0    0  (Gen:  0)
  8131136      1160  32655528  0.000  0.000 4388.734  665.217    0    0  (Gen:  0)
  7958472       976  32655408  0.000  0.000 4388.766  665.224    0    0  (Gen:  0)
  8186552      1216  32655744  0.000  0.000 4388.797  665.236    0    0  (Gen:  0)
  8099584      1320  32655976  0.000  0.000 4388.828  665.248    0    0  (Gen:  0)
  7835600      1240  32656024  0.000  0.000 4388.828  665.259    0    0  (Gen:  0)
  7829840      1400  32656280  0.000  0.000 4388.859  665.271    0    0  (Gen:  0)
  8028944      1520  32656528  0.000  0.000 4388.891  665.280    0    0  (Gen:  0)
  7823872      1576  32656680  0.000  0.000 4388.891  665.290    0    0  (Gen:  0)
  7576408      1480  32656712  0.000  0.000 4388.922  665.301    0    0  (Gen:  0)
  8151080      1856  32657184  0.000  0.000 4388.953  665.316    0    0  (Gen:  0)
  8076280      2224  32657616  0.000  0.000 4388.984  665.328    0    0  (Gen:  0)
  7710208      1224  32656680  0.000  0.000 4388.984  665.339    0    0  (Gen:  0)
  8165792       944  32656528  0.000  0.000 4389.016  665.352    0    0  (Gen:  0)
  8026136      1520  32657168  0.000  0.000 4389.047  665.359    0    0  (Gen:  0)
  7870056      1000  32656776  0.000  0.000 4389.047  665.371    0    0  (Gen:  0)
  7916016      1224  32657128  0.000  0.000 4389.078  665.382    0    0  (Gen:  0)
  8211440      1240  32657272  0.000  0.000 4389.109  665.394    0    0  (Gen:  0)
  7888328      1856  32657984  0.000  0.000 4389.109  665.404    0    0  (Gen:  0)
  8090896      1608  32657832  0.000  0.000 4389.141  665.416    0    0  (Gen:  0)
  8062768      1800  32658152  0.000  0.000 4389.172  665.427    0    0  (Gen:  0)
  8232136      1240  32657720  0.000  0.000 4389.203  665.438    0    0  (Gen:  0)
  7883504      1536  32658144  0.000  0.000 4389.203  665.449    0    0  (Gen:  0)
  6951368      1160  32657896  0.000  0.000 4389.234  665.460    0    0  (Gen:  0)
  8067424      1072  32657904  0.000  0.000 4389.266  665.472    0    0  (Gen:  0)
  7962184      1360  32658288  0.000  0.000 4389.266  665.482    0    0  (Gen:  0)
  7599336      1760  32658784  0.000  0.000 4389.297  665.493    0    0  (Gen:  0)
  7951848      1352  32658504  0.000  0.000 4389.328  665.504    0    0  (Gen:  0)
  8072512       744  32658024  0.000  0.000 4389.359  665.515    0    0  (Gen:  0)
  8120296      1264  32658608  0.000  0.000 4389.359  665.527    0    0  (Gen:  0)
  8002720      1632  32659104  0.000  0.000 4389.391  665.539    0    0  (Gen:  0)
  8093072      1192  32658792  0.000  0.000 4389.422  665.551    0    0  (Gen:  0)
  8068536      1688  32659384  0.000  0.000 4389.453  665.563    0    0  (Gen:  0)
  8237824      1656  32659480  0.000  0.000 4389.453  665.575    0    0  (Gen:  0)
  7904544      1408  32659360  0.000  0.000 4389.484  665.586    0    0  (Gen:  0)
  8083784      1640  32659752  0.000  0.000 4389.516  665.597    0    0  (Gen:  0)
  8225184      2224  32660464  0.000  0.000 4389.547  665.609    0    0  (Gen:  0)
  8232520      1168  32659536  0.000  0.000 4389.547  665.620    0    0  (Gen:  0)
  7589904      1816  32660280  0.000  0.002 4389.578  665.645    0    0  (Gen:  0)
  7489952      1712  32660336  0.000  0.000 4389.609  665.657    0    0  (Gen:  0)
  7149104      1528  32660248  0.000  0.000 4389.609  665.669    0    0  (Gen:  0)
  8062080      1016  32659800  0.000  0.000 4389.641  665.681    0    0  (Gen:  0)
  8172816       976  32659888  0.000  0.000 4389.672  665.693    0    0  (Gen:  0)
  8216272      1680  32660688  0.000  0.000 4389.703  665.702    0    0  (Gen:  0)
  8030480      1072  32660208  0.000  0.000 4389.703  665.712    0    0  (Gen:  0)
  8056400      1360  32660592  0.000  0.000 4389.734  665.724    0    0  (Gen:  0)
  7934352      1224  32660584  0.000  0.000 4389.766  665.734    0    0  (Gen:  0)
  7928360      1072  32660528  0.000  0.000 4389.766  665.745    0    0  (Gen:  0)
  7751744      1160  32660776  0.000  0.000 4389.797  665.754    0    0  (Gen:  0)
  7708992       848  32660592  0.000  0.000 4389.828  665.767    0    0  (Gen:  0)
  8019208      1048  32660888  0.000  0.000 4389.828  665.779    0    0  (Gen:  0)
  8044888      1560  32661528  0.000  0.000 4389.859  665.788    0    0  (Gen:  0)
  8027216      1680  32661776  0.000  0.000 4389.891  665.799    0    0  (Gen:  0)
  8078928  29440744  32627568  0.109  0.018 4390.000  665.828    0    0  (Gen:  1)
  7729560      1008  32627600  0.000  0.000 4390.000  665.840    0    0  (Gen:  0)
  8074480      1216  32627936  0.000  0.000 4390.031  665.852    0    0  (Gen:  0)
  8106144      1152  32628000  0.000  0.000 4390.062  665.864    0    0  (Gen:  0)
  8092608      1488  32628464  0.000  0.000 4390.062  665.872    0    0  (Gen:  0)
  8136992      1328  32628400  0.000  0.000 4390.094  665.883    0    0  (Gen:  0)
  8043024      1560  32628760  0.000  0.000 4390.125  665.894    0    0  (Gen:  0)
  7957912      1392  32628752  0.000  0.000 4390.156  665.905    0    0  (Gen:  0)
  7917712       960  32628448  0.000  0.000 4390.156  665.917    0    0  (Gen:  0)
  8209040      1080  32628664  0.000  0.000 4390.188  665.929    0    0  (Gen:  0)
  8206552      1048  32628792  0.000  0.000 4390.219  665.938    0    0  (Gen:  0)
  8039936      1680  32629552  0.000  0.000 4390.219  665.950    0    0  (Gen:  0)
  8167352      1384  32629352  0.000  0.000 4390.250  665.958    0    0  (Gen:  0)
  8139344       832  32628960  0.000  0.000 4390.281  665.970    0    0  (Gen:  0)
  8112656      1272  32629528  0.000  0.000 4390.281  665.982    0    0  (Gen:  0)
  8225800      1112  32629464  0.000  0.000 4390.312  665.994    0    0  (Gen:  0)
  8194088      1168  32629712  0.000  0.000 4390.344  666.006    0    0  (Gen:  0)
  7975976       936  32629672  0.000  0.000 4390.375  666.016    0    0  (Gen:  0)
  7974600      1248  32630176  0.000  0.000 4390.375  666.024    0    0  (Gen:  0)
  8091688      1792  32630944  0.000  0.000 4390.406  666.035    0    0  (Gen:  0)
  8165720      1200  32630512  0.000  0.000 4390.438  666.045    0    0  (Gen:  0)
  8172432      1600  32631008  0.000  0.000 4390.438  666.054    0    0  (Gen:  0)
  8223328      1224  32630792  0.000  0.000 4390.469  666.065    0    0  (Gen:  0)
  8070672      1640  32631336  0.000  0.000 4390.469  666.077    0    0  (Gen:  0)
  8060080      1024  32630880  0.000  0.000 4390.500  666.086    0    0  (Gen:  0)
  8102824      1712  32631728  0.000  0.000 4390.531  666.097    0    0  (Gen:  0)
  7820744      1800  32631976  0.000  0.000 4390.531  666.108    0    0  (Gen:  0)
  8136968      1376  32631680  0.000  0.000 4390.562  666.119    0    0  (Gen:  0)
  8167472      1400  32631864  0.000  0.000 4390.594  666.131    0    0  (Gen:  0)
  8192640      1216  32631808  0.000  0.000 4390.625  666.142    0    0  (Gen:  0)
  8222048      1200  32631920  0.000  0.000 4390.625  666.155    0    0  (Gen:  0)
  8201424      1056  32631936  0.000  0.000 4390.656  666.166    0    0  (Gen:  0)
  7698832       976  32631984  0.000  0.000 4390.688  666.177    0    0  (Gen:  0)
  6974648      1104  32632208  0.000  0.000 4390.719  666.187    0    0  (Gen:  0)
  7431944       872  32632104  0.000  0.000 4390.719  666.198    0    0  (Gen:  0)
  7979080      1512  32632872  0.000  0.000 4390.750  666.209    0    0  (Gen:  0)
  7763584      1344  32632800  0.000  0.000 4390.750  666.217    0    0  (Gen:  0)
  8041848      1136  32632720  0.000  0.000 4390.781  666.229    0    0  (Gen:  0)
  8089072      1568  32633248  0.000  0.000 4390.812  666.239    0    0  (Gen:  0)
  8222976       992  32632800  0.000  0.000 4390.812  666.248    0    0  (Gen:  0)
  7874696      1056  32632992  0.000  0.000 4390.828  666.259    0    0  (Gen:  0)
  8205656      1192  32633256  0.000  0.000 4390.859  666.270    0    0  (Gen:  0)
  8171280      1336  32633560  0.000  0.000 4390.891  666.280    0    0  (Gen:  0)
  7486056       880  32633264  0.000  0.000 4390.891  666.291    0    0  (Gen:  0)
  7914640      1024  32633536  0.000  0.000 4390.922  666.302    0    0  (Gen:  0)
  7734080      1592  32634264  0.000  0.000 4390.953  666.313    0    0  (Gen:  0)
  7997240      1048  32633912  0.000  0.000 4390.953  666.326    0    0  (Gen:  0)
  7939464      1024  32634016  0.000  0.000 4390.984  666.337    0    0  (Gen:  0)
  8160656      1400  32634552  0.000  0.000 4391.016  666.348    0    0  (Gen:  0)
  8213480      1088  32634400  0.000  0.000 4391.047  666.360    0    0  (Gen:  0)
  8025024      1440  32634912  0.000  0.000 4391.047  666.371    0    0  (Gen:  0)
  8212512      1304  32634936  0.000  0.000 4391.078  666.382    0    0  (Gen:  0)
  7923440      1200  32634992  0.000  0.000 4391.109  666.391    0    0  (Gen:  0)
  7645496      1056  32635008  0.000  0.000 4391.109  666.401    0    0  (Gen:  0)
  8126232      1200  32635312  0.000  0.000 4391.141  666.412    0    0  (Gen:  0)
  7869984      1264  32635536  0.000  0.000 4391.172  666.424    0    0  (Gen:  0)
  8189656       912  32635344  0.000  0.000 4391.172  666.435    0    0  (Gen:  0)
  7989912      1584  32636176  0.000  0.000 4391.203  666.447    0    0  (Gen:  0)
  8169008       952  32635672  0.000  0.000 4391.234  666.458    0    0  (Gen:  0)
  8027520      1024  32635936  0.000  0.000 4391.266  666.471    0    0  (Gen:  0)
  7936688      1248  32636320  0.000  0.000 4391.266  666.482    0    0  (Gen:  0)
  8219560      1256  32636488  0.000  0.000 4391.297  666.494    0    0  (Gen:  0)
  7620688      1184  32636576  0.000  0.000 4391.328  666.506    0    0  (Gen:  0)
  7628648      2320  32637840  0.000  0.000 4391.359  666.518    0    0  (Gen:  0)
  8193680      1056  32636704  0.000  0.000 4391.391  666.529    0    0  (Gen:  0)
  7826080      1040  32636816  0.000  0.000 4391.391  666.541    0    0  (Gen:  0)
  7575320      2168  32638104  0.000  0.000 4391.422  666.552    0    0  (Gen:  0)
  8184952      1488  32637552  0.000  0.000 4391.422  666.560    0    0  (Gen:  0)
  7772160      1184  32637376  0.000  0.000 4391.453  666.572    0    0  (Gen:  0)
  8149248      1792  32638112  0.000  0.000 4391.484  666.583    0    0  (Gen:  0)
  7651504      1344  32637792  0.000  0.000 4391.516  666.594    0    0  (Gen:  0)
  7647416  29409224  32596048  0.125  0.021 4391.641  666.627    0    0  (Gen:  1)
  4120040      1624  32595392  0.000  0.001 4391.641  666.638    0    0  (Gen:  0)
  6415392      1672  32596544  0.000  0.004 4391.656  666.657    0    0  (Gen:  0)
  7394088      1312  32596768  0.000  0.000 4391.656  666.669    0    0  (Gen:  0)
  7176320      1136  32596688  0.000  0.000 4391.688  666.679    0    0  (Gen:  0)
  8142464      1744  32597392  0.000  0.000 4391.719  666.692    0    0  (Gen:  0)
  7975128      1248  32597024  0.000  0.000 4391.750  666.704    0    0  (Gen:  0)
  8124408      1088  32597024  0.000  0.000 4391.750  666.716    0    0  (Gen:  0)
  7976840      2552  32598648  0.000  0.000 4391.781  666.724    0    0  (Gen:  0)
  7725392      1440  32597696  0.000  0.000 4391.812  666.735    0    0  (Gen:  0)
  8154320      1736  32598120  0.000  0.000 4391.812  666.744    0    0  (Gen:  0)
  7896832      1360  32597872  0.000  0.000 4391.844  666.755    0    0  (Gen:  0)
  7812704      1856  32598528  0.000  0.000 4391.875  666.767    0    0  (Gen:  0)
  7227128    550800  33147568  0.000  0.000 4391.875  666.776    0    0  (Gen:  0)
  6714048   3420984  36017904  0.016  0.002 4391.891  666.780    0    0  (Gen:  0)
  7303672   1884712  37901888  0.000  0.001 4391.891  666.786    0    0  (Gen:  0)
  6721728   1886088  39787536  0.000  0.001 4391.891  666.791    0    0  (Gen:  0)
  5194856    492168  40277784  0.000  0.001 4391.906  666.797    0    0  (Gen:  0)
  4118440       592  40277800  0.000  0.000 4391.906  666.804    0    0  (Gen:  0)
  4114184       384  40277832  0.000  0.000 4391.906  666.809    0    0  (Gen:  0)
  4119416       784  40278264  0.000  0.000 4391.922  666.816    0    0  (Gen:  0)
  4116624       464  40277976  0.000  0.000 4391.922  666.822    0    0  (Gen:  0)
  4115208       384  40277960  0.000  0.000 4391.938  666.827    0    0  (Gen:  0)
  4115728       576  40278184  0.000  0.000 4391.938  666.833    0    0  (Gen:  0)
  4115888       544  40278216  0.000  0.000 4391.938  666.839    0    0  (Gen:  0)
  4116656      1824  40279528  0.000  0.000 4391.953  666.845    0    0  (Gen:  0)
  4115552       576  40278344  0.000  0.000 4391.953  666.851    0    0  (Gen:  0)
  4117912       544  40278376  0.000  0.000 4391.953  666.857    0    0  (Gen:  0)
  4114704      1632  40279496  0.000  0.000 4391.969  666.862    0    0  (Gen:  0)
  4117336       640  40278568  0.000  0.000 4391.969  666.869    0    0  (Gen:  0)
  4118360       608  40278600  0.000  0.000 4391.984  666.874    0    0  (Gen:  0)
  4116520       648  40278736  0.000  0.000 4391.984  666.879    0    0  (Gen:  0)
  4117696       496  40278616  0.000  0.000 4391.984  666.887    0    0  (Gen:  0)
  4116104       496  40278712  0.000  0.000 4392.000  666.892    0    0  (Gen:  0)
  4117696       416  40278728  0.000  0.000 4392.000  666.899    0    0  (Gen:  0)
  4116608       416  40278792  0.000  0.000 4392.016  666.906    0    0  (Gen:  0)
  4114352       448  40278888  0.000  0.000 4392.016  666.912    0    0  (Gen:  0)
  4114992       640  40279176  0.000  0.000 4392.016  666.920    0    0  (Gen:  0)
  4114720       576  40279176  0.000  0.000 4392.031  666.925    0    0  (Gen:  0)
  4118120       608  40279272  0.000  0.000 4392.031  666.931    0    0  (Gen:  0)
  4115672       464  40279224  0.000  0.000 4392.047  666.937    0    0  (Gen:  0)
  4116000       608  40279432  0.000  0.000 4392.047  666.943    0    0  (Gen:  0)
  4115256       464  40279384  0.000  0.000 4392.047  666.949    0    0  (Gen:  0)
  4123104       856  40279840  0.000  0.000 4392.062  666.955    0    0  (Gen:  0)
  4124080      1208  40280576  0.000  0.000 4392.062  666.959    0    0  (Gen:  0)
  4118656       488  40280656  0.000  0.000 4392.062  666.966    0    0  (Gen:  0)
  4117920       376  40280672  0.000  0.000 4392.078  666.973    0    0  (Gen:  0)
  4117856       472  40280832  0.000  0.000 4392.078  666.978    0    0  (Gen:  0)
  4117640       376  40280800  0.000  0.000 4392.094  666.985    0    0  (Gen:  0)
  4117896       536  40281024  0.000  0.000 4392.094  666.990    0    0  (Gen:  0)
  4117472       536  40281088  0.000  0.000 4392.094  666.996    0    0  (Gen:  0)
  4117920       424  40281040  0.000  0.000 4392.109  667.003    0    0  (Gen:  0)
  4118256       536  40281216  0.000  0.000 4392.109  667.008    0    0  (Gen:  0)
  4117288       472  40281216  0.000  0.000 4392.125  667.015    0    0  (Gen:  0)
  4117960       536  40281344  0.000  0.000 4392.125  667.021    0    0  (Gen:  0)
  4117816       472  40281344  0.000  0.000 4392.125  667.027    0    0  (Gen:  0)
  4117736       536  40281472  0.000  0.000 4392.141  667.033    0    0  (Gen:  0)
  4117712       376  40281376  0.000  0.000 4392.141  667.039    0    0  (Gen:  0)
  4117592       424  40281488  0.000  0.000 4392.156  667.045    0    0  (Gen:  0)
  4117928       424  40281552  0.000  0.000 4392.156  667.052    0    0  (Gen:  0)
  4118136       424  40281616  0.000  0.000 4392.156  667.059    0    0  (Gen:  0)
  4117384       376  40281632  0.000  0.000 4392.172  667.066    0    0  (Gen:  0)
  4117992       408  40281728  0.000  0.000 4392.172  667.073    0    0  (Gen:  0)
  4117640       424  40281840  0.000  0.000 4392.188  667.079    0    0  (Gen:  0)
  4117712       424  40281904  0.000  0.000 4392.188  667.086    0    0  (Gen:  0)
  4118000       536  40282080  0.000  0.000 4392.188  667.092    0    0  (Gen:  0)
  4117632       376  40281984  0.000  0.000 4392.203  667.097    0    0  (Gen:  0)
  4118216       536  40282208  0.000  0.000 4392.203  667.104    0    0  (Gen:  0)
  4117272       536  40282272  0.000  0.000 4392.219  667.109    0    0  (Gen:  0)
  4117712       376  40282176  0.000  0.000 4392.219  667.116    0    0  (Gen:  0)
  4118064       536  40282400  0.000  0.000 4392.219  667.122    0    0  (Gen:  0)
  4117632       536  40282464  0.000  0.000 4392.234  667.128    0    0  (Gen:  0)
  4117960       376  40282368  0.000  0.000 4392.234  667.135    0    0  (Gen:  0)
  4117432       376  40282432  0.000  0.000 4392.250  667.140    0    0  (Gen:  0)
  4118000       376  40282496  0.000  0.000 4392.250  667.146    0    0  (Gen:  0)
  4118096       424  40282608  0.000  0.000 4392.250  667.153    0    0  (Gen:  0)
  4117392       536  40282784  0.000  0.000 4392.266  667.158    0    0  (Gen:  0)
  4118048       624  40282936  0.000  0.000 4392.266  667.164    0    0  (Gen:  0)
  4117688       536  40282912  0.000  0.000 4392.281  667.170    0    0  (Gen:  0)
  4117504       376  40282816  0.000  0.000 4392.281  667.176    0    0  (Gen:  0)
  4118256       632  40283136  0.000  0.000 4392.281  667.183    0    0  (Gen:  0)
  4116560       584  40283152  0.000  0.000 4392.297  667.189    0    0  (Gen:  0)
  4118744       544  40283176  0.000  0.000 4392.297  667.195    0    0  (Gen:  0)
  4118000       744  40283408  0.000  0.000 4392.297  667.202    0    0  (Gen:  0)
  4117384       632  40283360  0.000  0.000 4392.297  667.209    0    0  (Gen:  0)
  4116224       712  40283504  0.000  0.000 4392.297  667.216    0    0  (Gen:  0)
  4116592       416  40283240  0.000  0.000 4392.312  667.223    0    0  (Gen:  0)
  4117432       712  40283600  0.000  0.000 4392.312  667.229    0    0  (Gen:  0)
  4118608       744  40283664  0.000  0.000 4392.328  667.236    0    0  (Gen:  0)
  4115824       384  40283368  0.000  0.000 4392.328  667.241    0    0  (Gen:  0)
  4116448       696  40283712  0.000  0.000 4392.328  667.247    0    0  (Gen:  0)
  4117096       600  40283680  0.000  0.000 4392.344  667.254    0    0  (Gen:  0)
  4118288       384  40283496  0.000  0.000 4392.344  667.260    0    0  (Gen:  0)
  4119056       632  40283776  0.000  0.000 4392.359  667.267    0    0  (Gen:  0)
  4116752       600  40283808  0.000  0.000 4392.359  667.273    0    0  (Gen:  0)
  4118168       784  40284024  0.000  0.000 4392.359  667.278    0    0  (Gen:  0)
  4114680       464  40283736  0.000  0.000 4392.375  667.284    0    0  (Gen:  0)
  4118720       912  40284248  0.000  0.000 4392.375  667.290    0    0  (Gen:  0)
  4117352       432  40283800  0.000  0.000 4392.375  667.295    0    0  (Gen:  0)
  4113432       896  40284296  0.000  0.000 4392.375  667.302    0    0  (Gen:  0)
  4113912       576  40284008  0.000  0.000 4392.375  667.308    0    0  (Gen:  0)
  4116768       640  40284136  0.000  0.000 4392.391  667.314    0    0  (Gen:  0)
  4116920       552  40284080  0.000  0.000 4392.391  667.320    0    0  (Gen:  0)
  4116376       632  40284192  0.000  0.000 4392.391  667.325    0    0  (Gen:  0)
  4149048       600  40284224  0.000  0.000 4392.406  667.331    0    0  (Gen:  0)
  4117440       720  40284376  0.000  0.000 4392.406  667.338    0    0  (Gen:  0)
  4113720       648  40284336  0.000  0.000 4392.422  667.344    0    0  (Gen:  0)
  4146040       744  40284464  0.000  0.000 4392.422  667.352    0    0  (Gen:  0)
  4213520       920  40317464  0.000  0.000 4392.438  667.358    0    0  (Gen:  0)
  4178680       432  40284248  0.000  0.000 4392.438  667.365    0    0  (Gen:  0)
  4147112       632  40284480  0.000  0.000 4392.438  667.372    0    0  (Gen:  0)
  4148864       504  40284416  0.000  0.000 4392.453  667.377    0    0  (Gen:  0)
  4214928       592  40317296  0.000  0.000 4392.453  667.383    0    0  (Gen:  0)
  4378048       560  40317328  0.000  0.000 4392.453  667.389    0    0  (Gen:  0)
  4410736       688  40317488  0.000  0.000 4392.469  667.394    0    0  (Gen:  0)
  4377456       552  40317416  0.000  0.000 4392.469  667.401    0    0  (Gen:  0)
  4412016       392  40317288  0.000  0.000 4392.484  667.407    0    0  (Gen:  0)
  4440328       680  40317608  0.000  0.000 4392.484  667.412    0    0  (Gen:  0)
  4249520       640  40317632  0.000  0.000 4392.484  667.419    0    0  (Gen:  0)
  4149856       608  40317664  0.000  0.000 4392.500  667.425    0    0  (Gen:  0)
  4183664       648  40317736  0.000  0.000 4392.500  667.431    0    0  (Gen:  0)
  4184752       752  40317904  0.000  0.000 4392.516  667.437    0    0  (Gen:  0)
  4152480       560  40317776  0.000  0.000 4392.516  667.442    0    0  (Gen:  0)
  4150152   5263496   7500056  0.016  0.008 4392.531  667.456    0    0  (Gen:  1)
  4118872       952   7500328  0.000  0.000 4392.531  667.462    0    0  (Gen:  0)
  4116344       384   7499824  0.000  0.000 4392.547  667.468    0    0  (Gen:  0)
  4119216       560   7500032  0.000  0.000 4392.547  667.474    0    0  (Gen:  0)
  4119088       744   7500248  0.000  0.000 4392.547  667.480    0    0  (Gen:  0)
  4118320       744   7500312  0.000  0.000 4392.562  667.487    0    0  (Gen:  0)
  4120672       640   7500272  0.000  0.000 4392.562  667.493    0    0  (Gen:  0)
  4119784      1104   7500768  0.000  0.000 4392.578  667.500    0    0  (Gen:  0)
  4118056       760   7500488  0.000  0.000 4392.578  667.505    0    0  (Gen:  0)
  4117784      1808   7501568  0.000  0.000 4392.578  667.510    0    0  (Gen:  0)
  4116000       544   7500368  0.000  0.000 4392.594  667.519    0    0  (Gen:  0)
  4119280       744   7500600  0.000  0.000 4392.594  667.524    0    0  (Gen:  0)
  4120136       816   7500736  0.000  0.000 4392.594  667.529    0    0  (Gen:  0)
  4118392      1216   7501200  0.000  0.000 4392.609  667.535    0    0  (Gen:  0)
  4118720      1600   7501616  0.000  0.000 4392.609  667.540    0    0  (Gen:  0)
  4120488       792   7500840  0.000  0.000 4392.625  667.546    0    0  (Gen:  0)
  4119928       768   7500880  0.000  0.000 4392.625  667.552    0    0  (Gen:  0)
  4118760       480   7500656  0.000  0.000 4392.625  667.557    0    0  (Gen:  0)
  4119376       552   7500792  0.000  0.000 4392.641  667.563    0    0  (Gen:  0)
  4118648       480   7500752  0.000  0.000 4392.641  667.569    0    0  (Gen:  0)
  4119848       584   7500920  0.000  0.000 4392.641  667.575    0    0  (Gen:  0)
  4121928      1280   7501680  0.000  0.000 4392.656  667.580    0    0  (Gen:  0)
  4120544       896   7501360  0.000  0.000 4392.656  667.587    0    0  (Gen:  0)
  4117920       768   7501264  0.000  0.000 4392.656  667.591    0    0  (Gen:  0)
  4119496       944   7501504  0.000  0.000 4392.672  667.598    0    0  (Gen:  0)
  4121096       912   7501536  0.000  0.000 4392.672  667.604    0    0  (Gen:  0)
  4120064       800   7501456  0.000  0.000 4392.688  667.609    0    0  (Gen:  0)
  4115152       640   7501328  0.000  0.000 4392.688  667.615    0    0  (Gen:  0)
  4111144       920   7501672  0.000  0.000 4392.688  667.621    0    0  (Gen:  0)
  4113456       712   7501496  0.000  0.000 4392.703  667.626    0    0  (Gen:  0)
  4110832       640   7501456  0.000  0.000 4392.703  667.633    0    0  (Gen:  0)
  4113616       608   7501488  0.000  0.000 4392.719  667.640    0    0  (Gen:  0)
  4114080       576   7501488  0.000  0.000 4392.719  667.645    0    0  (Gen:  0)
  4114424       560   7501536  0.000  0.000 4392.719  667.653    0    0  (Gen:  0)
  4116712       632   7501640  0.000  0.024 4392.734  667.689    0    0  (Gen:  0)
  4119720       816   7501888  0.000  0.000 4392.734  667.696    0    0  (Gen:  0)
  4118352       840   7501976  0.000  0.000 4392.750  667.704    0    0  (Gen:  0)
  4120376      2048   7503248  0.000  0.000 4392.750  667.711    0    0  (Gen:  0)
  4118112       744   7501976  0.000  0.000 4392.766  667.718    0    0  (Gen:  0)
  4120568       976   7502272  0.000  0.000 4392.766  667.724    0    0  (Gen:  0)
  4119816      1216   7502576  0.000  0.000 4392.766  667.729    0    0  (Gen:  0)
  4118808       584   7502008  0.000  0.000 4392.781  667.736    0    0  (Gen:  0)
  4116792       744   7502232  0.000  0.000 4392.781  667.742    0    0  (Gen:  0)
  4120808       784   7502336  0.000  0.000 4392.781  667.747    0    0  (Gen:  0)
  4117672       512   7502096  0.000  0.000 4392.797  667.753    0    0  (Gen:  0)
  4116440       632   7502280  0.000  0.000 4392.797  667.758    0    0  (Gen:  0)
  4119608       816   7502528  0.000  0.000 4392.797  667.764    0    0  (Gen:  0)
  4120168       472   7502248  0.000  0.000 4392.797  667.770    0    0  (Gen:  0)
  4114768       576   7502416  0.000  0.000 4392.797  667.775    0    0  (Gen:  0)
  4113640       576   7502480  0.000  0.000 4392.812  667.782    0    0  (Gen:  0)
  4112888       584   7502552  0.000  0.000 4392.812  667.788    0    0  (Gen:  0)
  4112808       744   7502776  0.000  0.000 4392.828  667.796    0    0  (Gen:  0)
  4116928      1280   7503376  0.000  0.000 4392.828  667.802    0    0  (Gen:  0)
  4116240       680   7502840  0.000  0.000 4392.828  667.808    0    0  (Gen:  0)
  4118472       584   7502808  0.000  0.000 4392.844  667.814    0    0  (Gen:  0)
  4116648       416   7502704  0.000  0.000 4392.844  667.820    0    0  (Gen:  0)
  4116752       632   7502984  0.000  0.000 4392.844  667.826    0    0  (Gen:  0)
  4119552       496   7502912  0.000  0.000 4392.859  667.832    0    0  (Gen:  0)
  4114144       576   7503088  0.000  0.000 4392.859  667.840    0    0  (Gen:  0)
  4117712       376   7502952  0.000  0.000 4392.875  667.846    0    0  (Gen:  0)
  4118168       464   7503104  0.000  0.000 4392.875  667.853    0    0  (Gen:  0)
  4117240       496   7503200  0.000  0.000 4392.891  667.859    0    0  (Gen:  0)
  4118776       448   7503248  0.000  0.000 4392.891  667.865    0    0  (Gen:  0)
  4117408       744   7503640  0.000  0.000 4392.891  667.871    0    0  (Gen:  0)
  4122384       672   7503632  0.000  0.000 4392.906  667.877    0    0  (Gen:  0)
  4117328       784   7503840  0.000  0.000 4392.906  667.884    0    0  (Gen:  0)
  4113264       416   7503568  0.000  0.000 4392.922  667.890    0    0  (Gen:  0)
  4118888       576   7503792  0.000  0.000 4392.922  667.895    0    0  (Gen:  0)
  4115816       608   7503888  0.000  0.000 4392.922  667.902    0    0  (Gen:  0)
  4116568       664   7504040  0.000  0.000 4392.938  667.907    0    0  (Gen:  0)
  4115016       464   7503936  0.000  0.000 4392.938  667.912    0    0  (Gen:  0)
  4116728       608   7504144  0.000  0.000 4392.953  667.920    0    0  (Gen:  0)
  4116808      1280   7504912  0.000  0.000 4392.953  667.926    0    0  (Gen:  0)
  4114480       544   7504240  0.000  0.000 4392.953  667.934    0    0  (Gen:  0)
  4117624       600   7504392  0.000  0.000 4392.969  667.939    0    0  (Gen:  0)
  4111720       608   7504464  0.000  0.000 4392.969  667.945    0    0  (Gen:  0)
  4115024       416   7504368  0.000  0.000 4392.969  667.951    0    0  (Gen:  0)
  4116160       568   7504584  0.000  0.000 4392.984  667.957    0    0  (Gen:  0)
  4118112       464   7504576  0.000  0.000 4392.984  667.962    0    0  (Gen:  0)
  4119800      1072   7505248  0.000  0.000 4393.000  667.969    0    0  (Gen:  0)
  4119176       496   7504768  0.000  0.000 4393.000  667.976    0    0  (Gen:  0)
  4120392       608   7504976  0.000  0.000 4393.000  667.982    0    0  (Gen:  0)
  4119656      1040   7505504  0.000  0.000 4393.016  667.988    0    0  (Gen:  0)
  4113600       576   7505104  0.000  0.000 4393.016  667.994    0    0  (Gen:  0)
  4115160       576   7505168  0.000  0.000 4393.031  668.000    0    0  (Gen:  0)
  4118704       496   7505152  0.000  0.000 4393.031  668.006    0    0  (Gen:  0)
  4115264       784   7505536  0.000  0.000 4393.031  668.012    0    0  (Gen:  0)
  4116144       712   7505560  0.000  0.000 4393.047  668.018    0    0  (Gen:  0)
  4116032       464   7505408  0.000  0.000 4393.047  668.024    0    0  (Gen:  0)
  4117032       240   7505248  0.000  0.000 4393.047  668.029    0    0  (Gen:  0)
  4116544       960   7506032  0.000  0.000 4393.062  668.035    0    0  (Gen:  0)
  4117968       744   7505912  0.000  0.000 4393.062  668.041    0    0  (Gen:  0)
  4116752       464   7505696  0.000  0.000 4393.078  668.047    0    0  (Gen:  0)
  4114640       496   7505792  0.000  0.000 4393.078  668.053    0    0  (Gen:  0)
  4116272       800   7506192  0.000  0.000 4393.078  668.059    0    0  (Gen:  0)
  4116064       496   7505984  0.000  0.000 4393.094  668.065    0    0  (Gen:  0)
  4118240       752   7506336  0.000  0.000 4393.094  668.071    0    0  (Gen:  0)
  4116120       448   7506096  0.000  0.000 4393.109  668.077    0    0  (Gen:  0)
  4114792       576   7506320  0.000  0.000 4393.109  668.086    0    0  (Gen:  0)
  4115496       592   7506400  0.000  0.000 4393.109  668.091    0    0  (Gen:  0)
  4118376       496   7506368  0.000  0.000 4393.125  668.097    0    0  (Gen:  0)
  4118376       496   7506464  0.000  0.000 4393.125  668.104    0    0  (Gen:  0)
  4119640       592   7506656  0.000  0.000 4393.141  668.109    0    0  (Gen:  0)
  4119856       960   7507088  0.000  0.000 4393.141  668.116    0    0  (Gen:  0)
  4119608       728   7506952  0.000  0.000 4393.141  668.122    0    0  (Gen:  0)
  4118504       608   7506928  0.000  0.000 4393.156  668.127    0    0  (Gen:  0)
  4118152       928   7507344  0.000  0.000 4393.156  668.133    0    0  (Gen:  0)
  4117600       424   7506904  0.000  0.000 4393.156  668.139    0    0  (Gen:  0)
  4118352       784   7507328  0.000  0.000 4393.172  668.144    0    0  (Gen:  0)
  4119016       592   7507200  0.000  0.000 4393.172  668.150    0    0  (Gen:  0)
  4121080       584   7507256  0.000  0.000 4393.188  668.156    0    0  (Gen:  0)
  4118976       928   7507664  0.000  0.000 4393.188  668.161    0    0  (Gen:  0)
  4116488       512   7507312  0.000  0.000 4393.188  668.167    0    0  (Gen:  0)
  4118680       648   7507512  0.000  0.000 4393.203  668.173    0    0  (Gen:  0)
  4120624       624   7507520  0.000  0.000 4393.203  668.178    0    0  (Gen:  0)
  4119456       752   7507744  0.000  0.000 4393.203  668.184    0    0  (Gen:  0)
  4118768       416   7507472  0.000  0.000 4393.219  668.189    0    0  (Gen:  0)
  4117840       464   7507584  0.000  0.000 4393.219  668.195    0    0  (Gen:  0)
  4117400       560   7507744  0.000  0.000 4393.219  668.201    0    0  (Gen:  0)
  4117624       448   7507664  0.000  0.000 4393.234  668.207    0    0  (Gen:  0)
  4115328       464   7507776  0.000  0.000 4393.234  668.213    0    0  (Gen:  0)
  4117512      1032   7508408  0.000  0.000 4393.250  668.221    0    0  (Gen:  0)
  4118496       464   7507904  0.000  0.000 4393.250  668.227    0    0  (Gen:  0)
  4115120       544   7508048  0.000  0.000 4393.266  668.233    0    0  (Gen:  0)
  4118432       744   7508280  0.000  0.000 4393.266  668.239    0    0  (Gen:  0)
  4118008       576   7508176  0.000  0.000 4393.266  668.245    0    0  (Gen:  0)
  4117416      1600   7509264  0.000  0.000 4393.281  668.251    0    0  (Gen:  0)
  4116848       896   7508592  0.000  0.000 4393.281  668.257    0    0  (Gen:  0)
  4115272       712   7508440  0.000  0.000 4393.281  668.262    0    0  (Gen:  0)
  4118048       784   7508576  0.000  0.000 4393.297  668.268    0    0  (Gen:  0)
  4115256       816   7508640  0.000  0.000 4393.297  668.273    0    0  (Gen:  0)
  4113288       464   7508352  0.000  0.000 4393.297  668.279    0    0  (Gen:  0)
  4118800   5235960   7472520  0.000  0.003 4393.312  668.289    0    0  (Gen:  1)
  4114488       416   7471880  0.000  0.000 4393.312  668.294    0    0  (Gen:  0)
  4116592       592   7472120  0.000  0.000 4393.328  668.301    0    0  (Gen:  0)
  4115920       464   7472056  0.000  0.000 4393.328  668.307    0    0  (Gen:  0)
  4116184       928   7472584  0.000  0.000 4393.344  668.312    0    0  (Gen:  0)
  4117944      1488   7473208  0.000  0.000 4393.344  668.319    0    0  (Gen:  0)
  4116608       464   7472216  0.000  0.000 4393.344  668.324    0    0  (Gen:  0)
  4116456       376   7472192  0.000  0.000 4393.359  668.329    0    0  (Gen:  0)
  4116224       416   7472296  0.000  0.000 4393.359  668.336    0    0  (Gen:  0)
  4116400       776   7472720  0.000  0.000 4393.359  668.341    0    0  (Gen:  0)
  4118336       744   7472784  0.000  0.000 4393.375  668.348    0    0  (Gen:  0)
  4117656       744   7472848  0.000  0.000 4393.375  668.355    0    0  (Gen:  0)
  4116208       448   7472616  0.000  0.000 4393.391  668.360    0    0  (Gen:  0)
  4114488       864   7473128  0.000  0.000 4393.391  668.370    0    0  (Gen:  0)
  4113656       896   7473224  0.000  0.000 4393.406  668.375    0    0  (Gen:  0)
  4116008       448   7472808  0.000  0.000 4393.406  668.382    0    0  (Gen:  0)
  4117032       448   7472904  0.000  0.000 4393.406  668.388    0    0  (Gen:  0)
  4119536       608   7473160  0.000  0.000 4393.422  668.393    0    0  (Gen:  0)
  4122904       856   7473504  0.000  0.000 4393.422  668.399    0    0  (Gen:  0)
  4127384      1272   7474208  0.000  0.000 4393.422  668.404    0    0  (Gen:  0)
  4117704       456   7474352  0.000  0.000 4393.422  668.410    0    0  (Gen:  0)
  4117352       376   7474368  0.000  0.000 4393.422  668.416    0    0  (Gen:  0)
  4117472       536   7474592  0.000  0.000 4393.438  668.422    0    0  (Gen:  0)
  4117960       536   7474656  0.000  0.000 4393.438  668.428    0    0  (Gen:  0)
  4118048       424   7474608  0.000  0.000 4393.438  668.435    0    0  (Gen:  0)
  4117400       424   7474672  0.000  0.000 4393.453  668.441    0    0  (Gen:  0)
  4117920       424   7474736  0.000  0.000 4393.453  668.448    0    0  (Gen:  0)
  4117816       424   7474800  0.000  0.000 4393.469  668.454    0    0  (Gen:  0)
  4117712       536   7474976  0.000  0.000 4393.469  668.460    0    0  (Gen:  0)
  4117920       536   7475040  0.000  0.000 4393.469  668.466    0    0  (Gen:  0)
  4117432       424   7474992  0.000  0.000 4393.484  668.473    0    0  (Gen:  0)
  4117920       424   7475056  0.000  0.000 4393.484  668.478    0    0  (Gen:  0)
  4118168       536   7475232  0.000  0.000 4393.500  668.485    0    0  (Gen:  0)
  4117312       424   7475184  0.000  0.000 4393.500  668.491    0    0  (Gen:  0)
  4118016       424   7475248  0.000  0.000 4393.500  668.496    0    0  (Gen:  0)
  4117760       376   7475264  0.000  0.000 4393.516  668.504    0    0  (Gen:  0)
  4117592       376   7475328  0.000  0.000 4393.516  668.509    0    0  (Gen:  0)
  4117960       376   7475392  0.000  0.000 4393.531  668.516    0    0  (Gen:  0)
  4117472       536   7475616  0.000  0.000 4393.531  668.522    0    0  (Gen:  0)
  4118016       424   7475568  0.000  0.000 4393.531  668.527    0    0  (Gen:  0)
  4118160       536   7475744  0.000  0.000 4393.547  668.534    0    0  (Gen:  0)
  4117320       424   7475696  0.000  0.000 4393.547  668.540    0    0  (Gen:  0)
  4118056       376   7475712  0.000  0.000 4393.562  668.546    0    0  (Gen:  0)
  4117672       376   7475776  0.000  0.000 4393.562  668.553    0    0  (Gen:  0)
  4117592       424   7475888  0.000  0.000 4393.562  668.559    0    0  (Gen:  0)
  4118000       536   7476064  0.000  0.000 4393.578  668.567    0    0  (Gen:  0)
  4117432       536   7476128  0.000  0.000 4393.578  668.573    0    0  (Gen:  0)
  4117960       424   7476080  0.000  0.000 4393.594  668.578    0    0  (Gen:  0)
  4118216       536   7476256  0.000  0.000 4393.594  668.586    0    0  (Gen:  0)
  4117288       424   7476208  0.000  0.000 4393.609  668.592    0    0  (Gen:  0)
  4118088       408   7476256  0.000  0.000 4393.609  668.598    0    0  (Gen:  0)
  4117592       376   7476320  0.000  0.000 4393.609  668.605    0    0  (Gen:  0)
  4117808       424   7476432  0.000  0.000 4393.625  668.611    0    0  (Gen:  0)
  4117968       424   7476496  0.000  0.000 4393.625  668.618    0    0  (Gen:  0)
  4117016       632   7476768  0.000  0.000 4393.625  668.623    0    0  (Gen:  0)
  4117040       392   7476592  0.000  0.000 4393.641  668.629    0    0  (Gen:  0)
  4116688       632   7476864  0.000  0.000 4393.641  668.635    0    0  (Gen:  0)
  4117568       432   7476728  0.000  0.000 4393.656  668.641    0    0  (Gen:  0)
  4119248       744   7477072  0.000  0.000 4393.656  668.647    0    0  (Gen:  0)
  4118384       712   7477104  0.000  0.000 4393.656  668.654    0    0  (Gen:  0)
  4117568       432   7476856  0.000  0.000 4393.672  668.660    0    0  (Gen:  0)
  4119408       744   7477200  0.000  0.000 4393.672  668.667    0    0  (Gen:  0)
  4115968       648   7477168  0.000  0.000 4393.688  668.673    0    0  (Gen:  0)
  4117088       632   7477184  0.000  0.000 4393.688  668.679    0    0  (Gen:  0)
  4119096       384   7477000  0.000  0.000 4393.703  668.686    0    0  (Gen:  0)
  4117144       584   7477232  0.000  0.000 4393.703  668.692    0    0  (Gen:  0)
  4119680       712   7477424  0.000  0.000 4393.703  668.698    0    0  (Gen:  0)
  4116936       432   7477176  0.000  0.000 4393.719  668.705    0    0  (Gen:  0)
  4115920       432   7477208  0.000  0.000 4393.719  668.713    0    0  (Gen:  0)
  4119016       416   7477224  0.000  0.000 4393.734  668.721    0    0  (Gen:  0)
  4116904       608   7477480  0.000  0.000 4393.734  668.726    0    0  (Gen:  0)
  4119280       600   7477504  0.000  0.004 4393.734  668.748    0    0  (Gen:  0)
  4117432       640   7477576  0.000  0.000 4393.734  668.764    0    0  (Gen:  0)
  4115136       584   7477552  0.000  0.000 4393.734  668.772    0    0  (Gen:  0)
  4116152       600   7477632  0.000  0.000 4393.734  668.778    0    0  (Gen:  0)
  4119096       600   7477664  0.000  0.000 4393.750  668.786    0    0  (Gen:  0)
  4117728       592   7477688  0.000  0.000 4393.750  668.792    0    0  (Gen:  0)
  4114944       600   7477760  0.000  0.000 4393.766  668.798    0    0  (Gen:  0)
  4116264       552   7477744  0.000  0.000 4393.766  668.804    0    0  (Gen:  0)
  4117192       640   7477864  0.000  0.000 4393.766  668.809    0    0  (Gen:  0)
  4116248       608   7477896  0.000  0.000 4393.781  668.815    0    0  (Gen:  0)
  4116488       592   7477912  0.000  0.000 4393.781  668.821    0    0  (Gen:  0)
  4116592       712   7478096  0.000  0.000 4393.797  668.827    0    0  (Gen:  0)
  4115728       896   7478312  0.000  0.000 4393.797  668.833    0    0  (Gen:  0)
  4115736       640   7478088  0.000  0.000 4393.797  668.839    0    0  (Gen:  0)
  4114184       712   7478224  0.000  0.000 4393.812  668.845    0    0  (Gen:  0)
  4115656       464   7478008  0.000  0.000 4393.812  668.851    0    0  (Gen:  0)
  4116376       384   7477992  0.000  0.000 4393.812  668.857    0    0  (Gen:  0)
  4116912       464   7478104  0.000  0.000 4393.828  668.864    0    0  (Gen:  0)
  4115832       384   7478088  0.000  0.000 4393.828  668.870    0    0  (Gen:  0)
  4115128       584   7478320  0.000  0.000 4393.844  668.876    0    0  (Gen:  0)
  4113504       432   7478232  0.000  0.000 4393.844  668.882    0    0  (Gen:  0)
  4116088       712   7478544  0.000  0.000 4393.844  668.888    0    0  (Gen:  0)
  4115096       744   7478608  0.000  0.000 4393.859  668.893    0    0  (Gen:  0)
  4117872      1168   7479096  0.000  0.000 4393.859  668.899    0    0  (Gen:  0)
  4117544       560   7478552  0.000  0.000 4393.875  668.905    0    0  (Gen:  0)
  4116736       464   7478488  0.000  0.000 4393.875  668.911    0    0  (Gen:  0)
  4118080       864   7478952  0.000  0.000 4393.875  668.917    0    0  (Gen:  0)
  4118104      1776   7479896  0.000  0.000 4393.891  668.923    0    0  (Gen:  0)
  4117824       608   7478792  0.000  0.000 4393.891  668.928    0    0  (Gen:  0)
  4116856       952   7479168  0.000  0.000 4393.891  668.935    0    0  (Gen:  0)
  4117768       552   7478832  0.000  0.000 4393.906  668.941    0    0  (Gen:  0)
  4117976       544   7478856  0.000  0.000 4393.906  668.947    0    0  (Gen:  0)
  4120152       376   7478720  0.000  0.000 4393.922  668.953    0    0  (Gen:  0)
  4120920       784   7479192  0.000  0.000 4393.922  668.958    0    0  (Gen:  0)
  4120152       768   7479208  0.000  0.000 4393.922  668.965    0    0  (Gen:  0)
  4117656      1072   7479576  0.000  0.000 4393.938  668.971    0    0  (Gen:  0)
  4119208       544   7479080  0.000  0.000 4393.938  668.976    0    0  (Gen:  0)
  4117560       928   7479496  0.000  0.000 4393.953  668.984    0    0  (Gen:  0)
  4118792       768   7479400  0.000  0.000 4393.953  668.991    0    0  (Gen:  0)
  4118472      1776   7480440  0.000  0.000 4393.969  668.999    0    0  (Gen:  0)
  4116240       584   7479280  0.000  0.000 4393.969  669.006    0    0  (Gen:  0)
  4120336       680   7479440  0.000  0.000 4393.969  669.012    0    0  (Gen:  0)
  4117320       552   7479376  0.000  0.000 4393.984  669.019    0    0  (Gen:  0)
  4116200       840   7479696  0.000  0.000 4393.984  669.025    0    0  (Gen:  0)
  4119176       432   7479352  0.000  0.000 4394.000  669.031    0    0  (Gen:  0)
  4117816       584   7479536  0.000  0.000 4394.000  669.037    0    0  (Gen:  0)
  4120672       584   7479600  0.000  0.000 4394.000  669.042    0    0  (Gen:  0)
  4119696      1040   7480120  0.000  0.000 4394.016  669.048    0    0  (Gen:  0)
  4119432       512   7479656  0.000  0.000 4394.016  669.054    0    0  (Gen:  0)
  4119232       736   7479944  0.000  0.000 4394.016  669.059    0    0  (Gen:  0)
  4121544       792   7480032  0.000  0.000 4394.031  669.065    0    0  (Gen:  0)
  4117584       928   7480232  0.000  0.000 4394.031  669.072    0    0  (Gen:  0)
  4120392       808   7480176  0.000  0.000 4394.047  669.077    0    0  (Gen:  0)
  4120128       952   7480352  0.000  0.000 4394.047  669.083    0    0  (Gen:  0)
  4120768   5209552   7446112  0.000  0.003 4394.047  669.092    0    0  (Gen:  1)
  4117888       792   7446024  0.000  0.000 4394.062  669.098    0    0  (Gen:  0)
  4118112       808   7446104  0.000  0.000 4394.062  669.105    0    0  (Gen:  0)
  4116248       920   7446248  0.000  0.000 4394.078  669.110    0    0  (Gen:  0)
  4113912       552   7445912  0.000  0.000 4394.078  669.116    0    0  (Gen:  0)
  4113568       416   7445808  0.000  0.000 4394.078  669.123    0    0  (Gen:  0)
  4114552       552   7446008  0.000  0.000 4394.094  669.131    0    0  (Gen:  0)
  4114128       576   7446064  0.000  0.000 4394.094  669.137    0    0  (Gen:  0)
  4116480       432   7445984  0.000  0.000 4394.109  669.143    0    0  (Gen:  0)
  4117744       584   7446168  0.000  0.000 4394.109  669.149    0    0  (Gen:  0)
  4115520       592   7446240  0.000  0.000 4394.125  669.155    0    0  (Gen:  0)
  4116888       672   7446384  0.000  0.000 4394.125  669.160    0    0  (Gen:  0)
  4118768       416   7446192  0.000  0.000 4394.125  669.166    0    0  (Gen:  0)
  4118368       640   7446480  0.000  0.000 4394.141  669.172    0    0  (Gen:  0)
  4120256       416   7446320  0.000  0.000 4394.141  669.177    0    0  (Gen:  0)
  4118160       416   7446384  0.000  0.000 4394.141  669.183    0    0  (Gen:  0)
  4117232       720   7446752  0.000  0.000 4394.156  669.189    0    0  (Gen:  0)
  4116200       576   7446640  0.000  0.000 4394.156  669.194    0    0  (Gen:  0)
  4120184       928   7447056  0.000  0.000 4394.156  669.200    0    0  (Gen:  0)
  4118568       752   7446944  0.000  0.000 4394.172  669.206    0    0  (Gen:  0)
  4121088       496   7446752  0.000  0.000 4394.172  669.211    0    0  (Gen:  0)
  4119088       512   7446864  0.000  0.000 4394.188  669.217    0    0  (Gen:  0)
  4117184       464   7446880  0.000  0.000 4394.188  669.223    0    0  (Gen:  0)
  4117064       744   7447224  0.000  0.000 4394.188  669.228    0    0  (Gen:  0)
  4115160       520   7447064  0.000  0.000 4394.203  669.235    0    0  (Gen:  0)
  4110248       584   7447192  0.000  0.000 4394.203  669.240    0    0  (Gen:  0)
  4118344       544   7447216  0.000  0.000 4394.203  669.245    0    0  (Gen:  0)
  4118184      1168   7447872  0.000  0.000 4394.219  669.254    0    0  (Gen:  0)
  4116896       592   7447360  0.000  0.000 4394.219  669.260    0    0  (Gen:  0)
  4119512       576   7447408  0.000  0.000 4394.234  669.266    0    0  (Gen:  0)
  4114144       664   7447560  0.000  0.000 4394.234  669.271    0    0  (Gen:  0)
  4116376       664   7447656  0.000  0.000 4394.234  669.278    0    0  (Gen:  0)
  4114928       584   7447672  0.000  0.000 4394.250  669.284    0    0  (Gen:  0)
  4117824       576   7447728  0.000  0.000 4394.250  669.290    0    0  (Gen:  0)
  4117640       616   7447832  0.000  0.000 4394.266  669.296    0    0  (Gen:  0)
  4118328       816   7448128  0.000  0.000 4394.266  669.303    0    0  (Gen:  0)
  4115048       616   7447992  0.000  0.000 4394.266  669.308    0    0  (Gen:  0)
  4116640       416   7447888  0.000  0.000 4394.281  669.315    0    0  (Gen:  0)
  4121768       616   7448152  0.000  0.000 4394.281  669.321    0    0  (Gen:  0)
  4118272       520   7448152  0.000  0.000 4394.281  669.326    0    0  (Gen:  0)
  4119144       672   7448368  0.000  0.000 4394.281  669.333    0    0  (Gen:  0)
  4115744       416   7448208  0.000  0.000 4394.281  669.339    0    0  (Gen:  0)
  4115560       712   7448568  0.000  0.000 4394.297  669.344    0    0  (Gen:  0)
  4114952       416   7448368  0.000  0.000 4394.297  669.351    0    0  (Gen:  0)
  4118424       544   7448560  0.000  0.000 4394.297  669.357    0    0  (Gen:  0)
  4113856       512   7448624  0.000  0.000 4394.312  669.362    0    0  (Gen:  0)
  4114656       584   7448760  0.000  0.000 4394.312  669.369    0    0  (Gen:  0)
  4116400       976   7449216  0.000  0.000 4394.328  669.376    0    0  (Gen:  0)
  4118152       496   7448800  0.000  0.000 4394.328  669.382    0    0  (Gen:  0)
  4119152       512   7448912  0.000  0.000 4394.328  669.388    0    0  (Gen:  0)
  4118912       928   7449392  0.000  0.000 4394.344  669.393    0    0  (Gen:  0)
  4116896       448   7448976  0.000  0.000 4394.344  669.400    0    0  (Gen:  0)
  4117672       496   7449120  0.000  0.000 4394.359  669.406    0    0  (Gen:  0)
  4118952       608   7449328  0.000  0.000 4394.359  669.411    0    0  (Gen:  0)
  4118336       448   7449264  0.000  0.000 4394.359  669.418    0    0  (Gen:  0)
  4116768       584   7449496  0.000  0.000 4394.375  669.424    0    0  (Gen:  0)
  4120616       608   7449584  0.000  0.000 4394.375  669.429    0    0  (Gen:  0)
  4118480       448   7449520  0.000  0.000 4394.391  669.437    0    0  (Gen:  0)
  4114856       416   7449584  0.000  0.000 4394.391  669.442    0    0  (Gen:  0)
  4118664       496   7449728  0.000  0.000 4394.391  669.449    0    0  (Gen:  0)
  4114640       928   7450256  0.000  0.000 4394.406  669.455    0    0  (Gen:  0)
  4118328       928   7450320  0.000  0.000 4394.406  669.460    0    0  (Gen:  0)
  4119184       680   7450136  0.000  0.000 4394.406  669.467    0    0  (Gen:  0)
  4117528       448   7449968  0.000  0.000 4394.422  669.472    0    0  (Gen:  0)
  4117472       496   7450112  0.000  0.000 4394.422  669.478    0    0  (Gen:  0)
  4116368       776   7450488  0.000  0.000 4394.438  669.484    0    0  (Gen:  0)
  4115584       640   7450448  0.000  0.000 4394.438  669.489    0    0  (Gen:  0)
  4113888       464   7450336  0.000  0.000 4394.438  669.494    0    0  (Gen:  0)
  4118736      1488   7451424  0.000  0.000 4394.453  669.500    0    0  (Gen:  0)
  4118056       496   7450528  0.000  0.000 4394.453  669.507    0    0  (Gen:  0)
  4116952       752   7450880  0.000  0.000 4394.453  669.512    0    0  (Gen:  0)
  4115600       496   7450688  0.000  0.000 4394.469  669.519    0    0  (Gen:  0)
  4116392       416   7450704  0.000  0.000 4394.469  669.524    0    0  (Gen:  0)
  4116272       776   7451128  0.000  0.000 4394.469  669.529    0    0  (Gen:  0)
  4120688      1744   7452192  0.000  0.000 4394.484  669.536    0    0  (Gen:  0)
  4115632       768   7451280  0.000  0.000 4394.484  669.541    0    0  (Gen:  0)
  4117744       664   7451240  0.000  0.000 4394.500  669.547    0    0  (Gen:  0)
  4116248       640   7451312  0.000  0.000 4394.500  669.555    0    0  (Gen:  0)
  4118280       608   7451344  0.000  0.000 4394.500  669.560    0    0  (Gen:  0)
  4119600       984   7451816  0.000  0.000 4394.516  669.567    0    0  (Gen:  0)
  4118800       576   7451504  0.000  0.000 4394.516  669.572    0    0  (Gen:  0)
  4118472       640   7451632  0.000  0.000 4394.531  669.578    0    0  (Gen:  0)
  4116648       464   7451520  0.000  0.000 4394.531  669.585    0    0  (Gen:  0)
  4119824       840   7451960  0.000  0.000 4394.531  669.590    0    0  (Gen:  0)
  4119968       464   7451648  0.000  0.000 4394.547  669.595    0    0  (Gen:  0)
  4118488       752   7452000  0.000  0.000 4394.547  669.603    0    0  (Gen:  0)
  4119808       544   7451856  0.000  0.000 4394.547  669.608    0    0  (Gen:  0)
  4117432       592   7452000  0.000  0.000 4394.562  669.613    0    0  (Gen:  0)
  4117488       512   7451984  0.000  0.000 4394.562  669.620    0    0  (Gen:  0)
  4118488       744   7452280  0.000  0.000 4394.578  669.625    0    0  (Gen:  0)
  4116680       672   7452272  0.000  0.000 4394.578  669.631    0    0  (Gen:  0)
  4116472       720   7452416  0.000  0.000 4394.578  669.637    0    0  (Gen:  0)
  4120640       640   7452368  0.000  0.000 4394.594  669.642    0    0  (Gen:  0)
  4116072       736   7452528  0.000  0.000 4394.594  669.649    0    0  (Gen:  0)
  4120424       624   7452448  0.000  0.000 4394.609  669.655    0    0  (Gen:  0)
  4117216       816   7452704  0.000  0.000 4394.609  669.660    0    0  (Gen:  0)
  4115712       576   7452528  0.000  0.000 4394.609  669.666    0    0  (Gen:  0)
  4116848       912   7452928  0.000  0.000 4394.625  669.672    0    0  (Gen:  0)
  4118056       928   7452976  0.000  0.000 4394.625  669.677    0    0  (Gen:  0)
  4117216       416   7452528  0.000  0.000 4394.625  669.684    0    0  (Gen:  0)
  4116560       736   7452912  0.000  0.000 4394.641  669.691    0    0  (Gen:  0)
  4115224       656   7452864  0.000  0.000 4394.641  669.697    0    0  (Gen:  0)
  4116072       744   7452984  0.000  0.000 4394.656  669.703    0    0  (Gen:  0)
  4118464       544   7452848  0.000  0.000 4394.656  669.708    0    0  (Gen:  0)
  4118312       864   7453200  0.000  0.002 4394.656  669.723    0    0  (Gen:  0)
  4115872       544   7452944  0.000  0.000 4394.672  669.749    0    0  (Gen:  0)
  4118512       416   7452848  0.000  0.000 4394.672  669.756    0    0  (Gen:  0)
  4118792       896   7453392  0.000  0.000 4394.672  669.764    0    0  (Gen:  0)
  4115536       464   7452992  0.000  0.000 4394.688  669.771    0    0  (Gen:  0)
  4119600       464   7453056  0.000  0.000 4394.688  669.776    0    0  (Gen:  0)
  4113648       744   7453400  0.000  0.000 4394.703  669.782    0    0  (Gen:  0)
  4118472       464   7453184  0.000  0.000 4394.703  669.788    0    0  (Gen:  0)
  4116472       512   7453296  0.000  0.000 4394.703  669.793    0    0  (Gen:  0)
  4117000       464   7453312  0.000  0.000 4394.719  669.800    0    0  (Gen:  0)
  4117216       632   7453544  0.000  0.000 4394.719  669.806    0    0  (Gen:  0)
  4115944       416   7453392  0.000  0.000 4394.734  669.811    0    0  (Gen:  0)
  4117168      1200   7454240  0.000  0.000 4394.734  669.818    0    0  (Gen:  0)
  4115648       600   7453736  0.000  0.000 4394.734  669.823    0    0  (Gen:  0)
  4116912       608   7453776  0.000  0.000 4394.750  669.829    0    0  (Gen:  0)
  4117624       616   7453880  0.000  0.000 4394.750  669.836    0    0  (Gen:  0)
  4114704       432   7453792  0.000  0.000 4394.766  669.843    0    0  (Gen:  0)
  4114688       576   7453968  0.000  0.000 4394.766  669.849    0    0  (Gen:  0)
  4114240       632   7454088  0.000  0.000 4394.766  669.855    0    0  (Gen:  0)
  4116952   5181928   7418488  0.000  0.005 4394.781  669.866    0    0  (Gen:  1)
  4116008       576   7418496  0.000  0.000 4394.781  669.872    0    0  (Gen:  0)
  4119536       496   7418480  0.000  0.000 4394.797  669.879    0    0  (Gen:  0)
  4124944       824   7418904  0.000  0.000 4394.797  669.887    0    0  (Gen:  0)
  4123368      1080   7419672  0.000  0.000 4394.812  669.892    0    0  (Gen:  0)
  4117536       408   7419672  0.000  0.000 4394.812  669.898    0    0  (Gen:  0)
  4117680       424   7419784  0.000  0.000 4394.812  669.905    0    0  (Gen:  0)
  4118088       424   7419848  0.000  0.000 4394.828  669.910    0    0  (Gen:  0)
  4117552       376   7419864  0.000  0.000 4394.828  669.918    0    0  (Gen:  0)
  4117760       376   7419928  0.000  0.000 4394.844  669.924    0    0  (Gen:  0)
  4118304       424   7420040  0.000  0.000 4394.844  669.931    0    0  (Gen:  0)
  4117432       376   7420056  0.000  0.000 4394.859  669.938    0    0  (Gen:  0)
  4117672       376   7420120  0.000  0.000 4394.859  669.944    0    0  (Gen:  0)
  4118104       472   7420280  0.000  0.000 4394.859  669.951    0    0  (Gen:  0)
  4117304       424   7420296  0.000  0.000 4394.875  669.957    0    0  (Gen:  0)
  4118112       376   7420312  0.000  0.000 4394.875  669.965    0    0  (Gen:  0)
  4117560       376   7420376  0.000  0.000 4394.891  669.971    0    0  (Gen:  0)
  4117720       424   7420488  0.000  0.000 4394.891  669.978    0    0  (Gen:  0)
  4118480       408   7420536  0.000  0.000 4394.906  669.986    0    0  (Gen:  0)
  4117104       424   7420648  0.000  0.000 4394.906  669.992    0    0  (Gen:  0)
  4118200       424   7420712  0.000  0.000 4394.938  669.998    0    0  (Gen:  0)
  4117432       424   7420776  0.000  0.000 4394.938  670.005    0    0  (Gen:  0)
  4117808       424   7420840  0.000  0.000 4394.938  670.011    0    0  (Gen:  0)
  4118080       536   7421016  0.000  0.000 4394.953  670.019    0    0  (Gen:  0)
  4117600       536   7421080  0.000  0.000 4394.953  670.025    0    0  (Gen:  0)
  4118248       536   7421144  0.000  0.000 4394.969  670.031    0    0  (Gen:  0)
  4117304       472   7421144  0.000  0.000 4394.969  670.037    0    0  (Gen:  0)
  4117568       536   7421272  0.000  0.000 4394.969  670.043    0    0  (Gen:  0)
  4118208       376   7421176  0.000  0.000 4394.984  670.050    0    0  (Gen:  0)
  4117472       536   7421400  0.000  0.000 4394.984  670.057    0    0  (Gen:  0)
  4117960       376   7421304  0.000  0.000 4395.000  670.062    0    0  (Gen:  0)
  4117560       536   7421528  0.000  0.000 4395.000  670.069    0    0  (Gen:  0)
  4117968       536   7421592  0.000  0.000 4395.000  670.075    0    0  (Gen:  0)
  4118216       240   7421360  0.000  0.000 4395.016  670.082    0    0  (Gen:  0)
  4117336       472   7421656  0.000  0.000 4395.016  670.088    0    0  (Gen:  0)
  4117528       376   7421624  0.000  0.000 4395.031  670.093    0    0  (Gen:  0)
  4118176       424   7421736  0.000  0.000 4395.031  670.100    0    0  (Gen:  0)
  4117464       424   7421800  0.000  0.000 4395.031  670.106    0    0  (Gen:  0)
  4118000       536   7421976  0.000  0.000 4395.047  670.111    0    0  (Gen:  0)
  4117600       536   7422040  0.000  0.000 4395.047  670.119    0    0  (Gen:  0)
  4117496       744   7422312  0.000  0.000 4395.062  670.125    0    0  (Gen:  0)
  4117904       584   7422216  0.000  0.000 4395.062  670.132    0    0  (Gen:  0)
  4115808       552   7422248  0.000  0.000 4395.062  670.139    0    0  (Gen:  0)
  4116704       632   7422360  0.000  0.000 4395.078  670.145    0    0  (Gen:  0)
  4118112       600   7422392  0.000  0.000 4395.078  670.152    0    0  (Gen:  0)
  4118800       576   7422400  0.000  0.000 4395.094  670.158    0    0  (Gen:  0)
  4117168       552   7422440  0.000  0.000 4395.094  670.164    0    0  (Gen:  0)
  4117280       632   7422552  0.000  0.000 4395.109  670.171    0    0  (Gen:  0)
  4117208       600   7422584  0.000  0.000 4395.109  670.177    0    0  (Gen:  0)
  4118144       392   7422408  0.000  0.000 4395.109  670.183    0    0  (Gen:  0)
  4116872       712   7422792  0.000  0.000 4395.125  670.189    0    0  (Gen:  0)
  4116816       552   7422664  0.000  0.000 4395.125  670.195    0    0  (Gen:  0)
  4117832       712   7422856  0.000  0.000 4395.141  670.203    0    0  (Gen:  0)
  4118264       752   7422928  0.000  0.000 4395.141  670.208    0    0  (Gen:  0)
  4116448       432   7422672  0.000  0.000 4395.141  670.214    0    0  (Gen:  0)
  4116048       600   7422872  0.000  0.000 4395.156  670.220    0    0  (Gen:  0)
  4116800       600   7422904  0.000  0.000 4395.156  670.226    0    0  (Gen:  0)
  4114656       512   7422848  0.000  0.000 4395.156  670.232    0    0  (Gen:  0)
  4117264       552   7422952  0.000  0.000 4395.172  670.238    0    0  (Gen:  0)
  4116352       552   7422984  0.000  0.000 4395.172  670.243    0    0  (Gen:  0)
  4117520       584   7423048  0.000  0.000 4395.188  670.251    0    0  (Gen:  0)
  4117568       720   7423248  0.000  0.000 4395.188  670.258    0    0  (Gen:  0)
  4114704       560   7423120  0.000  0.000 4395.203  670.266    0    0  (Gen:  0)
  4114424       584   7423176  0.000  0.000 4395.203  670.272    0    0  (Gen:  0)
  4114104       712   7423368  0.000  0.000 4395.203  670.278    0    0  (Gen:  0)
  4116568       592   7423280  0.000  0.000 4395.219  670.286    0    0  (Gen:  0)
  4117160       712   7423432  0.000  0.000 4395.219  670.291    0    0  (Gen:  0)
  4115400       584   7423336  0.000  0.000 4395.234  670.296    0    0  (Gen:  0)
  4114464       632   7423448  0.000  0.000 4395.234  670.304    0    0  (Gen:  0)
  4114728       648   7423528  0.000  0.000 4395.234  670.309    0    0  (Gen:  0)
  4115144       432   7423344  0.000  0.000 4395.250  670.316    0    0  (Gen:  0)
  4115360       464   7423408  0.000  0.000 4395.250  670.322    0    0  (Gen:  0)
  4115592       384   7423392  0.000  0.000 4395.266  670.327    0    0  (Gen:  0)
  4114208       544   7423584  0.000  0.000 4395.266  670.333    0    0  (Gen:  0)
  4114160       584   7423656  0.000  0.000 4395.266  670.339    0    0  (Gen:  0)
  4114440       584   7423720  0.000  0.000 4395.281  670.345    0    0  (Gen:  0)
  4115720       544   7423744  0.000  0.000 4395.281  670.351    0    0  (Gen:  0)
  4113840       376   7423608  0.000  0.000 4395.281  670.357    0    0  (Gen:  0)
  4117552       432   7423728  0.000  0.000 4395.297  670.363    0    0  (Gen:  0)
  4115520       416   7423744  0.000  0.000 4395.297  670.370    0    0  (Gen:  0)
  4118016       560   7423952  0.000  0.000 4395.312  670.375    0    0  (Gen:  0)
  4114032       632   7424056  0.000  0.000 4395.312  670.383    0    0  (Gen:  0)
  4118144       544   7424032  0.000  0.000 4395.312  670.388    0    0  (Gen:  0)
  4117344       584   7424104  0.000  0.000 4395.328  670.395    0    0  (Gen:  0)
  4115672       384   7423968  0.000  0.000 4395.328  670.402    0    0  (Gen:  0)
  4118544       592   7424208  0.000  0.000 4395.344  670.408    0    0  (Gen:  0)
  4118400       600   7424280  0.000  0.000 4395.344  670.414    0    0  (Gen:  0)
  4117688       632   7424344  0.000  0.000 4395.344  670.420    0    0  (Gen:  0)
  4119872       552   7424328  0.000  0.000 4395.391  670.425    0    0  (Gen:  0)
  4119168       576   7424384  0.000  0.000 4395.391  670.431    0    0  (Gen:  0)
  4118536       560   7424432  0.000  0.000 4395.406  670.437    0    0  (Gen:  0)
  4119840       992   7424896  0.000  0.000 4395.406  670.443    0    0  (Gen:  0)
  4119344       808   7424776  0.000  0.000 4395.406  670.449    0    0  (Gen:  0)
  4117416       552   7424552  0.000  0.000 4395.422  670.455    0    0  (Gen:  0)
  4118760       744   7424776  0.000  0.000 4395.422  670.460    0    0  (Gen:  0)
  4117344       768   7424864  0.000  0.000 4395.422  670.466    0    0  (Gen:  0)
  4119384       600   7424760  0.000  0.000 4395.438  670.472    0    0  (Gen:  0)
  4117304       744   7424936  0.000  0.000 4395.438  670.477    0    0  (Gen:  0)
  4115680       576   7424832  0.000  0.000 4395.453  670.484    0    0  (Gen:  0)
  4120128       736   7425056  0.000  0.000 4395.453  670.490    0    0  (Gen:  0)
  4120968       576   7424928  0.000  0.000 4395.453  670.495    0    0  (Gen:  0)
  4121848       896   7425312  0.000  0.000 4395.469  670.501    0    0  (Gen:  0)
  4117960       736   7425216  0.000  0.000 4395.469  670.507    0    0  (Gen:  0)
  4123800       928   7425440  0.000  0.000 4395.469  670.512    0    0  (Gen:  0)
  4120920      1168   7425744  0.000  0.000 4395.484  670.519    0    0  (Gen:  0)
  4120464       768   7425408  0.000  0.000 4395.484  670.524    0    0  (Gen:  0)
  4118912       840   7425544  0.000  0.000 4395.484  670.530    0    0  (Gen:  0)
  4121328       864   7425632  0.000  0.000 4395.500  670.538    0    0  (Gen:  0)
  4120128       736   7425568  0.000  0.000 4395.500  670.544    0    0  (Gen:  0)
  4120584       752   7425616  0.000  0.000 4395.516  670.552    0    0  (Gen:  0)
  4117152       864   7425792  0.000  0.000 4395.516  670.558    0    0  (Gen:  0)
  4117560       760   7425720  0.000  0.000 4395.531  670.564    0    0  (Gen:  0)
  4119128       720   7425712  0.000  0.000 4395.531  670.570    0    0  (Gen:  0)
  4115760       640   7425664  0.000  0.000 4395.531  670.576    0    0  (Gen:  0)
  4114592       432   7425520  0.000  0.000 4395.547  670.582    0    0  (Gen:  0)
  4116568       576   7425696  0.000  0.000 4395.547  670.588    0    0  (Gen:  0)
  4114776       952   7426136  0.000  0.000 4395.562  670.594    0    0  (Gen:  0)
  4119304      1072   7426320  0.000  0.000 4395.562  670.602    0    0  (Gen:  0)
  4119800       464   7425744  0.000  0.000 4395.578  670.609    0    0  (Gen:  0)
  4119656       816   7426160  0.000  0.000 4395.578  670.615    0    0  (Gen:  0)
  4119320       576   7425984  0.000  0.000 4395.578  670.622    0    0  (Gen:  0)
  4120392       464   7425936  0.000  0.000 4395.594  670.627    0    0  (Gen:  0)
  4119560       576   7426112  0.000  0.000 4395.594  670.633    0    0  (Gen:  0)
  4117904       672   7426272  0.000  0.000 4395.594  670.639    0    0  (Gen:  0)
  4117288       592   7426256  0.000  0.000 4395.609  670.644    0    0  (Gen:  0)
  4121624       592   7426320  0.000  0.000 4395.609  670.650    0    0  (Gen:  0)
  4115392       928   7426720  0.000  0.000 4395.625  670.656    0    0  (Gen:  0)
  4118912       592   7426448  0.000  0.000 4395.625  670.661    0    0  (Gen:  0)
  4117096   5155792   7392352  0.000  0.003 4395.625  670.671    0    0  (Gen:  1)
  4118328       648   7392424  0.000  0.000 4395.625  670.676    0    0  (Gen:  0)
  4120832       752   7392560  0.000  0.000 4395.625  670.683    0    0  (Gen:  0)
  4116864       576   7392448  0.000  0.000 4395.641  670.691    0    0  (Gen:  0)
  4116384       664   7392600  0.000  0.000 4395.641  670.698    0    0  (Gen:  0)
  4116672      1248   7393280  0.000  0.000 4395.656  670.705    0    0  (Gen:  0)
  4115072       576   7392640  0.000  0.002 4395.656  670.712    0    0  (Gen:  0)
  4116328       584   7392712  0.000  0.001 4395.672  670.720    0    0  (Gen:  0)
  4117440       384   7392576  0.000  0.000 4395.672  670.744    0    0  (Gen:  0)
  4118312       744   7392968  0.000  0.000 4395.688  670.753    0    0  (Gen:  0)
  4114816       512   7392800  0.000  0.000 4395.688  670.761    0    0  (Gen:  0)
  4117216       496   7392848  0.000  0.000 4395.703  670.769    0    0  (Gen:  0)
  4114776       416   7392864  0.000  0.000 4395.703  670.774    0    0  (Gen:  0)
  4114848       712   7393224  0.000  0.000 4395.719  670.780    0    0  (Gen:  0)
  4113872       680   7393288  0.000  0.000 4395.719  670.786    0    0  (Gen:  0)
  4115104       608   7393280  0.000  0.000 4395.719  670.792    0    0  (Gen:  0)
  4118784       576   7393344  0.000  0.000 4395.734  670.797    0    0  (Gen:  0)
  4118176       664   7393496  0.000  0.000 4395.734  670.804    0    0  (Gen:  0)
  4116888       584   7393512  0.000  0.000 4395.734  670.809    0    0  (Gen:  0)
  4117320       464   7393456  0.000  0.000 4395.750  670.816    0    0  (Gen:  0)
  4117920       512   7393568  0.000  0.000 4395.750  670.822    0    0  (Gen:  0)
  4116832       464   7393616  0.000  0.000 4395.766  670.827    0    0  (Gen:  0)
  4115624       464   7393680  0.000  0.000 4395.766  670.833    0    0  (Gen:  0)
  4117240       616   7393896  0.000  0.000 4395.766  670.842    0    0  (Gen:  0)
  4116568       896   7394272  0.000  0.000 4395.781  670.850    0    0  (Gen:  0)
  4118672       576   7394048  0.000  0.000 4395.781  670.856    0    0  (Gen:  0)
  4114328       416   7393952  0.000  0.000 4395.797  670.862    0    0  (Gen:  0)
  4114792       664   7394264  0.000  0.000 4395.797  670.870    0    0  (Gen:  0)
  4118472       960   7394656  0.000  0.000 4395.812  670.875    0    0  (Gen:  0)
  4114264      1136   7394928  0.000  0.000 4395.812  670.883    0    0  (Gen:  0)
  4120560       576   7394432  0.000  0.000 4395.812  670.889    0    0  (Gen:  0)
  4114384       464   7394384  0.000  0.000 4395.812  670.894    0    0  (Gen:  0)
  4115744      1456   7395440  0.000  0.000 4395.812  670.901    0    0  (Gen:  0)
  4116288       496   7394544  0.000  0.000 4395.828  670.907    0    0  (Gen:  0)
  4117008       584   7394728  0.000  0.000 4395.828  670.912    0    0  (Gen:  0)
  4117320       608   7394816  0.000  0.000 4395.828  670.919    0    0  (Gen:  0)
  4116656       512   7394816  0.000  0.000 4395.844  670.925    0    0  (Gen:  0)
  4118368       464   7394832  0.000  0.000 4395.844  670.931    0    0  (Gen:  0)
  4119640       712   7395144  0.000  0.000 4395.859  670.938    0    0  (Gen:  0)
  4117704      1632   7396160  0.000  0.000 4395.859  670.943    0    0  (Gen:  0)
  4117272       608   7395200  0.000  0.000 4395.859  670.950    0    0  (Gen:  0)
  4115960       416   7395104  0.000  0.000 4395.875  670.955    0    0  (Gen:  0)
  4118320       776   7395528  0.000  0.000 4395.875  670.960    0    0  (Gen:  0)
  4116912       576   7395424  0.000  0.000 4395.891  670.967    0    0  (Gen:  0)
  4116176       768   7395680  0.000  0.000 4395.891  670.974    0    0  (Gen:  0)
  4117672       784   7395760  0.000  0.000 4395.891  670.980    0    0  (Gen:  0)
  4117104       496   7395568  0.000  0.000 4395.906  670.989    0    0  (Gen:  0)
  4116672       448   7395616  0.000  0.000 4395.906  670.995    0    0  (Gen:  0)
  4115048       672   7395936  0.000  0.000 4395.922  671.001    0    0  (Gen:  0)
  4115232       496   7395824  0.000  0.000 4395.922  671.007    0    0  (Gen:  0)
  4116992       576   7396000  0.000  0.000 4395.922  671.012    0    0  (Gen:  0)
  4117152       824   7396312  0.000  0.000 4395.938  671.020    0    0  (Gen:  0)
  4118440       608   7396192  0.000  0.000 4395.938  671.024    0    0  (Gen:  0)
  4117960       928   7396608  0.000  0.000 4395.953  671.030    0    0  (Gen:  0)
  4116392       416   7396192  0.000  0.000 4395.953  671.036    0    0  (Gen:  0)
  4117576       496   7396336  0.000  0.000 4395.953  671.042    0    0  (Gen:  0)
  4118584       624   7396560  0.000  0.000 4395.969  671.048    0    0  (Gen:  0)
  4118296       592   7396624  0.000  0.000 4395.969  671.054    0    0  (Gen:  0)
  4119768       976   7397072  0.000  0.000 4395.969  671.059    0    0  (Gen:  0)
  4117544       448   7396640  0.000  0.000 4395.984  671.066    0    0  (Gen:  0)
  4118824       792   7397080  0.000  0.000 4395.984  671.071    0    0  (Gen:  0)
  4117800       664   7397016  0.000  0.000 4395.984  671.076    0    0  (Gen:  0)
  4118104       640   7397088  0.000  0.000 4396.000  671.083    0    0  (Gen:  0)
  4116840       784   7397296  0.000  0.000 4396.000  671.088    0    0  (Gen:  0)
  4119376       864   7397472  0.000  0.000 4396.016  671.093    0    0  (Gen:  0)
  4119216       864   7397536  0.000  0.000 4396.016  671.100    0    0  (Gen:  0)
  4118136       752   7397488  0.000  0.000 4396.016  671.106    0    0  (Gen:  0)
  4119304       640   7397440  0.000  0.000 4396.031  671.112    0    0  (Gen:  0)
  4120768       928   7397792  0.000  0.000 4396.031  671.119    0    0  (Gen:  0)
  4119256       752   7397680  0.000  0.000 4396.047  671.124    0    0  (Gen:  0)
  4119792      1040   7398032  0.000  0.000 4396.047  671.130    0    0  (Gen:  0)
  4120024       752   7397808  0.000  0.000 4396.047  671.138    0    0  (Gen:  0)
  4119976       608   7397728  0.000  0.000 4396.062  671.143    0    0  (Gen:  0)
  4118832       592   7397744  0.000  0.000 4396.062  671.149    0    0  (Gen:  0)
  4118144       432   7397648  0.000  0.000 4396.062  671.155    0    0  (Gen:  0)
  4117128      1296   7398544  0.000  0.000 4396.062  671.161    0    0  (Gen:  0)
  4116400       960   7398272  0.000  0.000 4396.062  671.168    0    0  (Gen:  0)
  4114936       464   7397808  0.000  0.000 4396.078  671.174    0    0  (Gen:  0)
  4114392       736   7398144  0.000  0.000 4396.078  671.179    0    0  (Gen:  0)
  4118208       640   7398080  0.000  0.000 4396.078  671.185    0    0  (Gen:  0)
  4117144       576   7398080  0.000  0.000 4396.094  671.191    0    0  (Gen:  0)
  4115528      1456   7399024  0.000  0.000 4396.094  671.196    0    0  (Gen:  0)
  4118192      1488   7399120  0.000  0.000 4396.109  671.202    0    0  (Gen:  0)
  4115304       464   7398128  0.000  0.000 4396.109  671.208    0    0  (Gen:  0)
  4118096       432   7398160  0.000  0.000 4396.109  671.213    0    0  (Gen:  0)
  4118480       896   7398656  0.000  0.000 4396.125  671.219    0    0  (Gen:  0)
  4114792       432   7398256  0.000  0.000 4396.125  671.225    0    0  (Gen:  0)
  4117176       816   7398672  0.000  0.000 4396.125  671.230    0    0  (Gen:  0)
  4117168       624   7398544  0.000  0.000 4396.141  671.237    0    0  (Gen:  0)
  4116016       744   7398728  0.000  0.000 4396.141  671.242    0    0  (Gen:  0)
  4117224       544   7398592  0.000  0.000 4396.156  671.248    0    0  (Gen:  0)
  4116224       464   7398544  0.000  0.000 4396.156  671.254    0    0  (Gen:  0)
  4116704      1440   7399584  0.000  0.000 4396.156  671.259    0    0  (Gen:  0)
  4116608       944   7399120  0.000  0.000 4396.172  671.267    0    0  (Gen:  0)
  4116720       464   7398704  0.000  0.000 4396.172  671.273    0    0  (Gen:  0)
  4117528      1632   7399936  0.000  0.000 4396.172  671.279    0    0  (Gen:  0)
  4116560       432   7398800  0.000  0.000 4396.188  671.286    0    0  (Gen:  0)
  4117816       768   7399168  0.000  0.000 4396.188  671.291    0    0  (Gen:  0)
  4115856       816   7399280  0.000  0.000 4396.203  671.297    0    0  (Gen:  0)
  4117312       712   7399240  0.000  0.000 4396.203  671.303    0    0  (Gen:  0)
  4117760       464   7399088  0.000  0.000 4396.203  671.309    0    0  (Gen:  0)
  4114672       448   7399136  0.000  0.000 4396.219  671.315    0    0  (Gen:  0)
  4117752       928   7399712  0.000  0.000 4396.219  671.320    0    0  (Gen:  0)
  4114624       608   7399456  0.000  0.000 4396.219  671.325    0    0  (Gen:  0)
  4116152       616   7399560  0.000  0.000 4396.234  671.331    0    0  (Gen:  0)
  4118504       496   7399536  0.000  0.000 4396.234  671.337    0    0  (Gen:  0)
  4121440       528   7399664  0.000  0.000 4396.250  671.342    0    0  (Gen:  0)
  4128384      1544   7400808  0.000  0.000 4396.250  671.346    0    0  (Gen:  0)
  4317240       576   7433592  0.000  0.000 4396.250  671.353    0    0  (Gen:  0)
  4150976       376   7433656  0.000  0.000 4396.266  671.358    0    0  (Gen:  0)
  4118176       536   7433880  0.000  0.000 4396.266  671.365    0    0  (Gen:  0)
  4117312       536   7433944  0.000  0.000 4396.266  671.372    0    0  (Gen:  0)
  4117960       536   7434008  0.000  0.000 4396.281  671.377    0    0  (Gen:  0)
  4117776       536   7434072  0.000  0.000 4396.281  671.385    0    0  (Gen:  0)
  4117672       536   7434136  0.000  0.000 4396.297  671.391    0    0  (Gen:  0)
  4117920       376   7434040  0.000  0.000 4396.297  671.397    0    0  (Gen:  0)
  4117472       376   7434104  0.000  0.000 4396.312  671.405    0    0  (Gen:  0)
  4117960       376   7434168  0.000  0.000 4396.312  671.411    0    0  (Gen:  0)
  4118096       424   7434280  0.000  0.000 4396.312  671.418    0    0  (Gen:  0)
  4117432       536   7434456  0.000  0.000 4396.328  671.426    0    0  (Gen:  0)
  4118008       624   7434608  0.000  0.000 4396.328  671.433    0    0  (Gen:  0)
  4117728       536   7434584  0.000  0.000 4396.344  671.439    0    0  (Gen:  0)
  4117600       424   7434536  0.000  0.000 4396.344  671.444    0    0  (Gen:  0)
  4117872       424   7434600  0.000  0.000 4396.344  671.451    0    0  (Gen:  0)
  4117464       424   7434664  0.000  0.000 4396.359  671.457    0    0  (Gen:  0)
  4118048       376   7434680  0.000  0.000 4396.359  671.463    0    0  (Gen:  0)
  4118088       376   7434744  0.000  0.000 4396.375  671.470    0    0  (Gen:  0)
  4117456       472   7434904  0.000  0.000 4396.375  671.476    0    0  (Gen:  0)
  4117920       536   7435032  0.000  0.000 4396.391  671.483    0    0  (Gen:  0)
  4117760       424   7434984  0.000  0.000 4396.391  671.488    0    0  (Gen:  0)
  4117640       424   7435048  0.000  0.000 4396.391  671.494    0    0  (Gen:  0)
  4117960       424   7435112  0.000  0.000 4396.406  671.501    0    0  (Gen:  0)
  4117424       424   7435176  0.000  0.000 4396.406  671.507    0    0  (Gen:  0)
  4118000   5122032   7391360  0.016  0.004 4396.422  671.516    0    0  (Gen:  1)
  4118128       424   7391312  0.000  0.000 4396.422  671.522    0    0  (Gen:  0)
  4117416       472   7391424  0.000  0.000 4396.422  671.528    0    0  (Gen:  0)
  4117928       424   7391440  0.000  0.000 4396.438  671.534    0    0  (Gen:  0)
  4117720       424   7391504  0.000  0.000 4396.438  671.540    0    0  (Gen:  0)
  4117736       424   7391568  0.000  0.000 4396.453  671.547    0    0  (Gen:  0)
  4117840       536   7391744  0.000  0.000 4396.453  671.555    0    0  (Gen:  0)
  4117544       376   7391648  0.000  0.000 4396.453  671.561    0    0  (Gen:  0)
  4117944       424   7391760  0.000  0.000 4396.469  671.568    0    0  (Gen:  0)
  4118120       376   7391776  0.000  0.000 4396.469  671.574    0    0  (Gen:  0)
  4117648       584   7392048  0.000  0.000 4396.484  671.580    0    0  (Gen:  0)
  4117016       744   7392272  0.000  0.000 4396.484  671.586    0    0  (Gen:  0)
  4117640       744   7392336  0.000  0.000 4396.484  671.592    0    0  (Gen:  0)
  4117536       552   7392208  0.000  0.000 4396.500  671.599    0    0  (Gen:  0)
  4117472       632   7392320  0.000  0.000 4396.500  671.606    0    0  (Gen:  0)
  4118400       600   7392352  0.000  0.000 4396.516  671.611    0    0  (Gen:  0)
  4119136       712   7392496  0.000  0.000 4396.516  671.619    0    0  (Gen:  0)
  4117920       584   7392400  0.000  0.000 4396.531  671.625    0    0  (Gen:  0)
  4118416       712   7392592  0.000  0.000 4396.531  671.631    0    0  (Gen:  0)
  4118712       744   7392656  0.000  0.000 4396.531  671.637    0    0  (Gen:  0)
  4116536       432   7392408  0.000  0.000 4396.547  671.642    0    0  (Gen:  0)
  4119152       544   7392552  0.000  0.000 4396.547  671.648    0    0  (Gen:  0)
  4118048       384   7392424  0.000  0.000 4396.562  671.655    0    0  (Gen:  0)
  4118656       640   7392712  0.000  0.000 4396.562  671.660    0    0  (Gen:  0)
  4114088       384   7392520  0.000  0.000 4396.562  671.667    0    0  (Gen:  0)
  4118192       416   7392584  0.000  0.000 4396.578  671.673    0    0  (Gen:  0)
  4118040       600   7392800  0.000  0.000 4396.578  671.679    0    0  (Gen:  0)
  4117192       416   7392648  0.000  0.000 4396.578  671.686    0    0  (Gen:  0)
  4116912       560   7392856  0.000  0.000 4396.594  671.691    0    0  (Gen:  0)
  4117768       736   7393064  0.000  0.000 4396.594  671.698    0    0  (Gen:  0)
  4115920       464   7392824  0.000  0.000 4396.609  671.705    0    0  (Gen:  0)
  4115392       552   7392976  0.000  0.000 4396.609  671.711    0    0  (Gen:  0)
  4117000       600   7393056  0.000  0.000 4396.609  671.717    0    0  (Gen:  0)
  4118360       432   7392920  0.000  0.002 4396.625  671.728    0    0  (Gen:  0)
  4118064       752   7393272  0.000  0.000 4396.641  671.738    0    0  (Gen:  0)
  4116688      1072   7393656  0.000  0.002 4396.641  671.748    0    0  (Gen:  0)
  4116664       912   7393528  0.000  0.000 4396.641  671.759    0    0  (Gen:  0)
  4117848       744   7393392  0.000  0.000 4396.656  671.767    0    0  (Gen:  0)
  4117328       432   7393144  0.000  0.000 4396.656  671.775    0    0  (Gen:  0)
  4114600       712   7393456  0.000  0.000 4396.672  671.781    0    0  (Gen:  0)
  4118944       432   7393208  0.000  0.000 4396.672  671.788    0    0  (Gen:  0)
  4114536       840   7393648  0.000  0.000 4396.672  671.793    0    0  (Gen:  0)
  4114952       536   7393408  0.000  0.000 4396.688  671.799    0    0  (Gen:  0)
  4117664       432   7393368  0.000  0.000 4396.688  671.806    0    0  (Gen:  0)
  4114344       576   7393544  0.016  0.000 4396.703  671.811    0    0  (Gen:  0)
  4115976       784   7393816  0.000  0.000 4396.703  671.818    0    0  (Gen:  0)
  4115360       608   7393672  0.000  0.000 4396.703  671.823    0    0  (Gen:  0)
  4115400       792   7393888  0.000  0.000 4396.719  671.828    0    0  (Gen:  0)
  4114768       632   7393792  0.000  0.000 4396.719  671.835    0    0  (Gen:  0)
  4117440       712   7393936  0.000  0.000 4396.719  671.840    0    0  (Gen:  0)
  4118320       432   7393688  0.000  0.000 4396.734  671.846    0    0  (Gen:  0)
  4117952       592   7393880  0.000  0.000 4396.734  671.854    0    0  (Gen:  0)
  4118480       744   7394096  0.000  0.000 4396.750  671.859    0    0  (Gen:  0)
  4120216       552   7393968  0.000  0.000 4396.750  671.866    0    0  (Gen:  0)
  4118464       744   7394192  0.000  0.000 4396.766  671.873    0    0  (Gen:  0)
  4120016       592   7394104  0.000  0.000 4396.766  671.880    0    0  (Gen:  0)
  4114296       592   7394136  0.000  0.000 4396.766  671.886    0    0  (Gen:  0)
  4116904      1072   7394680  0.000  0.000 4396.781  671.892    0    0  (Gen:  0)
  4118760       928   7394568  0.000  0.000 4396.781  671.898    0    0  (Gen:  0)
  4119520       640   7394344  0.000  0.000 4396.781  671.903    0    0  (Gen:  0)
  4120264       552   7394320  0.000  0.000 4396.797  671.909    0    0  (Gen:  0)
  4120232       752   7394552  0.000  0.000 4396.797  671.915    0    0  (Gen:  0)
  4120008      1392   7395256  0.000  0.000 4396.812  671.921    0    0  (Gen:  0)
  4116008       416   7394312  0.000  0.000 4396.812  671.927    0    0  (Gen:  0)
  4119280       584   7394544  0.000  0.000 4396.812  671.933    0    0  (Gen:  0)
  4118352      1104   7395128  0.000  0.000 4396.828  671.940    0    0  (Gen:  0)
  4119936       912   7394968  0.000  0.000 4396.828  671.946    0    0  (Gen:  0)
  4116648       744   7394832  0.000  0.000 4396.844  671.952    0    0  (Gen:  0)
  4118304       552   7394704  0.000  0.000 4396.844  671.959    0    0  (Gen:  0)
  4118592       632   7394816  0.000  0.000 4396.844  671.965    0    0  (Gen:  0)
  4116864       816   7395064  0.000  0.000 4396.859  671.971    0    0  (Gen:  0)
  4119424       896   7395208  0.000  0.000 4396.859  671.976    0    0  (Gen:  0)
  4118944       768   7395112  0.000  0.000 4396.859  671.983    0    0  (Gen:  0)
  4119888       928   7395336  0.000  0.000 4396.875  671.988    0    0  (Gen:  0)
  4118056       584   7395056  0.000  0.000 4396.875  671.994    0    0  (Gen:  0)
  4117792       584   7395120  0.000  0.000 4396.891  672.001    0    0  (Gen:  0)
  4120600       896   7395496  0.000  0.000 4396.891  672.008    0    0  (Gen:  0)
  4120912       928   7395560  0.000  0.000 4396.891  672.013    0    0  (Gen:  0)
  4118384       816   7395512  0.000  0.000 4396.906  672.021    0    0  (Gen:  0)
  4123024       632   7395360  0.000  0.000 4396.906  672.027    0    0  (Gen:  0)
  4118824      1072   7395864  0.000  0.000 4396.922  672.033    0    0  (Gen:  0)
  4116688       992   7395816  0.000  0.000 4396.922  672.039    0    0  (Gen:  0)
  4117152       592   7395480  0.000  0.000 4396.922  672.044    0    0  (Gen:  0)
  4116096       560   7395480  0.000  0.000 4396.938  672.051    0    0  (Gen:  0)
  4115408       592   7395544  0.000  0.000 4396.938  672.057    0    0  (Gen:  0)
  4115128       544   7395560  0.000  0.000 4396.953  672.063    0    0  (Gen:  0)
  4113600       576   7395624  0.000  0.000 4396.953  672.069    0    0  (Gen:  0)
  4117704       584   7395696  0.078  0.000 4397.031  672.076    0    0  (Gen:  0)
  4119176       608   7395784  0.000  0.000 4397.031  672.084    0    0  (Gen:  0)
  4117488       464   7395672  0.000  0.000 4397.031  672.090    0    0  (Gen:  0)
  4122408       464   7395736  0.000  0.000 4397.047  672.096    0    0  (Gen:  0)
  4120384      1200   7396536  0.000  0.000 4397.047  672.102    0    0  (Gen:  0)
  4119600       640   7396072  0.000  0.000 4397.047  672.108    0    0  (Gen:  0)
  4118800       752   7396248  0.000  0.000 4397.125  672.114    0    0  (Gen:  0)
  4119800       592   7396152  0.000  0.000 4397.125  672.120    0    0  (Gen:  0)
  4120168       632   7396256  0.000  0.000 4397.141  672.126    0    0  (Gen:  0)
  4117992       552   7396240  0.000  0.000 4397.141  672.132    0    0  (Gen:  0)
  4119344       640   7396360  0.000  0.000 4397.141  672.138    0    0  (Gen:  0)
  4118336       576   7396360  0.000  0.000 4397.156  672.143    0    0  (Gen:  0)
  4119408       592   7396440  0.000  0.000 4397.156  672.150    0    0  (Gen:  0)
  4115664       384   7396296  0.000  0.000 4397.172  672.157    0    0  (Gen:  0)
  4117480       928   7396872  0.000  0.000 4397.172  672.162    0    0  (Gen:  0)
  4117848       760   7396768  0.000  0.000 4397.188  672.170    0    0  (Gen:  0)
  4118488       464   7396504  0.000  0.000 4397.188  672.177    0    0  (Gen:  0)
  4118000      1168   7397272  0.000  0.000 4397.188  672.184    0    0  (Gen:  0)
  4115744       576   7396744  0.000  0.000 4397.203  672.190    0    0  (Gen:  0)
  4114616      1600   7397832  0.000  0.000 4397.203  672.196    0    0  (Gen:  0)
  4118592       416   7396680  0.000  0.000 4397.219  672.202    0    0  (Gen:  0)
  4116768       464   7396792  0.000  0.000 4397.219  672.208    0    0  (Gen:  0)
  4118224       552   7396944  0.000  0.000 4397.219  672.215    0    0  (Gen:  0)
  4116136       816   7397240  0.000  0.000 4397.234  672.223    0    0  (Gen:  0)
  4117920       496   7396984  0.000  0.000 4397.234  672.228    0    0  (Gen:  0)
  4115848       752   7397336  0.000  0.000 4397.250  672.235    0    0  (Gen:  0)
  4116856       776   7397424  0.000  0.000 4397.250  672.241    0    0  (Gen:  0)
  4117096       584   7397328  0.000  0.000 4397.250  672.246    0    0  (Gen:  0)
  4114888       608   7397416  0.000  0.000 4397.266  672.253    0    0  (Gen:  0)
  4121104       664   7397568  0.000  0.000 4397.266  672.259    0    0  (Gen:  0)
  4117840       640   7397640  0.000  0.000 4397.281  672.265    0    0  (Gen:  0)
  4115312       496   7397560  0.000  0.000 4397.281  672.271    0    0  (Gen:  0)
  4114288       416   7397576  0.000  0.000 4397.281  672.276    0    0  (Gen:  0)
  4114368       776   7398000  0.000  0.000 4397.297  672.284    0    0  (Gen:  0)
  4116536       592   7397912  0.000  0.000 4397.297  672.292    0    0  (Gen:  0)
  4120096       576   7397960  0.000  0.000 4397.312  672.298    0    0  (Gen:  0)
  4112912       448   7397896  0.000  0.000 4397.312  672.305    0    0  (Gen:  0)
  4118256       624   7398168  0.000  0.000 4397.312  672.310    0    0  (Gen:  0)
  4114040       512   7398152  0.000  0.000 4397.328  672.318    0    0  (Gen:  0)
  4115416       448   7398152  0.000  0.000 4397.328  672.323    0    0  (Gen:  0)
  4115144   5099384   7368712  0.000  0.004 4397.344  672.332    0    0  (Gen:  1)
  4115704       664   7368976  0.000  0.000 4397.344  672.338    0    0  (Gen:  0)
  4115920       416   7368824  0.000  0.000 4397.359  672.343    0    0  (Gen:  0)
  4116648       496   7368968  0.000  0.000 4397.359  672.349    0    0  (Gen:  0)
  4114064       576   7369144  0.000  0.000 4397.359  672.356    0    0  (Gen:  0)
  4116776       496   7369128  0.000  0.000 4397.375  672.361    0    0  (Gen:  0)
  4117992       464   7369192  0.000  0.000 4397.375  672.367    0    0  (Gen:  0)
  4116312       576   7369368  0.000  0.000 4397.375  672.373    0    0  (Gen:  0)
  4119080       608   7369464  0.000  0.000 4397.391  672.379    0    0  (Gen:  0)
  4118512      1104   7370056  0.000  0.000 4397.391  672.386    0    0  (Gen:  0)
  4116904       608   7369624  0.000  0.000 4397.406  672.391    0    0  (Gen:  0)
  4117896       960   7370072  0.000  0.000 4397.406  672.398    0    0  (Gen:  0)
  4120776       672   7369880  0.000  0.000 4397.406  672.403    0    0  (Gen:  0)
  4115976       416   7369720  0.000  0.000 4397.422  672.408    0    0  (Gen:  0)
  4114648       464   7369832  0.000  0.000 4397.422  672.415    0    0  (Gen:  0)
  4115568       608   7370040  0.000  0.000 4397.438  672.421    0    0  (Gen:  0)
  4116840       464   7369992  0.000  0.000 4397.438  672.427    0    0  (Gen:  0)
  4118120       496   7370088  0.000  0.000 4397.438  672.435    0    0  (Gen:  0)
  4116392       992   7370680  0.000  0.000 4397.453  672.442    0    0  (Gen:  0)
  4118032      1152   7370904  0.000  0.000 4397.453  672.448    0    0  (Gen:  0)
  4115976      1168   7371016  0.000  0.000 4397.469  672.454    0    0  (Gen:  0)
  4114768       664   7370576  0.000  0.000 4397.469  672.459    0    0  (Gen:  0)
  4114392       712   7370720  0.000  0.000 4397.469  672.466    0    0  (Gen:  0)
  4117960       416   7370520  0.000  0.000 4397.484  672.472    0    0  (Gen:  0)
  4116512       608   7370776  0.000  0.000 4397.484  672.477    0    0  (Gen:  0)
  4118064       416   7370680  0.000  0.000 4397.500  672.483    0    0  (Gen:  0)
  4116536       448   7370776  0.000  0.000 4397.500  672.489    0    0  (Gen:  0)
  4115640       416   7370840  0.000  0.000 4397.500  672.494    0    0  (Gen:  0)
  4117280       496   7370984  0.000  0.000 4397.516  672.501    0    0  (Gen:  0)
  4115552       448   7371032  0.000  0.000 4397.516  672.507    0    0  (Gen:  0)
  4118328       688   7371368  0.000  0.000 4397.516  672.512    0    0  (Gen:  0)
  4119416       816   7371560  0.000  0.000 4397.531  672.518    0    0  (Gen:  0)
  4120728       448   7371288  0.000  0.000 4397.531  672.524    0    0  (Gen:  0)
  4119216       832   7371768  0.000  0.000 4397.531  672.529    0    0  (Gen:  0)
  4120224       608   7371640  0.000  0.000 4397.547  672.535    0    0  (Gen:  0)
  4118448      1520   7372584  0.000  0.000 4397.547  672.540    0    0  (Gen:  0)
  4119696       448   7371576  0.000  0.000 4397.562  672.546    0    0  (Gen:  0)
  4120080       624   7371848  0.000  0.000 4397.562  672.552    0    0  (Gen:  0)
  4119872       816   7372136  0.000  0.000 4397.562  672.558    0    0  (Gen:  0)
  4119184       416   7371800  0.000  0.000 4397.578  672.564    0    0  (Gen:  0)
  4118800       992   7372440  0.000  0.000 4397.578  672.570    0    0  (Gen:  0)
  4117736       752   7372264  0.000  0.000 4397.578  672.575    0    0  (Gen:  0)
  4120136       616   7372192  0.000  0.000 4397.594  672.582    0    0  (Gen:  0)
  4119064       960   7372632  0.000  0.000 4397.594  672.588    0    0  (Gen:  0)
  4119168       992   7372696  0.000  0.000 4397.609  672.596    0    0  (Gen:  0)
  4119472       840   7372608  0.000  0.000 4397.609  672.604    0    0  (Gen:  0)
  4119200       560   7372392  0.000  0.000 4397.625  672.609    0    0  (Gen:  0)
  4118000       680   7372544  0.000  0.000 4397.625  672.615    0    0  (Gen:  0)
  4115360       912   7372840  0.000  0.000 4397.625  672.622    0    0  (Gen:  0)
  4116192      1616   7373576  0.000  0.000 4397.641  672.627    0    0  (Gen:  0)
  4118784       816   7372808  0.000  0.000 4397.641  672.634    0    0  (Gen:  0)
  4116728       416   7372472  0.031  0.000 4397.672  672.639    0    0  (Gen:  0)
  4117000       544   7372664  0.000  0.000 4397.672  672.645    0    0  (Gen:  0)
  4116960       768   7372920  0.000  0.000 4397.672  672.651    0    0  (Gen:  0)
  4116872       736   7372952  0.000  0.000 4397.688  672.657    0    0  (Gen:  0)
  4114992       816   7373064  0.000  0.000 4397.688  672.662    0    0  (Gen:  0)
  4118040      1248   7373560  0.000  0.000 4397.688  672.669    0    0  (Gen:  0)
  4117928       432   7372776  0.000  0.000 4397.703  672.674    0    0  (Gen:  0)
  4115200       576   7372952  0.000  0.000 4397.703  672.679    0    0  (Gen:  0)
  4115656       712   7373152  0.000  0.000 4397.719  672.686    0    0  (Gen:  0)
  4115808       784   7373256  0.000  0.000 4397.719  672.691    0    0  (Gen:  0)
  4116888       896   7373400  0.000  0.000 4397.719  672.698    0    0  (Gen:  0)
  4116144       512   7373048  0.000  0.000 4397.734  672.704    0    0  (Gen:  0)
  4117136       744   7373344  0.000  0.000 4397.734  672.709    0    0  (Gen:  0)
  4116168       632   7373296  0.000  0.000 4397.734  672.716    0    0  (Gen:  0)
  4116384       464   7373192  0.000  0.000 4397.750  672.724    0    0  (Gen:  0)
  4113640      1952   7374744  0.000  0.000 4397.750  672.731    0    0  (Gen:  0)
  4115456       384   7373208  0.000  0.000 4397.766  672.737    0    0  (Gen:  0)
  4115152       816   7373672  0.000  0.000 4397.766  672.743    0    0  (Gen:  0)
  4117160      1136   7374056  0.000  0.000 4397.766  672.780    0    0  (Gen:  0)
  4117704       880   7373832  0.000  0.000 4397.766  672.788    0    0  (Gen:  0)
  4116928       736   7373784  0.000  0.000 4397.766  672.795    0    0  (Gen:  0)
  4115168       464   7373544  0.000  0.000 4397.766  672.803    0    0  (Gen:  0)
  4116424       464   7373608  0.000  0.000 4397.766  672.810    0    0  (Gen:  0)
  4118432      1520   7374728  0.000  0.000 4397.781  672.816    0    0  (Gen:  0)
  4117784       632   7373904  0.000  0.000 4397.781  672.822    0    0  (Gen:  0)
  4114912      1648   7374984  0.000  0.000 4397.797  672.828    0    0  (Gen:  0)
  4115584       576   7373976  0.000  0.000 4397.797  672.834    0    0  (Gen:  0)
  4115784       608   7374072  0.000  0.000 4397.797  672.840    0    0  (Gen:  0)
  4117120       816   7374376  0.000  0.000 4397.812  672.845    0    0  (Gen:  0)
  4118488       496   7374120  0.000  0.000 4397.812  672.853    0    0  (Gen:  0)
  4115808       576   7374296  0.000  0.000 4397.828  672.858    0    0  (Gen:  0)
  4137464   1222504   8596288  0.000  0.001 4397.828  672.863    0    0  (Gen:  0)
  4527584   3385176  10849280  0.000  0.001 4397.828  672.867    0    0  (Gen:  0)
  6629104   1998496  13059760  0.000  0.001 4397.828  672.870    0    0  (Gen:  0)
  6874384   2289584  15436264  0.000  0.002 4397.828  672.872    0    0  (Gen:  0)
  6689912   2152360  17801488  0.031  0.001 4397.859  672.875    0    0  (Gen:  0)
  8860752   5807336   7413208  0.000  0.006 4397.859  672.882    0    0  (Gen:  1)
  8169072   2457672   9693672  0.000  0.002 4397.859  672.885    0    0  (Gen:  0)
  8927296   2407112  12227288  0.000  0.001 4397.859  672.888    0    0  (Gen:  0)
  7109200   2177200  14649872  0.016  0.001 4397.875  672.890    0    0  (Gen:  0)
  8181888  11241856  13044336  0.000  0.004 4397.875  672.894    0    0  (Gen:  1)
  6956192   2532256  15386464  0.000  0.002 4397.875  672.897    0    0  (Gen:  0)
  7498208   2265072  17772472  0.000  0.002 4397.875  672.901    0    0  (Gen:  0)
  8758560   2280880  20298784  0.016  0.003 4397.891  672.905    0    0  (Gen:  0)
  8675792   1936832  21631568  0.000  0.001 4397.891  672.907    0    0  (Gen:  0)
  7344904   3126584  24635384  0.000  0.001 4397.891  672.910    0    0  (Gen:  0)
  6928896   2606400  27405832  0.000  0.002 4397.891  672.912    0    0  (Gen:  0)
 10773544  21653384  25290824  0.047  0.009 4397.938  672.923    0    0  (Gen:  1)
  9252240   2404256  26765024  0.000  0.001 4397.938  672.925    0    0  (Gen:  0)
  7361872   3115224  29652256  0.000  0.002 4397.938  672.927    0    0  (Gen:  0)
  7267032   2616304  32476672  0.000  0.002 4397.938  672.931    0    0  (Gen:  0)
  8237208   2643504  35300312  0.000  0.003 4397.938  672.935    0    0  (Gen:  0)
 10344136   2326480  37142824  0.000  0.001 4398.000  672.937    0    0  (Gen:  0)
  7753048   3259392  40030792  0.000  0.002 4398.000  672.940    0    0  (Gen:  0)
  7508208   2634248  42870840  0.000  0.002 4398.000  672.942    0    0  (Gen:  0)
  7215248   2579848  45662792  0.000  0.001 4398.000  672.944    0    0  (Gen:  0)
  9501824   2309384  47516816  0.000  0.002 4398.000  672.947    0    0  (Gen:  0)
 12957016   3579776  50677104  0.016  0.003 4398.016  672.953    0    0  (Gen:  0)
  9500720  36071168  40036264  0.000  0.009 4398.016  672.963    0    0  (Gen:  1)
  9291224   2633368  42541248  0.016  0.002 4398.031  672.967    0    0  (Gen:  0)
  9721512   2167648  44330984  0.000  0.001 4398.031  672.969    0    0  (Gen:  0)
  9352320   2600776  47257728  0.000  0.002 4398.031  672.972    0    0  (Gen:  0)
  8304608   2648960  50151800  0.000  0.002 4398.031  672.975    0    0  (Gen:  0)
  7951448   2628000  52959712  0.000  0.001 4398.031  672.977    0    0  (Gen:  0)
 23979528   1954248  54535384  0.062  0.001 4398.094  672.983    0    0  (Gen:  0)
 30858456   1948008  56841544  0.000  0.001 4398.094  672.991    0    0  (Gen:  0)
 25748632   1623408  58824040  0.000  0.001 4398.094  672.998    0    0  (Gen:  0)
 26545200   1664816  60913576  0.000  0.001 4398.141  673.005    0    0  (Gen:  0)
 30636344   1934480  63174056  0.031  0.002 4398.172  673.014    0    0  (Gen:  0)
 24123840   1505824  65103848  0.000  0.001 4398.172  673.021    0    0  (Gen:  0)
 25574784   1615160  67012360  0.000  0.001 4398.172  673.028    0    0  (Gen:  0)
 23363000   1470832  68841800  0.000  0.001 4398.250  673.034    0    0  (Gen:  0)
 26151680   1655256  70855616  0.000  0.001 4398.250  673.042    0    0  (Gen:  0)
 20138520   1267920  72416664  0.000  0.001 4398.359  673.048    0    0  (Gen:  0)
 26060544   1641720  74450392  0.000  0.001 4398.359  673.055    0    0  (Gen:  0)
 30883112   1951360  76760864  0.000  0.001 4398.484  673.062    0    0  (Gen:  0)
 23049056   4325864  81216592  0.000  0.001 4398.484  673.068    0    0  (Gen:  0)
  9451552  39506024  45306144  0.094  0.020 4398.578  673.089    0    0  (Gen:  1)
  9314720   2584488  46661848  0.000  0.001 4398.578  673.092    0    0  (Gen:  0)
  9127504   1281072  47941296  0.000  0.001 4398.688  673.094    0    0  (Gen:  0)
  9814792   1317936  49389232  0.000  0.001 4398.688  673.096    0    0  (Gen:  0)
 12888576   1511032  51029768  0.000  0.001 4398.688  673.099    0    0  (Gen:  0)
 10071296   1330240  52457120  0.000  0.001 4398.688  673.102    0    0  (Gen:  0)
 13606104   1557472  54111400  0.000  0.001 4398.688  673.105    0    0  (Gen:  0)
  9947952   1321616  55562576  0.016  0.001 4398.703  673.107    0    0  (Gen:  0)
  8423520   1229424  56823176  0.000  0.001 4398.703  673.109    0    0  (Gen:  0)
 10798440   2812984  59667856  0.000  0.001 4398.703  673.111    0    0  (Gen:  0)
 12637432   1494160  61292344  0.000  0.001 4398.703  673.114    0    0  (Gen:  0)
 11662976   2864608  64188664  0.000  0.001 4398.703  673.117    0    0  (Gen:  0)
 11333504   4276760  68464336  0.000  0.001 4398.703  673.120    0    0  (Gen:  0)
  6729584   1115952  69645368  0.000  0.001 4398.703  673.121    0    0  (Gen:  0)
  7927416   1193976  70904528  0.016  0.001 4398.719  673.123    0    0  (Gen:  0)
  6786488   1122112  72025968  0.000  0.001 4398.719  673.125    0    0  (Gen:  0)
  6823528   1119384  73210528  0.000  0.001 4398.719  673.126    0    0  (Gen:  0)
  6680176   1111656  74354528  0.000  0.001 4398.719  673.128    0    0  (Gen:  0)
  8634928   2667464  77054008  0.000  0.001 4398.719  673.130    0    0  (Gen:  0)
  6785576   1110032  78196464  0.000  0.001 4398.719  673.132    0    0  (Gen:  0)
  7408104   2576600  80740056  0.000  0.001 4398.719  673.134    0    0  (Gen:  0)
  4138552    935336  81675184  0.000  0.001 4398.719  673.136    0    0  (Gen:  0)
  4139952    936736  82611712  0.000  0.001 4398.719  673.137    0    0  (Gen:  0)
  4139088    939400  83550904  0.000  0.001 4398.719  673.138    0    0  (Gen:  0)
  4138656    935440  84486136  0.000  0.000 4398.734  673.140    0    0  (Gen:  0)
  4140408    934208  85420096  0.000  0.000 4398.734  673.141    0    0  (Gen:  0)
  4137544  45970416  46052560  0.016  0.024 4398.750  673.166    0    0  (Gen:  1)
  4138480    932240  46984592  0.000  0.001 4398.750  673.168    0    0  (Gen:  0)
  4137936    931696  47916080  0.016  0.001 4398.766  673.170    0    0  (Gen:  0)
  4140424    934184  48850056  0.000  0.001 4398.766  673.172    0    0  (Gen:  0)
  4140216    938008  49787856  0.000  0.001 4398.766  673.175    0    0  (Gen:  0)
  4137888    938240  50725848  0.000  0.001 4398.766  673.177    0    0  (Gen:  0)
  4140656    937944  51663584  0.000  0.001 4398.766  673.180    0    0  (Gen:  0)
  4137128    937440  52600816  0.000  0.001 4398.766  673.183    0    0  (Gen:  0)
  4141200    937984  53538592  0.000  0.001 4398.766  673.185    0    0  (Gen:  0)
  4138064    931824  54470208  0.000  0.001 4398.781  673.187    0    0  (Gen:  0)
  4137888    931648  55401648  0.000  0.001 4398.781  673.190    0    0  (Gen:  0)
  4139552    933352  56334752  0.000  0.001 4398.781  673.192    0    0  (Gen:  0)
  4140920    934680  57269224  0.000  0.001 4398.781  673.193    0    0  (Gen:  0)
  4140040    936824  58205840  0.000  0.000 4398.781  673.195    0    0  (Gen:  0)
  4138472    938784  59144416  0.000  0.001 4398.781  673.197    0    0  (Gen:  0)
  4141000    937784  60081992  0.000  0.001 4398.781  673.199    0    0  (Gen:  0)
  4139568    939880  61021664  0.000  0.001 4398.781  673.200    0    0  (Gen:  0)
  4139056    935880  61957296  0.000  0.001 4398.797  673.202    0    0  (Gen:  0)
  4140784    938072  62895160  0.000  0.001 4398.797  673.204    0    0  (Gen:  0)
  4139472    943312  63838264  0.000  0.001 4398.797  673.205    0    0  (Gen:  0)
  4139280    939592  64777648  0.000  0.001 4398.797  673.207    0    0  (Gen:  0)
  4139832    936616  65714056  0.000  0.000 4398.797  673.208    0    0  (Gen:  0)
  7693480    239920  72591000  0.000  0.000 4398.797  673.213    0    0  (Gen:  0)
  6864664       656  72591672  0.000  0.000 4398.797  673.214    0    0  (Gen:  0)
  4332200       168  72591232  0.000  0.000 4398.797  673.215    0    0  (Gen:  0)
  4323208       128  72591232  0.000  0.000 4398.797  673.216    0    0  (Gen:  0)
  4323344       128  72591232  0.000  0.000 4398.812  673.217    0    0  (Gen:  0)
  4323088       128  72591232  0.000  0.000 4398.812  673.218    0    0  (Gen:  0)
  4323296       128  72591232  0.000  0.000 4398.812  673.219    0    0  (Gen:  0)
  4322488       128  72591232  0.000  0.000 4398.812  673.220    0    0  (Gen:  0)
  4322768       128  72591232  0.000  0.000 4398.812  673.221    0    0  (Gen:  0)
  4322272       128  72591232  0.000  0.000 4398.812  673.222    0    0  (Gen:  0)
  4322568       128  72591232  0.000  0.000 4398.812  673.223    0    0  (Gen:  0)
  4322528       128  72591232  0.000  0.000 4398.812  673.224    0    0  (Gen:  0)
  4321760       128  72591232  0.000  0.000 4398.812  673.225    0    0  (Gen:  0)
  4318304       648  72591752  0.000  0.000 4398.812  673.226    0    0  (Gen:  0)
  4329768       128  72591232  0.000  0.000 4398.812  673.226    0    0  (Gen:  0)
  4320376       128  72591232  0.000  0.000 4398.812  673.227    0    0  (Gen:  0)
  4320912       128  72591232  0.000  0.000 4398.812  673.228    0    0  (Gen:  0)
  4320024       128  72591232  0.000  0.000 4398.812  673.229    0    0  (Gen:  0)
  4321656       128  72591232  0.000  0.000 4398.812  673.230    0    0  (Gen:  0)
  4318024       128  72591232  0.000  0.000 4398.812  673.232    0    0  (Gen:  0)
  4320472       128  72591232  0.000  0.000 4398.828  673.233    0    0  (Gen:  0)
  4318776       128  72591232  0.000  0.000 4398.828  673.234    0    0  (Gen:  0)
  4326616       128  72591232  0.000  0.000 4398.828  673.235    0    0  (Gen:  0)
  4317192       128  72591232  0.000  0.000 4398.828  673.236    0    0  (Gen:  0)
  4316456       128  72591232  0.000  0.000 4398.828  673.237    0    0  (Gen:  0)
  4316968       128  72591232  0.000  0.000 4398.828  673.238    0    0  (Gen:  0)
  4315248       128  72591232  0.000  0.000 4398.828  673.239    0    0  (Gen:  0)
  4317224       128  72591232  0.000  0.000 4398.828  673.239    0    0  (Gen:  0)
  4315936       128  72591232  0.000  0.000 4398.828  673.240    0    0  (Gen:  0)
  4316336       128  72591232  0.000  0.000 4398.828  673.242    0    0  (Gen:  0)
  4315264       128  72591232  0.000  0.000 4398.828  673.243    0    0  (Gen:  0)
  4324840       128  72591232  0.000  0.000 4398.828  673.244    0    0  (Gen:  0)
  4315328       128  72591232  0.000  0.000 4398.828  673.245    0    0  (Gen:  0)
  4315328       128  72591232  0.000  0.000 4398.828  673.246    0    0  (Gen:  0)
  4310072       128  72591232  0.000  0.000 4398.828  673.247    0    0  (Gen:  0)
  4308448       128  72591232  0.000  0.000 4398.844  673.248    0    0  (Gen:  0)
  4306216       128  72591232  0.000  0.000 4398.844  673.249    0    0  (Gen:  0)
  4308336       128  72591232  0.000  0.000 4398.844  673.250    0    0  (Gen:  0)
  4304544       128  72591232  0.000  0.000 4398.844  673.251    0    0  (Gen:  0)
  4309056       648  72591752  0.000  0.000 4398.844  673.252    0    0  (Gen:  0)
  4312736       128  72591232  0.000  0.000 4398.844  673.253    0    0  (Gen:  0)
  4305128       128  72591232  0.000  0.000 4398.844  673.254    0    0  (Gen:  0)
  4309416       128  72591232  0.000  0.000 4398.844  673.255    0    0  (Gen:  0)
  4305616       128  72591232  0.000  0.000 4398.844  673.256    0    0  (Gen:  0)
  4308688       128  72591232  0.000  0.000 4398.844  673.257    0    0  (Gen:  0)
  4305256       128  72591232  0.000  0.000 4398.844  673.258    0    0  (Gen:  0)
  4317400       128  72591232  0.000  0.000 4398.844  673.259    0    0  (Gen:  0)
  4305744       128  72591232  0.000  0.000 4398.844  673.260    0    0  (Gen:  0)
  4308576       128  72591232  0.000  0.000 4398.844  673.261    0    0  (Gen:  0)
  4304896       128  72591232  0.000  0.000 4398.844  673.262    0    0  (Gen:  0)
  4309536       128  72591232  0.000  0.000 4398.844  673.263    0    0  (Gen:  0)
  4312640       128  72591232  0.000  0.000 4398.859  673.265    0    0  (Gen:  0)
  4305128       128  72591232  0.000  0.000 4398.859  673.266    0    0  (Gen:  0)
  4309656       128  72591232  0.000  0.000 4398.859  673.267    0    0  (Gen:  0)
  4320840       128  72591232  0.000  0.000 4398.859  673.268    0    0  (Gen:  0)
  4332360       128  72591232  0.000  0.000 4398.859  673.269    0    0  (Gen:  0)
  4324688       128  72591232  0.000  0.000 4398.859  673.270    0    0  (Gen:  0)
  4324264       128  72591232  0.000  0.000 4398.859  673.271    0    0  (Gen:  0)
  4329936      1584  72600920  0.000  0.000 4398.859  673.272    0    0  (Gen:  0)
  4323456       128  72591232  0.000  0.000 4398.859  673.273    0    0  (Gen:  0)
  4324144       128  72591232  0.000  0.000 4398.859  673.274    0    0  (Gen:  0)
  4324088       128  72591232  0.000  0.000 4398.859  673.275    0    0  (Gen:  0)
  4333080       128  72591232  0.000  0.000 4398.859  673.276    0    0  (Gen:  0)
  4324208       128  72591232  0.000  0.000 4398.859  673.277    0    0  (Gen:  0)
  4324504       128  72591232  0.000  0.000 4398.859  673.278    0    0  (Gen:  0)
  4333024       128  72591232  0.000  0.000 4398.859  673.279    0    0  (Gen:  0)
  4324808       128  72591232  0.000  0.000 4398.875  673.280    0    0  (Gen:  0)
  4323432       128  72591232  0.000  0.000 4398.875  673.282    0    0  (Gen:  0)
  4324048       128  72591232  0.000  0.000 4398.875  673.283    0    0  (Gen:  0)
  4332976       128  72591232  0.000  0.000 4398.875  673.284    0    0  (Gen:  0)
  4323808       128  72591232  0.000  0.000 4398.875  673.285    0    0  (Gen:  0)
  4324520       128  72591232  0.000  0.000 4398.875  673.286    0    0  (Gen:  0)
  4325016       128  72591232  0.000  0.000 4398.875  673.287    0    0  (Gen:  0)
  4333464       128  72591232  0.000  0.000 4398.875  673.288    0    0  (Gen:  0)
  4324640       128  72591232  0.000  0.000 4398.875  673.289    0    0  (Gen:  0)
  4323688       128  72591232  0.000  0.000 4398.875  673.290    0    0  (Gen:  0)
  4332856       128  72591232  0.000  0.000 4398.875  673.291    0    0  (Gen:  0)
  4324408       128  72591232  0.000  0.000 4398.875  673.292    0    0  (Gen:  0)
  4324168       128  72591232  0.000  0.000 4398.875  673.293    0    0  (Gen:  0)
  4331440       128  72591232  0.000  0.000 4398.875  673.294    0    0  (Gen:  0)
  4305848       128  72591232  0.000  0.000 4398.875  673.295    0    0  (Gen:  0)
  4309136       128  72591232  0.000  0.000 4398.891  673.296    0    0  (Gen:  0)
  4305528       128  72591232  0.000  0.000 4398.891  673.297    0    0  (Gen:  0)
  4306752       648  72591752  0.000  0.000 4398.891  673.298    0    0  (Gen:  0)
  4313376       128  72591232  0.000  0.000 4398.891  673.300    0    0  (Gen:  0)
  4309272       128  72591232  0.000  0.000 4398.891  673.300    0    0  (Gen:  0)
  4305280       128  72591232  0.000  0.000 4398.891  673.302    0    0  (Gen:  0)
  4310472       128  72591232  0.000  0.000 4398.891  673.303    0    0  (Gen:  0)
  4305528       128  72591232  0.000  0.000 4398.891  673.304    0    0  (Gen:  0)
  4310400      1664  72592768  0.000  0.000 4398.891  673.305    0    0  (Gen:  0)
  4309472       128  72591232  0.000  0.000 4398.891  673.306    0    0  (Gen:  0)
  4305168       128  72591232  0.000  0.000 4398.891  673.307    0    0  (Gen:  0)
  4309152       128  72591232  0.000  0.000 4398.891  673.308    0    0  (Gen:  0)
  4305048       128  72591232  0.000  0.000 4398.891  673.309    0    0  (Gen:  0)
  4308184       128  72591232  0.000  0.000 4398.891  673.309    0    0  (Gen:  0)
  4305040       128  72591232  0.000  0.000 4398.891  673.310    0    0  (Gen:  0)
  4318080       128  72591232  0.000  0.000 4398.906  673.311    0    0  (Gen:  0)
  4304920       128  72591232  0.000  0.000 4398.906  673.313    0    0  (Gen:  0)
  4309208       128  72591232  0.000  0.000 4398.906  673.314    0    0  (Gen:  0)
  1524000      8864     58224  0.000  0.010 4398.906  673.326    0    0  (Gen:  1)
     3840                      0.000  0.000

 528,754,405,344 bytes allocated in the heap
  31,238,960,584 bytes copied during GC
      72,636,264 bytes maximum residency (593 sample(s))
       3,819,448 bytes maximum slop
             188 MiB total memory in use (0 MB lost due to fragmentation)

                                     Tot time (elapsed)  Avg pause  Max pause
  Gen  0     21409 colls, 21409 par    3.547s   3.647s     0.0002s    0.0552s
  Gen  1       593 colls,   592 par   44.156s  15.554s     0.0262s    0.0668s

  Parallel GC work balance: 91.55% (serial 0%, perfect 100%)

  TASKS: 10 (1 bound, 9 peak workers (9 total), using -N8)

  SPARKS: 17 (17 converted, 0 overflowed, 0 dud, 0 GC'd, 0 fizzled)

  INIT    time    0.000s  (  0.003s elapsed)
  MUT     time  4351.203s  (654.121s elapsed)
  GC      time   39.141s  ( 10.514s elapsed)
  RP      time    0.000s  (  0.000s elapsed)
  PROF    time    8.562s  (  8.688s elapsed)
  EXIT    time    0.000s  (  0.000s elapsed)
  Total   time  4398.906s  (673.326s elapsed)

  Alloc rate    121,519,127 bytes per MUT second

  Productivity  99.1% of total user, 98.4% of total elapsed

